[2023-12-20T08:50:35.513-0800][55585958ms] GC(2809) Old regions: 181->181
[2023-12-20T08:50:35.513-0800][55585958ms] GC(2809) Humongous regions: 5->5
[2023-12-20T08:50:35.513-0800][55585958ms] GC(2809) Metaspace: 256502K->256502K(1294336K)
[2023-12-20T08:50:35.514-0800][55585959ms] GC(2809) Pause Young (Normal) (G1 Evacuation Pause) 1936M->430M(2612M) 31.732ms
[2023-12-20T08:50:35.514-0800][55585959ms] GC(2809) User=0.08s Sys=0.00s Real=0.03s
[2023-12-20T08:50:36.390-0800][55586835ms] GC(2810) Pause Young (Normal) (G1 Evacuation Pause)
[2023-12-20T08:50:36.390-0800][55586835ms] GC(2810) Using 10 workers of 10 for evacuation
[2023-12-20T08:50:36.419-0800][55586864ms] GC(2810)   Pre Evacuate Collection Set: 0.0ms
[2023-12-20T08:50:36.419-0800][55586864ms] GC(2810)   Evacuate Collection Set: 27.2ms
[2023-12-20T08:50:36.420-0800][55586865ms] GC(2810)   Post Evacuate Collection Set: 2.6ms
[2023-12-20T08:50:36.420-0800][55586865ms] GC(2810)   Other: 0.4ms
[2023-12-20T08:50:36.420-0800][55586865ms] GC(2810) Eden regions: 753->0(753)
[2023-12-20T08:50:36.420-0800][55586865ms] GC(2810) Survivor regions: 30->30(98)
[2023-12-20T08:50:36.420-0800][55586865ms] GC(2810) Old regions: 181->181
[2023-12-20T08:50:36.420-0800][55586865ms] GC(2810) Humongous regions: 5->5
[2023-12-20T08:50:36.420-0800][55586865ms] GC(2810) Metaspace: 256502K->256502K(1294336K)
[2023-12-20T08:50:36.420-0800][55586865ms] GC(2810) Pause Young (Normal) (G1 Evacuation Pause) 1936M->430M(2612M) 31.043ms
[2023-12-20T08:50:36.420-0800][55586865ms] GC(2810) User=0.09s Sys=0.00s Real=0.03s
[2023-12-20T08:50:37.378-0800][55587823ms] GC(2811) Pause Young (Normal) (G1 Evacuation Pause)
[2023-12-20T08:50:37.380-0800][55587825ms] GC(2811) Using 10 workers of 10 for evacuation
[2023-12-20T08:50:37.408-0800][55587853ms] GC(2811)   Pre Evacuate Collection Set: 0.0ms
[2023-12-20T08:50:37.408-0800][55587853ms] GC(2811)   Evacuate Collection Set: 26.3ms
[2023-12-20T08:50:37.408-0800][55587853ms] GC(2811)   Post Evacuate Collection Set: 2.5ms
[2023-12-20T08:50:37.408-0800][55587853ms] GC(2811)   Other: 0.4ms
[2023-12-20T08:50:37.408-0800][55587853ms] GC(2811) Eden regions: 753->0(753)
[2023-12-20T08:50:37.408-0800][55587853ms] GC(2811) Survivor regions: 30->30(98)
[2023-12-20T08:50:37.408-0800][55587853ms] GC(2811) Old regions: 181->181
[2023-12-20T08:50:37.408-0800][55587853ms] GC(2811) Humongous regions: 5->5
[2023-12-20T08:50:37.408-0800][55587853ms] GC(2811) Metaspace: 256502K->256502K(1294336K)
[2023-12-20T08:50:37.408-0800][55587853ms] GC(2811) Pause Young (Normal) (G1 Evacuation Pause) 1936M->430M(2612M) 29.262ms
[2023-12-20T08:50:37.408-0800][55587853ms] GC(2811) User=0.11s Sys=0.00s Real=0.03s
[2023-12-20T08:50:38.413-0800][55588858ms] GC(2812) Pause Young (Normal) (G1 Evacuation Pause)
[2023-12-20T08:50:38.414-0800][55588859ms] GC(2812) Using 10 workers of 10 for evacuation
[2023-12-20T08:50:38.443-0800][55588888ms] GC(2812)   Pre Evacuate Collection Set: 0.1ms
[2023-12-20T08:50:38.443-0800][55588888ms] GC(2812)   Evacuate Collection Set: 26.8ms
[2023-12-20T08:50:38.443-0800][55588888ms] GC(2812)   Post Evacuate Collection Set: 3.2ms
[2023-12-20T08:50:38.443-0800][55588888ms] GC(2812)   Other: 0.5ms
[2023-12-20T08:50:38.443-0800][55588888ms] GC(2812) Eden regions: 753->0(753)
[2023-12-20T08:50:38.443-0800][55588888ms] GC(2812) Survivor regions: 30->30(98)
[2023-12-20T08:50:38.443-0800][55588888ms] GC(2812) Old regions: 181->181
[2023-12-20T08:50:38.443-0800][55588888ms] GC(2812) Humongous regions: 5->5
[2023-12-20T08:50:38.443-0800][55588888ms] GC(2812) Metaspace: 256502K->256502K(1294336K)
[2023-12-20T08:50:38.443-0800][55588888ms] GC(2812) Pause Young (Normal) (G1 Evacuation Pause) 1936M->429M(2612M) 30.670ms
[2023-12-20T08:50:38.443-0800][55588888ms] GC(2812) User=0.11s Sys=0.00s Real=0.03s
[2023-12-20T08:50:39.295-0800][55589740ms] GC(2813) Pause Young (Normal) (G1 Evacuation Pause)
[2023-12-20T08:50:39.295-0800][55589740ms] GC(2813) Using 10 workers of 10 for evacuation
[2023-12-20T08:50:39.325-0800][55589770ms] GC(2813)   Pre Evacuate Collection Set: 0.0ms
[2023-12-20T08:50:39.325-0800][55589770ms] GC(2813)   Evacuate Collection Set: 25.9ms
[2023-12-20T08:50:39.325-0800][55589770ms] GC(2813)   Post Evacuate Collection Set: 2.9ms
[2023-12-20T08:50:39.325-0800][55589770ms] GC(2813)   Other: 0.4ms
[2023-12-20T08:50:39.325-0800][55589770ms] GC(2813) Eden regions: 753->0(753)
[2023-12-20T08:50:39.325-0800][55589770ms] GC(2813) Survivor regions: 30->30(98)
[2023-12-20T08:50:39.325-0800][55589770ms] GC(2813) Old regions: 181->181
[2023-12-20T08:50:39.325-0800][55589770ms] GC(2813) Humongous regions: 5->5
[2023-12-20T08:50:39.325-0800][55589770ms] GC(2813) Metaspace: 256502K->256502K(1294336K)
[2023-12-20T08:50:39.325-0800][55589770ms] GC(2813) Pause Young (Normal) (G1 Evacuation Pause) 1935M->430M(2612M) 29.439ms
[2023-12-20T08:50:39.325-0800][55589770ms] GC(2813) User=0.08s Sys=0.00s Real=0.03s
[2023-12-20T08:50:40.197-0800][55590642ms] GC(2814) Pause Young (Normal) (G1 Evacuation Pause)
[2023-12-20T08:50:40.197-0800][55590642ms] GC(2814) Using 10 workers of 10 for evacuation
[2023-12-20T08:50:40.225-0800][55590670ms] GC(2814)   Pre Evacuate Collection Set: 0.0ms
[2023-12-20T08:50:40.225-0800][55590670ms] GC(2814)   Evacuate Collection Set: 25.7ms
[2023-12-20T08:50:40.225-0800][55590670ms] GC(2814)   Post Evacuate Collection Set: 2.5ms
[2023-12-20T08:50:40.225-0800][55590670ms] GC(2814)   Other: 0.4ms
[2023-12-20T08:50:40.225-0800][55590670ms] GC(2814) Eden regions: 753->0(753)
[2023-12-20T08:50:40.225-0800][55590670ms] GC(2814) Survivor regions: 30->30(98)
[2023-12-20T08:50:40.225-0800][55590670ms] GC(2814) Old regions: 181->181
[2023-12-20T08:50:40.226-0800][55590671ms] GC(2814) Humongous regions: 5->5
[2023-12-20T08:50:40.226-0800][55590671ms] GC(2814) Metaspace: 256502K->256502K(1294336K)
[2023-12-20T08:50:40.226-0800][55590671ms] GC(2814) Pause Young (Normal) (G1 Evacuation Pause) 1936M->429M(2612M) 28.742ms
[2023-12-20T08:50:40.226-0800][55590671ms] GC(2814) User=0.06s Sys=0.00s Real=0.03s
[2023-12-20T08:50:41.099-0800][55591544ms] GC(2815) Pause Young (Normal) (G1 Evacuation Pause)
[2023-12-20T08:50:41.099-0800][55591544ms] GC(2815) Using 10 workers of 10 for evacuation
[2023-12-20T08:50:41.128-0800][55591573ms] GC(2815)   Pre Evacuate Collection Set: 0.0ms
[2023-12-20T08:50:41.128-0800][55591573ms] GC(2815)   Evacuate Collection Set: 25.6ms
[2023-12-20T08:50:41.128-0800][55591573ms] GC(2815)   Post Evacuate Collection Set: 2.4ms
[2023-12-20T08:50:41.128-0800][55591573ms] GC(2815)   Other: 0.3ms
[2023-12-20T08:50:41.128-0800][55591573ms] GC(2815) Eden regions: 753->0(753)
[2023-12-20T08:50:41.128-0800][55591573ms] GC(2815) Survivor regions: 30->30(98)
[2023-12-20T08:50:41.128-0800][55591573ms] GC(2815) Old regions: 181->181
[2023-12-20T08:50:41.128-0800][55591573ms] GC(2815) Humongous regions: 5->5
[2023-12-20T08:50:41.128-0800][55591573ms] GC(2815) Metaspace: 256502K->256502K(1294336K)
[2023-12-20T08:50:41.128-0800][55591573ms] GC(2815) Pause Young (Normal) (G1 Evacuation Pause) 1935M->429M(2612M) 28.555ms
[2023-12-20T08:50:41.128-0800][55591573ms] GC(2815) User=0.17s Sys=0.00s Real=0.03s
[2023-12-20T08:50:42.071-0800][55592516ms] GC(2816) Pause Young (Normal) (G1 Evacuation Pause)
[2023-12-20T08:50:42.071-0800][55592516ms] GC(2816) Using 10 workers of 10 for evacuation
[2023-12-20T08:50:42.099-0800][55592544ms] GC(2816)   Pre Evacuate Collection Set: 0.0ms
[2023-12-20T08:50:42.099-0800][55592544ms] GC(2816)   Evacuate Collection Set: 25.3ms
[2023-12-20T08:50:42.099-0800][55592544ms] GC(2816)   Post Evacuate Collection Set: 2.4ms
[2023-12-20T08:50:42.099-0800][55592544ms] GC(2816)   Other: 0.4ms
[2023-12-20T08:50:42.099-0800][55592544ms] GC(2816) Eden regions: 753->0(753)
[2023-12-20T08:50:42.099-0800][55592544ms] GC(2816) Survivor regions: 30->30(98)
[2023-12-20T08:50:42.099-0800][55592544ms] GC(2816) Old regions: 181->181
[2023-12-20T08:50:42.099-0800][55592544ms] GC(2816) Humongous regions: 5->5
[2023-12-20T08:50:42.099-0800][55592544ms] GC(2816) Metaspace: 256502K->256502K(1294336K)
[2023-12-20T08:50:42.099-0800][55592544ms] GC(2816) Pause Young (Normal) (G1 Evacuation Pause) 1935M->430M(2612M) 28.309ms
[2023-12-20T08:50:42.099-0800][55592544ms] GC(2816) User=0.03s Sys=0.00s Real=0.03s
[2023-12-20T08:50:42.919-0800][55593364ms] GC(2817) Pause Young (Normal) (G1 Evacuation Pause)
[2023-12-20T08:50:42.919-0800][55593364ms] GC(2817) Using 10 workers of 10 for evacuation
[2023-12-20T08:50:42.947-0800][55593392ms] GC(2817)   Pre Evacuate Collection Set: 0.0ms
[2023-12-20T08:50:42.947-0800][55593392ms] GC(2817)   Evacuate Collection Set: 25.1ms
[2023-12-20T08:50:42.947-0800][55593392ms] GC(2817)   Post Evacuate Collection Set: 2.5ms
[2023-12-20T08:50:42.947-0800][55593392ms] GC(2817)   Other: 0.4ms
[2023-12-20T08:50:42.947-0800][55593392ms] GC(2817) Eden regions: 753->0(753)
[2023-12-20T08:50:42.947-0800][55593392ms] GC(2817) Survivor regions: 30->30(98)
[2023-12-20T08:50:42.947-0800][55593392ms] GC(2817) Old regions: 181->181
[2023-12-20T08:50:42.947-0800][55593392ms] GC(2817) Humongous regions: 5->5
[2023-12-20T08:50:42.947-0800][55593392ms] GC(2817) Metaspace: 256502K->256502K(1294336K)
[2023-12-20T08:50:42.947-0800][55593392ms] GC(2817) Pause Young (Normal) (G1 Evacuation Pause) 1936M->430M(2612M) 28.269ms
[2023-12-20T08:50:42.947-0800][55593392ms] GC(2817) User=0.08s Sys=0.00s Real=0.03s
[2023-12-20T08:50:43.801-0800][55594246ms] GC(2818) Pause Young (Normal) (G1 Evacuation Pause)
[2023-12-20T08:50:43.801-0800][55594246ms] GC(2818) Using 10 workers of 10 for evacuation
[2023-12-20T08:50:43.830-0800][55594275ms] GC(2818)   Pre Evacuate Collection Set: 0.0ms
[2023-12-20T08:50:43.830-0800][55594275ms] GC(2818)   Evacuate Collection Set: 25.7ms
[2023-12-20T08:50:43.830-0800][55594275ms] GC(2818)   Post Evacuate Collection Set: 2.5ms
[2023-12-20T08:50:43.830-0800][55594275ms] GC(2818)   Other: 0.4ms
[2023-12-20T08:50:43.830-0800][55594275ms] GC(2818) Eden regions: 753->0(753)
[2023-12-20T08:50:43.830-0800][55594275ms] GC(2818) Survivor regions: 30->30(98)
[2023-12-20T08:50:43.830-0800][55594275ms] GC(2818) Old regions: 181->181
[2023-12-20T08:50:43.830-0800][55594275ms] GC(2818) Humongous regions: 5->5
[2023-12-20T08:50:43.830-0800][55594275ms] GC(2818) Metaspace: 256502K->256502K(1294336K)
[2023-12-20T08:50:43.830-0800][55594275ms] GC(2818) Pause Young (Normal) (G1 Evacuation Pause) 1936M->430M(2612M) 28.714ms
[2023-12-20T08:50:43.830-0800][55594275ms] GC(2818) User=0.09s Sys=0.00s Real=0.03s
[2023-12-20T08:50:44.734-0800][55595179ms] GC(2819) Pause Young (Normal) (G1 Evacuation Pause)
[2023-12-20T08:50:44.734-0800][55595179ms] GC(2819) Using 10 workers of 10 for evacuation
[2023-12-20T08:50:44.762-0800][55595207ms] GC(2819)   Pre Evacuate Collection Set: 0.0ms
[2023-12-20T08:50:44.762-0800][55595207ms] GC(2819)   Evacuate Collection Set: 25.3ms
[2023-12-20T08:50:44.762-0800][55595207ms] GC(2819)   Post Evacuate Collection Set: 2.5ms
[2023-12-20T08:50:44.762-0800][55595207ms] GC(2819)   Other: 0.4ms
[2023-12-20T08:50:44.762-0800][55595207ms] GC(2819) Eden regions: 753->0(751)
[2023-12-20T08:50:44.762-0800][55595207ms] GC(2819) Survivor regions: 30->32(98)
[2023-12-20T08:50:44.762-0800][55595207ms] GC(2819) Old regions: 181->181
[2023-12-20T08:50:44.762-0800][55595207ms] GC(2819) Humongous regions: 5->5
[2023-12-20T08:50:44.762-0800][55595207ms] GC(2819) Metaspace: 256502K->256502K(1294336K)
[2023-12-20T08:50:44.762-0800][55595207ms] GC(2819) Pause Young (Normal) (G1 Evacuation Pause) 1936M->433M(2612M) 28.409ms
[2023-12-20T08:50:44.762-0800][55595207ms] GC(2819) User=0.09s Sys=0.00s Real=0.03s
[2023-12-20T08:50:45.667-0800][55596112ms] GC(2820) Pause Young (Normal) (G1 Evacuation Pause)
[2023-12-20T08:50:45.667-0800][55596112ms] GC(2820) Using 10 workers of 10 for evacuation
[2023-12-20T08:50:45.695-0800][55596140ms] GC(2820)   Pre Evacuate Collection Set: 0.0ms
[2023-12-20T08:50:45.695-0800][55596140ms] GC(2820)   Evacuate Collection Set: 25.4ms
[2023-12-20T08:50:45.695-0800][55596140ms] GC(2820)   Post Evacuate Collection Set: 2.5ms
[2023-12-20T08:50:45.695-0800][55596140ms] GC(2820)   Other: 0.4ms
[2023-12-20T08:50:45.695-0800][55596140ms] GC(2820) Eden regions: 751->0(752)
[2023-12-20T08:50:45.695-0800][55596140ms] GC(2820) Survivor regions: 32->31(98)
[2023-12-20T08:50:45.695-0800][55596140ms] GC(2820) Old regions: 181->181
[2023-12-20T08:50:45.695-0800][55596140ms] GC(2820) Humongous regions: 5->5
[2023-12-20T08:50:45.695-0800][55596140ms] GC(2820) Metaspace: 256502K->256502K(1294336K)
[2023-12-20T08:50:45.695-0800][55596140ms] GC(2820) Pause Young (Normal) (G1 Evacuation Pause) 1935M->431M(2612M) 28.473ms
[2023-12-20T08:50:45.695-0800][55596140ms] GC(2820) User=0.06s Sys=0.00s Real=0.03s
[2023-12-20T08:50:46.471-0800][55596916ms] GC(2821) Pause Young (Normal) (G1 Evacuation Pause)
[2023-12-20T08:50:46.471-0800][55596916ms] GC(2821) Using 10 workers of 10 for evacuation
[2023-12-20T08:50:46.498-0800][55596943ms] GC(2821)   Pre Evacuate Collection Set: 0.0ms
[2023-12-20T08:50:46.498-0800][55596943ms] GC(2821)   Evacuate Collection Set: 24.8ms
[2023-12-20T08:50:46.498-0800][55596943ms] GC(2821)   Post Evacuate Collection Set: 2.5ms
[2023-12-20T08:50:46.498-0800][55596943ms] GC(2821)   Other: 0.4ms
[2023-12-20T08:50:46.498-0800][55596943ms] GC(2821) Eden regions: 752->0(752)
[2023-12-20T08:50:46.498-0800][55596943ms] GC(2821) Survivor regions: 31->31(98)
[2023-12-20T08:50:46.498-0800][55596943ms] GC(2821) Old regions: 181->181
[2023-12-20T08:50:46.498-0800][55596943ms] GC(2821) Humongous regions: 5->5
[2023-12-20T08:50:46.498-0800][55596943ms] GC(2821) Metaspace: 256502K->256502K(1294336K)
[2023-12-20T08:50:46.498-0800][55596943ms] GC(2821) Pause Young (Normal) (G1 Evacuation Pause) 1935M->431M(2612M) 27.843ms
[2023-12-20T08:50:46.498-0800][55596943ms] GC(2821) User=0.13s Sys=0.00s Real=0.03s
[2023-12-20T08:50:47.153-0800][55597598ms] GC(2822) Pause Young (Normal) (G1 Evacuation Pause)
[2023-12-20T08:50:47.153-0800][55597598ms] GC(2822) Using 10 workers of 10 for evacuation
[2023-12-20T08:50:47.180-0800][55597625ms] GC(2822)   Pre Evacuate Collection Set: 0.0ms
[2023-12-20T08:50:47.180-0800][55597625ms] GC(2822)   Evacuate Collection Set: 24.8ms
[2023-12-20T08:50:47.180-0800][55597625ms] GC(2822)   Post Evacuate Collection Set: 2.4ms
[2023-12-20T08:50:47.180-0800][55597625ms] GC(2822)   Other: 0.4ms
[2023-12-20T08:50:47.180-0800][55597625ms] GC(2822) Eden regions: 752->0(752)
[2023-12-20T08:50:47.180-0800][55597625ms] GC(2822) Survivor regions: 31->31(98)
[2023-12-20T08:50:47.180-0800][55597625ms] GC(2822) Old regions: 181->181
[2023-12-20T08:50:47.180-0800][55597625ms] GC(2822) Humongous regions: 5->5
[2023-12-20T08:50:47.180-0800][55597625ms] GC(2822) Metaspace: 256502K->256502K(1294336K)
[2023-12-20T08:50:47.180-0800][55597625ms] GC(2822) Pause Young (Normal) (G1 Evacuation Pause) 1935M->431M(2612M) 27.679ms
[2023-12-20T08:50:47.180-0800][55597625ms] GC(2822) User=0.08s Sys=0.00s Real=0.03s
[2023-12-20T08:50:47.788-0800][55598233ms] GC(2823) Pause Young (Normal) (G1 Evacuation Pause)
[2023-12-20T08:50:47.788-0800][55598233ms] GC(2823) Using 10 workers of 10 for evacuation
[2023-12-20T08:50:47.815-0800][55598260ms] GC(2823)   Pre Evacuate Collection Set: 0.0ms
[2023-12-20T08:50:47.815-0800][55598260ms] GC(2823)   Evacuate Collection Set: 24.4ms
[2023-12-20T08:50:47.815-0800][55598260ms] GC(2823)   Post Evacuate Collection Set: 2.5ms
[2023-12-20T08:50:47.815-0800][55598260ms] GC(2823)   Other: 0.4ms
[2023-12-20T08:50:47.815-0800][55598260ms] GC(2823) Eden regions: 752->0(753)
[2023-12-20T08:50:47.815-0800][55598260ms] GC(2823) Survivor regions: 31->30(98)
[2023-12-20T08:50:47.815-0800][55598260ms] GC(2823) Old regions: 181->181
[2023-12-20T08:50:47.815-0800][55598260ms] GC(2823) Humongous regions: 5->5
[2023-12-20T08:50:47.815-0800][55598260ms] GC(2823) Metaspace: 256502K->256502K(1294336K)
[2023-12-20T08:50:47.815-0800][55598260ms] GC(2823) Pause Young (Normal) (G1 Evacuation Pause) 1935M->430M(2612M) 27.390ms
[2023-12-20T08:50:47.815-0800][55598260ms] GC(2823) User=0.16s Sys=0.00s Real=0.03s
[2023-12-20T08:50:48.593-0800][55599038ms] GC(2824) Pause Young (Normal) (G1 Evacuation Pause)
[2023-12-20T08:50:48.593-0800][55599038ms] GC(2824) Using 10 workers of 10 for evacuation
[2023-12-20T08:50:48.620-0800][55599065ms] GC(2824)   Pre Evacuate Collection Set: 0.0ms
[2023-12-20T08:50:48.620-0800][55599065ms] GC(2824)   Evacuate Collection Set: 24.4ms
[2023-12-20T08:50:48.620-0800][55599065ms] GC(2824)   Post Evacuate Collection Set: 2.6ms
[2023-12-20T08:50:48.620-0800][55599065ms] GC(2824)   Other: 0.4ms
[2023-12-20T08:50:48.620-0800][55599065ms] GC(2824) Eden regions: 753->0(752)
[2023-12-20T08:50:48.620-0800][55599065ms] GC(2824) Survivor regions: 30->31(98)
[2023-12-20T08:50:48.620-0800][55599065ms] GC(2824) Old regions: 181->181
[2023-12-20T08:50:48.620-0800][55599065ms] GC(2824) Humongous regions: 5->5
[2023-12-20T08:50:48.620-0800][55599065ms] GC(2824) Metaspace: 256502K->256502K(1294336K)
[2023-12-20T08:50:48.620-0800][55599065ms] GC(2824) Pause Young (Normal) (G1 Evacuation Pause) 1936M->431M(2612M) 27.497ms
[2023-12-20T08:50:48.620-0800][55599065ms] GC(2824) User=0.08s Sys=0.00s Real=0.03s
[2023-12-20T08:50:49.453-0800][55599898ms] GC(2825) Pause Young (Normal) (GCLocker Initiated GC)
[2023-12-20T08:50:49.453-0800][55599898ms] GC(2825) Using 10 workers of 10 for evacuation
[2023-12-20T08:50:49.481-0800][55599926ms] GC(2825)   Pre Evacuate Collection Set: 0.0ms
[2023-12-20T08:50:49.481-0800][55599926ms] GC(2825)   Evacuate Collection Set: 25.4ms
[2023-12-20T08:50:49.481-0800][55599926ms] GC(2825)   Post Evacuate Collection Set: 2.4ms
[2023-12-20T08:50:49.481-0800][55599926ms] GC(2825)   Other: 0.4ms
[2023-12-20T08:50:49.481-0800][55599926ms] GC(2825) Eden regions: 753->0(752)
[2023-12-20T08:50:49.481-0800][55599926ms] GC(2825) Survivor regions: 31->31(98)
[2023-12-20T08:50:49.481-0800][55599926ms] GC(2825) Old regions: 181->181
[2023-12-20T08:50:49.481-0800][55599926ms] GC(2825) Humongous regions: 5->5
[2023-12-20T08:50:49.481-0800][55599926ms] GC(2825) Metaspace: 256502K->256502K(1294336K)
[2023-12-20T08:50:49.481-0800][55599926ms] GC(2825) Pause Young (Normal) (GCLocker Initiated GC) 1936M->433M(2612M) 28.319ms
[2023-12-20T08:50:49.481-0800][55599926ms] GC(2825) User=0.02s Sys=0.02s Real=0.03s
[2023-12-20T08:50:50.296-0800][55600741ms] GC(2826) Pause Young (Normal) (GCLocker Initiated GC)
[2023-12-20T08:50:50.296-0800][55600741ms] GC(2826) Using 10 workers of 10 for evacuation
[2023-12-20T08:50:50.323-0800][55600768ms] GC(2826)   Pre Evacuate Collection Set: 0.0ms
[2023-12-20T08:50:50.323-0800][55600768ms] GC(2826)   Evacuate Collection Set: 24.5ms
[2023-12-20T08:50:50.323-0800][55600768ms] GC(2826)   Post Evacuate Collection Set: 2.5ms
[2023-12-20T08:50:50.323-0800][55600768ms] GC(2826)   Other: 0.4ms
[2023-12-20T08:50:50.323-0800][55600768ms] GC(2826) Eden regions: 753->0(752)
[2023-12-20T08:50:50.323-0800][55600768ms] GC(2826) Survivor regions: 31->31(98)
[2023-12-20T08:50:50.323-0800][55600768ms] GC(2826) Old regions: 181->181
[2023-12-20T08:50:50.323-0800][55600768ms] GC(2826) Humongous regions: 5->5
[2023-12-20T08:50:50.323-0800][55600768ms] GC(2826) Metaspace: 256502K->256502K(1294336K)
[2023-12-20T08:50:50.323-0800][55600768ms] GC(2826) Pause Young (Normal) (GCLocker Initiated GC) 1938M->433M(2612M) 27.519ms
[2023-12-20T08:50:50.323-0800][55600768ms] GC(2826) User=0.08s Sys=0.00s Real=0.03s
[2023-12-20T08:50:51.099-0800][55601544ms] GC(2827) Pause Young (Normal) (GCLocker Initiated GC)
[2023-12-20T08:50:51.099-0800][55601544ms] GC(2827) Using 10 workers of 10 for evacuation
[2023-12-20T08:50:51.131-0800][55601576ms] GC(2827)   Pre Evacuate Collection Set: 0.1ms
[2023-12-20T08:50:51.131-0800][55601576ms] GC(2827)   Evacuate Collection Set: 28.1ms
[2023-12-20T08:50:51.131-0800][55601576ms] GC(2827)   Post Evacuate Collection Set: 4.3ms
[2023-12-20T08:50:51.131-0800][55601576ms] GC(2827)   Other: 0.6ms
[2023-12-20T08:50:51.131-0800][55601576ms] GC(2827) Eden regions: 753->0(752)
[2023-12-20T08:50:51.131-0800][55601576ms] GC(2827) Survivor regions: 31->31(98)
[2023-12-20T08:50:51.131-0800][55601576ms] GC(2827) Old regions: 181->181
[2023-12-20T08:50:51.132-0800][55601577ms] GC(2827) Humongous regions: 5->5
[2023-12-20T08:50:51.132-0800][55601577ms] GC(2827) Metaspace: 256502K->256502K(1294336K)
[2023-12-20T08:50:51.132-0800][55601577ms] GC(2827) Pause Young (Normal) (GCLocker Initiated GC) 1938M->432M(2612M) 33.207ms
[2023-12-20T08:50:51.132-0800][55601577ms] GC(2827) User=0.25s Sys=0.00s Real=0.03s
[2023-12-20T08:50:51.957-0800][55602402ms] GC(2828) Pause Young (Normal) (G1 Evacuation Pause)
[2023-12-20T08:50:51.957-0800][55602402ms] GC(2828) Using 10 workers of 10 for evacuation
[2023-12-20T08:50:51.985-0800][55602430ms] GC(2828)   Pre Evacuate Collection Set: 0.0ms
[2023-12-20T08:50:51.985-0800][55602430ms] GC(2828)   Evacuate Collection Set: 25.3ms
[2023-12-20T08:50:51.985-0800][55602430ms] GC(2828)   Post Evacuate Collection Set: 2.4ms
[2023-12-20T08:50:51.985-0800][55602430ms] GC(2828)   Other: 0.4ms
[2023-12-20T08:50:51.985-0800][55602430ms] GC(2828) Eden regions: 752->0(752)
[2023-12-20T08:50:51.985-0800][55602430ms] GC(2828) Survivor regions: 31->31(98)
[2023-12-20T08:50:51.985-0800][55602430ms] GC(2828) Old regions: 181->181
[2023-12-20T08:50:51.985-0800][55602430ms] GC(2828) Humongous regions: 5->5
[2023-12-20T08:50:51.985-0800][55602430ms] GC(2828) Metaspace: 256502K->256502K(1294336K)
[2023-12-20T08:50:51.985-0800][55602430ms] GC(2828) Pause Young (Normal) (G1 Evacuation Pause) 1936M->433M(2612M) 28.329ms
[2023-12-20T08:50:51.985-0800][55602430ms] GC(2828) User=0.08s Sys=0.00s Real=0.03s
[2023-12-20T08:50:52.867-0800][55603312ms] GC(2829) Pause Young (Normal) (G1 Evacuation Pause)
[2023-12-20T08:50:52.867-0800][55603312ms] GC(2829) Using 10 workers of 10 for evacuation
[2023-12-20T08:50:52.895-0800][55603340ms] GC(2829)   Pre Evacuate Collection Set: 0.0ms
[2023-12-20T08:50:52.895-0800][55603340ms] GC(2829)   Evacuate Collection Set: 25.2ms
[2023-12-20T08:50:52.895-0800][55603340ms] GC(2829)   Post Evacuate Collection Set: 2.6ms
[2023-12-20T08:50:52.895-0800][55603340ms] GC(2829)   Other: 0.3ms
[2023-12-20T08:50:52.895-0800][55603340ms] GC(2829) Eden regions: 752->0(752)
[2023-12-20T08:50:52.895-0800][55603340ms] GC(2829) Survivor regions: 31->31(98)
[2023-12-20T08:50:52.895-0800][55603340ms] GC(2829) Old regions: 181->181
[2023-12-20T08:50:52.895-0800][55603340ms] GC(2829) Humongous regions: 5->5
[2023-12-20T08:50:52.895-0800][55603340ms] GC(2829) Metaspace: 256502K->256502K(1294336K)
[2023-12-20T08:50:52.895-0800][55603340ms] GC(2829) Pause Young (Normal) (G1 Evacuation Pause) 1937M->432M(2612M) 28.295ms
[2023-12-20T08:50:52.895-0800][55603340ms] GC(2829) User=0.06s Sys=0.00s Real=0.03s
[2023-12-20T08:50:53.655-0800][55604100ms] GC(2830) Pause Young (Normal) (G1 Evacuation Pause)
[2023-12-20T08:50:53.655-0800][55604100ms] GC(2830) Using 10 workers of 10 for evacuation
[2023-12-20T08:50:53.683-0800][55604128ms] GC(2830)   Pre Evacuate Collection Set: 0.1ms
[2023-12-20T08:50:53.683-0800][55604128ms] GC(2830)   Evacuate Collection Set: 25.1ms
[2023-12-20T08:50:53.683-0800][55604128ms] GC(2830)   Post Evacuate Collection Set: 2.4ms
[2023-12-20T08:50:53.683-0800][55604128ms] GC(2830)   Other: 0.4ms
[2023-12-20T08:50:53.683-0800][55604128ms] GC(2830) Eden regions: 752->0(752)
[2023-12-20T08:50:53.683-0800][55604128ms] GC(2830) Survivor regions: 31->31(98)
[2023-12-20T08:50:53.683-0800][55604128ms] GC(2830) Old regions: 181->181
[2023-12-20T08:50:53.683-0800][55604128ms] GC(2830) Humongous regions: 5->5
[2023-12-20T08:50:53.683-0800][55604128ms] GC(2830) Metaspace: 256502K->256502K(1294336K)
[2023-12-20T08:50:53.683-0800][55604128ms] GC(2830) Pause Young (Normal) (G1 Evacuation Pause) 1936M->432M(2612M) 28.113ms
[2023-12-20T08:50:53.683-0800][55604128ms] GC(2830) User=0.13s Sys=0.00s Real=0.03s
[2023-12-20T08:50:54.418-0800][55604863ms] GC(2831) Pause Young (Normal) (G1 Evacuation Pause)
[2023-12-20T08:50:54.418-0800][55604863ms] GC(2831) Using 10 workers of 10 for evacuation
[2023-12-20T08:50:54.447-0800][55604892ms] GC(2831)   Pre Evacuate Collection Set: 0.0ms
[2023-12-20T08:50:54.447-0800][55604892ms] GC(2831)   Evacuate Collection Set: 26.0ms
[2023-12-20T08:50:54.447-0800][55604892ms] GC(2831)   Post Evacuate Collection Set: 2.6ms
[2023-12-20T08:50:54.447-0800][55604892ms] GC(2831)   Other: 0.4ms
[2023-12-20T08:50:54.447-0800][55604892ms] GC(2831) Eden regions: 752->0(752)
[2023-12-20T08:50:54.447-0800][55604892ms] GC(2831) Survivor regions: 31->31(98)
[2023-12-20T08:50:54.447-0800][55604892ms] GC(2831) Old regions: 181->181
[2023-12-20T08:50:54.447-0800][55604892ms] GC(2831) Humongous regions: 5->5
[2023-12-20T08:50:54.447-0800][55604892ms] GC(2831) Metaspace: 256502K->256502K(1294336K)
[2023-12-20T08:50:54.447-0800][55604892ms] GC(2831) Pause Young (Normal) (G1 Evacuation Pause) 1936M->432M(2612M) 29.274ms
[2023-12-20T08:50:54.447-0800][55604892ms] GC(2831) User=0.11s Sys=0.00s Real=0.03s
[2023-12-20T08:50:55.283-0800][55605728ms] GC(2832) Pause Young (Normal) (G1 Evacuation Pause)
[2023-12-20T08:50:55.283-0800][55605728ms] GC(2832) Using 10 workers of 10 for evacuation
[2023-12-20T08:50:55.312-0800][55605757ms] GC(2832)   Pre Evacuate Collection Set: 0.1ms
[2023-12-20T08:50:55.312-0800][55605757ms] GC(2832)   Evacuate Collection Set: 26.1ms
[2023-12-20T08:50:55.312-0800][55605757ms] GC(2832)   Post Evacuate Collection Set: 3.2ms
[2023-12-20T08:50:55.312-0800][55605757ms] GC(2832)   Other: 0.4ms
[2023-12-20T08:50:55.312-0800][55605757ms] GC(2832) Eden regions: 752->0(753)
[2023-12-20T08:50:55.312-0800][55605757ms] GC(2832) Survivor regions: 31->30(98)
[2023-12-20T08:50:55.312-0800][55605757ms] GC(2832) Old regions: 181->181
[2023-12-20T08:50:55.312-0800][55605757ms] GC(2832) Humongous regions: 5->5
[2023-12-20T08:50:55.312-0800][55605757ms] GC(2832) Metaspace: 256502K->256502K(1294336K)
[2023-12-20T08:50:55.312-0800][55605757ms] GC(2832) Pause Young (Normal) (G1 Evacuation Pause) 1936M->431M(2612M) 29.821ms
[2023-12-20T08:50:55.312-0800][55605757ms] GC(2832) User=0.09s Sys=0.00s Real=0.03s
[2023-12-20T08:50:55.888-0800][55606333ms] GC(2833) Pause Young (Normal) (G1 Evacuation Pause)
[2023-12-20T08:50:55.888-0800][55606333ms] GC(2833) Using 10 workers of 10 for evacuation
[2023-12-20T08:50:55.921-0800][55606366ms] GC(2833)   Pre Evacuate Collection Set: 0.1ms
[2023-12-20T08:50:55.921-0800][55606366ms] GC(2833)   Evacuate Collection Set: 28.5ms
[2023-12-20T08:50:55.921-0800][55606366ms] GC(2833)   Post Evacuate Collection Set: 3.1ms
[2023-12-20T08:50:55.921-0800][55606366ms] GC(2833)   Other: 0.5ms
[2023-12-20T08:50:55.921-0800][55606366ms] GC(2833) Eden regions: 753->0(754)
[2023-12-20T08:50:55.921-0800][55606366ms] GC(2833) Survivor regions: 30->29(98)
[2023-12-20T08:50:55.921-0800][55606366ms] GC(2833) Old regions: 181->181
[2023-12-20T08:50:55.921-0800][55606366ms] GC(2833) Humongous regions: 5->5
[2023-12-20T08:50:55.921-0800][55606366ms] GC(2833) Metaspace: 256502K->256502K(1294336K)
[2023-12-20T08:50:55.921-0800][55606366ms] GC(2833) Pause Young (Normal) (G1 Evacuation Pause) 1937M->429M(2612M) 32.211ms
[2023-12-20T08:50:55.921-0800][55606366ms] GC(2833) User=0.09s Sys=0.00s Real=0.03s
[2023-12-20T08:50:56.676-0800][55607121ms] GC(2834) Pause Young (Normal) (G1 Evacuation Pause)
[2023-12-20T08:50:56.676-0800][55607121ms] GC(2834) Using 10 workers of 10 for evacuation
[2023-12-20T08:50:56.713-0800][55607158ms] GC(2834)   Pre Evacuate Collection Set: 0.1ms
[2023-12-20T08:50:56.713-0800][55607158ms] GC(2834)   Evacuate Collection Set: 32.8ms
[2023-12-20T08:50:56.713-0800][55607158ms] GC(2834)   Post Evacuate Collection Set: 4.1ms
[2023-12-20T08:50:56.714-0800][55607159ms] GC(2834)   Other: 0.6ms
[2023-12-20T08:50:56.714-0800][55607159ms] GC(2834) Eden regions: 754->0(753)
[2023-12-20T08:50:56.714-0800][55607159ms] GC(2834) Survivor regions: 29->30(98)
[2023-12-20T08:50:56.714-0800][55607159ms] GC(2834) Old regions: 181->181
[2023-12-20T08:50:56.714-0800][55607159ms] GC(2834) Humongous regions: 5->5
[2023-12-20T08:50:56.714-0800][55607159ms] GC(2834) Metaspace: 256502K->256502K(1294336K)
[2023-12-20T08:50:56.714-0800][55607159ms] GC(2834) Pause Young (Normal) (G1 Evacuation Pause) 1937M->431M(2612M) 37.723ms
[2023-12-20T08:50:56.714-0800][55607159ms] GC(2834) User=0.09s Sys=0.00s Real=0.04s
[2023-12-20T08:50:57.419-0800][55607864ms] GC(2835) Pause Young (Normal) (G1 Evacuation Pause)
[2023-12-20T08:50:57.419-0800][55607864ms] GC(2835) Using 10 workers of 10 for evacuation
[2023-12-20T08:50:57.446-0800][55607891ms] GC(2835)   Pre Evacuate Collection Set: 0.0ms
[2023-12-20T08:50:57.446-0800][55607891ms] GC(2835)   Evacuate Collection Set: 24.1ms
[2023-12-20T08:50:57.446-0800][55607891ms] GC(2835)   Post Evacuate Collection Set: 2.7ms
[2023-12-20T08:50:57.446-0800][55607891ms] GC(2835)   Other: 0.3ms
[2023-12-20T08:50:57.446-0800][55607891ms] GC(2835) Eden regions: 753->0(753)
[2023-12-20T08:50:57.446-0800][55607891ms] GC(2835) Survivor regions: 30->30(98)
[2023-12-20T08:50:57.446-0800][55607891ms] GC(2835) Old regions: 181->181
[2023-12-20T08:50:57.446-0800][55607891ms] GC(2835) Humongous regions: 5->5
[2023-12-20T08:50:57.446-0800][55607891ms] GC(2835) Metaspace: 256502K->256502K(1294336K)
[2023-12-20T08:50:57.446-0800][55607891ms] GC(2835) Pause Young (Normal) (G1 Evacuation Pause) 1937M->431M(2612M) 27.271ms
[2023-12-20T08:50:57.446-0800][55607891ms] GC(2835) User=0.08s Sys=0.00s Real=0.03s
[2023-12-20T08:50:58.182-0800][55608627ms] GC(2836) Pause Young (Normal) (G1 Evacuation Pause)
[2023-12-20T08:50:58.182-0800][55608627ms] GC(2836) Using 10 workers of 10 for evacuation
[2023-12-20T08:50:58.210-0800][55608655ms] GC(2836)   Pre Evacuate Collection Set: 0.0ms
[2023-12-20T08:50:58.210-0800][55608655ms] GC(2836)   Evacuate Collection Set: 24.6ms
[2023-12-20T08:50:58.210-0800][55608655ms] GC(2836)   Post Evacuate Collection Set: 2.5ms
[2023-12-20T08:50:58.211-0800][55608656ms] GC(2836)   Other: 0.3ms
[2023-12-20T08:50:58.211-0800][55608656ms] GC(2836) Eden regions: 753->0(753)
[2023-12-20T08:50:58.211-0800][55608656ms] GC(2836) Survivor regions: 30->30(98)
[2023-12-20T08:50:58.211-0800][55608656ms] GC(2836) Old regions: 181->181
[2023-12-20T08:50:58.211-0800][55608656ms] GC(2836) Humongous regions: 5->5
[2023-12-20T08:50:58.211-0800][55608656ms] GC(2836) Metaspace: 256502K->256502K(1294336K)
[2023-12-20T08:50:58.211-0800][55608656ms] GC(2836) Pause Young (Normal) (G1 Evacuation Pause) 1937M->431M(2612M) 27.655ms
[2023-12-20T08:50:58.211-0800][55608656ms] GC(2836) User=0.11s Sys=0.00s Real=0.03s
[2023-12-20T08:50:58.994-0800][55609439ms] GC(2837) Pause Young (Normal) (G1 Evacuation Pause)
[2023-12-20T08:50:58.994-0800][55609439ms] GC(2837) Using 10 workers of 10 for evacuation
[2023-12-20T08:50:59.023-0800][55609468ms] GC(2837)   Pre Evacuate Collection Set: 0.0ms
[2023-12-20T08:50:59.023-0800][55609468ms] GC(2837)   Evacuate Collection Set: 26.0ms
[2023-12-20T08:50:59.023-0800][55609468ms] GC(2837)   Post Evacuate Collection Set: 2.6ms
[2023-12-20T08:50:59.023-0800][55609468ms] GC(2837)   Other: 0.4ms
[2023-12-20T08:50:59.023-0800][55609468ms] GC(2837) Eden regions: 753->0(753)
[2023-12-20T08:50:59.023-0800][55609468ms] GC(2837) Survivor regions: 30->30(98)
[2023-12-20T08:50:59.023-0800][55609468ms] GC(2837) Old regions: 181->181
[2023-12-20T08:50:59.023-0800][55609468ms] GC(2837) Humongous regions: 5->5
[2023-12-20T08:50:59.023-0800][55609468ms] GC(2837) Metaspace: 256502K->256502K(1294336K)
[2023-12-20T08:50:59.023-0800][55609468ms] GC(2837) Pause Young (Normal) (G1 Evacuation Pause) 1937M->431M(2612M) 29.067ms
[2023-12-20T08:50:59.023-0800][55609468ms] GC(2837) User=0.06s Sys=0.00s Real=0.03s
[2023-12-20T08:50:59.574-0800][55610019ms] GC(2838) Pause Young (Normal) (G1 Evacuation Pause)
[2023-12-20T08:50:59.574-0800][55610019ms] GC(2838) Using 10 workers of 10 for evacuation
[2023-12-20T08:50:59.601-0800][55610046ms] GC(2838)   Pre Evacuate Collection Set: 0.0ms
[2023-12-20T08:50:59.601-0800][55610046ms] GC(2838)   Evacuate Collection Set: 24.3ms
[2023-12-20T08:50:59.601-0800][55610046ms] GC(2838)   Post Evacuate Collection Set: 2.9ms
[2023-12-20T08:50:59.601-0800][55610046ms] GC(2838)   Other: 0.4ms
[2023-12-20T08:50:59.601-0800][55610046ms] GC(2838) Eden regions: 753->0(753)
[2023-12-20T08:50:59.601-0800][55610046ms] GC(2838) Survivor regions: 30->30(98)
[2023-12-20T08:50:59.601-0800][55610046ms] GC(2838) Old regions: 181->181
[2023-12-20T08:50:59.601-0800][55610046ms] GC(2838) Humongous regions: 5->5
[2023-12-20T08:50:59.601-0800][55610046ms] GC(2838) Metaspace: 256502K->256502K(1294336K)
[2023-12-20T08:50:59.601-0800][55610046ms] GC(2838) Pause Young (Normal) (G1 Evacuation Pause) 1937M->431M(2612M) 27.908ms
[2023-12-20T08:50:59.601-0800][55610046ms] GC(2838) User=0.06s Sys=0.00s Real=0.03s
[2023-12-20T08:51:00.437-0800][55610882ms] GC(2839) Pause Young (Normal) (G1 Evacuation Pause)
[2023-12-20T08:51:00.437-0800][55610882ms] GC(2839) Using 10 workers of 10 for evacuation
[2023-12-20T08:51:00.465-0800][55610910ms] GC(2839)   Pre Evacuate Collection Set: 0.0ms
[2023-12-20T08:51:00.465-0800][55610910ms] GC(2839)   Evacuate Collection Set: 25.2ms
[2023-12-20T08:51:00.465-0800][55610910ms] GC(2839)   Post Evacuate Collection Set: 2.5ms
[2023-12-20T08:51:00.465-0800][55610910ms] GC(2839)   Other: 0.4ms
[2023-12-20T08:51:00.465-0800][55610910ms] GC(2839) Eden regions: 753->0(753)
[2023-12-20T08:51:00.465-0800][55610910ms] GC(2839) Survivor regions: 30->30(98)
[2023-12-20T08:51:00.465-0800][55610910ms] GC(2839) Old regions: 181->181
[2023-12-20T08:51:00.465-0800][55610910ms] GC(2839) Humongous regions: 5->5
[2023-12-20T08:51:00.465-0800][55610910ms] GC(2839) Metaspace: 256502K->256502K(1294336K)
[2023-12-20T08:51:00.465-0800][55610910ms] GC(2839) Pause Young (Normal) (G1 Evacuation Pause) 1937M->431M(2612M) 28.343ms
[2023-12-20T08:51:00.465-0800][55610910ms] GC(2839) User=0.11s Sys=0.00s Real=0.03s
[2023-12-20T08:51:01.441-0800][55611886ms] GC(2840) Pause Young (Normal) (G1 Evacuation Pause)
[2023-12-20T08:51:01.441-0800][55611886ms] GC(2840) Using 10 workers of 10 for evacuation
[2023-12-20T08:51:01.469-0800][55611914ms] GC(2840)   Pre Evacuate Collection Set: 0.0ms
[2023-12-20T08:51:01.469-0800][55611914ms] GC(2840)   Evacuate Collection Set: 25.8ms
[2023-12-20T08:51:01.469-0800][55611914ms] GC(2840)   Post Evacuate Collection Set: 2.2ms
[2023-12-20T08:51:01.469-0800][55611914ms] GC(2840)   Other: 0.4ms
[2023-12-20T08:51:01.469-0800][55611914ms] GC(2840) Eden regions: 753->0(753)
[2023-12-20T08:51:01.469-0800][55611914ms] GC(2840) Survivor regions: 30->30(98)
[2023-12-20T08:51:01.469-0800][55611914ms] GC(2840) Old regions: 181->181
[2023-12-20T08:51:01.469-0800][55611914ms] GC(2840) Humongous regions: 5->5
[2023-12-20T08:51:01.469-0800][55611914ms] GC(2840) Metaspace: 256502K->256502K(1294336K)
[2023-12-20T08:51:01.469-0800][55611914ms] GC(2840) Pause Young (Normal) (G1 Evacuation Pause) 1937M->431M(2612M) 28.580ms
[2023-12-20T08:51:01.469-0800][55611914ms] GC(2840) User=0.08s Sys=0.00s Real=0.03s
[2023-12-20T08:51:02.231-0800][55612676ms] GC(2841) Pause Young (Normal) (G1 Evacuation Pause)
[2023-12-20T08:51:02.231-0800][55612676ms] GC(2841) Using 10 workers of 10 for evacuation
[2023-12-20T08:51:02.262-0800][55612707ms] GC(2841)   Pre Evacuate Collection Set: 0.1ms
[2023-12-20T08:51:02.262-0800][55612707ms] GC(2841)   Evacuate Collection Set: 26.8ms
[2023-12-20T08:51:02.262-0800][55612707ms] GC(2841)   Post Evacuate Collection Set: 3.7ms
[2023-12-20T08:51:02.262-0800][55612707ms] GC(2841)   Other: 0.5ms
[2023-12-20T08:51:02.262-0800][55612707ms] GC(2841) Eden regions: 753->0(753)
[2023-12-20T08:51:02.262-0800][55612707ms] GC(2841) Survivor regions: 30->30(98)
[2023-12-20T08:51:02.262-0800][55612707ms] GC(2841) Old regions: 181->181
[2023-12-20T08:51:02.262-0800][55612707ms] GC(2841) Humongous regions: 5->5
[2023-12-20T08:51:02.262-0800][55612707ms] GC(2841) Metaspace: 256502K->256502K(1294336K)
[2023-12-20T08:51:02.262-0800][55612707ms] GC(2841) Pause Young (Normal) (G1 Evacuation Pause) 1937M->431M(2612M) 31.227ms
[2023-12-20T08:51:02.262-0800][55612707ms] GC(2841) User=0.14s Sys=0.00s Real=0.03s
[2023-12-20T08:51:03.104-0800][55613549ms] GC(2842) Pause Young (Normal) (G1 Evacuation Pause)
[2023-12-20T08:51:03.104-0800][55613549ms] GC(2842) Using 10 workers of 10 for evacuation
[2023-12-20T08:51:03.135-0800][55613580ms] GC(2842)   Pre Evacuate Collection Set: 0.0ms
[2023-12-20T08:51:03.135-0800][55613580ms] GC(2842)   Evacuate Collection Set: 28.7ms
[2023-12-20T08:51:03.135-0800][55613580ms] GC(2842)   Post Evacuate Collection Set: 2.8ms
[2023-12-20T08:51:03.135-0800][55613580ms] GC(2842)   Other: 0.4ms
[2023-12-20T08:51:03.135-0800][55613580ms] GC(2842) Eden regions: 753->0(753)
[2023-12-20T08:51:03.135-0800][55613580ms] GC(2842) Survivor regions: 30->30(98)
[2023-12-20T08:51:03.135-0800][55613580ms] GC(2842) Old regions: 181->181
[2023-12-20T08:51:03.135-0800][55613580ms] GC(2842) Humongous regions: 5->5
[2023-12-20T08:51:03.135-0800][55613580ms] GC(2842) Metaspace: 256502K->256502K(1294336K)
[2023-12-20T08:51:03.135-0800][55613580ms] GC(2842) Pause Young (Normal) (G1 Evacuation Pause) 1937M->431M(2612M) 32.064ms
[2023-12-20T08:51:03.135-0800][55613580ms] GC(2842) User=0.11s Sys=0.00s Real=0.03s
[2023-12-20T08:51:03.945-0800][55614390ms] GC(2843) Pause Young (Normal) (G1 Evacuation Pause)
[2023-12-20T08:51:03.945-0800][55614390ms] GC(2843) Using 10 workers of 10 for evacuation
[2023-12-20T08:51:03.973-0800][55614418ms] GC(2843)   Pre Evacuate Collection Set: 0.0ms
[2023-12-20T08:51:03.973-0800][55614418ms] GC(2843)   Evacuate Collection Set: 25.1ms
[2023-12-20T08:51:03.973-0800][55614418ms] GC(2843)   Post Evacuate Collection Set: 2.5ms
[2023-12-20T08:51:03.973-0800][55614418ms] GC(2843)   Other: 0.4ms
[2023-12-20T08:51:03.973-0800][55614418ms] GC(2843) Eden regions: 753->0(752)
[2023-12-20T08:51:03.973-0800][55614418ms] GC(2843) Survivor regions: 30->31(98)
[2023-12-20T08:51:03.973-0800][55614418ms] GC(2843) Old regions: 181->181
[2023-12-20T08:51:03.973-0800][55614418ms] GC(2843) Humongous regions: 5->5
[2023-12-20T08:51:03.973-0800][55614418ms] GC(2843) Metaspace: 256502K->256502K(1294336K)
[2023-12-20T08:51:03.973-0800][55614418ms] GC(2843) Pause Young (Normal) (G1 Evacuation Pause) 1937M->432M(2612M) 28.116ms
[2023-12-20T08:51:03.973-0800][55614418ms] GC(2843) User=0.06s Sys=0.00s Real=0.03s
[2023-12-20T08:51:04.904-0800][55615349ms] GC(2844) Pause Young (Normal) (G1 Evacuation Pause)
[2023-12-20T08:51:04.904-0800][55615349ms] GC(2844) Using 10 workers of 10 for evacuation
[2023-12-20T08:51:04.935-0800][55615380ms] GC(2844)   Pre Evacuate Collection Set: 0.1ms
[2023-12-20T08:51:04.935-0800][55615380ms] GC(2844)   Evacuate Collection Set: 28.3ms
[2023-12-20T08:51:04.935-0800][55615380ms] GC(2844)   Post Evacuate Collection Set: 3.5ms
[2023-12-20T08:51:04.935-0800][55615380ms] GC(2844)   Other: 0.6ms
[2023-12-20T08:51:04.935-0800][55615380ms] GC(2844) Eden regions: 752->0(754)
[2023-12-20T08:51:04.935-0800][55615380ms] GC(2844) Survivor regions: 31->29(98)
[2023-12-20T08:51:04.935-0800][55615380ms] GC(2844) Old regions: 181->181
[2023-12-20T08:51:04.935-0800][55615380ms] GC(2844) Humongous regions: 5->5
[2023-12-20T08:51:04.935-0800][55615380ms] GC(2844) Metaspace: 256502K->256502K(1294336K)
[2023-12-20T08:51:04.935-0800][55615380ms] GC(2844) Pause Young (Normal) (G1 Evacuation Pause) 1936M->429M(2612M) 32.630ms
[2023-12-20T08:51:04.936-0800][55615381ms] GC(2844) User=0.14s Sys=0.02s Real=0.03s
[2023-12-20T08:51:06.006-0800][55616451ms] GC(2845) Pause Young (Normal) (G1 Evacuation Pause)
[2023-12-20T08:51:06.006-0800][55616451ms] GC(2845) Using 10 workers of 10 for evacuation
[2023-12-20T08:51:06.035-0800][55616480ms] GC(2845)   Pre Evacuate Collection Set: 0.1ms
[2023-12-20T08:51:06.035-0800][55616480ms] GC(2845)   Evacuate Collection Set: 26.2ms
[2023-12-20T08:51:06.035-0800][55616480ms] GC(2845)   Post Evacuate Collection Set: 2.5ms
[2023-12-20T08:51:06.035-0800][55616480ms] GC(2845)   Other: 0.4ms
[2023-12-20T08:51:06.035-0800][55616480ms] GC(2845) Eden regions: 754->0(753)
[2023-12-20T08:51:06.035-0800][55616480ms] GC(2845) Survivor regions: 29->30(98)
[2023-12-20T08:51:06.035-0800][55616480ms] GC(2845) Old regions: 181->181
[2023-12-20T08:51:06.035-0800][55616480ms] GC(2845) Humongous regions: 5->5
[2023-12-20T08:51:06.035-0800][55616480ms] GC(2845) Metaspace: 256502K->256502K(1294336K)
[2023-12-20T08:51:06.035-0800][55616480ms] GC(2845) Pause Young (Normal) (G1 Evacuation Pause) 1937M->431M(2612M) 29.342ms
[2023-12-20T08:51:06.035-0800][55616480ms] GC(2845) User=0.16s Sys=0.00s Real=0.03s
[2023-12-20T08:51:06.833-0800][55617278ms] GC(2846) Pause Young (Normal) (G1 Evacuation Pause)
[2023-12-20T08:51:06.833-0800][55617278ms] GC(2846) Using 10 workers of 10 for evacuation
[2023-12-20T08:51:06.861-0800][55617306ms] GC(2846)   Pre Evacuate Collection Set: 0.1ms
[2023-12-20T08:51:06.861-0800][55617306ms] GC(2846)   Evacuate Collection Set: 25.6ms
[2023-12-20T08:51:06.861-0800][55617306ms] GC(2846)   Post Evacuate Collection Set: 2.4ms
[2023-12-20T08:51:06.861-0800][55617306ms] GC(2846)   Other: 0.4ms
[2023-12-20T08:51:06.861-0800][55617306ms] GC(2846) Eden regions: 753->0(753)
[2023-12-20T08:51:06.861-0800][55617306ms] GC(2846) Survivor regions: 30->30(98)
[2023-12-20T08:51:06.861-0800][55617306ms] GC(2846) Old regions: 181->181
[2023-12-20T08:51:06.861-0800][55617306ms] GC(2846) Humongous regions: 5->5
[2023-12-20T08:51:06.861-0800][55617306ms] GC(2846) Metaspace: 256502K->256502K(1294336K)
[2023-12-20T08:51:06.861-0800][55617306ms] GC(2846) Pause Young (Normal) (G1 Evacuation Pause) 1937M->431M(2612M) 28.601ms
[2023-12-20T08:51:06.861-0800][55617306ms] GC(2846) User=0.08s Sys=0.00s Real=0.03s
[2023-12-20T08:51:07.678-0800][55618123ms] GC(2847) Pause Young (Normal) (G1 Evacuation Pause)
[2023-12-20T08:51:07.678-0800][55618123ms] GC(2847) Using 10 workers of 10 for evacuation
[2023-12-20T08:51:07.707-0800][55618152ms] GC(2847)   Pre Evacuate Collection Set: 0.1ms
[2023-12-20T08:51:07.707-0800][55618152ms] GC(2847)   Evacuate Collection Set: 25.5ms
[2023-12-20T08:51:07.707-0800][55618152ms] GC(2847)   Post Evacuate Collection Set: 2.5ms
[2023-12-20T08:51:07.707-0800][55618152ms] GC(2847)   Other: 0.4ms
[2023-12-20T08:51:07.707-0800][55618152ms] GC(2847) Eden regions: 753->0(753)
[2023-12-20T08:51:07.707-0800][55618152ms] GC(2847) Survivor regions: 30->30(98)
[2023-12-20T08:51:07.707-0800][55618152ms] GC(2847) Old regions: 181->181
[2023-12-20T08:51:07.707-0800][55618152ms] GC(2847) Humongous regions: 5->5
[2023-12-20T08:51:07.707-0800][55618152ms] GC(2847) Metaspace: 256502K->256502K(1294336K)
[2023-12-20T08:51:07.707-0800][55618152ms] GC(2847) Pause Young (Normal) (G1 Evacuation Pause) 1937M->431M(2612M) 28.555ms
[2023-12-20T08:51:07.707-0800][55618152ms] GC(2847) User=0.13s Sys=0.00s Real=0.03s
[2023-12-20T08:51:08.567-0800][55619012ms] GC(2848) Pause Young (Normal) (G1 Evacuation Pause)
[2023-12-20T08:51:08.567-0800][55619012ms] GC(2848) Using 10 workers of 10 for evacuation
[2023-12-20T08:51:08.596-0800][55619041ms] GC(2848)   Pre Evacuate Collection Set: 0.0ms
[2023-12-20T08:51:08.596-0800][55619041ms] GC(2848)   Evacuate Collection Set: 25.3ms
[2023-12-20T08:51:08.596-0800][55619041ms] GC(2848)   Post Evacuate Collection Set: 2.5ms
[2023-12-20T08:51:08.596-0800][55619041ms] GC(2848)   Other: 0.4ms
[2023-12-20T08:51:08.596-0800][55619041ms] GC(2848) Eden regions: 753->0(752)
[2023-12-20T08:51:08.596-0800][55619041ms] GC(2848) Survivor regions: 30->31(98)
[2023-12-20T08:51:08.596-0800][55619041ms] GC(2848) Old regions: 181->181
[2023-12-20T08:51:08.596-0800][55619041ms] GC(2848) Humongous regions: 5->5
[2023-12-20T08:51:08.596-0800][55619041ms] GC(2848) Metaspace: 256502K->256502K(1294336K)
[2023-12-20T08:51:08.596-0800][55619041ms] GC(2848) Pause Young (Normal) (G1 Evacuation Pause) 1937M->432M(2612M) 28.328ms
[2023-12-20T08:51:08.596-0800][55619041ms] GC(2848) User=0.22s Sys=0.00s Real=0.03s
[2023-12-20T08:51:09.462-0800][55619907ms] GC(2849) Pause Young (Normal) (G1 Evacuation Pause)
[2023-12-20T08:51:09.462-0800][55619907ms] GC(2849) Using 10 workers of 10 for evacuation
[2023-12-20T08:51:09.491-0800][55619936ms] GC(2849)   Pre Evacuate Collection Set: 0.0ms
[2023-12-20T08:51:09.491-0800][55619936ms] GC(2849)   Evacuate Collection Set: 26.5ms
[2023-12-20T08:51:09.491-0800][55619936ms] GC(2849)   Post Evacuate Collection Set: 2.3ms
[2023-12-20T08:51:09.491-0800][55619936ms] GC(2849)   Other: 0.4ms
[2023-12-20T08:51:09.491-0800][55619936ms] GC(2849) Eden regions: 752->0(753)
[2023-12-20T08:51:09.491-0800][55619936ms] GC(2849) Survivor regions: 31->30(98)
[2023-12-20T08:51:09.491-0800][55619936ms] GC(2849) Old regions: 181->181
[2023-12-20T08:51:09.491-0800][55619936ms] GC(2849) Humongous regions: 5->5
[2023-12-20T08:51:09.491-0800][55619936ms] GC(2849) Metaspace: 256502K->256502K(1294336K)
[2023-12-20T08:51:09.491-0800][55619936ms] GC(2849) Pause Young (Normal) (G1 Evacuation Pause) 1936M->431M(2612M) 29.393ms
[2023-12-20T08:51:09.491-0800][55619936ms] GC(2849) User=0.11s Sys=0.00s Real=0.03s
[2023-12-20T08:51:10.438-0800][55620883ms] GC(2850) Pause Young (Normal) (G1 Evacuation Pause)
[2023-12-20T08:51:10.438-0800][55620883ms] GC(2850) Using 10 workers of 10 for evacuation
[2023-12-20T08:51:10.466-0800][55620911ms] GC(2850)   Pre Evacuate Collection Set: 0.1ms
[2023-12-20T08:51:10.466-0800][55620911ms] GC(2850)   Evacuate Collection Set: 25.1ms
[2023-12-20T08:51:10.466-0800][55620911ms] GC(2850)   Post Evacuate Collection Set: 2.4ms
[2023-12-20T08:51:10.466-0800][55620911ms] GC(2850)   Other: 0.4ms
[2023-12-20T08:51:10.466-0800][55620911ms] GC(2850) Eden regions: 753->0(753)
[2023-12-20T08:51:10.466-0800][55620911ms] GC(2850) Survivor regions: 30->30(98)
[2023-12-20T08:51:10.466-0800][55620911ms] GC(2850) Old regions: 181->181
[2023-12-20T08:51:10.466-0800][55620911ms] GC(2850) Humongous regions: 5->5
[2023-12-20T08:51:10.466-0800][55620911ms] GC(2850) Metaspace: 256502K->256502K(1294336K)
[2023-12-20T08:51:10.466-0800][55620911ms] GC(2850) Pause Young (Normal) (G1 Evacuation Pause) 1937M->431M(2612M) 28.008ms
[2023-12-20T08:51:10.466-0800][55620911ms] GC(2850) User=0.13s Sys=0.00s Real=0.03s
[2023-12-20T08:51:11.291-0800][55621736ms] GC(2851) Pause Young (Normal) (G1 Evacuation Pause)
[2023-12-20T08:51:11.291-0800][55621736ms] GC(2851) Using 10 workers of 10 for evacuation
[2023-12-20T08:51:11.320-0800][55621765ms] GC(2851)   Pre Evacuate Collection Set: 0.0ms
[2023-12-20T08:51:11.320-0800][55621765ms] GC(2851)   Evacuate Collection Set: 25.5ms
[2023-12-20T08:51:11.320-0800][55621765ms] GC(2851)   Post Evacuate Collection Set: 2.7ms
[2023-12-20T08:51:11.320-0800][55621765ms] GC(2851)   Other: 0.4ms
[2023-12-20T08:51:11.320-0800][55621765ms] GC(2851) Eden regions: 753->0(753)
[2023-12-20T08:51:11.320-0800][55621765ms] GC(2851) Survivor regions: 30->30(98)
[2023-12-20T08:51:11.320-0800][55621765ms] GC(2851) Old regions: 181->181
[2023-12-20T08:51:11.320-0800][55621765ms] GC(2851) Humongous regions: 5->5
[2023-12-20T08:51:11.320-0800][55621765ms] GC(2851) Metaspace: 256502K->256502K(1294336K)
[2023-12-20T08:51:11.320-0800][55621765ms] GC(2851) Pause Young (Normal) (G1 Evacuation Pause) 1937M->430M(2612M) 28.673ms
[2023-12-20T08:51:11.320-0800][55621765ms] GC(2851) User=0.08s Sys=0.00s Real=0.03s
[2023-12-20T08:51:12.246-0800][55622691ms] GC(2852) Pause Young (Normal) (G1 Evacuation Pause)
[2023-12-20T08:51:12.246-0800][55622691ms] GC(2852) Using 10 workers of 10 for evacuation
[2023-12-20T08:51:12.274-0800][55622719ms] GC(2852)   Pre Evacuate Collection Set: 0.0ms
[2023-12-20T08:51:12.274-0800][55622719ms] GC(2852)   Evacuate Collection Set: 25.9ms
[2023-12-20T08:51:12.274-0800][55622719ms] GC(2852)   Post Evacuate Collection Set: 2.4ms
[2023-12-20T08:51:12.274-0800][55622719ms] GC(2852)   Other: 0.3ms
[2023-12-20T08:51:12.274-0800][55622719ms] GC(2852) Eden regions: 753->0(753)
[2023-12-20T08:51:12.274-0800][55622719ms] GC(2852) Survivor regions: 30->30(98)
[2023-12-20T08:51:12.274-0800][55622719ms] GC(2852) Old regions: 181->181
[2023-12-20T08:51:12.274-0800][55622719ms] GC(2852) Humongous regions: 5->5
[2023-12-20T08:51:12.274-0800][55622719ms] GC(2852) Metaspace: 256502K->256502K(1294336K)
[2023-12-20T08:51:12.274-0800][55622719ms] GC(2852) Pause Young (Normal) (G1 Evacuation Pause) 1936M->430M(2612M) 28.795ms
[2023-12-20T08:51:12.274-0800][55622719ms] GC(2852) User=0.11s Sys=0.00s Real=0.03s
[2023-12-20T08:51:13.199-0800][55623644ms] GC(2853) Pause Young (Normal) (G1 Evacuation Pause)
[2023-12-20T08:51:13.199-0800][55623644ms] GC(2853) Using 10 workers of 10 for evacuation
[2023-12-20T08:51:13.230-0800][55623675ms] GC(2853)   Pre Evacuate Collection Set: 0.0ms
[2023-12-20T08:51:13.230-0800][55623675ms] GC(2853)   Evacuate Collection Set: 27.3ms
[2023-12-20T08:51:13.230-0800][55623675ms] GC(2853)   Post Evacuate Collection Set: 3.4ms
[2023-12-20T08:51:13.230-0800][55623675ms] GC(2853)   Other: 0.4ms
[2023-12-20T08:51:13.230-0800][55623675ms] GC(2853) Eden regions: 753->0(753)
[2023-12-20T08:51:13.230-0800][55623675ms] GC(2853) Survivor regions: 30->30(98)
[2023-12-20T08:51:13.230-0800][55623675ms] GC(2853) Old regions: 181->181
[2023-12-20T08:51:13.230-0800][55623675ms] GC(2853) Humongous regions: 5->5
[2023-12-20T08:51:13.230-0800][55623675ms] GC(2853) Metaspace: 256502K->256502K(1294336K)
[2023-12-20T08:51:13.230-0800][55623675ms] GC(2853) Pause Young (Normal) (G1 Evacuation Pause) 1936M->430M(2612M) 31.387ms
[2023-12-20T08:51:13.230-0800][55623675ms] GC(2853) User=0.09s Sys=0.00s Real=0.03s
[2023-12-20T08:51:14.273-0800][55624718ms] GC(2854) Pause Young (Normal) (G1 Evacuation Pause)
[2023-12-20T08:51:14.273-0800][55624718ms] GC(2854) Using 10 workers of 10 for evacuation
[2023-12-20T08:51:14.301-0800][55624746ms] GC(2854)   Pre Evacuate Collection Set: 0.1ms
[2023-12-20T08:51:14.301-0800][55624746ms] GC(2854)   Evacuate Collection Set: 25.5ms
[2023-12-20T08:51:14.301-0800][55624746ms] GC(2854)   Post Evacuate Collection Set: 2.5ms
[2023-12-20T08:51:14.301-0800][55624746ms] GC(2854)   Other: 0.4ms
[2023-12-20T08:51:14.301-0800][55624746ms] GC(2854) Eden regions: 753->0(753)
[2023-12-20T08:51:14.301-0800][55624746ms] GC(2854) Survivor regions: 30->30(98)
[2023-12-20T08:51:14.301-0800][55624746ms] GC(2854) Old regions: 181->181
[2023-12-20T08:51:14.301-0800][55624746ms] GC(2854) Humongous regions: 5->5
[2023-12-20T08:51:14.301-0800][55624746ms] GC(2854) Metaspace: 256502K->256502K(1294336K)
[2023-12-20T08:51:14.301-0800][55624746ms] GC(2854) Pause Young (Normal) (G1 Evacuation Pause) 1936M->431M(2612M) 28.637ms
[2023-12-20T08:51:14.301-0800][55624746ms] GC(2854) User=0.11s Sys=0.00s Real=0.03s
[2023-12-20T08:51:15.193-0800][55625638ms] GC(2855) Pause Young (Normal) (G1 Evacuation Pause)
[2023-12-20T08:51:15.193-0800][55625638ms] GC(2855) Using 10 workers of 10 for evacuation
[2023-12-20T08:51:15.221-0800][55625666ms] GC(2855)   Pre Evacuate Collection Set: 0.1ms
[2023-12-20T08:51:15.223-0800][55625668ms] GC(2855)   Evacuate Collection Set: 26.7ms
[2023-12-20T08:51:15.223-0800][55625668ms] GC(2855)   Post Evacuate Collection Set: 2.5ms
[2023-12-20T08:51:15.223-0800][55625668ms] GC(2855)   Other: 0.5ms
[2023-12-20T08:51:15.223-0800][55625668ms] GC(2855) Eden regions: 753->0(753)
[2023-12-20T08:51:15.223-0800][55625668ms] GC(2855) Survivor regions: 30->30(98)
[2023-12-20T08:51:15.223-0800][55625668ms] GC(2855) Old regions: 181->181
[2023-12-20T08:51:15.223-0800][55625668ms] GC(2855) Humongous regions: 5->5
[2023-12-20T08:51:15.223-0800][55625668ms] GC(2855) Metaspace: 256502K->256502K(1294336K)
[2023-12-20T08:51:15.223-0800][55625668ms] GC(2855) Pause Young (Normal) (G1 Evacuation Pause) 1937M->430M(2612M) 29.864ms
[2023-12-20T08:51:15.223-0800][55625668ms] GC(2855) User=0.25s Sys=0.00s Real=0.03s
[2023-12-20T08:51:16.163-0800][55626608ms] GC(2856) Pause Young (Normal) (G1 Evacuation Pause)
[2023-12-20T08:51:16.163-0800][55626608ms] GC(2856) Using 10 workers of 10 for evacuation
[2023-12-20T08:51:16.192-0800][55626637ms] GC(2856)   Pre Evacuate Collection Set: 0.0ms
[2023-12-20T08:51:16.192-0800][55626637ms] GC(2856)   Evacuate Collection Set: 25.7ms
[2023-12-20T08:51:16.192-0800][55626637ms] GC(2856)   Post Evacuate Collection Set: 2.6ms
[2023-12-20T08:51:16.192-0800][55626637ms] GC(2856)   Other: 0.3ms
[2023-12-20T08:51:16.192-0800][55626637ms] GC(2856) Eden regions: 753->0(753)
[2023-12-20T08:51:16.192-0800][55626637ms] GC(2856) Survivor regions: 30->30(98)
[2023-12-20T08:51:16.192-0800][55626637ms] GC(2856) Old regions: 181->181
[2023-12-20T08:51:16.192-0800][55626637ms] GC(2856) Humongous regions: 5->5
[2023-12-20T08:51:16.192-0800][55626637ms] GC(2856) Metaspace: 256502K->256502K(1294336K)
[2023-12-20T08:51:16.192-0800][55626637ms] GC(2856) Pause Young (Normal) (G1 Evacuation Pause) 1936M->431M(2612M) 28.833ms
[2023-12-20T08:51:16.192-0800][55626637ms] GC(2856) User=0.06s Sys=0.00s Real=0.03s
[2023-12-20T08:51:17.134-0800][55627579ms] GC(2857) Pause Young (Normal) (G1 Evacuation Pause)
[2023-12-20T08:51:17.134-0800][55627579ms] GC(2857) Using 10 workers of 10 for evacuation
[2023-12-20T08:51:17.166-0800][55627611ms] GC(2857)   Pre Evacuate Collection Set: 0.0ms
[2023-12-20T08:51:17.166-0800][55627611ms] GC(2857)   Evacuate Collection Set: 29.3ms
[2023-12-20T08:51:17.166-0800][55627611ms] GC(2857)   Post Evacuate Collection Set: 2.7ms
[2023-12-20T08:51:17.166-0800][55627611ms] GC(2857)   Other: 0.4ms
[2023-12-20T08:51:17.166-0800][55627611ms] GC(2857) Eden regions: 753->0(753)
[2023-12-20T08:51:17.166-0800][55627611ms] GC(2857) Survivor regions: 30->30(98)
[2023-12-20T08:51:17.166-0800][55627611ms] GC(2857) Old regions: 181->181
[2023-12-20T08:51:17.166-0800][55627611ms] GC(2857) Humongous regions: 5->5
[2023-12-20T08:51:17.166-0800][55627611ms] GC(2857) Metaspace: 256502K->256502K(1294336K)
[2023-12-20T08:51:17.166-0800][55627611ms] GC(2857) Pause Young (Normal) (G1 Evacuation Pause) 1937M->431M(2612M) 32.766ms
[2023-12-20T08:51:17.166-0800][55627611ms] GC(2857) User=0.05s Sys=0.00s Real=0.03s
[2023-12-20T08:51:18.090-0800][55628535ms] GC(2858) Pause Young (Normal) (G1 Evacuation Pause)
[2023-12-20T08:51:18.090-0800][55628535ms] GC(2858) Using 10 workers of 10 for evacuation
[2023-12-20T08:51:18.119-0800][55628564ms] GC(2858)   Pre Evacuate Collection Set: 0.0ms
[2023-12-20T08:51:18.119-0800][55628564ms] GC(2858)   Evacuate Collection Set: 26.4ms
[2023-12-20T08:51:18.119-0800][55628564ms] GC(2858)   Post Evacuate Collection Set: 2.6ms
[2023-12-20T08:51:18.119-0800][55628564ms] GC(2858)   Other: 0.3ms
[2023-12-20T08:51:18.119-0800][55628564ms] GC(2858) Eden regions: 753->0(753)
[2023-12-20T08:51:18.119-0800][55628564ms] GC(2858) Survivor regions: 30->30(98)
[2023-12-20T08:51:18.119-0800][55628564ms] GC(2858) Old regions: 181->181
[2023-12-20T08:51:18.119-0800][55628564ms] GC(2858) Humongous regions: 5->5
[2023-12-20T08:51:18.119-0800][55628564ms] GC(2858) Metaspace: 256502K->256502K(1294336K)
[2023-12-20T08:51:18.119-0800][55628564ms] GC(2858) Pause Young (Normal) (G1 Evacuation Pause) 1937M->431M(2612M) 29.493ms
[2023-12-20T08:51:18.119-0800][55628564ms] GC(2858) User=0.08s Sys=0.00s Real=0.03s
[2023-12-20T08:51:18.975-0800][55629420ms] GC(2859) Pause Young (Normal) (G1 Evacuation Pause)
[2023-12-20T08:51:18.975-0800][55629420ms] GC(2859) Using 10 workers of 10 for evacuation
[2023-12-20T08:51:19.005-0800][55629450ms] GC(2859)   Pre Evacuate Collection Set: 0.0ms
[2023-12-20T08:51:19.005-0800][55629450ms] GC(2859)   Evacuate Collection Set: 27.1ms
[2023-12-20T08:51:19.005-0800][55629450ms] GC(2859)   Post Evacuate Collection Set: 2.5ms
[2023-12-20T08:51:19.005-0800][55629450ms] GC(2859)   Other: 0.4ms
[2023-12-20T08:51:19.005-0800][55629450ms] GC(2859) Eden regions: 753->0(754)
[2023-12-20T08:51:19.005-0800][55629450ms] GC(2859) Survivor regions: 30->29(98)
[2023-12-20T08:51:19.005-0800][55629450ms] GC(2859) Old regions: 181->181
[2023-12-20T08:51:19.005-0800][55629450ms] GC(2859) Humongous regions: 5->5
[2023-12-20T08:51:19.005-0800][55629450ms] GC(2859) Metaspace: 256502K->256502K(1294336K)
[2023-12-20T08:51:19.005-0800][55629450ms] GC(2859) Pause Young (Normal) (G1 Evacuation Pause) 1937M->429M(2612M) 30.151ms
[2023-12-20T08:51:19.005-0800][55629450ms] GC(2859) User=0.13s Sys=0.00s Real=0.03s
[2023-12-20T08:51:19.925-0800][55630370ms] GC(2860) Pause Young (Normal) (G1 Evacuation Pause)
[2023-12-20T08:51:19.925-0800][55630370ms] GC(2860) Using 10 workers of 10 for evacuation
[2023-12-20T08:51:19.955-0800][55630400ms] GC(2860)   Pre Evacuate Collection Set: 0.1ms
[2023-12-20T08:51:19.955-0800][55630400ms] GC(2860)   Evacuate Collection Set: 27.0ms
[2023-12-20T08:51:19.955-0800][55630400ms] GC(2860)   Post Evacuate Collection Set: 2.6ms
[2023-12-20T08:51:19.955-0800][55630400ms] GC(2860)   Other: 0.4ms
[2023-12-20T08:51:19.955-0800][55630400ms] GC(2860) Eden regions: 754->0(753)
[2023-12-20T08:51:19.955-0800][55630400ms] GC(2860) Survivor regions: 29->30(98)
[2023-12-20T08:51:19.955-0800][55630400ms] GC(2860) Old regions: 181->181
[2023-12-20T08:51:19.955-0800][55630400ms] GC(2860) Humongous regions: 5->5
[2023-12-20T08:51:19.955-0800][55630400ms] GC(2860) Metaspace: 256502K->256502K(1294336K)
[2023-12-20T08:51:19.955-0800][55630400ms] GC(2860) Pause Young (Normal) (G1 Evacuation Pause) 1937M->431M(2612M) 30.274ms
[2023-12-20T08:51:19.955-0800][55630400ms] GC(2860) User=0.14s Sys=0.00s Real=0.03s
[2023-12-20T08:51:20.859-0800][55631304ms] GC(2861) Pause Young (Normal) (G1 Evacuation Pause)
[2023-12-20T08:51:20.859-0800][55631304ms] GC(2861) Using 10 workers of 10 for evacuation
[2023-12-20T08:51:20.889-0800][55631334ms] GC(2861)   Pre Evacuate Collection Set: 0.0ms
[2023-12-20T08:51:20.889-0800][55631334ms] GC(2861)   Evacuate Collection Set: 26.4ms
[2023-12-20T08:51:20.889-0800][55631334ms] GC(2861)   Post Evacuate Collection Set: 2.5ms
[2023-12-20T08:51:20.889-0800][55631334ms] GC(2861)   Other: 0.4ms
[2023-12-20T08:51:20.889-0800][55631334ms] GC(2861) Eden regions: 753->0(753)
[2023-12-20T08:51:20.889-0800][55631334ms] GC(2861) Survivor regions: 30->30(98)
[2023-12-20T08:51:20.889-0800][55631334ms] GC(2861) Old regions: 181->181
[2023-12-20T08:51:20.889-0800][55631334ms] GC(2861) Humongous regions: 5->5
[2023-12-20T08:51:20.889-0800][55631334ms] GC(2861) Metaspace: 256502K->256502K(1294336K)
[2023-12-20T08:51:20.889-0800][55631334ms] GC(2861) Pause Young (Normal) (G1 Evacuation Pause) 1937M->431M(2612M) 29.533ms
[2023-12-20T08:51:20.889-0800][55631334ms] GC(2861) User=0.11s Sys=0.00s Real=0.03s
[2023-12-20T08:51:21.984-0800][55632429ms] GC(2862) Pause Young (Normal) (G1 Evacuation Pause)
[2023-12-20T08:51:21.984-0800][55632429ms] GC(2862) Using 10 workers of 10 for evacuation
[2023-12-20T08:51:22.013-0800][55632458ms] GC(2862)   Pre Evacuate Collection Set: 0.0ms
[2023-12-20T08:51:22.013-0800][55632458ms] GC(2862)   Evacuate Collection Set: 26.4ms
[2023-12-20T08:51:22.013-0800][55632458ms] GC(2862)   Post Evacuate Collection Set: 2.4ms
[2023-12-20T08:51:22.013-0800][55632458ms] GC(2862)   Other: 0.4ms
[2023-12-20T08:51:22.013-0800][55632458ms] GC(2862) Eden regions: 753->0(753)
[2023-12-20T08:51:22.013-0800][55632458ms] GC(2862) Survivor regions: 30->30(98)
[2023-12-20T08:51:22.013-0800][55632458ms] GC(2862) Old regions: 181->181
[2023-12-20T08:51:22.013-0800][55632458ms] GC(2862) Humongous regions: 5->5
[2023-12-20T08:51:22.013-0800][55632458ms] GC(2862) Metaspace: 256502K->256502K(1294336K)
[2023-12-20T08:51:22.013-0800][55632458ms] GC(2862) Pause Young (Normal) (G1 Evacuation Pause) 1937M->431M(2612M) 29.348ms
[2023-12-20T08:51:22.013-0800][55632458ms] GC(2862) User=0.09s Sys=0.00s Real=0.03s
[2023-12-20T08:51:22.911-0800][55633356ms] GC(2863) Pause Young (Normal) (G1 Evacuation Pause)
[2023-12-20T08:51:22.911-0800][55633356ms] GC(2863) Using 10 workers of 10 for evacuation
[2023-12-20T08:51:22.940-0800][55633385ms] GC(2863)   Pre Evacuate Collection Set: 0.0ms
[2023-12-20T08:51:22.940-0800][55633385ms] GC(2863)   Evacuate Collection Set: 25.7ms
[2023-12-20T08:51:22.940-0800][55633385ms] GC(2863)   Post Evacuate Collection Set: 2.4ms
[2023-12-20T08:51:22.940-0800][55633385ms] GC(2863)   Other: 0.4ms
[2023-12-20T08:51:22.940-0800][55633385ms] GC(2863) Eden regions: 753->0(753)
[2023-12-20T08:51:22.940-0800][55633385ms] GC(2863) Survivor regions: 30->30(98)
[2023-12-20T08:51:22.940-0800][55633385ms] GC(2863) Old regions: 181->182
[2023-12-20T08:51:22.940-0800][55633385ms] GC(2863) Humongous regions: 5->5
[2023-12-20T08:51:22.940-0800][55633385ms] GC(2863) Metaspace: 256502K->256502K(1294336K)
[2023-12-20T08:51:22.940-0800][55633385ms] GC(2863) Pause Young (Normal) (G1 Evacuation Pause) 1937M->431M(2612M) 28.717ms
[2023-12-20T08:51:22.940-0800][55633385ms] GC(2863) User=0.06s Sys=0.00s Real=0.03s
[2023-12-20T08:51:23.850-0800][55634295ms] GC(2864) Pause Young (Normal) (G1 Evacuation Pause)
[2023-12-20T08:51:23.850-0800][55634295ms] GC(2864) Using 10 workers of 10 for evacuation
[2023-12-20T08:51:23.880-0800][55634325ms] GC(2864)   Pre Evacuate Collection Set: 0.0ms
[2023-12-20T08:51:23.880-0800][55634325ms] GC(2864)   Evacuate Collection Set: 26.0ms
[2023-12-20T08:51:23.880-0800][55634325ms] GC(2864)   Post Evacuate Collection Set: 2.8ms
[2023-12-20T08:51:23.880-0800][55634325ms] GC(2864)   Other: 0.4ms
[2023-12-20T08:51:23.880-0800][55634325ms] GC(2864) Eden regions: 753->0(753)
[2023-12-20T08:51:23.880-0800][55634325ms] GC(2864) Survivor regions: 30->30(98)
[2023-12-20T08:51:23.880-0800][55634325ms] GC(2864) Old regions: 182->182
[2023-12-20T08:51:23.880-0800][55634325ms] GC(2864) Humongous regions: 5->5
[2023-12-20T08:51:23.880-0800][55634325ms] GC(2864) Metaspace: 256502K->256502K(1294336K)
[2023-12-20T08:51:23.880-0800][55634325ms] GC(2864) Pause Young (Normal) (G1 Evacuation Pause) 1937M->432M(2612M) 29.445ms
[2023-12-20T08:51:23.880-0800][55634325ms] GC(2864) User=0.13s Sys=0.00s Real=0.03s
[2023-12-20T08:51:24.781-0800][55635226ms] GC(2865) Pause Young (Normal) (G1 Evacuation Pause)
[2023-12-20T08:51:24.781-0800][55635226ms] GC(2865) Using 10 workers of 10 for evacuation
[2023-12-20T08:51:24.814-0800][55635259ms] GC(2865)   Pre Evacuate Collection Set: 0.0ms
[2023-12-20T08:51:24.814-0800][55635259ms] GC(2865)   Evacuate Collection Set: 29.4ms
[2023-12-20T08:51:24.814-0800][55635259ms] GC(2865)   Post Evacuate Collection Set: 2.5ms
[2023-12-20T08:51:24.814-0800][55635259ms] GC(2865)   Other: 0.3ms
[2023-12-20T08:51:24.814-0800][55635259ms] GC(2865) Eden regions: 753->0(753)
[2023-12-20T08:51:24.814-0800][55635259ms] GC(2865) Survivor regions: 30->30(98)
[2023-12-20T08:51:24.814-0800][55635259ms] GC(2865) Old regions: 182->182
[2023-12-20T08:51:24.814-0800][55635259ms] GC(2865) Humongous regions: 5->5
[2023-12-20T08:51:24.814-0800][55635259ms] GC(2865) Metaspace: 256502K->256502K(1294336K)
[2023-12-20T08:51:24.814-0800][55635259ms] GC(2865) Pause Young (Normal) (G1 Evacuation Pause) 1938M->431M(2612M) 32.438ms
[2023-12-20T08:51:24.814-0800][55635259ms] GC(2865) User=0.11s Sys=0.00s Real=0.03s
[2023-12-20T08:51:25.818-0800][55636263ms] GC(2866) Pause Young (Normal) (GCLocker Initiated GC)
[2023-12-20T08:51:25.818-0800][55636263ms] GC(2866) Using 10 workers of 10 for evacuation
[2023-12-20T08:51:25.848-0800][55636293ms] GC(2866)   Pre Evacuate Collection Set: 0.0ms
[2023-12-20T08:51:25.848-0800][55636293ms] GC(2866)   Evacuate Collection Set: 26.7ms
[2023-12-20T08:51:25.848-0800][55636293ms] GC(2866)   Post Evacuate Collection Set: 2.8ms
[2023-12-20T08:51:25.848-0800][55636293ms] GC(2866)   Other: 0.4ms
[2023-12-20T08:51:25.848-0800][55636293ms] GC(2866) Eden regions: 753->0(753)
[2023-12-20T08:51:25.848-0800][55636293ms] GC(2866) Survivor regions: 30->30(98)
[2023-12-20T08:51:25.848-0800][55636293ms] GC(2866) Old regions: 182->182
[2023-12-20T08:51:25.848-0800][55636293ms] GC(2866) Humongous regions: 5->5
[2023-12-20T08:51:25.848-0800][55636293ms] GC(2866) Metaspace: 256502K->256502K(1294336K)
[2023-12-20T08:51:25.848-0800][55636293ms] GC(2866) Pause Young (Normal) (GCLocker Initiated GC) 1937M->431M(2612M) 30.098ms
[2023-12-20T08:51:25.848-0800][55636293ms] GC(2866) User=0.16s Sys=0.00s Real=0.03s
[2023-12-20T08:51:26.833-0800][55637278ms] GC(2867) Pause Young (Normal) (GCLocker Initiated GC)
[2023-12-20T08:51:26.833-0800][55637278ms] GC(2867) Using 10 workers of 10 for evacuation
[2023-12-20T08:51:26.865-0800][55637310ms] GC(2867)   Pre Evacuate Collection Set: 0.0ms
[2023-12-20T08:51:26.865-0800][55637310ms] GC(2867)   Evacuate Collection Set: 28.6ms
[2023-12-20T08:51:26.865-0800][55637310ms] GC(2867)   Post Evacuate Collection Set: 2.9ms
[2023-12-20T08:51:26.865-0800][55637310ms] GC(2867)   Other: 0.4ms
[2023-12-20T08:51:26.865-0800][55637310ms] GC(2867) Eden regions: 754->0(753)
[2023-12-20T08:51:26.865-0800][55637310ms] GC(2867) Survivor regions: 30->30(98)
[2023-12-20T08:51:26.865-0800][55637310ms] GC(2867) Old regions: 182->182
[2023-12-20T08:51:26.865-0800][55637310ms] GC(2867) Humongous regions: 5->5
[2023-12-20T08:51:26.865-0800][55637310ms] GC(2867) Metaspace: 256502K->256502K(1294336K)
[2023-12-20T08:51:26.865-0800][55637310ms] GC(2867) Pause Young (Normal) (GCLocker Initiated GC) 1938M->431M(2612M) 32.114ms
[2023-12-20T08:51:26.865-0800][55637310ms] GC(2867) User=0.22s Sys=0.00s Real=0.03s
[2023-12-20T08:51:27.768-0800][55638213ms] GC(2868) Pause Young (Normal) (G1 Evacuation Pause)
[2023-12-20T08:51:27.768-0800][55638213ms] GC(2868) Using 10 workers of 10 for evacuation
[2023-12-20T08:51:27.796-0800][55638241ms] GC(2868)   Pre Evacuate Collection Set: 0.0ms
[2023-12-20T08:51:27.796-0800][55638241ms] GC(2868)   Evacuate Collection Set: 25.3ms
[2023-12-20T08:51:27.796-0800][55638241ms] GC(2868)   Post Evacuate Collection Set: 2.4ms
[2023-12-20T08:51:27.796-0800][55638241ms] GC(2868)   Other: 0.4ms
[2023-12-20T08:51:27.796-0800][55638241ms] GC(2868) Eden regions: 753->0(753)
[2023-12-20T08:51:27.796-0800][55638241ms] GC(2868) Survivor regions: 30->30(98)
[2023-12-20T08:51:27.796-0800][55638241ms] GC(2868) Old regions: 182->182
[2023-12-20T08:51:27.796-0800][55638241ms] GC(2868) Humongous regions: 5->5
[2023-12-20T08:51:27.796-0800][55638241ms] GC(2868) Metaspace: 256502K->256502K(1294336K)
[2023-12-20T08:51:27.796-0800][55638241ms] GC(2868) Pause Young (Normal) (G1 Evacuation Pause) 1937M->431M(2612M) 28.337ms
[2023-12-20T08:51:27.796-0800][55638241ms] GC(2868) User=0.16s Sys=0.00s Real=0.03s
[2023-12-20T08:51:28.701-0800][55639146ms] GC(2869) Pause Young (Normal) (G1 Evacuation Pause)
[2023-12-20T08:51:28.701-0800][55639146ms] GC(2869) Using 10 workers of 10 for evacuation
[2023-12-20T08:51:28.729-0800][55639174ms] GC(2869)   Pre Evacuate Collection Set: 0.0ms
[2023-12-20T08:51:28.729-0800][55639174ms] GC(2869)   Evacuate Collection Set: 25.5ms
[2023-12-20T08:51:28.729-0800][55639174ms] GC(2869)   Post Evacuate Collection Set: 2.3ms
[2023-12-20T08:51:28.729-0800][55639174ms] GC(2869)   Other: 0.4ms
[2023-12-20T08:51:28.729-0800][55639174ms] GC(2869) Eden regions: 753->0(753)
[2023-12-20T08:51:28.729-0800][55639174ms] GC(2869) Survivor regions: 30->30(98)
[2023-12-20T08:51:28.729-0800][55639174ms] GC(2869) Old regions: 182->182
[2023-12-20T08:51:28.729-0800][55639174ms] GC(2869) Humongous regions: 5->5
[2023-12-20T08:51:28.729-0800][55639174ms] GC(2869) Metaspace: 256502K->256502K(1294336K)
[2023-12-20T08:51:28.729-0800][55639174ms] GC(2869) Pause Young (Normal) (G1 Evacuation Pause) 1937M->432M(2612M) 28.340ms
[2023-12-20T08:51:28.729-0800][55639174ms] GC(2869) User=0.08s Sys=0.00s Real=0.03s
[2023-12-20T08:51:29.691-0800][55640136ms] GC(2870) Pause Young (Normal) (G1 Evacuation Pause)
[2023-12-20T08:51:29.691-0800][55640136ms] GC(2870) Using 10 workers of 10 for evacuation
[2023-12-20T08:51:29.722-0800][55640167ms] GC(2870)   Pre Evacuate Collection Set: 0.1ms
[2023-12-20T08:51:29.722-0800][55640167ms] GC(2870)   Evacuate Collection Set: 27.9ms
[2023-12-20T08:51:29.722-0800][55640167ms] GC(2870)   Post Evacuate Collection Set: 2.7ms
[2023-12-20T08:51:29.722-0800][55640167ms] GC(2870)   Other: 0.4ms
[2023-12-20T08:51:29.722-0800][55640167ms] GC(2870) Eden regions: 753->0(753)
[2023-12-20T08:51:29.722-0800][55640167ms] GC(2870) Survivor regions: 30->30(98)
[2023-12-20T08:51:29.722-0800][55640167ms] GC(2870) Old regions: 182->182
[2023-12-20T08:51:29.722-0800][55640167ms] GC(2870) Humongous regions: 5->5
[2023-12-20T08:51:29.722-0800][55640167ms] GC(2870) Metaspace: 256502K->256502K(1294336K)
[2023-12-20T08:51:29.722-0800][55640167ms] GC(2870) Pause Young (Normal) (G1 Evacuation Pause) 1938M->431M(2612M) 31.187ms
[2023-12-20T08:51:29.722-0800][55640167ms] GC(2870) User=0.09s Sys=0.00s Real=0.03s
[2023-12-20T08:51:30.737-0800][55641182ms] GC(2871) Pause Young (Normal) (G1 Evacuation Pause)
[2023-12-20T08:51:30.737-0800][55641182ms] GC(2871) Using 10 workers of 10 for evacuation
[2023-12-20T08:51:30.766-0800][55641211ms] GC(2871)   Pre Evacuate Collection Set: 0.0ms
[2023-12-20T08:51:30.766-0800][55641211ms] GC(2871)   Evacuate Collection Set: 25.3ms
[2023-12-20T08:51:30.766-0800][55641211ms] GC(2871)   Post Evacuate Collection Set: 2.5ms
[2023-12-20T08:51:30.766-0800][55641211ms] GC(2871)   Other: 0.4ms
[2023-12-20T08:51:30.766-0800][55641211ms] GC(2871) Eden regions: 753->0(753)
[2023-12-20T08:51:30.766-0800][55641211ms] GC(2871) Survivor regions: 30->30(98)
[2023-12-20T08:51:30.766-0800][55641211ms] GC(2871) Old regions: 182->182
[2023-12-20T08:51:30.766-0800][55641211ms] GC(2871) Humongous regions: 5->5
[2023-12-20T08:51:30.766-0800][55641211ms] GC(2871) Metaspace: 256502K->256502K(1294336K)
[2023-12-20T08:51:30.766-0800][55641211ms] GC(2871) Pause Young (Normal) (G1 Evacuation Pause) 1937M->431M(2612M) 28.300ms
[2023-12-20T08:51:30.766-0800][55641211ms] GC(2871) User=0.09s Sys=0.00s Real=0.03s
[2023-12-20T08:51:31.685-0800][55642130ms] GC(2872) Pause Young (Normal) (G1 Evacuation Pause)
[2023-12-20T08:51:31.685-0800][55642130ms] GC(2872) Using 10 workers of 10 for evacuation
[2023-12-20T08:51:31.714-0800][55642159ms] GC(2872)   Pre Evacuate Collection Set: 0.1ms
[2023-12-20T08:51:31.714-0800][55642159ms] GC(2872)   Evacuate Collection Set: 25.5ms
[2023-12-20T08:51:31.714-0800][55642159ms] GC(2872)   Post Evacuate Collection Set: 2.5ms
[2023-12-20T08:51:31.714-0800][55642159ms] GC(2872)   Other: 0.4ms
[2023-12-20T08:51:31.714-0800][55642159ms] GC(2872) Eden regions: 753->0(753)
[2023-12-20T08:51:31.714-0800][55642159ms] GC(2872) Survivor regions: 30->30(98)
[2023-12-20T08:51:31.714-0800][55642159ms] GC(2872) Old regions: 182->182
[2023-12-20T08:51:31.714-0800][55642159ms] GC(2872) Humongous regions: 5->5
[2023-12-20T08:51:31.714-0800][55642159ms] GC(2872) Metaspace: 256502K->256502K(1294336K)
[2023-12-20T08:51:31.714-0800][55642159ms] GC(2872) Pause Young (Normal) (G1 Evacuation Pause) 1937M->431M(2612M) 28.666ms
[2023-12-20T08:51:31.714-0800][55642159ms] GC(2872) User=0.14s Sys=0.00s Real=0.03s
[2023-12-20T08:51:32.627-0800][55643072ms] GC(2873) Pause Young (Normal) (G1 Evacuation Pause)
[2023-12-20T08:51:32.627-0800][55643072ms] GC(2873) Using 10 workers of 10 for evacuation
[2023-12-20T08:51:32.657-0800][55643102ms] GC(2873)   Pre Evacuate Collection Set: 0.0ms
[2023-12-20T08:51:32.657-0800][55643102ms] GC(2873)   Evacuate Collection Set: 26.6ms
[2023-12-20T08:51:32.657-0800][55643102ms] GC(2873)   Post Evacuate Collection Set: 2.6ms
[2023-12-20T08:51:32.657-0800][55643102ms] GC(2873)   Other: 0.3ms
[2023-12-20T08:51:32.657-0800][55643102ms] GC(2873) Eden regions: 753->0(753)
[2023-12-20T08:51:32.657-0800][55643102ms] GC(2873) Survivor regions: 30->30(98)
[2023-12-20T08:51:32.657-0800][55643102ms] GC(2873) Old regions: 182->182
[2023-12-20T08:51:32.657-0800][55643102ms] GC(2873) Humongous regions: 5->5
[2023-12-20T08:51:32.657-0800][55643102ms] GC(2873) Metaspace: 256502K->256502K(1294336K)
[2023-12-20T08:51:32.657-0800][55643102ms] GC(2873) Pause Young (Normal) (G1 Evacuation Pause) 1937M->432M(2612M) 29.757ms
[2023-12-20T08:51:32.657-0800][55643102ms] GC(2873) User=0.06s Sys=0.00s Real=0.03s
[2023-12-20T08:51:33.613-0800][55644058ms] GC(2874) Pause Young (Normal) (G1 Evacuation Pause)
[2023-12-20T08:51:33.613-0800][55644058ms] GC(2874) Using 10 workers of 10 for evacuation
[2023-12-20T08:51:33.641-0800][55644086ms] GC(2874)   Pre Evacuate Collection Set: 0.0ms
[2023-12-20T08:51:33.641-0800][55644086ms] GC(2874)   Evacuate Collection Set: 25.0ms
[2023-12-20T08:51:33.641-0800][55644086ms] GC(2874)   Post Evacuate Collection Set: 2.4ms
[2023-12-20T08:51:33.641-0800][55644086ms] GC(2874)   Other: 0.3ms
[2023-12-20T08:51:33.641-0800][55644086ms] GC(2874) Eden regions: 753->0(753)
[2023-12-20T08:51:33.641-0800][55644086ms] GC(2874) Survivor regions: 30->30(98)
[2023-12-20T08:51:33.641-0800][55644086ms] GC(2874) Old regions: 182->182
[2023-12-20T08:51:33.641-0800][55644086ms] GC(2874) Humongous regions: 5->5
[2023-12-20T08:51:33.641-0800][55644086ms] GC(2874) Metaspace: 256502K->256502K(1294336K)
[2023-12-20T08:51:33.641-0800][55644086ms] GC(2874) Pause Young (Normal) (G1 Evacuation Pause) 1938M->432M(2612M) 27.932ms
[2023-12-20T08:51:33.641-0800][55644086ms] GC(2874) User=0.09s Sys=0.00s Real=0.03s
[2023-12-20T08:51:34.484-0800][55644929ms] GC(2875) Pause Young (Normal) (G1 Evacuation Pause)
[2023-12-20T08:51:34.484-0800][55644929ms] GC(2875) Using 10 workers of 10 for evacuation
[2023-12-20T08:51:34.514-0800][55644959ms] GC(2875)   Pre Evacuate Collection Set: 0.0ms
[2023-12-20T08:51:34.514-0800][55644959ms] GC(2875)   Evacuate Collection Set: 26.5ms
[2023-12-20T08:51:34.514-0800][55644959ms] GC(2875)   Post Evacuate Collection Set: 3.1ms
[2023-12-20T08:51:34.514-0800][55644959ms] GC(2875)   Other: 0.4ms
[2023-12-20T08:51:34.514-0800][55644959ms] GC(2875) Eden regions: 753->0(753)
[2023-12-20T08:51:34.514-0800][55644959ms] GC(2875) Survivor regions: 30->30(98)
[2023-12-20T08:51:34.514-0800][55644959ms] GC(2875) Old regions: 182->182
[2023-12-20T08:51:34.514-0800][55644959ms] GC(2875) Humongous regions: 5->5
[2023-12-20T08:51:34.514-0800][55644959ms] GC(2875) Metaspace: 256502K->256502K(1294336K)
[2023-12-20T08:51:34.514-0800][55644959ms] GC(2875) Pause Young (Normal) (G1 Evacuation Pause) 1938M->431M(2612M) 30.128ms
[2023-12-20T08:51:34.514-0800][55644959ms] GC(2875) User=0.13s Sys=0.00s Real=0.03s
[2023-12-20T08:51:35.325-0800][55645770ms] GC(2876) Pause Young (Normal) (G1 Evacuation Pause)
[2023-12-20T08:51:35.325-0800][55645770ms] GC(2876) Using 10 workers of 10 for evacuation
[2023-12-20T08:51:35.354-0800][55645799ms] GC(2876)   Pre Evacuate Collection Set: 0.0ms
[2023-12-20T08:51:35.354-0800][55645799ms] GC(2876)   Evacuate Collection Set: 25.2ms
[2023-12-20T08:51:35.354-0800][55645799ms] GC(2876)   Post Evacuate Collection Set: 2.5ms
[2023-12-20T08:51:35.354-0800][55645799ms] GC(2876)   Other: 0.4ms
[2023-12-20T08:51:35.354-0800][55645799ms] GC(2876) Eden regions: 753->0(754)
[2023-12-20T08:51:35.354-0800][55645799ms] GC(2876) Survivor regions: 30->29(98)
[2023-12-20T08:51:35.354-0800][55645799ms] GC(2876) Old regions: 182->182
[2023-12-20T08:51:35.354-0800][55645799ms] GC(2876) Humongous regions: 5->5
[2023-12-20T08:51:35.354-0800][55645799ms] GC(2876) Metaspace: 256502K->256502K(1294336K)
[2023-12-20T08:51:35.354-0800][55645799ms] GC(2876) Pause Young (Normal) (G1 Evacuation Pause) 1937M->430M(2612M) 28.259ms
[2023-12-20T08:51:35.354-0800][55645799ms] GC(2876) User=0.09s Sys=0.00s Real=0.03s
[2023-12-20T08:51:36.196-0800][55646641ms] GC(2877) Pause Young (Normal) (G1 Evacuation Pause)
[2023-12-20T08:51:36.196-0800][55646641ms] GC(2877) Using 10 workers of 10 for evacuation
[2023-12-20T08:51:36.226-0800][55646671ms] GC(2877)   Pre Evacuate Collection Set: 0.0ms
[2023-12-20T08:51:36.226-0800][55646671ms] GC(2877)   Evacuate Collection Set: 26.9ms
[2023-12-20T08:51:36.226-0800][55646671ms] GC(2877)   Post Evacuate Collection Set: 3.0ms
[2023-12-20T08:51:36.226-0800][55646671ms] GC(2877)   Other: 0.4ms
[2023-12-20T08:51:36.226-0800][55646671ms] GC(2877) Eden regions: 754->0(753)
[2023-12-20T08:51:36.226-0800][55646671ms] GC(2877) Survivor regions: 29->30(98)
[2023-12-20T08:51:36.226-0800][55646671ms] GC(2877) Old regions: 182->182
[2023-12-20T08:51:36.226-0800][55646671ms] GC(2877) Humongous regions: 5->5
[2023-12-20T08:51:36.226-0800][55646671ms] GC(2877) Metaspace: 256502K->256502K(1294336K)
[2023-12-20T08:51:36.226-0800][55646671ms] GC(2877) Pause Young (Normal) (G1 Evacuation Pause) 1938M->431M(2612M) 30.410ms
[2023-12-20T08:51:36.226-0800][55646671ms] GC(2877) User=0.17s Sys=0.00s Real=0.03s
[2023-12-20T08:51:37.071-0800][55647516ms] GC(2878) Pause Young (Normal) (G1 Evacuation Pause)
[2023-12-20T08:51:37.071-0800][55647516ms] GC(2878) Using 10 workers of 10 for evacuation
[2023-12-20T08:51:37.099-0800][55647544ms] GC(2878)   Pre Evacuate Collection Set: 0.0ms
[2023-12-20T08:51:37.099-0800][55647544ms] GC(2878)   Evacuate Collection Set: 24.8ms
[2023-12-20T08:51:37.099-0800][55647544ms] GC(2878)   Post Evacuate Collection Set: 2.6ms
[2023-12-20T08:51:37.099-0800][55647544ms] GC(2878)   Other: 0.4ms
[2023-12-20T08:51:37.099-0800][55647544ms] GC(2878) Eden regions: 753->0(753)
[2023-12-20T08:51:37.099-0800][55647544ms] GC(2878) Survivor regions: 30->30(98)
[2023-12-20T08:51:37.099-0800][55647544ms] GC(2878) Old regions: 182->182
[2023-12-20T08:51:37.099-0800][55647544ms] GC(2878) Humongous regions: 5->5
[2023-12-20T08:51:37.099-0800][55647544ms] GC(2878) Metaspace: 256502K->256502K(1294336K)
[2023-12-20T08:51:37.099-0800][55647544ms] GC(2878) Pause Young (Normal) (G1 Evacuation Pause) 1937M->431M(2612M) 27.865ms
[2023-12-20T08:51:37.099-0800][55647544ms] GC(2878) User=0.06s Sys=0.00s Real=0.03s
[2023-12-20T08:51:38.043-0800][55648488ms] GC(2879) Pause Young (Normal) (G1 Evacuation Pause)
[2023-12-20T08:51:38.043-0800][55648488ms] GC(2879) Using 10 workers of 10 for evacuation
[2023-12-20T08:51:38.071-0800][55648516ms] GC(2879)   Pre Evacuate Collection Set: 0.0ms
[2023-12-20T08:51:38.071-0800][55648516ms] GC(2879)   Evacuate Collection Set: 25.7ms
[2023-12-20T08:51:38.071-0800][55648516ms] GC(2879)   Post Evacuate Collection Set: 2.5ms
[2023-12-20T08:51:38.071-0800][55648516ms] GC(2879)   Other: 0.4ms
[2023-12-20T08:51:38.071-0800][55648516ms] GC(2879) Eden regions: 753->0(753)
[2023-12-20T08:51:38.071-0800][55648516ms] GC(2879) Survivor regions: 30->30(98)
[2023-12-20T08:51:38.071-0800][55648516ms] GC(2879) Old regions: 182->182
[2023-12-20T08:51:38.071-0800][55648516ms] GC(2879) Humongous regions: 5->5
[2023-12-20T08:51:38.071-0800][55648516ms] GC(2879) Metaspace: 256502K->256502K(1294336K)
[2023-12-20T08:51:38.071-0800][55648516ms] GC(2879) Pause Young (Normal) (G1 Evacuation Pause) 1937M->431M(2612M) 28.768ms
[2023-12-20T08:51:38.071-0800][55648516ms] GC(2879) User=0.06s Sys=0.00s Real=0.03s
[2023-12-20T08:51:38.907-0800][55649352ms] GC(2880) Pause Young (Normal) (G1 Evacuation Pause)
[2023-12-20T08:51:38.907-0800][55649352ms] GC(2880) Using 10 workers of 10 for evacuation
[2023-12-20T08:51:38.934-0800][55649379ms] GC(2880)   Pre Evacuate Collection Set: 0.0ms
[2023-12-20T08:51:38.934-0800][55649379ms] GC(2880)   Evacuate Collection Set: 25.3ms
[2023-12-20T08:51:38.934-0800][55649379ms] GC(2880)   Post Evacuate Collection Set: 2.4ms
[2023-12-20T08:51:38.934-0800][55649379ms] GC(2880)   Other: 0.4ms
[2023-12-20T08:51:38.934-0800][55649379ms] GC(2880) Eden regions: 753->0(753)
[2023-12-20T08:51:38.934-0800][55649379ms] GC(2880) Survivor regions: 30->30(98)
[2023-12-20T08:51:38.934-0800][55649379ms] GC(2880) Old regions: 182->182
[2023-12-20T08:51:38.934-0800][55649379ms] GC(2880) Humongous regions: 5->5
[2023-12-20T08:51:38.934-0800][55649379ms] GC(2880) Metaspace: 256502K->256502K(1294336K)
[2023-12-20T08:51:38.934-0800][55649379ms] GC(2880) Pause Young (Normal) (G1 Evacuation Pause) 1937M->432M(2612M) 28.176ms
[2023-12-20T08:51:38.934-0800][55649379ms] GC(2880) User=0.05s Sys=0.00s Real=0.03s
[2023-12-20T08:51:39.794-0800][55650239ms] GC(2881) Pause Young (Normal) (G1 Evacuation Pause)
[2023-12-20T08:51:39.794-0800][55650239ms] GC(2881) Using 10 workers of 10 for evacuation
[2023-12-20T08:51:39.822-0800][55650267ms] GC(2881)   Pre Evacuate Collection Set: 0.0ms
[2023-12-20T08:51:39.822-0800][55650267ms] GC(2881)   Evacuate Collection Set: 25.3ms
[2023-12-20T08:51:39.822-0800][55650267ms] GC(2881)   Post Evacuate Collection Set: 2.5ms
[2023-12-20T08:51:39.822-0800][55650267ms] GC(2881)   Other: 0.3ms
[2023-12-20T08:51:39.822-0800][55650267ms] GC(2881) Eden regions: 753->0(752)
[2023-12-20T08:51:39.822-0800][55650267ms] GC(2881) Survivor regions: 30->31(98)
[2023-12-20T08:51:39.822-0800][55650267ms] GC(2881) Old regions: 182->182
[2023-12-20T08:51:39.822-0800][55650267ms] GC(2881) Humongous regions: 5->5
[2023-12-20T08:51:39.822-0800][55650267ms] GC(2881) Metaspace: 256502K->256502K(1294336K)
[2023-12-20T08:51:39.822-0800][55650267ms] GC(2881) Pause Young (Normal) (G1 Evacuation Pause) 1938M->433M(2612M) 28.372ms
[2023-12-20T08:51:39.822-0800][55650267ms] GC(2881) User=0.08s Sys=0.00s Real=0.03s
[2023-12-20T08:51:40.707-0800][55651152ms] GC(2882) Pause Young (Normal) (G1 Evacuation Pause)
[2023-12-20T08:51:40.707-0800][55651152ms] GC(2882) Using 10 workers of 10 for evacuation
[2023-12-20T08:51:40.735-0800][55651180ms] GC(2882)   Pre Evacuate Collection Set: 0.0ms
[2023-12-20T08:51:40.735-0800][55651180ms] GC(2882)   Evacuate Collection Set: 25.3ms
[2023-12-20T08:51:40.735-0800][55651180ms] GC(2882)   Post Evacuate Collection Set: 2.7ms
[2023-12-20T08:51:40.735-0800][55651180ms] GC(2882)   Other: 0.4ms
[2023-12-20T08:51:40.735-0800][55651180ms] GC(2882) Eden regions: 752->0(752)
[2023-12-20T08:51:40.735-0800][55651180ms] GC(2882) Survivor regions: 31->31(98)
[2023-12-20T08:51:40.735-0800][55651180ms] GC(2882) Old regions: 182->182
[2023-12-20T08:51:40.735-0800][55651180ms] GC(2882) Humongous regions: 5->5
[2023-12-20T08:51:40.735-0800][55651180ms] GC(2882) Metaspace: 256502K->256502K(1294336K)
[2023-12-20T08:51:40.735-0800][55651180ms] GC(2882) Pause Young (Normal) (G1 Evacuation Pause) 1937M->433M(2612M) 28.473ms
[2023-12-20T08:51:40.735-0800][55651180ms] GC(2882) User=0.08s Sys=0.02s Real=0.03s
[2023-12-20T08:51:41.624-0800][55652069ms] GC(2883) Pause Young (Normal) (G1 Evacuation Pause)
[2023-12-20T08:51:41.624-0800][55652069ms] GC(2883) Using 10 workers of 10 for evacuation
[2023-12-20T08:51:41.652-0800][55652097ms] GC(2883)   Pre Evacuate Collection Set: 0.0ms
[2023-12-20T08:51:41.652-0800][55652097ms] GC(2883)   Evacuate Collection Set: 25.3ms
[2023-12-20T08:51:41.652-0800][55652097ms] GC(2883)   Post Evacuate Collection Set: 2.7ms
[2023-12-20T08:51:41.652-0800][55652097ms] GC(2883)   Other: 0.4ms
[2023-12-20T08:51:41.652-0800][55652097ms] GC(2883) Eden regions: 752->0(752)
[2023-12-20T08:51:41.652-0800][55652097ms] GC(2883) Survivor regions: 31->31(98)
[2023-12-20T08:51:41.652-0800][55652097ms] GC(2883) Old regions: 182->182
[2023-12-20T08:51:41.652-0800][55652097ms] GC(2883) Humongous regions: 5->5
[2023-12-20T08:51:41.652-0800][55652097ms] GC(2883) Metaspace: 256502K->256502K(1294336K)
[2023-12-20T08:51:41.652-0800][55652097ms] GC(2883) Pause Young (Normal) (G1 Evacuation Pause) 1937M->434M(2612M) 28.516ms
[2023-12-20T08:51:41.652-0800][55652097ms] GC(2883) User=0.09s Sys=0.00s Real=0.03s
[2023-12-20T08:51:42.394-0800][55652839ms] GC(2884) Pause Young (Normal) (G1 Evacuation Pause)
[2023-12-20T08:51:42.394-0800][55652839ms] GC(2884) Using 10 workers of 10 for evacuation
[2023-12-20T08:51:42.422-0800][55652867ms] GC(2884)   Pre Evacuate Collection Set: 0.0ms
[2023-12-20T08:51:42.422-0800][55652867ms] GC(2884)   Evacuate Collection Set: 24.9ms
[2023-12-20T08:51:42.422-0800][55652867ms] GC(2884)   Post Evacuate Collection Set: 2.6ms
[2023-12-20T08:51:42.422-0800][55652867ms] GC(2884)   Other: 0.4ms
[2023-12-20T08:51:42.422-0800][55652867ms] GC(2884) Eden regions: 752->0(752)
[2023-12-20T08:51:42.422-0800][55652867ms] GC(2884) Survivor regions: 31->31(98)
[2023-12-20T08:51:42.422-0800][55652867ms] GC(2884) Old regions: 182->182
[2023-12-20T08:51:42.422-0800][55652867ms] GC(2884) Humongous regions: 5->5
[2023-12-20T08:51:42.422-0800][55652867ms] GC(2884) Metaspace: 256502K->256502K(1294336K)
[2023-12-20T08:51:42.422-0800][55652867ms] GC(2884) Pause Young (Normal) (G1 Evacuation Pause) 1938M->434M(2612M) 28.093ms
[2023-12-20T08:51:42.422-0800][55652867ms] GC(2884) User=0.05s Sys=0.00s Real=0.03s
[2023-12-20T08:51:43.120-0800][55653565ms] GC(2885) Pause Young (Normal) (G1 Evacuation Pause)
[2023-12-20T08:51:43.120-0800][55653565ms] GC(2885) Using 10 workers of 10 for evacuation
[2023-12-20T08:51:43.150-0800][55653595ms] GC(2885)   Pre Evacuate Collection Set: 0.1ms
[2023-12-20T08:51:43.150-0800][55653595ms] GC(2885)   Evacuate Collection Set: 26.0ms
[2023-12-20T08:51:43.150-0800][55653595ms] GC(2885)   Post Evacuate Collection Set: 3.1ms
[2023-12-20T08:51:43.150-0800][55653595ms] GC(2885)   Other: 0.4ms
[2023-12-20T08:51:43.150-0800][55653595ms] GC(2885) Eden regions: 752->0(752)
[2023-12-20T08:51:43.150-0800][55653595ms] GC(2885) Survivor regions: 31->31(98)
[2023-12-20T08:51:43.150-0800][55653595ms] GC(2885) Old regions: 182->182
[2023-12-20T08:51:43.150-0800][55653595ms] GC(2885) Humongous regions: 5->5
[2023-12-20T08:51:43.150-0800][55653595ms] GC(2885) Metaspace: 256502K->256502K(1294336K)
[2023-12-20T08:51:43.150-0800][55653595ms] GC(2885) Pause Young (Normal) (G1 Evacuation Pause) 1938M->433M(2612M) 29.778ms
[2023-12-20T08:51:43.150-0800][55653595ms] GC(2885) User=0.09s Sys=0.00s Real=0.03s
[2023-12-20T08:51:43.772-0800][55654217ms] GC(2886) Pause Young (Normal) (G1 Evacuation Pause)
[2023-12-20T08:51:43.772-0800][55654217ms] GC(2886) Using 10 workers of 10 for evacuation
[2023-12-20T08:51:43.798-0800][55654243ms] GC(2886)   Pre Evacuate Collection Set: 0.0ms
[2023-12-20T08:51:43.798-0800][55654243ms] GC(2886)   Evacuate Collection Set: 23.6ms
[2023-12-20T08:51:43.798-0800][55654243ms] GC(2886)   Post Evacuate Collection Set: 2.4ms
[2023-12-20T08:51:43.798-0800][55654243ms] GC(2886)   Other: 0.4ms
[2023-12-20T08:51:43.798-0800][55654243ms] GC(2886) Eden regions: 752->0(752)
[2023-12-20T08:51:43.798-0800][55654243ms] GC(2886) Survivor regions: 31->31(98)
[2023-12-20T08:51:43.798-0800][55654243ms] GC(2886) Old regions: 182->182
[2023-12-20T08:51:43.798-0800][55654243ms] GC(2886) Humongous regions: 5->5
[2023-12-20T08:51:43.798-0800][55654243ms] GC(2886) Metaspace: 256502K->256502K(1294336K)
[2023-12-20T08:51:43.798-0800][55654243ms] GC(2886) Pause Young (Normal) (G1 Evacuation Pause) 1937M->434M(2612M) 26.490ms
[2023-12-20T08:51:43.798-0800][55654243ms] GC(2886) User=0.20s Sys=0.00s Real=0.03s
[2023-12-20T08:51:44.526-0800][55654971ms] GC(2887) Pause Young (Normal) (G1 Evacuation Pause)
[2023-12-20T08:51:44.526-0800][55654971ms] GC(2887) Using 10 workers of 10 for evacuation
[2023-12-20T08:51:44.552-0800][55654997ms] GC(2887)   Pre Evacuate Collection Set: 0.0ms
[2023-12-20T08:51:44.552-0800][55654997ms] GC(2887)   Evacuate Collection Set: 24.0ms
[2023-12-20T08:51:44.552-0800][55654997ms] GC(2887)   Post Evacuate Collection Set: 2.6ms
[2023-12-20T08:51:44.552-0800][55654997ms] GC(2887)   Other: 0.4ms
[2023-12-20T08:51:44.552-0800][55654997ms] GC(2887) Eden regions: 752->0(752)
[2023-12-20T08:51:44.552-0800][55654997ms] GC(2887) Survivor regions: 31->31(98)
[2023-12-20T08:51:44.552-0800][55654997ms] GC(2887) Old regions: 182->182
[2023-12-20T08:51:44.552-0800][55654997ms] GC(2887) Humongous regions: 5->5
[2023-12-20T08:51:44.552-0800][55654997ms] GC(2887) Metaspace: 256502K->256502K(1294336K)
[2023-12-20T08:51:44.552-0800][55654997ms] GC(2887) Pause Young (Normal) (G1 Evacuation Pause) 1938M->433M(2612M) 27.147ms
[2023-12-20T08:51:44.552-0800][55654997ms] GC(2887) User=0.13s Sys=0.00s Real=0.03s
[2023-12-20T08:51:45.313-0800][55655758ms] GC(2888) Pause Young (Normal) (G1 Evacuation Pause)
[2023-12-20T08:51:45.313-0800][55655758ms] GC(2888) Using 10 workers of 10 for evacuation
[2023-12-20T08:51:45.343-0800][55655788ms] GC(2888)   Pre Evacuate Collection Set: 0.0ms
[2023-12-20T08:51:45.343-0800][55655788ms] GC(2888)   Evacuate Collection Set: 27.2ms
[2023-12-20T08:51:45.343-0800][55655788ms] GC(2888)   Post Evacuate Collection Set: 2.6ms
[2023-12-20T08:51:45.343-0800][55655788ms] GC(2888)   Other: 0.4ms
[2023-12-20T08:51:45.343-0800][55655788ms] GC(2888) Eden regions: 752->0(752)
[2023-12-20T08:51:45.343-0800][55655788ms] GC(2888) Survivor regions: 31->31(98)
[2023-12-20T08:51:45.343-0800][55655788ms] GC(2888) Old regions: 182->182
[2023-12-20T08:51:45.343-0800][55655788ms] GC(2888) Humongous regions: 5->5
[2023-12-20T08:51:45.343-0800][55655788ms] GC(2888) Metaspace: 256502K->256502K(1294336K)
[2023-12-20T08:51:45.343-0800][55655788ms] GC(2888) Pause Young (Normal) (G1 Evacuation Pause) 1937M->434M(2612M) 30.448ms
[2023-12-20T08:51:45.343-0800][55655788ms] GC(2888) User=0.09s Sys=0.00s Real=0.03s
[2023-12-20T08:51:46.216-0800][55656661ms] GC(2889) Pause Young (Normal) (G1 Evacuation Pause)
[2023-12-20T08:51:46.216-0800][55656661ms] GC(2889) Using 10 workers of 10 for evacuation
[2023-12-20T08:51:46.243-0800][55656688ms] GC(2889)   Pre Evacuate Collection Set: 0.0ms
[2023-12-20T08:51:46.243-0800][55656688ms] GC(2889)   Evacuate Collection Set: 24.8ms
[2023-12-20T08:51:46.243-0800][55656688ms] GC(2889)   Post Evacuate Collection Set: 2.3ms
[2023-12-20T08:51:46.243-0800][55656688ms] GC(2889)   Other: 0.3ms
[2023-12-20T08:51:46.243-0800][55656688ms] GC(2889) Eden regions: 752->0(752)
[2023-12-20T08:51:46.243-0800][55656688ms] GC(2889) Survivor regions: 31->31(98)
[2023-12-20T08:51:46.243-0800][55656688ms] GC(2889) Old regions: 182->182
[2023-12-20T08:51:46.243-0800][55656688ms] GC(2889) Humongous regions: 5->5
[2023-12-20T08:51:46.243-0800][55656688ms] GC(2889) Metaspace: 256502K->256502K(1294336K)
[2023-12-20T08:51:46.243-0800][55656688ms] GC(2889) Pause Young (Normal) (G1 Evacuation Pause) 1938M->434M(2612M) 27.606ms
[2023-12-20T08:51:46.243-0800][55656688ms] GC(2889) User=0.05s Sys=0.00s Real=0.03s
[2023-12-20T08:51:47.086-0800][55657531ms] GC(2890) Pause Young (Normal) (G1 Evacuation Pause)
[2023-12-20T08:51:47.086-0800][55657531ms] GC(2890) Using 10 workers of 10 for evacuation
[2023-12-20T08:51:47.113-0800][55657558ms] GC(2890)   Pre Evacuate Collection Set: 0.0ms
[2023-12-20T08:51:47.113-0800][55657558ms] GC(2890)   Evacuate Collection Set: 24.5ms
[2023-12-20T08:51:47.113-0800][55657558ms] GC(2890)   Post Evacuate Collection Set: 2.6ms
[2023-12-20T08:51:47.113-0800][55657558ms] GC(2890)   Other: 0.4ms
[2023-12-20T08:51:47.114-0800][55657559ms] GC(2890) Eden regions: 752->0(752)
[2023-12-20T08:51:47.114-0800][55657559ms] GC(2890) Survivor regions: 31->31(98)
[2023-12-20T08:51:47.114-0800][55657559ms] GC(2890) Old regions: 182->182
[2023-12-20T08:51:47.114-0800][55657559ms] GC(2890) Humongous regions: 5->5
[2023-12-20T08:51:47.114-0800][55657559ms] GC(2890) Metaspace: 256502K->256502K(1294336K)
[2023-12-20T08:51:47.114-0800][55657559ms] GC(2890) Pause Young (Normal) (G1 Evacuation Pause) 1938M->433M(2612M) 27.586ms
[2023-12-20T08:51:47.114-0800][55657559ms] GC(2890) User=0.08s Sys=0.00s Real=0.03s
[2023-12-20T08:51:47.907-0800][55658352ms] GC(2891) Pause Young (Normal) (G1 Evacuation Pause)
[2023-12-20T08:51:47.907-0800][55658352ms] GC(2891) Using 10 workers of 10 for evacuation
[2023-12-20T08:51:47.935-0800][55658380ms] GC(2891)   Pre Evacuate Collection Set: 0.1ms
[2023-12-20T08:51:47.935-0800][55658380ms] GC(2891)   Evacuate Collection Set: 26.1ms
[2023-12-20T08:51:47.935-0800][55658380ms] GC(2891)   Post Evacuate Collection Set: 2.2ms
[2023-12-20T08:51:47.935-0800][55658380ms] GC(2891)   Other: 0.4ms
[2023-12-20T08:51:47.935-0800][55658380ms] GC(2891) Eden regions: 752->0(752)
[2023-12-20T08:51:47.935-0800][55658380ms] GC(2891) Survivor regions: 31->31(98)
[2023-12-20T08:51:47.935-0800][55658380ms] GC(2891) Old regions: 182->182
[2023-12-20T08:51:47.935-0800][55658380ms] GC(2891) Humongous regions: 5->5
[2023-12-20T08:51:47.935-0800][55658380ms] GC(2891) Metaspace: 256502K->256502K(1294336K)
[2023-12-20T08:51:47.935-0800][55658380ms] GC(2891) Pause Young (Normal) (G1 Evacuation Pause) 1937M->433M(2612M) 28.780ms
[2023-12-20T08:51:47.935-0800][55658380ms] GC(2891) User=0.14s Sys=0.00s Real=0.03s
[2023-12-20T08:51:48.758-0800][55659203ms] GC(2892) Pause Young (Normal) (G1 Evacuation Pause)
[2023-12-20T08:51:48.758-0800][55659203ms] GC(2892) Using 10 workers of 10 for evacuation
[2023-12-20T08:51:48.785-0800][55659230ms] GC(2892)   Pre Evacuate Collection Set: 0.0ms
[2023-12-20T08:51:48.785-0800][55659230ms] GC(2892)   Evacuate Collection Set: 25.1ms
[2023-12-20T08:51:48.785-0800][55659230ms] GC(2892)   Post Evacuate Collection Set: 2.4ms
[2023-12-20T08:51:48.785-0800][55659230ms] GC(2892)   Other: 0.4ms
[2023-12-20T08:51:48.785-0800][55659230ms] GC(2892) Eden regions: 752->0(752)
[2023-12-20T08:51:48.785-0800][55659230ms] GC(2892) Survivor regions: 31->31(98)
[2023-12-20T08:51:48.785-0800][55659230ms] GC(2892) Old regions: 182->182
[2023-12-20T08:51:48.785-0800][55659230ms] GC(2892) Humongous regions: 5->5
[2023-12-20T08:51:48.785-0800][55659230ms] GC(2892) Metaspace: 256502K->256502K(1294336K)
[2023-12-20T08:51:48.785-0800][55659230ms] GC(2892) Pause Young (Normal) (G1 Evacuation Pause) 1937M->433M(2612M) 28.080ms
[2023-12-20T08:51:48.785-0800][55659230ms] GC(2892) User=0.08s Sys=0.00s Real=0.03s
[2023-12-20T08:51:49.604-0800][55660049ms] GC(2893) Pause Young (Normal) (G1 Evacuation Pause)
[2023-12-20T08:51:49.604-0800][55660049ms] GC(2893) Using 10 workers of 10 for evacuation
[2023-12-20T08:51:49.633-0800][55660078ms] GC(2893)   Pre Evacuate Collection Set: 0.0ms
[2023-12-20T08:51:49.633-0800][55660078ms] GC(2893)   Evacuate Collection Set: 25.3ms
[2023-12-20T08:51:49.633-0800][55660078ms] GC(2893)   Post Evacuate Collection Set: 2.4ms
[2023-12-20T08:51:49.633-0800][55660078ms] GC(2893)   Other: 0.4ms
[2023-12-20T08:51:49.633-0800][55660078ms] GC(2893) Eden regions: 752->0(753)
[2023-12-20T08:51:49.633-0800][55660078ms] GC(2893) Survivor regions: 31->30(98)
[2023-12-20T08:51:49.633-0800][55660078ms] GC(2893) Old regions: 182->182
[2023-12-20T08:51:49.633-0800][55660078ms] GC(2893) Humongous regions: 5->5
[2023-12-20T08:51:49.633-0800][55660078ms] GC(2893) Metaspace: 256502K->256502K(1294336K)
[2023-12-20T08:51:49.633-0800][55660078ms] GC(2893) Pause Young (Normal) (G1 Evacuation Pause) 1937M->432M(2612M) 28.222ms
[2023-12-20T08:51:49.633-0800][55660078ms] GC(2893) User=0.11s Sys=0.00s Real=0.03s
[2023-12-20T08:51:50.405-0800][55660850ms] GC(2894) Pause Young (Normal) (G1 Evacuation Pause)
[2023-12-20T08:51:50.405-0800][55660850ms] GC(2894) Using 10 workers of 10 for evacuation
[2023-12-20T08:51:50.432-0800][55660877ms] GC(2894)   Pre Evacuate Collection Set: 0.0ms
[2023-12-20T08:51:50.432-0800][55660877ms] GC(2894)   Evacuate Collection Set: 24.1ms
[2023-12-20T08:51:50.432-0800][55660877ms] GC(2894)   Post Evacuate Collection Set: 2.3ms
[2023-12-20T08:51:50.432-0800][55660877ms] GC(2894)   Other: 0.4ms
[2023-12-20T08:51:50.432-0800][55660877ms] GC(2894) Eden regions: 753->0(752)
[2023-12-20T08:51:50.432-0800][55660877ms] GC(2894) Survivor regions: 30->31(98)
[2023-12-20T08:51:50.432-0800][55660877ms] GC(2894) Old regions: 182->182
[2023-12-20T08:51:50.432-0800][55660877ms] GC(2894) Humongous regions: 5->5
[2023-12-20T08:51:50.432-0800][55660877ms] GC(2894) Metaspace: 256502K->256502K(1294336K)
[2023-12-20T08:51:50.432-0800][55660877ms] GC(2894) Pause Young (Normal) (G1 Evacuation Pause) 1938M->433M(2612M) 27.020ms
[2023-12-20T08:51:50.432-0800][55660877ms] GC(2894) User=0.06s Sys=0.00s Real=0.03s
[2023-12-20T08:51:51.173-0800][55661618ms] GC(2895) Pause Young (Normal) (G1 Evacuation Pause)
[2023-12-20T08:51:51.173-0800][55661618ms] GC(2895) Using 10 workers of 10 for evacuation
[2023-12-20T08:51:51.200-0800][55661645ms] GC(2895)   Pre Evacuate Collection Set: 0.0ms
[2023-12-20T08:51:51.200-0800][55661645ms] GC(2895)   Evacuate Collection Set: 24.3ms
[2023-12-20T08:51:51.200-0800][55661645ms] GC(2895)   Post Evacuate Collection Set: 2.6ms
[2023-12-20T08:51:51.201-0800][55661646ms] GC(2895)   Other: 0.4ms
[2023-12-20T08:51:51.201-0800][55661646ms] GC(2895) Eden regions: 752->0(753)
[2023-12-20T08:51:51.201-0800][55661646ms] GC(2895) Survivor regions: 31->30(98)
[2023-12-20T08:51:51.201-0800][55661646ms] GC(2895) Old regions: 182->182
[2023-12-20T08:51:51.201-0800][55661646ms] GC(2895) Humongous regions: 5->5
[2023-12-20T08:51:51.201-0800][55661646ms] GC(2895) Metaspace: 256502K->256502K(1294336K)
[2023-12-20T08:51:51.201-0800][55661646ms] GC(2895) Pause Young (Normal) (G1 Evacuation Pause) 1937M->432M(2612M) 27.421ms
[2023-12-20T08:51:51.201-0800][55661646ms] GC(2895) User=0.08s Sys=0.00s Real=0.03s
[2023-12-20T08:51:51.820-0800][55662265ms] GC(2896) Pause Young (Normal) (G1 Evacuation Pause)
[2023-12-20T08:51:51.820-0800][55662265ms] GC(2896) Using 10 workers of 10 for evacuation
[2023-12-20T08:51:51.846-0800][55662291ms] GC(2896)   Pre Evacuate Collection Set: 0.0ms
[2023-12-20T08:51:51.846-0800][55662291ms] GC(2896)   Evacuate Collection Set: 24.7ms
[2023-12-20T08:51:51.846-0800][55662291ms] GC(2896)   Post Evacuate Collection Set: 2.2ms
[2023-12-20T08:51:51.846-0800][55662291ms] GC(2896)   Other: 0.4ms
[2023-12-20T08:51:51.846-0800][55662291ms] GC(2896) Eden regions: 753->0(752)
[2023-12-20T08:51:51.846-0800][55662291ms] GC(2896) Survivor regions: 30->31(98)
[2023-12-20T08:51:51.846-0800][55662291ms] GC(2896) Old regions: 182->182
[2023-12-20T08:51:51.846-0800][55662291ms] GC(2896) Humongous regions: 5->5
[2023-12-20T08:51:51.846-0800][55662291ms] GC(2896) Metaspace: 256502K->256502K(1294336K)
[2023-12-20T08:51:51.846-0800][55662291ms] GC(2896) Pause Young (Normal) (G1 Evacuation Pause) 1938M->433M(2612M) 27.421ms
[2023-12-20T08:51:51.846-0800][55662291ms] GC(2896) User=0.09s Sys=0.00s Real=0.03s
[2023-12-20T08:51:52.520-0800][55662965ms] GC(2897) Pause Young (Normal) (G1 Evacuation Pause)
[2023-12-20T08:51:52.520-0800][55662965ms] GC(2897) Using 10 workers of 10 for evacuation
[2023-12-20T08:51:52.546-0800][55662991ms] GC(2897)   Pre Evacuate Collection Set: 0.0ms
[2023-12-20T08:51:52.546-0800][55662991ms] GC(2897)   Evacuate Collection Set: 24.2ms
[2023-12-20T08:51:52.546-0800][55662991ms] GC(2897)   Post Evacuate Collection Set: 2.2ms
[2023-12-20T08:51:52.546-0800][55662991ms] GC(2897)   Other: 0.4ms
[2023-12-20T08:51:52.546-0800][55662991ms] GC(2897) Eden regions: 752->0(753)
[2023-12-20T08:51:52.546-0800][55662991ms] GC(2897) Survivor regions: 31->30(98)
[2023-12-20T08:51:52.546-0800][55662991ms] GC(2897) Old regions: 182->182
[2023-12-20T08:51:52.546-0800][55662991ms] GC(2897) Humongous regions: 5->5
[2023-12-20T08:51:52.546-0800][55662991ms] GC(2897) Metaspace: 256502K->256502K(1294336K)
[2023-12-20T08:51:52.546-0800][55662991ms] GC(2897) Pause Young (Normal) (G1 Evacuation Pause) 1937M->432M(2612M) 27.033ms
[2023-12-20T08:51:52.546-0800][55662991ms] GC(2897) User=0.06s Sys=0.02s Real=0.03s
[2023-12-20T08:51:53.156-0800][55663601ms] GC(2898) Pause Young (Normal) (G1 Evacuation Pause)
[2023-12-20T08:51:53.156-0800][55663601ms] GC(2898) Using 10 workers of 10 for evacuation
[2023-12-20T08:51:53.186-0800][55663631ms] GC(2898)   Pre Evacuate Collection Set: 0.1ms
[2023-12-20T08:51:53.186-0800][55663631ms] GC(2898)   Evacuate Collection Set: 25.6ms
[2023-12-20T08:51:53.186-0800][55663631ms] GC(2898)   Post Evacuate Collection Set: 2.6ms
[2023-12-20T08:51:53.186-0800][55663631ms] GC(2898)   Other: 0.4ms
[2023-12-20T08:51:53.186-0800][55663631ms] GC(2898) Eden regions: 753->0(753)
[2023-12-20T08:51:53.186-0800][55663631ms] GC(2898) Survivor regions: 30->30(98)
[2023-12-20T08:51:53.186-0800][55663631ms] GC(2898) Old regions: 182->182
[2023-12-20T08:51:53.186-0800][55663631ms] GC(2898) Humongous regions: 5->5
[2023-12-20T08:51:53.186-0800][55663631ms] GC(2898) Metaspace: 256502K->256502K(1294336K)
[2023-12-20T08:51:53.186-0800][55663631ms] GC(2898) Pause Young (Normal) (G1 Evacuation Pause) 1938M->432M(2612M) 28.842ms
[2023-12-20T08:51:53.186-0800][55663631ms] GC(2898) User=0.06s Sys=0.00s Real=0.03s
[2023-12-20T08:51:54.048-0800][55664493ms] GC(2899) Pause Young (Normal) (G1 Evacuation Pause)
[2023-12-20T08:51:54.048-0800][55664493ms] GC(2899) Using 10 workers of 10 for evacuation
[2023-12-20T08:51:54.076-0800][55664521ms] GC(2899)   Pre Evacuate Collection Set: 0.0ms
[2023-12-20T08:51:54.076-0800][55664521ms] GC(2899)   Evacuate Collection Set: 25.0ms
[2023-12-20T08:51:54.076-0800][55664521ms] GC(2899)   Post Evacuate Collection Set: 2.5ms
[2023-12-20T08:51:54.076-0800][55664521ms] GC(2899)   Other: 0.4ms
[2023-12-20T08:51:54.076-0800][55664521ms] GC(2899) Eden regions: 753->0(753)
[2023-12-20T08:51:54.076-0800][55664521ms] GC(2899) Survivor regions: 30->30(98)
[2023-12-20T08:51:54.076-0800][55664521ms] GC(2899) Old regions: 182->182
[2023-12-20T08:51:54.076-0800][55664521ms] GC(2899) Humongous regions: 5->5
[2023-12-20T08:51:54.076-0800][55664521ms] GC(2899) Metaspace: 256502K->256502K(1294336K)
[2023-12-20T08:51:54.076-0800][55664521ms] GC(2899) Pause Young (Normal) (G1 Evacuation Pause) 1938M->431M(2612M) 28.005ms
[2023-12-20T08:51:54.076-0800][55664521ms] GC(2899) User=0.13s Sys=0.00s Real=0.03s
[2023-12-20T08:51:54.937-0800][55665382ms] GC(2900) Pause Young (Normal) (G1 Evacuation Pause)
[2023-12-20T08:51:54.937-0800][55665382ms] GC(2900) Using 10 workers of 10 for evacuation
[2023-12-20T08:51:54.965-0800][55665410ms] GC(2900)   Pre Evacuate Collection Set: 0.0ms
[2023-12-20T08:51:54.965-0800][55665410ms] GC(2900)   Evacuate Collection Set: 25.3ms
[2023-12-20T08:51:54.965-0800][55665410ms] GC(2900)   Post Evacuate Collection Set: 2.7ms
[2023-12-20T08:51:54.965-0800][55665410ms] GC(2900)   Other: 0.4ms
[2023-12-20T08:51:54.965-0800][55665410ms] GC(2900) Eden regions: 753->0(753)
[2023-12-20T08:51:54.965-0800][55665410ms] GC(2900) Survivor regions: 30->30(98)
[2023-12-20T08:51:54.965-0800][55665410ms] GC(2900) Old regions: 182->182
[2023-12-20T08:51:54.965-0800][55665410ms] GC(2900) Humongous regions: 5->5
[2023-12-20T08:51:54.965-0800][55665410ms] GC(2900) Metaspace: 256502K->256502K(1294336K)
[2023-12-20T08:51:54.965-0800][55665410ms] GC(2900) Pause Young (Normal) (G1 Evacuation Pause) 1937M->431M(2612M) 28.585ms
[2023-12-20T08:51:54.965-0800][55665410ms] GC(2900) User=0.08s Sys=0.00s Real=0.03s
[2023-12-20T08:51:55.475-0800][55665920ms] GC(2901) Pause Young (Normal) (G1 Evacuation Pause)
[2023-12-20T08:51:55.475-0800][55665920ms] GC(2901) Using 10 workers of 10 for evacuation
[2023-12-20T08:51:55.501-0800][55665946ms] GC(2901)   Pre Evacuate Collection Set: 0.0ms
[2023-12-20T08:51:55.501-0800][55665946ms] GC(2901)   Evacuate Collection Set: 23.5ms
[2023-12-20T08:51:55.501-0800][55665946ms] GC(2901)   Post Evacuate Collection Set: 2.4ms
[2023-12-20T08:51:55.501-0800][55665946ms] GC(2901)   Other: 0.4ms
[2023-12-20T08:51:55.501-0800][55665946ms] GC(2901) Eden regions: 753->0(753)
[2023-12-20T08:51:55.501-0800][55665946ms] GC(2901) Survivor regions: 30->30(98)
[2023-12-20T08:51:55.501-0800][55665946ms] GC(2901) Old regions: 182->182
[2023-12-20T08:51:55.501-0800][55665946ms] GC(2901) Humongous regions: 5->5
[2023-12-20T08:51:55.501-0800][55665946ms] GC(2901) Metaspace: 256502K->256502K(1294336K)
[2023-12-20T08:51:55.501-0800][55665946ms] GC(2901) Pause Young (Normal) (G1 Evacuation Pause) 1937M->432M(2612M) 26.452ms
[2023-12-20T08:51:55.501-0800][55665946ms] GC(2901) User=0.17s Sys=0.00s Real=0.03s
[2023-12-20T08:51:56.236-0800][55666681ms] GC(2902) Pause Young (Normal) (G1 Evacuation Pause)
[2023-12-20T08:51:56.236-0800][55666681ms] GC(2902) Using 10 workers of 10 for evacuation
[2023-12-20T08:51:56.263-0800][55666708ms] GC(2902)   Pre Evacuate Collection Set: 0.0ms
[2023-12-20T08:51:56.263-0800][55666708ms] GC(2902)   Evacuate Collection Set: 25.0ms
[2023-12-20T08:51:56.263-0800][55666708ms] GC(2902)   Post Evacuate Collection Set: 2.3ms
[2023-12-20T08:51:56.263-0800][55666708ms] GC(2902)   Other: 0.4ms
[2023-12-20T08:51:56.263-0800][55666708ms] GC(2902) Eden regions: 753->0(752)
[2023-12-20T08:51:56.263-0800][55666708ms] GC(2902) Survivor regions: 30->31(98)
[2023-12-20T08:51:56.263-0800][55666708ms] GC(2902) Old regions: 182->182
[2023-12-20T08:51:56.263-0800][55666708ms] GC(2902) Humongous regions: 5->5
[2023-12-20T08:51:56.263-0800][55666708ms] GC(2902) Metaspace: 256502K->256502K(1294336K)
[2023-12-20T08:51:56.263-0800][55666708ms] GC(2902) Pause Young (Normal) (G1 Evacuation Pause) 1938M->435M(2612M) 27.850ms
[2023-12-20T08:51:56.264-0800][55666709ms] GC(2902) User=0.11s Sys=0.00s Real=0.03s
[2023-12-20T08:51:57.292-0800][55667737ms] GC(2903) Pause Young (Normal) (G1 Evacuation Pause)
[2023-12-20T08:51:57.292-0800][55667737ms] GC(2903) Using 10 workers of 10 for evacuation
[2023-12-20T08:51:57.321-0800][55667766ms] GC(2903)   Pre Evacuate Collection Set: 0.1ms
[2023-12-20T08:51:57.321-0800][55667766ms] GC(2903)   Evacuate Collection Set: 25.9ms
[2023-12-20T08:51:57.321-0800][55667766ms] GC(2903)   Post Evacuate Collection Set: 2.6ms
[2023-12-20T08:51:57.321-0800][55667766ms] GC(2903)   Other: 0.4ms
[2023-12-20T08:51:57.321-0800][55667766ms] GC(2903) Eden regions: 752->0(752)
[2023-12-20T08:51:57.321-0800][55667766ms] GC(2903) Survivor regions: 31->31(98)
[2023-12-20T08:51:57.321-0800][55667766ms] GC(2903) Old regions: 182->182
[2023-12-20T08:51:57.321-0800][55667766ms] GC(2903) Humongous regions: 5->5
[2023-12-20T08:51:57.321-0800][55667766ms] GC(2903) Metaspace: 256502K->256502K(1294336K)
[2023-12-20T08:51:57.321-0800][55667766ms] GC(2903) Pause Young (Normal) (G1 Evacuation Pause) 1939M->434M(2612M) 29.127ms
[2023-12-20T08:51:57.321-0800][55667766ms] GC(2903) User=0.08s Sys=0.00s Real=0.03s
[2023-12-20T08:51:58.088-0800][55668533ms] GC(2904) Pause Young (Normal) (G1 Evacuation Pause)
[2023-12-20T08:51:58.088-0800][55668533ms] GC(2904) Using 10 workers of 10 for evacuation
[2023-12-20T08:51:58.117-0800][55668562ms] GC(2904)   Pre Evacuate Collection Set: 0.0ms
[2023-12-20T08:51:58.117-0800][55668562ms] GC(2904)   Evacuate Collection Set: 27.3ms
[2023-12-20T08:51:58.117-0800][55668562ms] GC(2904)   Post Evacuate Collection Set: 2.6ms
[2023-12-20T08:51:58.117-0800][55668562ms] GC(2904)   Other: 0.4ms
[2023-12-20T08:51:58.117-0800][55668562ms] GC(2904) Eden regions: 752->0(753)
[2023-12-20T08:51:58.117-0800][55668562ms] GC(2904) Survivor regions: 31->30(98)
[2023-12-20T08:51:58.117-0800][55668562ms] GC(2904) Old regions: 182->182
[2023-12-20T08:51:58.117-0800][55668562ms] GC(2904) Humongous regions: 5->5
[2023-12-20T08:51:58.117-0800][55668562ms] GC(2904) Metaspace: 256502K->256502K(1294336K)
[2023-12-20T08:51:58.117-0800][55668562ms] GC(2904) Pause Young (Normal) (G1 Evacuation Pause) 1938M->433M(2612M) 30.420ms
[2023-12-20T08:51:58.117-0800][55668562ms] GC(2904) User=0.09s Sys=0.00s Real=0.03s
[2023-12-20T08:51:58.979-0800][55669424ms] GC(2905) Pause Young (Normal) (G1 Evacuation Pause)
[2023-12-20T08:51:58.979-0800][55669424ms] GC(2905) Using 10 workers of 10 for evacuation
[2023-12-20T08:51:59.006-0800][55669451ms] GC(2905)   Pre Evacuate Collection Set: 0.0ms
[2023-12-20T08:51:59.007-0800][55669452ms] GC(2905)   Evacuate Collection Set: 25.6ms
[2023-12-20T08:51:59.007-0800][55669452ms] GC(2905)   Post Evacuate Collection Set: 2.3ms
[2023-12-20T08:51:59.007-0800][55669452ms] GC(2905)   Other: 0.4ms
[2023-12-20T08:51:59.007-0800][55669452ms] GC(2905) Eden regions: 753->0(753)
[2023-12-20T08:51:59.007-0800][55669452ms] GC(2905) Survivor regions: 30->30(98)
[2023-12-20T08:51:59.007-0800][55669452ms] GC(2905) Old regions: 182->182
[2023-12-20T08:51:59.007-0800][55669452ms] GC(2905) Humongous regions: 5->5
[2023-12-20T08:51:59.007-0800][55669452ms] GC(2905) Metaspace: 256502K->256502K(1294336K)
[2023-12-20T08:51:59.007-0800][55669452ms] GC(2905) Pause Young (Normal) (G1 Evacuation Pause) 1939M->433M(2612M) 28.457ms
[2023-12-20T08:51:59.007-0800][55669452ms] GC(2905) User=0.11s Sys=0.00s Real=0.03s
[2023-12-20T08:51:59.848-0800][55670293ms] GC(2906) Pause Young (Normal) (G1 Evacuation Pause)
[2023-12-20T08:51:59.848-0800][55670293ms] GC(2906) Using 10 workers of 10 for evacuation
[2023-12-20T08:51:59.876-0800][55670321ms] GC(2906)   Pre Evacuate Collection Set: 0.0ms
[2023-12-20T08:51:59.876-0800][55670321ms] GC(2906)   Evacuate Collection Set: 24.7ms
[2023-12-20T08:51:59.876-0800][55670321ms] GC(2906)   Post Evacuate Collection Set: 2.7ms
[2023-12-20T08:51:59.876-0800][55670321ms] GC(2906)   Other: 0.4ms
[2023-12-20T08:51:59.876-0800][55670321ms] GC(2906) Eden regions: 753->0(753)
[2023-12-20T08:51:59.876-0800][55670321ms] GC(2906) Survivor regions: 30->30(98)
[2023-12-20T08:51:59.876-0800][55670321ms] GC(2906) Old regions: 182->182
[2023-12-20T08:51:59.876-0800][55670321ms] GC(2906) Humongous regions: 5->5
[2023-12-20T08:51:59.876-0800][55670321ms] GC(2906) Metaspace: 256502K->256502K(1294336K)
[2023-12-20T08:51:59.876-0800][55670321ms] GC(2906) Pause Young (Normal) (G1 Evacuation Pause) 1939M->433M(2612M) 27.898ms
[2023-12-20T08:51:59.876-0800][55670321ms] GC(2906) User=0.05s Sys=0.00s Real=0.03s
[2023-12-20T08:52:00.837-0800][55671282ms] GC(2907) Pause Young (Normal) (GCLocker Initiated GC)
[2023-12-20T08:52:00.837-0800][55671282ms] GC(2907) Using 10 workers of 10 for evacuation
[2023-12-20T08:52:00.867-0800][55671312ms] GC(2907)   Pre Evacuate Collection Set: 0.1ms
[2023-12-20T08:52:00.867-0800][55671312ms] GC(2907)   Evacuate Collection Set: 26.4ms
[2023-12-20T08:52:00.867-0800][55671312ms] GC(2907)   Post Evacuate Collection Set: 2.6ms
[2023-12-20T08:52:00.867-0800][55671312ms] GC(2907)   Other: 0.4ms
[2023-12-20T08:52:00.867-0800][55671312ms] GC(2907) Eden regions: 754->0(753)
[2023-12-20T08:52:00.867-0800][55671312ms] GC(2907) Survivor regions: 30->30(98)
[2023-12-20T08:52:00.867-0800][55671312ms] GC(2907) Old regions: 182->182
[2023-12-20T08:52:00.867-0800][55671312ms] GC(2907) Humongous regions: 5->5
[2023-12-20T08:52:00.867-0800][55671312ms] GC(2907) Metaspace: 256502K->256502K(1294336K)
[2023-12-20T08:52:00.867-0800][55671312ms] GC(2907) Pause Young (Normal) (GCLocker Initiated GC) 1940M->433M(2612M) 29.583ms
[2023-12-20T08:52:00.867-0800][55671312ms] GC(2907) User=0.11s Sys=0.00s Real=0.03s
[2023-12-20T08:52:02.021-0800][55672466ms] GC(2908) Pause Young (Normal) (GCLocker Initiated GC)
[2023-12-20T08:52:02.021-0800][55672466ms] GC(2908) Using 10 workers of 10 for evacuation
[2023-12-20T08:52:02.052-0800][55672497ms] GC(2908)   Pre Evacuate Collection Set: 0.0ms
[2023-12-20T08:52:02.052-0800][55672497ms] GC(2908)   Evacuate Collection Set: 28.1ms
[2023-12-20T08:52:02.052-0800][55672497ms] GC(2908)   Post Evacuate Collection Set: 3.3ms
[2023-12-20T08:52:02.052-0800][55672497ms] GC(2908)   Other: 0.4ms
[2023-12-20T08:52:02.052-0800][55672497ms] GC(2908) Eden regions: 754->0(753)
[2023-12-20T08:52:02.052-0800][55672497ms] GC(2908) Survivor regions: 30->30(98)
[2023-12-20T08:52:02.052-0800][55672497ms] GC(2908) Old regions: 182->182
[2023-12-20T08:52:02.052-0800][55672497ms] GC(2908) Humongous regions: 5->5
[2023-12-20T08:52:02.052-0800][55672497ms] GC(2908) Metaspace: 256502K->256502K(1294336K)
[2023-12-20T08:52:02.052-0800][55672497ms] GC(2908) Pause Young (Normal) (GCLocker Initiated GC) 1940M->433M(2612M) 32.002ms
[2023-12-20T08:52:02.052-0800][55672497ms] GC(2908) User=0.30s Sys=0.02s Real=0.03s
[2023-12-20T08:52:02.987-0800][55673432ms] GC(2909) Pause Young (Normal) (G1 Evacuation Pause)
[2023-12-20T08:52:02.987-0800][55673432ms] GC(2909) Using 10 workers of 10 for evacuation
[2023-12-20T08:52:03.017-0800][55673462ms] GC(2909)   Pre Evacuate Collection Set: 0.0ms
[2023-12-20T08:52:03.017-0800][55673462ms] GC(2909)   Evacuate Collection Set: 26.5ms
[2023-12-20T08:52:03.017-0800][55673462ms] GC(2909)   Post Evacuate Collection Set: 2.5ms
[2023-12-20T08:52:03.017-0800][55673462ms] GC(2909)   Other: 0.4ms
[2023-12-20T08:52:03.017-0800][55673462ms] GC(2909) Eden regions: 753->0(753)
[2023-12-20T08:52:03.017-0800][55673462ms] GC(2909) Survivor regions: 30->30(98)
[2023-12-20T08:52:03.017-0800][55673462ms] GC(2909) Old regions: 182->182
[2023-12-20T08:52:03.017-0800][55673462ms] GC(2909) Humongous regions: 5->5
[2023-12-20T08:52:03.017-0800][55673462ms] GC(2909) Metaspace: 256502K->256502K(1294336K)
[2023-12-20T08:52:03.017-0800][55673462ms] GC(2909) Pause Young (Normal) (G1 Evacuation Pause) 1939M->433M(2612M) 29.584ms
[2023-12-20T08:52:03.017-0800][55673462ms] GC(2909) User=0.13s Sys=0.02s Real=0.03s
[2023-12-20T08:52:03.826-0800][55674271ms] GC(2910) Pause Young (Normal) (G1 Evacuation Pause)
[2023-12-20T08:52:03.826-0800][55674271ms] GC(2910) Using 10 workers of 10 for evacuation
[2023-12-20T08:52:03.855-0800][55674300ms] GC(2910)   Pre Evacuate Collection Set: 0.0ms
[2023-12-20T08:52:03.855-0800][55674300ms] GC(2910)   Evacuate Collection Set: 25.9ms
[2023-12-20T08:52:03.855-0800][55674300ms] GC(2910)   Post Evacuate Collection Set: 2.7ms
[2023-12-20T08:52:03.855-0800][55674300ms] GC(2910)   Other: 0.4ms
[2023-12-20T08:52:03.855-0800][55674300ms] GC(2910) Eden regions: 753->0(753)
[2023-12-20T08:52:03.855-0800][55674300ms] GC(2910) Survivor regions: 30->30(98)
[2023-12-20T08:52:03.855-0800][55674300ms] GC(2910) Old regions: 182->182
[2023-12-20T08:52:03.855-0800][55674300ms] GC(2910) Humongous regions: 5->5
[2023-12-20T08:52:03.855-0800][55674300ms] GC(2910) Metaspace: 256502K->256502K(1294336K)
[2023-12-20T08:52:03.855-0800][55674300ms] GC(2910) Pause Young (Normal) (G1 Evacuation Pause) 1939M->433M(2612M) 29.100ms
[2023-12-20T08:52:03.855-0800][55674300ms] GC(2910) User=0.11s Sys=0.00s Real=0.03s
[2023-12-20T08:52:04.844-0800][55675289ms] GC(2911) Pause Young (Normal) (G1 Evacuation Pause)
[2023-12-20T08:52:04.844-0800][55675289ms] GC(2911) Using 10 workers of 10 for evacuation
[2023-12-20T08:52:04.876-0800][55675321ms] GC(2911)   Pre Evacuate Collection Set: 0.1ms
[2023-12-20T08:52:04.876-0800][55675321ms] GC(2911)   Evacuate Collection Set: 28.5ms
[2023-12-20T08:52:04.876-0800][55675321ms] GC(2911)   Post Evacuate Collection Set: 3.4ms
[2023-12-20T08:52:04.876-0800][55675321ms] GC(2911)   Other: 0.4ms
[2023-12-20T08:52:04.876-0800][55675321ms] GC(2911) Eden regions: 753->0(754)
[2023-12-20T08:52:04.876-0800][55675321ms] GC(2911) Survivor regions: 30->29(98)
[2023-12-20T08:52:04.876-0800][55675321ms] GC(2911) Old regions: 182->182
[2023-12-20T08:52:04.876-0800][55675321ms] GC(2911) Humongous regions: 5->5
[2023-12-20T08:52:04.876-0800][55675321ms] GC(2911) Metaspace: 256502K->256502K(1294336K)
[2023-12-20T08:52:04.876-0800][55675321ms] GC(2911) Pause Young (Normal) (G1 Evacuation Pause) 1939M->431M(2612M) 32.546ms
[2023-12-20T08:52:04.876-0800][55675321ms] GC(2911) User=0.09s Sys=0.00s Real=0.03s
[2023-12-20T08:52:05.774-0800][55676219ms] GC(2912) Pause Young (Normal) (G1 Evacuation Pause)
[2023-12-20T08:52:05.774-0800][55676219ms] GC(2912) Using 10 workers of 10 for evacuation
[2023-12-20T08:52:05.804-0800][55676249ms] GC(2912)   Pre Evacuate Collection Set: 0.0ms
[2023-12-20T08:52:05.804-0800][55676249ms] GC(2912)   Evacuate Collection Set: 27.0ms
[2023-12-20T08:52:05.804-0800][55676249ms] GC(2912)   Post Evacuate Collection Set: 2.4ms
[2023-12-20T08:52:05.804-0800][55676249ms] GC(2912)   Other: 0.4ms
[2023-12-20T08:52:05.804-0800][55676249ms] GC(2912) Eden regions: 754->0(753)
[2023-12-20T08:52:05.804-0800][55676249ms] GC(2912) Survivor regions: 29->30(98)
[2023-12-20T08:52:05.804-0800][55676249ms] GC(2912) Old regions: 182->182
[2023-12-20T08:52:05.804-0800][55676249ms] GC(2912) Humongous regions: 5->5
[2023-12-20T08:52:05.804-0800][55676249ms] GC(2912) Metaspace: 256502K->256502K(1294336K)
[2023-12-20T08:52:05.804-0800][55676249ms] GC(2912) Pause Young (Normal) (G1 Evacuation Pause) 1939M->432M(2612M) 29.881ms
[2023-12-20T08:52:05.804-0800][55676249ms] GC(2912) User=0.11s Sys=0.00s Real=0.03s
[2023-12-20T08:52:06.680-0800][55677125ms] GC(2913) Pause Young (Normal) (G1 Evacuation Pause)
[2023-12-20T08:52:06.680-0800][55677125ms] GC(2913) Using 10 workers of 10 for evacuation
[2023-12-20T08:52:06.707-0800][55677152ms] GC(2913)   Pre Evacuate Collection Set: 0.0ms
[2023-12-20T08:52:06.707-0800][55677152ms] GC(2913)   Evacuate Collection Set: 24.9ms
[2023-12-20T08:52:06.707-0800][55677152ms] GC(2913)   Post Evacuate Collection Set: 2.4ms
[2023-12-20T08:52:06.707-0800][55677152ms] GC(2913)   Other: 0.3ms
[2023-12-20T08:52:06.707-0800][55677152ms] GC(2913) Eden regions: 753->0(753)
[2023-12-20T08:52:06.707-0800][55677152ms] GC(2913) Survivor regions: 30->30(98)
[2023-12-20T08:52:06.707-0800][55677152ms] GC(2913) Old regions: 182->182
[2023-12-20T08:52:06.707-0800][55677152ms] GC(2913) Humongous regions: 5->5
[2023-12-20T08:52:06.707-0800][55677152ms] GC(2913) Metaspace: 256502K->256502K(1294336K)
[2023-12-20T08:52:06.707-0800][55677152ms] GC(2913) Pause Young (Normal) (G1 Evacuation Pause) 1938M->433M(2612M) 27.823ms
[2023-12-20T08:52:06.707-0800][55677152ms] GC(2913) User=0.08s Sys=0.00s Real=0.03s
[2023-12-20T08:52:07.598-0800][55678043ms] GC(2914) Pause Young (Normal) (G1 Evacuation Pause)
[2023-12-20T08:52:07.598-0800][55678043ms] GC(2914) Using 10 workers of 10 for evacuation
[2023-12-20T08:52:07.627-0800][55678072ms] GC(2914)   Pre Evacuate Collection Set: 0.0ms
[2023-12-20T08:52:07.627-0800][55678072ms] GC(2914)   Evacuate Collection Set: 26.5ms
[2023-12-20T08:52:07.627-0800][55678072ms] GC(2914)   Post Evacuate Collection Set: 2.5ms
[2023-12-20T08:52:07.627-0800][55678072ms] GC(2914)   Other: 0.4ms
[2023-12-20T08:52:07.627-0800][55678072ms] GC(2914) Eden regions: 753->0(753)
[2023-12-20T08:52:07.627-0800][55678072ms] GC(2914) Survivor regions: 30->30(98)
[2023-12-20T08:52:07.627-0800][55678072ms] GC(2914) Old regions: 182->182
[2023-12-20T08:52:07.627-0800][55678072ms] GC(2914) Humongous regions: 5->5
[2023-12-20T08:52:07.627-0800][55678072ms] GC(2914) Metaspace: 256502K->256502K(1294336K)
[2023-12-20T08:52:07.627-0800][55678072ms] GC(2914) Pause Young (Normal) (G1 Evacuation Pause) 1939M->433M(2612M) 29.562ms
[2023-12-20T08:52:07.627-0800][55678072ms] GC(2914) User=0.14s Sys=0.00s Real=0.03s
[2023-12-20T08:52:08.486-0800][55678931ms] GC(2915) Pause Young (Normal) (G1 Evacuation Pause)
[2023-12-20T08:52:08.486-0800][55678931ms] GC(2915) Using 10 workers of 10 for evacuation
[2023-12-20T08:52:08.516-0800][55678961ms] GC(2915)   Pre Evacuate Collection Set: 0.0ms
[2023-12-20T08:52:08.516-0800][55678961ms] GC(2915)   Evacuate Collection Set: 26.2ms
[2023-12-20T08:52:08.516-0800][55678961ms] GC(2915)   Post Evacuate Collection Set: 2.5ms
[2023-12-20T08:52:08.516-0800][55678961ms] GC(2915)   Other: 0.3ms
[2023-12-20T08:52:08.516-0800][55678961ms] GC(2915) Eden regions: 753->0(753)
[2023-12-20T08:52:08.516-0800][55678961ms] GC(2915) Survivor regions: 30->30(98)
[2023-12-20T08:52:08.516-0800][55678961ms] GC(2915) Old regions: 182->182
[2023-12-20T08:52:08.516-0800][55678961ms] GC(2915) Humongous regions: 5->5
[2023-12-20T08:52:08.516-0800][55678961ms] GC(2915) Metaspace: 256502K->256502K(1294336K)
[2023-12-20T08:52:08.516-0800][55678961ms] GC(2915) Pause Young (Normal) (G1 Evacuation Pause) 1939M->433M(2612M) 29.268ms
[2023-12-20T08:52:08.516-0800][55678961ms] GC(2915) User=0.13s Sys=0.00s Real=0.03s
[2023-12-20T08:52:09.381-0800][55679826ms] GC(2916) Pause Young (Normal) (G1 Evacuation Pause)
[2023-12-20T08:52:09.381-0800][55679826ms] GC(2916) Using 10 workers of 10 for evacuation
[2023-12-20T08:52:09.410-0800][55679855ms] GC(2916)   Pre Evacuate Collection Set: 0.0ms
[2023-12-20T08:52:09.410-0800][55679855ms] GC(2916)   Evacuate Collection Set: 26.1ms
[2023-12-20T08:52:09.410-0800][55679855ms] GC(2916)   Post Evacuate Collection Set: 2.4ms
[2023-12-20T08:52:09.410-0800][55679855ms] GC(2916)   Other: 0.4ms
[2023-12-20T08:52:09.410-0800][55679855ms] GC(2916) Eden regions: 753->0(754)
[2023-12-20T08:52:09.410-0800][55679855ms] GC(2916) Survivor regions: 30->29(98)
[2023-12-20T08:52:09.410-0800][55679855ms] GC(2916) Old regions: 182->182
[2023-12-20T08:52:09.410-0800][55679855ms] GC(2916) Humongous regions: 5->5
[2023-12-20T08:52:09.410-0800][55679855ms] GC(2916) Metaspace: 256502K->256502K(1294336K)
[2023-12-20T08:52:09.410-0800][55679855ms] GC(2916) Pause Young (Normal) (G1 Evacuation Pause) 1939M->431M(2612M) 29.031ms
[2023-12-20T08:52:09.410-0800][55679855ms] GC(2916) User=0.25s Sys=0.00s Real=0.03s
[2023-12-20T08:52:10.182-0800][55680627ms] GC(2917) Pause Young (Normal) (G1 Evacuation Pause)
[2023-12-20T08:52:10.182-0800][55680627ms] GC(2917) Using 10 workers of 10 for evacuation
[2023-12-20T08:52:10.211-0800][55680656ms] GC(2917)   Pre Evacuate Collection Set: 0.0ms
[2023-12-20T08:52:10.211-0800][55680656ms] GC(2917)   Evacuate Collection Set: 25.7ms
[2023-12-20T08:52:10.211-0800][55680656ms] GC(2917)   Post Evacuate Collection Set: 2.5ms
[2023-12-20T08:52:10.211-0800][55680656ms] GC(2917)   Other: 0.4ms
[2023-12-20T08:52:10.211-0800][55680656ms] GC(2917) Eden regions: 754->0(753)
[2023-12-20T08:52:10.211-0800][55680656ms] GC(2917) Survivor regions: 29->30(98)
[2023-12-20T08:52:10.211-0800][55680656ms] GC(2917) Old regions: 182->182
[2023-12-20T08:52:10.211-0800][55680656ms] GC(2917) Humongous regions: 5->5
[2023-12-20T08:52:10.211-0800][55680656ms] GC(2917) Metaspace: 256502K->256502K(1294336K)
[2023-12-20T08:52:10.211-0800][55680656ms] GC(2917) Pause Young (Normal) (G1 Evacuation Pause) 1939M->433M(2612M) 28.729ms
[2023-12-20T08:52:10.211-0800][55680656ms] GC(2917) User=0.08s Sys=0.00s Real=0.03s
[2023-12-20T08:52:11.088-0800][55681533ms] GC(2918) Pause Young (Normal) (G1 Evacuation Pause)
[2023-12-20T08:52:11.088-0800][55681533ms] GC(2918) Using 10 workers of 10 for evacuation
[2023-12-20T08:52:11.117-0800][55681562ms] GC(2918)   Pre Evacuate Collection Set: 0.0ms
[2023-12-20T08:52:11.117-0800][55681562ms] GC(2918)   Evacuate Collection Set: 25.5ms
[2023-12-20T08:52:11.117-0800][55681562ms] GC(2918)   Post Evacuate Collection Set: 2.6ms
[2023-12-20T08:52:11.117-0800][55681562ms] GC(2918)   Other: 0.3ms
[2023-12-20T08:52:11.117-0800][55681562ms] GC(2918) Eden regions: 753->0(753)
[2023-12-20T08:52:11.117-0800][55681562ms] GC(2918) Survivor regions: 30->30(98)
[2023-12-20T08:52:11.117-0800][55681562ms] GC(2918) Old regions: 182->182
[2023-12-20T08:52:11.117-0800][55681562ms] GC(2918) Humongous regions: 5->5
[2023-12-20T08:52:11.117-0800][55681562ms] GC(2918) Metaspace: 256502K->256502K(1294336K)
[2023-12-20T08:52:11.117-0800][55681562ms] GC(2918) Pause Young (Normal) (G1 Evacuation Pause) 1939M->433M(2612M) 28.649ms
[2023-12-20T08:52:11.117-0800][55681562ms] GC(2918) User=0.11s Sys=0.00s Real=0.03s
[2023-12-20T08:52:11.987-0800][55682432ms] GC(2919) Pause Young (Normal) (G1 Evacuation Pause)
[2023-12-20T08:52:11.987-0800][55682432ms] GC(2919) Using 10 workers of 10 for evacuation
[2023-12-20T08:52:12.016-0800][55682461ms] GC(2919)   Pre Evacuate Collection Set: 0.0ms
[2023-12-20T08:52:12.016-0800][55682461ms] GC(2919)   Evacuate Collection Set: 25.8ms
[2023-12-20T08:52:12.016-0800][55682461ms] GC(2919)   Post Evacuate Collection Set: 3.3ms
[2023-12-20T08:52:12.016-0800][55682461ms] GC(2919)   Other: 0.4ms
[2023-12-20T08:52:12.016-0800][55682461ms] GC(2919) Eden regions: 753->0(753)
[2023-12-20T08:52:12.016-0800][55682461ms] GC(2919) Survivor regions: 30->30(98)
[2023-12-20T08:52:12.016-0800][55682461ms] GC(2919) Old regions: 182->182
[2023-12-20T08:52:12.016-0800][55682461ms] GC(2919) Humongous regions: 5->5
[2023-12-20T08:52:12.016-0800][55682461ms] GC(2919) Metaspace: 256502K->256502K(1294336K)
[2023-12-20T08:52:12.016-0800][55682461ms] GC(2919) Pause Young (Normal) (G1 Evacuation Pause) 1939M->433M(2612M) 29.646ms
[2023-12-20T08:52:12.017-0800][55682462ms] GC(2919) User=0.14s Sys=0.00s Real=0.03s
[2023-12-20T08:52:12.840-0800][55683285ms] GC(2920) Pause Young (Normal) (G1 Evacuation Pause)
[2023-12-20T08:52:12.840-0800][55683285ms] GC(2920) Using 10 workers of 10 for evacuation
[2023-12-20T08:52:12.868-0800][55683313ms] GC(2920)   Pre Evacuate Collection Set: 0.0ms
[2023-12-20T08:52:12.870-0800][55683315ms] GC(2920)   Evacuate Collection Set: 26.3ms
[2023-12-20T08:52:12.870-0800][55683315ms] GC(2920)   Post Evacuate Collection Set: 2.5ms
[2023-12-20T08:52:12.870-0800][55683315ms] GC(2920)   Other: 0.4ms
[2023-12-20T08:52:12.870-0800][55683315ms] GC(2920) Eden regions: 753->0(754)
[2023-12-20T08:52:12.870-0800][55683315ms] GC(2920) Survivor regions: 30->29(98)
[2023-12-20T08:52:12.870-0800][55683315ms] GC(2920) Old regions: 182->182
[2023-12-20T08:52:12.870-0800][55683315ms] GC(2920) Humongous regions: 5->5
[2023-12-20T08:52:12.870-0800][55683315ms] GC(2920) Metaspace: 256502K->256502K(1294336K)
[2023-12-20T08:52:12.870-0800][55683315ms] GC(2920) Pause Young (Normal) (G1 Evacuation Pause) 1939M->431M(2612M) 29.328ms
[2023-12-20T08:52:12.870-0800][55683315ms] GC(2920) User=0.11s Sys=0.00s Real=0.03s
[2023-12-20T08:52:13.806-0800][55684251ms] GC(2921) Pause Young (Normal) (G1 Evacuation Pause)
[2023-12-20T08:52:13.806-0800][55684251ms] GC(2921) Using 10 workers of 10 for evacuation
[2023-12-20T08:52:13.835-0800][55684280ms] GC(2921)   Pre Evacuate Collection Set: 0.0ms
[2023-12-20T08:52:13.835-0800][55684280ms] GC(2921)   Evacuate Collection Set: 25.7ms
[2023-12-20T08:52:13.835-0800][55684280ms] GC(2921)   Post Evacuate Collection Set: 2.7ms
[2023-12-20T08:52:13.835-0800][55684280ms] GC(2921)   Other: 0.4ms
[2023-12-20T08:52:13.835-0800][55684280ms] GC(2921) Eden regions: 754->0(753)
[2023-12-20T08:52:13.835-0800][55684280ms] GC(2921) Survivor regions: 29->30(98)
[2023-12-20T08:52:13.835-0800][55684280ms] GC(2921) Old regions: 182->182
[2023-12-20T08:52:13.835-0800][55684280ms] GC(2921) Humongous regions: 5->5
[2023-12-20T08:52:13.835-0800][55684280ms] GC(2921) Metaspace: 256502K->256502K(1294336K)
[2023-12-20T08:52:13.835-0800][55684280ms] GC(2921) Pause Young (Normal) (G1 Evacuation Pause) 1939M->433M(2612M) 28.953ms
[2023-12-20T08:52:13.835-0800][55684280ms] GC(2921) User=0.11s Sys=0.00s Real=0.03s
[2023-12-20T08:52:14.743-0800][55685188ms] GC(2922) Pause Young (Normal) (G1 Evacuation Pause)
[2023-12-20T08:52:14.743-0800][55685188ms] GC(2922) Using 10 workers of 10 for evacuation
[2023-12-20T08:52:14.774-0800][55685219ms] GC(2922)   Pre Evacuate Collection Set: 0.0ms
[2023-12-20T08:52:14.774-0800][55685219ms] GC(2922)   Evacuate Collection Set: 27.3ms
[2023-12-20T08:52:14.774-0800][55685219ms] GC(2922)   Post Evacuate Collection Set: 3.4ms
[2023-12-20T08:52:14.774-0800][55685219ms] GC(2922)   Other: 0.4ms
[2023-12-20T08:52:14.774-0800][55685219ms] GC(2922) Eden regions: 753->0(753)
[2023-12-20T08:52:14.774-0800][55685219ms] GC(2922) Survivor regions: 30->30(98)
[2023-12-20T08:52:14.774-0800][55685219ms] GC(2922) Old regions: 182->182
[2023-12-20T08:52:14.774-0800][55685219ms] GC(2922) Humongous regions: 5->5
[2023-12-20T08:52:14.774-0800][55685219ms] GC(2922) Metaspace: 256502K->256502K(1294336K)
[2023-12-20T08:52:14.774-0800][55685219ms] GC(2922) Pause Young (Normal) (G1 Evacuation Pause) 1939M->433M(2612M) 31.293ms
[2023-12-20T08:52:14.774-0800][55685219ms] GC(2922) User=0.11s Sys=0.00s Real=0.03s
[2023-12-20T08:52:15.726-0800][55686171ms] GC(2923) Pause Young (Normal) (G1 Evacuation Pause)
[2023-12-20T08:52:15.726-0800][55686171ms] GC(2923) Using 10 workers of 10 for evacuation
[2023-12-20T08:52:15.754-0800][55686199ms] GC(2923)   Pre Evacuate Collection Set: 0.0ms
[2023-12-20T08:52:15.755-0800][55686200ms] GC(2923)   Evacuate Collection Set: 25.6ms
[2023-12-20T08:52:15.755-0800][55686200ms] GC(2923)   Post Evacuate Collection Set: 2.3ms
[2023-12-20T08:52:15.755-0800][55686200ms] GC(2923)   Other: 0.4ms
[2023-12-20T08:52:15.755-0800][55686200ms] GC(2923) Eden regions: 753->0(753)
[2023-12-20T08:52:15.755-0800][55686200ms] GC(2923) Survivor regions: 30->30(98)
[2023-12-20T08:52:15.755-0800][55686200ms] GC(2923) Old regions: 182->182
[2023-12-20T08:52:15.755-0800][55686200ms] GC(2923) Humongous regions: 5->5
[2023-12-20T08:52:15.755-0800][55686200ms] GC(2923) Metaspace: 256502K->256502K(1294336K)
[2023-12-20T08:52:15.755-0800][55686200ms] GC(2923) Pause Young (Normal) (G1 Evacuation Pause) 1939M->432M(2612M) 28.554ms
[2023-12-20T08:52:15.755-0800][55686200ms] GC(2923) User=0.08s Sys=0.00s Real=0.03s
[2023-12-20T08:52:16.655-0800][55687100ms] GC(2924) Pause Young (Normal) (G1 Evacuation Pause)
[2023-12-20T08:52:16.655-0800][55687100ms] GC(2924) Using 10 workers of 10 for evacuation
[2023-12-20T08:52:16.684-0800][55687129ms] GC(2924)   Pre Evacuate Collection Set: 0.1ms
[2023-12-20T08:52:16.684-0800][55687129ms] GC(2924)   Evacuate Collection Set: 25.2ms
[2023-12-20T08:52:16.684-0800][55687129ms] GC(2924)   Post Evacuate Collection Set: 3.4ms
[2023-12-20T08:52:16.684-0800][55687129ms] GC(2924)   Other: 0.4ms
[2023-12-20T08:52:16.684-0800][55687129ms] GC(2924) Eden regions: 753->0(753)
[2023-12-20T08:52:16.684-0800][55687129ms] GC(2924) Survivor regions: 30->30(98)
[2023-12-20T08:52:16.685-0800][55687130ms] GC(2924) Old regions: 182->182
[2023-12-20T08:52:16.685-0800][55687130ms] GC(2924) Humongous regions: 5->5
[2023-12-20T08:52:16.685-0800][55687130ms] GC(2924) Metaspace: 256502K->256502K(1294336K)
[2023-12-20T08:52:16.685-0800][55687130ms] GC(2924) Pause Young (Normal) (G1 Evacuation Pause) 1938M->433M(2612M) 29.244ms
[2023-12-20T08:52:16.685-0800][55687130ms] GC(2924) User=0.13s Sys=0.00s Real=0.03s
[2023-12-20T08:52:17.546-0800][55687991ms] GC(2925) Pause Young (Normal) (G1 Evacuation Pause)
[2023-12-20T08:52:17.546-0800][55687991ms] GC(2925) Using 10 workers of 10 for evacuation
[2023-12-20T08:52:17.575-0800][55688020ms] GC(2925)   Pre Evacuate Collection Set: 0.0ms
[2023-12-20T08:52:17.575-0800][55688020ms] GC(2925)   Evacuate Collection Set: 26.1ms
[2023-12-20T08:52:17.575-0800][55688020ms] GC(2925)   Post Evacuate Collection Set: 2.7ms
[2023-12-20T08:52:17.575-0800][55688020ms] GC(2925)   Other: 0.4ms
[2023-12-20T08:52:17.575-0800][55688020ms] GC(2925) Eden regions: 753->0(753)
[2023-12-20T08:52:17.575-0800][55688020ms] GC(2925) Survivor regions: 30->30(98)
[2023-12-20T08:52:17.575-0800][55688020ms] GC(2925) Old regions: 182->182
[2023-12-20T08:52:17.575-0800][55688020ms] GC(2925) Humongous regions: 5->5
[2023-12-20T08:52:17.575-0800][55688020ms] GC(2925) Metaspace: 256502K->256502K(1294336K)
[2023-12-20T08:52:17.575-0800][55688020ms] GC(2925) Pause Young (Normal) (G1 Evacuation Pause) 1939M->433M(2612M) 29.330ms
[2023-12-20T08:52:17.575-0800][55688020ms] GC(2925) User=0.13s Sys=0.00s Real=0.03s
[2023-12-20T08:52:18.468-0800][55688913ms] GC(2926) Pause Young (Normal) (G1 Evacuation Pause)
[2023-12-20T08:52:18.468-0800][55688913ms] GC(2926) Using 10 workers of 10 for evacuation
[2023-12-20T08:52:18.496-0800][55688941ms] GC(2926)   Pre Evacuate Collection Set: 0.0ms
[2023-12-20T08:52:18.496-0800][55688941ms] GC(2926)   Evacuate Collection Set: 24.9ms
[2023-12-20T08:52:18.496-0800][55688941ms] GC(2926)   Post Evacuate Collection Set: 2.5ms
[2023-12-20T08:52:18.496-0800][55688941ms] GC(2926)   Other: 0.4ms
[2023-12-20T08:52:18.496-0800][55688941ms] GC(2926) Eden regions: 753->0(753)
[2023-12-20T08:52:18.496-0800][55688941ms] GC(2926) Survivor regions: 30->30(98)
[2023-12-20T08:52:18.496-0800][55688941ms] GC(2926) Old regions: 182->182
[2023-12-20T08:52:18.496-0800][55688941ms] GC(2926) Humongous regions: 5->5
[2023-12-20T08:52:18.496-0800][55688941ms] GC(2926) Metaspace: 256502K->256502K(1294336K)
[2023-12-20T08:52:18.496-0800][55688941ms] GC(2926) Pause Young (Normal) (G1 Evacuation Pause) 1939M->433M(2612M) 27.969ms
[2023-12-20T08:52:18.496-0800][55688941ms] GC(2926) User=0.09s Sys=0.00s Real=0.03s
[2023-12-20T08:52:19.432-0800][55689877ms] GC(2927) Pause Young (Normal) (G1 Evacuation Pause)
[2023-12-20T08:52:19.432-0800][55689877ms] GC(2927) Using 10 workers of 10 for evacuation
[2023-12-20T08:52:19.460-0800][55689905ms] GC(2927)   Pre Evacuate Collection Set: 0.0ms
[2023-12-20T08:52:19.460-0800][55689905ms] GC(2927)   Evacuate Collection Set: 25.9ms
[2023-12-20T08:52:19.460-0800][55689905ms] GC(2927)   Post Evacuate Collection Set: 2.4ms
[2023-12-20T08:52:19.460-0800][55689905ms] GC(2927)   Other: 0.4ms
[2023-12-20T08:52:19.460-0800][55689905ms] GC(2927) Eden regions: 753->0(753)
[2023-12-20T08:52:19.460-0800][55689905ms] GC(2927) Survivor regions: 30->30(98)
[2023-12-20T08:52:19.460-0800][55689905ms] GC(2927) Old regions: 182->182
[2023-12-20T08:52:19.460-0800][55689905ms] GC(2927) Humongous regions: 5->5
[2023-12-20T08:52:19.460-0800][55689905ms] GC(2927) Metaspace: 256502K->256502K(1294336K)
[2023-12-20T08:52:19.460-0800][55689905ms] GC(2927) Pause Young (Normal) (G1 Evacuation Pause) 1939M->433M(2612M) 28.918ms
[2023-12-20T08:52:19.460-0800][55689905ms] GC(2927) User=0.11s Sys=0.00s Real=0.03s
[2023-12-20T08:52:20.417-0800][55690862ms] GC(2928) Pause Young (Normal) (G1 Evacuation Pause)
[2023-12-20T08:52:20.417-0800][55690862ms] GC(2928) Using 10 workers of 10 for evacuation
[2023-12-20T08:52:20.448-0800][55690893ms] GC(2928)   Pre Evacuate Collection Set: 0.0ms
[2023-12-20T08:52:20.448-0800][55690893ms] GC(2928)   Evacuate Collection Set: 27.0ms
[2023-12-20T08:52:20.448-0800][55690893ms] GC(2928)   Post Evacuate Collection Set: 2.7ms
[2023-12-20T08:52:20.448-0800][55690893ms] GC(2928)   Other: 0.4ms
[2023-12-20T08:52:20.448-0800][55690893ms] GC(2928) Eden regions: 753->0(754)
[2023-12-20T08:52:20.448-0800][55690893ms] GC(2928) Survivor regions: 30->29(98)
[2023-12-20T08:52:20.448-0800][55690893ms] GC(2928) Old regions: 182->182
[2023-12-20T08:52:20.448-0800][55690893ms] GC(2928) Humongous regions: 5->5
[2023-12-20T08:52:20.448-0800][55690893ms] GC(2928) Metaspace: 256502K->256502K(1294336K)
[2023-12-20T08:52:20.448-0800][55690893ms] GC(2928) Pause Young (Normal) (G1 Evacuation Pause) 1939M->431M(2612M) 30.309ms
[2023-12-20T08:52:20.448-0800][55690893ms] GC(2928) User=0.16s Sys=0.00s Real=0.03s
[2023-12-20T08:52:21.407-0800][55691852ms] GC(2929) Pause Young (Normal) (G1 Evacuation Pause)
[2023-12-20T08:52:21.407-0800][55691852ms] GC(2929) Using 10 workers of 10 for evacuation
[2023-12-20T08:52:21.434-0800][55691879ms] GC(2929)   Pre Evacuate Collection Set: 0.0ms
[2023-12-20T08:52:21.434-0800][55691879ms] GC(2929)   Evacuate Collection Set: 24.7ms
[2023-12-20T08:52:21.434-0800][55691879ms] GC(2929)   Post Evacuate Collection Set: 2.3ms
[2023-12-20T08:52:21.434-0800][55691879ms] GC(2929)   Other: 0.4ms
[2023-12-20T08:52:21.434-0800][55691879ms] GC(2929) Eden regions: 754->0(753)
[2023-12-20T08:52:21.434-0800][55691879ms] GC(2929) Survivor regions: 29->30(98)
[2023-12-20T08:52:21.434-0800][55691879ms] GC(2929) Old regions: 182->182
[2023-12-20T08:52:21.434-0800][55691879ms] GC(2929) Humongous regions: 5->5
[2023-12-20T08:52:21.434-0800][55691879ms] GC(2929) Metaspace: 256502K->256502K(1294336K)
[2023-12-20T08:52:21.434-0800][55691879ms] GC(2929) Pause Young (Normal) (G1 Evacuation Pause) 1939M->433M(2612M) 27.445ms
[2023-12-20T08:52:21.434-0800][55691879ms] GC(2929) User=0.11s Sys=0.00s Real=0.03s
[2023-12-20T08:52:22.361-0800][55692806ms] GC(2930) Pause Young (Normal) (G1 Evacuation Pause)
[2023-12-20T08:52:22.361-0800][55692806ms] GC(2930) Using 10 workers of 10 for evacuation
[2023-12-20T08:52:22.391-0800][55692836ms] GC(2930)   Pre Evacuate Collection Set: 0.0ms
[2023-12-20T08:52:22.391-0800][55692836ms] GC(2930)   Evacuate Collection Set: 25.9ms
[2023-12-20T08:52:22.391-0800][55692836ms] GC(2930)   Post Evacuate Collection Set: 2.4ms
[2023-12-20T08:52:22.391-0800][55692836ms] GC(2930)   Other: 0.4ms
[2023-12-20T08:52:22.391-0800][55692836ms] GC(2930) Eden regions: 753->0(753)
[2023-12-20T08:52:22.391-0800][55692836ms] GC(2930) Survivor regions: 30->30(98)
[2023-12-20T08:52:22.391-0800][55692836ms] GC(2930) Old regions: 182->182
[2023-12-20T08:52:22.391-0800][55692836ms] GC(2930) Humongous regions: 5->5
[2023-12-20T08:52:22.391-0800][55692836ms] GC(2930) Metaspace: 256502K->256502K(1294336K)
[2023-12-20T08:52:22.391-0800][55692836ms] GC(2930) Pause Young (Normal) (G1 Evacuation Pause) 1939M->432M(2612M) 28.809ms
[2023-12-20T08:52:22.391-0800][55692836ms] GC(2930) User=0.06s Sys=0.00s Real=0.03s
[2023-12-20T08:52:23.282-0800][55693727ms] GC(2931) Pause Young (Normal) (G1 Evacuation Pause)
[2023-12-20T08:52:23.282-0800][55693727ms] GC(2931) Using 10 workers of 10 for evacuation
[2023-12-20T08:52:23.311-0800][55693756ms] GC(2931)   Pre Evacuate Collection Set: 0.0ms
[2023-12-20T08:52:23.311-0800][55693756ms] GC(2931)   Evacuate Collection Set: 25.8ms
[2023-12-20T08:52:23.311-0800][55693756ms] GC(2931)   Post Evacuate Collection Set: 2.4ms
[2023-12-20T08:52:23.311-0800][55693756ms] GC(2931)   Other: 0.3ms
[2023-12-20T08:52:23.311-0800][55693756ms] GC(2931) Eden regions: 753->0(753)
[2023-12-20T08:52:23.311-0800][55693756ms] GC(2931) Survivor regions: 30->30(98)
[2023-12-20T08:52:23.311-0800][55693756ms] GC(2931) Old regions: 182->182
[2023-12-20T08:52:23.311-0800][55693756ms] GC(2931) Humongous regions: 5->5
[2023-12-20T08:52:23.311-0800][55693756ms] GC(2931) Metaspace: 256502K->256502K(1294336K)
[2023-12-20T08:52:23.311-0800][55693756ms] GC(2931) Pause Young (Normal) (G1 Evacuation Pause) 1938M->432M(2612M) 28.724ms
[2023-12-20T08:52:23.311-0800][55693756ms] GC(2931) User=0.06s Sys=0.00s Real=0.03s
[2023-12-20T08:52:24.185-0800][55694630ms] GC(2932) Pause Young (Normal) (G1 Evacuation Pause)
[2023-12-20T08:52:24.185-0800][55694630ms] GC(2932) Using 10 workers of 10 for evacuation
[2023-12-20T08:52:24.212-0800][55694657ms] GC(2932)   Pre Evacuate Collection Set: 0.0ms
[2023-12-20T08:52:24.212-0800][55694657ms] GC(2932)   Evacuate Collection Set: 25.1ms
[2023-12-20T08:52:24.212-0800][55694657ms] GC(2932)   Post Evacuate Collection Set: 2.4ms
[2023-12-20T08:52:24.212-0800][55694657ms] GC(2932)   Other: 0.4ms
[2023-12-20T08:52:24.212-0800][55694657ms] GC(2932) Eden regions: 753->0(753)
[2023-12-20T08:52:24.212-0800][55694657ms] GC(2932) Survivor regions: 30->30(98)
[2023-12-20T08:52:24.212-0800][55694657ms] GC(2932) Old regions: 182->182
[2023-12-20T08:52:24.212-0800][55694657ms] GC(2932) Humongous regions: 5->5
[2023-12-20T08:52:24.212-0800][55694657ms] GC(2932) Metaspace: 256502K->256502K(1294336K)
[2023-12-20T08:52:24.212-0800][55694657ms] GC(2932) Pause Young (Normal) (G1 Evacuation Pause) 1938M->432M(2612M) 27.968ms
[2023-12-20T08:52:24.212-0800][55694657ms] GC(2932) User=0.08s Sys=0.00s Real=0.03s
[2023-12-20T08:52:25.061-0800][55695506ms] GC(2933) Pause Young (Normal) (G1 Evacuation Pause)
[2023-12-20T08:52:25.061-0800][55695506ms] GC(2933) Using 10 workers of 10 for evacuation
[2023-12-20T08:52:25.090-0800][55695535ms] GC(2933)   Pre Evacuate Collection Set: 0.0ms
[2023-12-20T08:52:25.090-0800][55695535ms] GC(2933)   Evacuate Collection Set: 25.6ms
[2023-12-20T08:52:25.090-0800][55695535ms] GC(2933)   Post Evacuate Collection Set: 2.7ms
[2023-12-20T08:52:25.090-0800][55695535ms] GC(2933)   Other: 0.4ms
[2023-12-20T08:52:25.090-0800][55695535ms] GC(2933) Eden regions: 753->0(753)
[2023-12-20T08:52:25.090-0800][55695535ms] GC(2933) Survivor regions: 30->30(98)
[2023-12-20T08:52:25.090-0800][55695535ms] GC(2933) Old regions: 182->182
[2023-12-20T08:52:25.090-0800][55695535ms] GC(2933) Humongous regions: 5->5
[2023-12-20T08:52:25.090-0800][55695535ms] GC(2933) Metaspace: 256502K->256502K(1294336K)
[2023-12-20T08:52:25.090-0800][55695535ms] GC(2933) Pause Young (Normal) (G1 Evacuation Pause) 1938M->433M(2612M) 28.752ms
[2023-12-20T08:52:25.090-0800][55695535ms] GC(2933) User=0.11s Sys=0.00s Real=0.03s
[2023-12-20T08:52:26.104-0800][55696549ms] GC(2934) Pause Young (Normal) (G1 Evacuation Pause)
[2023-12-20T08:52:26.104-0800][55696549ms] GC(2934) Using 10 workers of 10 for evacuation
[2023-12-20T08:52:26.135-0800][55696580ms] GC(2934)   Pre Evacuate Collection Set: 0.1ms
[2023-12-20T08:52:26.135-0800][55696580ms] GC(2934)   Evacuate Collection Set: 28.7ms
[2023-12-20T08:52:26.135-0800][55696580ms] GC(2934)   Post Evacuate Collection Set: 2.6ms
[2023-12-20T08:52:26.135-0800][55696580ms] GC(2934)   Other: 0.5ms
[2023-12-20T08:52:26.135-0800][55696580ms] GC(2934) Eden regions: 753->0(755)
[2023-12-20T08:52:26.135-0800][55696580ms] GC(2934) Survivor regions: 30->28(98)
[2023-12-20T08:52:26.135-0800][55696580ms] GC(2934) Old regions: 182->182
[2023-12-20T08:52:26.135-0800][55696580ms] GC(2934) Humongous regions: 5->5
[2023-12-20T08:52:26.135-0800][55696580ms] GC(2934) Metaspace: 256502K->256502K(1294336K)
[2023-12-20T08:52:26.135-0800][55696580ms] GC(2934) Pause Young (Normal) (G1 Evacuation Pause) 1939M->429M(2612M) 31.982ms
[2023-12-20T08:52:26.135-0800][55696580ms] GC(2934) User=0.14s Sys=0.00s Real=0.03s
[2023-12-20T08:52:27.134-0800][55697579ms] GC(2935) Pause Young (Normal) (G1 Evacuation Pause)
[2023-12-20T08:52:27.134-0800][55697579ms] GC(2935) Using 10 workers of 10 for evacuation
[2023-12-20T08:52:27.162-0800][55697607ms] GC(2935)   Pre Evacuate Collection Set: 0.0ms
[2023-12-20T08:52:27.162-0800][55697607ms] GC(2935)   Evacuate Collection Set: 25.7ms
[2023-12-20T08:52:27.162-0800][55697607ms] GC(2935)   Post Evacuate Collection Set: 2.3ms
[2023-12-20T08:52:27.163-0800][55697608ms] GC(2935)   Other: 0.4ms
[2023-12-20T08:52:27.163-0800][55697608ms] GC(2935) Eden regions: 755->0(753)
[2023-12-20T08:52:27.163-0800][55697608ms] GC(2935) Survivor regions: 28->30(98)
[2023-12-20T08:52:27.163-0800][55697608ms] GC(2935) Old regions: 182->182
[2023-12-20T08:52:27.163-0800][55697608ms] GC(2935) Humongous regions: 5->5
[2023-12-20T08:52:27.163-0800][55697608ms] GC(2935) Metaspace: 256502K->256502K(1294336K)
[2023-12-20T08:52:27.163-0800][55697608ms] GC(2935) Pause Young (Normal) (G1 Evacuation Pause) 1939M->433M(2612M) 28.511ms
[2023-12-20T08:52:27.163-0800][55697608ms] GC(2935) User=0.14s Sys=0.00s Real=0.03s
[2023-12-20T08:52:28.028-0800][55698473ms] GC(2936) Pause Young (Normal) (G1 Evacuation Pause)
[2023-12-20T08:52:28.028-0800][55698473ms] GC(2936) Using 10 workers of 10 for evacuation
[2023-12-20T08:52:28.059-0800][55698504ms] GC(2936)   Pre Evacuate Collection Set: 0.1ms
[2023-12-20T08:52:28.059-0800][55698504ms] GC(2936)   Evacuate Collection Set: 27.2ms
[2023-12-20T08:52:28.059-0800][55698504ms] GC(2936)   Post Evacuate Collection Set: 2.8ms
[2023-12-20T08:52:28.059-0800][55698504ms] GC(2936)   Other: 0.5ms
[2023-12-20T08:52:28.059-0800][55698504ms] GC(2936) Eden regions: 753->0(753)
[2023-12-20T08:52:28.059-0800][55698504ms] GC(2936) Survivor regions: 30->30(98)
[2023-12-20T08:52:28.059-0800][55698504ms] GC(2936) Old regions: 182->182
[2023-12-20T08:52:28.059-0800][55698504ms] GC(2936) Humongous regions: 5->5
[2023-12-20T08:52:28.059-0800][55698504ms] GC(2936) Metaspace: 256502K->256502K(1294336K)
[2023-12-20T08:52:28.059-0800][55698504ms] GC(2936) Pause Young (Normal) (G1 Evacuation Pause) 1939M->433M(2612M) 30.674ms
[2023-12-20T08:52:28.059-0800][55698504ms] GC(2936) User=0.14s Sys=0.00s Real=0.03s
[2023-12-20T08:52:28.990-0800][55699435ms] GC(2937) Pause Young (Normal) (G1 Evacuation Pause)
[2023-12-20T08:52:28.990-0800][55699435ms] GC(2937) Using 10 workers of 10 for evacuation
[2023-12-20T08:52:29.023-0800][55699468ms] GC(2937)   Pre Evacuate Collection Set: 0.0ms
[2023-12-20T08:52:29.023-0800][55699468ms] GC(2937)   Evacuate Collection Set: 30.9ms
[2023-12-20T08:52:29.023-0800][55699468ms] GC(2937)   Post Evacuate Collection Set: 2.6ms
[2023-12-20T08:52:29.023-0800][55699468ms] GC(2937)   Other: 0.4ms
[2023-12-20T08:52:29.023-0800][55699468ms] GC(2937) Eden regions: 753->0(753)
[2023-12-20T08:52:29.023-0800][55699468ms] GC(2937) Survivor regions: 30->30(98)
[2023-12-20T08:52:29.023-0800][55699468ms] GC(2937) Old regions: 182->182
[2023-12-20T08:52:29.023-0800][55699468ms] GC(2937) Humongous regions: 5->5
[2023-12-20T08:52:29.023-0800][55699468ms] GC(2937) Metaspace: 256502K->256502K(1294336K)
[2023-12-20T08:52:29.023-0800][55699468ms] GC(2937) Pause Young (Normal) (G1 Evacuation Pause) 1939M->432M(2612M) 34.051ms
[2023-12-20T08:52:29.023-0800][55699468ms] GC(2937) User=0.09s Sys=0.00s Real=0.03s
[2023-12-20T08:52:29.838-0800][55700283ms] GC(2938) Pause Young (Normal) (G1 Evacuation Pause)
[2023-12-20T08:52:29.838-0800][55700283ms] GC(2938) Using 10 workers of 10 for evacuation
[2023-12-20T08:52:29.866-0800][55700311ms] GC(2938)   Pre Evacuate Collection Set: 0.0ms
[2023-12-20T08:52:29.866-0800][55700311ms] GC(2938)   Evacuate Collection Set: 25.3ms
[2023-12-20T08:52:29.866-0800][55700311ms] GC(2938)   Post Evacuate Collection Set: 2.4ms
[2023-12-20T08:52:29.866-0800][55700311ms] GC(2938)   Other: 0.4ms
[2023-12-20T08:52:29.866-0800][55700311ms] GC(2938) Eden regions: 753->0(753)
[2023-12-20T08:52:29.866-0800][55700311ms] GC(2938) Survivor regions: 30->30(98)
[2023-12-20T08:52:29.866-0800][55700311ms] GC(2938) Old regions: 182->182
[2023-12-20T08:52:29.866-0800][55700311ms] GC(2938) Humongous regions: 5->5
[2023-12-20T08:52:29.866-0800][55700311ms] GC(2938) Metaspace: 256502K->256502K(1294336K)
[2023-12-20T08:52:29.866-0800][55700311ms] GC(2938) Pause Young (Normal) (G1 Evacuation Pause) 1938M->433M(2612M) 28.212ms
[2023-12-20T08:52:29.866-0800][55700311ms] GC(2938) User=0.09s Sys=0.00s Real=0.03s
[2023-12-20T08:52:30.981-0800][55701426ms] GC(2939) Pause Young (Normal) (G1 Evacuation Pause)
[2023-12-20T08:52:30.981-0800][55701426ms] GC(2939) Using 10 workers of 10 for evacuation
[2023-12-20T08:52:31.009-0800][55701454ms] GC(2939)   Pre Evacuate Collection Set: 0.0ms
[2023-12-20T08:52:31.009-0800][55701454ms] GC(2939)   Evacuate Collection Set: 25.0ms
[2023-12-20T08:52:31.009-0800][55701454ms] GC(2939)   Post Evacuate Collection Set: 2.7ms
[2023-12-20T08:52:31.009-0800][55701454ms] GC(2939)   Other: 0.4ms
[2023-12-20T08:52:31.009-0800][55701454ms] GC(2939) Eden regions: 753->0(754)
[2023-12-20T08:52:31.009-0800][55701454ms] GC(2939) Survivor regions: 30->29(98)
[2023-12-20T08:52:31.009-0800][55701454ms] GC(2939) Old regions: 182->182
[2023-12-20T08:52:31.009-0800][55701454ms] GC(2939) Humongous regions: 5->5
[2023-12-20T08:52:31.009-0800][55701454ms] GC(2939) Metaspace: 256502K->256502K(1294336K)
[2023-12-20T08:52:31.009-0800][55701454ms] GC(2939) Pause Young (Normal) (G1 Evacuation Pause) 1939M->431M(2612M) 28.268ms
[2023-12-20T08:52:31.009-0800][55701454ms] GC(2939) User=0.09s Sys=0.00s Real=0.03s
[2023-12-20T08:52:31.836-0800][55702281ms] GC(2940) Pause Young (Normal) (G1 Evacuation Pause)
[2023-12-20T08:52:31.836-0800][55702281ms] GC(2940) Using 10 workers of 10 for evacuation
[2023-12-20T08:52:31.866-0800][55702311ms] GC(2940)   Pre Evacuate Collection Set: 0.0ms
[2023-12-20T08:52:31.866-0800][55702311ms] GC(2940)   Evacuate Collection Set: 26.8ms
[2023-12-20T08:52:31.866-0800][55702311ms] GC(2940)   Post Evacuate Collection Set: 2.4ms
[2023-12-20T08:52:31.866-0800][55702311ms] GC(2940)   Other: 0.4ms
[2023-12-20T08:52:31.866-0800][55702311ms] GC(2940) Eden regions: 754->0(753)
[2023-12-20T08:52:31.866-0800][55702311ms] GC(2940) Survivor regions: 29->30(98)
[2023-12-20T08:52:31.866-0800][55702311ms] GC(2940) Old regions: 182->182
[2023-12-20T08:52:31.866-0800][55702311ms] GC(2940) Humongous regions: 5->5
[2023-12-20T08:52:31.866-0800][55702311ms] GC(2940) Metaspace: 256502K->256502K(1294336K)
[2023-12-20T08:52:31.866-0800][55702311ms] GC(2940) Pause Young (Normal) (G1 Evacuation Pause) 1939M->433M(2612M) 29.755ms
[2023-12-20T08:52:31.866-0800][55702311ms] GC(2940) User=0.09s Sys=0.00s Real=0.03s
[2023-12-20T08:52:32.578-0800][55703023ms] GC(2941) Pause Young (Normal) (G1 Evacuation Pause)
[2023-12-20T08:52:32.578-0800][55703023ms] GC(2941) Using 10 workers of 10 for evacuation
[2023-12-20T08:52:32.607-0800][55703052ms] GC(2941)   Pre Evacuate Collection Set: 0.0ms
[2023-12-20T08:52:32.607-0800][55703052ms] GC(2941)   Evacuate Collection Set: 26.0ms
[2023-12-20T08:52:32.607-0800][55703052ms] GC(2941)   Post Evacuate Collection Set: 2.5ms
[2023-12-20T08:52:32.607-0800][55703052ms] GC(2941)   Other: 0.4ms
[2023-12-20T08:52:32.607-0800][55703052ms] GC(2941) Eden regions: 753->0(753)
[2023-12-20T08:52:32.607-0800][55703052ms] GC(2941) Survivor regions: 30->30(98)
[2023-12-20T08:52:32.607-0800][55703052ms] GC(2941) Old regions: 182->182
[2023-12-20T08:52:32.607-0800][55703052ms] GC(2941) Humongous regions: 5->5
[2023-12-20T08:52:32.607-0800][55703052ms] GC(2941) Metaspace: 256502K->256502K(1294336K)
[2023-12-20T08:52:32.607-0800][55703052ms] GC(2941) Pause Young (Normal) (G1 Evacuation Pause) 1939M->432M(2612M) 28.988ms
[2023-12-20T08:52:32.607-0800][55703052ms] GC(2941) User=0.13s Sys=0.00s Real=0.03s
[2023-12-20T08:52:33.407-0800][55703852ms] GC(2942) Pause Young (Normal) (GCLocker Initiated GC)
[2023-12-20T08:52:33.407-0800][55703852ms] GC(2942) Using 10 workers of 10 for evacuation
[2023-12-20T08:52:33.436-0800][55703881ms] GC(2942)   Pre Evacuate Collection Set: 0.0ms
[2023-12-20T08:52:33.436-0800][55703881ms] GC(2942)   Evacuate Collection Set: 25.6ms
[2023-12-20T08:52:33.436-0800][55703881ms] GC(2942)   Post Evacuate Collection Set: 2.4ms
[2023-12-20T08:52:33.436-0800][55703881ms] GC(2942)   Other: 0.4ms
[2023-12-20T08:52:33.436-0800][55703881ms] GC(2942) Eden regions: 754->0(753)
[2023-12-20T08:52:33.436-0800][55703881ms] GC(2942) Survivor regions: 30->30(98)
[2023-12-20T08:52:33.436-0800][55703881ms] GC(2942) Old regions: 182->182
[2023-12-20T08:52:33.436-0800][55703881ms] GC(2942) Humongous regions: 5->5
[2023-12-20T08:52:33.436-0800][55703881ms] GC(2942) Metaspace: 256502K->256502K(1294336K)
[2023-12-20T08:52:33.436-0800][55703881ms] GC(2942) Pause Young (Normal) (GCLocker Initiated GC) 1939M->433M(2612M) 28.538ms
[2023-12-20T08:52:33.436-0800][55703881ms] GC(2942) User=0.05s Sys=0.00s Real=0.03s
[2023-12-20T08:52:34.234-0800][55704679ms] GC(2943) Pause Young (Normal) (GCLocker Initiated GC)
[2023-12-20T08:52:34.235-0800][55704680ms] GC(2943) Using 10 workers of 10 for evacuation
[2023-12-20T08:52:34.263-0800][55704708ms] GC(2943)   Pre Evacuate Collection Set: 0.0ms
[2023-12-20T08:52:34.263-0800][55704708ms] GC(2943)   Evacuate Collection Set: 25.9ms
[2023-12-20T08:52:34.263-0800][55704708ms] GC(2943)   Post Evacuate Collection Set: 2.7ms
[2023-12-20T08:52:34.263-0800][55704708ms] GC(2943)   Other: 0.4ms
[2023-12-20T08:52:34.263-0800][55704708ms] GC(2943) Eden regions: 753->0(753)
[2023-12-20T08:52:34.263-0800][55704708ms] GC(2943) Survivor regions: 30->30(98)
[2023-12-20T08:52:34.263-0800][55704708ms] GC(2943) Old regions: 182->182
[2023-12-20T08:52:34.263-0800][55704708ms] GC(2943) Humongous regions: 5->5
[2023-12-20T08:52:34.263-0800][55704708ms] GC(2943) Metaspace: 256502K->256502K(1294336K)
[2023-12-20T08:52:34.263-0800][55704708ms] GC(2943) Pause Young (Normal) (GCLocker Initiated GC) 1939M->432M(2612M) 29.104ms
[2023-12-20T08:52:34.263-0800][55704708ms] GC(2943) User=0.08s Sys=0.00s Real=0.03s
[2023-12-20T08:52:35.053-0800][55705498ms] GC(2944) Pause Young (Normal) (G1 Evacuation Pause)
[2023-12-20T08:52:35.053-0800][55705498ms] GC(2944) Using 10 workers of 10 for evacuation
[2023-12-20T08:52:35.082-0800][55705527ms] GC(2944)   Pre Evacuate Collection Set: 0.0ms
[2023-12-20T08:52:35.082-0800][55705527ms] GC(2944)   Evacuate Collection Set: 25.9ms
[2023-12-20T08:52:35.082-0800][55705527ms] GC(2944)   Post Evacuate Collection Set: 2.4ms
[2023-12-20T08:52:35.082-0800][55705527ms] GC(2944)   Other: 0.4ms
[2023-12-20T08:52:35.082-0800][55705527ms] GC(2944) Eden regions: 753->0(752)
[2023-12-20T08:52:35.082-0800][55705527ms] GC(2944) Survivor regions: 30->31(98)
[2023-12-20T08:52:35.082-0800][55705527ms] GC(2944) Old regions: 182->182
[2023-12-20T08:52:35.082-0800][55705527ms] GC(2944) Humongous regions: 5->5
[2023-12-20T08:52:35.082-0800][55705527ms] GC(2944) Metaspace: 256503K->256503K(1294336K)
[2023-12-20T08:52:35.082-0800][55705527ms] GC(2944) Pause Young (Normal) (G1 Evacuation Pause) 1938M->434M(2612M) 28.809ms
[2023-12-20T08:52:35.082-0800][55705527ms] GC(2944) User=0.11s Sys=0.00s Real=0.03s
[2023-12-20T08:52:35.791-0800][55706236ms] GC(2945) Pause Young (Normal) (G1 Evacuation Pause)
[2023-12-20T08:52:35.791-0800][55706236ms] GC(2945) Using 10 workers of 10 for evacuation
[2023-12-20T08:52:35.819-0800][55706264ms] GC(2945)   Pre Evacuate Collection Set: 0.0ms
[2023-12-20T08:52:35.819-0800][55706264ms] GC(2945)   Evacuate Collection Set: 25.4ms
[2023-12-20T08:52:35.819-0800][55706264ms] GC(2945)   Post Evacuate Collection Set: 2.5ms
[2023-12-20T08:52:35.819-0800][55706264ms] GC(2945)   Other: 0.3ms
[2023-12-20T08:52:35.819-0800][55706264ms] GC(2945) Eden regions: 752->0(752)
[2023-12-20T08:52:35.819-0800][55706264ms] GC(2945) Survivor regions: 31->31(98)
[2023-12-20T08:52:35.819-0800][55706264ms] GC(2945) Old regions: 182->182
[2023-12-20T08:52:35.819-0800][55706264ms] GC(2945) Humongous regions: 5->5
[2023-12-20T08:52:35.819-0800][55706264ms] GC(2945) Metaspace: 256503K->256503K(1294336K)
[2023-12-20T08:52:35.819-0800][55706264ms] GC(2945) Pause Young (Normal) (G1 Evacuation Pause) 1938M->434M(2612M) 28.342ms
[2023-12-20T08:52:35.819-0800][55706264ms] GC(2945) User=0.08s Sys=0.00s Real=0.03s
[2023-12-20T08:52:36.619-0800][55707064ms] GC(2946) Pause Young (Normal) (G1 Evacuation Pause)
[2023-12-20T08:52:36.619-0800][55707064ms] GC(2946) Using 10 workers of 10 for evacuation
[2023-12-20T08:52:36.647-0800][55707092ms] GC(2946)   Pre Evacuate Collection Set: 0.0ms
[2023-12-20T08:52:36.647-0800][55707092ms] GC(2946)   Evacuate Collection Set: 25.2ms
[2023-12-20T08:52:36.647-0800][55707092ms] GC(2946)   Post Evacuate Collection Set: 2.2ms
[2023-12-20T08:52:36.647-0800][55707092ms] GC(2946)   Other: 0.4ms
[2023-12-20T08:52:36.647-0800][55707092ms] GC(2946) Eden regions: 752->0(752)
[2023-12-20T08:52:36.647-0800][55707092ms] GC(2946) Survivor regions: 31->31(98)
[2023-12-20T08:52:36.647-0800][55707092ms] GC(2946) Old regions: 182->182
[2023-12-20T08:52:36.647-0800][55707092ms] GC(2946) Humongous regions: 5->5
[2023-12-20T08:52:36.647-0800][55707092ms] GC(2946) Metaspace: 256503K->256503K(1294336K)
[2023-12-20T08:52:36.647-0800][55707092ms] GC(2946) Pause Young (Normal) (G1 Evacuation Pause) 1938M->435M(2612M) 27.883ms
[2023-12-20T08:52:36.647-0800][55707092ms] GC(2946) User=0.08s Sys=0.00s Real=0.03s
[2023-12-20T08:52:37.494-0800][55707939ms] GC(2947) Pause Young (Normal) (G1 Evacuation Pause)
[2023-12-20T08:52:37.494-0800][55707939ms] GC(2947) Using 10 workers of 10 for evacuation
[2023-12-20T08:52:37.523-0800][55707968ms] GC(2947)   Pre Evacuate Collection Set: 0.0ms
[2023-12-20T08:52:37.523-0800][55707968ms] GC(2947)   Evacuate Collection Set: 26.5ms
[2023-12-20T08:52:37.523-0800][55707968ms] GC(2947)   Post Evacuate Collection Set: 2.6ms
[2023-12-20T08:52:37.523-0800][55707968ms] GC(2947)   Other: 0.4ms
[2023-12-20T08:52:37.523-0800][55707968ms] GC(2947) Eden regions: 752->0(753)
[2023-12-20T08:52:37.523-0800][55707968ms] GC(2947) Survivor regions: 31->30(98)
[2023-12-20T08:52:37.523-0800][55707968ms] GC(2947) Old regions: 182->182
[2023-12-20T08:52:37.523-0800][55707968ms] GC(2947) Humongous regions: 5->5
[2023-12-20T08:52:37.523-0800][55707968ms] GC(2947) Metaspace: 256503K->256503K(1294336K)
[2023-12-20T08:52:37.523-0800][55707968ms] GC(2947) Pause Young (Normal) (G1 Evacuation Pause) 1939M->433M(2612M) 29.633ms
[2023-12-20T08:52:37.523-0800][55707968ms] GC(2947) User=0.13s Sys=0.00s Real=0.03s
[2023-12-20T08:52:38.494-0800][55708939ms] GC(2948) Pause Young (Normal) (G1 Evacuation Pause)
[2023-12-20T08:52:38.494-0800][55708939ms] GC(2948) Using 10 workers of 10 for evacuation
[2023-12-20T08:52:38.525-0800][55708970ms] GC(2948)   Pre Evacuate Collection Set: 0.0ms
[2023-12-20T08:52:38.525-0800][55708970ms] GC(2948)   Evacuate Collection Set: 28.5ms
[2023-12-20T08:52:38.525-0800][55708970ms] GC(2948)   Post Evacuate Collection Set: 2.6ms
[2023-12-20T08:52:38.525-0800][55708970ms] GC(2948)   Other: 0.4ms
[2023-12-20T08:52:38.525-0800][55708970ms] GC(2948) Eden regions: 753->0(753)
[2023-12-20T08:52:38.525-0800][55708970ms] GC(2948) Survivor regions: 30->30(98)
[2023-12-20T08:52:38.525-0800][55708970ms] GC(2948) Old regions: 182->182
[2023-12-20T08:52:38.525-0800][55708970ms] GC(2948) Humongous regions: 5->5
[2023-12-20T08:52:38.525-0800][55708970ms] GC(2948) Metaspace: 256503K->256503K(1294336K)
[2023-12-20T08:52:38.525-0800][55708970ms] GC(2948) Pause Young (Normal) (G1 Evacuation Pause) 1939M->433M(2612M) 31.706ms
[2023-12-20T08:52:38.525-0800][55708970ms] GC(2948) User=0.09s Sys=0.00s Real=0.03s
[2023-12-20T08:52:39.365-0800][55709810ms] GC(2949) Pause Young (Normal) (G1 Evacuation Pause)
[2023-12-20T08:52:39.365-0800][55709810ms] GC(2949) Using 10 workers of 10 for evacuation
[2023-12-20T08:52:39.393-0800][55709838ms] GC(2949)   Pre Evacuate Collection Set: 0.0ms
[2023-12-20T08:52:39.393-0800][55709838ms] GC(2949)   Evacuate Collection Set: 24.5ms
[2023-12-20T08:52:39.393-0800][55709838ms] GC(2949)   Post Evacuate Collection Set: 2.2ms
[2023-12-20T08:52:39.393-0800][55709838ms] GC(2949)   Other: 0.3ms
[2023-12-20T08:52:39.393-0800][55709838ms] GC(2949) Eden regions: 753->0(752)
[2023-12-20T08:52:39.393-0800][55709838ms] GC(2949) Survivor regions: 30->31(98)
[2023-12-20T08:52:39.393-0800][55709838ms] GC(2949) Old regions: 182->182
[2023-12-20T08:52:39.393-0800][55709838ms] GC(2949) Humongous regions: 5->5
[2023-12-20T08:52:39.393-0800][55709838ms] GC(2949) Metaspace: 256503K->256503K(1294336K)
[2023-12-20T08:52:39.393-0800][55709838ms] GC(2949) Pause Young (Normal) (G1 Evacuation Pause) 1939M->434M(2612M) 27.162ms
[2023-12-20T08:52:39.393-0800][55709838ms] GC(2949) User=0.14s Sys=0.00s Real=0.03s
[2023-12-20T08:52:39.976-0800][55710421ms] GC(2950) Pause Young (Normal) (G1 Evacuation Pause)
[2023-12-20T08:52:39.976-0800][55710421ms] GC(2950) Using 10 workers of 10 for evacuation
[2023-12-20T08:52:40.004-0800][55710449ms] GC(2950)   Pre Evacuate Collection Set: 0.0ms
[2023-12-20T08:52:40.004-0800][55710449ms] GC(2950)   Evacuate Collection Set: 25.2ms
[2023-12-20T08:52:40.004-0800][55710449ms] GC(2950)   Post Evacuate Collection Set: 2.4ms
[2023-12-20T08:52:40.004-0800][55710449ms] GC(2950)   Other: 0.4ms
[2023-12-20T08:52:40.004-0800][55710449ms] GC(2950) Eden regions: 752->0(753)
[2023-12-20T08:52:40.004-0800][55710449ms] GC(2950) Survivor regions: 31->30(98)
[2023-12-20T08:52:40.004-0800][55710449ms] GC(2950) Old regions: 182->182
[2023-12-20T08:52:40.004-0800][55710449ms] GC(2950) Humongous regions: 5->5
[2023-12-20T08:52:40.004-0800][55710449ms] GC(2950) Metaspace: 256503K->256503K(1294336K)
[2023-12-20T08:52:40.004-0800][55710449ms] GC(2950) Pause Young (Normal) (G1 Evacuation Pause) 1938M->433M(2612M) 28.117ms
[2023-12-20T08:52:40.004-0800][55710449ms] GC(2950) User=0.06s Sys=0.00s Real=0.03s
[2023-12-20T08:52:40.599-0800][55711044ms] GC(2951) Pause Young (Normal) (G1 Evacuation Pause)
[2023-12-20T08:52:40.599-0800][55711044ms] GC(2951) Using 10 workers of 10 for evacuation
[2023-12-20T08:52:40.627-0800][55711072ms] GC(2951)   Pre Evacuate Collection Set: 0.0ms
[2023-12-20T08:52:40.627-0800][55711072ms] GC(2951)   Evacuate Collection Set: 25.7ms
[2023-12-20T08:52:40.627-0800][55711072ms] GC(2951)   Post Evacuate Collection Set: 2.4ms
[2023-12-20T08:52:40.627-0800][55711072ms] GC(2951)   Other: 0.4ms
[2023-12-20T08:52:40.627-0800][55711072ms] GC(2951) Eden regions: 753->0(753)
[2023-12-20T08:52:40.627-0800][55711072ms] GC(2951) Survivor regions: 30->30(98)
[2023-12-20T08:52:40.627-0800][55711072ms] GC(2951) Old regions: 182->182
[2023-12-20T08:52:40.627-0800][55711072ms] GC(2951) Humongous regions: 5->5
[2023-12-20T08:52:40.627-0800][55711072ms] GC(2951) Metaspace: 256503K->256503K(1294336K)
[2023-12-20T08:52:40.627-0800][55711072ms] GC(2951) Pause Young (Normal) (G1 Evacuation Pause) 1939M->432M(2612M) 28.652ms
[2023-12-20T08:52:40.627-0800][55711072ms] GC(2951) User=0.19s Sys=0.00s Real=0.03s
[2023-12-20T08:52:41.252-0800][55711697ms] GC(2952) Pause Young (Normal) (G1 Evacuation Pause)
[2023-12-20T08:52:41.252-0800][55711697ms] GC(2952) Using 10 workers of 10 for evacuation
[2023-12-20T08:52:41.278-0800][55711723ms] GC(2952)   Pre Evacuate Collection Set: 0.0ms
[2023-12-20T08:52:41.278-0800][55711723ms] GC(2952)   Evacuate Collection Set: 24.6ms
[2023-12-20T08:52:41.278-0800][55711723ms] GC(2952)   Post Evacuate Collection Set: 2.4ms
[2023-12-20T08:52:41.278-0800][55711723ms] GC(2952)   Other: 0.4ms
[2023-12-20T08:52:41.278-0800][55711723ms] GC(2952) Eden regions: 753->0(752)
[2023-12-20T08:52:41.278-0800][55711723ms] GC(2952) Survivor regions: 30->31(98)
[2023-12-20T08:52:41.278-0800][55711723ms] GC(2952) Old regions: 182->182
[2023-12-20T08:52:41.278-0800][55711723ms] GC(2952) Humongous regions: 5->5
[2023-12-20T08:52:41.278-0800][55711723ms] GC(2952) Metaspace: 256503K->256503K(1294336K)
[2023-12-20T08:52:41.278-0800][55711723ms] GC(2952) Pause Young (Normal) (G1 Evacuation Pause) 1938M->434M(2612M) 27.566ms
[2023-12-20T08:52:41.278-0800][55711723ms] GC(2952) User=0.14s Sys=0.00s Real=0.03s
[2023-12-20T08:52:41.928-0800][55712373ms] GC(2953) Pause Young (Normal) (G1 Evacuation Pause)
[2023-12-20T08:52:41.928-0800][55712373ms] GC(2953) Using 10 workers of 10 for evacuation
[2023-12-20T08:52:41.954-0800][55712399ms] GC(2953)   Pre Evacuate Collection Set: 0.0ms
[2023-12-20T08:52:41.954-0800][55712399ms] GC(2953)   Evacuate Collection Set: 24.9ms
[2023-12-20T08:52:41.954-0800][55712399ms] GC(2953)   Post Evacuate Collection Set: 2.2ms
[2023-12-20T08:52:41.954-0800][55712399ms] GC(2953)   Other: 0.4ms
[2023-12-20T08:52:41.954-0800][55712399ms] GC(2953) Eden regions: 752->0(752)
[2023-12-20T08:52:41.954-0800][55712399ms] GC(2953) Survivor regions: 31->31(98)
[2023-12-20T08:52:41.954-0800][55712399ms] GC(2953) Old regions: 182->182
[2023-12-20T08:52:41.954-0800][55712399ms] GC(2953) Humongous regions: 5->5
[2023-12-20T08:52:41.954-0800][55712399ms] GC(2953) Metaspace: 256503K->256503K(1294336K)
[2023-12-20T08:52:41.954-0800][55712399ms] GC(2953) Pause Young (Normal) (G1 Evacuation Pause) 1938M->434M(2612M) 27.610ms
[2023-12-20T08:52:41.954-0800][55712399ms] GC(2953) User=0.09s Sys=0.00s Real=0.03s
[2023-12-20T08:52:42.612-0800][55713057ms] GC(2954) Pause Young (Normal) (G1 Evacuation Pause)
[2023-12-20T08:52:42.612-0800][55713057ms] GC(2954) Using 10 workers of 10 for evacuation
[2023-12-20T08:52:42.640-0800][55713085ms] GC(2954)   Pre Evacuate Collection Set: 0.1ms
[2023-12-20T08:52:42.640-0800][55713085ms] GC(2954)   Evacuate Collection Set: 25.1ms
[2023-12-20T08:52:42.640-0800][55713085ms] GC(2954)   Post Evacuate Collection Set: 2.3ms
[2023-12-20T08:52:42.640-0800][55713085ms] GC(2954)   Other: 0.4ms
[2023-12-20T08:52:42.640-0800][55713085ms] GC(2954) Eden regions: 752->0(753)
[2023-12-20T08:52:42.640-0800][55713085ms] GC(2954) Survivor regions: 31->30(98)
[2023-12-20T08:52:42.640-0800][55713085ms] GC(2954) Old regions: 182->182
[2023-12-20T08:52:42.640-0800][55713085ms] GC(2954) Humongous regions: 5->5
[2023-12-20T08:52:42.640-0800][55713085ms] GC(2954) Metaspace: 256503K->256503K(1294336K)
[2023-12-20T08:52:42.640-0800][55713085ms] GC(2954) Pause Young (Normal) (G1 Evacuation Pause) 1938M->433M(2612M) 28.104ms
[2023-12-20T08:52:42.640-0800][55713085ms] GC(2954) User=0.08s Sys=0.00s Real=0.03s
[2023-12-20T08:52:43.382-0800][55713827ms] GC(2955) Pause Young (Normal) (G1 Evacuation Pause)
[2023-12-20T08:52:43.382-0800][55713827ms] GC(2955) Using 10 workers of 10 for evacuation
[2023-12-20T08:52:43.409-0800][55713854ms] GC(2955)   Pre Evacuate Collection Set: 0.0ms
[2023-12-20T08:52:43.409-0800][55713854ms] GC(2955)   Evacuate Collection Set: 25.0ms
[2023-12-20T08:52:43.409-0800][55713854ms] GC(2955)   Post Evacuate Collection Set: 2.3ms
[2023-12-20T08:52:43.409-0800][55713854ms] GC(2955)   Other: 0.4ms
[2023-12-20T08:52:43.409-0800][55713854ms] GC(2955) Eden regions: 753->0(753)
[2023-12-20T08:52:43.409-0800][55713854ms] GC(2955) Survivor regions: 30->30(98)
[2023-12-20T08:52:43.409-0800][55713854ms] GC(2955) Old regions: 182->182
[2023-12-20T08:52:43.409-0800][55713854ms] GC(2955) Humongous regions: 5->5
[2023-12-20T08:52:43.409-0800][55713854ms] GC(2955) Metaspace: 256503K->256503K(1294336K)
[2023-12-20T08:52:43.409-0800][55713854ms] GC(2955) Pause Young (Normal) (G1 Evacuation Pause) 1939M->433M(2612M) 27.790ms
[2023-12-20T08:52:43.409-0800][55713854ms] GC(2955) User=0.14s Sys=0.00s Real=0.03s
[2023-12-20T08:52:44.252-0800][55714697ms] GC(2956) Pause Young (Normal) (G1 Evacuation Pause)
[2023-12-20T08:52:44.252-0800][55714697ms] GC(2956) Using 10 workers of 10 for evacuation
[2023-12-20T08:52:44.286-0800][55714731ms] GC(2956)   Pre Evacuate Collection Set: 0.1ms
[2023-12-20T08:52:44.286-0800][55714731ms] GC(2956)   Evacuate Collection Set: 30.4ms
[2023-12-20T08:52:44.286-0800][55714731ms] GC(2956)   Post Evacuate Collection Set: 3.1ms
[2023-12-20T08:52:44.286-0800][55714731ms] GC(2956)   Other: 0.4ms
[2023-12-20T08:52:44.286-0800][55714731ms] GC(2956) Eden regions: 753->0(751)
[2023-12-20T08:52:44.286-0800][55714731ms] GC(2956) Survivor regions: 30->32(98)
[2023-12-20T08:52:44.286-0800][55714731ms] GC(2956) Old regions: 182->182
[2023-12-20T08:52:44.286-0800][55714731ms] GC(2956) Humongous regions: 5->5
[2023-12-20T08:52:44.286-0800][55714731ms] GC(2956) Metaspace: 256503K->256503K(1294336K)
[2023-12-20T08:52:44.286-0800][55714731ms] GC(2956) Pause Young (Normal) (G1 Evacuation Pause) 1939M->436M(2612M) 34.215ms
[2023-12-20T08:52:44.286-0800][55714731ms] GC(2956) User=0.14s Sys=0.00s Real=0.03s
[2023-12-20T08:52:47.308-0800][55717754ms] GC(2957) Pause Young (Normal) (G1 Evacuation Pause)
[2023-12-20T08:52:47.309-0800][55717754ms] GC(2957) Using 10 workers of 10 for evacuation
[2023-12-20T08:52:47.351-0800][55717796ms] GC(2957)   Pre Evacuate Collection Set: 0.1ms
[2023-12-20T08:52:47.351-0800][55717796ms] GC(2957)   Evacuate Collection Set: 36.9ms
[2023-12-20T08:52:47.351-0800][55717796ms] GC(2957)   Post Evacuate Collection Set: 4.4ms
[2023-12-20T08:52:47.351-0800][55717796ms] GC(2957)   Other: 0.7ms
[2023-12-20T08:52:47.351-0800][55717796ms] GC(2957) Eden regions: 751->0(752)
[2023-12-20T08:52:47.351-0800][55717796ms] GC(2957) Survivor regions: 32->31(98)
[2023-12-20T08:52:47.351-0800][55717796ms] GC(2957) Old regions: 182->182
[2023-12-20T08:52:47.351-0800][55717796ms] GC(2957) Humongous regions: 5->5
[2023-12-20T08:52:47.351-0800][55717796ms] GC(2957) Metaspace: 256503K->256503K(1294336K)
[2023-12-20T08:52:47.351-0800][55717796ms] GC(2957) Pause Young (Normal) (G1 Evacuation Pause) 1938M->434M(2612M) 42.349ms
[2023-12-20T08:52:47.351-0800][55717796ms] GC(2957) User=0.31s Sys=0.00s Real=0.04s
[2023-12-20T08:52:52.680-0800][55723125ms] GC(2958) Pause Young (Normal) (G1 Evacuation Pause)
[2023-12-20T08:52:52.680-0800][55723125ms] GC(2958) Using 10 workers of 10 for evacuation
[2023-12-20T08:52:52.735-0800][55723180ms] GC(2958)   Pre Evacuate Collection Set: 0.3ms
[2023-12-20T08:52:52.735-0800][55723180ms] GC(2958)   Evacuate Collection Set: 48.2ms
[2023-12-20T08:52:52.735-0800][55723180ms] GC(2958)   Post Evacuate Collection Set: 5.7ms
[2023-12-20T08:52:52.735-0800][55723180ms] GC(2958)   Other: 0.7ms
[2023-12-20T08:52:52.735-0800][55723180ms] GC(2958) Eden regions: 752->0(756)
[2023-12-20T08:52:52.735-0800][55723180ms] GC(2958) Survivor regions: 31->27(98)
[2023-12-20T08:52:52.735-0800][55723180ms] GC(2958) Old regions: 182->182
[2023-12-20T08:52:52.735-0800][55723180ms] GC(2958) Humongous regions: 5->5
[2023-12-20T08:52:52.735-0800][55723180ms] GC(2958) Metaspace: 256503K->256503K(1294336K)
[2023-12-20T08:52:52.735-0800][55723180ms] GC(2958) Pause Young (Normal) (G1 Evacuation Pause) 1938M->427M(2612M) 55.232ms
[2023-12-20T08:52:52.735-0800][55723180ms] GC(2958) User=0.22s Sys=0.00s Real=0.05s
[2023-12-20T08:52:56.717-0800][55727162ms] GC(2959) Pause Young (Normal) (G1 Evacuation Pause)
[2023-12-20T08:52:56.717-0800][55727162ms] GC(2959) Using 10 workers of 10 for evacuation
[2023-12-20T08:52:56.748-0800][55727193ms] GC(2959)   Pre Evacuate Collection Set: 0.0ms
[2023-12-20T08:52:56.748-0800][55727193ms] GC(2959)   Evacuate Collection Set: 27.5ms
[2023-12-20T08:52:56.748-0800][55727193ms] GC(2959)   Post Evacuate Collection Set: 3.0ms
[2023-12-20T08:52:56.748-0800][55727193ms] GC(2959)   Other: 0.4ms
[2023-12-20T08:52:56.748-0800][55727193ms] GC(2959) Eden regions: 756->0(758)
[2023-12-20T08:52:56.748-0800][55727193ms] GC(2959) Survivor regions: 27->25(98)
[2023-12-20T08:52:56.748-0800][55727193ms] GC(2959) Old regions: 182->183
[2023-12-20T08:52:56.748-0800][55727193ms] GC(2959) Humongous regions: 5->5
[2023-12-20T08:52:56.748-0800][55727193ms] GC(2959) Metaspace: 256503K->256503K(1294336K)
[2023-12-20T08:52:56.748-0800][55727193ms] GC(2959) Pause Young (Normal) (G1 Evacuation Pause) 1939M->424M(2612M) 31.081ms
[2023-12-20T08:52:56.748-0800][55727193ms] GC(2959) User=0.09s Sys=0.00s Real=0.03s
[2023-12-20T08:52:58.098-0800][55728543ms] GC(2960) Pause Young (Normal) (G1 Evacuation Pause)
[2023-12-20T08:52:58.098-0800][55728543ms] GC(2960) Using 10 workers of 10 for evacuation
[2023-12-20T08:52:58.128-0800][55728573ms] GC(2960)   Pre Evacuate Collection Set: 0.0ms
[2023-12-20T08:52:58.128-0800][55728573ms] GC(2960)   Evacuate Collection Set: 26.2ms
[2023-12-20T08:52:58.128-0800][55728573ms] GC(2960)   Post Evacuate Collection Set: 4.0ms
[2023-12-20T08:52:58.128-0800][55728573ms] GC(2960)   Other: 0.4ms
[2023-12-20T08:52:58.128-0800][55728573ms] GC(2960) Eden regions: 758->0(757)
[2023-12-20T08:52:58.128-0800][55728573ms] GC(2960) Survivor regions: 25->26(98)
[2023-12-20T08:52:58.128-0800][55728573ms] GC(2960) Old regions: 183->183
[2023-12-20T08:52:58.128-0800][55728573ms] GC(2960) Humongous regions: 5->5
[2023-12-20T08:52:58.128-0800][55728573ms] GC(2960) Metaspace: 256503K->256503K(1294336K)
[2023-12-20T08:52:58.128-0800][55728573ms] GC(2960) Pause Young (Normal) (G1 Evacuation Pause) 1940M->426M(2612M) 30.792ms
[2023-12-20T08:52:58.128-0800][55728573ms] GC(2960) User=0.13s Sys=0.00s Real=0.03s
[2023-12-20T08:53:03.341-0800][55733786ms] GC(2961) Pause Young (Normal) (G1 Evacuation Pause)
[2023-12-20T08:53:03.341-0800][55733786ms] GC(2961) Using 10 workers of 10 for evacuation
[2023-12-20T08:53:03.390-0800][55733836ms] GC(2961)   Pre Evacuate Collection Set: 0.1ms
[2023-12-20T08:53:03.391-0800][55733836ms] GC(2961)   Evacuate Collection Set: 41.0ms
[2023-12-20T08:53:03.391-0800][55733836ms] GC(2961)   Post Evacuate Collection Set: 7.3ms
[2023-12-20T08:53:03.391-0800][55733836ms] GC(2961)   Other: 0.5ms
[2023-12-20T08:53:03.391-0800][55733836ms] GC(2961) Eden regions: 757->0(755)
[2023-12-20T08:53:03.391-0800][55733836ms] GC(2961) Survivor regions: 26->28(98)
[2023-12-20T08:53:03.391-0800][55733836ms] GC(2961) Old regions: 183->183
[2023-12-20T08:53:03.391-0800][55733836ms] GC(2961) Humongous regions: 5->5
[2023-12-20T08:53:03.391-0800][55733836ms] GC(2961) Metaspace: 256504K->256504K(1294336K)
[2023-12-20T08:53:03.391-0800][55733836ms] GC(2961) Pause Young (Normal) (G1 Evacuation Pause) 1940M->430M(2612M) 49.267ms
[2023-12-20T08:53:03.391-0800][55733836ms] GC(2961) User=0.23s Sys=0.02s Real=0.05s
[2023-12-20T08:53:07.334-0800][55737779ms] GC(2962) Pause Young (Normal) (G1 Evacuation Pause)
[2023-12-20T08:53:07.334-0800][55737779ms] GC(2962) Using 10 workers of 10 for evacuation
[2023-12-20T08:53:07.383-0800][55737828ms] GC(2962)   Pre Evacuate Collection Set: 0.1ms
[2023-12-20T08:53:07.383-0800][55737828ms] GC(2962)   Evacuate Collection Set: 43.9ms
[2023-12-20T08:53:07.383-0800][55737828ms] GC(2962)   Post Evacuate Collection Set: 4.2ms
[2023-12-20T08:53:07.383-0800][55737828ms] GC(2962)   Other: 0.5ms
[2023-12-20T08:53:07.383-0800][55737828ms] GC(2962) Eden regions: 755->0(753)
[2023-12-20T08:53:07.383-0800][55737828ms] GC(2962) Survivor regions: 28->30(98)
[2023-12-20T08:53:07.383-0800][55737828ms] GC(2962) Old regions: 183->183
[2023-12-20T08:53:07.383-0800][55737828ms] GC(2962) Humongous regions: 5->5
[2023-12-20T08:53:07.383-0800][55737828ms] GC(2962) Metaspace: 256504K->256504K(1294336K)
[2023-12-20T08:53:07.383-0800][55737828ms] GC(2962) Pause Young (Normal) (G1 Evacuation Pause) 1940M->433M(2612M) 49.024ms
[2023-12-20T08:53:07.383-0800][55737828ms] GC(2962) User=0.22s Sys=0.00s Real=0.05s
[2023-12-20T08:53:12.269-0800][55742714ms] GC(2963) Pause Young (Normal) (G1 Evacuation Pause)
[2023-12-20T08:53:12.269-0800][55742714ms] GC(2963) Using 10 workers of 10 for evacuation
[2023-12-20T08:53:12.297-0800][55742742ms] GC(2963)   Pre Evacuate Collection Set: 0.0ms
[2023-12-20T08:53:12.297-0800][55742742ms] GC(2963)   Evacuate Collection Set: 24.0ms
[2023-12-20T08:53:12.297-0800][55742742ms] GC(2963)   Post Evacuate Collection Set: 3.7ms
[2023-12-20T08:53:12.297-0800][55742742ms] GC(2963)   Other: 0.4ms
[2023-12-20T08:53:12.297-0800][55742742ms] GC(2963) Eden regions: 753->0(757)
[2023-12-20T08:53:12.297-0800][55742742ms] GC(2963) Survivor regions: 30->26(98)
[2023-12-20T08:53:12.297-0800][55742742ms] GC(2963) Old regions: 183->183
[2023-12-20T08:53:12.297-0800][55742742ms] GC(2963) Humongous regions: 5->5
[2023-12-20T08:53:12.297-0800][55742742ms] GC(2963) Metaspace: 256504K->256504K(1294336K)
[2023-12-20T08:53:12.297-0800][55742742ms] GC(2963) Pause Young (Normal) (G1 Evacuation Pause) 1939M->425M(2612M) 28.257ms
[2023-12-20T08:53:12.297-0800][55742742ms] GC(2963) User=0.11s Sys=0.00s Real=0.03s
[2023-12-20T08:53:13.016-0800][55743461ms] GC(2964) Pause Young (Normal) (G1 Evacuation Pause)
[2023-12-20T08:53:13.016-0800][55743461ms] GC(2964) Using 10 workers of 10 for evacuation
[2023-12-20T08:53:13.046-0800][55743491ms] GC(2964)   Pre Evacuate Collection Set: 0.1ms
[2023-12-20T08:53:13.046-0800][55743491ms] GC(2964)   Evacuate Collection Set: 25.7ms
[2023-12-20T08:53:13.046-0800][55743491ms] GC(2964)   Post Evacuate Collection Set: 3.5ms
[2023-12-20T08:53:13.046-0800][55743491ms] GC(2964)   Other: 0.4ms
[2023-12-20T08:53:13.046-0800][55743491ms] GC(2964) Eden regions: 757->0(757)
[2023-12-20T08:53:13.046-0800][55743491ms] GC(2964) Survivor regions: 26->26(98)
[2023-12-20T08:53:13.046-0800][55743491ms] GC(2964) Old regions: 183->183
[2023-12-20T08:53:13.046-0800][55743491ms] GC(2964) Humongous regions: 5->5
[2023-12-20T08:53:13.046-0800][55743491ms] GC(2964) Metaspace: 256504K->256504K(1294336K)
[2023-12-20T08:53:13.046-0800][55743491ms] GC(2964) Pause Young (Normal) (G1 Evacuation Pause) 1939M->425M(2612M) 29.852ms
[2023-12-20T08:53:13.046-0800][55743491ms] GC(2964) User=0.11s Sys=0.00s Real=0.03s
[2023-12-20T08:53:16.677-0800][55747122ms] GC(2965) Pause Young (Normal) (G1 Evacuation Pause)
[2023-12-20T08:53:16.678-0800][55747123ms] GC(2965) Using 10 workers of 10 for evacuation
[2023-12-20T08:53:16.756-0800][55747201ms] GC(2965)   Pre Evacuate Collection Set: 0.1ms
[2023-12-20T08:53:16.756-0800][55747201ms] GC(2965)   Evacuate Collection Set: 71.0ms
[2023-12-20T08:53:16.756-0800][55747201ms] GC(2965)   Post Evacuate Collection Set: 7.2ms
[2023-12-20T08:53:16.756-0800][55747201ms] GC(2965)   Other: 0.5ms
[2023-12-20T08:53:16.756-0800][55747201ms] GC(2965) Eden regions: 757->0(755)
[2023-12-20T08:53:16.756-0800][55747201ms] GC(2965) Survivor regions: 26->28(98)
[2023-12-20T08:53:16.756-0800][55747201ms] GC(2965) Old regions: 183->183
[2023-12-20T08:53:16.756-0800][55747201ms] GC(2965) Humongous regions: 5->5
[2023-12-20T08:53:16.756-0800][55747201ms] GC(2965) Metaspace: 256504K->256504K(1294336K)
[2023-12-20T08:53:16.756-0800][55747201ms] GC(2965) Pause Young (Normal) (G1 Evacuation Pause) 1939M->430M(2612M) 78.840ms
[2023-12-20T08:53:16.756-0800][55747201ms] GC(2965) User=0.23s Sys=0.00s Real=0.08s
[2023-12-20T08:53:23.761-0800][55754206ms] GC(2966) Pause Young (Normal) (G1 Evacuation Pause)
[2023-12-20T08:53:23.761-0800][55754206ms] GC(2966) Using 10 workers of 10 for evacuation
[2023-12-20T08:53:23.796-0800][55754241ms] GC(2966)   Pre Evacuate Collection Set: 0.1ms
[2023-12-20T08:53:23.796-0800][55754241ms] GC(2966)   Evacuate Collection Set: 31.1ms
[2023-12-20T08:53:23.796-0800][55754241ms] GC(2966)   Post Evacuate Collection Set: 3.5ms
[2023-12-20T08:53:23.796-0800][55754241ms] GC(2966)   Other: 0.5ms
[2023-12-20T08:53:23.796-0800][55754241ms] GC(2966) Eden regions: 755->0(753)
[2023-12-20T08:53:23.796-0800][55754241ms] GC(2966) Survivor regions: 28->30(98)
[2023-12-20T08:53:23.796-0800][55754241ms] GC(2966) Old regions: 183->183
[2023-12-20T08:53:23.796-0800][55754241ms] GC(2966) Humongous regions: 5->5
[2023-12-20T08:53:23.796-0800][55754241ms] GC(2966) Metaspace: 256504K->256504K(1294336K)
[2023-12-20T08:53:23.796-0800][55754241ms] GC(2966) Pause Young (Normal) (G1 Evacuation Pause) 1940M->433M(2612M) 35.331ms
[2023-12-20T08:53:23.796-0800][55754241ms] GC(2966) User=0.25s Sys=0.00s Real=0.04s
[2023-12-20T08:53:27.290-0800][55757735ms] GC(2967) Pause Young (Normal) (G1 Evacuation Pause)
[2023-12-20T08:53:27.290-0800][55757735ms] GC(2967) Using 10 workers of 10 for evacuation
[2023-12-20T08:53:27.321-0800][55757766ms] GC(2967)   Pre Evacuate Collection Set: 0.1ms
[2023-12-20T08:53:27.321-0800][55757766ms] GC(2967)   Evacuate Collection Set: 26.6ms
[2023-12-20T08:53:27.321-0800][55757766ms] GC(2967)   Post Evacuate Collection Set: 3.7ms
[2023-12-20T08:53:27.321-0800][55757766ms] GC(2967)   Other: 0.6ms
[2023-12-20T08:53:27.321-0800][55757766ms] GC(2967) Eden regions: 753->0(756)
[2023-12-20T08:53:27.321-0800][55757766ms] GC(2967) Survivor regions: 30->27(98)
[2023-12-20T08:53:27.321-0800][55757766ms] GC(2967) Old regions: 183->183
[2023-12-20T08:53:27.321-0800][55757766ms] GC(2967) Humongous regions: 5->5
[2023-12-20T08:53:27.321-0800][55757766ms] GC(2967) Metaspace: 256504K->256504K(1294336K)
[2023-12-20T08:53:27.321-0800][55757766ms] GC(2967) Pause Young (Normal) (G1 Evacuation Pause) 1939M->428M(2612M) 31.179ms
[2023-12-20T08:53:27.321-0800][55757766ms] GC(2967) User=0.27s Sys=0.00s Real=0.03s
[2023-12-20T08:53:32.631-0800][55763076ms] GC(2968) Pause Young (Normal) (G1 Evacuation Pause)
[2023-12-20T08:53:32.631-0800][55763076ms] GC(2968) Using 10 workers of 10 for evacuation
[2023-12-20T08:53:32.834-0800][55763279ms] GC(2968) MMU target violated: 201.0ms (200.0ms/201.0ms)
[2023-12-20T08:53:32.834-0800][55763279ms] GC(2968)   Pre Evacuate Collection Set: 0.1ms
[2023-12-20T08:53:32.834-0800][55763279ms] GC(2968)   Evacuate Collection Set: 197.6ms
[2023-12-20T08:53:32.834-0800][55763279ms] GC(2968)   Post Evacuate Collection Set: 4.6ms
[2023-12-20T08:53:32.834-0800][55763279ms] GC(2968)   Other: 0.7ms
[2023-12-20T08:53:32.834-0800][55763279ms] GC(2968) Eden regions: 756->0(755)
[2023-12-20T08:53:32.834-0800][55763279ms] GC(2968) Survivor regions: 27->28(98)
[2023-12-20T08:53:32.834-0800][55763279ms] GC(2968) Old regions: 183->183
[2023-12-20T08:53:32.834-0800][55763279ms] GC(2968) Humongous regions: 5->5
[2023-12-20T08:53:32.834-0800][55763279ms] GC(2968) Metaspace: 256504K->256504K(1294336K)
[2023-12-20T08:53:32.834-0800][55763279ms] GC(2968) Pause Young (Normal) (G1 Evacuation Pause) 1940M->430M(2612M) 203.064ms
[2023-12-20T08:53:32.834-0800][55763279ms] GC(2968) User=0.23s Sys=0.00s Real=0.20s
[2023-12-20T08:53:35.165-0800][55765610ms] GC(2969) Pause Young (Normal) (G1 Evacuation Pause)
[2023-12-20T08:53:35.165-0800][55765610ms] GC(2969) Using 10 workers of 10 for evacuation
[2023-12-20T08:53:35.221-0800][55765666ms] GC(2969)   Pre Evacuate Collection Set: 0.1ms
[2023-12-20T08:53:35.221-0800][55765666ms] GC(2969)   Evacuate Collection Set: 52.8ms
[2023-12-20T08:53:35.221-0800][55765666ms] GC(2969)   Post Evacuate Collection Set: 3.5ms
[2023-12-20T08:53:35.221-0800][55765666ms] GC(2969)   Other: 1.0ms
[2023-12-20T08:53:35.221-0800][55765666ms] GC(2969) Eden regions: 755->0(754)
[2023-12-20T08:53:35.221-0800][55765666ms] GC(2969) Survivor regions: 28->29(98)
[2023-12-20T08:53:35.221-0800][55765666ms] GC(2969) Old regions: 183->183
[2023-12-20T08:53:35.221-0800][55765666ms] GC(2969) Humongous regions: 5->5
[2023-12-20T08:53:35.222-0800][55765667ms] GC(2969) Metaspace: 256504K->256504K(1294336K)
[2023-12-20T08:53:35.222-0800][55765667ms] GC(2969) Pause Young (Normal) (G1 Evacuation Pause) 1940M->431M(2612M) 57.127ms
[2023-12-20T08:53:35.222-0800][55765667ms] GC(2969) User=0.31s Sys=0.00s Real=0.06s
[2023-12-20T08:53:39.010-0800][55769455ms] GC(2970) Pause Young (Normal) (G1 Evacuation Pause)
[2023-12-20T08:53:39.010-0800][55769455ms] GC(2970) Using 10 workers of 10 for evacuation
[2023-12-20T08:53:39.050-0800][55769495ms] GC(2970)   Pre Evacuate Collection Set: 0.1ms
[2023-12-20T08:53:39.050-0800][55769495ms] GC(2970)   Evacuate Collection Set: 36.7ms
[2023-12-20T08:53:39.050-0800][55769495ms] GC(2970)   Post Evacuate Collection Set: 3.5ms
[2023-12-20T08:53:39.050-0800][55769495ms] GC(2970)   Other: 0.5ms
[2023-12-20T08:53:39.050-0800][55769495ms] GC(2970) Eden regions: 754->0(753)
[2023-12-20T08:53:39.050-0800][55769495ms] GC(2970) Survivor regions: 29->30(98)
[2023-12-20T08:53:39.050-0800][55769495ms] GC(2970) Old regions: 183->183
[2023-12-20T08:53:39.050-0800][55769495ms] GC(2970) Humongous regions: 5->5
[2023-12-20T08:53:39.050-0800][55769495ms] GC(2970) Metaspace: 256504K->256504K(1294336K)
[2023-12-20T08:53:39.051-0800][55769496ms] GC(2970) Pause Young (Normal) (G1 Evacuation Pause) 1939M->433M(2612M) 41.027ms
[2023-12-20T08:53:39.051-0800][55769496ms] GC(2970) User=0.22s Sys=0.00s Real=0.04s
[2023-12-20T08:53:42.076-0800][55772521ms] GC(2971) Pause Young (Normal) (G1 Evacuation Pause)
[2023-12-20T08:53:42.076-0800][55772521ms] GC(2971) Using 10 workers of 10 for evacuation
[2023-12-20T08:53:42.123-0800][55772568ms] GC(2971)   Pre Evacuate Collection Set: 0.1ms
[2023-12-20T08:53:42.123-0800][55772568ms] GC(2971)   Evacuate Collection Set: 42.8ms
[2023-12-20T08:53:42.123-0800][55772568ms] GC(2971)   Post Evacuate Collection Set: 4.1ms
[2023-12-20T08:53:42.123-0800][55772568ms] GC(2971)   Other: 0.7ms
[2023-12-20T08:53:42.123-0800][55772568ms] GC(2971) Eden regions: 753->0(754)
[2023-12-20T08:53:42.123-0800][55772568ms] GC(2971) Survivor regions: 30->29(98)
[2023-12-20T08:53:42.123-0800][55772568ms] GC(2971) Old regions: 183->183
[2023-12-20T08:53:42.123-0800][55772568ms] GC(2971) Humongous regions: 5->5
[2023-12-20T08:53:42.123-0800][55772568ms] GC(2971) Metaspace: 256504K->256504K(1294336K)
[2023-12-20T08:53:42.124-0800][55772569ms] GC(2971) Pause Young (Normal) (G1 Evacuation Pause) 1939M->432M(2612M) 47.815ms
[2023-12-20T08:53:42.124-0800][55772569ms] GC(2971) User=0.17s Sys=0.02s Real=0.05s
[2023-12-20T08:53:49.013-0800][55779458ms] GC(2972) Pause Young (Normal) (G1 Evacuation Pause)
[2023-12-20T08:53:49.013-0800][55779458ms] GC(2972) Using 10 workers of 10 for evacuation
[2023-12-20T08:53:49.050-0800][55779495ms] GC(2972)   Pre Evacuate Collection Set: 0.1ms
[2023-12-20T08:53:49.050-0800][55779495ms] GC(2972)   Evacuate Collection Set: 32.5ms
[2023-12-20T08:53:49.051-0800][55779496ms] GC(2972)   Post Evacuate Collection Set: 3.7ms
[2023-12-20T08:53:49.051-0800][55779496ms] GC(2972)   Other: 0.6ms
[2023-12-20T08:53:49.051-0800][55779496ms] GC(2972) Eden regions: 754->0(754)
[2023-12-20T08:53:49.051-0800][55779496ms] GC(2972) Survivor regions: 29->29(98)
[2023-12-20T08:53:49.051-0800][55779496ms] GC(2972) Old regions: 183->183
[2023-12-20T08:53:49.051-0800][55779496ms] GC(2972) Humongous regions: 5->5
[2023-12-20T08:53:49.051-0800][55779496ms] GC(2972) Metaspace: 256504K->256504K(1294336K)
[2023-12-20T08:53:49.051-0800][55779496ms] GC(2972) Pause Young (Normal) (G1 Evacuation Pause) 1940M->432M(2612M) 37.002ms
[2023-12-20T08:53:49.051-0800][55779496ms] GC(2972) User=0.23s Sys=0.00s Real=0.04s
[2023-12-20T08:53:53.182-0800][55783627ms] GC(2973) Pause Young (Normal) (G1 Evacuation Pause)
[2023-12-20T08:53:53.182-0800][55783627ms] GC(2973) Using 10 workers of 10 for evacuation
[2023-12-20T08:53:53.217-0800][55783662ms] GC(2973)   Pre Evacuate Collection Set: 0.1ms
[2023-12-20T08:53:53.217-0800][55783662ms] GC(2973)   Evacuate Collection Set: 30.9ms
[2023-12-20T08:53:53.217-0800][55783662ms] GC(2973)   Post Evacuate Collection Set: 4.2ms
[2023-12-20T08:53:53.217-0800][55783662ms] GC(2973)   Other: 0.4ms
[2023-12-20T08:53:53.217-0800][55783662ms] GC(2973) Eden regions: 754->0(756)
[2023-12-20T08:53:53.217-0800][55783662ms] GC(2973) Survivor regions: 29->27(98)
[2023-12-20T08:53:53.217-0800][55783662ms] GC(2973) Old regions: 183->183
[2023-12-20T08:53:53.217-0800][55783662ms] GC(2973) Humongous regions: 5->5
[2023-12-20T08:53:53.217-0800][55783662ms] GC(2973) Metaspace: 256504K->256504K(1294336K)
[2023-12-20T08:53:53.217-0800][55783662ms] GC(2973) Pause Young (Normal) (G1 Evacuation Pause) 1940M->427M(2612M) 35.789ms
[2023-12-20T08:53:53.217-0800][55783662ms] GC(2973) User=0.17s Sys=0.00s Real=0.04s
[2023-12-20T08:53:55.104-0800][55785549ms] GC(2974) Pause Young (Normal) (G1 Evacuation Pause)
[2023-12-20T08:53:55.104-0800][55785549ms] GC(2974) Using 10 workers of 10 for evacuation
[2023-12-20T08:53:55.137-0800][55785582ms] GC(2974)   Pre Evacuate Collection Set: 0.1ms
[2023-12-20T08:53:55.137-0800][55785582ms] GC(2974)   Evacuate Collection Set: 28.8ms
[2023-12-20T08:53:55.137-0800][55785582ms] GC(2974)   Post Evacuate Collection Set: 3.9ms
[2023-12-20T08:53:55.137-0800][55785582ms] GC(2974)   Other: 0.6ms
[2023-12-20T08:53:55.137-0800][55785582ms] GC(2974) Eden regions: 756->0(755)
[2023-12-20T08:53:55.137-0800][55785582ms] GC(2974) Survivor regions: 27->28(98)
[2023-12-20T08:53:55.137-0800][55785582ms] GC(2974) Old regions: 183->183
[2023-12-20T08:53:55.137-0800][55785582ms] GC(2974) Humongous regions: 5->5
[2023-12-20T08:53:55.137-0800][55785582ms] GC(2974) Metaspace: 256504K->256504K(1294336K)
[2023-12-20T08:53:55.137-0800][55785582ms] GC(2974) Pause Young (Normal) (G1 Evacuation Pause) 1939M->430M(2612M) 33.573ms
[2023-12-20T08:53:55.137-0800][55785582ms] GC(2974) User=0.19s Sys=0.00s Real=0.03s
[2023-12-20T08:53:56.278-0800][55786723ms] GC(2975) Pause Young (Normal) (G1 Evacuation Pause)
[2023-12-20T08:53:56.278-0800][55786723ms] GC(2975) Using 10 workers of 10 for evacuation
[2023-12-20T08:53:56.304-0800][55786749ms] GC(2975)   Pre Evacuate Collection Set: 0.0ms
[2023-12-20T08:53:56.305-0800][55786750ms] GC(2975)   Evacuate Collection Set: 24.1ms
[2023-12-20T08:53:56.305-0800][55786750ms] GC(2975)   Post Evacuate Collection Set: 2.9ms
[2023-12-20T08:53:56.305-0800][55786750ms] GC(2975)   Other: 0.4ms
[2023-12-20T08:53:56.305-0800][55786750ms] GC(2975) Eden regions: 755->0(753)
[2023-12-20T08:53:56.305-0800][55786750ms] GC(2975) Survivor regions: 28->30(98)
[2023-12-20T08:53:56.305-0800][55786750ms] GC(2975) Old regions: 183->183
[2023-12-20T08:53:56.305-0800][55786750ms] GC(2975) Humongous regions: 5->5
[2023-12-20T08:53:56.305-0800][55786750ms] GC(2975) Metaspace: 256504K->256504K(1294336K)
[2023-12-20T08:53:56.305-0800][55786750ms] GC(2975) Pause Young (Normal) (G1 Evacuation Pause) 1940M->433M(2612M) 27.609ms
[2023-12-20T08:53:56.305-0800][55786750ms] GC(2975) User=0.14s Sys=0.00s Real=0.03s
[2023-12-20T08:53:57.458-0800][55787903ms] GC(2976) Pause Young (Normal) (G1 Evacuation Pause)
[2023-12-20T08:53:57.458-0800][55787903ms] GC(2976) Using 10 workers of 10 for evacuation
[2023-12-20T08:53:57.487-0800][55787932ms] GC(2976)   Pre Evacuate Collection Set: 0.0ms
[2023-12-20T08:53:57.487-0800][55787932ms] GC(2976)   Evacuate Collection Set: 26.0ms
[2023-12-20T08:53:57.487-0800][55787932ms] GC(2976)   Post Evacuate Collection Set: 2.6ms
[2023-12-20T08:53:57.487-0800][55787932ms] GC(2976)   Other: 0.3ms
[2023-12-20T08:53:57.487-0800][55787932ms] GC(2976) Eden regions: 753->0(753)
[2023-12-20T08:53:57.487-0800][55787932ms] GC(2976) Survivor regions: 30->30(98)
[2023-12-20T08:53:57.487-0800][55787932ms] GC(2976) Old regions: 183->183
[2023-12-20T08:53:57.487-0800][55787932ms] GC(2976) Humongous regions: 5->5
[2023-12-20T08:53:57.487-0800][55787932ms] GC(2976) Metaspace: 256504K->256504K(1294336K)
[2023-12-20T08:53:57.487-0800][55787932ms] GC(2976) Pause Young (Normal) (G1 Evacuation Pause) 1939M->433M(2612M) 29.076ms
[2023-12-20T08:53:57.487-0800][55787932ms] GC(2976) User=0.13s Sys=0.02s Real=0.03s
[2023-12-20T08:53:58.415-0800][55788860ms] GC(2977) Pause Young (Normal) (G1 Evacuation Pause)
[2023-12-20T08:53:58.415-0800][55788860ms] GC(2977) Using 10 workers of 10 for evacuation
[2023-12-20T08:53:58.446-0800][55788891ms] GC(2977)   Pre Evacuate Collection Set: 0.1ms
[2023-12-20T08:53:58.446-0800][55788891ms] GC(2977)   Evacuate Collection Set: 27.3ms
[2023-12-20T08:53:58.446-0800][55788891ms] GC(2977)   Post Evacuate Collection Set: 3.1ms
[2023-12-20T08:53:58.446-0800][55788891ms] GC(2977)   Other: 0.5ms
[2023-12-20T08:53:58.446-0800][55788891ms] GC(2977) Eden regions: 753->0(752)
[2023-12-20T08:53:58.446-0800][55788891ms] GC(2977) Survivor regions: 30->31(98)
[2023-12-20T08:53:58.446-0800][55788891ms] GC(2977) Old regions: 183->183
[2023-12-20T08:53:58.446-0800][55788891ms] GC(2977) Humongous regions: 5->5
[2023-12-20T08:53:58.446-0800][55788891ms] GC(2977) Metaspace: 256504K->256504K(1294336K)
[2023-12-20T08:53:58.446-0800][55788891ms] GC(2977) Pause Young (Normal) (G1 Evacuation Pause) 1939M->435M(2612M) 31.128ms
[2023-12-20T08:53:58.446-0800][55788891ms] GC(2977) User=0.13s Sys=0.00s Real=0.03s
[2023-12-20T08:53:59.291-0800][55789736ms] GC(2978) Pause Young (Normal) (G1 Evacuation Pause)
[2023-12-20T08:53:59.291-0800][55789736ms] GC(2978) Using 10 workers of 10 for evacuation
[2023-12-20T08:53:59.319-0800][55789764ms] GC(2978)   Pre Evacuate Collection Set: 0.0ms
[2023-12-20T08:53:59.320-0800][55789765ms] GC(2978)   Evacuate Collection Set: 25.6ms
[2023-12-20T08:53:59.320-0800][55789765ms] GC(2978)   Post Evacuate Collection Set: 2.4ms
[2023-12-20T08:53:59.320-0800][55789765ms] GC(2978)   Other: 0.4ms
[2023-12-20T08:53:59.320-0800][55789765ms] GC(2978) Eden regions: 752->0(753)
[2023-12-20T08:53:59.320-0800][55789765ms] GC(2978) Survivor regions: 31->30(98)
[2023-12-20T08:53:59.320-0800][55789765ms] GC(2978) Old regions: 183->183
[2023-12-20T08:53:59.320-0800][55789765ms] GC(2978) Humongous regions: 5->5
[2023-12-20T08:53:59.320-0800][55789765ms] GC(2978) Metaspace: 256504K->256504K(1294336K)
[2023-12-20T08:53:59.320-0800][55789765ms] GC(2978) Pause Young (Normal) (G1 Evacuation Pause) 1939M->434M(2612M) 28.624ms
[2023-12-20T08:53:59.320-0800][55789765ms] GC(2978) User=0.14s Sys=0.00s Real=0.03s
[2023-12-20T08:54:00.509-0800][55790954ms] GC(2979) Pause Young (Normal) (GCLocker Initiated GC)
[2023-12-20T08:54:00.509-0800][55790954ms] GC(2979) Using 10 workers of 10 for evacuation
[2023-12-20T08:54:00.540-0800][55790985ms] GC(2979)   Pre Evacuate Collection Set: 0.0ms
[2023-12-20T08:54:00.540-0800][55790985ms] GC(2979)   Evacuate Collection Set: 28.9ms
[2023-12-20T08:54:00.540-0800][55790985ms] GC(2979)   Post Evacuate Collection Set: 2.6ms
[2023-12-20T08:54:00.540-0800][55790985ms] GC(2979)   Other: 0.4ms
[2023-12-20T08:54:00.540-0800][55790985ms] GC(2979) Eden regions: 753->0(753)
[2023-12-20T08:54:00.540-0800][55790985ms] GC(2979) Survivor regions: 30->30(98)
[2023-12-20T08:54:00.540-0800][55790985ms] GC(2979) Old regions: 183->183
[2023-12-20T08:54:00.540-0800][55790985ms] GC(2979) Humongous regions: 5->5
[2023-12-20T08:54:00.540-0800][55790985ms] GC(2979) Metaspace: 256504K->256504K(1294336K)
[2023-12-20T08:54:00.540-0800][55790985ms] GC(2979) Pause Young (Normal) (GCLocker Initiated GC) 1940M->434M(2612M) 31.994ms
[2023-12-20T08:54:00.540-0800][55790985ms] GC(2979) User=0.11s Sys=0.00s Real=0.03s
[2023-12-20T08:54:01.730-0800][55792175ms] GC(2980) Pause Young (Normal) (G1 Evacuation Pause)
[2023-12-20T08:54:01.730-0800][55792175ms] GC(2980) Using 10 workers of 10 for evacuation
[2023-12-20T08:54:01.757-0800][55792202ms] GC(2980)   Pre Evacuate Collection Set: 0.0ms
[2023-12-20T08:54:01.758-0800][55792203ms] GC(2980)   Evacuate Collection Set: 25.2ms
[2023-12-20T08:54:01.758-0800][55792203ms] GC(2980)   Post Evacuate Collection Set: 2.3ms
[2023-12-20T08:54:01.758-0800][55792203ms] GC(2980)   Other: 0.3ms
[2023-12-20T08:54:01.758-0800][55792203ms] GC(2980) Eden regions: 753->0(753)
[2023-12-20T08:54:01.758-0800][55792203ms] GC(2980) Survivor regions: 30->30(98)
[2023-12-20T08:54:01.758-0800][55792203ms] GC(2980) Old regions: 183->183
[2023-12-20T08:54:01.758-0800][55792203ms] GC(2980) Humongous regions: 5->5
[2023-12-20T08:54:01.758-0800][55792203ms] GC(2980) Metaspace: 256504K->256504K(1294336K)
[2023-12-20T08:54:01.758-0800][55792203ms] GC(2980) Pause Young (Normal) (G1 Evacuation Pause) 1940M->434M(2612M) 28.069ms
[2023-12-20T08:54:01.758-0800][55792203ms] GC(2980) User=0.09s Sys=0.00s Real=0.03s
[2023-12-20T08:54:02.671-0800][55793116ms] GC(2981) Pause Young (Normal) (GCLocker Initiated GC)
[2023-12-20T08:54:02.671-0800][55793116ms] GC(2981) Using 10 workers of 10 for evacuation
[2023-12-20T08:54:02.698-0800][55793143ms] GC(2981)   Pre Evacuate Collection Set: 0.0ms
[2023-12-20T08:54:02.698-0800][55793143ms] GC(2981)   Evacuate Collection Set: 24.3ms
[2023-12-20T08:54:02.698-0800][55793143ms] GC(2981)   Post Evacuate Collection Set: 2.4ms
[2023-12-20T08:54:02.698-0800][55793143ms] GC(2981)   Other: 0.3ms
[2023-12-20T08:54:02.698-0800][55793143ms] GC(2981) Eden regions: 754->0(752)
[2023-12-20T08:54:02.698-0800][55793143ms] GC(2981) Survivor regions: 30->31(98)
[2023-12-20T08:54:02.698-0800][55793143ms] GC(2981) Old regions: 183->183
[2023-12-20T08:54:02.698-0800][55793143ms] GC(2981) Humongous regions: 5->5
[2023-12-20T08:54:02.698-0800][55793143ms] GC(2981) Metaspace: 256504K->256504K(1294336K)
[2023-12-20T08:54:02.698-0800][55793143ms] GC(2981) Pause Young (Normal) (GCLocker Initiated GC) 1941M->435M(2612M) 27.168ms
[2023-12-20T08:54:02.698-0800][55793143ms] GC(2981) User=0.11s Sys=0.00s Real=0.03s
[2023-12-20T08:54:03.612-0800][55794057ms] GC(2982) Pause Young (Normal) (G1 Evacuation Pause)
[2023-12-20T08:54:03.612-0800][55794057ms] GC(2982) Using 10 workers of 10 for evacuation
[2023-12-20T08:54:03.640-0800][55794085ms] GC(2982)   Pre Evacuate Collection Set: 0.0ms
[2023-12-20T08:54:03.640-0800][55794085ms] GC(2982)   Evacuate Collection Set: 25.4ms
[2023-12-20T08:54:03.640-0800][55794085ms] GC(2982)   Post Evacuate Collection Set: 2.4ms
[2023-12-20T08:54:03.640-0800][55794085ms] GC(2982)   Other: 0.3ms
[2023-12-20T08:54:03.640-0800][55794085ms] GC(2982) Eden regions: 752->0(753)
[2023-12-20T08:54:03.640-0800][55794085ms] GC(2982) Survivor regions: 31->30(98)
[2023-12-20T08:54:03.640-0800][55794085ms] GC(2982) Old regions: 183->183
[2023-12-20T08:54:03.640-0800][55794085ms] GC(2982) Humongous regions: 5->5
[2023-12-20T08:54:03.640-0800][55794085ms] GC(2982) Metaspace: 256504K->256504K(1294336K)
[2023-12-20T08:54:03.640-0800][55794085ms] GC(2982) Pause Young (Normal) (G1 Evacuation Pause) 1939M->434M(2612M) 28.321ms
[2023-12-20T08:54:03.640-0800][55794085ms] GC(2982) User=0.09s Sys=0.00s Real=0.03s
[2023-12-20T08:54:04.516-0800][55794961ms] GC(2983) Pause Young (Normal) (G1 Evacuation Pause)
[2023-12-20T08:54:04.516-0800][55794961ms] GC(2983) Using 10 workers of 10 for evacuation
[2023-12-20T08:54:04.546-0800][55794991ms] GC(2983)   Pre Evacuate Collection Set: 0.0ms
[2023-12-20T08:54:04.546-0800][55794991ms] GC(2983)   Evacuate Collection Set: 26.6ms
[2023-12-20T08:54:04.546-0800][55794991ms] GC(2983)   Post Evacuate Collection Set: 2.3ms
[2023-12-20T08:54:04.546-0800][55794991ms] GC(2983)   Other: 0.5ms
[2023-12-20T08:54:04.546-0800][55794991ms] GC(2983) Eden regions: 753->0(753)
[2023-12-20T08:54:04.546-0800][55794991ms] GC(2983) Survivor regions: 30->30(98)
[2023-12-20T08:54:04.546-0800][55794991ms] GC(2983) Old regions: 183->183
[2023-12-20T08:54:04.546-0800][55794991ms] GC(2983) Humongous regions: 5->5
[2023-12-20T08:54:04.546-0800][55794991ms] GC(2983) Metaspace: 256504K->256504K(1294336K)
[2023-12-20T08:54:04.546-0800][55794991ms] GC(2983) Pause Young (Normal) (G1 Evacuation Pause) 1940M->433M(2612M) 29.596ms
[2023-12-20T08:54:04.546-0800][55794991ms] GC(2983) User=0.13s Sys=0.00s Real=0.03s
[2023-12-20T08:54:05.440-0800][55795885ms] GC(2984) Pause Young (Normal) (G1 Evacuation Pause)
[2023-12-20T08:54:05.440-0800][55795885ms] GC(2984) Using 10 workers of 10 for evacuation
[2023-12-20T08:54:05.469-0800][55795914ms] GC(2984)   Pre Evacuate Collection Set: 0.0ms
[2023-12-20T08:54:05.469-0800][55795914ms] GC(2984)   Evacuate Collection Set: 24.9ms
[2023-12-20T08:54:05.469-0800][55795914ms] GC(2984)   Post Evacuate Collection Set: 2.4ms
[2023-12-20T08:54:05.469-0800][55795914ms] GC(2984)   Other: 0.3ms
[2023-12-20T08:54:05.469-0800][55795914ms] GC(2984) Eden regions: 753->0(753)
[2023-12-20T08:54:05.469-0800][55795914ms] GC(2984) Survivor regions: 30->30(98)
[2023-12-20T08:54:05.469-0800][55795914ms] GC(2984) Old regions: 183->183
[2023-12-20T08:54:05.469-0800][55795914ms] GC(2984) Humongous regions: 5->5
[2023-12-20T08:54:05.469-0800][55795914ms] GC(2984) Metaspace: 256504K->256504K(1294336K)
[2023-12-20T08:54:05.469-0800][55795914ms] GC(2984) Pause Young (Normal) (G1 Evacuation Pause) 1939M->433M(2612M) 27.791ms
[2023-12-20T08:54:05.469-0800][55795914ms] GC(2984) User=0.13s Sys=0.00s Real=0.03s
[2023-12-20T08:54:06.672-0800][55797117ms] GC(2985) Pause Young (Normal) (GCLocker Initiated GC)
[2023-12-20T08:54:06.672-0800][55797117ms] GC(2985) Using 10 workers of 10 for evacuation
[2023-12-20T08:54:06.707-0800][55797152ms] GC(2985)   Pre Evacuate Collection Set: 0.0ms
[2023-12-20T08:54:06.707-0800][55797152ms] GC(2985)   Evacuate Collection Set: 31.3ms
[2023-12-20T08:54:06.707-0800][55797152ms] GC(2985)   Post Evacuate Collection Set: 3.6ms
[2023-12-20T08:54:06.707-0800][55797152ms] GC(2985)   Other: 0.4ms
[2023-12-20T08:54:06.708-0800][55797153ms] GC(2985) Eden regions: 754->0(754)
[2023-12-20T08:54:06.708-0800][55797153ms] GC(2985) Survivor regions: 30->29(98)
[2023-12-20T08:54:06.708-0800][55797153ms] GC(2985) Old regions: 183->183
[2023-12-20T08:54:06.708-0800][55797153ms] GC(2985) Humongous regions: 5->5
[2023-12-20T08:54:06.708-0800][55797153ms] GC(2985) Metaspace: 256504K->256504K(1294336K)
[2023-12-20T08:54:06.708-0800][55797153ms] GC(2985) Pause Young (Normal) (GCLocker Initiated GC) 1940M->431M(2612M) 35.555ms
[2023-12-20T08:54:06.708-0800][55797153ms] GC(2985) User=0.19s Sys=0.00s Real=0.04s
[2023-12-20T08:54:07.776-0800][55798221ms] GC(2986) Pause Young (Normal) (GCLocker Initiated GC)
[2023-12-20T08:54:07.776-0800][55798221ms] GC(2986) Using 10 workers of 10 for evacuation
[2023-12-20T08:54:07.806-0800][55798251ms] GC(2986)   Pre Evacuate Collection Set: 0.0ms
[2023-12-20T08:54:07.806-0800][55798251ms] GC(2986)   Evacuate Collection Set: 26.8ms
[2023-12-20T08:54:07.806-0800][55798251ms] GC(2986)   Post Evacuate Collection Set: 3.4ms
[2023-12-20T08:54:07.806-0800][55798251ms] GC(2986)   Other: 0.4ms
[2023-12-20T08:54:07.806-0800][55798251ms] GC(2986) Eden regions: 755->0(753)
[2023-12-20T08:54:07.806-0800][55798251ms] GC(2986) Survivor regions: 29->30(98)
[2023-12-20T08:54:07.806-0800][55798251ms] GC(2986) Old regions: 183->183
[2023-12-20T08:54:07.806-0800][55798251ms] GC(2986) Humongous regions: 5->5
[2023-12-20T08:54:07.806-0800][55798251ms] GC(2986) Metaspace: 256504K->256504K(1294336K)
[2023-12-20T08:54:07.806-0800][55798251ms] GC(2986) Pause Young (Normal) (GCLocker Initiated GC) 1940M->433M(2612M) 30.758ms
[2023-12-20T08:54:07.806-0800][55798251ms] GC(2986) User=0.16s Sys=0.00s Real=0.03s
[2023-12-20T08:54:08.728-0800][55799173ms] GC(2987) Pause Young (Normal) (G1 Evacuation Pause)
[2023-12-20T08:54:08.728-0800][55799173ms] GC(2987) Using 10 workers of 10 for evacuation
[2023-12-20T08:54:08.757-0800][55799202ms] GC(2987)   Pre Evacuate Collection Set: 0.0ms
[2023-12-20T08:54:08.757-0800][55799202ms] GC(2987)   Evacuate Collection Set: 25.5ms
[2023-12-20T08:54:08.757-0800][55799202ms] GC(2987)   Post Evacuate Collection Set: 2.9ms
[2023-12-20T08:54:08.757-0800][55799202ms] GC(2987)   Other: 0.4ms
[2023-12-20T08:54:08.757-0800][55799202ms] GC(2987) Eden regions: 753->0(753)
[2023-12-20T08:54:08.757-0800][55799202ms] GC(2987) Survivor regions: 30->30(98)
[2023-12-20T08:54:08.757-0800][55799202ms] GC(2987) Old regions: 183->183
[2023-12-20T08:54:08.757-0800][55799202ms] GC(2987) Humongous regions: 5->5
[2023-12-20T08:54:08.757-0800][55799202ms] GC(2987) Metaspace: 256504K->256504K(1294336K)
[2023-12-20T08:54:08.757-0800][55799202ms] GC(2987) Pause Young (Normal) (G1 Evacuation Pause) 1939M->434M(2612M) 28.936ms
[2023-12-20T08:54:08.757-0800][55799202ms] GC(2987) User=0.08s Sys=0.00s Real=0.03s
[2023-12-20T08:54:09.703-0800][55800148ms] GC(2988) Pause Young (Normal) (G1 Evacuation Pause)
[2023-12-20T08:54:09.703-0800][55800148ms] GC(2988) Using 10 workers of 10 for evacuation
[2023-12-20T08:54:09.732-0800][55800177ms] GC(2988)   Pre Evacuate Collection Set: 0.1ms
[2023-12-20T08:54:09.732-0800][55800177ms] GC(2988)   Evacuate Collection Set: 25.9ms
[2023-12-20T08:54:09.732-0800][55800177ms] GC(2988)   Post Evacuate Collection Set: 2.7ms
[2023-12-20T08:54:09.732-0800][55800177ms] GC(2988)   Other: 0.4ms
[2023-12-20T08:54:09.732-0800][55800177ms] GC(2988) Eden regions: 753->0(753)
[2023-12-20T08:54:09.732-0800][55800177ms] GC(2988) Survivor regions: 30->30(98)
[2023-12-20T08:54:09.732-0800][55800177ms] GC(2988) Old regions: 183->183
[2023-12-20T08:54:09.732-0800][55800177ms] GC(2988) Humongous regions: 5->5
[2023-12-20T08:54:09.732-0800][55800177ms] GC(2988) Metaspace: 256504K->256504K(1294336K)
[2023-12-20T08:54:09.732-0800][55800177ms] GC(2988) Pause Young (Normal) (G1 Evacuation Pause) 1940M->433M(2612M) 29.247ms
[2023-12-20T08:54:09.732-0800][55800177ms] GC(2988) User=0.08s Sys=0.00s Real=0.03s
[2023-12-20T08:54:12.542-0800][55802987ms] GC(2989) Pause Young (Normal) (G1 Evacuation Pause)
[2023-12-20T08:54:12.542-0800][55802987ms] GC(2989) Using 10 workers of 10 for evacuation
[2023-12-20T08:54:12.611-0800][55803056ms] GC(2989)   Pre Evacuate Collection Set: 0.0ms
[2023-12-20T08:54:12.611-0800][55803056ms] GC(2989)   Evacuate Collection Set: 64.7ms
[2023-12-20T08:54:12.611-0800][55803056ms] GC(2989)   Post Evacuate Collection Set: 3.3ms
[2023-12-20T08:54:12.611-0800][55803056ms] GC(2989)   Other: 0.4ms
[2023-12-20T08:54:12.611-0800][55803056ms] GC(2989) Eden regions: 753->0(754)
[2023-12-20T08:54:12.611-0800][55803056ms] GC(2989) Survivor regions: 30->29(98)
[2023-12-20T08:54:12.611-0800][55803056ms] GC(2989) Old regions: 183->183
[2023-12-20T08:54:12.611-0800][55803056ms] GC(2989) Humongous regions: 5->5
[2023-12-20T08:54:12.611-0800][55803056ms] GC(2989) Metaspace: 256504K->256504K(1294336K)
[2023-12-20T08:54:12.611-0800][55803056ms] GC(2989) Pause Young (Normal) (G1 Evacuation Pause) 1939M->432M(2612M) 68.685ms
[2023-12-20T08:54:12.611-0800][55803056ms] GC(2989) User=0.17s Sys=0.00s Real=0.07s
[2023-12-20T08:54:15.153-0800][55805598ms] GC(2990) Pause Young (Normal) (G1 Evacuation Pause)
[2023-12-20T08:54:15.153-0800][55805598ms] GC(2990) Using 10 workers of 10 for evacuation
[2023-12-20T08:54:15.185-0800][55805630ms] GC(2990)   Pre Evacuate Collection Set: 0.1ms
[2023-12-20T08:54:15.185-0800][55805630ms] GC(2990)   Evacuate Collection Set: 28.5ms
[2023-12-20T08:54:15.185-0800][55805630ms] GC(2990)   Post Evacuate Collection Set: 3.2ms
[2023-12-20T08:54:15.185-0800][55805630ms] GC(2990)   Other: 0.4ms
[2023-12-20T08:54:15.185-0800][55805630ms] GC(2990) Eden regions: 754->0(754)
[2023-12-20T08:54:15.185-0800][55805630ms] GC(2990) Survivor regions: 29->29(98)
[2023-12-20T08:54:15.185-0800][55805630ms] GC(2990) Old regions: 183->183
[2023-12-20T08:54:15.185-0800][55805630ms] GC(2990) Humongous regions: 5->5
[2023-12-20T08:54:15.185-0800][55805630ms] GC(2990) Metaspace: 256504K->256504K(1294336K)
[2023-12-20T08:54:15.185-0800][55805630ms] GC(2990) Pause Young (Normal) (G1 Evacuation Pause) 1940M->432M(2612M) 32.392ms
[2023-12-20T08:54:15.185-0800][55805630ms] GC(2990) User=0.11s Sys=0.00s Real=0.03s
[2023-12-20T08:54:16.332-0800][55806777ms] GC(2991) Pause Young (Normal) (G1 Evacuation Pause)
[2023-12-20T08:54:16.332-0800][55806777ms] GC(2991) Using 10 workers of 10 for evacuation
[2023-12-20T08:54:16.371-0800][55806816ms] GC(2991)   Pre Evacuate Collection Set: 0.1ms
[2023-12-20T08:54:16.371-0800][55806816ms] GC(2991)   Evacuate Collection Set: 35.0ms
[2023-12-20T08:54:16.371-0800][55806816ms] GC(2991)   Post Evacuate Collection Set: 3.4ms
[2023-12-20T08:54:16.371-0800][55806816ms] GC(2991)   Other: 0.5ms
[2023-12-20T08:54:16.371-0800][55806816ms] GC(2991) Eden regions: 754->0(753)
[2023-12-20T08:54:16.372-0800][55806817ms] GC(2991) Survivor regions: 29->30(98)
[2023-12-20T08:54:16.372-0800][55806817ms] GC(2991) Old regions: 183->183
[2023-12-20T08:54:16.372-0800][55806817ms] GC(2991) Humongous regions: 5->5
[2023-12-20T08:54:16.372-0800][55806817ms] GC(2991) Metaspace: 256504K->256504K(1294336K)
[2023-12-20T08:54:16.372-0800][55806817ms] GC(2991) Pause Young (Normal) (G1 Evacuation Pause) 1940M->434M(2612M) 39.102ms
[2023-12-20T08:54:16.372-0800][55806817ms] GC(2991) User=0.14s Sys=0.00s Real=0.04s
[2023-12-20T08:54:18.082-0800][55808527ms] GC(2992) Pause Young (Normal) (G1 Evacuation Pause)
[2023-12-20T08:54:18.082-0800][55808527ms] GC(2992) Using 10 workers of 10 for evacuation
[2023-12-20T08:54:18.112-0800][55808557ms] GC(2992)   Pre Evacuate Collection Set: 0.0ms
[2023-12-20T08:54:18.112-0800][55808557ms] GC(2992)   Evacuate Collection Set: 26.2ms
[2023-12-20T08:54:18.112-0800][55808557ms] GC(2992)   Post Evacuate Collection Set: 2.4ms
[2023-12-20T08:54:18.112-0800][55808557ms] GC(2992)   Other: 0.3ms
[2023-12-20T08:54:18.112-0800][55808557ms] GC(2992) Eden regions: 753->0(753)
[2023-12-20T08:54:18.112-0800][55808557ms] GC(2992) Survivor regions: 30->30(98)
[2023-12-20T08:54:18.112-0800][55808557ms] GC(2992) Old regions: 183->183
[2023-12-20T08:54:18.112-0800][55808557ms] GC(2992) Humongous regions: 5->5
[2023-12-20T08:54:18.112-0800][55808557ms] GC(2992) Metaspace: 256504K->256504K(1294336K)
[2023-12-20T08:54:18.112-0800][55808557ms] GC(2992) Pause Young (Normal) (G1 Evacuation Pause) 1940M->433M(2612M) 29.132ms
[2023-12-20T08:54:18.112-0800][55808557ms] GC(2992) User=0.17s Sys=0.00s Real=0.03s
[2023-12-20T08:54:19.170-0800][55809615ms] GC(2993) Pause Young (Normal) (G1 Evacuation Pause)
[2023-12-20T08:54:19.170-0800][55809615ms] GC(2993) Using 10 workers of 10 for evacuation
[2023-12-20T08:54:19.219-0800][55809664ms] GC(2993)   Pre Evacuate Collection Set: 0.0ms
[2023-12-20T08:54:19.219-0800][55809664ms] GC(2993)   Evacuate Collection Set: 45.1ms
[2023-12-20T08:54:19.219-0800][55809664ms] GC(2993)   Post Evacuate Collection Set: 3.2ms
[2023-12-20T08:54:19.220-0800][55809665ms] GC(2993)   Other: 0.4ms
[2023-12-20T08:54:19.220-0800][55809665ms] GC(2993) Eden regions: 753->0(754)
[2023-12-20T08:54:19.220-0800][55809665ms] GC(2993) Survivor regions: 30->29(98)
[2023-12-20T08:54:19.220-0800][55809665ms] GC(2993) Old regions: 183->183
[2023-12-20T08:54:19.220-0800][55809665ms] GC(2993) Humongous regions: 5->5
[2023-12-20T08:54:19.220-0800][55809665ms] GC(2993) Metaspace: 256504K->256504K(1294336K)
[2023-12-20T08:54:19.220-0800][55809665ms] GC(2993) Pause Young (Normal) (G1 Evacuation Pause) 1939M->432M(2612M) 48.835ms
[2023-12-20T08:54:19.220-0800][55809665ms] GC(2993) User=0.09s Sys=0.00s Real=0.05s
[2023-12-20T08:54:20.764-0800][55811209ms] GC(2994) Pause Young (Normal) (G1 Evacuation Pause)
[2023-12-20T08:54:20.764-0800][55811209ms] GC(2994) Using 10 workers of 10 for evacuation
[2023-12-20T08:54:20.799-0800][55811244ms] GC(2994)   Pre Evacuate Collection Set: 0.1ms
[2023-12-20T08:54:20.799-0800][55811244ms] GC(2994)   Evacuate Collection Set: 31.3ms
[2023-12-20T08:54:20.799-0800][55811244ms] GC(2994)   Post Evacuate Collection Set: 3.4ms
[2023-12-20T08:54:20.799-0800][55811244ms] GC(2994)   Other: 0.6ms
[2023-12-20T08:54:20.799-0800][55811244ms] GC(2994) Eden regions: 754->0(753)
[2023-12-20T08:54:20.799-0800][55811244ms] GC(2994) Survivor regions: 29->30(98)
[2023-12-20T08:54:20.799-0800][55811244ms] GC(2994) Old regions: 183->183
[2023-12-20T08:54:20.799-0800][55811244ms] GC(2994) Humongous regions: 5->5
[2023-12-20T08:54:20.799-0800][55811244ms] GC(2994) Metaspace: 256504K->256504K(1294336K)
[2023-12-20T08:54:20.799-0800][55811244ms] GC(2994) Pause Young (Normal) (G1 Evacuation Pause) 1940M->433M(2612M) 35.552ms
[2023-12-20T08:54:20.799-0800][55811244ms] GC(2994) User=0.13s Sys=0.00s Real=0.04s
[2023-12-20T08:54:22.340-0800][55812785ms] GC(2995) Pause Young (Normal) (G1 Evacuation Pause)
[2023-12-20T08:54:22.340-0800][55812785ms] GC(2995) Using 10 workers of 10 for evacuation
[2023-12-20T08:54:22.368-0800][55812813ms] GC(2995)   Pre Evacuate Collection Set: 0.0ms
[2023-12-20T08:54:22.368-0800][55812813ms] GC(2995)   Evacuate Collection Set: 25.2ms
[2023-12-20T08:54:22.368-0800][55812813ms] GC(2995)   Post Evacuate Collection Set: 2.4ms
[2023-12-20T08:54:22.369-0800][55812814ms] GC(2995)   Other: 0.4ms
[2023-12-20T08:54:22.369-0800][55812814ms] GC(2995) Eden regions: 753->0(753)
[2023-12-20T08:54:22.369-0800][55812814ms] GC(2995) Survivor regions: 30->30(98)
[2023-12-20T08:54:22.369-0800][55812814ms] GC(2995) Old regions: 183->183
[2023-12-20T08:54:22.369-0800][55812814ms] GC(2995) Humongous regions: 5->5
[2023-12-20T08:54:22.369-0800][55812814ms] GC(2995) Metaspace: 256504K->256504K(1294336K)
[2023-12-20T08:54:22.369-0800][55812814ms] GC(2995) Pause Young (Normal) (G1 Evacuation Pause) 1939M->434M(2612M) 28.228ms
[2023-12-20T08:54:22.369-0800][55812814ms] GC(2995) User=0.09s Sys=0.00s Real=0.03s
[2023-12-20T08:54:23.097-0800][55813542ms] GC(2996) Pause Young (Normal) (G1 Evacuation Pause)
[2023-12-20T08:54:23.097-0800][55813542ms] GC(2996) Using 10 workers of 10 for evacuation
[2023-12-20T08:54:23.125-0800][55813570ms] GC(2996)   Pre Evacuate Collection Set: 0.0ms
[2023-12-20T08:54:23.125-0800][55813570ms] GC(2996)   Evacuate Collection Set: 24.8ms
[2023-12-20T08:54:23.125-0800][55813570ms] GC(2996)   Post Evacuate Collection Set: 2.3ms
[2023-12-20T08:54:23.125-0800][55813570ms] GC(2996)   Other: 0.3ms
[2023-12-20T08:54:23.125-0800][55813570ms] GC(2996) Eden regions: 753->0(753)
[2023-12-20T08:54:23.125-0800][55813570ms] GC(2996) Survivor regions: 30->30(98)
[2023-12-20T08:54:23.125-0800][55813570ms] GC(2996) Old regions: 183->183
[2023-12-20T08:54:23.125-0800][55813570ms] GC(2996) Humongous regions: 5->5
[2023-12-20T08:54:23.125-0800][55813570ms] GC(2996) Metaspace: 256504K->256504K(1294336K)
[2023-12-20T08:54:23.125-0800][55813570ms] GC(2996) Pause Young (Normal) (G1 Evacuation Pause) 1940M->434M(2612M) 27.604ms
[2023-12-20T08:54:23.125-0800][55813570ms] GC(2996) User=0.14s Sys=0.00s Real=0.03s
[2023-12-20T08:54:23.843-0800][55814288ms] GC(2997) Pause Young (Normal) (G1 Evacuation Pause)
[2023-12-20T08:54:23.843-0800][55814288ms] GC(2997) Using 10 workers of 10 for evacuation
[2023-12-20T08:54:23.871-0800][55814316ms] GC(2997)   Pre Evacuate Collection Set: 0.0ms
[2023-12-20T08:54:23.871-0800][55814316ms] GC(2997)   Evacuate Collection Set: 25.0ms
[2023-12-20T08:54:23.871-0800][55814316ms] GC(2997)   Post Evacuate Collection Set: 2.4ms
[2023-12-20T08:54:23.871-0800][55814316ms] GC(2997)   Other: 0.4ms
[2023-12-20T08:54:23.871-0800][55814316ms] GC(2997) Eden regions: 753->0(753)
[2023-12-20T08:54:23.871-0800][55814316ms] GC(2997) Survivor regions: 30->30(98)
[2023-12-20T08:54:23.871-0800][55814316ms] GC(2997) Old regions: 183->183
[2023-12-20T08:54:23.871-0800][55814316ms] GC(2997) Humongous regions: 5->5
[2023-12-20T08:54:23.871-0800][55814316ms] GC(2997) Metaspace: 256504K->256504K(1294336K)
[2023-12-20T08:54:23.871-0800][55814316ms] GC(2997) Pause Young (Normal) (G1 Evacuation Pause) 1940M->433M(2612M) 27.980ms
[2023-12-20T08:54:23.871-0800][55814316ms] GC(2997) User=0.09s Sys=0.00s Real=0.03s
[2023-12-20T08:54:24.642-0800][55815087ms] GC(2998) Pause Young (Normal) (G1 Evacuation Pause)
[2023-12-20T08:54:24.642-0800][55815087ms] GC(2998) Using 10 workers of 10 for evacuation
[2023-12-20T08:54:24.671-0800][55815116ms] GC(2998)   Pre Evacuate Collection Set: 0.0ms
[2023-12-20T08:54:24.671-0800][55815116ms] GC(2998)   Evacuate Collection Set: 25.7ms
[2023-12-20T08:54:24.671-0800][55815116ms] GC(2998)   Post Evacuate Collection Set: 2.4ms
[2023-12-20T08:54:24.671-0800][55815116ms] GC(2998)   Other: 0.4ms
[2023-12-20T08:54:24.671-0800][55815116ms] GC(2998) Eden regions: 753->0(753)
[2023-12-20T08:54:24.671-0800][55815116ms] GC(2998) Survivor regions: 30->30(98)
[2023-12-20T08:54:24.671-0800][55815116ms] GC(2998) Old regions: 183->183
[2023-12-20T08:54:24.671-0800][55815116ms] GC(2998) Humongous regions: 5->5
[2023-12-20T08:54:24.671-0800][55815116ms] GC(2998) Metaspace: 256504K->256504K(1294336K)
[2023-12-20T08:54:24.671-0800][55815116ms] GC(2998) Pause Young (Normal) (G1 Evacuation Pause) 1939M->434M(2612M) 28.703ms
[2023-12-20T08:54:24.671-0800][55815116ms] GC(2998) User=0.14s Sys=0.00s Real=0.03s
[2023-12-20T08:54:25.519-0800][55815964ms] GC(2999) Pause Young (Normal) (G1 Evacuation Pause)
[2023-12-20T08:54:25.519-0800][55815964ms] GC(2999) Using 10 workers of 10 for evacuation
[2023-12-20T08:54:25.552-0800][55815997ms] GC(2999)   Pre Evacuate Collection Set: 0.0ms
[2023-12-20T08:54:25.552-0800][55815997ms] GC(2999)   Evacuate Collection Set: 29.1ms
[2023-12-20T08:54:25.552-0800][55815997ms] GC(2999)   Post Evacuate Collection Set: 3.4ms
[2023-12-20T08:54:25.552-0800][55815997ms] GC(2999)   Other: 0.4ms
[2023-12-20T08:54:25.552-0800][55815997ms] GC(2999) Eden regions: 753->0(754)
[2023-12-20T08:54:25.552-0800][55815997ms] GC(2999) Survivor regions: 30->29(98)
[2023-12-20T08:54:25.552-0800][55815997ms] GC(2999) Old regions: 183->183
[2023-12-20T08:54:25.552-0800][55815997ms] GC(2999) Humongous regions: 5->5
[2023-12-20T08:54:25.552-0800][55815997ms] GC(2999) Metaspace: 256504K->256504K(1294336K)
[2023-12-20T08:54:25.552-0800][55815997ms] GC(2999) Pause Young (Normal) (G1 Evacuation Pause) 1940M->432M(2612M) 33.094ms
[2023-12-20T08:54:25.552-0800][55815997ms] GC(2999) User=0.09s Sys=0.00s Real=0.03s
[2023-12-20T08:54:26.381-0800][55816826ms] GC(3000) Pause Young (Normal) (G1 Evacuation Pause)
[2023-12-20T08:54:26.381-0800][55816826ms] GC(3000) Using 10 workers of 10 for evacuation
[2023-12-20T08:54:26.410-0800][55816855ms] GC(3000)   Pre Evacuate Collection Set: 0.0ms
[2023-12-20T08:54:26.410-0800][55816855ms] GC(3000)   Evacuate Collection Set: 26.1ms
[2023-12-20T08:54:26.410-0800][55816855ms] GC(3000)   Post Evacuate Collection Set: 2.5ms
[2023-12-20T08:54:26.410-0800][55816855ms] GC(3000)   Other: 0.4ms
[2023-12-20T08:54:26.410-0800][55816855ms] GC(3000) Eden regions: 754->0(754)
[2023-12-20T08:54:26.410-0800][55816855ms] GC(3000) Survivor regions: 29->29(98)
[2023-12-20T08:54:26.410-0800][55816855ms] GC(3000) Old regions: 183->183
[2023-12-20T08:54:26.410-0800][55816855ms] GC(3000) Humongous regions: 5->5
[2023-12-20T08:54:26.410-0800][55816855ms] GC(3000) Metaspace: 256504K->256504K(1294336K)
[2023-12-20T08:54:26.410-0800][55816855ms] GC(3000) Pause Young (Normal) (G1 Evacuation Pause) 1940M->432M(2612M) 29.118ms
[2023-12-20T08:54:26.410-0800][55816855ms] GC(3000) User=0.22s Sys=0.00s Real=0.03s
[2023-12-20T08:54:27.168-0800][55817613ms] GC(3001) Pause Young (Normal) (G1 Evacuation Pause)
[2023-12-20T08:54:27.168-0800][55817613ms] GC(3001) Using 10 workers of 10 for evacuation
[2023-12-20T08:54:27.194-0800][55817639ms] GC(3001)   Pre Evacuate Collection Set: 0.0ms
[2023-12-20T08:54:27.194-0800][55817639ms] GC(3001)   Evacuate Collection Set: 24.1ms
[2023-12-20T08:54:27.194-0800][55817639ms] GC(3001)   Post Evacuate Collection Set: 2.4ms
[2023-12-20T08:54:27.194-0800][55817639ms] GC(3001)   Other: 0.4ms
[2023-12-20T08:54:27.194-0800][55817639ms] GC(3001) Eden regions: 754->0(753)
[2023-12-20T08:54:27.194-0800][55817639ms] GC(3001) Survivor regions: 29->30(98)
[2023-12-20T08:54:27.194-0800][55817639ms] GC(3001) Old regions: 183->183
[2023-12-20T08:54:27.194-0800][55817639ms] GC(3001) Humongous regions: 5->5
[2023-12-20T08:54:27.194-0800][55817639ms] GC(3001) Metaspace: 256504K->256504K(1294336K)
[2023-12-20T08:54:27.194-0800][55817639ms] GC(3001) Pause Young (Normal) (G1 Evacuation Pause) 1940M->433M(2612M) 27.068ms
[2023-12-20T08:54:27.195-0800][55817640ms] GC(3001) User=0.08s Sys=0.00s Real=0.03s
[2023-12-20T08:54:28.023-0800][55818468ms] GC(3002) Pause Young (Normal) (G1 Evacuation Pause)
[2023-12-20T08:54:28.023-0800][55818468ms] GC(3002) Using 10 workers of 10 for evacuation
[2023-12-20T08:54:28.051-0800][55818496ms] GC(3002)   Pre Evacuate Collection Set: 0.0ms
[2023-12-20T08:54:28.051-0800][55818496ms] GC(3002)   Evacuate Collection Set: 25.2ms
[2023-12-20T08:54:28.051-0800][55818496ms] GC(3002)   Post Evacuate Collection Set: 2.4ms
[2023-12-20T08:54:28.051-0800][55818496ms] GC(3002)   Other: 0.3ms
[2023-12-20T08:54:28.051-0800][55818496ms] GC(3002) Eden regions: 753->0(753)
[2023-12-20T08:54:28.051-0800][55818496ms] GC(3002) Survivor regions: 30->30(98)
[2023-12-20T08:54:28.051-0800][55818496ms] GC(3002) Old regions: 183->183
[2023-12-20T08:54:28.051-0800][55818496ms] GC(3002) Humongous regions: 5->5
[2023-12-20T08:54:28.051-0800][55818496ms] GC(3002) Metaspace: 256504K->256504K(1294336K)
[2023-12-20T08:54:28.051-0800][55818496ms] GC(3002) Pause Young (Normal) (G1 Evacuation Pause) 1939M->434M(2612M) 28.060ms
[2023-12-20T08:54:28.051-0800][55818496ms] GC(3002) User=0.03s Sys=0.00s Real=0.03s
[2023-12-20T08:54:28.761-0800][55819206ms] GC(3003) Pause Young (Normal) (G1 Evacuation Pause)
[2023-12-20T08:54:28.761-0800][55819206ms] GC(3003) Using 10 workers of 10 for evacuation
[2023-12-20T08:54:28.788-0800][55819233ms] GC(3003)   Pre Evacuate Collection Set: 0.0ms
[2023-12-20T08:54:28.788-0800][55819233ms] GC(3003)   Evacuate Collection Set: 23.9ms
[2023-12-20T08:54:28.788-0800][55819233ms] GC(3003)   Post Evacuate Collection Set: 2.6ms
[2023-12-20T08:54:28.788-0800][55819233ms] GC(3003)   Other: 0.4ms
[2023-12-20T08:54:28.788-0800][55819233ms] GC(3003) Eden regions: 753->0(753)
[2023-12-20T08:54:28.788-0800][55819233ms] GC(3003) Survivor regions: 30->30(98)
[2023-12-20T08:54:28.788-0800][55819233ms] GC(3003) Old regions: 183->183
[2023-12-20T08:54:28.788-0800][55819233ms] GC(3003) Humongous regions: 5->5
[2023-12-20T08:54:28.788-0800][55819233ms] GC(3003) Metaspace: 256504K->256504K(1294336K)
[2023-12-20T08:54:28.788-0800][55819233ms] GC(3003) Pause Young (Normal) (G1 Evacuation Pause) 1940M->433M(2612M) 27.023ms
[2023-12-20T08:54:28.788-0800][55819233ms] GC(3003) User=0.13s Sys=0.00s Real=0.03s
[2023-12-20T08:54:29.581-0800][55820026ms] GC(3004) Pause Young (Normal) (G1 Evacuation Pause)
[2023-12-20T08:54:29.581-0800][55820026ms] GC(3004) Using 10 workers of 10 for evacuation
[2023-12-20T08:54:29.609-0800][55820054ms] GC(3004)   Pre Evacuate Collection Set: 0.0ms
[2023-12-20T08:54:29.609-0800][55820054ms] GC(3004)   Evacuate Collection Set: 26.0ms
[2023-12-20T08:54:29.609-0800][55820054ms] GC(3004)   Post Evacuate Collection Set: 2.4ms
[2023-12-20T08:54:29.609-0800][55820054ms] GC(3004)   Other: 0.4ms
[2023-12-20T08:54:29.609-0800][55820054ms] GC(3004) Eden regions: 753->0(753)
[2023-12-20T08:54:29.609-0800][55820054ms] GC(3004) Survivor regions: 30->30(98)
[2023-12-20T08:54:29.609-0800][55820054ms] GC(3004) Old regions: 183->183
[2023-12-20T08:54:29.609-0800][55820054ms] GC(3004) Humongous regions: 5->5
[2023-12-20T08:54:29.609-0800][55820054ms] GC(3004) Metaspace: 256504K->256504K(1294336K)
[2023-12-20T08:54:29.609-0800][55820054ms] GC(3004) Pause Young (Normal) (G1 Evacuation Pause) 1939M->434M(2612M) 28.949ms
[2023-12-20T08:54:29.609-0800][55820054ms] GC(3004) User=0.09s Sys=0.00s Real=0.03s
[2023-12-20T08:54:30.366-0800][55820811ms] GC(3005) Pause Young (Normal) (G1 Evacuation Pause)
[2023-12-20T08:54:30.366-0800][55820811ms] GC(3005) Using 10 workers of 10 for evacuation
[2023-12-20T08:54:30.396-0800][55820841ms] GC(3005)   Pre Evacuate Collection Set: 0.0ms
[2023-12-20T08:54:30.396-0800][55820841ms] GC(3005)   Evacuate Collection Set: 27.8ms
[2023-12-20T08:54:30.396-0800][55820841ms] GC(3005)   Post Evacuate Collection Set: 2.4ms
[2023-12-20T08:54:30.396-0800][55820841ms] GC(3005)   Other: 0.3ms
[2023-12-20T08:54:30.396-0800][55820841ms] GC(3005) Eden regions: 753->0(753)
[2023-12-20T08:54:30.396-0800][55820841ms] GC(3005) Survivor regions: 30->30(98)
[2023-12-20T08:54:30.396-0800][55820841ms] GC(3005) Old regions: 183->183
[2023-12-20T08:54:30.396-0800][55820841ms] GC(3005) Humongous regions: 5->5
[2023-12-20T08:54:30.396-0800][55820841ms] GC(3005) Metaspace: 256504K->256504K(1294336K)
[2023-12-20T08:54:30.396-0800][55820841ms] GC(3005) Pause Young (Normal) (G1 Evacuation Pause) 1940M->434M(2612M) 30.722ms
[2023-12-20T08:54:30.396-0800][55820841ms] GC(3005) User=0.06s Sys=0.00s Real=0.03s
[2023-12-20T08:54:31.116-0800][55821561ms] GC(3006) Pause Young (Normal) (G1 Evacuation Pause)
[2023-12-20T08:54:31.116-0800][55821561ms] GC(3006) Using 10 workers of 10 for evacuation
[2023-12-20T08:54:31.145-0800][55821591ms] GC(3006)   Pre Evacuate Collection Set: 0.0ms
[2023-12-20T08:54:31.146-0800][55821591ms] GC(3006)   Evacuate Collection Set: 26.9ms
[2023-12-20T08:54:31.146-0800][55821591ms] GC(3006)   Post Evacuate Collection Set: 2.3ms
[2023-12-20T08:54:31.146-0800][55821591ms] GC(3006)   Other: 0.3ms
[2023-12-20T08:54:31.146-0800][55821591ms] GC(3006) Eden regions: 753->0(753)
[2023-12-20T08:54:31.146-0800][55821591ms] GC(3006) Survivor regions: 30->30(98)
[2023-12-20T08:54:31.146-0800][55821591ms] GC(3006) Old regions: 183->183
[2023-12-20T08:54:31.146-0800][55821591ms] GC(3006) Humongous regions: 5->5
[2023-12-20T08:54:31.146-0800][55821591ms] GC(3006) Metaspace: 256504K->256504K(1294336K)
[2023-12-20T08:54:31.146-0800][55821591ms] GC(3006) Pause Young (Normal) (G1 Evacuation Pause) 1940M->435M(2612M) 29.676ms
[2023-12-20T08:54:31.146-0800][55821591ms] GC(3006) User=0.09s Sys=0.00s Real=0.03s
[2023-12-20T08:54:31.905-0800][55822350ms] GC(3007) Pause Young (Normal) (G1 Evacuation Pause)
[2023-12-20T08:54:31.905-0800][55822350ms] GC(3007) Using 10 workers of 10 for evacuation
[2023-12-20T08:54:31.937-0800][55822382ms] GC(3007)   Pre Evacuate Collection Set: 0.0ms
[2023-12-20T08:54:31.937-0800][55822382ms] GC(3007)   Evacuate Collection Set: 30.2ms
[2023-12-20T08:54:31.937-0800][55822382ms] GC(3007)   Post Evacuate Collection Set: 2.4ms
[2023-12-20T08:54:31.937-0800][55822382ms] GC(3007)   Other: 0.3ms
[2023-12-20T08:54:31.937-0800][55822382ms] GC(3007) Eden regions: 753->0(754)
[2023-12-20T08:54:31.937-0800][55822382ms] GC(3007) Survivor regions: 30->29(98)
[2023-12-20T08:54:31.937-0800][55822382ms] GC(3007) Old regions: 183->183
[2023-12-20T08:54:31.937-0800][55822382ms] GC(3007) Humongous regions: 5->5
[2023-12-20T08:54:31.937-0800][55822382ms] GC(3007) Metaspace: 256504K->256504K(1294336K)
[2023-12-20T08:54:31.937-0800][55822382ms] GC(3007) Pause Young (Normal) (G1 Evacuation Pause) 1941M->433M(2612M) 33.059ms
[2023-12-20T08:54:31.937-0800][55822382ms] GC(3007) User=0.16s Sys=0.00s Real=0.03s
[2023-12-20T08:54:33.295-0800][55823740ms] GC(3008) Pause Young (Normal) (G1 Evacuation Pause)
[2023-12-20T08:54:33.295-0800][55823740ms] GC(3008) Using 10 workers of 10 for evacuation
[2023-12-20T08:54:33.328-0800][55823773ms] GC(3008)   Pre Evacuate Collection Set: 0.1ms
[2023-12-20T08:54:33.328-0800][55823773ms] GC(3008)   Evacuate Collection Set: 29.6ms
[2023-12-20T08:54:33.328-0800][55823773ms] GC(3008)   Post Evacuate Collection Set: 2.9ms
[2023-12-20T08:54:33.328-0800][55823773ms] GC(3008)   Other: 0.5ms
[2023-12-20T08:54:33.328-0800][55823773ms] GC(3008) Eden regions: 754->0(754)
[2023-12-20T08:54:33.328-0800][55823773ms] GC(3008) Survivor regions: 29->29(98)
[2023-12-20T08:54:33.328-0800][55823773ms] GC(3008) Old regions: 183->183
[2023-12-20T08:54:33.328-0800][55823773ms] GC(3008) Humongous regions: 5->5
[2023-12-20T08:54:33.328-0800][55823773ms] GC(3008) Metaspace: 256504K->256504K(1294336K)
[2023-12-20T08:54:33.328-0800][55823773ms] GC(3008) Pause Young (Normal) (G1 Evacuation Pause) 1941M->433M(2612M) 33.184ms
[2023-12-20T08:54:33.328-0800][55823773ms] GC(3008) User=0.13s Sys=0.00s Real=0.03s
[2023-12-20T08:54:36.165-0800][55826610ms] GC(3009) Pause Young (Normal) (G1 Evacuation Pause)
[2023-12-20T08:54:36.165-0800][55826610ms] GC(3009) Using 10 workers of 10 for evacuation
[2023-12-20T08:54:36.196-0800][55826641ms] GC(3009)   Pre Evacuate Collection Set: 0.0ms
[2023-12-20T08:54:36.196-0800][55826641ms] GC(3009)   Evacuate Collection Set: 27.9ms
[2023-12-20T08:54:36.196-0800][55826641ms] GC(3009)   Post Evacuate Collection Set: 2.4ms
[2023-12-20T08:54:36.196-0800][55826641ms] GC(3009)   Other: 0.4ms
[2023-12-20T08:54:36.196-0800][55826641ms] GC(3009) Eden regions: 754->0(754)
[2023-12-20T08:54:36.196-0800][55826641ms] GC(3009) Survivor regions: 29->29(98)
[2023-12-20T08:54:36.196-0800][55826641ms] GC(3009) Old regions: 183->183
[2023-12-20T08:54:36.196-0800][55826641ms] GC(3009) Humongous regions: 5->5
[2023-12-20T08:54:36.196-0800][55826641ms] GC(3009) Metaspace: 256504K->256504K(1294336K)
[2023-12-20T08:54:36.196-0800][55826641ms] GC(3009) Pause Young (Normal) (G1 Evacuation Pause) 1941M->433M(2612M) 30.944ms
[2023-12-20T08:54:36.196-0800][55826641ms] GC(3009) User=0.14s Sys=0.00s Real=0.03s
[2023-12-20T08:54:36.990-0800][55827435ms] GC(3010) Pause Young (Normal) (G1 Evacuation Pause)
[2023-12-20T08:54:36.990-0800][55827435ms] GC(3010) Using 10 workers of 10 for evacuation
[2023-12-20T08:54:37.018-0800][55827463ms] GC(3010)   Pre Evacuate Collection Set: 0.0ms
[2023-12-20T08:54:37.018-0800][55827463ms] GC(3010)   Evacuate Collection Set: 25.5ms
[2023-12-20T08:54:37.018-0800][55827463ms] GC(3010)   Post Evacuate Collection Set: 2.5ms
[2023-12-20T08:54:37.018-0800][55827463ms] GC(3010)   Other: 0.4ms
[2023-12-20T08:54:37.018-0800][55827463ms] GC(3010) Eden regions: 754->0(753)
[2023-12-20T08:54:37.018-0800][55827463ms] GC(3010) Survivor regions: 29->30(98)
[2023-12-20T08:54:37.018-0800][55827463ms] GC(3010) Old regions: 183->183
[2023-12-20T08:54:37.018-0800][55827463ms] GC(3010) Humongous regions: 5->5
[2023-12-20T08:54:37.018-0800][55827463ms] GC(3010) Metaspace: 256504K->256504K(1294336K)
[2023-12-20T08:54:37.018-0800][55827463ms] GC(3010) Pause Young (Normal) (G1 Evacuation Pause) 1941M->435M(2612M) 28.574ms
[2023-12-20T08:54:37.018-0800][55827463ms] GC(3010) User=0.20s Sys=0.00s Real=0.03s
[2023-12-20T08:54:37.728-0800][55828173ms] GC(3011) Pause Young (Normal) (G1 Evacuation Pause)
[2023-12-20T08:54:37.728-0800][55828173ms] GC(3011) Using 10 workers of 10 for evacuation
[2023-12-20T08:54:37.756-0800][55828201ms] GC(3011)   Pre Evacuate Collection Set: 0.0ms
[2023-12-20T08:54:37.756-0800][55828201ms] GC(3011)   Evacuate Collection Set: 25.6ms
[2023-12-20T08:54:37.756-0800][55828201ms] GC(3011)   Post Evacuate Collection Set: 2.4ms
[2023-12-20T08:54:37.756-0800][55828201ms] GC(3011)   Other: 0.4ms
[2023-12-20T08:54:37.756-0800][55828201ms] GC(3011) Eden regions: 753->0(753)
[2023-12-20T08:54:37.756-0800][55828201ms] GC(3011) Survivor regions: 30->30(98)
[2023-12-20T08:54:37.756-0800][55828201ms] GC(3011) Old regions: 183->183
[2023-12-20T08:54:37.756-0800][55828201ms] GC(3011) Humongous regions: 5->5
[2023-12-20T08:54:37.756-0800][55828201ms] GC(3011) Metaspace: 256504K->256504K(1294336K)
[2023-12-20T08:54:37.756-0800][55828201ms] GC(3011) Pause Young (Normal) (G1 Evacuation Pause) 1941M->435M(2612M) 28.507ms
[2023-12-20T08:54:37.756-0800][55828201ms] GC(3011) User=0.11s Sys=0.00s Real=0.03s
[2023-12-20T08:54:40.246-0800][55830691ms] GC(3012) Pause Young (Normal) (G1 Evacuation Pause)
[2023-12-20T08:54:40.246-0800][55830691ms] GC(3012) Using 10 workers of 10 for evacuation
[2023-12-20T08:54:40.280-0800][55830725ms] GC(3012)   Pre Evacuate Collection Set: 0.1ms
[2023-12-20T08:54:40.280-0800][55830725ms] GC(3012)   Evacuate Collection Set: 30.6ms
[2023-12-20T08:54:40.280-0800][55830725ms] GC(3012)   Post Evacuate Collection Set: 3.3ms
[2023-12-20T08:54:40.280-0800][55830725ms] GC(3012)   Other: 0.4ms
[2023-12-20T08:54:40.280-0800][55830725ms] GC(3012) Eden regions: 753->0(753)
[2023-12-20T08:54:40.280-0800][55830725ms] GC(3012) Survivor regions: 30->30(98)
[2023-12-20T08:54:40.280-0800][55830725ms] GC(3012) Old regions: 183->183
[2023-12-20T08:54:40.280-0800][55830725ms] GC(3012) Humongous regions: 5->5
[2023-12-20T08:54:40.280-0800][55830725ms] GC(3012) Metaspace: 256504K->256504K(1294336K)
[2023-12-20T08:54:40.280-0800][55830725ms] GC(3012) Pause Young (Normal) (G1 Evacuation Pause) 1941M->435M(2612M) 34.570ms
[2023-12-20T08:54:40.280-0800][55830725ms] GC(3012) User=0.09s Sys=0.00s Real=0.03s
[2023-12-20T08:54:41.274-0800][55831719ms] GC(3013) Pause Young (Normal) (G1 Evacuation Pause)
[2023-12-20T08:54:41.274-0800][55831719ms] GC(3013) Using 10 workers of 10 for evacuation
[2023-12-20T08:54:41.301-0800][55831746ms] GC(3013)   Pre Evacuate Collection Set: 0.0ms
[2023-12-20T08:54:41.301-0800][55831746ms] GC(3013)   Evacuate Collection Set: 24.9ms
[2023-12-20T08:54:41.301-0800][55831746ms] GC(3013)   Post Evacuate Collection Set: 2.3ms
[2023-12-20T08:54:41.301-0800][55831746ms] GC(3013)   Other: 0.4ms
[2023-12-20T08:54:41.301-0800][55831746ms] GC(3013) Eden regions: 753->0(752)
[2023-12-20T08:54:41.301-0800][55831746ms] GC(3013) Survivor regions: 30->31(98)
[2023-12-20T08:54:41.301-0800][55831746ms] GC(3013) Old regions: 183->183
[2023-12-20T08:54:41.301-0800][55831746ms] GC(3013) Humongous regions: 5->5
[2023-12-20T08:54:41.301-0800][55831746ms] GC(3013) Metaspace: 256504K->256504K(1294336K)
[2023-12-20T08:54:41.301-0800][55831746ms] GC(3013) Pause Young (Normal) (G1 Evacuation Pause) 1941M->437M(2612M) 27.715ms
[2023-12-20T08:54:41.301-0800][55831746ms] GC(3013) User=0.06s Sys=0.00s Real=0.03s
[2023-12-20T08:54:42.101-0800][55832546ms] GC(3014) Pause Young (Normal) (G1 Evacuation Pause)
[2023-12-20T08:54:42.101-0800][55832546ms] GC(3014) Using 10 workers of 10 for evacuation
[2023-12-20T08:54:42.128-0800][55832573ms] GC(3014)   Pre Evacuate Collection Set: 0.0ms
[2023-12-20T08:54:42.163-0800][55832608ms] GC(3014)   Evacuate Collection Set: 25.7ms
[2023-12-20T08:54:42.163-0800][55832608ms] GC(3014)   Post Evacuate Collection Set: 2.3ms
[2023-12-20T08:54:42.163-0800][55832608ms] GC(3014)   Other: 0.4ms
[2023-12-20T08:54:42.163-0800][55832608ms] GC(3014) Eden regions: 752->0(752)
[2023-12-20T08:54:42.163-0800][55832608ms] GC(3014) Survivor regions: 31->31(98)
[2023-12-20T08:54:42.163-0800][55832608ms] GC(3014) Old regions: 183->183
[2023-12-20T08:54:42.163-0800][55832608ms] GC(3014) Humongous regions: 5->5
[2023-12-20T08:54:42.163-0800][55832608ms] GC(3014) Metaspace: 256504K->256504K(1294336K)
[2023-12-20T08:54:42.163-0800][55832608ms] GC(3014) Pause Young (Normal) (G1 Evacuation Pause) 1941M->436M(2612M) 62.798ms
[2023-12-20T08:54:42.164-0800][55832609ms] GC(3014) User=0.06s Sys=0.00s Real=0.06s
[2023-12-20T08:54:42.814-0800][55833259ms] GC(3015) Pause Young (Normal) (G1 Evacuation Pause)
[2023-12-20T08:54:42.814-0800][55833259ms] GC(3015) Using 10 workers of 10 for evacuation
[2023-12-20T08:54:42.839-0800][55833284ms] GC(3015)   Pre Evacuate Collection Set: 0.0ms
[2023-12-20T08:54:42.839-0800][55833284ms] GC(3015)   Evacuate Collection Set: 23.5ms
[2023-12-20T08:54:42.839-0800][55833284ms] GC(3015)   Post Evacuate Collection Set: 2.4ms
[2023-12-20T08:54:42.839-0800][55833284ms] GC(3015)   Other: 0.4ms
[2023-12-20T08:54:42.839-0800][55833284ms] GC(3015) Eden regions: 752->0(752)
[2023-12-20T08:54:42.839-0800][55833284ms] GC(3015) Survivor regions: 31->31(98)
[2023-12-20T08:54:42.839-0800][55833284ms] GC(3015) Old regions: 183->183
[2023-12-20T08:54:42.839-0800][55833284ms] GC(3015) Humongous regions: 5->5
[2023-12-20T08:54:42.839-0800][55833284ms] GC(3015) Metaspace: 256504K->256504K(1294336K)
[2023-12-20T08:54:42.839-0800][55833284ms] GC(3015) Pause Young (Normal) (G1 Evacuation Pause) 1940M->437M(2612M) 26.407ms
[2023-12-20T08:54:42.839-0800][55833284ms] GC(3015) User=0.06s Sys=0.00s Real=0.03s
[2023-12-20T08:54:43.448-0800][55833893ms] GC(3016) Pause Young (Normal) (G1 Evacuation Pause)
[2023-12-20T08:54:43.448-0800][55833893ms] GC(3016) Using 10 workers of 10 for evacuation
[2023-12-20T08:54:43.473-0800][55833918ms] GC(3016)   Pre Evacuate Collection Set: 0.0ms
[2023-12-20T08:54:43.473-0800][55833918ms] GC(3016)   Evacuate Collection Set: 23.7ms
[2023-12-20T08:54:43.473-0800][55833918ms] GC(3016)   Post Evacuate Collection Set: 2.4ms
[2023-12-20T08:54:43.474-0800][55833919ms] GC(3016)   Other: 0.3ms
[2023-12-20T08:54:43.474-0800][55833919ms] GC(3016) Eden regions: 752->0(752)
[2023-12-20T08:54:43.474-0800][55833919ms] GC(3016) Survivor regions: 31->31(98)
[2023-12-20T08:54:43.474-0800][55833919ms] GC(3016) Old regions: 183->183
[2023-12-20T08:54:43.474-0800][55833919ms] GC(3016) Humongous regions: 5->5
[2023-12-20T08:54:43.474-0800][55833919ms] GC(3016) Metaspace: 256504K->256504K(1294336K)
[2023-12-20T08:54:43.474-0800][55833919ms] GC(3016) Pause Young (Normal) (G1 Evacuation Pause) 1941M->436M(2612M) 26.527ms
[2023-12-20T08:54:43.474-0800][55833919ms] GC(3016) User=0.09s Sys=0.00s Real=0.03s
[2023-12-20T08:54:44.026-0800][55834471ms] GC(3017) Pause Young (Normal) (G1 Evacuation Pause)
[2023-12-20T08:54:44.026-0800][55834471ms] GC(3017) Using 10 workers of 10 for evacuation
[2023-12-20T08:54:44.052-0800][55834497ms] GC(3017)   Pre Evacuate Collection Set: 0.0ms
[2023-12-20T08:54:44.052-0800][55834497ms] GC(3017)   Evacuate Collection Set: 23.7ms
[2023-12-20T08:54:44.052-0800][55834497ms] GC(3017)   Post Evacuate Collection Set: 2.4ms
[2023-12-20T08:54:44.052-0800][55834497ms] GC(3017)   Other: 0.4ms
[2023-12-20T08:54:44.052-0800][55834497ms] GC(3017) Eden regions: 752->0(752)
[2023-12-20T08:54:44.052-0800][55834497ms] GC(3017) Survivor regions: 31->31(98)
[2023-12-20T08:54:44.052-0800][55834497ms] GC(3017) Old regions: 183->183
[2023-12-20T08:54:44.052-0800][55834497ms] GC(3017) Humongous regions: 5->5
[2023-12-20T08:54:44.052-0800][55834497ms] GC(3017) Metaspace: 256504K->256504K(1294336K)
[2023-12-20T08:54:44.052-0800][55834497ms] GC(3017) Pause Young (Normal) (G1 Evacuation Pause) 1940M->436M(2612M) 26.607ms
[2023-12-20T08:54:44.052-0800][55834497ms] GC(3017) User=0.03s Sys=0.00s Real=0.03s
[2023-12-20T08:54:44.740-0800][55835185ms] GC(3018) Pause Young (Normal) (G1 Evacuation Pause)
[2023-12-20T08:54:44.740-0800][55835185ms] GC(3018) Using 10 workers of 10 for evacuation
[2023-12-20T08:54:44.766-0800][55835211ms] GC(3018)   Pre Evacuate Collection Set: 0.0ms
[2023-12-20T08:54:44.766-0800][55835211ms] GC(3018)   Evacuate Collection Set: 22.5ms
[2023-12-20T08:54:44.766-0800][55835211ms] GC(3018)   Post Evacuate Collection Set: 2.3ms
[2023-12-20T08:54:44.766-0800][55835211ms] GC(3018)   Other: 0.3ms
[2023-12-20T08:54:44.766-0800][55835211ms] GC(3018) Eden regions: 752->0(752)
[2023-12-20T08:54:44.766-0800][55835211ms] GC(3018) Survivor regions: 31->31(98)
[2023-12-20T08:54:44.766-0800][55835211ms] GC(3018) Old regions: 183->183
[2023-12-20T08:54:44.766-0800][55835211ms] GC(3018) Humongous regions: 5->5
[2023-12-20T08:54:44.766-0800][55835211ms] GC(3018) Metaspace: 256504K->256504K(1294336K)
[2023-12-20T08:54:44.766-0800][55835211ms] GC(3018) Pause Young (Normal) (G1 Evacuation Pause) 1940M->436M(2612M) 25.348ms
[2023-12-20T08:54:44.766-0800][55835211ms] GC(3018) User=0.19s Sys=0.00s Real=0.03s
[2023-12-20T08:54:45.441-0800][55835886ms] GC(3019) Pause Young (Normal) (G1 Evacuation Pause)
[2023-12-20T08:54:45.442-0800][55835887ms] GC(3019) Using 10 workers of 10 for evacuation
[2023-12-20T08:54:45.467-0800][55835912ms] GC(3019)   Pre Evacuate Collection Set: 0.0ms
[2023-12-20T08:54:45.467-0800][55835912ms] GC(3019)   Evacuate Collection Set: 23.3ms
[2023-12-20T08:54:45.467-0800][55835912ms] GC(3019)   Post Evacuate Collection Set: 2.3ms
[2023-12-20T08:54:45.467-0800][55835912ms] GC(3019)   Other: 0.3ms
[2023-12-20T08:54:45.467-0800][55835912ms] GC(3019) Eden regions: 752->0(752)
[2023-12-20T08:54:45.467-0800][55835912ms] GC(3019) Survivor regions: 31->31(98)
[2023-12-20T08:54:45.467-0800][55835912ms] GC(3019) Old regions: 183->183
[2023-12-20T08:54:45.467-0800][55835912ms] GC(3019) Humongous regions: 5->5
[2023-12-20T08:54:45.467-0800][55835912ms] GC(3019) Metaspace: 256504K->256504K(1294336K)
[2023-12-20T08:54:45.467-0800][55835912ms] GC(3019) Pause Young (Normal) (G1 Evacuation Pause) 1940M->436M(2612M) 26.076ms
[2023-12-20T08:54:45.467-0800][55835912ms] GC(3019) User=0.13s Sys=0.00s Real=0.03s
[2023-12-20T08:54:46.110-0800][55836555ms] GC(3020) Pause Young (Normal) (G1 Evacuation Pause)
[2023-12-20T08:54:46.110-0800][55836555ms] GC(3020) Using 10 workers of 10 for evacuation
[2023-12-20T08:54:46.140-0800][55836585ms] GC(3020)   Pre Evacuate Collection Set: 0.0ms
[2023-12-20T08:54:46.140-0800][55836585ms] GC(3020)   Evacuate Collection Set: 26.7ms
[2023-12-20T08:54:46.140-0800][55836585ms] GC(3020)   Post Evacuate Collection Set: 2.5ms
[2023-12-20T08:54:46.140-0800][55836585ms] GC(3020)   Other: 0.4ms
[2023-12-20T08:54:46.140-0800][55836585ms] GC(3020) Eden regions: 752->0(752)
[2023-12-20T08:54:46.140-0800][55836585ms] GC(3020) Survivor regions: 31->31(98)
[2023-12-20T08:54:46.140-0800][55836585ms] GC(3020) Old regions: 183->183
[2023-12-20T08:54:46.140-0800][55836585ms] GC(3020) Humongous regions: 5->5
[2023-12-20T08:54:46.140-0800][55836585ms] GC(3020) Metaspace: 256504K->256504K(1294336K)
[2023-12-20T08:54:46.140-0800][55836585ms] GC(3020) Pause Young (Normal) (G1 Evacuation Pause) 1940M->436M(2612M) 29.643ms
[2023-12-20T08:54:46.140-0800][55836585ms] GC(3020) User=0.17s Sys=0.00s Real=0.03s
[2023-12-20T08:54:46.934-0800][55837379ms] GC(3021) Pause Young (Normal) (GCLocker Initiated GC)
[2023-12-20T08:54:46.934-0800][55837379ms] GC(3021) Using 10 workers of 10 for evacuation
[2023-12-20T08:54:46.961-0800][55837406ms] GC(3021)   Pre Evacuate Collection Set: 0.0ms
[2023-12-20T08:54:46.962-0800][55837407ms] GC(3021)   Evacuate Collection Set: 24.6ms
[2023-12-20T08:54:46.962-0800][55837407ms] GC(3021)   Post Evacuate Collection Set: 2.6ms
[2023-12-20T08:54:46.962-0800][55837407ms] GC(3021)   Other: 0.4ms
[2023-12-20T08:54:46.962-0800][55837407ms] GC(3021) Eden regions: 752->0(752)
[2023-12-20T08:54:46.962-0800][55837407ms] GC(3021) Survivor regions: 31->31(98)
[2023-12-20T08:54:46.962-0800][55837407ms] GC(3021) Old regions: 183->183
[2023-12-20T08:54:46.962-0800][55837407ms] GC(3021) Humongous regions: 5->5
[2023-12-20T08:54:46.962-0800][55837407ms] GC(3021) Metaspace: 256504K->256504K(1294336K)
[2023-12-20T08:54:46.962-0800][55837407ms] GC(3021) Pause Young (Normal) (GCLocker Initiated GC) 1940M->436M(2612M) 27.790ms
[2023-12-20T08:54:46.962-0800][55837407ms] GC(3021) User=0.06s Sys=0.00s Real=0.03s
[2023-12-20T08:54:47.787-0800][55838232ms] GC(3022) Pause Young (Normal) (GCLocker Initiated GC)
[2023-12-20T08:54:47.787-0800][55838232ms] GC(3022) Using 10 workers of 10 for evacuation
[2023-12-20T08:54:47.814-0800][55838259ms] GC(3022)   Pre Evacuate Collection Set: 0.0ms
[2023-12-20T08:54:47.814-0800][55838259ms] GC(3022)   Evacuate Collection Set: 23.6ms
[2023-12-20T08:54:47.814-0800][55838259ms] GC(3022)   Post Evacuate Collection Set: 2.4ms
[2023-12-20T08:54:47.814-0800][55838259ms] GC(3022)   Other: 0.4ms
[2023-12-20T08:54:47.814-0800][55838259ms] GC(3022) Eden regions: 753->0(752)
[2023-12-20T08:54:47.814-0800][55838259ms] GC(3022) Survivor regions: 31->31(98)
[2023-12-20T08:54:47.814-0800][55838259ms] GC(3022) Old regions: 183->183
[2023-12-20T08:54:47.814-0800][55838259ms] GC(3022) Humongous regions: 5->5
[2023-12-20T08:54:47.814-0800][55838259ms] GC(3022) Metaspace: 256504K->256504K(1294336K)
[2023-12-20T08:54:47.814-0800][55838259ms] GC(3022) Pause Young (Normal) (GCLocker Initiated GC) 1941M->437M(2612M) 26.545ms
[2023-12-20T08:54:47.814-0800][55838259ms] GC(3022) User=0.16s Sys=0.00s Real=0.03s
[2023-12-20T08:54:48.622-0800][55839067ms] GC(3023) Pause Young (Normal) (GCLocker Initiated GC)
[2023-12-20T08:54:48.622-0800][55839067ms] GC(3023) Using 10 workers of 10 for evacuation
[2023-12-20T08:54:48.649-0800][55839094ms] GC(3023)   Pre Evacuate Collection Set: 0.0ms
[2023-12-20T08:54:48.649-0800][55839094ms] GC(3023)   Evacuate Collection Set: 24.1ms
[2023-12-20T08:54:48.649-0800][55839094ms] GC(3023)   Post Evacuate Collection Set: 2.4ms
[2023-12-20T08:54:48.649-0800][55839094ms] GC(3023)   Other: 0.4ms
[2023-12-20T08:54:48.649-0800][55839094ms] GC(3023) Eden regions: 753->0(751)
[2023-12-20T08:54:48.649-0800][55839094ms] GC(3023) Survivor regions: 31->32(98)
[2023-12-20T08:54:48.649-0800][55839094ms] GC(3023) Old regions: 183->183
[2023-12-20T08:54:48.649-0800][55839094ms] GC(3023) Humongous regions: 5->5
[2023-12-20T08:54:48.649-0800][55839094ms] GC(3023) Metaspace: 256504K->256504K(1294336K)
[2023-12-20T08:54:48.649-0800][55839094ms] GC(3023) Pause Young (Normal) (GCLocker Initiated GC) 1942M->438M(2612M) 27.098ms
[2023-12-20T08:54:48.649-0800][55839094ms] GC(3023) User=0.09s Sys=0.00s Real=0.03s
[2023-12-20T08:54:49.453-0800][55839898ms] GC(3024) Pause Young (Normal) (G1 Evacuation Pause)
[2023-12-20T08:54:49.453-0800][55839898ms] GC(3024) Using 10 workers of 10 for evacuation
[2023-12-20T08:54:49.481-0800][55839926ms] GC(3024)   Pre Evacuate Collection Set: 0.0ms
[2023-12-20T08:54:49.481-0800][55839926ms] GC(3024)   Evacuate Collection Set: 24.9ms
[2023-12-20T08:54:49.481-0800][55839926ms] GC(3024)   Post Evacuate Collection Set: 2.2ms
[2023-12-20T08:54:49.481-0800][55839926ms] GC(3024)   Other: 0.4ms
[2023-12-20T08:54:49.481-0800][55839926ms] GC(3024) Eden regions: 751->0(753)
[2023-12-20T08:54:49.481-0800][55839926ms] GC(3024) Survivor regions: 32->30(98)
[2023-12-20T08:54:49.481-0800][55839926ms] GC(3024) Old regions: 183->183
[2023-12-20T08:54:49.481-0800][55839926ms] GC(3024) Humongous regions: 5->5
[2023-12-20T08:54:49.481-0800][55839926ms] GC(3024) Metaspace: 256507K->256507K(1294336K)
[2023-12-20T08:54:49.481-0800][55839926ms] GC(3024) Pause Young (Normal) (G1 Evacuation Pause) 1940M->435M(2612M) 27.679ms
[2023-12-20T08:54:49.481-0800][55839926ms] GC(3024) User=0.11s Sys=0.00s Real=0.03s
[2023-12-20T08:54:50.152-0800][55840597ms] GC(3025) Pause Young (Normal) (G1 Evacuation Pause)
[2023-12-20T08:54:50.152-0800][55840597ms] GC(3025) Using 10 workers of 10 for evacuation
[2023-12-20T08:54:50.179-0800][55840624ms] GC(3025)   Pre Evacuate Collection Set: 0.0ms
[2023-12-20T08:54:50.179-0800][55840624ms] GC(3025)   Evacuate Collection Set: 24.7ms
[2023-12-20T08:54:50.179-0800][55840624ms] GC(3025)   Post Evacuate Collection Set: 2.4ms
[2023-12-20T08:54:50.179-0800][55840624ms] GC(3025)   Other: 0.4ms
[2023-12-20T08:54:50.179-0800][55840624ms] GC(3025) Eden regions: 753->0(752)
[2023-12-20T08:54:50.179-0800][55840624ms] GC(3025) Survivor regions: 30->31(98)
[2023-12-20T08:54:50.179-0800][55840624ms] GC(3025) Old regions: 183->183
[2023-12-20T08:54:50.179-0800][55840624ms] GC(3025) Humongous regions: 5->5
[2023-12-20T08:54:50.179-0800][55840624ms] GC(3025) Metaspace: 256507K->256507K(1294336K)
[2023-12-20T08:54:50.179-0800][55840624ms] GC(3025) Pause Young (Normal) (G1 Evacuation Pause) 1941M->436M(2612M) 27.571ms
[2023-12-20T08:54:50.179-0800][55840624ms] GC(3025) User=0.03s Sys=0.00s Real=0.03s
[2023-12-20T08:54:50.880-0800][55841325ms] GC(3026) Pause Young (Normal) (G1 Evacuation Pause)
[2023-12-20T08:54:50.880-0800][55841325ms] GC(3026) Using 10 workers of 10 for evacuation
[2023-12-20T08:54:50.907-0800][55841352ms] GC(3026)   Pre Evacuate Collection Set: 0.0ms
[2023-12-20T08:54:50.907-0800][55841352ms] GC(3026)   Evacuate Collection Set: 24.5ms
[2023-12-20T08:54:50.907-0800][55841352ms] GC(3026)   Post Evacuate Collection Set: 2.4ms
[2023-12-20T08:54:50.907-0800][55841352ms] GC(3026)   Other: 0.5ms
[2023-12-20T08:54:50.907-0800][55841352ms] GC(3026) Eden regions: 752->0(753)
[2023-12-20T08:54:50.907-0800][55841352ms] GC(3026) Survivor regions: 31->30(98)
[2023-12-20T08:54:50.907-0800][55841352ms] GC(3026) Old regions: 183->183
[2023-12-20T08:54:50.907-0800][55841352ms] GC(3026) Humongous regions: 5->5
[2023-12-20T08:54:50.907-0800][55841352ms] GC(3026) Metaspace: 256507K->256507K(1294336K)
[2023-12-20T08:54:50.907-0800][55841352ms] GC(3026) Pause Young (Normal) (G1 Evacuation Pause) 1940M->435M(2612M) 27.560ms
[2023-12-20T08:54:50.907-0800][55841352ms] GC(3026) User=0.09s Sys=0.00s Real=0.03s
[2023-12-20T08:54:51.348-0800][55841793ms] GC(3027) Pause Young (Normal) (G1 Evacuation Pause)
[2023-12-20T08:54:51.348-0800][55841793ms] GC(3027) Using 10 workers of 10 for evacuation
[2023-12-20T08:54:51.374-0800][55841819ms] GC(3027)   Pre Evacuate Collection Set: 0.0ms
[2023-12-20T08:54:51.374-0800][55841819ms] GC(3027)   Evacuate Collection Set: 23.6ms
[2023-12-20T08:54:51.374-0800][55841819ms] GC(3027)   Post Evacuate Collection Set: 2.3ms
[2023-12-20T08:54:51.374-0800][55841819ms] GC(3027)   Other: 0.4ms
[2023-12-20T08:54:51.374-0800][55841819ms] GC(3027) Eden regions: 753->0(753)
[2023-12-20T08:54:51.374-0800][55841819ms] GC(3027) Survivor regions: 30->30(98)
[2023-12-20T08:54:51.374-0800][55841819ms] GC(3027) Old regions: 183->183
[2023-12-20T08:54:51.374-0800][55841819ms] GC(3027) Humongous regions: 5->5
[2023-12-20T08:54:51.374-0800][55841819ms] GC(3027) Metaspace: 256507K->256507K(1294336K)
[2023-12-20T08:54:51.374-0800][55841819ms] GC(3027) Pause Young (Normal) (G1 Evacuation Pause) 1941M->435M(2612M) 26.439ms
[2023-12-20T08:54:51.374-0800][55841819ms] GC(3027) User=0.08s Sys=0.00s Real=0.03s
[2023-12-20T08:54:51.972-0800][55842417ms] GC(3028) Pause Young (Normal) (G1 Evacuation Pause)
[2023-12-20T08:54:51.972-0800][55842417ms] GC(3028) Using 10 workers of 10 for evacuation
[2023-12-20T08:54:52.001-0800][55842446ms] GC(3028)   Pre Evacuate Collection Set: 0.0ms
[2023-12-20T08:54:52.001-0800][55842446ms] GC(3028)   Evacuate Collection Set: 25.6ms
[2023-12-20T08:54:52.001-0800][55842446ms] GC(3028)   Post Evacuate Collection Set: 2.5ms
[2023-12-20T08:54:52.001-0800][55842446ms] GC(3028)   Other: 0.3ms
[2023-12-20T08:54:52.001-0800][55842446ms] GC(3028) Eden regions: 753->0(753)
[2023-12-20T08:54:52.001-0800][55842446ms] GC(3028) Survivor regions: 30->30(98)
[2023-12-20T08:54:52.001-0800][55842446ms] GC(3028) Old regions: 183->183
[2023-12-20T08:54:52.001-0800][55842446ms] GC(3028) Humongous regions: 5->5
[2023-12-20T08:54:52.001-0800][55842446ms] GC(3028) Metaspace: 256507K->256507K(1294336K)
[2023-12-20T08:54:52.001-0800][55842446ms] GC(3028) Pause Young (Normal) (G1 Evacuation Pause) 1941M->434M(2612M) 28.576ms
[2023-12-20T08:54:52.001-0800][55842446ms] GC(3028) User=0.09s Sys=0.00s Real=0.03s
[2023-12-20T08:54:52.611-0800][55843056ms] GC(3029) Pause Young (Normal) (G1 Evacuation Pause)
[2023-12-20T08:54:52.611-0800][55843056ms] GC(3029) Using 10 workers of 10 for evacuation
[2023-12-20T08:54:52.638-0800][55843083ms] GC(3029)   Pre Evacuate Collection Set: 0.0ms
[2023-12-20T08:54:52.638-0800][55843083ms] GC(3029)   Evacuate Collection Set: 24.4ms
[2023-12-20T08:54:52.638-0800][55843083ms] GC(3029)   Post Evacuate Collection Set: 2.4ms
[2023-12-20T08:54:52.638-0800][55843083ms] GC(3029)   Other: 0.4ms
[2023-12-20T08:54:52.638-0800][55843083ms] GC(3029) Eden regions: 753->0(753)
[2023-12-20T08:54:52.638-0800][55843083ms] GC(3029) Survivor regions: 30->30(98)
[2023-12-20T08:54:52.638-0800][55843083ms] GC(3029) Old regions: 183->183
[2023-12-20T08:54:52.638-0800][55843083ms] GC(3029) Humongous regions: 5->5
[2023-12-20T08:54:52.638-0800][55843083ms] GC(3029) Metaspace: 256507K->256507K(1294336K)
[2023-12-20T08:54:52.638-0800][55843083ms] GC(3029) Pause Young (Normal) (G1 Evacuation Pause) 1940M->434M(2612M) 27.381ms
[2023-12-20T08:54:52.638-0800][55843083ms] GC(3029) User=0.11s Sys=0.00s Real=0.03s
[2023-12-20T08:54:53.286-0800][55843731ms] GC(3030) Pause Young (Normal) (G1 Evacuation Pause)
[2023-12-20T08:54:53.286-0800][55843731ms] GC(3030) Using 10 workers of 10 for evacuation
[2023-12-20T08:54:53.314-0800][55843759ms] GC(3030)   Pre Evacuate Collection Set: 0.0ms
[2023-12-20T08:54:53.314-0800][55843759ms] GC(3030)   Evacuate Collection Set: 25.6ms
[2023-12-20T08:54:53.314-0800][55843759ms] GC(3030)   Post Evacuate Collection Set: 2.3ms
[2023-12-20T08:54:53.314-0800][55843759ms] GC(3030)   Other: 0.4ms
[2023-12-20T08:54:53.314-0800][55843759ms] GC(3030) Eden regions: 753->0(753)
[2023-12-20T08:54:53.314-0800][55843759ms] GC(3030) Survivor regions: 30->30(98)
[2023-12-20T08:54:53.314-0800][55843759ms] GC(3030) Old regions: 183->183
[2023-12-20T08:54:53.314-0800][55843759ms] GC(3030) Humongous regions: 5->5
[2023-12-20T08:54:53.314-0800][55843759ms] GC(3030) Metaspace: 256507K->256507K(1294336K)
[2023-12-20T08:54:53.314-0800][55843759ms] GC(3030) Pause Young (Normal) (G1 Evacuation Pause) 1940M->435M(2612M) 28.463ms
[2023-12-20T08:54:53.314-0800][55843759ms] GC(3030) User=0.16s Sys=0.00s Real=0.03s
[2023-12-20T08:54:54.034-0800][55844479ms] GC(3031) Pause Young (Normal) (G1 Evacuation Pause)
[2023-12-20T08:54:54.034-0800][55844479ms] GC(3031) Using 10 workers of 10 for evacuation
[2023-12-20T08:54:54.066-0800][55844511ms] GC(3031)   Pre Evacuate Collection Set: 0.0ms
[2023-12-20T08:54:54.066-0800][55844511ms] GC(3031)   Evacuate Collection Set: 28.3ms
[2023-12-20T08:54:54.066-0800][55844511ms] GC(3031)   Post Evacuate Collection Set: 2.6ms
[2023-12-20T08:54:54.066-0800][55844511ms] GC(3031)   Other: 0.4ms
[2023-12-20T08:54:54.066-0800][55844511ms] GC(3031) Eden regions: 753->0(753)
[2023-12-20T08:54:54.066-0800][55844511ms] GC(3031) Survivor regions: 30->30(98)
[2023-12-20T08:54:54.066-0800][55844511ms] GC(3031) Old regions: 183->183
[2023-12-20T08:54:54.066-0800][55844511ms] GC(3031) Humongous regions: 5->5
[2023-12-20T08:54:54.066-0800][55844511ms] GC(3031) Metaspace: 256507K->256507K(1294336K)
[2023-12-20T08:54:54.066-0800][55844511ms] GC(3031) Pause Young (Normal) (G1 Evacuation Pause) 1941M->435M(2612M) 31.438ms
[2023-12-20T08:54:54.066-0800][55844511ms] GC(3031) User=0.19s Sys=0.00s Real=0.03s
[2023-12-20T08:54:54.662-0800][55845107ms] GC(3032) Pause Young (Normal) (G1 Evacuation Pause)
[2023-12-20T08:54:54.662-0800][55845107ms] GC(3032) Using 10 workers of 10 for evacuation
[2023-12-20T08:54:54.694-0800][55845139ms] GC(3032)   Pre Evacuate Collection Set: 0.0ms
[2023-12-20T08:54:54.694-0800][55845139ms] GC(3032)   Evacuate Collection Set: 29.1ms
[2023-12-20T08:54:54.694-0800][55845139ms] GC(3032)   Post Evacuate Collection Set: 2.8ms
[2023-12-20T08:54:54.694-0800][55845139ms] GC(3032)   Other: 0.4ms
[2023-12-20T08:54:54.694-0800][55845139ms] GC(3032) Eden regions: 753->0(753)
[2023-12-20T08:54:54.694-0800][55845139ms] GC(3032) Survivor regions: 30->30(98)
[2023-12-20T08:54:54.694-0800][55845139ms] GC(3032) Old regions: 183->183
[2023-12-20T08:54:54.694-0800][55845139ms] GC(3032) Humongous regions: 5->5
[2023-12-20T08:54:54.694-0800][55845139ms] GC(3032) Metaspace: 256507K->256507K(1294336K)
[2023-12-20T08:54:54.694-0800][55845139ms] GC(3032) Pause Young (Normal) (G1 Evacuation Pause) 1941M->435M(2612M) 32.549ms
[2023-12-20T08:54:54.694-0800][55845139ms] GC(3032) User=0.25s Sys=0.00s Real=0.03s
[2023-12-20T08:54:55.523-0800][55845968ms] GC(3033) Pause Young (Normal) (G1 Evacuation Pause)
[2023-12-20T08:54:55.523-0800][55845968ms] GC(3033) Using 10 workers of 10 for evacuation
[2023-12-20T08:54:55.553-0800][55845998ms] GC(3033)   Pre Evacuate Collection Set: 0.0ms
[2023-12-20T08:54:55.553-0800][55845998ms] GC(3033)   Evacuate Collection Set: 26.9ms
[2023-12-20T08:54:55.553-0800][55845998ms] GC(3033)   Post Evacuate Collection Set: 2.4ms
[2023-12-20T08:54:55.553-0800][55845998ms] GC(3033)   Other: 0.4ms
[2023-12-20T08:54:55.553-0800][55845998ms] GC(3033) Eden regions: 753->0(753)
[2023-12-20T08:54:55.553-0800][55845998ms] GC(3033) Survivor regions: 30->30(98)
[2023-12-20T08:54:55.553-0800][55845998ms] GC(3033) Old regions: 183->183
[2023-12-20T08:54:55.553-0800][55845998ms] GC(3033) Humongous regions: 5->5
[2023-12-20T08:54:55.553-0800][55845998ms] GC(3033) Metaspace: 256507K->256507K(1294336K)
[2023-12-20T08:54:55.553-0800][55845998ms] GC(3033) Pause Young (Normal) (G1 Evacuation Pause) 1941M->434M(2612M) 29.819ms
[2023-12-20T08:54:55.553-0800][55845998ms] GC(3033) User=0.14s Sys=0.00s Real=0.03s
[2023-12-20T08:54:56.510-0800][55846955ms] GC(3034) Pause Young (Normal) (G1 Evacuation Pause)
[2023-12-20T08:54:56.510-0800][55846955ms] GC(3034) Using 10 workers of 10 for evacuation
[2023-12-20T08:54:56.537-0800][55846982ms] GC(3034)   Pre Evacuate Collection Set: 0.0ms
[2023-12-20T08:54:56.537-0800][55846982ms] GC(3034)   Evacuate Collection Set: 25.2ms
[2023-12-20T08:54:56.537-0800][55846982ms] GC(3034)   Post Evacuate Collection Set: 2.4ms
[2023-12-20T08:54:56.537-0800][55846982ms] GC(3034)   Other: 0.4ms
[2023-12-20T08:54:56.537-0800][55846982ms] GC(3034) Eden regions: 753->0(753)
[2023-12-20T08:54:56.537-0800][55846982ms] GC(3034) Survivor regions: 30->30(98)
[2023-12-20T08:54:56.537-0800][55846982ms] GC(3034) Old regions: 183->183
[2023-12-20T08:54:56.537-0800][55846982ms] GC(3034) Humongous regions: 5->5
[2023-12-20T08:54:56.537-0800][55846982ms] GC(3034) Metaspace: 256507K->256507K(1294336K)
[2023-12-20T08:54:56.537-0800][55846982ms] GC(3034) Pause Young (Normal) (G1 Evacuation Pause) 1940M->435M(2612M) 28.066ms
[2023-12-20T08:54:56.537-0800][55846982ms] GC(3034) User=0.08s Sys=0.00s Real=0.03s
[2023-12-20T08:54:57.199-0800][55847644ms] GC(3035) Pause Young (Normal) (G1 Evacuation Pause)
[2023-12-20T08:54:57.199-0800][55847644ms] GC(3035) Using 10 workers of 10 for evacuation
[2023-12-20T08:54:57.227-0800][55847672ms] GC(3035)   Pre Evacuate Collection Set: 0.0ms
[2023-12-20T08:54:57.228-0800][55847673ms] GC(3035)   Evacuate Collection Set: 25.2ms
[2023-12-20T08:54:57.228-0800][55847673ms] GC(3035)   Post Evacuate Collection Set: 2.6ms
[2023-12-20T08:54:57.228-0800][55847673ms] GC(3035)   Other: 0.4ms
[2023-12-20T08:54:57.228-0800][55847673ms] GC(3035) Eden regions: 753->0(753)
[2023-12-20T08:54:57.228-0800][55847673ms] GC(3035) Survivor regions: 30->30(98)
[2023-12-20T08:54:57.228-0800][55847673ms] GC(3035) Old regions: 183->183
[2023-12-20T08:54:57.228-0800][55847673ms] GC(3035) Humongous regions: 5->5
[2023-12-20T08:54:57.228-0800][55847673ms] GC(3035) Metaspace: 256507K->256507K(1294336K)
[2023-12-20T08:54:57.228-0800][55847673ms] GC(3035) Pause Young (Normal) (G1 Evacuation Pause) 1941M->435M(2612M) 28.334ms
[2023-12-20T08:54:57.228-0800][55847673ms] GC(3035) User=0.11s Sys=0.00s Real=0.03s
[2023-12-20T08:54:57.933-0800][55848378ms] GC(3036) Pause Young (Normal) (G1 Evacuation Pause)
[2023-12-20T08:54:57.933-0800][55848378ms] GC(3036) Using 10 workers of 10 for evacuation
[2023-12-20T08:54:57.960-0800][55848405ms] GC(3036)   Pre Evacuate Collection Set: 0.0ms
[2023-12-20T08:54:57.960-0800][55848405ms] GC(3036)   Evacuate Collection Set: 24.2ms
[2023-12-20T08:54:57.960-0800][55848405ms] GC(3036)   Post Evacuate Collection Set: 2.3ms
[2023-12-20T08:54:57.960-0800][55848405ms] GC(3036)   Other: 0.3ms
[2023-12-20T08:54:57.960-0800][55848405ms] GC(3036) Eden regions: 753->0(752)
[2023-12-20T08:54:57.960-0800][55848405ms] GC(3036) Survivor regions: 30->31(98)
[2023-12-20T08:54:57.960-0800][55848405ms] GC(3036) Old regions: 183->183
[2023-12-20T08:54:57.960-0800][55848405ms] GC(3036) Humongous regions: 5->5
[2023-12-20T08:54:57.960-0800][55848405ms] GC(3036) Metaspace: 256507K->256507K(1294336K)
[2023-12-20T08:54:57.960-0800][55848405ms] GC(3036) Pause Young (Normal) (G1 Evacuation Pause) 1941M->436M(2612M) 26.998ms
[2023-12-20T08:54:57.960-0800][55848405ms] GC(3036) User=0.11s Sys=0.00s Real=0.03s
[2023-12-20T08:54:58.695-0800][55849140ms] GC(3037) Pause Young (Normal) (G1 Evacuation Pause)
[2023-12-20T08:54:58.695-0800][55849140ms] GC(3037) Using 10 workers of 10 for evacuation
[2023-12-20T08:54:58.721-0800][55849166ms] GC(3037)   Pre Evacuate Collection Set: 0.0ms
[2023-12-20T08:54:58.721-0800][55849166ms] GC(3037)   Evacuate Collection Set: 24.7ms
[2023-12-20T08:54:58.721-0800][55849166ms] GC(3037)   Post Evacuate Collection Set: 2.3ms
[2023-12-20T08:54:58.721-0800][55849166ms] GC(3037)   Other: 0.4ms
[2023-12-20T08:54:58.721-0800][55849166ms] GC(3037) Eden regions: 752->0(753)
[2023-12-20T08:54:58.721-0800][55849166ms] GC(3037) Survivor regions: 31->30(98)
[2023-12-20T08:54:58.721-0800][55849166ms] GC(3037) Old regions: 183->183
[2023-12-20T08:54:58.721-0800][55849166ms] GC(3037) Humongous regions: 5->5
[2023-12-20T08:54:58.721-0800][55849166ms] GC(3037) Metaspace: 256507K->256507K(1294336K)
[2023-12-20T08:54:58.721-0800][55849166ms] GC(3037) Pause Young (Normal) (G1 Evacuation Pause) 1940M->435M(2612M) 27.533ms
[2023-12-20T08:54:58.721-0800][55849166ms] GC(3037) User=0.03s Sys=0.00s Real=0.03s
[2023-12-20T08:54:59.478-0800][55849923ms] GC(3038) Pause Young (Normal) (G1 Evacuation Pause)
[2023-12-20T08:54:59.478-0800][55849923ms] GC(3038) Using 10 workers of 10 for evacuation
[2023-12-20T08:54:59.511-0800][55849956ms] GC(3038)   Pre Evacuate Collection Set: 0.1ms
[2023-12-20T08:54:59.511-0800][55849956ms] GC(3038)   Evacuate Collection Set: 29.8ms
[2023-12-20T08:54:59.511-0800][55849956ms] GC(3038)   Post Evacuate Collection Set: 2.4ms
[2023-12-20T08:54:59.511-0800][55849956ms] GC(3038)   Other: 0.4ms
[2023-12-20T08:54:59.511-0800][55849956ms] GC(3038) Eden regions: 753->0(753)
[2023-12-20T08:54:59.511-0800][55849956ms] GC(3038) Survivor regions: 30->30(98)
[2023-12-20T08:54:59.511-0800][55849956ms] GC(3038) Old regions: 183->183
[2023-12-20T08:54:59.511-0800][55849956ms] GC(3038) Humongous regions: 5->5
[2023-12-20T08:54:59.511-0800][55849956ms] GC(3038) Metaspace: 256507K->256507K(1294336K)
[2023-12-20T08:54:59.511-0800][55849956ms] GC(3038) Pause Young (Normal) (G1 Evacuation Pause) 1941M->435M(2612M) 32.769ms
[2023-12-20T08:54:59.511-0800][55849956ms] GC(3038) User=0.09s Sys=0.00s Real=0.03s
[2023-12-20T08:55:00.465-0800][55850910ms] GC(3039) Pause Young (Normal) (G1 Evacuation Pause)
[2023-12-20T08:55:00.465-0800][55850910ms] GC(3039) Using 10 workers of 10 for evacuation
[2023-12-20T08:55:00.492-0800][55850937ms] GC(3039)   Pre Evacuate Collection Set: 0.0ms
[2023-12-20T08:55:00.492-0800][55850937ms] GC(3039)   Evacuate Collection Set: 24.3ms
[2023-12-20T08:55:00.492-0800][55850937ms] GC(3039)   Post Evacuate Collection Set: 2.2ms
[2023-12-20T08:55:00.492-0800][55850937ms] GC(3039)   Other: 0.3ms
[2023-12-20T08:55:00.492-0800][55850937ms] GC(3039) Eden regions: 753->0(752)
[2023-12-20T08:55:00.492-0800][55850937ms] GC(3039) Survivor regions: 30->31(98)
[2023-12-20T08:55:00.492-0800][55850937ms] GC(3039) Old regions: 183->183
[2023-12-20T08:55:00.492-0800][55850937ms] GC(3039) Humongous regions: 5->5
[2023-12-20T08:55:00.492-0800][55850937ms] GC(3039) Metaspace: 256507K->256507K(1294336K)
[2023-12-20T08:55:00.492-0800][55850937ms] GC(3039) Pause Young (Normal) (G1 Evacuation Pause) 1941M->436M(2612M) 27.052ms
[2023-12-20T08:55:00.492-0800][55850937ms] GC(3039) User=0.08s Sys=0.00s Real=0.03s
[2023-12-20T08:55:01.113-0800][55851558ms] GC(3040) Pause Young (Normal) (G1 Evacuation Pause)
[2023-12-20T08:55:01.113-0800][55851558ms] GC(3040) Using 10 workers of 10 for evacuation
[2023-12-20T08:55:01.140-0800][55851585ms] GC(3040)   Pre Evacuate Collection Set: 0.0ms
[2023-12-20T08:55:01.140-0800][55851585ms] GC(3040)   Evacuate Collection Set: 24.6ms
[2023-12-20T08:55:01.140-0800][55851585ms] GC(3040)   Post Evacuate Collection Set: 2.5ms
[2023-12-20T08:55:01.140-0800][55851585ms] GC(3040)   Other: 0.4ms
[2023-12-20T08:55:01.140-0800][55851585ms] GC(3040) Eden regions: 752->0(752)
[2023-12-20T08:55:01.140-0800][55851585ms] GC(3040) Survivor regions: 31->31(98)
[2023-12-20T08:55:01.140-0800][55851585ms] GC(3040) Old regions: 183->184
[2023-12-20T08:55:01.140-0800][55851585ms] GC(3040) Humongous regions: 5->5
[2023-12-20T08:55:01.140-0800][55851585ms] GC(3040) Metaspace: 256507K->256507K(1294336K)
[2023-12-20T08:55:01.140-0800][55851585ms] GC(3040) Pause Young (Normal) (G1 Evacuation Pause) 1940M->437M(2612M) 27.692ms
[2023-12-20T08:55:01.140-0800][55851585ms] GC(3040) User=0.09s Sys=0.00s Real=0.03s
[2023-12-20T08:55:01.856-0800][55852301ms] GC(3041) Pause Young (Normal) (G1 Evacuation Pause)
[2023-12-20T08:55:01.856-0800][55852301ms] GC(3041) Using 10 workers of 10 for evacuation
[2023-12-20T08:55:01.887-0800][55852332ms] GC(3041)   Pre Evacuate Collection Set: 0.1ms
[2023-12-20T08:55:01.887-0800][55852332ms] GC(3041)   Evacuate Collection Set: 27.2ms
[2023-12-20T08:55:01.887-0800][55852332ms] GC(3041)   Post Evacuate Collection Set: 2.5ms
[2023-12-20T08:55:01.887-0800][55852332ms] GC(3041)   Other: 0.5ms
[2023-12-20T08:55:01.887-0800][55852332ms] GC(3041) Eden regions: 752->0(753)
[2023-12-20T08:55:01.887-0800][55852332ms] GC(3041) Survivor regions: 31->30(98)
[2023-12-20T08:55:01.887-0800][55852332ms] GC(3041) Old regions: 184->184
[2023-12-20T08:55:01.887-0800][55852332ms] GC(3041) Humongous regions: 5->5
[2023-12-20T08:55:01.887-0800][55852332ms] GC(3041) Metaspace: 256507K->256507K(1294336K)
[2023-12-20T08:55:01.887-0800][55852332ms] GC(3041) Pause Young (Normal) (G1 Evacuation Pause) 1941M->436M(2612M) 30.379ms
[2023-12-20T08:55:01.887-0800][55852332ms] GC(3041) User=0.16s Sys=0.00s Real=0.03s
[2023-12-20T08:55:02.614-0800][55853059ms] GC(3042) Pause Young (Normal) (G1 Evacuation Pause)
[2023-12-20T08:55:02.614-0800][55853059ms] GC(3042) Using 10 workers of 10 for evacuation
[2023-12-20T08:55:02.641-0800][55853086ms] GC(3042)   Pre Evacuate Collection Set: 0.0ms
[2023-12-20T08:55:02.641-0800][55853086ms] GC(3042)   Evacuate Collection Set: 24.1ms
[2023-12-20T08:55:02.641-0800][55853086ms] GC(3042)   Post Evacuate Collection Set: 2.4ms
[2023-12-20T08:55:02.641-0800][55853086ms] GC(3042)   Other: 0.4ms
[2023-12-20T08:55:02.641-0800][55853086ms] GC(3042) Eden regions: 753->0(753)
[2023-12-20T08:55:02.641-0800][55853086ms] GC(3042) Survivor regions: 30->30(98)
[2023-12-20T08:55:02.641-0800][55853086ms] GC(3042) Old regions: 184->184
[2023-12-20T08:55:02.641-0800][55853086ms] GC(3042) Humongous regions: 5->5
[2023-12-20T08:55:02.641-0800][55853086ms] GC(3042) Metaspace: 256507K->256507K(1294336K)
[2023-12-20T08:55:02.641-0800][55853086ms] GC(3042) Pause Young (Normal) (G1 Evacuation Pause) 1942M->436M(2612M) 27.060ms
[2023-12-20T08:55:02.641-0800][55853086ms] GC(3042) User=0.11s Sys=0.00s Real=0.03s
[2023-12-20T08:55:03.408-0800][55853853ms] GC(3043) Pause Young (Normal) (G1 Evacuation Pause)
[2023-12-20T08:55:03.408-0800][55853853ms] GC(3043) Using 10 workers of 10 for evacuation
[2023-12-20T08:55:03.436-0800][55853881ms] GC(3043)   Pre Evacuate Collection Set: 0.0ms
[2023-12-20T08:55:03.436-0800][55853881ms] GC(3043)   Evacuate Collection Set: 24.8ms
[2023-12-20T08:55:03.436-0800][55853881ms] GC(3043)   Post Evacuate Collection Set: 2.4ms
[2023-12-20T08:55:03.436-0800][55853881ms] GC(3043)   Other: 0.4ms
[2023-12-20T08:55:03.436-0800][55853881ms] GC(3043) Eden regions: 753->0(752)
[2023-12-20T08:55:03.436-0800][55853881ms] GC(3043) Survivor regions: 30->31(98)
[2023-12-20T08:55:03.436-0800][55853881ms] GC(3043) Old regions: 184->184
[2023-12-20T08:55:03.436-0800][55853881ms] GC(3043) Humongous regions: 5->5
[2023-12-20T08:55:03.436-0800][55853881ms] GC(3043) Metaspace: 256507K->256507K(1294336K)
[2023-12-20T08:55:03.436-0800][55853881ms] GC(3043) Pause Young (Normal) (G1 Evacuation Pause) 1942M->438M(2612M) 27.749ms
[2023-12-20T08:55:03.436-0800][55853881ms] GC(3043) User=0.05s Sys=0.00s Real=0.03s
[2023-12-20T08:55:04.399-0800][55854844ms] GC(3044) Pause Young (Normal) (G1 Evacuation Pause)
[2023-12-20T08:55:04.399-0800][55854844ms] GC(3044) Using 10 workers of 10 for evacuation
[2023-12-20T08:55:04.433-0800][55854878ms] GC(3044)   Pre Evacuate Collection Set: 0.1ms
[2023-12-20T08:55:04.433-0800][55854878ms] GC(3044)   Evacuate Collection Set: 29.1ms
[2023-12-20T08:55:04.433-0800][55854878ms] GC(3044)   Post Evacuate Collection Set: 3.5ms
[2023-12-20T08:55:04.433-0800][55854878ms] GC(3044)   Other: 0.5ms
[2023-12-20T08:55:04.433-0800][55854878ms] GC(3044) Eden regions: 752->0(754)
[2023-12-20T08:55:04.433-0800][55854878ms] GC(3044) Survivor regions: 31->29(98)
[2023-12-20T08:55:04.433-0800][55854878ms] GC(3044) Old regions: 184->184
[2023-12-20T08:55:04.433-0800][55854878ms] GC(3044) Humongous regions: 5->5
[2023-12-20T08:55:04.433-0800][55854878ms] GC(3044) Metaspace: 256507K->256507K(1294336K)
[2023-12-20T08:55:04.434-0800][55854879ms] GC(3044) Pause Young (Normal) (G1 Evacuation Pause) 1942M->433M(2612M) 33.267ms
[2023-12-20T08:55:04.434-0800][55854879ms] GC(3044) User=0.14s Sys=0.00s Real=0.04s
[2023-12-20T08:55:05.306-0800][55855752ms] GC(3045) Pause Young (Normal) (G1 Evacuation Pause)
[2023-12-20T08:55:05.307-0800][55855752ms] GC(3045) Using 10 workers of 10 for evacuation
[2023-12-20T08:55:05.334-0800][55855779ms] GC(3045)   Pre Evacuate Collection Set: 0.0ms
[2023-12-20T08:55:05.334-0800][55855779ms] GC(3045)   Evacuate Collection Set: 24.5ms
[2023-12-20T08:55:05.334-0800][55855779ms] GC(3045)   Post Evacuate Collection Set: 2.3ms
[2023-12-20T08:55:05.334-0800][55855779ms] GC(3045)   Other: 0.4ms
[2023-12-20T08:55:05.334-0800][55855779ms] GC(3045) Eden regions: 754->0(753)
[2023-12-20T08:55:05.334-0800][55855779ms] GC(3045) Survivor regions: 29->30(98)
[2023-12-20T08:55:05.334-0800][55855779ms] GC(3045) Old regions: 184->184
[2023-12-20T08:55:05.334-0800][55855779ms] GC(3045) Humongous regions: 5->5
[2023-12-20T08:55:05.334-0800][55855779ms] GC(3045) Metaspace: 256507K->256507K(1294336K)
[2023-12-20T08:55:05.334-0800][55855779ms] GC(3045) Pause Young (Normal) (G1 Evacuation Pause) 1941M->435M(2612M) 27.415ms
[2023-12-20T08:55:05.334-0800][55855779ms] GC(3045) User=0.11s Sys=0.00s Real=0.03s
[2023-12-20T08:55:06.189-0800][55856634ms] GC(3046) Pause Young (Normal) (G1 Evacuation Pause)
[2023-12-20T08:55:06.189-0800][55856634ms] GC(3046) Using 10 workers of 10 for evacuation
[2023-12-20T08:55:06.216-0800][55856661ms] GC(3046)   Pre Evacuate Collection Set: 0.0ms
[2023-12-20T08:55:06.216-0800][55856661ms] GC(3046)   Evacuate Collection Set: 24.3ms
[2023-12-20T08:55:06.216-0800][55856661ms] GC(3046)   Post Evacuate Collection Set: 2.5ms
[2023-12-20T08:55:06.216-0800][55856661ms] GC(3046)   Other: 0.4ms
[2023-12-20T08:55:06.216-0800][55856661ms] GC(3046) Eden regions: 753->0(753)
[2023-12-20T08:55:06.216-0800][55856661ms] GC(3046) Survivor regions: 30->30(98)
[2023-12-20T08:55:06.216-0800][55856661ms] GC(3046) Old regions: 184->184
[2023-12-20T08:55:06.216-0800][55856661ms] GC(3046) Humongous regions: 5->5
[2023-12-20T08:55:06.216-0800][55856661ms] GC(3046) Metaspace: 256507K->256507K(1294336K)
[2023-12-20T08:55:06.216-0800][55856661ms] GC(3046) Pause Young (Normal) (G1 Evacuation Pause) 1941M->435M(2612M) 27.291ms
[2023-12-20T08:55:06.216-0800][55856661ms] GC(3046) User=0.06s Sys=0.00s Real=0.03s
[2023-12-20T08:55:07.176-0800][55857621ms] GC(3047) Pause Young (Normal) (G1 Evacuation Pause)
[2023-12-20T08:55:07.176-0800][55857621ms] GC(3047) Using 10 workers of 10 for evacuation
[2023-12-20T08:55:07.209-0800][55857654ms] GC(3047)   Pre Evacuate Collection Set: 0.0ms
[2023-12-20T08:55:07.209-0800][55857654ms] GC(3047)   Evacuate Collection Set: 30.2ms
[2023-12-20T08:55:07.209-0800][55857654ms] GC(3047)   Post Evacuate Collection Set: 3.2ms
[2023-12-20T08:55:07.209-0800][55857654ms] GC(3047)   Other: 0.4ms
[2023-12-20T08:55:07.209-0800][55857654ms] GC(3047) Eden regions: 753->0(754)
[2023-12-20T08:55:07.209-0800][55857654ms] GC(3047) Survivor regions: 30->29(98)
[2023-12-20T08:55:07.209-0800][55857654ms] GC(3047) Old regions: 184->184
[2023-12-20T08:55:07.209-0800][55857654ms] GC(3047) Humongous regions: 5->5
[2023-12-20T08:55:07.209-0800][55857654ms] GC(3047) Metaspace: 256507K->256507K(1294336K)
[2023-12-20T08:55:07.209-0800][55857654ms] GC(3047) Pause Young (Normal) (G1 Evacuation Pause) 1941M->434M(2612M) 34.009ms
[2023-12-20T08:55:07.209-0800][55857654ms] GC(3047) User=0.13s Sys=0.00s Real=0.03s
[2023-12-20T08:55:08.176-0800][55858621ms] GC(3048) Pause Young (Normal) (G1 Evacuation Pause)
[2023-12-20T08:55:08.176-0800][55858621ms] GC(3048) Using 10 workers of 10 for evacuation
[2023-12-20T08:55:08.209-0800][55858654ms] GC(3048)   Pre Evacuate Collection Set: 0.0ms
[2023-12-20T08:55:08.209-0800][55858654ms] GC(3048)   Evacuate Collection Set: 29.9ms
[2023-12-20T08:55:08.209-0800][55858654ms] GC(3048)   Post Evacuate Collection Set: 2.7ms
[2023-12-20T08:55:08.209-0800][55858654ms] GC(3048)   Other: 0.4ms
[2023-12-20T08:55:08.209-0800][55858654ms] GC(3048) Eden regions: 754->0(754)
[2023-12-20T08:55:08.209-0800][55858654ms] GC(3048) Survivor regions: 29->29(98)
[2023-12-20T08:55:08.209-0800][55858654ms] GC(3048) Old regions: 184->184
[2023-12-20T08:55:08.209-0800][55858654ms] GC(3048) Humongous regions: 5->5
[2023-12-20T08:55:08.209-0800][55858654ms] GC(3048) Metaspace: 256507K->256507K(1294336K)
[2023-12-20T08:55:08.209-0800][55858654ms] GC(3048) Pause Young (Normal) (G1 Evacuation Pause) 1942M->433M(2612M) 33.194ms
[2023-12-20T08:55:08.209-0800][55858654ms] GC(3048) User=0.14s Sys=0.00s Real=0.03s
[2023-12-20T08:55:09.161-0800][55859606ms] GC(3049) Pause Young (Normal) (G1 Evacuation Pause)
[2023-12-20T08:55:09.161-0800][55859606ms] GC(3049) Using 10 workers of 10 for evacuation
[2023-12-20T08:55:09.193-0800][55859638ms] GC(3049)   Pre Evacuate Collection Set: 0.0ms
[2023-12-20T08:55:09.193-0800][55859638ms] GC(3049)   Evacuate Collection Set: 29.5ms
[2023-12-20T08:55:09.193-0800][55859638ms] GC(3049)   Post Evacuate Collection Set: 2.9ms
[2023-12-20T08:55:09.193-0800][55859638ms] GC(3049)   Other: 0.4ms
[2023-12-20T08:55:09.193-0800][55859638ms] GC(3049) Eden regions: 754->0(754)
[2023-12-20T08:55:09.193-0800][55859638ms] GC(3049) Survivor regions: 29->29(98)
[2023-12-20T08:55:09.193-0800][55859638ms] GC(3049) Old regions: 184->184
[2023-12-20T08:55:09.193-0800][55859638ms] GC(3049) Humongous regions: 5->5
[2023-12-20T08:55:09.193-0800][55859638ms] GC(3049) Metaspace: 256507K->256507K(1294336K)
[2023-12-20T08:55:09.193-0800][55859638ms] GC(3049) Pause Young (Normal) (G1 Evacuation Pause) 1941M->434M(2612M) 32.915ms
[2023-12-20T08:55:09.193-0800][55859638ms] GC(3049) User=0.13s Sys=0.00s Real=0.03s
[2023-12-20T08:55:09.973-0800][55860418ms] GC(3050) Pause Young (Normal) (G1 Evacuation Pause)
[2023-12-20T08:55:09.973-0800][55860418ms] GC(3050) Using 10 workers of 10 for evacuation
[2023-12-20T08:55:10.002-0800][55860447ms] GC(3050)   Pre Evacuate Collection Set: 0.1ms
[2023-12-20T08:55:10.002-0800][55860447ms] GC(3050)   Evacuate Collection Set: 25.9ms
[2023-12-20T08:55:10.002-0800][55860447ms] GC(3050)   Post Evacuate Collection Set: 2.3ms
[2023-12-20T08:55:10.002-0800][55860447ms] GC(3050)   Other: 0.4ms
[2023-12-20T08:55:10.002-0800][55860447ms] GC(3050) Eden regions: 754->0(753)
[2023-12-20T08:55:10.002-0800][55860447ms] GC(3050) Survivor regions: 29->30(98)
[2023-12-20T08:55:10.002-0800][55860447ms] GC(3050) Old regions: 184->184
[2023-12-20T08:55:10.002-0800][55860447ms] GC(3050) Humongous regions: 5->5
[2023-12-20T08:55:10.002-0800][55860447ms] GC(3050) Metaspace: 256507K->256507K(1294336K)
[2023-12-20T08:55:10.002-0800][55860447ms] GC(3050) Pause Young (Normal) (G1 Evacuation Pause) 1942M->436M(2612M) 28.845ms
[2023-12-20T08:55:10.002-0800][55860447ms] GC(3050) User=0.09s Sys=0.00s Real=0.03s
[2023-12-20T08:55:10.793-0800][55861238ms] GC(3051) Pause Young (Normal) (G1 Evacuation Pause)
[2023-12-20T08:55:10.793-0800][55861238ms] GC(3051) Using 10 workers of 10 for evacuation
[2023-12-20T08:55:10.821-0800][55861266ms] GC(3051)   Pre Evacuate Collection Set: 0.0ms
[2023-12-20T08:55:10.821-0800][55861266ms] GC(3051)   Evacuate Collection Set: 25.3ms
[2023-12-20T08:55:10.821-0800][55861266ms] GC(3051)   Post Evacuate Collection Set: 2.3ms
[2023-12-20T08:55:10.821-0800][55861266ms] GC(3051)   Other: 0.4ms
[2023-12-20T08:55:10.821-0800][55861266ms] GC(3051) Eden regions: 753->0(753)
[2023-12-20T08:55:10.821-0800][55861266ms] GC(3051) Survivor regions: 30->30(98)
[2023-12-20T08:55:10.821-0800][55861266ms] GC(3051) Old regions: 184->184
[2023-12-20T08:55:10.821-0800][55861266ms] GC(3051) Humongous regions: 5->5
[2023-12-20T08:55:10.821-0800][55861266ms] GC(3051) Metaspace: 256507K->256507K(1294336K)
[2023-12-20T08:55:10.821-0800][55861266ms] GC(3051) Pause Young (Normal) (G1 Evacuation Pause) 1942M->436M(2612M) 28.197ms
[2023-12-20T08:55:10.821-0800][55861266ms] GC(3051) User=0.08s Sys=0.00s Real=0.03s
[2023-12-20T08:55:11.513-0800][55861958ms] GC(3052) Pause Young (Normal) (G1 Evacuation Pause)
[2023-12-20T08:55:11.513-0800][55861958ms] GC(3052) Using 10 workers of 10 for evacuation
[2023-12-20T08:55:11.541-0800][55861986ms] GC(3052)   Pre Evacuate Collection Set: 0.0ms
[2023-12-20T08:55:11.541-0800][55861986ms] GC(3052)   Evacuate Collection Set: 24.5ms
[2023-12-20T08:55:11.541-0800][55861986ms] GC(3052)   Post Evacuate Collection Set: 2.5ms
[2023-12-20T08:55:11.541-0800][55861986ms] GC(3052)   Other: 0.3ms
[2023-12-20T08:55:11.541-0800][55861986ms] GC(3052) Eden regions: 753->0(753)
[2023-12-20T08:55:11.541-0800][55861986ms] GC(3052) Survivor regions: 30->30(98)
[2023-12-20T08:55:11.541-0800][55861986ms] GC(3052) Old regions: 184->184
[2023-12-20T08:55:11.541-0800][55861986ms] GC(3052) Humongous regions: 5->5
[2023-12-20T08:55:11.541-0800][55861986ms] GC(3052) Metaspace: 256507K->256507K(1294336K)
[2023-12-20T08:55:11.541-0800][55861986ms] GC(3052) Pause Young (Normal) (G1 Evacuation Pause) 1942M->436M(2612M) 27.508ms
[2023-12-20T08:55:11.541-0800][55861986ms] GC(3052) User=0.11s Sys=0.00s Real=0.03s
[2023-12-20T08:55:12.296-0800][55862741ms] GC(3053) Pause Young (Normal) (G1 Evacuation Pause)
[2023-12-20T08:55:12.296-0800][55862741ms] GC(3053) Using 10 workers of 10 for evacuation
[2023-12-20T08:55:12.323-0800][55862768ms] GC(3053)   Pre Evacuate Collection Set: 0.0ms
[2023-12-20T08:55:12.323-0800][55862768ms] GC(3053)   Evacuate Collection Set: 25.3ms
[2023-12-20T08:55:12.323-0800][55862768ms] GC(3053)   Post Evacuate Collection Set: 2.3ms
[2023-12-20T08:55:12.323-0800][55862768ms] GC(3053)   Other: 0.4ms
[2023-12-20T08:55:12.323-0800][55862768ms] GC(3053) Eden regions: 753->0(753)
[2023-12-20T08:55:12.323-0800][55862768ms] GC(3053) Survivor regions: 30->30(98)
[2023-12-20T08:55:12.323-0800][55862768ms] GC(3053) Old regions: 184->184
[2023-12-20T08:55:12.323-0800][55862768ms] GC(3053) Humongous regions: 5->5
[2023-12-20T08:55:12.323-0800][55862768ms] GC(3053) Metaspace: 256507K->256507K(1294336K)
[2023-12-20T08:55:12.323-0800][55862768ms] GC(3053) Pause Young (Normal) (G1 Evacuation Pause) 1942M->436M(2612M) 28.183ms
[2023-12-20T08:55:12.323-0800][55862768ms] GC(3053) User=0.14s Sys=0.00s Real=0.03s
[2023-12-20T08:55:13.080-0800][55863525ms] GC(3054) Pause Young (Normal) (G1 Evacuation Pause)
[2023-12-20T08:55:13.080-0800][55863525ms] GC(3054) Using 10 workers of 10 for evacuation
[2023-12-20T08:55:13.108-0800][55863553ms] GC(3054)   Pre Evacuate Collection Set: 0.0ms
[2023-12-20T08:55:13.108-0800][55863553ms] GC(3054)   Evacuate Collection Set: 24.5ms
[2023-12-20T08:55:13.108-0800][55863553ms] GC(3054)   Post Evacuate Collection Set: 2.4ms
[2023-12-20T08:55:13.108-0800][55863553ms] GC(3054)   Other: 0.4ms
[2023-12-20T08:55:13.108-0800][55863553ms] GC(3054) Eden regions: 753->0(753)
[2023-12-20T08:55:13.108-0800][55863553ms] GC(3054) Survivor regions: 30->30(98)
[2023-12-20T08:55:13.108-0800][55863553ms] GC(3054) Old regions: 184->184
[2023-12-20T08:55:13.108-0800][55863553ms] GC(3054) Humongous regions: 5->5
[2023-12-20T08:55:13.108-0800][55863553ms] GC(3054) Metaspace: 256507K->256507K(1294336K)
[2023-12-20T08:55:13.108-0800][55863553ms] GC(3054) Pause Young (Normal) (G1 Evacuation Pause) 1942M->436M(2612M) 27.434ms
[2023-12-20T08:55:13.108-0800][55863553ms] GC(3054) User=0.11s Sys=0.00s Real=0.03s
[2023-12-20T08:55:13.874-0800][55864319ms] GC(3055) Pause Young (Normal) (G1 Evacuation Pause)
[2023-12-20T08:55:13.874-0800][55864319ms] GC(3055) Using 10 workers of 10 for evacuation
[2023-12-20T08:55:13.902-0800][55864347ms] GC(3055)   Pre Evacuate Collection Set: 0.0ms
[2023-12-20T08:55:13.902-0800][55864347ms] GC(3055)   Evacuate Collection Set: 25.2ms
[2023-12-20T08:55:13.902-0800][55864347ms] GC(3055)   Post Evacuate Collection Set: 2.4ms
[2023-12-20T08:55:13.902-0800][55864347ms] GC(3055)   Other: 0.4ms
[2023-12-20T08:55:13.902-0800][55864347ms] GC(3055) Eden regions: 753->0(753)
[2023-12-20T08:55:13.902-0800][55864347ms] GC(3055) Survivor regions: 30->30(98)
[2023-12-20T08:55:13.902-0800][55864347ms] GC(3055) Old regions: 184->184
[2023-12-20T08:55:13.902-0800][55864347ms] GC(3055) Humongous regions: 5->5
[2023-12-20T08:55:13.902-0800][55864347ms] GC(3055) Metaspace: 256507K->256507K(1294336K)
[2023-12-20T08:55:13.902-0800][55864347ms] GC(3055) Pause Young (Normal) (G1 Evacuation Pause) 1942M->436M(2612M) 28.023ms
[2023-12-20T08:55:13.902-0800][55864347ms] GC(3055) User=0.08s Sys=0.00s Real=0.03s
[2023-12-20T08:55:14.717-0800][55865162ms] GC(3056) Pause Young (Normal) (G1 Evacuation Pause)
[2023-12-20T08:55:14.717-0800][55865162ms] GC(3056) Using 10 workers of 10 for evacuation
[2023-12-20T08:55:14.748-0800][55865193ms] GC(3056)   Pre Evacuate Collection Set: 0.0ms
[2023-12-20T08:55:14.748-0800][55865193ms] GC(3056)   Evacuate Collection Set: 29.0ms
[2023-12-20T08:55:14.748-0800][55865193ms] GC(3056)   Post Evacuate Collection Set: 2.5ms
[2023-12-20T08:55:14.748-0800][55865193ms] GC(3056)   Other: 0.4ms
[2023-12-20T08:55:14.748-0800][55865193ms] GC(3056) Eden regions: 753->0(753)
[2023-12-20T08:55:14.748-0800][55865193ms] GC(3056) Survivor regions: 30->30(98)
[2023-12-20T08:55:14.748-0800][55865193ms] GC(3056) Old regions: 184->184
[2023-12-20T08:55:14.748-0800][55865193ms] GC(3056) Humongous regions: 5->5
[2023-12-20T08:55:14.748-0800][55865193ms] GC(3056) Metaspace: 256507K->256507K(1294336K)
[2023-12-20T08:55:14.749-0800][55865194ms] GC(3056) Pause Young (Normal) (G1 Evacuation Pause) 1942M->436M(2612M) 32.136ms
[2023-12-20T08:55:14.749-0800][55865194ms] GC(3056) User=0.08s Sys=0.00s Real=0.03s
[2023-12-20T08:55:15.496-0800][55865941ms] GC(3057) Pause Young (Normal) (G1 Evacuation Pause)
[2023-12-20T08:55:15.496-0800][55865941ms] GC(3057) Using 10 workers of 10 for evacuation
[2023-12-20T08:55:15.525-0800][55865970ms] GC(3057)   Pre Evacuate Collection Set: 0.0ms
[2023-12-20T08:55:15.525-0800][55865970ms] GC(3057)   Evacuate Collection Set: 25.8ms
[2023-12-20T08:55:15.525-0800][55865970ms] GC(3057)   Post Evacuate Collection Set: 2.4ms
[2023-12-20T08:55:15.525-0800][55865970ms] GC(3057)   Other: 0.4ms
[2023-12-20T08:55:15.525-0800][55865970ms] GC(3057) Eden regions: 753->0(753)
[2023-12-20T08:55:15.525-0800][55865970ms] GC(3057) Survivor regions: 30->30(98)
[2023-12-20T08:55:15.525-0800][55865970ms] GC(3057) Old regions: 184->184
[2023-12-20T08:55:15.525-0800][55865970ms] GC(3057) Humongous regions: 5->5
[2023-12-20T08:55:15.525-0800][55865970ms] GC(3057) Metaspace: 256507K->256507K(1294336K)
[2023-12-20T08:55:15.525-0800][55865970ms] GC(3057) Pause Young (Normal) (G1 Evacuation Pause) 1942M->436M(2612M) 28.705ms
[2023-12-20T08:55:15.525-0800][55865970ms] GC(3057) User=0.06s Sys=0.00s Real=0.03s
[2023-12-20T08:55:16.327-0800][55866772ms] GC(3058) Pause Young (Normal) (G1 Evacuation Pause)
[2023-12-20T08:55:16.327-0800][55866772ms] GC(3058) Using 10 workers of 10 for evacuation
[2023-12-20T08:55:16.356-0800][55866801ms] GC(3058)   Pre Evacuate Collection Set: 0.0ms
[2023-12-20T08:55:16.356-0800][55866801ms] GC(3058)   Evacuate Collection Set: 26.5ms
[2023-12-20T08:55:16.356-0800][55866801ms] GC(3058)   Post Evacuate Collection Set: 2.4ms
[2023-12-20T08:55:16.356-0800][55866801ms] GC(3058)   Other: 0.4ms
[2023-12-20T08:55:16.356-0800][55866801ms] GC(3058) Eden regions: 753->0(753)
[2023-12-20T08:55:16.356-0800][55866801ms] GC(3058) Survivor regions: 30->30(98)
[2023-12-20T08:55:16.356-0800][55866801ms] GC(3058) Old regions: 184->184
[2023-12-20T08:55:16.356-0800][55866801ms] GC(3058) Humongous regions: 5->5
[2023-12-20T08:55:16.356-0800][55866801ms] GC(3058) Metaspace: 256507K->256507K(1294336K)
[2023-12-20T08:55:16.356-0800][55866801ms] GC(3058) Pause Young (Normal) (G1 Evacuation Pause) 1942M->435M(2612M) 29.495ms
[2023-12-20T08:55:16.356-0800][55866801ms] GC(3058) User=0.11s Sys=0.00s Real=0.03s
[2023-12-20T08:55:17.159-0800][55867604ms] GC(3059) Pause Young (Normal) (G1 Evacuation Pause)
[2023-12-20T08:55:17.159-0800][55867604ms] GC(3059) Using 10 workers of 10 for evacuation
[2023-12-20T08:55:17.186-0800][55867631ms] GC(3059)   Pre Evacuate Collection Set: 0.0ms
[2023-12-20T08:55:17.186-0800][55867631ms] GC(3059)   Evacuate Collection Set: 24.7ms
[2023-12-20T08:55:17.186-0800][55867631ms] GC(3059)   Post Evacuate Collection Set: 2.3ms
[2023-12-20T08:55:17.186-0800][55867631ms] GC(3059)   Other: 0.4ms
[2023-12-20T08:55:17.186-0800][55867631ms] GC(3059) Eden regions: 753->0(753)
[2023-12-20T08:55:17.186-0800][55867631ms] GC(3059) Survivor regions: 30->30(98)
[2023-12-20T08:55:17.186-0800][55867631ms] GC(3059) Old regions: 184->184
[2023-12-20T08:55:17.186-0800][55867631ms] GC(3059) Humongous regions: 5->5
[2023-12-20T08:55:17.186-0800][55867631ms] GC(3059) Metaspace: 256507K->256507K(1294336K)
[2023-12-20T08:55:17.186-0800][55867631ms] GC(3059) Pause Young (Normal) (G1 Evacuation Pause) 1941M->436M(2612M) 27.463ms
[2023-12-20T08:55:17.186-0800][55867631ms] GC(3059) User=0.06s Sys=0.02s Real=0.03s
[2023-12-20T08:55:17.995-0800][55868440ms] GC(3060) Pause Young (Normal) (G1 Evacuation Pause)
[2023-12-20T08:55:17.995-0800][55868440ms] GC(3060) Using 10 workers of 10 for evacuation
[2023-12-20T08:55:18.023-0800][55868468ms] GC(3060)   Pre Evacuate Collection Set: 0.0ms
[2023-12-20T08:55:18.023-0800][55868468ms] GC(3060)   Evacuate Collection Set: 25.1ms
[2023-12-20T08:55:18.023-0800][55868468ms] GC(3060)   Post Evacuate Collection Set: 2.5ms
[2023-12-20T08:55:18.023-0800][55868468ms] GC(3060)   Other: 0.4ms
[2023-12-20T08:55:18.023-0800][55868468ms] GC(3060) Eden regions: 753->0(753)
[2023-12-20T08:55:18.023-0800][55868468ms] GC(3060) Survivor regions: 30->30(98)
[2023-12-20T08:55:18.023-0800][55868468ms] GC(3060) Old regions: 184->184
[2023-12-20T08:55:18.023-0800][55868468ms] GC(3060) Humongous regions: 5->5
[2023-12-20T08:55:18.023-0800][55868468ms] GC(3060) Metaspace: 256507K->256507K(1294336K)
[2023-12-20T08:55:18.023-0800][55868468ms] GC(3060) Pause Young (Normal) (G1 Evacuation Pause) 1942M->436M(2612M) 28.206ms
[2023-12-20T08:55:18.023-0800][55868468ms] GC(3060) User=0.13s Sys=0.00s Real=0.03s
[2023-12-20T08:55:18.890-0800][55869335ms] GC(3061) Pause Young (Normal) (GCLocker Initiated GC)
[2023-12-20T08:55:18.890-0800][55869335ms] GC(3061) Using 10 workers of 10 for evacuation
[2023-12-20T08:55:18.922-0800][55869367ms] GC(3061)   Pre Evacuate Collection Set: 0.0ms
[2023-12-20T08:55:18.922-0800][55869367ms] GC(3061)   Evacuate Collection Set: 29.3ms
[2023-12-20T08:55:18.922-0800][55869367ms] GC(3061)   Post Evacuate Collection Set: 2.5ms
[2023-12-20T08:55:18.922-0800][55869367ms] GC(3061)   Other: 0.4ms
[2023-12-20T08:55:18.922-0800][55869367ms] GC(3061) Eden regions: 754->0(754)
[2023-12-20T08:55:18.922-0800][55869367ms] GC(3061) Survivor regions: 30->29(98)
[2023-12-20T08:55:18.922-0800][55869367ms] GC(3061) Old regions: 184->184
[2023-12-20T08:55:18.922-0800][55869367ms] GC(3061) Humongous regions: 5->5
[2023-12-20T08:55:18.922-0800][55869367ms] GC(3061) Metaspace: 256507K->256507K(1294336K)
[2023-12-20T08:55:18.922-0800][55869367ms] GC(3061) Pause Young (Normal) (GCLocker Initiated GC) 1943M->433M(2612M) 32.394ms
[2023-12-20T08:55:18.922-0800][55869367ms] GC(3061) User=0.11s Sys=0.00s Real=0.03s
[2023-12-20T08:55:19.834-0800][55870279ms] GC(3062) Pause Young (Normal) (GCLocker Initiated GC)
[2023-12-20T08:55:19.834-0800][55870279ms] GC(3062) Using 10 workers of 10 for evacuation
[2023-12-20T08:55:19.862-0800][55870308ms] GC(3062)   Pre Evacuate Collection Set: 0.0ms
[2023-12-20T08:55:19.863-0800][55870308ms] GC(3062)   Evacuate Collection Set: 25.6ms
[2023-12-20T08:55:19.863-0800][55870308ms] GC(3062)   Post Evacuate Collection Set: 2.4ms
[2023-12-20T08:55:19.863-0800][55870308ms] GC(3062)   Other: 0.3ms
[2023-12-20T08:55:19.863-0800][55870308ms] GC(3062) Eden regions: 755->0(753)
[2023-12-20T08:55:19.863-0800][55870308ms] GC(3062) Survivor regions: 29->30(98)
[2023-12-20T08:55:19.863-0800][55870308ms] GC(3062) Old regions: 184->184
[2023-12-20T08:55:19.863-0800][55870308ms] GC(3062) Humongous regions: 5->5
[2023-12-20T08:55:19.863-0800][55870308ms] GC(3062) Metaspace: 256507K->256507K(1294336K)
[2023-12-20T08:55:19.863-0800][55870308ms] GC(3062) Pause Young (Normal) (GCLocker Initiated GC) 1942M->436M(2612M) 28.483ms
[2023-12-20T08:55:19.863-0800][55870308ms] GC(3062) User=0.20s Sys=0.00s Real=0.03s
[2023-12-20T08:55:20.815-0800][55871260ms] GC(3063) Pause Young (Normal) (G1 Evacuation Pause)
[2023-12-20T08:55:20.816-0800][55871261ms] GC(3063) Using 10 workers of 10 for evacuation
[2023-12-20T08:55:20.848-0800][55871293ms] GC(3063)   Pre Evacuate Collection Set: 0.1ms
[2023-12-20T08:55:20.848-0800][55871293ms] GC(3063)   Evacuate Collection Set: 28.7ms
[2023-12-20T08:55:20.848-0800][55871293ms] GC(3063)   Post Evacuate Collection Set: 3.8ms
[2023-12-20T08:55:20.848-0800][55871293ms] GC(3063)   Other: 0.5ms
[2023-12-20T08:55:20.848-0800][55871293ms] GC(3063) Eden regions: 753->0(753)
[2023-12-20T08:55:20.848-0800][55871293ms] GC(3063) Survivor regions: 30->30(98)
[2023-12-20T08:55:20.848-0800][55871293ms] GC(3063) Old regions: 184->184
[2023-12-20T08:55:20.848-0800][55871293ms] GC(3063) Humongous regions: 5->5
[2023-12-20T08:55:20.848-0800][55871293ms] GC(3063) Metaspace: 256509K->256509K(1294336K)
[2023-12-20T08:55:20.848-0800][55871293ms] GC(3063) Pause Young (Normal) (G1 Evacuation Pause) 1942M->435M(2612M) 33.220ms
[2023-12-20T08:55:20.848-0800][55871293ms] GC(3063) User=0.17s Sys=0.00s Real=0.03s
[2023-12-20T08:55:21.581-0800][55872026ms] GC(3064) Pause Young (Normal) (G1 Evacuation Pause)
[2023-12-20T08:55:21.581-0800][55872026ms] GC(3064) Using 10 workers of 10 for evacuation
[2023-12-20T08:55:21.608-0800][55872053ms] GC(3064)   Pre Evacuate Collection Set: 0.0ms
[2023-12-20T08:55:21.608-0800][55872053ms] GC(3064)   Evacuate Collection Set: 24.5ms
[2023-12-20T08:55:21.608-0800][55872053ms] GC(3064)   Post Evacuate Collection Set: 2.4ms
[2023-12-20T08:55:21.608-0800][55872053ms] GC(3064)   Other: 0.4ms
[2023-12-20T08:55:21.608-0800][55872053ms] GC(3064) Eden regions: 753->0(753)
[2023-12-20T08:55:21.608-0800][55872053ms] GC(3064) Survivor regions: 30->30(98)
[2023-12-20T08:55:21.608-0800][55872053ms] GC(3064) Old regions: 184->184
[2023-12-20T08:55:21.608-0800][55872053ms] GC(3064) Humongous regions: 5->5
[2023-12-20T08:55:21.608-0800][55872053ms] GC(3064) Metaspace: 256509K->256509K(1294336K)
[2023-12-20T08:55:21.608-0800][55872053ms] GC(3064) Pause Young (Normal) (G1 Evacuation Pause) 1941M->435M(2612M) 27.316ms
[2023-12-20T08:55:21.608-0800][55872053ms] GC(3064) User=0.11s Sys=0.00s Real=0.03s
[2023-12-20T08:55:22.390-0800][55872835ms] GC(3065) Pause Young (Normal) (G1 Evacuation Pause)
[2023-12-20T08:55:22.390-0800][55872835ms] GC(3065) Using 10 workers of 10 for evacuation
[2023-12-20T08:55:22.417-0800][55872862ms] GC(3065)   Pre Evacuate Collection Set: 0.0ms
[2023-12-20T08:55:22.417-0800][55872862ms] GC(3065)   Evacuate Collection Set: 25.0ms
[2023-12-20T08:55:22.417-0800][55872862ms] GC(3065)   Post Evacuate Collection Set: 2.2ms
[2023-12-20T08:55:22.417-0800][55872862ms] GC(3065)   Other: 0.3ms
[2023-12-20T08:55:22.417-0800][55872862ms] GC(3065) Eden regions: 753->0(752)
[2023-12-20T08:55:22.417-0800][55872862ms] GC(3065) Survivor regions: 30->31(98)
[2023-12-20T08:55:22.417-0800][55872862ms] GC(3065) Old regions: 184->184
[2023-12-20T08:55:22.417-0800][55872862ms] GC(3065) Humongous regions: 5->5
[2023-12-20T08:55:22.417-0800][55872862ms] GC(3065) Metaspace: 256509K->256509K(1294336K)
[2023-12-20T08:55:22.417-0800][55872862ms] GC(3065) Pause Young (Normal) (G1 Evacuation Pause) 1941M->437M(2612M) 27.652ms
[2023-12-20T08:55:22.417-0800][55872862ms] GC(3065) User=0.03s Sys=0.00s Real=0.03s
[2023-12-20T08:55:23.178-0800][55873623ms] GC(3066) Pause Young (Normal) (G1 Evacuation Pause)
[2023-12-20T08:55:23.178-0800][55873623ms] GC(3066) Using 10 workers of 10 for evacuation
[2023-12-20T08:55:23.207-0800][55873652ms] GC(3066)   Pre Evacuate Collection Set: 0.0ms
[2023-12-20T08:55:23.207-0800][55873652ms] GC(3066)   Evacuate Collection Set: 25.0ms
[2023-12-20T08:55:23.207-0800][55873652ms] GC(3066)   Post Evacuate Collection Set: 2.5ms
[2023-12-20T08:55:23.207-0800][55873652ms] GC(3066)   Other: 0.4ms
[2023-12-20T08:55:23.207-0800][55873652ms] GC(3066) Eden regions: 752->0(753)
[2023-12-20T08:55:23.207-0800][55873652ms] GC(3066) Survivor regions: 31->30(98)
[2023-12-20T08:55:23.207-0800][55873652ms] GC(3066) Old regions: 184->184
[2023-12-20T08:55:23.207-0800][55873652ms] GC(3066) Humongous regions: 5->5
[2023-12-20T08:55:23.207-0800][55873652ms] GC(3066) Metaspace: 256509K->256509K(1294336K)
[2023-12-20T08:55:23.207-0800][55873652ms] GC(3066) Pause Young (Normal) (G1 Evacuation Pause) 1941M->436M(2612M) 28.079ms
[2023-12-20T08:55:23.207-0800][55873652ms] GC(3066) User=0.08s Sys=0.00s Real=0.03s
[2023-12-20T08:55:24.037-0800][55874482ms] GC(3067) Pause Young (Normal) (G1 Evacuation Pause)
[2023-12-20T08:55:24.037-0800][55874482ms] GC(3067) Using 10 workers of 10 for evacuation
[2023-12-20T08:55:24.065-0800][55874510ms] GC(3067)   Pre Evacuate Collection Set: 0.0ms
[2023-12-20T08:55:24.065-0800][55874510ms] GC(3067)   Evacuate Collection Set: 26.3ms
[2023-12-20T08:55:24.065-0800][55874510ms] GC(3067)   Post Evacuate Collection Set: 2.5ms
[2023-12-20T08:55:24.066-0800][55874511ms] GC(3067)   Other: 0.4ms
[2023-12-20T08:55:24.066-0800][55874511ms] GC(3067) Eden regions: 753->0(753)
[2023-12-20T08:55:24.066-0800][55874511ms] GC(3067) Survivor regions: 30->30(98)
[2023-12-20T08:55:24.066-0800][55874511ms] GC(3067) Old regions: 184->184
[2023-12-20T08:55:24.066-0800][55874511ms] GC(3067) Humongous regions: 5->5
[2023-12-20T08:55:24.066-0800][55874511ms] GC(3067) Metaspace: 256509K->256509K(1294336K)
[2023-12-20T08:55:24.066-0800][55874511ms] GC(3067) Pause Young (Normal) (G1 Evacuation Pause) 1942M->436M(2612M) 29.361ms
[2023-12-20T08:55:24.066-0800][55874511ms] GC(3067) User=0.22s Sys=0.00s Real=0.03s
[2023-12-20T08:55:24.808-0800][55875253ms] GC(3068) Pause Young (Normal) (G1 Evacuation Pause)
[2023-12-20T08:55:24.808-0800][55875253ms] GC(3068) Using 10 workers of 10 for evacuation
[2023-12-20T08:55:24.837-0800][55875282ms] GC(3068)   Pre Evacuate Collection Set: 0.0ms
[2023-12-20T08:55:24.837-0800][55875282ms] GC(3068)   Evacuate Collection Set: 25.3ms
[2023-12-20T08:55:24.837-0800][55875282ms] GC(3068)   Post Evacuate Collection Set: 2.5ms
[2023-12-20T08:55:24.837-0800][55875282ms] GC(3068)   Other: 0.4ms
[2023-12-20T08:55:24.837-0800][55875282ms] GC(3068) Eden regions: 753->0(753)
[2023-12-20T08:55:24.837-0800][55875282ms] GC(3068) Survivor regions: 30->30(98)
[2023-12-20T08:55:24.837-0800][55875282ms] GC(3068) Old regions: 184->184
[2023-12-20T08:55:24.837-0800][55875282ms] GC(3068) Humongous regions: 5->5
[2023-12-20T08:55:24.837-0800][55875282ms] GC(3068) Metaspace: 256509K->256509K(1294336K)
[2023-12-20T08:55:24.837-0800][55875282ms] GC(3068) Pause Young (Normal) (G1 Evacuation Pause) 1942M->436M(2612M) 28.299ms
[2023-12-20T08:55:24.837-0800][55875282ms] GC(3068) User=0.09s Sys=0.00s Real=0.03s
[2023-12-20T08:55:25.750-0800][55876195ms] GC(3069) Pause Young (Normal) (G1 Evacuation Pause)
[2023-12-20T08:55:25.750-0800][55876195ms] GC(3069) Using 10 workers of 10 for evacuation
[2023-12-20T08:55:25.779-0800][55876224ms] GC(3069)   Pre Evacuate Collection Set: 0.0ms
[2023-12-20T08:55:25.779-0800][55876224ms] GC(3069)   Evacuate Collection Set: 27.1ms
[2023-12-20T08:55:25.779-0800][55876224ms] GC(3069)   Post Evacuate Collection Set: 2.6ms
[2023-12-20T08:55:25.779-0800][55876224ms] GC(3069)   Other: 0.4ms
[2023-12-20T08:55:25.779-0800][55876224ms] GC(3069) Eden regions: 753->0(753)
[2023-12-20T08:55:25.779-0800][55876224ms] GC(3069) Survivor regions: 30->30(98)
[2023-12-20T08:55:25.779-0800][55876224ms] GC(3069) Old regions: 184->184
[2023-12-20T08:55:25.779-0800][55876224ms] GC(3069) Humongous regions: 5->5
[2023-12-20T08:55:25.779-0800][55876224ms] GC(3069) Metaspace: 256509K->256509K(1294336K)
[2023-12-20T08:55:25.781-0800][55876226ms] GC(3069) Pause Young (Normal) (G1 Evacuation Pause) 1942M->435M(2612M) 30.223ms
[2023-12-20T08:55:25.781-0800][55876226ms] GC(3069) User=0.11s Sys=0.00s Real=0.03s
[2023-12-20T08:55:26.542-0800][55876987ms] GC(3070) Pause Young (Normal) (G1 Evacuation Pause)
[2023-12-20T08:55:26.542-0800][55876987ms] GC(3070) Using 10 workers of 10 for evacuation
[2023-12-20T08:55:26.569-0800][55877014ms] GC(3070)   Pre Evacuate Collection Set: 0.0ms
[2023-12-20T08:55:26.569-0800][55877014ms] GC(3070)   Evacuate Collection Set: 25.0ms
[2023-12-20T08:55:26.569-0800][55877014ms] GC(3070)   Post Evacuate Collection Set: 2.4ms
[2023-12-20T08:55:26.569-0800][55877014ms] GC(3070)   Other: 0.3ms
[2023-12-20T08:55:26.569-0800][55877015ms] GC(3070) Eden regions: 753->0(753)
[2023-12-20T08:55:26.570-0800][55877015ms] GC(3070) Survivor regions: 30->30(98)
[2023-12-20T08:55:26.570-0800][55877015ms] GC(3070) Old regions: 184->184
[2023-12-20T08:55:26.570-0800][55877015ms] GC(3070) Humongous regions: 5->5
[2023-12-20T08:55:26.570-0800][55877015ms] GC(3070) Metaspace: 256509K->256509K(1294336K)
[2023-12-20T08:55:26.570-0800][55877015ms] GC(3070) Pause Young (Normal) (G1 Evacuation Pause) 1941M->436M(2612M) 27.958ms
[2023-12-20T08:55:26.570-0800][55877015ms] GC(3070) User=0.13s Sys=0.00s Real=0.03s
[2023-12-20T08:55:27.317-0800][55877762ms] GC(3071) Pause Young (Normal) (G1 Evacuation Pause)
[2023-12-20T08:55:27.317-0800][55877762ms] GC(3071) Using 10 workers of 10 for evacuation
[2023-12-20T08:55:27.347-0800][55877792ms] GC(3071)   Pre Evacuate Collection Set: 0.0ms
[2023-12-20T08:55:27.347-0800][55877792ms] GC(3071)   Evacuate Collection Set: 26.5ms
[2023-12-20T08:55:27.347-0800][55877792ms] GC(3071)   Post Evacuate Collection Set: 2.4ms
[2023-12-20T08:55:27.347-0800][55877792ms] GC(3071)   Other: 0.5ms
[2023-12-20T08:55:27.347-0800][55877792ms] GC(3071) Eden regions: 753->0(753)
[2023-12-20T08:55:27.347-0800][55877792ms] GC(3071) Survivor regions: 30->30(98)
[2023-12-20T08:55:27.347-0800][55877792ms] GC(3071) Old regions: 184->184
[2023-12-20T08:55:27.347-0800][55877792ms] GC(3071) Humongous regions: 5->5
[2023-12-20T08:55:27.347-0800][55877792ms] GC(3071) Metaspace: 256509K->256509K(1294336K)
[2023-12-20T08:55:27.347-0800][55877792ms] GC(3071) Pause Young (Normal) (G1 Evacuation Pause) 1942M->436M(2612M) 29.505ms
[2023-12-20T08:55:27.347-0800][55877792ms] GC(3071) User=0.16s Sys=0.00s Real=0.03s
[2023-12-20T08:55:28.098-0800][55878543ms] GC(3072) Pause Young (Normal) (G1 Evacuation Pause)
[2023-12-20T08:55:28.098-0800][55878543ms] GC(3072) Using 10 workers of 10 for evacuation
[2023-12-20T08:55:28.127-0800][55878572ms] GC(3072)   Pre Evacuate Collection Set: 0.0ms
[2023-12-20T08:55:28.127-0800][55878572ms] GC(3072)   Evacuate Collection Set: 26.1ms
[2023-12-20T08:55:28.127-0800][55878572ms] GC(3072)   Post Evacuate Collection Set: 2.4ms
[2023-12-20T08:55:28.127-0800][55878572ms] GC(3072)   Other: 0.4ms
[2023-12-20T08:55:28.127-0800][55878572ms] GC(3072) Eden regions: 753->0(753)
[2023-12-20T08:55:28.127-0800][55878572ms] GC(3072) Survivor regions: 30->30(98)
[2023-12-20T08:55:28.127-0800][55878572ms] GC(3072) Old regions: 184->184
[2023-12-20T08:55:28.127-0800][55878572ms] GC(3072) Humongous regions: 5->5
[2023-12-20T08:55:28.127-0800][55878572ms] GC(3072) Metaspace: 256509K->256509K(1294336K)
[2023-12-20T08:55:28.127-0800][55878572ms] GC(3072) Pause Young (Normal) (G1 Evacuation Pause) 1942M->436M(2612M) 29.044ms
[2023-12-20T08:55:28.127-0800][55878572ms] GC(3072) User=0.08s Sys=0.00s Real=0.03s
[2023-12-20T08:55:28.979-0800][55879424ms] GC(3073) Pause Young (Normal) (G1 Evacuation Pause)
[2023-12-20T08:55:28.979-0800][55879424ms] GC(3073) Using 10 workers of 10 for evacuation
[2023-12-20T08:55:29.008-0800][55879453ms] GC(3073)   Pre Evacuate Collection Set: 0.0ms
[2023-12-20T08:55:29.008-0800][55879453ms] GC(3073)   Evacuate Collection Set: 26.4ms
[2023-12-20T08:55:29.008-0800][55879453ms] GC(3073)   Post Evacuate Collection Set: 2.3ms
[2023-12-20T08:55:29.008-0800][55879453ms] GC(3073)   Other: 0.4ms
[2023-12-20T08:55:29.008-0800][55879453ms] GC(3073) Eden regions: 753->0(753)
[2023-12-20T08:55:29.008-0800][55879453ms] GC(3073) Survivor regions: 30->30(98)
[2023-12-20T08:55:29.008-0800][55879453ms] GC(3073) Old regions: 184->184
[2023-12-20T08:55:29.008-0800][55879453ms] GC(3073) Humongous regions: 5->5
[2023-12-20T08:55:29.008-0800][55879453ms] GC(3073) Metaspace: 256509K->256509K(1294336K)
[2023-12-20T08:55:29.008-0800][55879453ms] GC(3073) Pause Young (Normal) (G1 Evacuation Pause) 1942M->436M(2612M) 29.199ms
[2023-12-20T08:55:29.008-0800][55879453ms] GC(3073) User=0.09s Sys=0.00s Real=0.03s
[2023-12-20T08:55:29.752-0800][55880197ms] GC(3074) Pause Young (Normal) (G1 Evacuation Pause)
[2023-12-20T08:55:29.752-0800][55880197ms] GC(3074) Using 10 workers of 10 for evacuation
[2023-12-20T08:55:29.779-0800][55880224ms] GC(3074)   Pre Evacuate Collection Set: 0.0ms
[2023-12-20T08:55:29.780-0800][55880225ms] GC(3074)   Evacuate Collection Set: 25.1ms
[2023-12-20T08:55:29.780-0800][55880225ms] GC(3074)   Post Evacuate Collection Set: 2.3ms
[2023-12-20T08:55:29.780-0800][55880225ms] GC(3074)   Other: 0.4ms
[2023-12-20T08:55:29.780-0800][55880225ms] GC(3074) Eden regions: 753->0(753)
[2023-12-20T08:55:29.780-0800][55880225ms] GC(3074) Survivor regions: 30->30(98)
[2023-12-20T08:55:29.780-0800][55880225ms] GC(3074) Old regions: 184->184
[2023-12-20T08:55:29.780-0800][55880225ms] GC(3074) Humongous regions: 5->5
[2023-12-20T08:55:29.780-0800][55880225ms] GC(3074) Metaspace: 256509K->256509K(1294336K)
[2023-12-20T08:55:29.780-0800][55880225ms] GC(3074) Pause Young (Normal) (G1 Evacuation Pause) 1942M->436M(2612M) 27.956ms
[2023-12-20T08:55:29.780-0800][55880225ms] GC(3074) User=0.13s Sys=0.00s Real=0.03s
[2023-12-20T08:55:30.682-0800][55881127ms] GC(3075) Pause Young (Normal) (G1 Evacuation Pause)
[2023-12-20T08:55:30.682-0800][55881127ms] GC(3075) Using 10 workers of 10 for evacuation
[2023-12-20T08:55:30.712-0800][55881157ms] GC(3075)   Pre Evacuate Collection Set: 0.0ms
[2023-12-20T08:55:30.712-0800][55881157ms] GC(3075)   Evacuate Collection Set: 26.8ms
[2023-12-20T08:55:30.712-0800][55881157ms] GC(3075)   Post Evacuate Collection Set: 2.5ms
[2023-12-20T08:55:30.712-0800][55881157ms] GC(3075)   Other: 0.4ms
[2023-12-20T08:55:30.712-0800][55881157ms] GC(3075) Eden regions: 753->0(754)
[2023-12-20T08:55:30.712-0800][55881157ms] GC(3075) Survivor regions: 30->29(98)
[2023-12-20T08:55:30.712-0800][55881157ms] GC(3075) Old regions: 184->184
[2023-12-20T08:55:30.712-0800][55881157ms] GC(3075) Humongous regions: 5->5
[2023-12-20T08:55:30.712-0800][55881157ms] GC(3075) Metaspace: 256509K->256509K(1294336K)
[2023-12-20T08:55:30.712-0800][55881157ms] GC(3075) Pause Young (Normal) (G1 Evacuation Pause) 1942M->434M(2612M) 29.789ms
[2023-12-20T08:55:30.712-0800][55881157ms] GC(3075) User=0.09s Sys=0.00s Real=0.03s
[2023-12-20T08:55:31.455-0800][55881900ms] GC(3076) Pause Young (Normal) (G1 Evacuation Pause)
[2023-12-20T08:55:31.455-0800][55881900ms] GC(3076) Using 10 workers of 10 for evacuation
[2023-12-20T08:55:31.487-0800][55881932ms] GC(3076)   Pre Evacuate Collection Set: 0.0ms
[2023-12-20T08:55:31.487-0800][55881932ms] GC(3076)   Evacuate Collection Set: 28.1ms
[2023-12-20T08:55:31.487-0800][55881932ms] GC(3076)   Post Evacuate Collection Set: 2.4ms
[2023-12-20T08:55:31.487-0800][55881932ms] GC(3076)   Other: 0.3ms
[2023-12-20T08:55:31.487-0800][55881932ms] GC(3076) Eden regions: 754->0(753)
[2023-12-20T08:55:31.487-0800][55881932ms] GC(3076) Survivor regions: 29->30(98)
[2023-12-20T08:55:31.487-0800][55881932ms] GC(3076) Old regions: 184->184
[2023-12-20T08:55:31.487-0800][55881932ms] GC(3076) Humongous regions: 5->5
[2023-12-20T08:55:31.487-0800][55881932ms] GC(3076) Metaspace: 256509K->256509K(1294336K)
[2023-12-20T08:55:31.487-0800][55881932ms] GC(3076) Pause Young (Normal) (G1 Evacuation Pause) 1942M->436M(2612M) 31.081ms
[2023-12-20T08:55:31.487-0800][55881932ms] GC(3076) User=0.06s Sys=0.00s Real=0.03s
[2023-12-20T08:55:32.320-0800][55882765ms] GC(3077) Pause Young (Normal) (G1 Evacuation Pause)
[2023-12-20T08:55:32.320-0800][55882765ms] GC(3077) Using 10 workers of 10 for evacuation
[2023-12-20T08:55:32.350-0800][55882795ms] GC(3077)   Pre Evacuate Collection Set: 0.0ms
[2023-12-20T08:55:32.350-0800][55882795ms] GC(3077)   Evacuate Collection Set: 27.7ms
[2023-12-20T08:55:32.350-0800][55882795ms] GC(3077)   Post Evacuate Collection Set: 2.2ms
[2023-12-20T08:55:32.350-0800][55882795ms] GC(3077)   Other: 0.4ms
[2023-12-20T08:55:32.350-0800][55882795ms] GC(3077) Eden regions: 753->0(753)
[2023-12-20T08:55:32.350-0800][55882795ms] GC(3077) Survivor regions: 30->30(98)
[2023-12-20T08:55:32.350-0800][55882795ms] GC(3077) Old regions: 184->184
[2023-12-20T08:55:32.350-0800][55882795ms] GC(3077) Humongous regions: 5->5
[2023-12-20T08:55:32.350-0800][55882795ms] GC(3077) Metaspace: 256509K->256509K(1294336K)
[2023-12-20T08:55:32.350-0800][55882795ms] GC(3077) Pause Young (Normal) (G1 Evacuation Pause) 1942M->435M(2612M) 30.403ms
[2023-12-20T08:55:32.350-0800][55882795ms] GC(3077) User=0.16s Sys=0.00s Real=0.03s
[2023-12-20T08:55:33.056-0800][55883501ms] GC(3078) Pause Young (Normal) (G1 Evacuation Pause)
[2023-12-20T08:55:33.056-0800][55883501ms] GC(3078) Using 10 workers of 10 for evacuation
[2023-12-20T08:55:33.085-0800][55883530ms] GC(3078)   Pre Evacuate Collection Set: 0.0ms
[2023-12-20T08:55:33.085-0800][55883530ms] GC(3078)   Evacuate Collection Set: 25.4ms
[2023-12-20T08:55:33.085-0800][55883530ms] GC(3078)   Post Evacuate Collection Set: 2.5ms
[2023-12-20T08:55:33.085-0800][55883530ms] GC(3078)   Other: 0.4ms
[2023-12-20T08:55:33.085-0800][55883530ms] GC(3078) Eden regions: 753->0(752)
[2023-12-20T08:55:33.085-0800][55883530ms] GC(3078) Survivor regions: 30->31(98)
[2023-12-20T08:55:33.085-0800][55883530ms] GC(3078) Old regions: 184->184
[2023-12-20T08:55:33.085-0800][55883530ms] GC(3078) Humongous regions: 5->5
[2023-12-20T08:55:33.085-0800][55883530ms] GC(3078) Metaspace: 256509K->256509K(1294336K)
[2023-12-20T08:55:33.085-0800][55883530ms] GC(3078) Pause Young (Normal) (G1 Evacuation Pause) 1941M->437M(2612M) 28.356ms
[2023-12-20T08:55:33.085-0800][55883530ms] GC(3078) User=0.05s Sys=0.00s Real=0.03s
[2023-12-20T08:55:33.799-0800][55884244ms] GC(3079) Pause Young (Normal) (G1 Evacuation Pause)
[2023-12-20T08:55:33.799-0800][55884244ms] GC(3079) Using 10 workers of 10 for evacuation
[2023-12-20T08:55:33.827-0800][55884272ms] GC(3079)   Pre Evacuate Collection Set: 0.0ms
[2023-12-20T08:55:33.827-0800][55884272ms] GC(3079)   Evacuate Collection Set: 25.6ms
[2023-12-20T08:55:33.827-0800][55884272ms] GC(3079)   Post Evacuate Collection Set: 2.5ms
[2023-12-20T08:55:33.827-0800][55884272ms] GC(3079)   Other: 0.4ms
[2023-12-20T08:55:33.827-0800][55884272ms] GC(3079) Eden regions: 752->0(752)
[2023-12-20T08:55:33.827-0800][55884272ms] GC(3079) Survivor regions: 31->31(98)
[2023-12-20T08:55:33.827-0800][55884272ms] GC(3079) Old regions: 184->184
[2023-12-20T08:55:33.827-0800][55884272ms] GC(3079) Humongous regions: 5->5
[2023-12-20T08:55:33.827-0800][55884272ms] GC(3079) Metaspace: 256509K->256509K(1294336K)
[2023-12-20T08:55:33.827-0800][55884272ms] GC(3079) Pause Young (Normal) (G1 Evacuation Pause) 1941M->437M(2612M) 28.653ms
[2023-12-20T08:55:33.827-0800][55884272ms] GC(3079) User=0.09s Sys=0.00s Real=0.03s
[2023-12-20T08:55:34.609-0800][55885054ms] GC(3080) Pause Young (Normal) (G1 Evacuation Pause)
[2023-12-20T08:55:34.609-0800][55885054ms] GC(3080) Using 10 workers of 10 for evacuation
[2023-12-20T08:55:34.637-0800][55885082ms] GC(3080)   Pre Evacuate Collection Set: 0.0ms
[2023-12-20T08:55:34.637-0800][55885082ms] GC(3080)   Evacuate Collection Set: 25.4ms
[2023-12-20T08:55:34.637-0800][55885082ms] GC(3080)   Post Evacuate Collection Set: 2.4ms
[2023-12-20T08:55:34.637-0800][55885082ms] GC(3080)   Other: 0.4ms
[2023-12-20T08:55:34.637-0800][55885082ms] GC(3080) Eden regions: 752->0(752)
[2023-12-20T08:55:34.637-0800][55885082ms] GC(3080) Survivor regions: 31->31(98)
[2023-12-20T08:55:34.637-0800][55885082ms] GC(3080) Old regions: 184->184
[2023-12-20T08:55:34.637-0800][55885082ms] GC(3080) Humongous regions: 5->5
[2023-12-20T08:55:34.637-0800][55885082ms] GC(3080) Metaspace: 256509K->256509K(1294336K)
[2023-12-20T08:55:34.637-0800][55885082ms] GC(3080) Pause Young (Normal) (G1 Evacuation Pause) 1941M->438M(2612M) 28.362ms
[2023-12-20T08:55:34.637-0800][55885082ms] GC(3080) User=0.11s Sys=0.00s Real=0.03s
[2023-12-20T08:55:35.366-0800][55885811ms] GC(3081) Pause Young (Normal) (G1 Evacuation Pause)
[2023-12-20T08:55:35.366-0800][55885811ms] GC(3081) Using 10 workers of 10 for evacuation
[2023-12-20T08:55:35.393-0800][55885838ms] GC(3081)   Pre Evacuate Collection Set: 0.0ms
[2023-12-20T08:55:35.393-0800][55885838ms] GC(3081)   Evacuate Collection Set: 25.1ms
[2023-12-20T08:55:35.393-0800][55885838ms] GC(3081)   Post Evacuate Collection Set: 2.4ms
[2023-12-20T08:55:35.393-0800][55885838ms] GC(3081)   Other: 0.5ms
[2023-12-20T08:55:35.393-0800][55885838ms] GC(3081) Eden regions: 752->0(752)
[2023-12-20T08:55:35.393-0800][55885838ms] GC(3081) Survivor regions: 31->31(98)
[2023-12-20T08:55:35.393-0800][55885838ms] GC(3081) Old regions: 184->184
[2023-12-20T08:55:35.393-0800][55885838ms] GC(3081) Humongous regions: 5->5
[2023-12-20T08:55:35.393-0800][55885838ms] GC(3081) Metaspace: 256509K->256509K(1294336K)
[2023-12-20T08:55:35.393-0800][55885838ms] GC(3081) Pause Young (Normal) (G1 Evacuation Pause) 1942M->437M(2612M) 28.122ms
[2023-12-20T08:55:35.393-0800][55885838ms] GC(3081) User=0.08s Sys=0.00s Real=0.03s
[2023-12-20T08:55:36.234-0800][55886679ms] GC(3082) Pause Young (Normal) (G1 Evacuation Pause)
[2023-12-20T08:55:36.234-0800][55886679ms] GC(3082) Using 10 workers of 10 for evacuation
[2023-12-20T08:55:36.262-0800][55886707ms] GC(3082)   Pre Evacuate Collection Set: 0.0ms
[2023-12-20T08:55:36.262-0800][55886707ms] GC(3082)   Evacuate Collection Set: 25.2ms
[2023-12-20T08:55:36.262-0800][55886707ms] GC(3082)   Post Evacuate Collection Set: 2.6ms
[2023-12-20T08:55:36.262-0800][55886707ms] GC(3082)   Other: 0.4ms
[2023-12-20T08:55:36.262-0800][55886707ms] GC(3082) Eden regions: 752->0(752)
[2023-12-20T08:55:36.262-0800][55886707ms] GC(3082) Survivor regions: 31->31(98)
[2023-12-20T08:55:36.262-0800][55886707ms] GC(3082) Old regions: 184->184
[2023-12-20T08:55:36.262-0800][55886707ms] GC(3082) Humongous regions: 5->5
[2023-12-20T08:55:36.262-0800][55886707ms] GC(3082) Metaspace: 256509K->256509K(1294336K)
[2023-12-20T08:55:36.262-0800][55886707ms] GC(3082) Pause Young (Normal) (G1 Evacuation Pause) 1941M->437M(2612M) 28.353ms
[2023-12-20T08:55:36.262-0800][55886707ms] GC(3082) User=0.05s Sys=0.00s Real=0.03s
[2023-12-20T08:55:36.942-0800][55887388ms] GC(3083) Pause Young (Normal) (G1 Evacuation Pause)
[2023-12-20T08:55:36.943-0800][55887388ms] GC(3083) Using 10 workers of 10 for evacuation
[2023-12-20T08:55:36.970-0800][55887415ms] GC(3083)   Pre Evacuate Collection Set: 0.0ms
[2023-12-20T08:55:36.970-0800][55887415ms] GC(3083)   Evacuate Collection Set: 24.9ms
[2023-12-20T08:55:36.970-0800][55887415ms] GC(3083)   Post Evacuate Collection Set: 2.4ms
[2023-12-20T08:55:36.970-0800][55887415ms] GC(3083)   Other: 0.4ms
[2023-12-20T08:55:36.970-0800][55887415ms] GC(3083) Eden regions: 752->0(752)
[2023-12-20T08:55:36.970-0800][55887415ms] GC(3083) Survivor regions: 31->31(98)
[2023-12-20T08:55:36.970-0800][55887415ms] GC(3083) Old regions: 184->184
[2023-12-20T08:55:36.970-0800][55887415ms] GC(3083) Humongous regions: 5->5
[2023-12-20T08:55:36.970-0800][55887415ms] GC(3083) Metaspace: 256509K->256509K(1294336K)
[2023-12-20T08:55:36.970-0800][55887415ms] GC(3083) Pause Young (Normal) (G1 Evacuation Pause) 1941M->438M(2612M) 27.896ms
[2023-12-20T08:55:36.970-0800][55887415ms] GC(3083) User=0.08s Sys=0.00s Real=0.03s
[2023-12-20T08:55:37.646-0800][55888091ms] GC(3084) Pause Young (Normal) (G1 Evacuation Pause)
[2023-12-20T08:55:37.646-0800][55888091ms] GC(3084) Using 10 workers of 10 for evacuation
[2023-12-20T08:55:37.675-0800][55888120ms] GC(3084)   Pre Evacuate Collection Set: 0.0ms
[2023-12-20T08:55:37.675-0800][55888120ms] GC(3084)   Evacuate Collection Set: 25.9ms
[2023-12-20T08:55:37.675-0800][55888120ms] GC(3084)   Post Evacuate Collection Set: 2.4ms
[2023-12-20T08:55:37.675-0800][55888120ms] GC(3084)   Other: 0.4ms
[2023-12-20T08:55:37.675-0800][55888120ms] GC(3084) Eden regions: 752->0(752)
[2023-12-20T08:55:37.675-0800][55888120ms] GC(3084) Survivor regions: 31->31(98)
[2023-12-20T08:55:37.675-0800][55888120ms] GC(3084) Old regions: 184->184
[2023-12-20T08:55:37.675-0800][55888120ms] GC(3084) Humongous regions: 5->5
[2023-12-20T08:55:37.675-0800][55888120ms] GC(3084) Metaspace: 256509K->256509K(1294336K)
[2023-12-20T08:55:37.675-0800][55888120ms] GC(3084) Pause Young (Normal) (G1 Evacuation Pause) 1942M->437M(2612M) 28.788ms
[2023-12-20T08:55:37.675-0800][55888120ms] GC(3084) User=0.11s Sys=0.00s Real=0.03s
[2023-12-20T08:55:38.191-0800][55888636ms] GC(3085) Pause Young (Normal) (G1 Evacuation Pause)
[2023-12-20T08:55:38.191-0800][55888636ms] GC(3085) Using 10 workers of 10 for evacuation
[2023-12-20T08:55:38.220-0800][55888665ms] GC(3085)   Pre Evacuate Collection Set: 0.0ms
[2023-12-20T08:55:38.220-0800][55888665ms] GC(3085)   Evacuate Collection Set: 26.3ms
[2023-12-20T08:55:38.220-0800][55888665ms] GC(3085)   Post Evacuate Collection Set: 2.4ms
[2023-12-20T08:55:38.220-0800][55888665ms] GC(3085)   Other: 0.4ms
[2023-12-20T08:55:38.220-0800][55888665ms] GC(3085) Eden regions: 752->0(753)
[2023-12-20T08:55:38.220-0800][55888665ms] GC(3085) Survivor regions: 31->30(98)
[2023-12-20T08:55:38.220-0800][55888665ms] GC(3085) Old regions: 184->184
[2023-12-20T08:55:38.220-0800][55888665ms] GC(3085) Humongous regions: 5->5
[2023-12-20T08:55:38.220-0800][55888665ms] GC(3085) Metaspace: 256509K->256509K(1294336K)
[2023-12-20T08:55:38.220-0800][55888665ms] GC(3085) Pause Young (Normal) (G1 Evacuation Pause) 1941M->435M(2612M) 29.261ms
[2023-12-20T08:55:38.220-0800][55888665ms] GC(3085) User=0.14s Sys=0.00s Real=0.03s
[2023-12-20T08:55:38.914-0800][55889359ms] GC(3086) Pause Young (Normal) (G1 Evacuation Pause)
[2023-12-20T08:55:38.914-0800][55889359ms] GC(3086) Using 10 workers of 10 for evacuation
[2023-12-20T08:55:38.940-0800][55889385ms] GC(3086)   Pre Evacuate Collection Set: 0.0ms
[2023-12-20T08:55:38.941-0800][55889386ms] GC(3086)   Evacuate Collection Set: 24.3ms
[2023-12-20T08:55:38.941-0800][55889386ms] GC(3086)   Post Evacuate Collection Set: 2.3ms
[2023-12-20T08:55:38.941-0800][55889386ms] GC(3086)   Other: 0.4ms
[2023-12-20T08:55:38.941-0800][55889386ms] GC(3086) Eden regions: 753->0(752)
[2023-12-20T08:55:38.941-0800][55889386ms] GC(3086) Survivor regions: 30->31(98)
[2023-12-20T08:55:38.941-0800][55889386ms] GC(3086) Old regions: 184->184
[2023-12-20T08:55:38.941-0800][55889386ms] GC(3086) Humongous regions: 5->5
[2023-12-20T08:55:38.941-0800][55889386ms] GC(3086) Metaspace: 256509K->256509K(1294336K)
[2023-12-20T08:55:38.941-0800][55889386ms] GC(3086) Pause Young (Normal) (G1 Evacuation Pause) 1941M->437M(2612M) 27.098ms
[2023-12-20T08:55:38.941-0800][55889386ms] GC(3086) User=0.06s Sys=0.00s Real=0.03s
[2023-12-20T08:55:39.578-0800][55890023ms] GC(3087) Pause Young (Normal) (G1 Evacuation Pause)
[2023-12-20T08:55:39.578-0800][55890023ms] GC(3087) Using 10 workers of 10 for evacuation
[2023-12-20T08:55:39.605-0800][55890050ms] GC(3087)   Pre Evacuate Collection Set: 0.0ms
[2023-12-20T08:55:39.605-0800][55890050ms] GC(3087)   Evacuate Collection Set: 24.2ms
[2023-12-20T08:55:39.605-0800][55890050ms] GC(3087)   Post Evacuate Collection Set: 2.5ms
[2023-12-20T08:55:39.605-0800][55890050ms] GC(3087)   Other: 0.4ms
[2023-12-20T08:55:39.605-0800][55890050ms] GC(3087) Eden regions: 752->0(752)
[2023-12-20T08:55:39.605-0800][55890050ms] GC(3087) Survivor regions: 31->31(98)
[2023-12-20T08:55:39.605-0800][55890050ms] GC(3087) Old regions: 184->184
[2023-12-20T08:55:39.605-0800][55890050ms] GC(3087) Humongous regions: 5->5
[2023-12-20T08:55:39.605-0800][55890050ms] GC(3087) Metaspace: 256509K->256509K(1294336K)
[2023-12-20T08:55:39.605-0800][55890050ms] GC(3087) Pause Young (Normal) (G1 Evacuation Pause) 1941M->437M(2612M) 27.279ms
[2023-12-20T08:55:39.605-0800][55890050ms] GC(3087) User=0.11s Sys=0.00s Real=0.03s
[2023-12-20T08:55:40.396-0800][55890841ms] GC(3088) Pause Young (Normal) (G1 Evacuation Pause)
[2023-12-20T08:55:40.396-0800][55890841ms] GC(3088) Using 10 workers of 10 for evacuation
[2023-12-20T08:55:40.424-0800][55890869ms] GC(3088)   Pre Evacuate Collection Set: 0.0ms
[2023-12-20T08:55:40.424-0800][55890869ms] GC(3088)   Evacuate Collection Set: 25.4ms
[2023-12-20T08:55:40.424-0800][55890869ms] GC(3088)   Post Evacuate Collection Set: 2.2ms
[2023-12-20T08:55:40.424-0800][55890869ms] GC(3088)   Other: 0.4ms
[2023-12-20T08:55:40.424-0800][55890869ms] GC(3088) Eden regions: 752->0(752)
[2023-12-20T08:55:40.424-0800][55890869ms] GC(3088) Survivor regions: 31->31(98)
[2023-12-20T08:55:40.424-0800][55890869ms] GC(3088) Old regions: 184->184
[2023-12-20T08:55:40.424-0800][55890869ms] GC(3088) Humongous regions: 5->5
[2023-12-20T08:55:40.424-0800][55890869ms] GC(3088) Metaspace: 256509K->256509K(1294336K)
[2023-12-20T08:55:40.424-0800][55890869ms] GC(3088) Pause Young (Normal) (G1 Evacuation Pause) 1941M->437M(2612M) 28.117ms
[2023-12-20T08:55:40.424-0800][55890869ms] GC(3088) User=0.20s Sys=0.00s Real=0.03s
[2023-12-20T08:55:41.139-0800][55891584ms] GC(3089) Pause Young (Normal) (G1 Evacuation Pause)
[2023-12-20T08:55:41.139-0800][55891584ms] GC(3089) Using 10 workers of 10 for evacuation
[2023-12-20T08:55:41.166-0800][55891611ms] GC(3089)   Pre Evacuate Collection Set: 0.0ms
[2023-12-20T08:55:41.166-0800][55891611ms] GC(3089)   Evacuate Collection Set: 24.5ms
[2023-12-20T08:55:41.166-0800][55891611ms] GC(3089)   Post Evacuate Collection Set: 2.5ms
[2023-12-20T08:55:41.166-0800][55891611ms] GC(3089)   Other: 0.4ms
[2023-12-20T08:55:41.166-0800][55891611ms] GC(3089) Eden regions: 752->0(752)
[2023-12-20T08:55:41.166-0800][55891611ms] GC(3089) Survivor regions: 31->31(98)
[2023-12-20T08:55:41.166-0800][55891611ms] GC(3089) Old regions: 184->184
[2023-12-20T08:55:41.166-0800][55891611ms] GC(3089) Humongous regions: 5->5
[2023-12-20T08:55:41.166-0800][55891611ms] GC(3089) Metaspace: 256509K->256509K(1294336K)
[2023-12-20T08:55:41.166-0800][55891611ms] GC(3089) Pause Young (Normal) (G1 Evacuation Pause) 1941M->438M(2612M) 27.484ms
[2023-12-20T08:55:41.166-0800][55891611ms] GC(3089) User=0.06s Sys=0.00s Real=0.03s
[2023-12-20T08:55:41.839-0800][55892284ms] GC(3090) Pause Young (Normal) (G1 Evacuation Pause)
[2023-12-20T08:55:41.839-0800][55892284ms] GC(3090) Using 10 workers of 10 for evacuation
[2023-12-20T08:55:41.879-0800][55892324ms] GC(3090)   Pre Evacuate Collection Set: 0.0ms
[2023-12-20T08:55:41.879-0800][55892324ms] GC(3090)   Evacuate Collection Set: 37.5ms
[2023-12-20T08:55:41.879-0800][55892324ms] GC(3090)   Post Evacuate Collection Set: 2.5ms
[2023-12-20T08:55:41.879-0800][55892324ms] GC(3090)   Other: 0.4ms
[2023-12-20T08:55:41.879-0800][55892324ms] GC(3090) Eden regions: 752->0(753)
[2023-12-20T08:55:41.879-0800][55892324ms] GC(3090) Survivor regions: 31->30(98)
[2023-12-20T08:55:41.879-0800][55892324ms] GC(3090) Old regions: 184->184
[2023-12-20T08:55:41.879-0800][55892324ms] GC(3090) Humongous regions: 5->5
[2023-12-20T08:55:41.879-0800][55892324ms] GC(3090) Metaspace: 256509K->256509K(1294336K)
[2023-12-20T08:55:41.879-0800][55892324ms] GC(3090) Pause Young (Normal) (G1 Evacuation Pause) 1942M->436M(2612M) 40.578ms
[2023-12-20T08:55:41.879-0800][55892324ms] GC(3090) User=0.14s Sys=0.00s Real=0.04s
[2023-12-20T08:55:42.696-0800][55893141ms] GC(3091) Pause Young (Normal) (G1 Evacuation Pause)
[2023-12-20T08:55:42.696-0800][55893141ms] GC(3091) Using 10 workers of 10 for evacuation
[2023-12-20T08:55:42.724-0800][55893169ms] GC(3091)   Pre Evacuate Collection Set: 0.0ms
[2023-12-20T08:55:42.724-0800][55893169ms] GC(3091)   Evacuate Collection Set: 26.5ms
[2023-12-20T08:55:42.724-0800][55893169ms] GC(3091)   Post Evacuate Collection Set: 2.2ms
[2023-12-20T08:55:42.724-0800][55893169ms] GC(3091)   Other: 0.4ms
[2023-12-20T08:55:42.724-0800][55893169ms] GC(3091) Eden regions: 753->0(753)
[2023-12-20T08:55:42.724-0800][55893169ms] GC(3091) Survivor regions: 30->30(98)
[2023-12-20T08:55:42.724-0800][55893169ms] GC(3091) Old regions: 184->184
[2023-12-20T08:55:42.724-0800][55893169ms] GC(3091) Humongous regions: 5->5
[2023-12-20T08:55:42.724-0800][55893169ms] GC(3091) Metaspace: 256512K->256512K(1294336K)
[2023-12-20T08:55:42.724-0800][55893169ms] GC(3091) Pause Young (Normal) (G1 Evacuation Pause) 1942M->436M(2612M) 29.258ms
[2023-12-20T08:55:42.724-0800][55893169ms] GC(3091) User=0.11s Sys=0.00s Real=0.03s
[2023-12-20T08:55:43.430-0800][55893875ms] GC(3092) Pause Young (Normal) (G1 Evacuation Pause)
[2023-12-20T08:55:43.430-0800][55893875ms] GC(3092) Using 10 workers of 10 for evacuation
[2023-12-20T08:55:43.459-0800][55893904ms] GC(3092)   Pre Evacuate Collection Set: 0.0ms
[2023-12-20T08:55:43.459-0800][55893904ms] GC(3092)   Evacuate Collection Set: 26.3ms
[2023-12-20T08:55:43.459-0800][55893904ms] GC(3092)   Post Evacuate Collection Set: 2.4ms
[2023-12-20T08:55:43.459-0800][55893904ms] GC(3092)   Other: 0.4ms
[2023-12-20T08:55:43.459-0800][55893904ms] GC(3092) Eden regions: 753->0(753)
[2023-12-20T08:55:43.459-0800][55893904ms] GC(3092) Survivor regions: 30->30(98)
[2023-12-20T08:55:43.459-0800][55893904ms] GC(3092) Old regions: 184->184
[2023-12-20T08:55:43.459-0800][55893904ms] GC(3092) Humongous regions: 5->5
[2023-12-20T08:55:43.459-0800][55893904ms] GC(3092) Metaspace: 256512K->256512K(1294336K)
[2023-12-20T08:55:43.459-0800][55893904ms] GC(3092) Pause Young (Normal) (G1 Evacuation Pause) 1942M->436M(2612M) 29.308ms
[2023-12-20T08:55:43.459-0800][55893904ms] GC(3092) User=0.08s Sys=0.00s Real=0.03s
[2023-12-20T08:55:44.131-0800][55894576ms] GC(3093) Pause Young (Normal) (G1 Evacuation Pause)
[2023-12-20T08:55:44.131-0800][55894576ms] GC(3093) Using 10 workers of 10 for evacuation
[2023-12-20T08:55:44.157-0800][55894602ms] GC(3093)   Pre Evacuate Collection Set: 0.0ms
[2023-12-20T08:55:44.157-0800][55894602ms] GC(3093)   Evacuate Collection Set: 24.4ms
[2023-12-20T08:55:44.157-0800][55894602ms] GC(3093)   Post Evacuate Collection Set: 2.3ms
[2023-12-20T08:55:44.157-0800][55894602ms] GC(3093)   Other: 0.4ms
[2023-12-20T08:55:44.157-0800][55894602ms] GC(3093) Eden regions: 753->0(753)
[2023-12-20T08:55:44.157-0800][55894602ms] GC(3093) Survivor regions: 30->30(98)
[2023-12-20T08:55:44.157-0800][55894602ms] GC(3093) Old regions: 184->184
[2023-12-20T08:55:44.157-0800][55894602ms] GC(3093) Humongous regions: 5->5
[2023-12-20T08:55:44.157-0800][55894602ms] GC(3093) Metaspace: 256512K->256512K(1294336K)
[2023-12-20T08:55:44.157-0800][55894602ms] GC(3093) Pause Young (Normal) (G1 Evacuation Pause) 1942M->437M(2612M) 27.247ms
[2023-12-20T08:55:44.157-0800][55894602ms] GC(3093) User=0.19s Sys=0.00s Real=0.03s
[2023-12-20T08:55:44.778-0800][55895223ms] GC(3094) Pause Young (Normal) (G1 Evacuation Pause)
[2023-12-20T08:55:44.778-0800][55895223ms] GC(3094) Using 10 workers of 10 for evacuation
[2023-12-20T08:55:44.808-0800][55895253ms] GC(3094)   Pre Evacuate Collection Set: 0.1ms
[2023-12-20T08:55:44.808-0800][55895253ms] GC(3094)   Evacuate Collection Set: 27.7ms
[2023-12-20T08:55:44.808-0800][55895253ms] GC(3094)   Post Evacuate Collection Set: 2.8ms
[2023-12-20T08:55:44.809-0800][55895254ms] GC(3094)   Other: 0.4ms
[2023-12-20T08:55:44.809-0800][55895254ms] GC(3094) Eden regions: 753->0(753)
[2023-12-20T08:55:44.809-0800][55895254ms] GC(3094) Survivor regions: 30->30(98)
[2023-12-20T08:55:44.809-0800][55895254ms] GC(3094) Old regions: 184->184
[2023-12-20T08:55:44.809-0800][55895254ms] GC(3094) Humongous regions: 5->5
[2023-12-20T08:55:44.809-0800][55895254ms] GC(3094) Metaspace: 256512K->256512K(1294336K)
[2023-12-20T08:55:44.809-0800][55895254ms] GC(3094) Pause Young (Normal) (G1 Evacuation Pause) 1943M->437M(2612M) 31.031ms
[2023-12-20T08:55:44.809-0800][55895254ms] GC(3094) User=0.17s Sys=0.00s Real=0.03s
[2023-12-20T08:55:45.670-0800][55896115ms] GC(3095) Pause Young (Normal) (G1 Evacuation Pause)
[2023-12-20T08:55:45.670-0800][55896115ms] GC(3095) Using 10 workers of 10 for evacuation
[2023-12-20T08:55:45.701-0800][55896146ms] GC(3095)   Pre Evacuate Collection Set: 0.0ms
[2023-12-20T08:55:45.701-0800][55896146ms] GC(3095)   Evacuate Collection Set: 27.9ms
[2023-12-20T08:55:45.701-0800][55896146ms] GC(3095)   Post Evacuate Collection Set: 2.8ms
[2023-12-20T08:55:45.701-0800][55896146ms] GC(3095)   Other: 0.4ms
[2023-12-20T08:55:45.701-0800][55896146ms] GC(3095) Eden regions: 753->0(753)
[2023-12-20T08:55:45.701-0800][55896146ms] GC(3095) Survivor regions: 30->30(98)
[2023-12-20T08:55:45.701-0800][55896146ms] GC(3095) Old regions: 184->184
[2023-12-20T08:55:45.701-0800][55896146ms] GC(3095) Humongous regions: 5->5
[2023-12-20T08:55:45.701-0800][55896146ms] GC(3095) Metaspace: 256512K->256512K(1294336K)
[2023-12-20T08:55:45.701-0800][55896146ms] GC(3095) Pause Young (Normal) (G1 Evacuation Pause) 1943M->437M(2612M) 31.229ms
[2023-12-20T08:55:45.701-0800][55896146ms] GC(3095) User=0.13s Sys=0.00s Real=0.03s
[2023-12-20T08:55:46.213-0800][55896658ms] GC(3096) Pause Young (Normal) (G1 Evacuation Pause)
[2023-12-20T08:55:46.213-0800][55896658ms] GC(3096) Using 10 workers of 10 for evacuation
[2023-12-20T08:55:46.242-0800][55896687ms] GC(3096)   Pre Evacuate Collection Set: 0.0ms
[2023-12-20T08:55:46.242-0800][55896687ms] GC(3096)   Evacuate Collection Set: 25.3ms
[2023-12-20T08:55:46.242-0800][55896687ms] GC(3096)   Post Evacuate Collection Set: 2.5ms
[2023-12-20T08:55:46.242-0800][55896687ms] GC(3096)   Other: 0.4ms
[2023-12-20T08:55:46.242-0800][55896687ms] GC(3096) Eden regions: 753->0(753)
[2023-12-20T08:55:46.242-0800][55896687ms] GC(3096) Survivor regions: 30->30(98)
[2023-12-20T08:55:46.242-0800][55896687ms] GC(3096) Old regions: 184->184
[2023-12-20T08:55:46.242-0800][55896687ms] GC(3096) Humongous regions: 5->5
[2023-12-20T08:55:46.242-0800][55896687ms] GC(3096) Metaspace: 256512K->256512K(1294336K)
[2023-12-20T08:55:46.242-0800][55896687ms] GC(3096) Pause Young (Normal) (G1 Evacuation Pause) 1943M->437M(2612M) 28.363ms
[2023-12-20T08:55:46.242-0800][55896687ms] GC(3096) User=0.06s Sys=0.00s Real=0.03s
[2023-12-20T08:55:46.952-0800][55897397ms] GC(3097) Pause Young (Normal) (G1 Evacuation Pause)
[2023-12-20T08:55:46.952-0800][55897397ms] GC(3097) Using 10 workers of 10 for evacuation
[2023-12-20T08:55:46.980-0800][55897425ms] GC(3097)   Pre Evacuate Collection Set: 0.0ms
[2023-12-20T08:55:46.980-0800][55897425ms] GC(3097)   Evacuate Collection Set: 26.3ms
[2023-12-20T08:55:46.980-0800][55897425ms] GC(3097)   Post Evacuate Collection Set: 2.3ms
[2023-12-20T08:55:46.980-0800][55897425ms] GC(3097)   Other: 0.4ms
[2023-12-20T08:55:46.980-0800][55897425ms] GC(3097) Eden regions: 753->0(753)
[2023-12-20T08:55:46.980-0800][55897425ms] GC(3097) Survivor regions: 30->30(98)
[2023-12-20T08:55:46.980-0800][55897425ms] GC(3097) Old regions: 184->184
[2023-12-20T08:55:46.980-0800][55897425ms] GC(3097) Humongous regions: 5->5
[2023-12-20T08:55:46.980-0800][55897425ms] GC(3097) Metaspace: 256512K->256512K(1294336K)
[2023-12-20T08:55:46.980-0800][55897425ms] GC(3097) Pause Young (Normal) (G1 Evacuation Pause) 1943M->437M(2612M) 29.234ms
[2023-12-20T08:55:46.980-0800][55897425ms] GC(3097) User=0.11s Sys=0.00s Real=0.03s
[2023-12-20T08:55:47.487-0800][55897932ms] GC(3098) Pause Young (Normal) (G1 Evacuation Pause)
[2023-12-20T08:55:47.487-0800][55897932ms] GC(3098) Using 10 workers of 10 for evacuation
[2023-12-20T08:55:47.514-0800][55897959ms] GC(3098)   Pre Evacuate Collection Set: 0.1ms
[2023-12-20T08:55:47.514-0800][55897959ms] GC(3098)   Evacuate Collection Set: 24.0ms
[2023-12-20T08:55:47.514-0800][55897959ms] GC(3098)   Post Evacuate Collection Set: 2.4ms
[2023-12-20T08:55:47.514-0800][55897959ms] GC(3098)   Other: 0.3ms
[2023-12-20T08:55:47.514-0800][55897959ms] GC(3098) Eden regions: 753->0(752)
[2023-12-20T08:55:47.514-0800][55897959ms] GC(3098) Survivor regions: 30->31(98)
[2023-12-20T08:55:47.514-0800][55897959ms] GC(3098) Old regions: 184->184
[2023-12-20T08:55:47.514-0800][55897959ms] GC(3098) Humongous regions: 5->5
[2023-12-20T08:55:47.514-0800][55897959ms] GC(3098) Metaspace: 256512K->256512K(1294336K)
[2023-12-20T08:55:47.514-0800][55897959ms] GC(3098) Pause Young (Normal) (G1 Evacuation Pause) 1943M->438M(2612M) 26.914ms
[2023-12-20T08:55:47.514-0800][55897959ms] GC(3098) User=0.06s Sys=0.00s Real=0.03s
[2023-12-20T08:55:48.126-0800][55898571ms] GC(3099) Pause Young (Normal) (G1 Evacuation Pause)
[2023-12-20T08:55:48.126-0800][55898571ms] GC(3099) Using 10 workers of 10 for evacuation
[2023-12-20T08:55:48.154-0800][55898599ms] GC(3099)   Pre Evacuate Collection Set: 0.0ms
[2023-12-20T08:55:48.154-0800][55898599ms] GC(3099)   Evacuate Collection Set: 25.3ms
[2023-12-20T08:55:48.154-0800][55898599ms] GC(3099)   Post Evacuate Collection Set: 2.3ms
[2023-12-20T08:55:48.154-0800][55898599ms] GC(3099)   Other: 0.4ms
[2023-12-20T08:55:48.154-0800][55898599ms] GC(3099) Eden regions: 752->0(753)
[2023-12-20T08:55:48.154-0800][55898599ms] GC(3099) Survivor regions: 31->30(98)
[2023-12-20T08:55:48.154-0800][55898599ms] GC(3099) Old regions: 184->184
[2023-12-20T08:55:48.154-0800][55898599ms] GC(3099) Humongous regions: 5->5
[2023-12-20T08:55:48.154-0800][55898599ms] GC(3099) Metaspace: 256512K->256512K(1294336K)
[2023-12-20T08:55:48.154-0800][55898599ms] GC(3099) Pause Young (Normal) (G1 Evacuation Pause) 1942M->437M(2612M) 28.159ms
[2023-12-20T08:55:48.154-0800][55898599ms] GC(3099) User=0.09s Sys=0.00s Real=0.03s
[2023-12-20T08:55:49.322-0800][55899767ms] GC(3100) Pause Young (Normal) (GCLocker Initiated GC)
[2023-12-20T08:55:49.322-0800][55899767ms] GC(3100) Using 10 workers of 10 for evacuation
[2023-12-20T08:55:49.358-0800][55899803ms] GC(3100)   Pre Evacuate Collection Set: 0.0ms
[2023-12-20T08:55:49.358-0800][55899803ms] GC(3100)   Evacuate Collection Set: 32.5ms
[2023-12-20T08:55:49.358-0800][55899803ms] GC(3100)   Post Evacuate Collection Set: 3.4ms
[2023-12-20T08:55:49.358-0800][55899803ms] GC(3100)   Other: 0.4ms
[2023-12-20T08:55:49.358-0800][55899803ms] GC(3100) Eden regions: 754->0(753)
[2023-12-20T08:55:49.358-0800][55899803ms] GC(3100) Survivor regions: 30->30(98)
[2023-12-20T08:55:49.358-0800][55899803ms] GC(3100) Old regions: 184->184
[2023-12-20T08:55:49.358-0800][55899803ms] GC(3100) Humongous regions: 5->5
[2023-12-20T08:55:49.359-0800][55899804ms] GC(3100) Metaspace: 256512K->256512K(1294336K)
[2023-12-20T08:55:49.359-0800][55899804ms] GC(3100) Pause Young (Normal) (GCLocker Initiated GC) 1944M->436M(2612M) 36.461ms
[2023-12-20T08:55:49.359-0800][55899804ms] GC(3100) User=0.14s Sys=0.00s Real=0.04s
[2023-12-20T08:55:50.111-0800][55900556ms] GC(3101) Pause Young (Normal) (GCLocker Initiated GC)
[2023-12-20T08:55:50.111-0800][55900556ms] GC(3101) Using 10 workers of 10 for evacuation
[2023-12-20T08:55:50.139-0800][55900584ms] GC(3101)   Pre Evacuate Collection Set: 0.0ms
[2023-12-20T08:55:50.139-0800][55900584ms] GC(3101)   Evacuate Collection Set: 25.6ms
[2023-12-20T08:55:50.139-0800][55900584ms] GC(3101)   Post Evacuate Collection Set: 3.0ms
[2023-12-20T08:55:50.139-0800][55900584ms] GC(3101)   Other: 0.4ms
[2023-12-20T08:55:50.139-0800][55900584ms] GC(3101) Eden regions: 754->0(753)
[2023-12-20T08:55:50.139-0800][55900584ms] GC(3101) Survivor regions: 30->30(98)
[2023-12-20T08:55:50.139-0800][55900584ms] GC(3101) Old regions: 184->184
[2023-12-20T08:55:50.139-0800][55900584ms] GC(3101) Humongous regions: 5->5
[2023-12-20T08:55:50.139-0800][55900584ms] GC(3101) Metaspace: 256512K->256512K(1294336K)
[2023-12-20T08:55:50.139-0800][55900584ms] GC(3101) Pause Young (Normal) (GCLocker Initiated GC) 1944M->437M(2612M) 29.159ms
[2023-12-20T08:55:50.139-0800][55900584ms] GC(3101) User=0.16s Sys=0.00s Real=0.03s
[2023-12-20T08:55:51.063-0800][55901508ms] GC(3102) Pause Young (Normal) (GCLocker Initiated GC)
[2023-12-20T08:55:51.063-0800][55901508ms] GC(3102) Using 10 workers of 10 for evacuation
[2023-12-20T08:55:51.092-0800][55901537ms] GC(3102)   Pre Evacuate Collection Set: 0.1ms
[2023-12-20T08:55:51.093-0800][55901538ms] GC(3102)   Evacuate Collection Set: 27.4ms
[2023-12-20T08:55:51.093-0800][55901538ms] GC(3102)   Post Evacuate Collection Set: 2.6ms
[2023-12-20T08:55:51.093-0800][55901538ms] GC(3102)   Other: 0.4ms
[2023-12-20T08:55:51.093-0800][55901538ms] GC(3102) Eden regions: 754->0(753)
[2023-12-20T08:55:51.093-0800][55901538ms] GC(3102) Survivor regions: 30->30(98)
[2023-12-20T08:55:51.093-0800][55901538ms] GC(3102) Old regions: 184->184
[2023-12-20T08:55:51.093-0800][55901538ms] GC(3102) Humongous regions: 5->5
[2023-12-20T08:55:51.093-0800][55901538ms] GC(3102) Metaspace: 256513K->256513K(1294336K)
[2023-12-20T08:55:51.093-0800][55901538ms] GC(3102) Pause Young (Normal) (GCLocker Initiated GC) 1944M->437M(2612M) 30.548ms
[2023-12-20T08:55:51.093-0800][55901538ms] GC(3102) User=0.16s Sys=0.00s Real=0.03s
[2023-12-20T08:55:52.167-0800][55902612ms] GC(3103) Pause Young (Normal) (G1 Evacuation Pause)
[2023-12-20T08:55:52.167-0800][55902612ms] GC(3103) Using 10 workers of 10 for evacuation
[2023-12-20T08:55:52.198-0800][55902643ms] GC(3103)   Pre Evacuate Collection Set: 0.0ms
[2023-12-20T08:55:52.198-0800][55902643ms] GC(3103)   Evacuate Collection Set: 28.9ms
[2023-12-20T08:55:52.198-0800][55902643ms] GC(3103)   Post Evacuate Collection Set: 2.5ms
[2023-12-20T08:55:52.198-0800][55902643ms] GC(3103)   Other: 0.4ms
[2023-12-20T08:55:52.198-0800][55902643ms] GC(3103) Eden regions: 753->0(753)
[2023-12-20T08:55:52.198-0800][55902643ms] GC(3103) Survivor regions: 30->30(98)
[2023-12-20T08:55:52.198-0800][55902643ms] GC(3103) Old regions: 184->184
[2023-12-20T08:55:52.198-0800][55902643ms] GC(3103) Humongous regions: 5->5
[2023-12-20T08:55:52.198-0800][55902643ms] GC(3103) Metaspace: 256513K->256513K(1294336K)
[2023-12-20T08:55:52.198-0800][55902643ms] GC(3103) Pause Young (Normal) (G1 Evacuation Pause) 1943M->437M(2612M) 31.965ms
[2023-12-20T08:55:52.198-0800][55902643ms] GC(3103) User=0.13s Sys=0.00s Real=0.03s
[2023-12-20T08:55:53.111-0800][55903556ms] GC(3104) Pause Young (Normal) (G1 Evacuation Pause)
[2023-12-20T08:55:53.111-0800][55903556ms] GC(3104) Using 10 workers of 10 for evacuation
[2023-12-20T08:55:53.142-0800][55903588ms] GC(3104)   Pre Evacuate Collection Set: 0.0ms
[2023-12-20T08:55:53.143-0800][55903588ms] GC(3104)   Evacuate Collection Set: 28.3ms
[2023-12-20T08:55:53.143-0800][55903588ms] GC(3104)   Post Evacuate Collection Set: 2.6ms
[2023-12-20T08:55:53.143-0800][55903588ms] GC(3104)   Other: 0.4ms
[2023-12-20T08:55:53.143-0800][55903588ms] GC(3104) Eden regions: 753->0(753)
[2023-12-20T08:55:53.143-0800][55903588ms] GC(3104) Survivor regions: 30->30(98)
[2023-12-20T08:55:53.143-0800][55903588ms] GC(3104) Old regions: 184->184
[2023-12-20T08:55:53.143-0800][55903588ms] GC(3104) Humongous regions: 5->5
[2023-12-20T08:55:53.143-0800][55903588ms] GC(3104) Metaspace: 256513K->256513K(1294336K)
[2023-12-20T08:55:53.143-0800][55903588ms] GC(3104) Pause Young (Normal) (G1 Evacuation Pause) 1943M->437M(2612M) 31.561ms
[2023-12-20T08:55:53.143-0800][55903588ms] GC(3104) User=0.17s Sys=0.00s Real=0.03s
[2023-12-20T08:55:54.058-0800][55904503ms] GC(3105) Pause Young (Normal) (G1 Evacuation Pause)
[2023-12-20T08:55:54.058-0800][55904503ms] GC(3105) Using 10 workers of 10 for evacuation
[2023-12-20T08:55:54.088-0800][55904533ms] GC(3105)   Pre Evacuate Collection Set: 0.0ms
[2023-12-20T08:55:54.088-0800][55904533ms] GC(3105)   Evacuate Collection Set: 27.8ms
[2023-12-20T08:55:54.088-0800][55904533ms] GC(3105)   Post Evacuate Collection Set: 2.6ms
[2023-12-20T08:55:54.088-0800][55904533ms] GC(3105)   Other: 0.4ms
[2023-12-20T08:55:54.088-0800][55904533ms] GC(3105) Eden regions: 753->0(753)
[2023-12-20T08:55:54.088-0800][55904533ms] GC(3105) Survivor regions: 30->30(98)
[2023-12-20T08:55:54.088-0800][55904533ms] GC(3105) Old regions: 184->184
[2023-12-20T08:55:54.088-0800][55904533ms] GC(3105) Humongous regions: 5->5
[2023-12-20T08:55:54.088-0800][55904533ms] GC(3105) Metaspace: 256513K->256513K(1294336K)
[2023-12-20T08:55:54.088-0800][55904533ms] GC(3105) Pause Young (Normal) (G1 Evacuation Pause) 1943M->437M(2612M) 30.942ms
[2023-12-20T08:55:54.088-0800][55904533ms] GC(3105) User=0.14s Sys=0.00s Real=0.03s
[2023-12-20T08:55:54.879-0800][55905324ms] GC(3106) Pause Young (Normal) (G1 Evacuation Pause)
[2023-12-20T08:55:54.879-0800][55905324ms] GC(3106) Using 10 workers of 10 for evacuation
[2023-12-20T08:55:54.910-0800][55905355ms] GC(3106)   Pre Evacuate Collection Set: 0.1ms
[2023-12-20T08:55:54.910-0800][55905355ms] GC(3106)   Evacuate Collection Set: 27.9ms
[2023-12-20T08:55:54.910-0800][55905355ms] GC(3106)   Post Evacuate Collection Set: 2.4ms
[2023-12-20T08:55:54.910-0800][55905355ms] GC(3106)   Other: 0.4ms
[2023-12-20T08:55:54.910-0800][55905355ms] GC(3106) Eden regions: 753->0(753)
[2023-12-20T08:55:54.910-0800][55905355ms] GC(3106) Survivor regions: 30->30(98)
[2023-12-20T08:55:54.910-0800][55905355ms] GC(3106) Old regions: 184->184
[2023-12-20T08:55:54.910-0800][55905355ms] GC(3106) Humongous regions: 5->5
[2023-12-20T08:55:54.910-0800][55905355ms] GC(3106) Metaspace: 256513K->256513K(1294336K)
[2023-12-20T08:55:54.910-0800][55905355ms] GC(3106) Pause Young (Normal) (G1 Evacuation Pause) 1943M->437M(2612M) 30.884ms
[2023-12-20T08:55:54.910-0800][55905355ms] GC(3106) User=0.11s Sys=0.00s Real=0.03s
[2023-12-20T08:55:55.800-0800][55906245ms] GC(3107) Pause Young (Normal) (G1 Evacuation Pause)
[2023-12-20T08:55:55.800-0800][55906245ms] GC(3107) Using 10 workers of 10 for evacuation
[2023-12-20T08:55:55.831-0800][55906276ms] GC(3107)   Pre Evacuate Collection Set: 0.0ms
[2023-12-20T08:55:55.831-0800][55906276ms] GC(3107)   Evacuate Collection Set: 27.8ms
[2023-12-20T08:55:55.831-0800][55906276ms] GC(3107)   Post Evacuate Collection Set: 3.3ms
[2023-12-20T08:55:55.831-0800][55906276ms] GC(3107)   Other: 0.4ms
[2023-12-20T08:55:55.831-0800][55906276ms] GC(3107) Eden regions: 753->0(753)
[2023-12-20T08:55:55.831-0800][55906276ms] GC(3107) Survivor regions: 30->30(98)
[2023-12-20T08:55:55.831-0800][55906276ms] GC(3107) Old regions: 184->184
[2023-12-20T08:55:55.831-0800][55906276ms] GC(3107) Humongous regions: 5->5
[2023-12-20T08:55:55.831-0800][55906276ms] GC(3107) Metaspace: 256513K->256513K(1294336K)
[2023-12-20T08:55:55.831-0800][55906276ms] GC(3107) Pause Young (Normal) (G1 Evacuation Pause) 1943M->437M(2612M) 31.628ms
[2023-12-20T08:55:55.831-0800][55906276ms] GC(3107) User=0.11s Sys=0.00s Real=0.03s
[2023-12-20T08:55:56.947-0800][55907392ms] GC(3108) Pause Young (Normal) (G1 Evacuation Pause)
[2023-12-20T08:55:56.947-0800][55907392ms] GC(3108) Using 10 workers of 10 for evacuation
[2023-12-20T08:55:56.980-0800][55907425ms] GC(3108)   Pre Evacuate Collection Set: 0.1ms
[2023-12-20T08:55:56.980-0800][55907425ms] GC(3108)   Evacuate Collection Set: 30.3ms
[2023-12-20T08:55:56.980-0800][55907425ms] GC(3108)   Post Evacuate Collection Set: 2.4ms
[2023-12-20T08:55:56.980-0800][55907425ms] GC(3108)   Other: 0.5ms
[2023-12-20T08:55:56.980-0800][55907425ms] GC(3108) Eden regions: 753->0(753)
[2023-12-20T08:55:56.980-0800][55907425ms] GC(3108) Survivor regions: 30->30(98)
[2023-12-20T08:55:56.980-0800][55907425ms] GC(3108) Old regions: 184->184
[2023-12-20T08:55:56.980-0800][55907425ms] GC(3108) Humongous regions: 5->5
[2023-12-20T08:55:56.980-0800][55907425ms] GC(3108) Metaspace: 256513K->256513K(1294336K)
[2023-12-20T08:55:56.980-0800][55907425ms] GC(3108) Pause Young (Normal) (G1 Evacuation Pause) 1943M->436M(2612M) 33.470ms
[2023-12-20T08:55:56.980-0800][55907425ms] GC(3108) User=0.13s Sys=0.00s Real=0.03s
[2023-12-20T08:55:58.086-0800][55908531ms] GC(3109) Pause Young (Normal) (G1 Evacuation Pause)
[2023-12-20T08:55:58.086-0800][55908531ms] GC(3109) Using 10 workers of 10 for evacuation
[2023-12-20T08:55:58.117-0800][55908562ms] GC(3109)   Pre Evacuate Collection Set: 0.0ms
[2023-12-20T08:55:58.117-0800][55908562ms] GC(3109)   Evacuate Collection Set: 28.2ms
[2023-12-20T08:55:58.117-0800][55908562ms] GC(3109)   Post Evacuate Collection Set: 2.3ms
[2023-12-20T08:55:58.117-0800][55908562ms] GC(3109)   Other: 0.4ms
[2023-12-20T08:55:58.117-0800][55908562ms] GC(3109) Eden regions: 753->0(753)
[2023-12-20T08:55:58.117-0800][55908562ms] GC(3109) Survivor regions: 30->30(98)
[2023-12-20T08:55:58.117-0800][55908562ms] GC(3109) Old regions: 184->184
[2023-12-20T08:55:58.117-0800][55908562ms] GC(3109) Humongous regions: 5->5
[2023-12-20T08:55:58.117-0800][55908562ms] GC(3109) Metaspace: 256513K->256513K(1294336K)
[2023-12-20T08:55:58.117-0800][55908562ms] GC(3109) Pause Young (Normal) (G1 Evacuation Pause) 1942M->436M(2612M) 31.037ms
[2023-12-20T08:55:58.117-0800][55908562ms] GC(3109) User=0.16s Sys=0.00s Real=0.03s
[2023-12-20T08:55:59.100-0800][55909545ms] GC(3110) Pause Young (Normal) (G1 Evacuation Pause)
[2023-12-20T08:55:59.100-0800][55909545ms] GC(3110) Using 10 workers of 10 for evacuation
[2023-12-20T08:55:59.133-0800][55909578ms] GC(3110)   Pre Evacuate Collection Set: 0.1ms
[2023-12-20T08:55:59.133-0800][55909578ms] GC(3110)   Evacuate Collection Set: 30.7ms
[2023-12-20T08:55:59.133-0800][55909578ms] GC(3110)   Post Evacuate Collection Set: 2.6ms
[2023-12-20T08:55:59.133-0800][55909578ms] GC(3110)   Other: 0.4ms
[2023-12-20T08:55:59.133-0800][55909578ms] GC(3110) Eden regions: 753->0(752)
[2023-12-20T08:55:59.133-0800][55909578ms] GC(3110) Survivor regions: 30->31(98)
[2023-12-20T08:55:59.133-0800][55909578ms] GC(3110) Old regions: 184->184
[2023-12-20T08:55:59.133-0800][55909578ms] GC(3110) Humongous regions: 5->5
[2023-12-20T08:55:59.133-0800][55909578ms] GC(3110) Metaspace: 256513K->256513K(1294336K)
[2023-12-20T08:55:59.133-0800][55909578ms] GC(3110) Pause Young (Normal) (G1 Evacuation Pause) 1942M->438M(2612M) 33.893ms
[2023-12-20T08:55:59.133-0800][55909578ms] GC(3110) User=0.13s Sys=0.00s Real=0.03s
[2023-12-20T08:56:00.091-0800][55910536ms] GC(3111) Pause Young (Normal) (G1 Evacuation Pause)
[2023-12-20T08:56:00.091-0800][55910536ms] GC(3111) Using 10 workers of 10 for evacuation
[2023-12-20T08:56:00.139-0800][55910584ms] GC(3111)   Pre Evacuate Collection Set: 0.1ms
[2023-12-20T08:56:00.139-0800][55910584ms] GC(3111)   Evacuate Collection Set: 43.4ms
[2023-12-20T08:56:00.139-0800][55910584ms] GC(3111)   Post Evacuate Collection Set: 4.7ms
[2023-12-20T08:56:00.139-0800][55910584ms] GC(3111)   Other: 0.5ms
[2023-12-20T08:56:00.139-0800][55910584ms] GC(3111) Eden regions: 752->0(752)
[2023-12-20T08:56:00.139-0800][55910584ms] GC(3111) Survivor regions: 31->31(98)
[2023-12-20T08:56:00.139-0800][55910584ms] GC(3111) Old regions: 184->184
[2023-12-20T08:56:00.139-0800][55910584ms] GC(3111) Humongous regions: 5->5
[2023-12-20T08:56:00.139-0800][55910584ms] GC(3111) Metaspace: 256513K->256513K(1294336K)
[2023-12-20T08:56:00.139-0800][55910584ms] GC(3111) Pause Young (Normal) (G1 Evacuation Pause) 1942M->438M(2612M) 49.034ms
[2023-12-20T08:56:00.139-0800][55910584ms] GC(3111) User=0.08s Sys=0.00s Real=0.05s
[2023-12-20T08:56:01.086-0800][55911531ms] GC(3112) Pause Young (Normal) (G1 Evacuation Pause)
[2023-12-20T08:56:01.086-0800][55911531ms] GC(3112) Using 10 workers of 10 for evacuation
[2023-12-20T08:56:01.116-0800][55911561ms] GC(3112)   Pre Evacuate Collection Set: 0.0ms
[2023-12-20T08:56:01.116-0800][55911561ms] GC(3112)   Evacuate Collection Set: 27.7ms
[2023-12-20T08:56:01.116-0800][55911561ms] GC(3112)   Post Evacuate Collection Set: 2.5ms
[2023-12-20T08:56:01.116-0800][55911561ms] GC(3112)   Other: 0.4ms
[2023-12-20T08:56:01.116-0800][55911561ms] GC(3112) Eden regions: 752->0(753)
[2023-12-20T08:56:01.116-0800][55911561ms] GC(3112) Survivor regions: 31->30(98)
[2023-12-20T08:56:01.116-0800][55911561ms] GC(3112) Old regions: 184->184
[2023-12-20T08:56:01.116-0800][55911561ms] GC(3112) Humongous regions: 5->5
[2023-12-20T08:56:01.116-0800][55911561ms] GC(3112) Metaspace: 256513K->256513K(1294336K)
[2023-12-20T08:56:01.116-0800][55911561ms] GC(3112) Pause Young (Normal) (G1 Evacuation Pause) 1942M->437M(2612M) 30.670ms
[2023-12-20T08:56:01.116-0800][55911561ms] GC(3112) User=0.14s Sys=0.00s Real=0.03s
[2023-12-20T08:56:01.963-0800][55912408ms] GC(3113) Pause Young (Normal) (G1 Evacuation Pause)
[2023-12-20T08:56:01.963-0800][55912408ms] GC(3113) Using 10 workers of 10 for evacuation
[2023-12-20T08:56:01.994-0800][55912439ms] GC(3113)   Pre Evacuate Collection Set: 0.1ms
[2023-12-20T08:56:01.994-0800][55912439ms] GC(3113)   Evacuate Collection Set: 27.1ms
[2023-12-20T08:56:01.994-0800][55912439ms] GC(3113)   Post Evacuate Collection Set: 2.8ms
[2023-12-20T08:56:01.994-0800][55912439ms] GC(3113)   Other: 0.5ms
[2023-12-20T08:56:01.994-0800][55912439ms] GC(3113) Eden regions: 753->0(753)
[2023-12-20T08:56:01.994-0800][55912439ms] GC(3113) Survivor regions: 30->30(98)
[2023-12-20T08:56:01.994-0800][55912439ms] GC(3113) Old regions: 184->184
[2023-12-20T08:56:01.994-0800][55912439ms] GC(3113) Humongous regions: 5->5
[2023-12-20T08:56:01.994-0800][55912439ms] GC(3113) Metaspace: 256513K->256513K(1294336K)
[2023-12-20T08:56:01.994-0800][55912439ms] GC(3113) Pause Young (Normal) (G1 Evacuation Pause) 1943M->437M(2612M) 30.604ms
[2023-12-20T08:56:01.994-0800][55912439ms] GC(3113) User=0.13s Sys=0.00s Real=0.03s
[2023-12-20T08:56:02.923-0800][55913368ms] GC(3114) Pause Young (Normal) (G1 Evacuation Pause)
[2023-12-20T08:56:02.923-0800][55913368ms] GC(3114) Using 10 workers of 10 for evacuation
[2023-12-20T08:56:02.955-0800][55913400ms] GC(3114)   Pre Evacuate Collection Set: 0.0ms
[2023-12-20T08:56:02.955-0800][55913400ms] GC(3114)   Evacuate Collection Set: 27.8ms
[2023-12-20T08:56:02.955-0800][55913400ms] GC(3114)   Post Evacuate Collection Set: 2.4ms
[2023-12-20T08:56:02.955-0800][55913400ms] GC(3114)   Other: 0.4ms
[2023-12-20T08:56:02.955-0800][55913400ms] GC(3114) Eden regions: 753->0(754)
[2023-12-20T08:56:02.955-0800][55913400ms] GC(3114) Survivor regions: 30->29(98)
[2023-12-20T08:56:02.955-0800][55913400ms] GC(3114) Old regions: 184->184
[2023-12-20T08:56:02.955-0800][55913400ms] GC(3114) Humongous regions: 5->5
[2023-12-20T08:56:02.955-0800][55913400ms] GC(3114) Metaspace: 256513K->256513K(1294336K)
[2023-12-20T08:56:02.955-0800][55913400ms] GC(3114) Pause Young (Normal) (G1 Evacuation Pause) 1943M->435M(2612M) 30.730ms
[2023-12-20T08:56:02.955-0800][55913400ms] GC(3114) User=0.13s Sys=0.00s Real=0.03s
[2023-12-20T08:56:03.962-0800][55914407ms] GC(3115) Pause Young (Normal) (G1 Evacuation Pause)
[2023-12-20T08:56:03.962-0800][55914407ms] GC(3115) Using 10 workers of 10 for evacuation
[2023-12-20T08:56:03.997-0800][55914442ms] GC(3115)   Pre Evacuate Collection Set: 0.1ms
[2023-12-20T08:56:03.997-0800][55914442ms] GC(3115)   Evacuate Collection Set: 32.0ms
[2023-12-20T08:56:03.997-0800][55914442ms] GC(3115)   Post Evacuate Collection Set: 2.9ms
[2023-12-20T08:56:03.997-0800][55914442ms] GC(3115)   Other: 0.6ms
[2023-12-20T08:56:03.997-0800][55914442ms] GC(3115) Eden regions: 754->0(754)
[2023-12-20T08:56:03.997-0800][55914442ms] GC(3115) Survivor regions: 29->29(98)
[2023-12-20T08:56:03.997-0800][55914442ms] GC(3115) Old regions: 184->184
[2023-12-20T08:56:03.997-0800][55914442ms] GC(3115) Humongous regions: 5->5
[2023-12-20T08:56:03.997-0800][55914442ms] GC(3115) Metaspace: 256513K->256513K(1294336K)
[2023-12-20T08:56:03.997-0800][55914442ms] GC(3115) Pause Young (Normal) (G1 Evacuation Pause) 1943M->434M(2612M) 35.661ms
[2023-12-20T08:56:03.997-0800][55914442ms] GC(3115) User=0.19s Sys=0.00s Real=0.04s
[2023-12-20T08:56:05.157-0800][55915602ms] GC(3116) Pause Young (Normal) (G1 Evacuation Pause)
[2023-12-20T08:56:05.157-0800][55915602ms] GC(3116) Using 10 workers of 10 for evacuation
[2023-12-20T08:56:05.190-0800][55915635ms] GC(3116)   Pre Evacuate Collection Set: 0.1ms
[2023-12-20T08:56:05.190-0800][55915635ms] GC(3116)   Evacuate Collection Set: 29.6ms
[2023-12-20T08:56:05.190-0800][55915635ms] GC(3116)   Post Evacuate Collection Set: 2.9ms
[2023-12-20T08:56:05.190-0800][55915635ms] GC(3116)   Other: 0.5ms
[2023-12-20T08:56:05.190-0800][55915635ms] GC(3116) Eden regions: 754->0(753)
[2023-12-20T08:56:05.190-0800][55915635ms] GC(3116) Survivor regions: 29->30(98)
[2023-12-20T08:56:05.190-0800][55915635ms] GC(3116) Old regions: 184->184
[2023-12-20T08:56:05.190-0800][55915635ms] GC(3116) Humongous regions: 5->5
[2023-12-20T08:56:05.190-0800][55915635ms] GC(3116) Metaspace: 256513K->256513K(1294336K)
[2023-12-20T08:56:05.190-0800][55915635ms] GC(3116) Pause Young (Normal) (G1 Evacuation Pause) 1942M->436M(2612M) 33.247ms
[2023-12-20T08:56:05.190-0800][55915635ms] GC(3116) User=0.13s Sys=0.00s Real=0.03s
[2023-12-20T08:56:06.383-0800][55916828ms] GC(3117) Pause Young (Normal) (G1 Evacuation Pause)
[2023-12-20T08:56:06.383-0800][55916828ms] GC(3117) Using 10 workers of 10 for evacuation
[2023-12-20T08:56:06.417-0800][55916862ms] GC(3117)   Pre Evacuate Collection Set: 0.0ms
[2023-12-20T08:56:06.417-0800][55916862ms] GC(3117)   Evacuate Collection Set: 29.9ms
[2023-12-20T08:56:06.417-0800][55916862ms] GC(3117)   Post Evacuate Collection Set: 3.4ms
[2023-12-20T08:56:06.417-0800][55916862ms] GC(3117)   Other: 0.4ms
[2023-12-20T08:56:06.417-0800][55916862ms] GC(3117) Eden regions: 753->0(754)
[2023-12-20T08:56:06.417-0800][55916862ms] GC(3117) Survivor regions: 30->29(98)
[2023-12-20T08:56:06.417-0800][55916862ms] GC(3117) Old regions: 184->184
[2023-12-20T08:56:06.417-0800][55916862ms] GC(3117) Humongous regions: 5->5
[2023-12-20T08:56:06.417-0800][55916862ms] GC(3117) Metaspace: 256513K->256513K(1294336K)
[2023-12-20T08:56:06.417-0800][55916862ms] GC(3117) Pause Young (Normal) (G1 Evacuation Pause) 1942M->435M(2612M) 33.808ms
[2023-12-20T08:56:06.417-0800][55916862ms] GC(3117) User=0.14s Sys=0.00s Real=0.03s
[2023-12-20T08:56:07.578-0800][55918023ms] GC(3118) Pause Young (Normal) (G1 Evacuation Pause)
[2023-12-20T08:56:07.578-0800][55918023ms] GC(3118) Using 10 workers of 10 for evacuation
[2023-12-20T08:56:07.610-0800][55918055ms] GC(3118)   Pre Evacuate Collection Set: 0.1ms
[2023-12-20T08:56:07.610-0800][55918055ms] GC(3118)   Evacuate Collection Set: 27.6ms
[2023-12-20T08:56:07.610-0800][55918055ms] GC(3118)   Post Evacuate Collection Set: 3.8ms
[2023-12-20T08:56:07.610-0800][55918055ms] GC(3118)   Other: 0.5ms
[2023-12-20T08:56:07.610-0800][55918055ms] GC(3118) Eden regions: 754->0(753)
[2023-12-20T08:56:07.610-0800][55918055ms] GC(3118) Survivor regions: 29->30(98)
[2023-12-20T08:56:07.610-0800][55918055ms] GC(3118) Old regions: 184->184
[2023-12-20T08:56:07.610-0800][55918055ms] GC(3118) Humongous regions: 5->5
[2023-12-20T08:56:07.610-0800][55918055ms] GC(3118) Metaspace: 256513K->256513K(1294336K)
[2023-12-20T08:56:07.610-0800][55918055ms] GC(3118) Pause Young (Normal) (G1 Evacuation Pause) 1943M->437M(2612M) 32.041ms
[2023-12-20T08:56:07.610-0800][55918055ms] GC(3118) User=0.16s Sys=0.00s Real=0.03s
[2023-12-20T08:56:09.024-0800][55919469ms] GC(3119) Pause Young (Normal) (G1 Evacuation Pause)
[2023-12-20T08:56:09.024-0800][55919469ms] GC(3119) Using 10 workers of 10 for evacuation
[2023-12-20T08:56:09.058-0800][55919503ms] GC(3119)   Pre Evacuate Collection Set: 0.0ms
[2023-12-20T08:56:09.058-0800][55919503ms] GC(3119)   Evacuate Collection Set: 29.9ms
[2023-12-20T08:56:09.058-0800][55919503ms] GC(3119)   Post Evacuate Collection Set: 3.0ms
[2023-12-20T08:56:09.058-0800][55919503ms] GC(3119)   Other: 0.4ms
[2023-12-20T08:56:09.058-0800][55919503ms] GC(3119) Eden regions: 753->0(754)
[2023-12-20T08:56:09.058-0800][55919503ms] GC(3119) Survivor regions: 30->29(98)
[2023-12-20T08:56:09.058-0800][55919503ms] GC(3119) Old regions: 184->184
[2023-12-20T08:56:09.058-0800][55919503ms] GC(3119) Humongous regions: 5->5
[2023-12-20T08:56:09.058-0800][55919503ms] GC(3119) Metaspace: 256513K->256513K(1294336K)
[2023-12-20T08:56:09.058-0800][55919503ms] GC(3119) Pause Young (Normal) (G1 Evacuation Pause) 1943M->435M(2612M) 33.502ms
[2023-12-20T08:56:09.058-0800][55919503ms] GC(3119) User=0.16s Sys=0.00s Real=0.03s
[2023-12-20T08:56:10.127-0800][55920572ms] GC(3120) Pause Young (Normal) (G1 Evacuation Pause)
[2023-12-20T08:56:10.127-0800][55920572ms] GC(3120) Using 10 workers of 10 for evacuation
[2023-12-20T08:56:10.158-0800][55920603ms] GC(3120)   Pre Evacuate Collection Set: 0.1ms
[2023-12-20T08:56:10.158-0800][55920603ms] GC(3120)   Evacuate Collection Set: 27.8ms
[2023-12-20T08:56:10.158-0800][55920603ms] GC(3120)   Post Evacuate Collection Set: 2.5ms
[2023-12-20T08:56:10.158-0800][55920603ms] GC(3120)   Other: 0.5ms
[2023-12-20T08:56:10.158-0800][55920603ms] GC(3120) Eden regions: 754->0(753)
[2023-12-20T08:56:10.158-0800][55920603ms] GC(3120) Survivor regions: 29->30(98)
[2023-12-20T08:56:10.158-0800][55920603ms] GC(3120) Old regions: 184->184
[2023-12-20T08:56:10.158-0800][55920603ms] GC(3120) Humongous regions: 5->5
[2023-12-20T08:56:10.158-0800][55920603ms] GC(3120) Metaspace: 256513K->256513K(1294336K)
[2023-12-20T08:56:10.158-0800][55920603ms] GC(3120) Pause Young (Normal) (G1 Evacuation Pause) 1943M->437M(2612M) 31.015ms
[2023-12-20T08:56:10.158-0800][55920603ms] GC(3120) User=0.14s Sys=0.00s Real=0.03s
[2023-12-20T08:56:11.259-0800][55921704ms] GC(3121) Pause Young (Normal) (G1 Evacuation Pause)
[2023-12-20T08:56:11.259-0800][55921704ms] GC(3121) Using 10 workers of 10 for evacuation
[2023-12-20T08:56:11.290-0800][55921735ms] GC(3121)   Pre Evacuate Collection Set: 0.0ms
[2023-12-20T08:56:11.290-0800][55921735ms] GC(3121)   Evacuate Collection Set: 27.8ms
[2023-12-20T08:56:11.290-0800][55921735ms] GC(3121)   Post Evacuate Collection Set: 2.7ms
[2023-12-20T08:56:11.290-0800][55921735ms] GC(3121)   Other: 0.4ms
[2023-12-20T08:56:11.290-0800][55921735ms] GC(3121) Eden regions: 753->0(753)
[2023-12-20T08:56:11.290-0800][55921735ms] GC(3121) Survivor regions: 30->30(98)
[2023-12-20T08:56:11.290-0800][55921735ms] GC(3121) Old regions: 184->184
[2023-12-20T08:56:11.290-0800][55921735ms] GC(3121) Humongous regions: 5->5
[2023-12-20T08:56:11.290-0800][55921735ms] GC(3121) Metaspace: 256513K->256513K(1294336K)
[2023-12-20T08:56:11.290-0800][55921735ms] GC(3121) Pause Young (Normal) (G1 Evacuation Pause) 1943M->437M(2612M) 31.085ms
[2023-12-20T08:56:11.290-0800][55921735ms] GC(3121) User=0.16s Sys=0.00s Real=0.03s
[2023-12-20T08:56:12.310-0800][55922755ms] GC(3122) Pause Young (Normal) (G1 Evacuation Pause)
[2023-12-20T08:56:12.310-0800][55922755ms] GC(3122) Using 10 workers of 10 for evacuation
[2023-12-20T08:56:12.341-0800][55922786ms] GC(3122)   Pre Evacuate Collection Set: 0.1ms
[2023-12-20T08:56:12.341-0800][55922786ms] GC(3122)   Evacuate Collection Set: 27.9ms
[2023-12-20T08:56:12.341-0800][55922786ms] GC(3122)   Post Evacuate Collection Set: 2.5ms
[2023-12-20T08:56:12.341-0800][55922786ms] GC(3122)   Other: 0.4ms
[2023-12-20T08:56:12.341-0800][55922786ms] GC(3122) Eden regions: 753->0(754)
[2023-12-20T08:56:12.341-0800][55922786ms] GC(3122) Survivor regions: 30->29(98)
[2023-12-20T08:56:12.341-0800][55922786ms] GC(3122) Old regions: 184->184
[2023-12-20T08:56:12.341-0800][55922786ms] GC(3122) Humongous regions: 5->5
[2023-12-20T08:56:12.341-0800][55922786ms] GC(3122) Metaspace: 256513K->256513K(1294336K)
[2023-12-20T08:56:12.341-0800][55922786ms] GC(3122) Pause Young (Normal) (G1 Evacuation Pause) 1943M->435M(2612M) 30.953ms
[2023-12-20T08:56:12.341-0800][55922786ms] GC(3122) User=0.17s Sys=0.00s Real=0.03s
[2023-12-20T08:56:13.267-0800][55923712ms] GC(3123) Pause Young (Normal) (G1 Evacuation Pause)
[2023-12-20T08:56:13.267-0800][55923712ms] GC(3123) Using 10 workers of 10 for evacuation
[2023-12-20T08:56:13.297-0800][55923742ms] GC(3123)   Pre Evacuate Collection Set: 0.1ms
[2023-12-20T08:56:13.297-0800][55923742ms] GC(3123)   Evacuate Collection Set: 26.4ms
[2023-12-20T08:56:13.297-0800][55923742ms] GC(3123)   Post Evacuate Collection Set: 2.7ms
[2023-12-20T08:56:13.297-0800][55923742ms] GC(3123)   Other: 0.4ms
[2023-12-20T08:56:13.297-0800][55923742ms] GC(3123) Eden regions: 754->0(753)
[2023-12-20T08:56:13.297-0800][55923742ms] GC(3123) Survivor regions: 29->30(98)
[2023-12-20T08:56:13.297-0800][55923742ms] GC(3123) Old regions: 184->184
[2023-12-20T08:56:13.297-0800][55923742ms] GC(3123) Humongous regions: 5->5
[2023-12-20T08:56:13.297-0800][55923742ms] GC(3123) Metaspace: 256513K->256513K(1294336K)
[2023-12-20T08:56:13.297-0800][55923742ms] GC(3123) Pause Young (Normal) (G1 Evacuation Pause) 1943M->436M(2612M) 29.713ms
[2023-12-20T08:56:13.297-0800][55923742ms] GC(3123) User=0.17s Sys=0.00s Real=0.03s
[2023-12-20T08:56:14.204-0800][55924649ms] GC(3124) Pause Young (Normal) (G1 Evacuation Pause)
[2023-12-20T08:56:14.204-0800][55924649ms] GC(3124) Using 10 workers of 10 for evacuation
[2023-12-20T08:56:14.234-0800][55924679ms] GC(3124)   Pre Evacuate Collection Set: 0.1ms
[2023-12-20T08:56:14.234-0800][55924679ms] GC(3124)   Evacuate Collection Set: 26.9ms
[2023-12-20T08:56:14.234-0800][55924679ms] GC(3124)   Post Evacuate Collection Set: 3.3ms
[2023-12-20T08:56:14.234-0800][55924679ms] GC(3124)   Other: 0.5ms
[2023-12-20T08:56:14.234-0800][55924679ms] GC(3124) Eden regions: 753->0(753)
[2023-12-20T08:56:14.234-0800][55924679ms] GC(3124) Survivor regions: 30->30(98)
[2023-12-20T08:56:14.234-0800][55924679ms] GC(3124) Old regions: 184->184
[2023-12-20T08:56:14.234-0800][55924679ms] GC(3124) Humongous regions: 5->5
[2023-12-20T08:56:14.234-0800][55924679ms] GC(3124) Metaspace: 256513K->256513K(1294336K)
[2023-12-20T08:56:14.234-0800][55924679ms] GC(3124) Pause Young (Normal) (G1 Evacuation Pause) 1942M->436M(2612M) 30.851ms
[2023-12-20T08:56:14.234-0800][55924679ms] GC(3124) User=0.13s Sys=0.00s Real=0.03s
[2023-12-20T08:56:15.195-0800][55925640ms] GC(3125) Pause Young (Normal) (G1 Evacuation Pause)
[2023-12-20T08:56:15.195-0800][55925640ms] GC(3125) Using 10 workers of 10 for evacuation
[2023-12-20T08:56:15.225-0800][55925670ms] GC(3125)   Pre Evacuate Collection Set: 0.0ms
[2023-12-20T08:56:15.225-0800][55925670ms] GC(3125)   Evacuate Collection Set: 26.6ms
[2023-12-20T08:56:15.225-0800][55925670ms] GC(3125)   Post Evacuate Collection Set: 3.0ms
[2023-12-20T08:56:15.225-0800][55925670ms] GC(3125)   Other: 0.4ms
[2023-12-20T08:56:15.225-0800][55925670ms] GC(3125) Eden regions: 753->0(753)
[2023-12-20T08:56:15.225-0800][55925670ms] GC(3125) Survivor regions: 30->30(98)
[2023-12-20T08:56:15.225-0800][55925670ms] GC(3125) Old regions: 184->184
[2023-12-20T08:56:15.225-0800][55925670ms] GC(3125) Humongous regions: 5->5
[2023-12-20T08:56:15.225-0800][55925670ms] GC(3125) Metaspace: 256513K->256513K(1294336K)
[2023-12-20T08:56:15.225-0800][55925670ms] GC(3125) Pause Young (Normal) (G1 Evacuation Pause) 1942M->437M(2612M) 30.109ms
[2023-12-20T08:56:15.226-0800][55925671ms] GC(3125) User=0.11s Sys=0.00s Real=0.03s
[2023-12-20T08:56:16.284-0800][55926729ms] GC(3126) Pause Young (Normal) (G1 Evacuation Pause)
[2023-12-20T08:56:16.284-0800][55926729ms] GC(3126) Using 10 workers of 10 for evacuation
[2023-12-20T08:56:16.315-0800][55926760ms] GC(3126)   Pre Evacuate Collection Set: 0.0ms
[2023-12-20T08:56:16.315-0800][55926760ms] GC(3126)   Evacuate Collection Set: 27.5ms
[2023-12-20T08:56:16.315-0800][55926760ms] GC(3126)   Post Evacuate Collection Set: 3.1ms
[2023-12-20T08:56:16.315-0800][55926760ms] GC(3126)   Other: 0.4ms
[2023-12-20T08:56:16.315-0800][55926760ms] GC(3126) Eden regions: 753->0(754)
[2023-12-20T08:56:16.315-0800][55926760ms] GC(3126) Survivor regions: 30->29(98)
[2023-12-20T08:56:16.315-0800][55926760ms] GC(3126) Old regions: 184->184
[2023-12-20T08:56:16.315-0800][55926760ms] GC(3126) Humongous regions: 5->5
[2023-12-20T08:56:16.315-0800][55926760ms] GC(3126) Metaspace: 256513K->256513K(1294336K)
[2023-12-20T08:56:16.315-0800][55926760ms] GC(3126) Pause Young (Normal) (G1 Evacuation Pause) 1943M->435M(2612M) 31.316ms
[2023-12-20T08:56:16.315-0800][55926760ms] GC(3126) User=0.13s Sys=0.00s Real=0.03s
[2023-12-20T08:56:17.239-0800][55927684ms] GC(3127) Pause Young (Normal) (G1 Evacuation Pause)
[2023-12-20T08:56:17.239-0800][55927684ms] GC(3127) Using 10 workers of 10 for evacuation
[2023-12-20T08:56:17.268-0800][55927713ms] GC(3127)   Pre Evacuate Collection Set: 0.0ms
[2023-12-20T08:56:17.268-0800][55927713ms] GC(3127)   Evacuate Collection Set: 25.8ms
[2023-12-20T08:56:17.268-0800][55927713ms] GC(3127)   Post Evacuate Collection Set: 2.6ms
[2023-12-20T08:56:17.268-0800][55927713ms] GC(3127)   Other: 0.4ms
[2023-12-20T08:56:17.268-0800][55927713ms] GC(3127) Eden regions: 754->0(753)
[2023-12-20T08:56:17.268-0800][55927713ms] GC(3127) Survivor regions: 29->30(98)
[2023-12-20T08:56:17.268-0800][55927713ms] GC(3127) Old regions: 184->184
[2023-12-20T08:56:17.268-0800][55927713ms] GC(3127) Humongous regions: 5->5
[2023-12-20T08:56:17.268-0800][55927713ms] GC(3127) Metaspace: 256513K->256513K(1294336K)
[2023-12-20T08:56:17.268-0800][55927713ms] GC(3127) Pause Young (Normal) (G1 Evacuation Pause) 1943M->436M(2612M) 28.963ms
[2023-12-20T08:56:17.268-0800][55927713ms] GC(3127) User=0.22s Sys=0.00s Real=0.03s
[2023-12-20T08:56:18.190-0800][55928635ms] GC(3128) Pause Young (Normal) (G1 Evacuation Pause)
[2023-12-20T08:56:18.190-0800][55928635ms] GC(3128) Using 10 workers of 10 for evacuation
[2023-12-20T08:56:18.219-0800][55928664ms] GC(3128)   Pre Evacuate Collection Set: 0.1ms
[2023-12-20T08:56:18.219-0800][55928664ms] GC(3128)   Evacuate Collection Set: 25.8ms
[2023-12-20T08:56:18.219-0800][55928664ms] GC(3128)   Post Evacuate Collection Set: 2.8ms
[2023-12-20T08:56:18.219-0800][55928664ms] GC(3128)   Other: 0.4ms
[2023-12-20T08:56:18.219-0800][55928664ms] GC(3128) Eden regions: 753->0(753)
[2023-12-20T08:56:18.219-0800][55928664ms] GC(3128) Survivor regions: 30->30(98)
[2023-12-20T08:56:18.219-0800][55928664ms] GC(3128) Old regions: 184->184
[2023-12-20T08:56:18.219-0800][55928664ms] GC(3128) Humongous regions: 5->5
[2023-12-20T08:56:18.219-0800][55928664ms] GC(3128) Metaspace: 256513K->256513K(1294336K)
[2023-12-20T08:56:18.219-0800][55928664ms] GC(3128) Pause Young (Normal) (G1 Evacuation Pause) 1942M->437M(2612M) 29.241ms
[2023-12-20T08:56:18.219-0800][55928664ms] GC(3128) User=0.08s Sys=0.00s Real=0.03s
[2023-12-20T08:56:19.222-0800][55929667ms] GC(3129) Pause Young (Normal) (G1 Evacuation Pause)
[2023-12-20T08:56:19.222-0800][55929667ms] GC(3129) Using 10 workers of 10 for evacuation
[2023-12-20T08:56:19.251-0800][55929696ms] GC(3129)   Pre Evacuate Collection Set: 0.1ms
[2023-12-20T08:56:19.252-0800][55929697ms] GC(3129)   Evacuate Collection Set: 26.4ms
[2023-12-20T08:56:19.252-0800][55929697ms] GC(3129)   Post Evacuate Collection Set: 2.9ms
[2023-12-20T08:56:19.252-0800][55929697ms] GC(3129)   Other: 0.4ms
[2023-12-20T08:56:19.252-0800][55929697ms] GC(3129) Eden regions: 753->0(753)
[2023-12-20T08:56:19.252-0800][55929697ms] GC(3129) Survivor regions: 30->30(98)
[2023-12-20T08:56:19.252-0800][55929697ms] GC(3129) Old regions: 184->184
[2023-12-20T08:56:19.252-0800][55929697ms] GC(3129) Humongous regions: 5->5
[2023-12-20T08:56:19.252-0800][55929697ms] GC(3129) Metaspace: 256513K->256513K(1294336K)
[2023-12-20T08:56:19.252-0800][55929697ms] GC(3129) Pause Young (Normal) (G1 Evacuation Pause) 1943M->436M(2612M) 29.900ms
[2023-12-20T08:56:19.252-0800][55929697ms] GC(3129) User=0.14s Sys=0.00s Real=0.03s
[2023-12-20T08:56:20.124-0800][55930569ms] GC(3130) Pause Young (Normal) (G1 Evacuation Pause)
[2023-12-20T08:56:20.124-0800][55930569ms] GC(3130) Using 10 workers of 10 for evacuation
[2023-12-20T08:56:20.154-0800][55930599ms] GC(3130)   Pre Evacuate Collection Set: 0.0ms
[2023-12-20T08:56:20.154-0800][55930599ms] GC(3130)   Evacuate Collection Set: 27.0ms
[2023-12-20T08:56:20.154-0800][55930599ms] GC(3130)   Post Evacuate Collection Set: 2.5ms
[2023-12-20T08:56:20.154-0800][55930599ms] GC(3130)   Other: 0.4ms
[2023-12-20T08:56:20.154-0800][55930599ms] GC(3130) Eden regions: 753->0(753)
[2023-12-20T08:56:20.154-0800][55930599ms] GC(3130) Survivor regions: 30->30(98)
[2023-12-20T08:56:20.154-0800][55930599ms] GC(3130) Old regions: 184->184
[2023-12-20T08:56:20.154-0800][55930599ms] GC(3130) Humongous regions: 5->5
[2023-12-20T08:56:20.154-0800][55930599ms] GC(3130) Metaspace: 256513K->256513K(1294336K)
[2023-12-20T08:56:20.154-0800][55930599ms] GC(3130) Pause Young (Normal) (G1 Evacuation Pause) 1942M->437M(2612M) 30.034ms
[2023-12-20T08:56:20.154-0800][55930599ms] GC(3130) User=0.13s Sys=0.00s Real=0.03s
[2023-12-20T08:56:20.946-0800][55931391ms] GC(3131) Pause Young (Normal) (G1 Evacuation Pause)
[2023-12-20T08:56:20.946-0800][55931391ms] GC(3131) Using 10 workers of 10 for evacuation
[2023-12-20T08:56:20.975-0800][55931420ms] GC(3131)   Pre Evacuate Collection Set: 0.0ms
[2023-12-20T08:56:20.975-0800][55931420ms] GC(3131)   Evacuate Collection Set: 26.5ms
[2023-12-20T08:56:20.975-0800][55931420ms] GC(3131)   Post Evacuate Collection Set: 2.4ms
[2023-12-20T08:56:20.975-0800][55931420ms] GC(3131)   Other: 0.4ms
[2023-12-20T08:56:20.975-0800][55931420ms] GC(3131) Eden regions: 753->0(753)
[2023-12-20T08:56:20.975-0800][55931420ms] GC(3131) Survivor regions: 30->30(98)
[2023-12-20T08:56:20.975-0800][55931420ms] GC(3131) Old regions: 184->184
[2023-12-20T08:56:20.975-0800][55931420ms] GC(3131) Humongous regions: 5->5
[2023-12-20T08:56:20.975-0800][55931420ms] GC(3131) Metaspace: 256513K->256513K(1294336K)
[2023-12-20T08:56:20.975-0800][55931420ms] GC(3131) Pause Young (Normal) (G1 Evacuation Pause) 1943M->437M(2612M) 29.363ms
[2023-12-20T08:56:20.975-0800][55931420ms] GC(3131) User=0.14s Sys=0.00s Real=0.03s
[2023-12-20T08:56:21.778-0800][55932223ms] GC(3132) Pause Young (Normal) (G1 Evacuation Pause)
[2023-12-20T08:56:21.778-0800][55932223ms] GC(3132) Using 10 workers of 10 for evacuation
[2023-12-20T08:56:21.810-0800][55932255ms] GC(3132)   Pre Evacuate Collection Set: 0.0ms
[2023-12-20T08:56:21.810-0800][55932255ms] GC(3132)   Evacuate Collection Set: 27.9ms
[2023-12-20T08:56:21.810-0800][55932255ms] GC(3132)   Post Evacuate Collection Set: 2.4ms
[2023-12-20T08:56:21.810-0800][55932255ms] GC(3132)   Other: 0.4ms
[2023-12-20T08:56:21.810-0800][55932255ms] GC(3132) Eden regions: 753->0(753)
[2023-12-20T08:56:21.810-0800][55932255ms] GC(3132) Survivor regions: 30->30(98)
[2023-12-20T08:56:21.810-0800][55932255ms] GC(3132) Old regions: 184->184
[2023-12-20T08:56:21.810-0800][55932255ms] GC(3132) Humongous regions: 5->5
[2023-12-20T08:56:21.810-0800][55932255ms] GC(3132) Metaspace: 256513K->256513K(1294336K)
[2023-12-20T08:56:21.810-0800][55932255ms] GC(3132) Pause Young (Normal) (G1 Evacuation Pause) 1943M->436M(2612M) 30.843ms
[2023-12-20T08:56:21.810-0800][55932255ms] GC(3132) User=0.11s Sys=0.00s Real=0.03s
[2023-12-20T08:56:22.752-0800][55933197ms] GC(3133) Pause Young (Normal) (G1 Evacuation Pause)
[2023-12-20T08:56:22.752-0800][55933197ms] GC(3133) Using 10 workers of 10 for evacuation
[2023-12-20T08:56:22.785-0800][55933230ms] GC(3133)   Pre Evacuate Collection Set: 0.0ms
[2023-12-20T08:56:22.785-0800][55933230ms] GC(3133)   Evacuate Collection Set: 28.4ms
[2023-12-20T08:56:22.785-0800][55933230ms] GC(3133)   Post Evacuate Collection Set: 3.3ms
[2023-12-20T08:56:22.785-0800][55933230ms] GC(3133)   Other: 0.4ms
[2023-12-20T08:56:22.785-0800][55933230ms] GC(3133) Eden regions: 753->0(754)
[2023-12-20T08:56:22.785-0800][55933230ms] GC(3133) Survivor regions: 30->29(98)
[2023-12-20T08:56:22.785-0800][55933230ms] GC(3133) Old regions: 184->184
[2023-12-20T08:56:22.785-0800][55933230ms] GC(3133) Humongous regions: 5->5
[2023-12-20T08:56:22.785-0800][55933230ms] GC(3133) Metaspace: 256513K->256513K(1294336K)
[2023-12-20T08:56:22.785-0800][55933230ms] GC(3133) Pause Young (Normal) (G1 Evacuation Pause) 1942M->435M(2612M) 32.298ms
[2023-12-20T08:56:22.785-0800][55933230ms] GC(3133) User=0.16s Sys=0.00s Real=0.03s
[2023-12-20T08:56:23.608-0800][55934053ms] GC(3134) Pause Young (Normal) (G1 Evacuation Pause)
[2023-12-20T08:56:23.608-0800][55934053ms] GC(3134) Using 10 workers of 10 for evacuation
[2023-12-20T08:56:23.643-0800][55934088ms] GC(3134)   Pre Evacuate Collection Set: 0.0ms
[2023-12-20T08:56:23.644-0800][55934089ms] GC(3134)   Evacuate Collection Set: 29.4ms
[2023-12-20T08:56:23.644-0800][55934089ms] GC(3134)   Post Evacuate Collection Set: 5.5ms
[2023-12-20T08:56:23.644-0800][55934089ms] GC(3134)   Other: 0.5ms
[2023-12-20T08:56:23.644-0800][55934089ms] GC(3134) Eden regions: 754->0(753)
[2023-12-20T08:56:23.644-0800][55934089ms] GC(3134) Survivor regions: 29->30(98)
[2023-12-20T08:56:23.644-0800][55934089ms] GC(3134) Old regions: 184->184
[2023-12-20T08:56:23.644-0800][55934089ms] GC(3134) Humongous regions: 5->5
[2023-12-20T08:56:23.644-0800][55934089ms] GC(3134) Metaspace: 256513K->256513K(1294336K)
[2023-12-20T08:56:23.644-0800][55934089ms] GC(3134) Pause Young (Normal) (G1 Evacuation Pause) 1943M->437M(2612M) 35.619ms
[2023-12-20T08:56:23.644-0800][55934089ms] GC(3134) User=0.13s Sys=0.00s Real=0.04s
[2023-12-20T08:56:24.653-0800][55935098ms] GC(3135) Pause Young (Normal) (G1 Evacuation Pause)
[2023-12-20T08:56:24.653-0800][55935098ms] GC(3135) Using 10 workers of 10 for evacuation
[2023-12-20T08:56:24.686-0800][55935131ms] GC(3135)   Pre Evacuate Collection Set: 0.0ms
[2023-12-20T08:56:24.686-0800][55935131ms] GC(3135)   Evacuate Collection Set: 28.7ms
[2023-12-20T08:56:24.686-0800][55935131ms] GC(3135)   Post Evacuate Collection Set: 3.6ms
[2023-12-20T08:56:24.686-0800][55935131ms] GC(3135)   Other: 0.4ms
[2023-12-20T08:56:24.686-0800][55935131ms] GC(3135) Eden regions: 753->0(753)
[2023-12-20T08:56:24.686-0800][55935131ms] GC(3135) Survivor regions: 30->30(98)
[2023-12-20T08:56:24.686-0800][55935131ms] GC(3135) Old regions: 184->184
[2023-12-20T08:56:24.686-0800][55935131ms] GC(3135) Humongous regions: 5->5
[2023-12-20T08:56:24.686-0800][55935131ms] GC(3135) Metaspace: 256513K->256513K(1294336K)
[2023-12-20T08:56:24.686-0800][55935131ms] GC(3135) Pause Young (Normal) (G1 Evacuation Pause) 1943M->436M(2612M) 32.980ms
[2023-12-20T08:56:24.686-0800][55935131ms] GC(3135) User=0.13s Sys=0.00s Real=0.03s
[2023-12-20T08:56:25.825-0800][55936270ms] GC(3136) Pause Young (Normal) (G1 Evacuation Pause)
[2023-12-20T08:56:25.825-0800][55936270ms] GC(3136) Using 10 workers of 10 for evacuation
[2023-12-20T08:56:25.857-0800][55936302ms] GC(3136)   Pre Evacuate Collection Set: 0.1ms
[2023-12-20T08:56:25.857-0800][55936302ms] GC(3136)   Evacuate Collection Set: 29.1ms
[2023-12-20T08:56:25.857-0800][55936302ms] GC(3136)   Post Evacuate Collection Set: 2.6ms
[2023-12-20T08:56:25.857-0800][55936302ms] GC(3136)   Other: 0.4ms
[2023-12-20T08:56:25.857-0800][55936302ms] GC(3136) Eden regions: 753->0(754)
[2023-12-20T08:56:25.857-0800][55936302ms] GC(3136) Survivor regions: 30->29(98)
[2023-12-20T08:56:25.857-0800][55936302ms] GC(3136) Old regions: 184->184
[2023-12-20T08:56:25.857-0800][55936302ms] GC(3136) Humongous regions: 5->5
[2023-12-20T08:56:25.857-0800][55936302ms] GC(3136) Metaspace: 256513K->256513K(1294336K)
[2023-12-20T08:56:25.857-0800][55936302ms] GC(3136) Pause Young (Normal) (G1 Evacuation Pause) 1942M->434M(2612M) 32.371ms
[2023-12-20T08:56:25.857-0800][55936302ms] GC(3136) User=0.19s Sys=0.00s Real=0.03s
[2023-12-20T08:56:27.024-0800][55937469ms] GC(3137) Pause Young (Normal) (GCLocker Initiated GC)
[2023-12-20T08:56:27.024-0800][55937469ms] GC(3137) Using 10 workers of 10 for evacuation
[2023-12-20T08:56:27.056-0800][55937501ms] GC(3137)   Pre Evacuate Collection Set: 0.0ms
[2023-12-20T08:56:27.056-0800][55937501ms] GC(3137)   Evacuate Collection Set: 28.4ms
[2023-12-20T08:56:27.056-0800][55937501ms] GC(3137)   Post Evacuate Collection Set: 2.8ms
[2023-12-20T08:56:27.056-0800][55937501ms] GC(3137)   Other: 0.4ms
[2023-12-20T08:56:27.056-0800][55937501ms] GC(3137) Eden regions: 755->0(753)
[2023-12-20T08:56:27.056-0800][55937501ms] GC(3137) Survivor regions: 29->30(98)
[2023-12-20T08:56:27.056-0800][55937501ms] GC(3137) Old regions: 184->184
[2023-12-20T08:56:27.056-0800][55937501ms] GC(3137) Humongous regions: 5->5
[2023-12-20T08:56:27.056-0800][55937501ms] GC(3137) Metaspace: 256513K->256513K(1294336K)
[2023-12-20T08:56:27.056-0800][55937501ms] GC(3137) Pause Young (Normal) (GCLocker Initiated GC) 1943M->436M(2612M) 31.749ms
[2023-12-20T08:56:27.056-0800][55937501ms] GC(3137) User=0.13s Sys=0.00s Real=0.03s
[2023-12-20T08:56:28.184-0800][55938629ms] GC(3138) Pause Young (Normal) (GCLocker Initiated GC)
[2023-12-20T08:56:28.184-0800][55938629ms] GC(3138) Using 10 workers of 10 for evacuation
[2023-12-20T08:56:28.221-0800][55938666ms] GC(3138)   Pre Evacuate Collection Set: 0.0ms
[2023-12-20T08:56:28.221-0800][55938666ms] GC(3138)   Evacuate Collection Set: 27.8ms
[2023-12-20T08:56:28.221-0800][55938666ms] GC(3138)   Post Evacuate Collection Set: 7.8ms
[2023-12-20T08:56:28.221-0800][55938666ms] GC(3138)   Other: 0.5ms
[2023-12-20T08:56:28.221-0800][55938666ms] GC(3138) Eden regions: 754->0(753)
[2023-12-20T08:56:28.221-0800][55938666ms] GC(3138) Survivor regions: 30->30(98)
[2023-12-20T08:56:28.221-0800][55938666ms] GC(3138) Old regions: 184->184
[2023-12-20T08:56:28.221-0800][55938666ms] GC(3138) Humongous regions: 5->5
[2023-12-20T08:56:28.221-0800][55938666ms] GC(3138) Metaspace: 256513K->256513K(1294336K)
[2023-12-20T08:56:28.221-0800][55938666ms] GC(3138) Pause Young (Normal) (GCLocker Initiated GC) 1943M->436M(2612M) 36.249ms
[2023-12-20T08:56:28.221-0800][55938666ms] GC(3138) User=0.16s Sys=0.00s Real=0.04s
[2023-12-20T08:56:29.399-0800][55939844ms] GC(3139) Pause Young (Normal) (G1 Evacuation Pause)
[2023-12-20T08:56:29.399-0800][55939844ms] GC(3139) Using 10 workers of 10 for evacuation
[2023-12-20T08:56:29.431-0800][55939876ms] GC(3139)   Pre Evacuate Collection Set: 0.1ms
[2023-12-20T08:56:29.431-0800][55939876ms] GC(3139)   Evacuate Collection Set: 26.7ms
[2023-12-20T08:56:29.431-0800][55939876ms] GC(3139)   Post Evacuate Collection Set: 3.6ms
[2023-12-20T08:56:29.431-0800][55939876ms] GC(3139)   Other: 0.5ms
[2023-12-20T08:56:29.431-0800][55939876ms] GC(3139) Eden regions: 753->0(753)
[2023-12-20T08:56:29.431-0800][55939876ms] GC(3139) Survivor regions: 30->30(98)
[2023-12-20T08:56:29.431-0800][55939876ms] GC(3139) Old regions: 184->184
[2023-12-20T08:56:29.431-0800][55939876ms] GC(3139) Humongous regions: 5->5
[2023-12-20T08:56:29.431-0800][55939876ms] GC(3139) Metaspace: 256513K->256513K(1294336K)
[2023-12-20T08:56:29.431-0800][55939876ms] GC(3139) Pause Young (Normal) (G1 Evacuation Pause) 1942M->437M(2612M) 31.027ms
[2023-12-20T08:56:29.431-0800][55939876ms] GC(3139) User=0.06s Sys=0.00s Real=0.03s
[2023-12-20T08:56:30.467-0800][55940912ms] GC(3140) Pause Young (Normal) (G1 Evacuation Pause)
[2023-12-20T08:56:30.467-0800][55940912ms] GC(3140) Using 10 workers of 10 for evacuation
[2023-12-20T08:56:30.500-0800][55940945ms] GC(3140)   Pre Evacuate Collection Set: 0.1ms
[2023-12-20T08:56:30.500-0800][55940945ms] GC(3140)   Evacuate Collection Set: 28.6ms
[2023-12-20T08:56:30.500-0800][55940945ms] GC(3140)   Post Evacuate Collection Set: 3.3ms
[2023-12-20T08:56:30.500-0800][55940945ms] GC(3140)   Other: 0.5ms
[2023-12-20T08:56:30.500-0800][55940945ms] GC(3140) Eden regions: 753->0(753)
[2023-12-20T08:56:30.500-0800][55940945ms] GC(3140) Survivor regions: 30->30(98)
[2023-12-20T08:56:30.500-0800][55940945ms] GC(3140) Old regions: 184->184
[2023-12-20T08:56:30.500-0800][55940945ms] GC(3140) Humongous regions: 5->5
[2023-12-20T08:56:30.500-0800][55940945ms] GC(3140) Metaspace: 256513K->256513K(1294336K)
[2023-12-20T08:56:30.500-0800][55940945ms] GC(3140) Pause Young (Normal) (G1 Evacuation Pause) 1943M->436M(2612M) 32.588ms
[2023-12-20T08:56:30.500-0800][55940945ms] GC(3140) User=0.16s Sys=0.00s Real=0.03s
[2023-12-20T08:56:31.430-0800][55941875ms] GC(3141) Pause Young (Normal) (G1 Evacuation Pause)
[2023-12-20T08:56:31.430-0800][55941875ms] GC(3141) Using 10 workers of 10 for evacuation
[2023-12-20T08:56:31.460-0800][55941905ms] GC(3141)   Pre Evacuate Collection Set: 0.0ms
[2023-12-20T08:56:31.460-0800][55941905ms] GC(3141)   Evacuate Collection Set: 26.0ms
[2023-12-20T08:56:31.460-0800][55941905ms] GC(3141)   Post Evacuate Collection Set: 3.3ms
[2023-12-20T08:56:31.460-0800][55941905ms] GC(3141)   Other: 0.4ms
[2023-12-20T08:56:31.460-0800][55941905ms] GC(3141) Eden regions: 753->0(753)
[2023-12-20T08:56:31.460-0800][55941905ms] GC(3141) Survivor regions: 30->30(98)
[2023-12-20T08:56:31.460-0800][55941905ms] GC(3141) Old regions: 184->184
[2023-12-20T08:56:31.460-0800][55941905ms] GC(3141) Humongous regions: 5->5
[2023-12-20T08:56:31.460-0800][55941905ms] GC(3141) Metaspace: 256513K->256513K(1294336K)
[2023-12-20T08:56:31.460-0800][55941905ms] GC(3141) Pause Young (Normal) (G1 Evacuation Pause) 1942M->437M(2612M) 29.925ms
[2023-12-20T08:56:31.460-0800][55941905ms] GC(3141) User=0.11s Sys=0.00s Real=0.03s
[2023-12-20T08:56:32.388-0800][55942833ms] GC(3142) Pause Young (Normal) (G1 Evacuation Pause)
[2023-12-20T08:56:32.388-0800][55942833ms] GC(3142) Using 10 workers of 10 for evacuation
[2023-12-20T08:56:32.419-0800][55942864ms] GC(3142)   Pre Evacuate Collection Set: 0.1ms
[2023-12-20T08:56:32.419-0800][55942864ms] GC(3142)   Evacuate Collection Set: 28.4ms
[2023-12-20T08:56:32.419-0800][55942864ms] GC(3142)   Post Evacuate Collection Set: 2.3ms
[2023-12-20T08:56:32.419-0800][55942864ms] GC(3142)   Other: 0.4ms
[2023-12-20T08:56:32.419-0800][55942864ms] GC(3142) Eden regions: 753->0(752)
[2023-12-20T08:56:32.419-0800][55942864ms] GC(3142) Survivor regions: 30->31(98)
[2023-12-20T08:56:32.419-0800][55942864ms] GC(3142) Old regions: 184->184
[2023-12-20T08:56:32.419-0800][55942864ms] GC(3142) Humongous regions: 5->5
[2023-12-20T08:56:32.419-0800][55942864ms] GC(3142) Metaspace: 256513K->256513K(1294336K)
[2023-12-20T08:56:32.419-0800][55942864ms] GC(3142) Pause Young (Normal) (G1 Evacuation Pause) 1943M->438M(2612M) 31.267ms
[2023-12-20T08:56:32.419-0800][55942864ms] GC(3142) User=0.13s Sys=0.00s Real=0.03s
[2023-12-20T08:56:33.402-0800][55943847ms] GC(3143) Pause Young (Normal) (G1 Evacuation Pause)
[2023-12-20T08:56:33.402-0800][55943847ms] GC(3143) Using 10 workers of 10 for evacuation
[2023-12-20T08:56:33.432-0800][55943877ms] GC(3143)   Pre Evacuate Collection Set: 0.1ms
[2023-12-20T08:56:33.432-0800][55943877ms] GC(3143)   Evacuate Collection Set: 27.4ms
[2023-12-20T08:56:33.432-0800][55943877ms] GC(3143)   Post Evacuate Collection Set: 2.5ms
[2023-12-20T08:56:33.432-0800][55943877ms] GC(3143)   Other: 0.5ms
[2023-12-20T08:56:33.432-0800][55943877ms] GC(3143) Eden regions: 752->0(752)
[2023-12-20T08:56:33.432-0800][55943877ms] GC(3143) Survivor regions: 31->31(98)
[2023-12-20T08:56:33.432-0800][55943877ms] GC(3143) Old regions: 184->184
[2023-12-20T08:56:33.432-0800][55943877ms] GC(3143) Humongous regions: 5->5
[2023-12-20T08:56:33.432-0800][55943877ms] GC(3143) Metaspace: 256513K->256513K(1294336K)
[2023-12-20T08:56:33.432-0800][55943877ms] GC(3143) Pause Young (Normal) (G1 Evacuation Pause) 1942M->438M(2612M) 30.585ms
[2023-12-20T08:56:33.432-0800][55943877ms] GC(3143) User=0.13s Sys=0.00s Real=0.03s
[2023-12-20T08:56:34.411-0800][55944856ms] GC(3144) Pause Young (Normal) (G1 Evacuation Pause)
[2023-12-20T08:56:34.411-0800][55944856ms] GC(3144) Using 10 workers of 10 for evacuation
[2023-12-20T08:56:34.440-0800][55944885ms] GC(3144)   Pre Evacuate Collection Set: 0.0ms
[2023-12-20T08:56:34.440-0800][55944885ms] GC(3144)   Evacuate Collection Set: 26.8ms
[2023-12-20T08:56:34.440-0800][55944885ms] GC(3144)   Post Evacuate Collection Set: 3.1ms
[2023-12-20T08:56:34.440-0800][55944885ms] GC(3144)   Other: 0.4ms
[2023-12-20T08:56:34.440-0800][55944885ms] GC(3144) Eden regions: 752->0(752)
[2023-12-20T08:56:34.440-0800][55944885ms] GC(3144) Survivor regions: 31->31(98)
[2023-12-20T08:56:34.440-0800][55944885ms] GC(3144) Old regions: 184->184
[2023-12-20T08:56:34.440-0800][55944885ms] GC(3144) Humongous regions: 5->5
[2023-12-20T08:56:34.440-0800][55944885ms] GC(3144) Metaspace: 256513K->256513K(1294336K)
[2023-12-20T08:56:34.440-0800][55944885ms] GC(3144) Pause Young (Normal) (G1 Evacuation Pause) 1942M->438M(2612M) 30.457ms
[2023-12-20T08:56:34.440-0800][55944885ms] GC(3144) User=0.16s Sys=0.00s Real=0.03s
[2023-12-20T08:56:35.511-0800][55945956ms] GC(3145) Pause Young (Normal) (G1 Evacuation Pause)
[2023-12-20T08:56:35.511-0800][55945956ms] GC(3145) Using 10 workers of 10 for evacuation
[2023-12-20T08:56:35.542-0800][55945987ms] GC(3145)   Pre Evacuate Collection Set: 0.0ms
[2023-12-20T08:56:35.542-0800][55945987ms] GC(3145)   Evacuate Collection Set: 27.7ms
[2023-12-20T08:56:35.542-0800][55945987ms] GC(3145)   Post Evacuate Collection Set: 3.0ms
[2023-12-20T08:56:35.542-0800][55945987ms] GC(3145)   Other: 0.4ms
[2023-12-20T08:56:35.542-0800][55945987ms] GC(3145) Eden regions: 752->0(752)
[2023-12-20T08:56:35.542-0800][55945987ms] GC(3145) Survivor regions: 31->31(98)
[2023-12-20T08:56:35.542-0800][55945987ms] GC(3145) Old regions: 184->184
[2023-12-20T08:56:35.542-0800][55945987ms] GC(3145) Humongous regions: 5->5
[2023-12-20T08:56:35.542-0800][55945987ms] GC(3145) Metaspace: 256513K->256513K(1294336K)
[2023-12-20T08:56:35.542-0800][55945987ms] GC(3145) Pause Young (Normal) (G1 Evacuation Pause) 1942M->438M(2612M) 31.139ms
[2023-12-20T08:56:35.542-0800][55945987ms] GC(3145) User=0.14s Sys=0.00s Real=0.03s
[2023-12-20T08:56:36.338-0800][55946783ms] GC(3146) Pause Young (Normal) (G1 Evacuation Pause)
[2023-12-20T08:56:36.338-0800][55946783ms] GC(3146) Using 10 workers of 10 for evacuation
[2023-12-20T08:56:36.369-0800][55946814ms] GC(3146)   Pre Evacuate Collection Set: 0.1ms
[2023-12-20T08:56:36.369-0800][55946814ms] GC(3146)   Evacuate Collection Set: 27.5ms
[2023-12-20T08:56:36.369-0800][55946814ms] GC(3146)   Post Evacuate Collection Set: 3.2ms
[2023-12-20T08:56:36.369-0800][55946814ms] GC(3146)   Other: 0.5ms
[2023-12-20T08:56:36.369-0800][55946814ms] GC(3146) Eden regions: 752->0(753)
[2023-12-20T08:56:36.369-0800][55946814ms] GC(3146) Survivor regions: 31->30(98)
[2023-12-20T08:56:36.369-0800][55946814ms] GC(3146) Old regions: 184->185
[2023-12-20T08:56:36.369-0800][55946814ms] GC(3146) Humongous regions: 5->5
[2023-12-20T08:56:36.369-0800][55946814ms] GC(3146) Metaspace: 256513K->256513K(1294336K)
[2023-12-20T08:56:36.369-0800][55946814ms] GC(3146) Pause Young (Normal) (G1 Evacuation Pause) 1942M->437M(2612M) 31.492ms
[2023-12-20T08:56:36.369-0800][55946814ms] GC(3146) User=0.14s Sys=0.00s Real=0.03s
[2023-12-20T08:56:37.249-0800][55947694ms] GC(3147) Pause Young (Normal) (G1 Evacuation Pause)
[2023-12-20T08:56:37.249-0800][55947694ms] GC(3147) Using 10 workers of 10 for evacuation
[2023-12-20T08:56:37.282-0800][55947727ms] GC(3147)   Pre Evacuate Collection Set: 0.1ms
[2023-12-20T08:56:37.282-0800][55947727ms] GC(3147)   Evacuate Collection Set: 27.9ms
[2023-12-20T08:56:37.282-0800][55947727ms] GC(3147)   Post Evacuate Collection Set: 5.5ms
[2023-12-20T08:56:37.282-0800][55947727ms] GC(3147)   Other: 0.5ms
[2023-12-20T08:56:37.282-0800][55947727ms] GC(3147) Eden regions: 753->0(752)
[2023-12-20T08:56:37.282-0800][55947727ms] GC(3147) Survivor regions: 30->31(98)
[2023-12-20T08:56:37.282-0800][55947727ms] GC(3147) Old regions: 185->185
[2023-12-20T08:56:37.282-0800][55947727ms] GC(3147) Humongous regions: 5->5
[2023-12-20T08:56:37.282-0800][55947727ms] GC(3147) Metaspace: 256513K->256513K(1294336K)
[2023-12-20T08:56:37.282-0800][55947727ms] GC(3147) Pause Young (Normal) (G1 Evacuation Pause) 1943M->439M(2612M) 34.129ms
[2023-12-20T08:56:37.282-0800][55947727ms] GC(3147) User=0.14s Sys=0.00s Real=0.03s
[2023-12-20T08:56:38.032-0800][55948477ms] GC(3148) Pause Young (Normal) (G1 Evacuation Pause)
[2023-12-20T08:56:38.032-0800][55948477ms] GC(3148) Using 10 workers of 10 for evacuation
[2023-12-20T08:56:38.062-0800][55948507ms] GC(3148)   Pre Evacuate Collection Set: 0.1ms
[2023-12-20T08:56:38.062-0800][55948507ms] GC(3148)   Evacuate Collection Set: 27.4ms
[2023-12-20T08:56:38.062-0800][55948507ms] GC(3148)   Post Evacuate Collection Set: 2.4ms
[2023-12-20T08:56:38.062-0800][55948507ms] GC(3148)   Other: 0.4ms
[2023-12-20T08:56:38.062-0800][55948507ms] GC(3148) Eden regions: 752->0(753)
[2023-12-20T08:56:38.062-0800][55948507ms] GC(3148) Survivor regions: 31->30(98)
[2023-12-20T08:56:38.062-0800][55948507ms] GC(3148) Old regions: 185->185
[2023-12-20T08:56:38.062-0800][55948507ms] GC(3148) Humongous regions: 5->5
[2023-12-20T08:56:38.062-0800][55948507ms] GC(3148) Metaspace: 256513K->256513K(1294336K)
[2023-12-20T08:56:38.062-0800][55948507ms] GC(3148) Pause Young (Normal) (G1 Evacuation Pause) 1943M->438M(2612M) 30.370ms
[2023-12-20T08:56:38.062-0800][55948507ms] GC(3148) User=0.16s Sys=0.00s Real=0.03s
[2023-12-20T08:56:38.806-0800][55949251ms] GC(3149) Pause Young (Normal) (G1 Evacuation Pause)
[2023-12-20T08:56:38.806-0800][55949251ms] GC(3149) Using 10 workers of 10 for evacuation
[2023-12-20T08:56:38.838-0800][55949283ms] GC(3149)   Pre Evacuate Collection Set: 0.0ms
[2023-12-20T08:56:38.838-0800][55949283ms] GC(3149)   Evacuate Collection Set: 28.4ms
[2023-12-20T08:56:38.838-0800][55949283ms] GC(3149)   Post Evacuate Collection Set: 2.7ms
[2023-12-20T08:56:38.838-0800][55949283ms] GC(3149)   Other: 0.4ms
[2023-12-20T08:56:38.838-0800][55949283ms] GC(3149) Eden regions: 753->0(753)
[2023-12-20T08:56:38.838-0800][55949283ms] GC(3149) Survivor regions: 30->30(98)
[2023-12-20T08:56:38.838-0800][55949283ms] GC(3149) Old regions: 185->185
[2023-12-20T08:56:38.838-0800][55949283ms] GC(3149) Humongous regions: 5->5
[2023-12-20T08:56:38.838-0800][55949283ms] GC(3149) Metaspace: 256513K->256513K(1294336K)
[2023-12-20T08:56:38.838-0800][55949283ms] GC(3149) Pause Young (Normal) (G1 Evacuation Pause) 1944M->437M(2612M) 31.637ms
[2023-12-20T08:56:38.838-0800][55949283ms] GC(3149) User=0.17s Sys=0.00s Real=0.03s
[2023-12-20T08:56:39.634-0800][55950079ms] GC(3150) Pause Young (Normal) (G1 Evacuation Pause)
[2023-12-20T08:56:39.634-0800][55950079ms] GC(3150) Using 10 workers of 10 for evacuation
[2023-12-20T08:56:39.665-0800][55950110ms] GC(3150)   Pre Evacuate Collection Set: 0.0ms
[2023-12-20T08:56:39.665-0800][55950110ms] GC(3150)   Evacuate Collection Set: 28.1ms
[2023-12-20T08:56:39.665-0800][55950110ms] GC(3150)   Post Evacuate Collection Set: 2.4ms
[2023-12-20T08:56:39.665-0800][55950110ms] GC(3150)   Other: 0.4ms
[2023-12-20T08:56:39.665-0800][55950110ms] GC(3150) Eden regions: 753->0(752)
[2023-12-20T08:56:39.665-0800][55950110ms] GC(3150) Survivor regions: 30->31(98)
[2023-12-20T08:56:39.665-0800][55950110ms] GC(3150) Old regions: 185->185
[2023-12-20T08:56:39.665-0800][55950110ms] GC(3150) Humongous regions: 5->5
[2023-12-20T08:56:39.665-0800][55950110ms] GC(3150) Metaspace: 256513K->256513K(1294336K)
[2023-12-20T08:56:39.665-0800][55950110ms] GC(3150) Pause Young (Normal) (G1 Evacuation Pause) 1943M->439M(2612M) 30.966ms
[2023-12-20T08:56:39.665-0800][55950110ms] GC(3150) User=0.11s Sys=0.00s Real=0.03s
[2023-12-20T08:56:40.495-0800][55950940ms] GC(3151) Pause Young (Normal) (G1 Evacuation Pause)
[2023-12-20T08:56:40.495-0800][55950940ms] GC(3151) Using 10 workers of 10 for evacuation
[2023-12-20T08:56:40.524-0800][55950969ms] GC(3151)   Pre Evacuate Collection Set: 0.0ms
[2023-12-20T08:56:40.524-0800][55950969ms] GC(3151)   Evacuate Collection Set: 26.3ms
[2023-12-20T08:56:40.524-0800][55950969ms] GC(3151)   Post Evacuate Collection Set: 2.3ms
[2023-12-20T08:56:40.524-0800][55950969ms] GC(3151)   Other: 0.4ms
[2023-12-20T08:56:40.524-0800][55950969ms] GC(3151) Eden regions: 752->0(752)
[2023-12-20T08:56:40.524-0800][55950969ms] GC(3151) Survivor regions: 31->31(98)
[2023-12-20T08:56:40.524-0800][55950969ms] GC(3151) Old regions: 185->185
[2023-12-20T08:56:40.524-0800][55950969ms] GC(3151) Humongous regions: 5->5
[2023-12-20T08:56:40.524-0800][55950969ms] GC(3151) Metaspace: 256513K->256513K(1294336K)
[2023-12-20T08:56:40.524-0800][55950969ms] GC(3151) Pause Young (Normal) (G1 Evacuation Pause) 1943M->439M(2612M) 29.234ms
[2023-12-20T08:56:40.524-0800][55950969ms] GC(3151) User=0.11s Sys=0.00s Real=0.03s
[2023-12-20T08:56:41.292-0800][55951737ms] GC(3152) Pause Young (Normal) (G1 Evacuation Pause)
[2023-12-20T08:56:41.292-0800][55951737ms] GC(3152) Using 10 workers of 10 for evacuation
[2023-12-20T08:56:41.321-0800][55951766ms] GC(3152)   Pre Evacuate Collection Set: 0.0ms
[2023-12-20T08:56:41.321-0800][55951766ms] GC(3152)   Evacuate Collection Set: 26.9ms
[2023-12-20T08:56:41.321-0800][55951766ms] GC(3152)   Post Evacuate Collection Set: 2.4ms
[2023-12-20T08:56:41.321-0800][55951766ms] GC(3152)   Other: 0.4ms
[2023-12-20T08:56:41.321-0800][55951766ms] GC(3152) Eden regions: 752->0(752)
[2023-12-20T08:56:41.321-0800][55951766ms] GC(3152) Survivor regions: 31->31(98)
[2023-12-20T08:56:41.321-0800][55951766ms] GC(3152) Old regions: 185->185
[2023-12-20T08:56:41.321-0800][55951766ms] GC(3152) Humongous regions: 5->5
[2023-12-20T08:56:41.321-0800][55951766ms] GC(3152) Metaspace: 256513K->256513K(1294336K)
[2023-12-20T08:56:41.321-0800][55951766ms] GC(3152) Pause Young (Normal) (G1 Evacuation Pause) 1943M->439M(2612M) 29.751ms
[2023-12-20T08:56:41.321-0800][55951766ms] GC(3152) User=0.13s Sys=0.00s Real=0.03s
[2023-12-20T08:56:42.244-0800][55952689ms] GC(3153) Pause Young (Normal) (G1 Evacuation Pause)
[2023-12-20T08:56:42.244-0800][55952689ms] GC(3153) Using 10 workers of 10 for evacuation
[2023-12-20T08:56:42.273-0800][55952718ms] GC(3153)   Pre Evacuate Collection Set: 0.0ms
[2023-12-20T08:56:42.273-0800][55952718ms] GC(3153)   Evacuate Collection Set: 26.7ms
[2023-12-20T08:56:42.273-0800][55952718ms] GC(3153)   Post Evacuate Collection Set: 2.2ms
[2023-12-20T08:56:42.273-0800][55952718ms] GC(3153)   Other: 0.3ms
[2023-12-20T08:56:42.273-0800][55952718ms] GC(3153) Eden regions: 752->0(752)
[2023-12-20T08:56:42.273-0800][55952718ms] GC(3153) Survivor regions: 31->31(98)
[2023-12-20T08:56:42.273-0800][55952718ms] GC(3153) Old regions: 185->185
[2023-12-20T08:56:42.273-0800][55952718ms] GC(3153) Humongous regions: 5->5
[2023-12-20T08:56:42.273-0800][55952718ms] GC(3153) Metaspace: 256513K->256513K(1294336K)
[2023-12-20T08:56:42.273-0800][55952718ms] GC(3153) Pause Young (Normal) (G1 Evacuation Pause) 1943M->439M(2612M) 29.384ms
[2023-12-20T08:56:42.273-0800][55952718ms] GC(3153) User=0.11s Sys=0.00s Real=0.03s
[2023-12-20T08:56:43.075-0800][55953520ms] GC(3154) Pause Young (Normal) (G1 Evacuation Pause)
[2023-12-20T08:56:43.075-0800][55953520ms] GC(3154) Using 10 workers of 10 for evacuation
[2023-12-20T08:56:43.108-0800][55953553ms] GC(3154)   Pre Evacuate Collection Set: 0.0ms
[2023-12-20T08:56:43.108-0800][55953553ms] GC(3154)   Evacuate Collection Set: 30.4ms
[2023-12-20T08:56:43.108-0800][55953553ms] GC(3154)   Post Evacuate Collection Set: 2.7ms
[2023-12-20T08:56:43.108-0800][55953553ms] GC(3154)   Other: 0.4ms
[2023-12-20T08:56:43.108-0800][55953553ms] GC(3154) Eden regions: 752->0(753)
[2023-12-20T08:56:43.108-0800][55953553ms] GC(3154) Survivor regions: 31->30(98)
[2023-12-20T08:56:43.108-0800][55953553ms] GC(3154) Old regions: 185->185
[2023-12-20T08:56:43.108-0800][55953553ms] GC(3154) Humongous regions: 5->5
[2023-12-20T08:56:43.108-0800][55953553ms] GC(3154) Metaspace: 256513K->256513K(1294336K)
[2023-12-20T08:56:43.108-0800][55953553ms] GC(3154) Pause Young (Normal) (G1 Evacuation Pause) 1943M->438M(2612M) 33.576ms
[2023-12-20T08:56:43.108-0800][55953553ms] GC(3154) User=0.13s Sys=0.00s Real=0.03s
[2023-12-20T08:56:44.027-0800][55954472ms] GC(3155) Pause Young (Normal) (G1 Evacuation Pause)
[2023-12-20T08:56:44.027-0800][55954472ms] GC(3155) Using 10 workers of 10 for evacuation
[2023-12-20T08:56:44.056-0800][55954501ms] GC(3155)   Pre Evacuate Collection Set: 0.0ms
[2023-12-20T08:56:44.056-0800][55954501ms] GC(3155)   Evacuate Collection Set: 26.6ms
[2023-12-20T08:56:44.056-0800][55954501ms] GC(3155)   Post Evacuate Collection Set: 2.4ms
[2023-12-20T08:56:44.056-0800][55954501ms] GC(3155)   Other: 0.3ms
[2023-12-20T08:56:44.056-0800][55954501ms] GC(3155) Eden regions: 753->0(752)
[2023-12-20T08:56:44.056-0800][55954501ms] GC(3155) Survivor regions: 30->31(98)
[2023-12-20T08:56:44.056-0800][55954501ms] GC(3155) Old regions: 185->185
[2023-12-20T08:56:44.056-0800][55954501ms] GC(3155) Humongous regions: 5->5
[2023-12-20T08:56:44.056-0800][55954501ms] GC(3155) Metaspace: 256513K->256513K(1294336K)
[2023-12-20T08:56:44.056-0800][55954501ms] GC(3155) Pause Young (Normal) (G1 Evacuation Pause) 1944M->439M(2612M) 29.530ms
[2023-12-20T08:56:44.056-0800][55954501ms] GC(3155) User=0.11s Sys=0.00s Real=0.03s
[2023-12-20T08:56:44.800-0800][55955245ms] GC(3156) Pause Young (Normal) (G1 Evacuation Pause)
[2023-12-20T08:56:44.800-0800][55955245ms] GC(3156) Using 10 workers of 10 for evacuation
[2023-12-20T08:56:44.830-0800][55955275ms] GC(3156)   Pre Evacuate Collection Set: 0.0ms
[2023-12-20T08:56:44.830-0800][55955275ms] GC(3156)   Evacuate Collection Set: 27.1ms
[2023-12-20T08:56:44.830-0800][55955275ms] GC(3156)   Post Evacuate Collection Set: 2.3ms
[2023-12-20T08:56:44.830-0800][55955275ms] GC(3156)   Other: 0.4ms
[2023-12-20T08:56:44.830-0800][55955275ms] GC(3156) Eden regions: 752->0(753)
[2023-12-20T08:56:44.830-0800][55955275ms] GC(3156) Survivor regions: 31->30(98)
[2023-12-20T08:56:44.830-0800][55955275ms] GC(3156) Old regions: 185->185
[2023-12-20T08:56:44.830-0800][55955275ms] GC(3156) Humongous regions: 5->5
[2023-12-20T08:56:44.830-0800][55955275ms] GC(3156) Metaspace: 256513K->256513K(1294336K)
[2023-12-20T08:56:44.830-0800][55955275ms] GC(3156) Pause Young (Normal) (G1 Evacuation Pause) 1943M->438M(2612M) 29.932ms
[2023-12-20T08:56:44.830-0800][55955275ms] GC(3156) User=0.14s Sys=0.00s Real=0.03s
[2023-12-20T08:56:45.548-0800][55955993ms] GC(3157) Pause Young (Normal) (G1 Evacuation Pause)
[2023-12-20T08:56:45.548-0800][55955993ms] GC(3157) Using 10 workers of 10 for evacuation
[2023-12-20T08:56:45.576-0800][55956021ms] GC(3157)   Pre Evacuate Collection Set: 0.0ms
[2023-12-20T08:56:45.576-0800][55956021ms] GC(3157)   Evacuate Collection Set: 26.5ms
[2023-12-20T08:56:45.576-0800][55956021ms] GC(3157)   Post Evacuate Collection Set: 2.4ms
[2023-12-20T08:56:45.576-0800][55956021ms] GC(3157)   Other: 0.4ms
[2023-12-20T08:56:45.576-0800][55956021ms] GC(3157) Eden regions: 753->0(753)
[2023-12-20T08:56:45.576-0800][55956021ms] GC(3157) Survivor regions: 30->30(98)
[2023-12-20T08:56:45.576-0800][55956021ms] GC(3157) Old regions: 185->185
[2023-12-20T08:56:45.576-0800][55956021ms] GC(3157) Humongous regions: 5->5
[2023-12-20T08:56:45.576-0800][55956021ms] GC(3157) Metaspace: 256513K->256513K(1294336K)
[2023-12-20T08:56:45.576-0800][55956021ms] GC(3157) Pause Young (Normal) (G1 Evacuation Pause) 1944M->437M(2612M) 29.366ms
[2023-12-20T08:56:45.576-0800][55956021ms] GC(3157) User=0.13s Sys=0.00s Real=0.03s
[2023-12-20T08:56:46.291-0800][55956736ms] GC(3158) Pause Young (Normal) (G1 Evacuation Pause)
[2023-12-20T08:56:46.291-0800][55956736ms] GC(3158) Using 10 workers of 10 for evacuation
[2023-12-20T08:56:46.325-0800][55956770ms] GC(3158)   Pre Evacuate Collection Set: 0.0ms
[2023-12-20T08:56:46.325-0800][55956770ms] GC(3158)   Evacuate Collection Set: 30.1ms
[2023-12-20T08:56:46.325-0800][55956770ms] GC(3158)   Post Evacuate Collection Set: 3.5ms
[2023-12-20T08:56:46.325-0800][55956770ms] GC(3158)   Other: 0.6ms
[2023-12-20T08:56:46.325-0800][55956770ms] GC(3158) Eden regions: 753->0(753)
[2023-12-20T08:56:46.325-0800][55956770ms] GC(3158) Survivor regions: 30->30(98)
[2023-12-20T08:56:46.325-0800][55956770ms] GC(3158) Old regions: 185->185
[2023-12-20T08:56:46.325-0800][55956770ms] GC(3158) Humongous regions: 5->5
[2023-12-20T08:56:46.325-0800][55956770ms] GC(3158) Metaspace: 256513K->256513K(1294336K)
[2023-12-20T08:56:46.326-0800][55956771ms] GC(3158) Pause Young (Normal) (G1 Evacuation Pause) 1943M->437M(2612M) 34.424ms
[2023-12-20T08:56:46.326-0800][55956771ms] GC(3158) User=0.06s Sys=0.00s Real=0.04s
[2023-12-20T08:56:46.967-0800][55957412ms] GC(3159) Pause Young (Normal) (G1 Evacuation Pause)
[2023-12-20T08:56:46.967-0800][55957412ms] GC(3159) Using 10 workers of 10 for evacuation
[2023-12-20T08:56:46.997-0800][55957442ms] GC(3159)   Pre Evacuate Collection Set: 0.0ms
[2023-12-20T08:56:46.997-0800][55957442ms] GC(3159)   Evacuate Collection Set: 27.1ms
[2023-12-20T08:56:46.997-0800][55957442ms] GC(3159)   Post Evacuate Collection Set: 2.5ms
[2023-12-20T08:56:46.997-0800][55957442ms] GC(3159)   Other: 0.4ms
[2023-12-20T08:56:46.997-0800][55957442ms] GC(3159) Eden regions: 753->0(753)
[2023-12-20T08:56:46.997-0800][55957442ms] GC(3159) Survivor regions: 30->30(98)
[2023-12-20T08:56:46.997-0800][55957442ms] GC(3159) Old regions: 185->185
[2023-12-20T08:56:46.997-0800][55957442ms] GC(3159) Humongous regions: 5->5
[2023-12-20T08:56:46.997-0800][55957442ms] GC(3159) Metaspace: 256513K->256513K(1294336K)
[2023-12-20T08:56:46.997-0800][55957442ms] GC(3159) Pause Young (Normal) (G1 Evacuation Pause) 1943M->438M(2612M) 30.200ms
[2023-12-20T08:56:46.997-0800][55957442ms] GC(3159) User=0.14s Sys=0.00s Real=0.03s
[2023-12-20T08:56:47.636-0800][55958081ms] GC(3160) Pause Young (Normal) (G1 Evacuation Pause)
[2023-12-20T08:56:47.636-0800][55958081ms] GC(3160) Using 10 workers of 10 for evacuation
[2023-12-20T08:56:47.664-0800][55958109ms] GC(3160)   Pre Evacuate Collection Set: 0.0ms
[2023-12-20T08:56:47.664-0800][55958109ms] GC(3160)   Evacuate Collection Set: 25.2ms
[2023-12-20T08:56:47.664-0800][55958109ms] GC(3160)   Post Evacuate Collection Set: 2.4ms
[2023-12-20T08:56:47.664-0800][55958109ms] GC(3160)   Other: 0.4ms
[2023-12-20T08:56:47.664-0800][55958109ms] GC(3160) Eden regions: 753->0(753)
[2023-12-20T08:56:47.664-0800][55958109ms] GC(3160) Survivor regions: 30->30(98)
[2023-12-20T08:56:47.664-0800][55958109ms] GC(3160) Old regions: 185->185
[2023-12-20T08:56:47.664-0800][55958109ms] GC(3160) Humongous regions: 5->5
[2023-12-20T08:56:47.664-0800][55958109ms] GC(3160) Metaspace: 256513K->256513K(1294336K)
[2023-12-20T08:56:47.664-0800][55958109ms] GC(3160) Pause Young (Normal) (G1 Evacuation Pause) 1944M->438M(2612M) 28.075ms
[2023-12-20T08:56:47.664-0800][55958109ms] GC(3160) User=0.14s Sys=0.00s Real=0.03s
[2023-12-20T08:56:48.407-0800][55958852ms] GC(3161) Pause Young (Normal) (G1 Evacuation Pause)
[2023-12-20T08:56:48.407-0800][55958852ms] GC(3161) Using 10 workers of 10 for evacuation
[2023-12-20T08:56:48.436-0800][55958882ms] GC(3161)   Pre Evacuate Collection Set: 0.0ms
[2023-12-20T08:56:48.437-0800][55958882ms] GC(3161)   Evacuate Collection Set: 26.6ms
[2023-12-20T08:56:48.437-0800][55958882ms] GC(3161)   Post Evacuate Collection Set: 2.4ms
[2023-12-20T08:56:48.437-0800][55958882ms] GC(3161)   Other: 0.4ms
[2023-12-20T08:56:48.437-0800][55958882ms] GC(3161) Eden regions: 753->0(753)
[2023-12-20T08:56:48.437-0800][55958882ms] GC(3161) Survivor regions: 30->30(98)
[2023-12-20T08:56:48.437-0800][55958882ms] GC(3161) Old regions: 185->185
[2023-12-20T08:56:48.437-0800][55958882ms] GC(3161) Humongous regions: 5->5
[2023-12-20T08:56:48.437-0800][55958882ms] GC(3161) Metaspace: 256513K->256513K(1294336K)
[2023-12-20T08:56:48.437-0800][55958882ms] GC(3161) Pause Young (Normal) (G1 Evacuation Pause) 1944M->438M(2612M) 29.476ms
[2023-12-20T08:56:48.437-0800][55958882ms] GC(3161) User=0.16s Sys=0.00s Real=0.03s
[2023-12-20T08:56:49.229-0800][55959674ms] GC(3162) Pause Young (Normal) (G1 Evacuation Pause)
[2023-12-20T08:56:49.229-0800][55959674ms] GC(3162) Using 10 workers of 10 for evacuation
[2023-12-20T08:56:49.257-0800][55959702ms] GC(3162)   Pre Evacuate Collection Set: 0.1ms
[2023-12-20T08:56:49.257-0800][55959702ms] GC(3162)   Evacuate Collection Set: 25.4ms
[2023-12-20T08:56:49.257-0800][55959702ms] GC(3162)   Post Evacuate Collection Set: 2.4ms
[2023-12-20T08:56:49.257-0800][55959702ms] GC(3162)   Other: 0.4ms
[2023-12-20T08:56:49.257-0800][55959702ms] GC(3162) Eden regions: 753->0(753)
[2023-12-20T08:56:49.257-0800][55959702ms] GC(3162) Survivor regions: 30->30(98)
[2023-12-20T08:56:49.257-0800][55959702ms] GC(3162) Old regions: 185->185
[2023-12-20T08:56:49.257-0800][55959702ms] GC(3162) Humongous regions: 5->5
[2023-12-20T08:56:49.257-0800][55959702ms] GC(3162) Metaspace: 256513K->256513K(1294336K)
[2023-12-20T08:56:49.257-0800][55959702ms] GC(3162) Pause Young (Normal) (G1 Evacuation Pause) 1944M->438M(2612M) 28.365ms
[2023-12-20T08:56:49.257-0800][55959702ms] GC(3162) User=0.08s Sys=0.00s Real=0.03s
[2023-12-20T08:56:49.855-0800][55960300ms] GC(3163) Pause Young (Normal) (G1 Evacuation Pause)
[2023-12-20T08:56:49.855-0800][55960300ms] GC(3163) Using 10 workers of 10 for evacuation
[2023-12-20T08:56:49.883-0800][55960328ms] GC(3163)   Pre Evacuate Collection Set: 0.0ms
[2023-12-20T08:56:49.883-0800][55960328ms] GC(3163)   Evacuate Collection Set: 25.4ms
[2023-12-20T08:56:49.883-0800][55960328ms] GC(3163)   Post Evacuate Collection Set: 2.4ms
[2023-12-20T08:56:49.883-0800][55960328ms] GC(3163)   Other: 0.4ms
[2023-12-20T08:56:49.883-0800][55960328ms] GC(3163) Eden regions: 753->0(753)
[2023-12-20T08:56:49.883-0800][55960328ms] GC(3163) Survivor regions: 30->30(98)
[2023-12-20T08:56:49.883-0800][55960328ms] GC(3163) Old regions: 185->185
[2023-12-20T08:56:49.883-0800][55960328ms] GC(3163) Humongous regions: 5->5
[2023-12-20T08:56:49.883-0800][55960328ms] GC(3163) Metaspace: 256513K->256513K(1294336K)
[2023-12-20T08:56:49.883-0800][55960328ms] GC(3163) Pause Young (Normal) (G1 Evacuation Pause) 1944M->438M(2612M) 28.330ms
[2023-12-20T08:56:49.883-0800][55960328ms] GC(3163) User=0.09s Sys=0.00s Real=0.03s
[2023-12-20T08:56:50.465-0800][55960910ms] GC(3164) Pause Young (Normal) (G1 Evacuation Pause)
[2023-12-20T08:56:50.465-0800][55960910ms] GC(3164) Using 10 workers of 10 for evacuation
[2023-12-20T08:56:50.495-0800][55960940ms] GC(3164)   Pre Evacuate Collection Set: 0.0ms
[2023-12-20T08:56:50.495-0800][55960940ms] GC(3164)   Evacuate Collection Set: 26.0ms
[2023-12-20T08:56:50.495-0800][55960940ms] GC(3164)   Post Evacuate Collection Set: 2.8ms
[2023-12-20T08:56:50.495-0800][55960940ms] GC(3164)   Other: 0.4ms
[2023-12-20T08:56:50.495-0800][55960940ms] GC(3164) Eden regions: 753->0(753)
[2023-12-20T08:56:50.495-0800][55960940ms] GC(3164) Survivor regions: 30->30(98)
[2023-12-20T08:56:50.495-0800][55960940ms] GC(3164) Old regions: 185->185
[2023-12-20T08:56:50.495-0800][55960940ms] GC(3164) Humongous regions: 5->5
[2023-12-20T08:56:50.495-0800][55960940ms] GC(3164) Metaspace: 256513K->256513K(1294336K)
[2023-12-20T08:56:50.495-0800][55960940ms] GC(3164) Pause Young (Normal) (G1 Evacuation Pause) 1944M->438M(2612M) 29.276ms
[2023-12-20T08:56:50.495-0800][55960940ms] GC(3164) User=0.11s Sys=0.00s Real=0.03s
[2023-12-20T08:56:51.325-0800][55961770ms] GC(3165) Pause Young (Normal) (G1 Evacuation Pause)
[2023-12-20T08:56:51.325-0800][55961770ms] GC(3165) Using 10 workers of 10 for evacuation
[2023-12-20T08:56:51.354-0800][55961799ms] GC(3165)   Pre Evacuate Collection Set: 0.0ms
[2023-12-20T08:56:51.354-0800][55961799ms] GC(3165)   Evacuate Collection Set: 26.5ms
[2023-12-20T08:56:51.354-0800][55961799ms] GC(3165)   Post Evacuate Collection Set: 2.5ms
[2023-12-20T08:56:51.354-0800][55961799ms] GC(3165)   Other: 0.3ms
[2023-12-20T08:56:51.354-0800][55961799ms] GC(3165) Eden regions: 753->0(753)
[2023-12-20T08:56:51.354-0800][55961799ms] GC(3165) Survivor regions: 30->30(98)
[2023-12-20T08:56:51.354-0800][55961799ms] GC(3165) Old regions: 185->185
[2023-12-20T08:56:51.354-0800][55961799ms] GC(3165) Humongous regions: 5->5
[2023-12-20T08:56:51.354-0800][55961799ms] GC(3165) Metaspace: 256513K->256513K(1294336K)
[2023-12-20T08:56:51.354-0800][55961799ms] GC(3165) Pause Young (Normal) (G1 Evacuation Pause) 1944M->438M(2612M) 29.463ms
[2023-12-20T08:56:51.354-0800][55961799ms] GC(3165) User=0.11s Sys=0.00s Real=0.03s
[2023-12-20T08:56:52.209-0800][55962654ms] GC(3166) Pause Young (Normal) (G1 Evacuation Pause)
[2023-12-20T08:56:52.209-0800][55962654ms] GC(3166) Using 10 workers of 10 for evacuation
[2023-12-20T08:56:52.238-0800][55962683ms] GC(3166)   Pre Evacuate Collection Set: 0.0ms
[2023-12-20T08:56:52.238-0800][55962683ms] GC(3166)   Evacuate Collection Set: 26.2ms
[2023-12-20T08:56:52.238-0800][55962683ms] GC(3166)   Post Evacuate Collection Set: 2.6ms
[2023-12-20T08:56:52.238-0800][55962683ms] GC(3166)   Other: 0.4ms
[2023-12-20T08:56:52.238-0800][55962683ms] GC(3166) Eden regions: 753->0(753)
[2023-12-20T08:56:52.238-0800][55962683ms] GC(3166) Survivor regions: 30->30(98)
[2023-12-20T08:56:52.238-0800][55962683ms] GC(3166) Old regions: 185->185
[2023-12-20T08:56:52.238-0800][55962683ms] GC(3166) Humongous regions: 5->5
[2023-12-20T08:56:52.238-0800][55962683ms] GC(3166) Metaspace: 256513K->256513K(1294336K)
[2023-12-20T08:56:52.238-0800][55962683ms] GC(3166) Pause Young (Normal) (G1 Evacuation Pause) 1944M->438M(2612M) 29.331ms
[2023-12-20T08:56:52.238-0800][55962683ms] GC(3166) User=0.20s Sys=0.00s Real=0.03s
[2023-12-20T08:56:52.979-0800][55963424ms] GC(3167) Pause Young (Normal) (G1 Evacuation Pause)
[2023-12-20T08:56:52.979-0800][55963424ms] GC(3167) Using 10 workers of 10 for evacuation
[2023-12-20T08:56:53.010-0800][55963455ms] GC(3167)   Pre Evacuate Collection Set: 0.0ms
[2023-12-20T08:56:53.010-0800][55963455ms] GC(3167)   Evacuate Collection Set: 27.4ms
[2023-12-20T08:56:53.010-0800][55963455ms] GC(3167)   Post Evacuate Collection Set: 2.9ms
[2023-12-20T08:56:53.010-0800][55963455ms] GC(3167)   Other: 0.4ms
[2023-12-20T08:56:53.010-0800][55963455ms] GC(3167) Eden regions: 753->0(753)
[2023-12-20T08:56:53.010-0800][55963455ms] GC(3167) Survivor regions: 30->30(98)
[2023-12-20T08:56:53.010-0800][55963455ms] GC(3167) Old regions: 185->185
[2023-12-20T08:56:53.010-0800][55963455ms] GC(3167) Humongous regions: 5->5
[2023-12-20T08:56:53.010-0800][55963455ms] GC(3167) Metaspace: 256513K->256513K(1294336K)
[2023-12-20T08:56:53.010-0800][55963455ms] GC(3167) Pause Young (Normal) (G1 Evacuation Pause) 1944M->438M(2612M) 30.849ms
[2023-12-20T08:56:53.010-0800][55963455ms] GC(3167) User=0.11s Sys=0.00s Real=0.03s
[2023-12-20T08:56:53.841-0800][55964286ms] GC(3168) Pause Young (Normal) (G1 Evacuation Pause)
[2023-12-20T08:56:53.841-0800][55964286ms] GC(3168) Using 10 workers of 10 for evacuation
[2023-12-20T08:56:53.870-0800][55964315ms] GC(3168)   Pre Evacuate Collection Set: 0.0ms
[2023-12-20T08:56:53.870-0800][55964315ms] GC(3168)   Evacuate Collection Set: 26.6ms
[2023-12-20T08:56:53.870-0800][55964315ms] GC(3168)   Post Evacuate Collection Set: 2.6ms
[2023-12-20T08:56:53.870-0800][55964315ms] GC(3168)   Other: 0.4ms
[2023-12-20T08:56:53.870-0800][55964315ms] GC(3168) Eden regions: 753->0(753)
[2023-12-20T08:56:53.870-0800][55964315ms] GC(3168) Survivor regions: 30->30(98)
[2023-12-20T08:56:53.870-0800][55964315ms] GC(3168) Old regions: 185->185
[2023-12-20T08:56:53.870-0800][55964315ms] GC(3168) Humongous regions: 5->5
[2023-12-20T08:56:53.870-0800][55964315ms] GC(3168) Metaspace: 256513K->256513K(1294336K)
[2023-12-20T08:56:53.870-0800][55964315ms] GC(3168) Pause Young (Normal) (G1 Evacuation Pause) 1944M->438M(2612M) 29.644ms
[2023-12-20T08:56:53.870-0800][55964315ms] GC(3168) User=0.09s Sys=0.00s Real=0.03s
[2023-12-20T08:56:54.635-0800][55965080ms] GC(3169) Pause Young (Normal) (G1 Evacuation Pause)
[2023-12-20T08:56:54.635-0800][55965080ms] GC(3169) Using 10 workers of 10 for evacuation
[2023-12-20T08:56:54.663-0800][55965108ms] GC(3169)   Pre Evacuate Collection Set: 0.0ms
[2023-12-20T08:56:54.663-0800][55965108ms] GC(3169)   Evacuate Collection Set: 26.1ms
[2023-12-20T08:56:54.663-0800][55965108ms] GC(3169)   Post Evacuate Collection Set: 2.3ms
[2023-12-20T08:56:54.663-0800][55965108ms] GC(3169)   Other: 0.4ms
[2023-12-20T08:56:54.663-0800][55965108ms] GC(3169) Eden regions: 753->0(753)
[2023-12-20T08:56:54.663-0800][55965108ms] GC(3169) Survivor regions: 30->30(98)
[2023-12-20T08:56:54.663-0800][55965108ms] GC(3169) Old regions: 185->185
[2023-12-20T08:56:54.663-0800][55965108ms] GC(3169) Humongous regions: 5->5
[2023-12-20T08:56:54.663-0800][55965108ms] GC(3169) Metaspace: 256513K->256513K(1294336K)
[2023-12-20T08:56:54.663-0800][55965108ms] GC(3169) Pause Young (Normal) (G1 Evacuation Pause) 1944M->438M(2612M) 28.879ms
[2023-12-20T08:56:54.663-0800][55965108ms] GC(3169) User=0.16s Sys=0.00s Real=0.03s
[2023-12-20T08:56:55.543-0800][55965988ms] GC(3170) Pause Young (Normal) (G1 Evacuation Pause)
[2023-12-20T08:56:55.543-0800][55965988ms] GC(3170) Using 10 workers of 10 for evacuation
[2023-12-20T08:56:55.572-0800][55966017ms] GC(3170)   Pre Evacuate Collection Set: 0.0ms
[2023-12-20T08:56:55.573-0800][55966018ms] GC(3170)   Evacuate Collection Set: 27.0ms
[2023-12-20T08:56:55.573-0800][55966018ms] GC(3170)   Post Evacuate Collection Set: 2.3ms
[2023-12-20T08:56:55.573-0800][55966018ms] GC(3170)   Other: 0.4ms
[2023-12-20T08:56:55.573-0800][55966018ms] GC(3170) Eden regions: 753->0(753)
[2023-12-20T08:56:55.573-0800][55966018ms] GC(3170) Survivor regions: 30->30(98)
[2023-12-20T08:56:55.573-0800][55966018ms] GC(3170) Old regions: 185->185
[2023-12-20T08:56:55.573-0800][55966018ms] GC(3170) Humongous regions: 5->5
[2023-12-20T08:56:55.573-0800][55966018ms] GC(3170) Metaspace: 256513K->256513K(1294336K)
[2023-12-20T08:56:55.573-0800][55966018ms] GC(3170) Pause Young (Normal) (G1 Evacuation Pause) 1944M->438M(2612M) 29.767ms
[2023-12-20T08:56:55.573-0800][55966018ms] GC(3170) User=0.11s Sys=0.00s Real=0.03s
[2023-12-20T08:56:56.391-0800][55966836ms] GC(3171) Pause Young (Normal) (G1 Evacuation Pause)
[2023-12-20T08:56:56.391-0800][55966836ms] GC(3171) Using 10 workers of 10 for evacuation
[2023-12-20T08:56:56.420-0800][55966865ms] GC(3171)   Pre Evacuate Collection Set: 0.0ms
[2023-12-20T08:56:56.420-0800][55966865ms] GC(3171)   Evacuate Collection Set: 25.9ms
[2023-12-20T08:56:56.420-0800][55966865ms] GC(3171)   Post Evacuate Collection Set: 2.8ms
[2023-12-20T08:56:56.420-0800][55966865ms] GC(3171)   Other: 0.4ms
[2023-12-20T08:56:56.420-0800][55966865ms] GC(3171) Eden regions: 753->0(753)
[2023-12-20T08:56:56.420-0800][55966865ms] GC(3171) Survivor regions: 30->30(98)
[2023-12-20T08:56:56.420-0800][55966865ms] GC(3171) Old regions: 185->185
[2023-12-20T08:56:56.420-0800][55966865ms] GC(3171) Humongous regions: 5->5
[2023-12-20T08:56:56.420-0800][55966865ms] GC(3171) Metaspace: 256513K->256513K(1294336K)
[2023-12-20T08:56:56.420-0800][55966865ms] GC(3171) Pause Young (Normal) (G1 Evacuation Pause) 1944M->438M(2612M) 29.172ms
[2023-12-20T08:56:56.420-0800][55966865ms] GC(3171) User=0.13s Sys=0.00s Real=0.03s
[2023-12-20T08:56:57.130-0800][55967575ms] GC(3172) Pause Young (Normal) (G1 Evacuation Pause)
[2023-12-20T08:56:57.130-0800][55967575ms] GC(3172) Using 10 workers of 10 for evacuation
[2023-12-20T08:56:57.159-0800][55967604ms] GC(3172)   Pre Evacuate Collection Set: 0.0ms
[2023-12-20T08:56:57.159-0800][55967604ms] GC(3172)   Evacuate Collection Set: 26.2ms
[2023-12-20T08:56:57.159-0800][55967604ms] GC(3172)   Post Evacuate Collection Set: 2.8ms
[2023-12-20T08:56:57.159-0800][55967604ms] GC(3172)   Other: 0.4ms
[2023-12-20T08:56:57.159-0800][55967604ms] GC(3172) Eden regions: 753->0(753)
[2023-12-20T08:56:57.159-0800][55967604ms] GC(3172) Survivor regions: 30->30(98)
[2023-12-20T08:56:57.159-0800][55967604ms] GC(3172) Old regions: 185->185
[2023-12-20T08:56:57.159-0800][55967604ms] GC(3172) Humongous regions: 5->5
[2023-12-20T08:56:57.159-0800][55967604ms] GC(3172) Metaspace: 256513K->256513K(1294336K)
[2023-12-20T08:56:57.159-0800][55967604ms] GC(3172) Pause Young (Normal) (G1 Evacuation Pause) 1944M->438M(2612M) 29.558ms
[2023-12-20T08:56:57.159-0800][55967604ms] GC(3172) User=0.09s Sys=0.00s Real=0.03s
[2023-12-20T08:56:57.886-0800][55968331ms] GC(3173) Pause Young (Normal) (G1 Evacuation Pause)
[2023-12-20T08:56:57.886-0800][55968331ms] GC(3173) Using 10 workers of 10 for evacuation
[2023-12-20T08:56:57.915-0800][55968360ms] GC(3173)   Pre Evacuate Collection Set: 0.0ms
[2023-12-20T08:56:57.915-0800][55968360ms] GC(3173)   Evacuate Collection Set: 26.1ms
[2023-12-20T08:56:57.915-0800][55968360ms] GC(3173)   Post Evacuate Collection Set: 2.4ms
[2023-12-20T08:56:57.915-0800][55968360ms] GC(3173)   Other: 0.4ms
[2023-12-20T08:56:57.915-0800][55968360ms] GC(3173) Eden regions: 753->0(753)
[2023-12-20T08:56:57.915-0800][55968360ms] GC(3173) Survivor regions: 30->30(98)
[2023-12-20T08:56:57.915-0800][55968360ms] GC(3173) Old regions: 185->185
[2023-12-20T08:56:57.915-0800][55968360ms] GC(3173) Humongous regions: 5->5
[2023-12-20T08:56:57.915-0800][55968360ms] GC(3173) Metaspace: 256513K->256513K(1294336K)
[2023-12-20T08:56:57.915-0800][55968360ms] GC(3173) Pause Young (Normal) (G1 Evacuation Pause) 1944M->438M(2612M) 29.049ms
[2023-12-20T08:56:57.915-0800][55968360ms] GC(3173) User=0.09s Sys=0.00s Real=0.03s
[2023-12-20T08:56:58.773-0800][55969218ms] GC(3174) Pause Young (Normal) (G1 Evacuation Pause)
[2023-12-20T08:56:58.773-0800][55969218ms] GC(3174) Using 10 workers of 10 for evacuation
[2023-12-20T08:56:58.802-0800][55969248ms] GC(3174)   Pre Evacuate Collection Set: 0.0ms
[2023-12-20T08:56:58.803-0800][55969248ms] GC(3174)   Evacuate Collection Set: 26.3ms
[2023-12-20T08:56:58.803-0800][55969248ms] GC(3174)   Post Evacuate Collection Set: 2.4ms
[2023-12-20T08:56:58.803-0800][55969248ms] GC(3174)   Other: 0.3ms
[2023-12-20T08:56:58.803-0800][55969248ms] GC(3174) Eden regions: 753->0(753)
[2023-12-20T08:56:58.803-0800][55969248ms] GC(3174) Survivor regions: 30->30(98)
[2023-12-20T08:56:58.803-0800][55969248ms] GC(3174) Old regions: 185->185
[2023-12-20T08:56:58.803-0800][55969248ms] GC(3174) Humongous regions: 5->5
[2023-12-20T08:56:58.803-0800][55969248ms] GC(3174) Metaspace: 256513K->256513K(1294336K)
[2023-12-20T08:56:58.803-0800][55969248ms] GC(3174) Pause Young (Normal) (G1 Evacuation Pause) 1944M->438M(2612M) 29.228ms
[2023-12-20T08:56:58.803-0800][55969248ms] GC(3174) User=0.05s Sys=0.00s Real=0.03s
[2023-12-20T08:56:59.672-0800][55970117ms] GC(3175) Pause Young (Normal) (G1 Evacuation Pause)
[2023-12-20T08:56:59.672-0800][55970117ms] GC(3175) Using 10 workers of 10 for evacuation
[2023-12-20T08:56:59.701-0800][55970146ms] GC(3175)   Pre Evacuate Collection Set: 0.0ms
[2023-12-20T08:56:59.701-0800][55970146ms] GC(3175)   Evacuate Collection Set: 26.4ms
[2023-12-20T08:56:59.701-0800][55970146ms] GC(3175)   Post Evacuate Collection Set: 2.4ms
[2023-12-20T08:56:59.701-0800][55970146ms] GC(3175)   Other: 0.3ms
[2023-12-20T08:56:59.701-0800][55970146ms] GC(3175) Eden regions: 753->0(753)
[2023-12-20T08:56:59.701-0800][55970146ms] GC(3175) Survivor regions: 30->30(98)
[2023-12-20T08:56:59.701-0800][55970146ms] GC(3175) Old regions: 185->185
[2023-12-20T08:56:59.701-0800][55970146ms] GC(3175) Humongous regions: 5->5
[2023-12-20T08:56:59.701-0800][55970146ms] GC(3175) Metaspace: 256513K->256513K(1294336K)
[2023-12-20T08:56:59.701-0800][55970146ms] GC(3175) Pause Young (Normal) (G1 Evacuation Pause) 1944M->438M(2612M) 29.288ms
[2023-12-20T08:56:59.701-0800][55970146ms] GC(3175) User=0.11s Sys=0.00s Real=0.03s
[2023-12-20T08:57:00.470-0800][55970915ms] GC(3176) Pause Young (Normal) (G1 Evacuation Pause)
[2023-12-20T08:57:00.470-0800][55970915ms] GC(3176) Using 10 workers of 10 for evacuation
[2023-12-20T08:57:00.498-0800][55970943ms] GC(3176)   Pre Evacuate Collection Set: 0.0ms
[2023-12-20T08:57:00.498-0800][55970943ms] GC(3176)   Evacuate Collection Set: 26.4ms
[2023-12-20T08:57:00.498-0800][55970943ms] GC(3176)   Post Evacuate Collection Set: 2.4ms
[2023-12-20T08:57:00.498-0800][55970943ms] GC(3176)   Other: 0.4ms
[2023-12-20T08:57:00.498-0800][55970943ms] GC(3176) Eden regions: 753->0(753)
[2023-12-20T08:57:00.498-0800][55970943ms] GC(3176) Survivor regions: 30->30(98)
[2023-12-20T08:57:00.498-0800][55970943ms] GC(3176) Old regions: 185->185
[2023-12-20T08:57:00.498-0800][55970943ms] GC(3176) Humongous regions: 5->5
[2023-12-20T08:57:00.498-0800][55970943ms] GC(3176) Metaspace: 256513K->256513K(1294336K)
[2023-12-20T08:57:00.498-0800][55970943ms] GC(3176) Pause Young (Normal) (G1 Evacuation Pause) 1944M->437M(2612M) 29.392ms
[2023-12-20T08:57:00.498-0800][55970943ms] GC(3176) User=0.11s Sys=0.00s Real=0.03s
[2023-12-20T08:57:01.280-0800][55971725ms] GC(3177) Pause Young (Normal) (G1 Evacuation Pause)
[2023-12-20T08:57:01.280-0800][55971725ms] GC(3177) Using 10 workers of 10 for evacuation
[2023-12-20T08:57:01.310-0800][55971755ms] GC(3177)   Pre Evacuate Collection Set: 0.0ms
[2023-12-20T08:57:01.310-0800][55971755ms] GC(3177)   Evacuate Collection Set: 27.2ms
[2023-12-20T08:57:01.310-0800][55971755ms] GC(3177)   Post Evacuate Collection Set: 2.4ms
[2023-12-20T08:57:01.310-0800][55971755ms] GC(3177)   Other: 0.4ms
[2023-12-20T08:57:01.310-0800][55971755ms] GC(3177) Eden regions: 753->0(753)
[2023-12-20T08:57:01.310-0800][55971755ms] GC(3177) Survivor regions: 30->30(98)
[2023-12-20T08:57:01.310-0800][55971755ms] GC(3177) Old regions: 185->185
[2023-12-20T08:57:01.310-0800][55971755ms] GC(3177) Humongous regions: 5->5
[2023-12-20T08:57:01.310-0800][55971755ms] GC(3177) Metaspace: 256513K->256513K(1294336K)
[2023-12-20T08:57:01.310-0800][55971755ms] GC(3177) Pause Young (Normal) (G1 Evacuation Pause) 1943M->438M(2612M) 30.073ms
[2023-12-20T08:57:01.310-0800][55971755ms] GC(3177) User=0.14s Sys=0.00s Real=0.03s
[2023-12-20T08:57:02.116-0800][55972561ms] GC(3178) Pause Young (Normal) (G1 Evacuation Pause)
[2023-12-20T08:57:02.116-0800][55972561ms] GC(3178) Using 10 workers of 10 for evacuation
[2023-12-20T08:57:02.147-0800][55972592ms] GC(3178)   Pre Evacuate Collection Set: 0.0ms
[2023-12-20T08:57:02.147-0800][55972592ms] GC(3178)   Evacuate Collection Set: 27.5ms
[2023-12-20T08:57:02.147-0800][55972592ms] GC(3178)   Post Evacuate Collection Set: 2.4ms
[2023-12-20T08:57:02.147-0800][55972592ms] GC(3178)   Other: 0.3ms
[2023-12-20T08:57:02.147-0800][55972592ms] GC(3178) Eden regions: 753->0(753)
[2023-12-20T08:57:02.147-0800][55972592ms] GC(3178) Survivor regions: 30->30(98)
[2023-12-20T08:57:02.147-0800][55972592ms] GC(3178) Old regions: 185->185
[2023-12-20T08:57:02.147-0800][55972592ms] GC(3178) Humongous regions: 5->5
[2023-12-20T08:57:02.147-0800][55972592ms] GC(3178) Metaspace: 256513K->256513K(1294336K)
[2023-12-20T08:57:02.147-0800][55972592ms] GC(3178) Pause Young (Normal) (G1 Evacuation Pause) 1944M->438M(2612M) 30.418ms
[2023-12-20T08:57:02.147-0800][55972592ms] GC(3178) User=0.16s Sys=0.00s Real=0.03s
[2023-12-20T08:57:03.040-0800][55973485ms] GC(3179) Pause Young (Normal) (GCLocker Initiated GC)
[2023-12-20T08:57:03.040-0800][55973485ms] GC(3179) Using 10 workers of 10 for evacuation
[2023-12-20T08:57:03.069-0800][55973514ms] GC(3179)   Pre Evacuate Collection Set: 0.0ms
[2023-12-20T08:57:03.069-0800][55973514ms] GC(3179)   Evacuate Collection Set: 27.6ms
[2023-12-20T08:57:03.069-0800][55973514ms] GC(3179)   Post Evacuate Collection Set: 2.3ms
[2023-12-20T08:57:03.069-0800][55973514ms] GC(3179)   Other: 0.4ms
[2023-12-20T08:57:03.069-0800][55973514ms] GC(3179) Eden regions: 754->0(754)
[2023-12-20T08:57:03.069-0800][55973514ms] GC(3179) Survivor regions: 30->29(98)
[2023-12-20T08:57:03.069-0800][55973514ms] GC(3179) Old regions: 185->185
[2023-12-20T08:57:03.069-0800][55973514ms] GC(3179) Humongous regions: 5->5
[2023-12-20T08:57:03.069-0800][55973514ms] GC(3179) Metaspace: 256513K->256513K(1294336K)
[2023-12-20T08:57:03.069-0800][55973514ms] GC(3179) Pause Young (Normal) (GCLocker Initiated GC) 1945M->436M(2612M) 30.528ms
[2023-12-20T08:57:03.069-0800][55973514ms] GC(3179) User=0.13s Sys=0.00s Real=0.03s
[2023-12-20T08:57:03.941-0800][55974386ms] GC(3180) Pause Young (Normal) (GCLocker Initiated GC)
[2023-12-20T08:57:03.941-0800][55974386ms] GC(3180) Using 10 workers of 10 for evacuation
[2023-12-20T08:57:03.974-0800][55974419ms] GC(3180)   Pre Evacuate Collection Set: 0.0ms
[2023-12-20T08:57:03.974-0800][55974419ms] GC(3180)   Evacuate Collection Set: 30.2ms
[2023-12-20T08:57:03.974-0800][55974419ms] GC(3180)   Post Evacuate Collection Set: 2.4ms
[2023-12-20T08:57:03.974-0800][55974419ms] GC(3180)   Other: 0.3ms
[2023-12-20T08:57:03.974-0800][55974419ms] GC(3180) Eden regions: 755->0(753)
[2023-12-20T08:57:03.974-0800][55974419ms] GC(3180) Survivor regions: 29->30(98)
[2023-12-20T08:57:03.974-0800][55974419ms] GC(3180) Old regions: 185->185
[2023-12-20T08:57:03.974-0800][55974419ms] GC(3180) Humongous regions: 5->5
[2023-12-20T08:57:03.974-0800][55974419ms] GC(3180) Metaspace: 256513K->256513K(1294336K)
[2023-12-20T08:57:03.974-0800][55974419ms] GC(3180) Pause Young (Normal) (GCLocker Initiated GC) 1946M->438M(2612M) 33.128ms
[2023-12-20T08:57:03.974-0800][55974419ms] GC(3180) User=0.14s Sys=0.00s Real=0.03s
[2023-12-20T08:57:04.914-0800][55975359ms] GC(3181) Pause Young (Normal) (GCLocker Initiated GC)
[2023-12-20T08:57:04.914-0800][55975359ms] GC(3181) Using 10 workers of 10 for evacuation
[2023-12-20T08:57:04.945-0800][55975390ms] GC(3181)   Pre Evacuate Collection Set: 0.0ms
[2023-12-20T08:57:04.945-0800][55975390ms] GC(3181)   Evacuate Collection Set: 28.2ms
[2023-12-20T08:57:04.945-0800][55975390ms] GC(3181)   Post Evacuate Collection Set: 2.5ms
[2023-12-20T08:57:04.945-0800][55975390ms] GC(3181)   Other: 0.4ms
[2023-12-20T08:57:04.945-0800][55975390ms] GC(3181) Eden regions: 754->0(754)
[2023-12-20T08:57:04.945-0800][55975390ms] GC(3181) Survivor regions: 30->29(98)
[2023-12-20T08:57:04.945-0800][55975390ms] GC(3181) Old regions: 185->185
[2023-12-20T08:57:04.945-0800][55975390ms] GC(3181) Humongous regions: 5->5
[2023-12-20T08:57:04.945-0800][55975390ms] GC(3181) Metaspace: 256513K->256513K(1294336K)
[2023-12-20T08:57:04.945-0800][55975390ms] GC(3181) Pause Young (Normal) (GCLocker Initiated GC) 1946M->437M(2612M) 31.205ms
[2023-12-20T08:57:04.945-0800][55975390ms] GC(3181) User=0.14s Sys=0.00s Real=0.03s
[2023-12-20T08:57:05.835-0800][55976280ms] GC(3182) Pause Young (Normal) (G1 Evacuation Pause)
[2023-12-20T08:57:05.835-0800][55976280ms] GC(3182) Using 10 workers of 10 for evacuation
[2023-12-20T08:57:05.865-0800][55976310ms] GC(3182)   Pre Evacuate Collection Set: 0.0ms
[2023-12-20T08:57:05.865-0800][55976310ms] GC(3182)   Evacuate Collection Set: 27.1ms
[2023-12-20T08:57:05.865-0800][55976310ms] GC(3182)   Post Evacuate Collection Set: 2.4ms
[2023-12-20T08:57:05.865-0800][55976310ms] GC(3182)   Other: 0.4ms
[2023-12-20T08:57:05.865-0800][55976310ms] GC(3182) Eden regions: 754->0(753)
[2023-12-20T08:57:05.865-0800][55976310ms] GC(3182) Survivor regions: 29->30(98)
[2023-12-20T08:57:05.865-0800][55976310ms] GC(3182) Old regions: 185->185
[2023-12-20T08:57:05.865-0800][55976310ms] GC(3182) Humongous regions: 5->5
[2023-12-20T08:57:05.865-0800][55976310ms] GC(3182) Metaspace: 256513K->256513K(1294336K)
[2023-12-20T08:57:05.865-0800][55976310ms] GC(3182) Pause Young (Normal) (G1 Evacuation Pause) 1945M->438M(2612M) 29.963ms
[2023-12-20T08:57:05.865-0800][55976310ms] GC(3182) User=0.14s Sys=0.00s Real=0.03s
[2023-12-20T08:57:06.679-0800][55977124ms] GC(3183) Pause Young (Normal) (G1 Evacuation Pause)
[2023-12-20T08:57:06.679-0800][55977124ms] GC(3183) Using 10 workers of 10 for evacuation
[2023-12-20T08:57:06.708-0800][55977153ms] GC(3183)   Pre Evacuate Collection Set: 0.0ms
[2023-12-20T08:57:06.708-0800][55977153ms] GC(3183)   Evacuate Collection Set: 27.1ms
[2023-12-20T08:57:06.708-0800][55977154ms] GC(3183)   Post Evacuate Collection Set: 2.4ms
[2023-12-20T08:57:06.709-0800][55977154ms] GC(3183)   Other: 0.4ms
[2023-12-20T08:57:06.709-0800][55977154ms] GC(3183) Eden regions: 753->0(754)
[2023-12-20T08:57:06.709-0800][55977154ms] GC(3183) Survivor regions: 30->29(98)
[2023-12-20T08:57:06.709-0800][55977154ms] GC(3183) Old regions: 185->185
[2023-12-20T08:57:06.709-0800][55977154ms] GC(3183) Humongous regions: 5->5
[2023-12-20T08:57:06.709-0800][55977154ms] GC(3183) Metaspace: 256513K->256513K(1294336K)
[2023-12-20T08:57:06.709-0800][55977154ms] GC(3183) Pause Young (Normal) (G1 Evacuation Pause) 1944M->437M(2612M) 29.966ms
[2023-12-20T08:57:06.709-0800][55977154ms] GC(3183) User=0.13s Sys=0.00s Real=0.03s
[2023-12-20T08:57:07.534-0800][55977979ms] GC(3184) Pause Young (Normal) (G1 Evacuation Pause)
[2023-12-20T08:57:07.534-0800][55977979ms] GC(3184) Using 10 workers of 10 for evacuation
[2023-12-20T08:57:07.563-0800][55978008ms] GC(3184)   Pre Evacuate Collection Set: 0.0ms
[2023-12-20T08:57:07.563-0800][55978008ms] GC(3184)   Evacuate Collection Set: 27.4ms
[2023-12-20T08:57:07.563-0800][55978008ms] GC(3184)   Post Evacuate Collection Set: 2.5ms
[2023-12-20T08:57:07.563-0800][55978008ms] GC(3184)   Other: 0.4ms
[2023-12-20T08:57:07.563-0800][55978008ms] GC(3184) Eden regions: 754->0(753)
[2023-12-20T08:57:07.563-0800][55978008ms] GC(3184) Survivor regions: 29->30(98)
[2023-12-20T08:57:07.563-0800][55978008ms] GC(3184) Old regions: 185->185
[2023-12-20T08:57:07.563-0800][55978008ms] GC(3184) Humongous regions: 5->5
[2023-12-20T08:57:07.563-0800][55978008ms] GC(3184) Metaspace: 256513K->256513K(1294336K)
[2023-12-20T08:57:07.563-0800][55978008ms] GC(3184) Pause Young (Normal) (G1 Evacuation Pause) 1945M->439M(2612M) 30.389ms
[2023-12-20T08:57:07.563-0800][55978008ms] GC(3184) User=0.13s Sys=0.00s Real=0.03s
[2023-12-20T08:57:08.359-0800][55978804ms] GC(3185) Pause Young (Normal) (G1 Evacuation Pause)
[2023-12-20T08:57:08.359-0800][55978804ms] GC(3185) Using 10 workers of 10 for evacuation
[2023-12-20T08:57:08.387-0800][55978832ms] GC(3185)   Pre Evacuate Collection Set: 0.0ms
[2023-12-20T08:57:08.387-0800][55978832ms] GC(3185)   Evacuate Collection Set: 26.5ms
[2023-12-20T08:57:08.387-0800][55978832ms] GC(3185)   Post Evacuate Collection Set: 2.5ms
[2023-12-20T08:57:08.387-0800][55978832ms] GC(3185)   Other: 0.4ms
[2023-12-20T08:57:08.387-0800][55978832ms] GC(3185) Eden regions: 753->0(753)
[2023-12-20T08:57:08.387-0800][55978832ms] GC(3185) Survivor regions: 30->30(98)
[2023-12-20T08:57:08.387-0800][55978832ms] GC(3185) Old regions: 185->185
[2023-12-20T08:57:08.387-0800][55978832ms] GC(3185) Humongous regions: 5->5
[2023-12-20T08:57:08.387-0800][55978832ms] GC(3185) Metaspace: 256513K->256513K(1294336K)
[2023-12-20T08:57:08.387-0800][55978832ms] GC(3185) Pause Young (Normal) (G1 Evacuation Pause) 1945M->439M(2612M) 29.442ms
[2023-12-20T08:57:08.387-0800][55978832ms] GC(3185) User=0.08s Sys=0.00s Real=0.03s
[2023-12-20T08:57:09.208-0800][55979653ms] GC(3186) Pause Young (Normal) (G1 Evacuation Pause)
[2023-12-20T08:57:09.208-0800][55979653ms] GC(3186) Using 10 workers of 10 for evacuation
[2023-12-20T08:57:09.239-0800][55979684ms] GC(3186)   Pre Evacuate Collection Set: 0.0ms
[2023-12-20T08:57:09.240-0800][55979685ms] GC(3186)   Evacuate Collection Set: 28.1ms
[2023-12-20T08:57:09.240-0800][55979685ms] GC(3186)   Post Evacuate Collection Set: 2.5ms
[2023-12-20T08:57:09.240-0800][55979685ms] GC(3186)   Other: 0.4ms
[2023-12-20T08:57:09.240-0800][55979685ms] GC(3186) Eden regions: 753->0(753)
[2023-12-20T08:57:09.240-0800][55979685ms] GC(3186) Survivor regions: 30->30(98)
[2023-12-20T08:57:09.240-0800][55979685ms] GC(3186) Old regions: 185->185
[2023-12-20T08:57:09.240-0800][55979685ms] GC(3186) Humongous regions: 5->5
[2023-12-20T08:57:09.240-0800][55979685ms] GC(3186) Metaspace: 256513K->256513K(1294336K)
[2023-12-20T08:57:09.240-0800][55979685ms] GC(3186) Pause Young (Normal) (G1 Evacuation Pause) 1945M->438M(2612M) 31.059ms
[2023-12-20T08:57:09.240-0800][55979685ms] GC(3186) User=0.28s Sys=0.00s Real=0.03s
[2023-12-20T08:57:10.045-0800][55980490ms] GC(3187) Pause Young (Normal) (G1 Evacuation Pause)
[2023-12-20T08:57:10.045-0800][55980490ms] GC(3187) Using 10 workers of 10 for evacuation
[2023-12-20T08:57:10.074-0800][55980519ms] GC(3187)   Pre Evacuate Collection Set: 0.0ms
[2023-12-20T08:57:10.074-0800][55980519ms] GC(3187)   Evacuate Collection Set: 26.3ms
[2023-12-20T08:57:10.074-0800][55980519ms] GC(3187)   Post Evacuate Collection Set: 2.3ms
[2023-12-20T08:57:10.074-0800][55980519ms] GC(3187)   Other: 0.4ms
[2023-12-20T08:57:10.074-0800][55980519ms] GC(3187) Eden regions: 753->0(753)
[2023-12-20T08:57:10.074-0800][55980519ms] GC(3187) Survivor regions: 30->30(98)
[2023-12-20T08:57:10.074-0800][55980519ms] GC(3187) Old regions: 185->185
[2023-12-20T08:57:10.074-0800][55980519ms] GC(3187) Humongous regions: 5->5
[2023-12-20T08:57:10.074-0800][55980519ms] GC(3187) Metaspace: 256513K->256513K(1294336K)
[2023-12-20T08:57:10.074-0800][55980519ms] GC(3187) Pause Young (Normal) (G1 Evacuation Pause) 1944M->439M(2612M) 29.166ms
[2023-12-20T08:57:10.074-0800][55980519ms] GC(3187) User=0.14s Sys=0.00s Real=0.03s
[2023-12-20T08:57:10.853-0800][55981298ms] GC(3188) Pause Young (Normal) (G1 Evacuation Pause)
[2023-12-20T08:57:10.853-0800][55981298ms] GC(3188) Using 10 workers of 10 for evacuation
[2023-12-20T08:57:10.883-0800][55981328ms] GC(3188)   Pre Evacuate Collection Set: 0.0ms
[2023-12-20T08:57:10.883-0800][55981328ms] GC(3188)   Evacuate Collection Set: 27.4ms
[2023-12-20T08:57:10.883-0800][55981328ms] GC(3188)   Post Evacuate Collection Set: 2.5ms
[2023-12-20T08:57:10.883-0800][55981328ms] GC(3188)   Other: 0.4ms
[2023-12-20T08:57:10.883-0800][55981328ms] GC(3188) Eden regions: 753->0(753)
[2023-12-20T08:57:10.883-0800][55981328ms] GC(3188) Survivor regions: 30->30(98)
[2023-12-20T08:57:10.883-0800][55981328ms] GC(3188) Old regions: 185->185
[2023-12-20T08:57:10.883-0800][55981328ms] GC(3188) Humongous regions: 5->5
[2023-12-20T08:57:10.883-0800][55981328ms] GC(3188) Metaspace: 256513K->256513K(1294336K)
[2023-12-20T08:57:10.884-0800][55981329ms] GC(3188) Pause Young (Normal) (G1 Evacuation Pause) 1945M->439M(2612M) 30.458ms
[2023-12-20T08:57:10.884-0800][55981329ms] GC(3188) User=0.17s Sys=0.00s Real=0.03s
[2023-12-20T08:57:11.865-0800][55982310ms] GC(3189) Pause Young (Normal) (G1 Evacuation Pause)
[2023-12-20T08:57:11.865-0800][55982310ms] GC(3189) Using 10 workers of 10 for evacuation
[2023-12-20T08:57:11.894-0800][55982339ms] GC(3189)   Pre Evacuate Collection Set: 0.0ms
[2023-12-20T08:57:11.894-0800][55982339ms] GC(3189)   Evacuate Collection Set: 27.4ms
[2023-12-20T08:57:11.894-0800][55982339ms] GC(3189)   Post Evacuate Collection Set: 2.5ms
[2023-12-20T08:57:11.894-0800][55982339ms] GC(3189)   Other: 0.3ms
[2023-12-20T08:57:11.894-0800][55982339ms] GC(3189) Eden regions: 753->0(753)
[2023-12-20T08:57:11.894-0800][55982339ms] GC(3189) Survivor regions: 30->30(98)
[2023-12-20T08:57:11.894-0800][55982339ms] GC(3189) Old regions: 185->185
[2023-12-20T08:57:11.894-0800][55982339ms] GC(3189) Humongous regions: 5->5
[2023-12-20T08:57:11.894-0800][55982339ms] GC(3189) Metaspace: 256513K->256513K(1294336K)
[2023-12-20T08:57:11.894-0800][55982339ms] GC(3189) Pause Young (Normal) (G1 Evacuation Pause) 1945M->439M(2612M) 30.339ms
[2023-12-20T08:57:11.895-0800][55982340ms] GC(3189) User=0.22s Sys=0.00s Real=0.03s
[2023-12-20T08:57:12.783-0800][55983228ms] GC(3190) Pause Young (Normal) (G1 Evacuation Pause)
[2023-12-20T08:57:12.783-0800][55983228ms] GC(3190) Using 10 workers of 10 for evacuation
[2023-12-20T08:57:12.812-0800][55983257ms] GC(3190)   Pre Evacuate Collection Set: 0.0ms
[2023-12-20T08:57:12.812-0800][55983257ms] GC(3190)   Evacuate Collection Set: 26.6ms
[2023-12-20T08:57:12.812-0800][55983257ms] GC(3190)   Post Evacuate Collection Set: 2.4ms
[2023-12-20T08:57:12.812-0800][55983257ms] GC(3190)   Other: 0.4ms
[2023-12-20T08:57:12.812-0800][55983257ms] GC(3190) Eden regions: 753->0(753)
[2023-12-20T08:57:12.812-0800][55983257ms] GC(3190) Survivor regions: 30->30(98)
[2023-12-20T08:57:12.812-0800][55983257ms] GC(3190) Old regions: 185->185
[2023-12-20T08:57:12.812-0800][55983257ms] GC(3190) Humongous regions: 5->5
[2023-12-20T08:57:12.812-0800][55983257ms] GC(3190) Metaspace: 256513K->256513K(1294336K)
[2023-12-20T08:57:12.812-0800][55983257ms] GC(3190) Pause Young (Normal) (G1 Evacuation Pause) 1945M->439M(2612M) 29.496ms
[2023-12-20T08:57:12.812-0800][55983257ms] GC(3190) User=0.11s Sys=0.00s Real=0.03s
[2023-12-20T08:57:13.730-0800][55984175ms] GC(3191) Pause Young (Normal) (G1 Evacuation Pause)
[2023-12-20T08:57:13.730-0800][55984175ms] GC(3191) Using 10 workers of 10 for evacuation
[2023-12-20T08:57:13.760-0800][55984205ms] GC(3191)   Pre Evacuate Collection Set: 0.0ms
[2023-12-20T08:57:13.761-0800][55984206ms] GC(3191)   Evacuate Collection Set: 27.6ms
[2023-12-20T08:57:13.761-0800][55984206ms] GC(3191)   Post Evacuate Collection Set: 2.6ms
[2023-12-20T08:57:13.761-0800][55984206ms] GC(3191)   Other: 0.4ms
[2023-12-20T08:57:13.761-0800][55984206ms] GC(3191) Eden regions: 753->0(753)
[2023-12-20T08:57:13.761-0800][55984206ms] GC(3191) Survivor regions: 30->30(98)
[2023-12-20T08:57:13.761-0800][55984206ms] GC(3191) Old regions: 185->185
[2023-12-20T08:57:13.761-0800][55984206ms] GC(3191) Humongous regions: 5->5
[2023-12-20T08:57:13.761-0800][55984206ms] GC(3191) Metaspace: 256513K->256513K(1294336K)
[2023-12-20T08:57:13.761-0800][55984206ms] GC(3191) Pause Young (Normal) (G1 Evacuation Pause) 1945M->438M(2612M) 30.675ms
[2023-12-20T08:57:13.761-0800][55984206ms] GC(3191) User=0.16s Sys=0.00s Real=0.03s
[2023-12-20T08:57:14.556-0800][55985001ms] GC(3192) Pause Young (Normal) (G1 Evacuation Pause)
[2023-12-20T08:57:14.556-0800][55985001ms] GC(3192) Using 10 workers of 10 for evacuation
[2023-12-20T08:57:14.587-0800][55985032ms] GC(3192)   Pre Evacuate Collection Set: 0.0ms
[2023-12-20T08:57:14.587-0800][55985032ms] GC(3192)   Evacuate Collection Set: 27.4ms
[2023-12-20T08:57:14.587-0800][55985032ms] GC(3192)   Post Evacuate Collection Set: 2.4ms
[2023-12-20T08:57:14.587-0800][55985032ms] GC(3192)   Other: 0.4ms
[2023-12-20T08:57:14.587-0800][55985032ms] GC(3192) Eden regions: 753->0(753)
[2023-12-20T08:57:14.587-0800][55985032ms] GC(3192) Survivor regions: 30->30(98)
[2023-12-20T08:57:14.587-0800][55985032ms] GC(3192) Old regions: 185->185
[2023-12-20T08:57:14.587-0800][55985032ms] GC(3192) Humongous regions: 5->5
[2023-12-20T08:57:14.587-0800][55985032ms] GC(3192) Metaspace: 256513K->256513K(1294336K)
[2023-12-20T08:57:14.587-0800][55985032ms] GC(3192) Pause Young (Normal) (G1 Evacuation Pause) 1944M->438M(2612M) 30.381ms
[2023-12-20T08:57:14.587-0800][55985032ms] GC(3192) User=0.13s Sys=0.00s Real=0.03s
[2023-12-20T08:57:15.430-0800][55985875ms] GC(3193) Pause Young (Normal) (G1 Evacuation Pause)
[2023-12-20T08:57:15.430-0800][55985875ms] GC(3193) Using 10 workers of 10 for evacuation
[2023-12-20T08:57:15.459-0800][55985904ms] GC(3193)   Pre Evacuate Collection Set: 0.0ms
[2023-12-20T08:57:15.459-0800][55985904ms] GC(3193)   Evacuate Collection Set: 26.1ms
[2023-12-20T08:57:15.459-0800][55985904ms] GC(3193)   Post Evacuate Collection Set: 2.5ms
[2023-12-20T08:57:15.459-0800][55985904ms] GC(3193)   Other: 0.3ms
[2023-12-20T08:57:15.459-0800][55985904ms] GC(3193) Eden regions: 753->0(753)
[2023-12-20T08:57:15.459-0800][55985904ms] GC(3193) Survivor regions: 30->30(98)
[2023-12-20T08:57:15.459-0800][55985904ms] GC(3193) Old regions: 185->185
[2023-12-20T08:57:15.459-0800][55985904ms] GC(3193) Humongous regions: 5->5
[2023-12-20T08:57:15.459-0800][55985904ms] GC(3193) Metaspace: 256513K->256513K(1294336K)
[2023-12-20T08:57:15.459-0800][55985904ms] GC(3193) Pause Young (Normal) (G1 Evacuation Pause) 1944M->438M(2612M) 29.063ms
[2023-12-20T08:57:15.459-0800][55985904ms] GC(3193) User=0.09s Sys=0.00s Real=0.03s
[2023-12-20T08:57:16.218-0800][55986663ms] GC(3194) Pause Young (Normal) (G1 Evacuation Pause)
[2023-12-20T08:57:16.218-0800][55986663ms] GC(3194) Using 10 workers of 10 for evacuation
[2023-12-20T08:57:16.248-0800][55986693ms] GC(3194)   Pre Evacuate Collection Set: 0.0ms
[2023-12-20T08:57:16.248-0800][55986693ms] GC(3194)   Evacuate Collection Set: 27.0ms
[2023-12-20T08:57:16.248-0800][55986693ms] GC(3194)   Post Evacuate Collection Set: 2.6ms
[2023-12-20T08:57:16.248-0800][55986693ms] GC(3194)   Other: 0.3ms
[2023-12-20T08:57:16.248-0800][55986693ms] GC(3194) Eden regions: 753->0(753)
[2023-12-20T08:57:16.248-0800][55986693ms] GC(3194) Survivor regions: 30->30(98)
[2023-12-20T08:57:16.248-0800][55986693ms] GC(3194) Old regions: 185->185
[2023-12-20T08:57:16.248-0800][55986693ms] GC(3194) Humongous regions: 5->5
[2023-12-20T08:57:16.248-0800][55986693ms] GC(3194) Metaspace: 256513K->256513K(1294336K)
[2023-12-20T08:57:16.248-0800][55986693ms] GC(3194) Pause Young (Normal) (G1 Evacuation Pause) 1944M->438M(2612M) 30.029ms
[2023-12-20T08:57:16.248-0800][55986693ms] GC(3194) User=0.14s Sys=0.00s Real=0.03s
[2023-12-20T08:57:17.089-0800][55987534ms] GC(3195) Pause Young (Normal) (G1 Evacuation Pause)
[2023-12-20T08:57:17.089-0800][55987534ms] GC(3195) Using 10 workers of 10 for evacuation
[2023-12-20T08:57:17.119-0800][55987564ms] GC(3195)   Pre Evacuate Collection Set: 0.0ms
[2023-12-20T08:57:17.119-0800][55987564ms] GC(3195)   Evacuate Collection Set: 27.5ms
[2023-12-20T08:57:17.119-0800][55987564ms] GC(3195)   Post Evacuate Collection Set: 2.5ms
[2023-12-20T08:57:17.119-0800][55987564ms] GC(3195)   Other: 0.4ms
[2023-12-20T08:57:17.119-0800][55987564ms] GC(3195) Eden regions: 753->0(753)
[2023-12-20T08:57:17.119-0800][55987564ms] GC(3195) Survivor regions: 30->30(98)
[2023-12-20T08:57:17.119-0800][55987564ms] GC(3195) Old regions: 185->185
[2023-12-20T08:57:17.119-0800][55987564ms] GC(3195) Humongous regions: 5->5
[2023-12-20T08:57:17.119-0800][55987564ms] GC(3195) Metaspace: 256513K->256513K(1294336K)
[2023-12-20T08:57:17.120-0800][55987565ms] GC(3195) Pause Young (Normal) (G1 Evacuation Pause) 1944M->439M(2612M) 30.532ms
[2023-12-20T08:57:17.120-0800][55987565ms] GC(3195) User=0.06s Sys=0.00s Real=0.03s
[2023-12-20T08:57:17.982-0800][55988427ms] GC(3196) Pause Young (Normal) (G1 Evacuation Pause)
[2023-12-20T08:57:17.982-0800][55988427ms] GC(3196) Using 10 workers of 10 for evacuation
[2023-12-20T08:57:18.013-0800][55988458ms] GC(3196)   Pre Evacuate Collection Set: 0.0ms
[2023-12-20T08:57:18.013-0800][55988458ms] GC(3196)   Evacuate Collection Set: 27.7ms
[2023-12-20T08:57:18.013-0800][55988458ms] GC(3196)   Post Evacuate Collection Set: 3.6ms
[2023-12-20T08:57:18.013-0800][55988458ms] GC(3196)   Other: 0.5ms
[2023-12-20T08:57:18.013-0800][55988458ms] GC(3196) Eden regions: 753->0(753)
[2023-12-20T08:57:18.013-0800][55988458ms] GC(3196) Survivor regions: 30->30(98)
[2023-12-20T08:57:18.013-0800][55988458ms] GC(3196) Old regions: 185->185
[2023-12-20T08:57:18.013-0800][55988458ms] GC(3196) Humongous regions: 5->5
[2023-12-20T08:57:18.013-0800][55988458ms] GC(3196) Metaspace: 256513K->256513K(1294336K)
[2023-12-20T08:57:18.013-0800][55988458ms] GC(3196) Pause Young (Normal) (G1 Evacuation Pause) 1945M->439M(2612M) 31.996ms
[2023-12-20T08:57:18.013-0800][55988458ms] GC(3196) User=0.13s Sys=0.00s Real=0.03s
[2023-12-20T08:57:18.924-0800][55989369ms] GC(3197) Pause Young (Normal) (G1 Evacuation Pause)
[2023-12-20T08:57:18.924-0800][55989369ms] GC(3197) Using 10 workers of 10 for evacuation
[2023-12-20T08:57:18.957-0800][55989402ms] GC(3197)   Pre Evacuate Collection Set: 0.0ms
[2023-12-20T08:57:18.957-0800][55989402ms] GC(3197)   Evacuate Collection Set: 29.7ms
[2023-12-20T08:57:18.957-0800][55989402ms] GC(3197)   Post Evacuate Collection Set: 2.4ms
[2023-12-20T08:57:18.957-0800][55989402ms] GC(3197)   Other: 0.4ms
[2023-12-20T08:57:18.957-0800][55989402ms] GC(3197) Eden regions: 753->0(755)
[2023-12-20T08:57:18.957-0800][55989402ms] GC(3197) Survivor regions: 30->28(98)
[2023-12-20T08:57:18.957-0800][55989402ms] GC(3197) Old regions: 185->185
[2023-12-20T08:57:18.957-0800][55989402ms] GC(3197) Humongous regions: 5->5
[2023-12-20T08:57:18.957-0800][55989402ms] GC(3197) Metaspace: 256513K->256513K(1294336K)
[2023-12-20T08:57:18.957-0800][55989402ms] GC(3197) Pause Young (Normal) (G1 Evacuation Pause) 1945M->435M(2612M) 32.695ms
[2023-12-20T08:57:18.957-0800][55989402ms] GC(3197) User=0.13s Sys=0.00s Real=0.03s
[2023-12-20T08:57:19.811-0800][55990256ms] GC(3198) Pause Young (Normal) (G1 Evacuation Pause)
[2023-12-20T08:57:19.811-0800][55990256ms] GC(3198) Using 10 workers of 10 for evacuation
[2023-12-20T08:57:19.842-0800][55990287ms] GC(3198)   Pre Evacuate Collection Set: 0.0ms
[2023-12-20T08:57:19.842-0800][55990287ms] GC(3198)   Evacuate Collection Set: 28.8ms
[2023-12-20T08:57:19.842-0800][55990287ms] GC(3198)   Post Evacuate Collection Set: 2.5ms
[2023-12-20T08:57:19.842-0800][55990287ms] GC(3198)   Other: 0.4ms
[2023-12-20T08:57:19.842-0800][55990287ms] GC(3198) Eden regions: 755->0(754)
[2023-12-20T08:57:19.842-0800][55990287ms] GC(3198) Survivor regions: 28->29(98)
[2023-12-20T08:57:19.842-0800][55990287ms] GC(3198) Old regions: 185->185
[2023-12-20T08:57:19.842-0800][55990287ms] GC(3198) Humongous regions: 5->5
[2023-12-20T08:57:19.842-0800][55990287ms] GC(3198) Metaspace: 256513K->256513K(1294336K)
[2023-12-20T08:57:19.842-0800][55990287ms] GC(3198) Pause Young (Normal) (G1 Evacuation Pause) 1945M->437M(2612M) 31.819ms
[2023-12-20T08:57:19.842-0800][55990287ms] GC(3198) User=0.14s Sys=0.00s Real=0.03s
[2023-12-20T08:57:20.871-0800][55991316ms] GC(3199) Pause Young (Normal) (G1 Evacuation Pause)
[2023-12-20T08:57:20.871-0800][55991316ms] GC(3199) Using 10 workers of 10 for evacuation
[2023-12-20T08:57:20.902-0800][55991347ms] GC(3199)   Pre Evacuate Collection Set: 0.0ms
[2023-12-20T08:57:20.902-0800][55991347ms] GC(3199)   Evacuate Collection Set: 28.1ms
[2023-12-20T08:57:20.902-0800][55991347ms] GC(3199)   Post Evacuate Collection Set: 2.6ms
[2023-12-20T08:57:20.902-0800][55991347ms] GC(3199)   Other: 0.4ms
[2023-12-20T08:57:20.902-0800][55991347ms] GC(3199) Eden regions: 754->0(753)
[2023-12-20T08:57:20.902-0800][55991347ms] GC(3199) Survivor regions: 29->30(98)
[2023-12-20T08:57:20.902-0800][55991347ms] GC(3199) Old regions: 185->185
[2023-12-20T08:57:20.902-0800][55991347ms] GC(3199) Humongous regions: 5->5
[2023-12-20T08:57:20.902-0800][55991347ms] GC(3199) Metaspace: 256513K->256513K(1294336K)
[2023-12-20T08:57:20.902-0800][55991347ms] GC(3199) Pause Young (Normal) (G1 Evacuation Pause) 1945M->438M(2612M) 31.168ms
[2023-12-20T08:57:20.902-0800][55991347ms] GC(3199) User=0.19s Sys=0.00s Real=0.03s
[2023-12-20T08:57:21.901-0800][55992346ms] GC(3200) Pause Young (Normal) (G1 Evacuation Pause)
[2023-12-20T08:57:21.901-0800][55992346ms] GC(3200) Using 10 workers of 10 for evacuation
[2023-12-20T08:57:21.933-0800][55992378ms] GC(3200)   Pre Evacuate Collection Set: 0.0ms
[2023-12-20T08:57:21.933-0800][55992378ms] GC(3200)   Evacuate Collection Set: 29.8ms
[2023-12-20T08:57:21.933-0800][55992378ms] GC(3200)   Post Evacuate Collection Set: 2.7ms
[2023-12-20T08:57:21.933-0800][55992378ms] GC(3200)   Other: 0.4ms
[2023-12-20T08:57:21.933-0800][55992378ms] GC(3200) Eden regions: 753->0(754)
[2023-12-20T08:57:21.933-0800][55992378ms] GC(3200) Survivor regions: 30->29(98)
[2023-12-20T08:57:21.933-0800][55992378ms] GC(3200) Old regions: 185->185
[2023-12-20T08:57:21.933-0800][55992378ms] GC(3200) Humongous regions: 5->5
[2023-12-20T08:57:21.933-0800][55992378ms] GC(3200) Metaspace: 256513K->256513K(1294336K)
[2023-12-20T08:57:21.933-0800][55992378ms] GC(3200) Pause Young (Normal) (G1 Evacuation Pause) 1944M->437M(2612M) 33.011ms
[2023-12-20T08:57:21.933-0800][55992378ms] GC(3200) User=0.13s Sys=0.00s Real=0.03s
[2023-12-20T08:57:23.351-0800][55993796ms] GC(3201) Pause Young (Normal) (G1 Evacuation Pause)
[2023-12-20T08:57:23.351-0800][55993796ms] GC(3201) Using 10 workers of 10 for evacuation
[2023-12-20T08:57:23.406-0800][55993851ms] GC(3201)   Pre Evacuate Collection Set: 0.1ms
[2023-12-20T08:57:23.406-0800][55993851ms] GC(3201)   Evacuate Collection Set: 50.9ms
[2023-12-20T08:57:23.406-0800][55993851ms] GC(3201)   Post Evacuate Collection Set: 2.7ms
[2023-12-20T08:57:23.406-0800][55993851ms] GC(3201)   Other: 0.5ms
[2023-12-20T08:57:23.406-0800][55993851ms] GC(3201) Eden regions: 754->0(754)
[2023-12-20T08:57:23.406-0800][55993851ms] GC(3201) Survivor regions: 29->29(98)
[2023-12-20T08:57:23.406-0800][55993851ms] GC(3201) Old regions: 185->185
[2023-12-20T08:57:23.406-0800][55993851ms] GC(3201) Humongous regions: 5->5
[2023-12-20T08:57:23.406-0800][55993851ms] GC(3201) Metaspace: 256513K->256513K(1294336K)
[2023-12-20T08:57:23.406-0800][55993851ms] GC(3201) Pause Young (Normal) (G1 Evacuation Pause) 1945M->437M(2612M) 54.234ms
[2023-12-20T08:57:23.406-0800][55993851ms] GC(3201) User=0.28s Sys=0.00s Real=0.05s
[2023-12-20T08:57:24.863-0800][55995308ms] GC(3202) Pause Young (Normal) (G1 Evacuation Pause)
[2023-12-20T08:57:24.863-0800][55995308ms] GC(3202) Using 10 workers of 10 for evacuation
[2023-12-20T08:57:24.896-0800][55995341ms] GC(3202)   Pre Evacuate Collection Set: 0.0ms
[2023-12-20T08:57:24.896-0800][55995341ms] GC(3202)   Evacuate Collection Set: 30.2ms
[2023-12-20T08:57:24.896-0800][55995341ms] GC(3202)   Post Evacuate Collection Set: 2.7ms
[2023-12-20T08:57:24.896-0800][55995341ms] GC(3202)   Other: 0.4ms
[2023-12-20T08:57:24.896-0800][55995341ms] GC(3202) Eden regions: 754->0(754)
[2023-12-20T08:57:24.896-0800][55995341ms] GC(3202) Survivor regions: 29->29(98)
[2023-12-20T08:57:24.896-0800][55995341ms] GC(3202) Old regions: 185->185
[2023-12-20T08:57:24.896-0800][55995341ms] GC(3202) Humongous regions: 5->5
[2023-12-20T08:57:24.896-0800][55995341ms] GC(3202) Metaspace: 256513K->256513K(1294336K)
[2023-12-20T08:57:24.896-0800][55995341ms] GC(3202) Pause Young (Normal) (G1 Evacuation Pause) 1945M->437M(2612M) 33.538ms
[2023-12-20T08:57:24.896-0800][55995341ms] GC(3202) User=0.11s Sys=0.00s Real=0.03s
[2023-12-20T08:57:25.920-0800][55996365ms] GC(3203) Pause Young (Normal) (G1 Evacuation Pause)
[2023-12-20T08:57:25.920-0800][55996365ms] GC(3203) Using 10 workers of 10 for evacuation
[2023-12-20T08:57:25.954-0800][55996399ms] GC(3203)   Pre Evacuate Collection Set: 0.0ms
[2023-12-20T08:57:25.954-0800][55996399ms] GC(3203)   Evacuate Collection Set: 30.1ms
[2023-12-20T08:57:25.954-0800][55996399ms] GC(3203)   Post Evacuate Collection Set: 3.5ms
[2023-12-20T08:57:25.954-0800][55996399ms] GC(3203)   Other: 0.4ms
[2023-12-20T08:57:25.954-0800][55996399ms] GC(3203) Eden regions: 754->0(754)
[2023-12-20T08:57:25.954-0800][55996399ms] GC(3203) Survivor regions: 29->29(98)
[2023-12-20T08:57:25.954-0800][55996399ms] GC(3203) Old regions: 185->185
[2023-12-20T08:57:25.954-0800][55996399ms] GC(3203) Humongous regions: 5->5
[2023-12-20T08:57:25.954-0800][55996399ms] GC(3203) Metaspace: 256513K->256513K(1294336K)
[2023-12-20T08:57:25.954-0800][55996399ms] GC(3203) Pause Young (Normal) (G1 Evacuation Pause) 1945M->436M(2612M) 34.143ms
[2023-12-20T08:57:25.954-0800][55996399ms] GC(3203) User=0.16s Sys=0.00s Real=0.03s
[2023-12-20T08:57:26.998-0800][55997443ms] GC(3204) Pause Young (Normal) (G1 Evacuation Pause)
[2023-12-20T08:57:26.998-0800][55997443ms] GC(3204) Using 10 workers of 10 for evacuation
[2023-12-20T08:57:27.032-0800][55997477ms] GC(3204)   Pre Evacuate Collection Set: 0.1ms
[2023-12-20T08:57:27.032-0800][55997477ms] GC(3204)   Evacuate Collection Set: 29.2ms
[2023-12-20T08:57:27.032-0800][55997477ms] GC(3204)   Post Evacuate Collection Set: 2.6ms
[2023-12-20T08:57:27.032-0800][55997477ms] GC(3204)   Other: 0.5ms
[2023-12-20T08:57:27.032-0800][55997477ms] GC(3204) Eden regions: 754->0(754)
[2023-12-20T08:57:27.032-0800][55997477ms] GC(3204) Survivor regions: 29->29(98)
[2023-12-20T08:57:27.032-0800][55997477ms] GC(3204) Old regions: 185->185
[2023-12-20T08:57:27.032-0800][55997477ms] GC(3204) Humongous regions: 5->5
[2023-12-20T08:57:27.032-0800][55997477ms] GC(3204) Metaspace: 256513K->256513K(1294336K)
[2023-12-20T08:57:27.032-0800][55997477ms] GC(3204) Pause Young (Normal) (G1 Evacuation Pause) 1944M->436M(2612M) 32.484ms
[2023-12-20T08:57:27.032-0800][55997477ms] GC(3204) User=0.13s Sys=0.00s Real=0.03s
[2023-12-20T08:57:27.901-0800][55998346ms] GC(3205) Pause Young (Normal) (G1 Evacuation Pause)
[2023-12-20T08:57:27.901-0800][55998346ms] GC(3205) Using 10 workers of 10 for evacuation
[2023-12-20T08:57:27.930-0800][55998375ms] GC(3205)   Pre Evacuate Collection Set: 0.0ms
[2023-12-20T08:57:27.930-0800][55998375ms] GC(3205)   Evacuate Collection Set: 26.6ms
[2023-12-20T08:57:27.930-0800][55998375ms] GC(3205)   Post Evacuate Collection Set: 2.3ms
[2023-12-20T08:57:27.930-0800][55998375ms] GC(3205)   Other: 0.4ms
[2023-12-20T08:57:27.930-0800][55998375ms] GC(3205) Eden regions: 754->0(753)
[2023-12-20T08:57:27.930-0800][55998375ms] GC(3205) Survivor regions: 29->30(98)
[2023-12-20T08:57:27.930-0800][55998375ms] GC(3205) Old regions: 185->185
[2023-12-20T08:57:27.930-0800][55998375ms] GC(3205) Humongous regions: 5->5
[2023-12-20T08:57:27.930-0800][55998375ms] GC(3205) Metaspace: 256513K->256513K(1294336K)
[2023-12-20T08:57:27.930-0800][55998375ms] GC(3205) Pause Young (Normal) (G1 Evacuation Pause) 1944M->439M(2612M) 29.447ms
[2023-12-20T08:57:27.930-0800][55998375ms] GC(3205) User=0.11s Sys=0.00s Real=0.03s
[2023-12-20T08:57:28.815-0800][55999260ms] GC(3206) Pause Young (Normal) (G1 Evacuation Pause)
[2023-12-20T08:57:28.815-0800][55999260ms] GC(3206) Using 10 workers of 10 for evacuation
[2023-12-20T08:57:28.850-0800][55999295ms] GC(3206)   Pre Evacuate Collection Set: 0.0ms
[2023-12-20T08:57:28.850-0800][55999295ms] GC(3206)   Evacuate Collection Set: 31.8ms
[2023-12-20T08:57:28.850-0800][55999295ms] GC(3206)   Post Evacuate Collection Set: 2.6ms
[2023-12-20T08:57:28.850-0800][55999295ms] GC(3206)   Other: 0.5ms
[2023-12-20T08:57:28.850-0800][55999295ms] GC(3206) Eden regions: 753->0(753)
[2023-12-20T08:57:28.850-0800][55999295ms] GC(3206) Survivor regions: 30->30(98)
[2023-12-20T08:57:28.850-0800][55999295ms] GC(3206) Old regions: 185->185
[2023-12-20T08:57:28.850-0800][55999295ms] GC(3206) Humongous regions: 5->5
[2023-12-20T08:57:28.850-0800][55999295ms] GC(3206) Metaspace: 256513K->256513K(1294336K)
[2023-12-20T08:57:28.850-0800][55999295ms] GC(3206) Pause Young (Normal) (G1 Evacuation Pause) 1945M->438M(2612M) 35.023ms
[2023-12-20T08:57:28.850-0800][55999295ms] GC(3206) User=0.14s Sys=0.00s Real=0.03s
[2023-12-20T08:57:29.727-0800][56000172ms] GC(3207) Pause Young (Normal) (G1 Evacuation Pause)
[2023-12-20T08:57:29.727-0800][56000172ms] GC(3207) Using 10 workers of 10 for evacuation
[2023-12-20T08:57:29.756-0800][56000201ms] GC(3207)   Pre Evacuate Collection Set: 0.0ms
[2023-12-20T08:57:29.756-0800][56000201ms] GC(3207)   Evacuate Collection Set: 26.2ms
[2023-12-20T08:57:29.756-0800][56000201ms] GC(3207)   Post Evacuate Collection Set: 2.6ms
[2023-12-20T08:57:29.756-0800][56000201ms] GC(3207)   Other: 0.4ms
[2023-12-20T08:57:29.756-0800][56000201ms] GC(3207) Eden regions: 753->0(753)
[2023-12-20T08:57:29.756-0800][56000201ms] GC(3207) Survivor regions: 30->30(98)
[2023-12-20T08:57:29.756-0800][56000201ms] GC(3207) Old regions: 185->185
[2023-12-20T08:57:29.756-0800][56000201ms] GC(3207) Humongous regions: 5->5
[2023-12-20T08:57:29.756-0800][56000201ms] GC(3207) Metaspace: 256513K->256513K(1294336K)
[2023-12-20T08:57:29.756-0800][56000201ms] GC(3207) Pause Young (Normal) (G1 Evacuation Pause) 1944M->439M(2612M) 29.333ms
[2023-12-20T08:57:29.756-0800][56000201ms] GC(3207) User=0.11s Sys=0.00s Real=0.03s
[2023-12-20T08:57:30.657-0800][56001102ms] GC(3208) Pause Young (Normal) (G1 Evacuation Pause)
[2023-12-20T08:57:30.657-0800][56001102ms] GC(3208) Using 10 workers of 10 for evacuation
[2023-12-20T08:57:30.686-0800][56001131ms] GC(3208)   Pre Evacuate Collection Set: 0.0ms
[2023-12-20T08:57:30.686-0800][56001131ms] GC(3208)   Evacuate Collection Set: 27.2ms
[2023-12-20T08:57:30.686-0800][56001131ms] GC(3208)   Post Evacuate Collection Set: 2.3ms
[2023-12-20T08:57:30.686-0800][56001131ms] GC(3208)   Other: 0.4ms
[2023-12-20T08:57:30.686-0800][56001131ms] GC(3208) Eden regions: 753->0(753)
[2023-12-20T08:57:30.686-0800][56001131ms] GC(3208) Survivor regions: 30->30(98)
[2023-12-20T08:57:30.686-0800][56001131ms] GC(3208) Old regions: 185->185
[2023-12-20T08:57:30.686-0800][56001131ms] GC(3208) Humongous regions: 5->5
[2023-12-20T08:57:30.686-0800][56001131ms] GC(3208) Metaspace: 256513K->256513K(1294336K)
[2023-12-20T08:57:30.686-0800][56001131ms] GC(3208) Pause Young (Normal) (G1 Evacuation Pause) 1945M->439M(2612M) 30.055ms
[2023-12-20T08:57:30.686-0800][56001131ms] GC(3208) User=0.09s Sys=0.00s Real=0.03s
[2023-12-20T08:57:31.606-0800][56002051ms] GC(3209) Pause Young (Normal) (G1 Evacuation Pause)
[2023-12-20T08:57:31.606-0800][56002051ms] GC(3209) Using 10 workers of 10 for evacuation
[2023-12-20T08:57:31.637-0800][56002082ms] GC(3209)   Pre Evacuate Collection Set: 0.0ms
[2023-12-20T08:57:31.637-0800][56002082ms] GC(3209)   Evacuate Collection Set: 28.7ms
[2023-12-20T08:57:31.637-0800][56002082ms] GC(3209)   Post Evacuate Collection Set: 2.9ms
[2023-12-20T08:57:31.637-0800][56002082ms] GC(3209)   Other: 0.4ms
[2023-12-20T08:57:31.637-0800][56002082ms] GC(3209) Eden regions: 753->0(753)
[2023-12-20T08:57:31.637-0800][56002082ms] GC(3209) Survivor regions: 30->30(98)
[2023-12-20T08:57:31.637-0800][56002082ms] GC(3209) Old regions: 185->185
[2023-12-20T08:57:31.637-0800][56002082ms] GC(3209) Humongous regions: 5->5
[2023-12-20T08:57:31.637-0800][56002082ms] GC(3209) Metaspace: 256513K->256513K(1294336K)
[2023-12-20T08:57:31.637-0800][56002082ms] GC(3209) Pause Young (Normal) (G1 Evacuation Pause) 1945M->439M(2612M) 32.184ms
[2023-12-20T08:57:31.637-0800][56002082ms] GC(3209) User=0.14s Sys=0.00s Real=0.03s
[2023-12-20T08:57:32.561-0800][56003006ms] GC(3210) Pause Young (Normal) (G1 Evacuation Pause)
[2023-12-20T08:57:32.562-0800][56003007ms] GC(3210) Using 10 workers of 10 for evacuation
[2023-12-20T08:57:32.595-0800][56003040ms] GC(3210)   Pre Evacuate Collection Set: 0.0ms
[2023-12-20T08:57:32.595-0800][56003040ms] GC(3210)   Evacuate Collection Set: 31.3ms
[2023-12-20T08:57:32.595-0800][56003040ms] GC(3210)   Post Evacuate Collection Set: 2.5ms
[2023-12-20T08:57:32.595-0800][56003040ms] GC(3210)   Other: 0.4ms
[2023-12-20T08:57:32.595-0800][56003040ms] GC(3210) Eden regions: 753->0(753)
[2023-12-20T08:57:32.595-0800][56003040ms] GC(3210) Survivor regions: 30->30(98)
[2023-12-20T08:57:32.595-0800][56003040ms] GC(3210) Old regions: 185->185
[2023-12-20T08:57:32.595-0800][56003040ms] GC(3210) Humongous regions: 5->5
[2023-12-20T08:57:32.595-0800][56003040ms] GC(3210) Metaspace: 256513K->256513K(1294336K)
[2023-12-20T08:57:32.595-0800][56003040ms] GC(3210) Pause Young (Normal) (G1 Evacuation Pause) 1945M->439M(2612M) 34.397ms
[2023-12-20T08:57:32.595-0800][56003040ms] GC(3210) User=0.14s Sys=0.00s Real=0.03s
[2023-12-20T08:57:33.313-0800][56003758ms] GC(3211) Pause Young (Normal) (G1 Evacuation Pause)
[2023-12-20T08:57:33.313-0800][56003758ms] GC(3211) Using 10 workers of 10 for evacuation
[2023-12-20T08:57:33.341-0800][56003786ms] GC(3211)   Pre Evacuate Collection Set: 0.0ms
[2023-12-20T08:57:33.341-0800][56003786ms] GC(3211)   Evacuate Collection Set: 25.8ms
[2023-12-20T08:57:33.341-0800][56003786ms] GC(3211)   Post Evacuate Collection Set: 2.3ms
[2023-12-20T08:57:33.341-0800][56003786ms] GC(3211)   Other: 0.4ms
[2023-12-20T08:57:33.341-0800][56003786ms] GC(3211) Eden regions: 753->0(753)
[2023-12-20T08:57:33.341-0800][56003786ms] GC(3211) Survivor regions: 30->30(98)
[2023-12-20T08:57:33.341-0800][56003786ms] GC(3211) Old regions: 185->185
[2023-12-20T08:57:33.341-0800][56003786ms] GC(3211) Humongous regions: 5->5
[2023-12-20T08:57:33.341-0800][56003786ms] GC(3211) Metaspace: 256513K->256513K(1294336K)
[2023-12-20T08:57:33.341-0800][56003786ms] GC(3211) Pause Young (Normal) (G1 Evacuation Pause) 1945M->439M(2612M) 28.610ms
[2023-12-20T08:57:33.341-0800][56003786ms] GC(3211) User=0.11s Sys=0.00s Real=0.03s
[2023-12-20T08:57:34.084-0800][56004529ms] GC(3212) Pause Young (Normal) (G1 Evacuation Pause)
[2023-12-20T08:57:34.084-0800][56004529ms] GC(3212) Using 10 workers of 10 for evacuation
[2023-12-20T08:57:34.114-0800][56004559ms] GC(3212)   Pre Evacuate Collection Set: 0.1ms
[2023-12-20T08:57:34.114-0800][56004559ms] GC(3212)   Evacuate Collection Set: 27.3ms
[2023-12-20T08:57:34.114-0800][56004559ms] GC(3212)   Post Evacuate Collection Set: 2.8ms
[2023-12-20T08:57:34.114-0800][56004559ms] GC(3212)   Other: 0.5ms
[2023-12-20T08:57:34.114-0800][56004559ms] GC(3212) Eden regions: 753->0(752)
[2023-12-20T08:57:34.114-0800][56004559ms] GC(3212) Survivor regions: 30->31(98)
[2023-12-20T08:57:34.114-0800][56004559ms] GC(3212) Old regions: 185->185
[2023-12-20T08:57:34.114-0800][56004559ms] GC(3212) Humongous regions: 5->5
[2023-12-20T08:57:34.114-0800][56004559ms] GC(3212) Metaspace: 256513K->256513K(1294336K)
[2023-12-20T08:57:34.114-0800][56004559ms] GC(3212) Pause Young (Normal) (G1 Evacuation Pause) 1945M->440M(2612M) 30.735ms
[2023-12-20T08:57:34.114-0800][56004559ms] GC(3212) User=0.16s Sys=0.00s Real=0.03s
[2023-12-20T08:57:34.756-0800][56005201ms] GC(3213) Pause Young (Normal) (G1 Evacuation Pause)
[2023-12-20T08:57:34.756-0800][56005201ms] GC(3213) Using 10 workers of 10 for evacuation
[2023-12-20T08:57:34.784-0800][56005229ms] GC(3213)   Pre Evacuate Collection Set: 0.0ms
[2023-12-20T08:57:34.784-0800][56005229ms] GC(3213)   Evacuate Collection Set: 25.5ms
[2023-12-20T08:57:34.784-0800][56005229ms] GC(3213)   Post Evacuate Collection Set: 2.5ms
[2023-12-20T08:57:34.784-0800][56005229ms] GC(3213)   Other: 0.4ms
[2023-12-20T08:57:34.784-0800][56005229ms] GC(3213) Eden regions: 752->0(753)
[2023-12-20T08:57:34.784-0800][56005229ms] GC(3213) Survivor regions: 31->30(98)
[2023-12-20T08:57:34.784-0800][56005229ms] GC(3213) Old regions: 185->185
[2023-12-20T08:57:34.784-0800][56005229ms] GC(3213) Humongous regions: 5->5
[2023-12-20T08:57:34.784-0800][56005229ms] GC(3213) Metaspace: 256513K->256513K(1294336K)
[2023-12-20T08:57:34.784-0800][56005229ms] GC(3213) Pause Young (Normal) (G1 Evacuation Pause) 1944M->439M(2612M) 28.506ms
[2023-12-20T08:57:34.784-0800][56005229ms] GC(3213) User=0.23s Sys=0.00s Real=0.03s
[2023-12-20T08:57:35.448-0800][56005893ms] GC(3214) Pause Young (Normal) (G1 Evacuation Pause)
[2023-12-20T08:57:35.448-0800][56005893ms] GC(3214) Using 10 workers of 10 for evacuation
[2023-12-20T08:57:35.477-0800][56005922ms] GC(3214)   Pre Evacuate Collection Set: 0.0ms
[2023-12-20T08:57:35.477-0800][56005922ms] GC(3214)   Evacuate Collection Set: 26.3ms
[2023-12-20T08:57:35.477-0800][56005922ms] GC(3214)   Post Evacuate Collection Set: 2.4ms
[2023-12-20T08:57:35.477-0800][56005922ms] GC(3214)   Other: 0.4ms
[2023-12-20T08:57:35.477-0800][56005922ms] GC(3214) Eden regions: 753->0(752)
[2023-12-20T08:57:35.477-0800][56005922ms] GC(3214) Survivor regions: 30->31(98)
[2023-12-20T08:57:35.477-0800][56005922ms] GC(3214) Old regions: 185->185
[2023-12-20T08:57:35.477-0800][56005922ms] GC(3214) Humongous regions: 5->5
[2023-12-20T08:57:35.477-0800][56005922ms] GC(3214) Metaspace: 256513K->256513K(1294336K)
[2023-12-20T08:57:35.477-0800][56005923ms] GC(3214) Pause Young (Normal) (G1 Evacuation Pause) 1945M->440M(2612M) 29.162ms
[2023-12-20T08:57:35.478-0800][56005923ms] GC(3214) User=0.11s Sys=0.00s Real=0.03s
[2023-12-20T08:57:36.360-0800][56006805ms] GC(3215) Pause Young (Normal) (GCLocker Initiated GC)
[2023-12-20T08:57:36.360-0800][56006805ms] GC(3215) Using 10 workers of 10 for evacuation
[2023-12-20T08:57:36.393-0800][56006838ms] GC(3215)   Pre Evacuate Collection Set: 0.0ms
[2023-12-20T08:57:36.393-0800][56006838ms] GC(3215)   Evacuate Collection Set: 28.8ms
[2023-12-20T08:57:36.393-0800][56006838ms] GC(3215)   Post Evacuate Collection Set: 3.1ms
[2023-12-20T08:57:36.393-0800][56006838ms] GC(3215)   Other: 0.4ms
[2023-12-20T08:57:36.393-0800][56006838ms] GC(3215) Eden regions: 753->0(753)
[2023-12-20T08:57:36.393-0800][56006838ms] GC(3215) Survivor regions: 31->30(98)
[2023-12-20T08:57:36.393-0800][56006838ms] GC(3215) Old regions: 185->185
[2023-12-20T08:57:36.393-0800][56006838ms] GC(3215) Humongous regions: 5->5
[2023-12-20T08:57:36.393-0800][56006838ms] GC(3215) Metaspace: 256513K->256513K(1294336K)
[2023-12-20T08:57:36.393-0800][56006838ms] GC(3215) Pause Young (Normal) (GCLocker Initiated GC) 1945M->439M(2612M) 32.452ms
[2023-12-20T08:57:36.393-0800][56006838ms] GC(3215) User=0.14s Sys=0.00s Real=0.03s
[2023-12-20T08:57:37.269-0800][56007714ms] GC(3216) Pause Young (Normal) (GCLocker Initiated GC)
[2023-12-20T08:57:37.269-0800][56007714ms] GC(3216) Using 10 workers of 10 for evacuation
[2023-12-20T08:57:37.298-0800][56007743ms] GC(3216)   Pre Evacuate Collection Set: 0.0ms
[2023-12-20T08:57:37.298-0800][56007743ms] GC(3216)   Evacuate Collection Set: 26.7ms
[2023-12-20T08:57:37.298-0800][56007743ms] GC(3216)   Post Evacuate Collection Set: 2.5ms
[2023-12-20T08:57:37.298-0800][56007743ms] GC(3216)   Other: 0.4ms
[2023-12-20T08:57:37.298-0800][56007743ms] GC(3216) Eden regions: 754->0(752)
[2023-12-20T08:57:37.298-0800][56007743ms] GC(3216) Survivor regions: 30->31(98)
[2023-12-20T08:57:37.298-0800][56007743ms] GC(3216) Old regions: 185->185
[2023-12-20T08:57:37.298-0800][56007743ms] GC(3216) Humongous regions: 5->5
[2023-12-20T08:57:37.298-0800][56007743ms] GC(3216) Metaspace: 256513K->256513K(1294336K)
[2023-12-20T08:57:37.298-0800][56007743ms] GC(3216) Pause Young (Normal) (GCLocker Initiated GC) 1946M->440M(2612M) 29.758ms
[2023-12-20T08:57:37.298-0800][56007743ms] GC(3216) User=0.13s Sys=0.00s Real=0.03s
[2023-12-20T08:57:38.099-0800][56008545ms] GC(3217) Pause Young (Normal) (GCLocker Initiated GC)
[2023-12-20T08:57:38.100-0800][56008545ms] GC(3217) Using 10 workers of 10 for evacuation
[2023-12-20T08:57:38.130-0800][56008575ms] GC(3217)   Pre Evacuate Collection Set: 0.1ms
[2023-12-20T08:57:38.130-0800][56008575ms] GC(3217)   Evacuate Collection Set: 27.3ms
[2023-12-20T08:57:38.130-0800][56008575ms] GC(3217)   Post Evacuate Collection Set: 2.4ms
[2023-12-20T08:57:38.130-0800][56008575ms] GC(3217)   Other: 0.4ms
[2023-12-20T08:57:38.130-0800][56008575ms] GC(3217) Eden regions: 752->0(752)
[2023-12-20T08:57:38.130-0800][56008575ms] GC(3217) Survivor regions: 31->31(98)
[2023-12-20T08:57:38.130-0800][56008575ms] GC(3217) Old regions: 185->185
[2023-12-20T08:57:38.130-0800][56008575ms] GC(3217) Humongous regions: 5->5
[2023-12-20T08:57:38.130-0800][56008575ms] GC(3217) Metaspace: 256513K->256513K(1294336K)
[2023-12-20T08:57:38.130-0800][56008575ms] GC(3217) Pause Young (Normal) (GCLocker Initiated GC) 1944M->440M(2612M) 30.247ms
[2023-12-20T08:57:38.130-0800][56008575ms] GC(3217) User=0.23s Sys=0.00s Real=0.03s
[2023-12-20T08:57:38.990-0800][56009435ms] GC(3218) Pause Young (Normal) (G1 Evacuation Pause)
[2023-12-20T08:57:38.990-0800][56009435ms] GC(3218) Using 10 workers of 10 for evacuation
[2023-12-20T08:57:39.020-0800][56009465ms] GC(3218)   Pre Evacuate Collection Set: 0.0ms
[2023-12-20T08:57:39.020-0800][56009465ms] GC(3218)   Evacuate Collection Set: 27.8ms
[2023-12-20T08:57:39.020-0800][56009465ms] GC(3218)   Post Evacuate Collection Set: 2.4ms
[2023-12-20T08:57:39.020-0800][56009465ms] GC(3218)   Other: 0.4ms
[2023-12-20T08:57:39.020-0800][56009465ms] GC(3218) Eden regions: 752->0(753)
[2023-12-20T08:57:39.020-0800][56009465ms] GC(3218) Survivor regions: 31->30(98)
[2023-12-20T08:57:39.020-0800][56009465ms] GC(3218) Old regions: 185->185
[2023-12-20T08:57:39.020-0800][56009465ms] GC(3218) Humongous regions: 5->5
[2023-12-20T08:57:39.020-0800][56009465ms] GC(3218) Metaspace: 256513K->256513K(1294336K)
[2023-12-20T08:57:39.020-0800][56009465ms] GC(3218) Pause Young (Normal) (G1 Evacuation Pause) 1944M->438M(2612M) 30.796ms
[2023-12-20T08:57:39.020-0800][56009465ms] GC(3218) User=0.13s Sys=0.00s Real=0.03s
[2023-12-20T08:57:39.953-0800][56010398ms] GC(3219) Pause Young (Normal) (G1 Evacuation Pause)
[2023-12-20T08:57:39.953-0800][56010398ms] GC(3219) Using 10 workers of 10 for evacuation
[2023-12-20T08:57:39.982-0800][56010427ms] GC(3219)   Pre Evacuate Collection Set: 0.0ms
[2023-12-20T08:57:39.982-0800][56010427ms] GC(3219)   Evacuate Collection Set: 26.8ms
[2023-12-20T08:57:39.982-0800][56010427ms] GC(3219)   Post Evacuate Collection Set: 2.6ms
[2023-12-20T08:57:39.982-0800][56010427ms] GC(3219)   Other: 0.4ms
[2023-12-20T08:57:39.982-0800][56010427ms] GC(3219) Eden regions: 753->0(752)
[2023-12-20T08:57:39.982-0800][56010427ms] GC(3219) Survivor regions: 30->31(98)
[2023-12-20T08:57:39.982-0800][56010427ms] GC(3219) Old regions: 185->185
[2023-12-20T08:57:39.982-0800][56010427ms] GC(3219) Humongous regions: 5->5
[2023-12-20T08:57:39.982-0800][56010427ms] GC(3219) Metaspace: 256513K->256513K(1294336K)
[2023-12-20T08:57:39.982-0800][56010427ms] GC(3219) Pause Young (Normal) (G1 Evacuation Pause) 1944M->440M(2612M) 29.928ms
[2023-12-20T08:57:39.982-0800][56010427ms] GC(3219) User=0.11s Sys=0.00s Real=0.03s
[2023-12-20T08:57:40.876-0800][56011321ms] GC(3220) Pause Young (Normal) (G1 Evacuation Pause)
[2023-12-20T08:57:40.876-0800][56011321ms] GC(3220) Using 10 workers of 10 for evacuation
[2023-12-20T08:57:40.924-0800][56011369ms] GC(3220)   Pre Evacuate Collection Set: 0.0ms
[2023-12-20T08:57:40.924-0800][56011369ms] GC(3220)   Evacuate Collection Set: 44.1ms
[2023-12-20T08:57:40.924-0800][56011369ms] GC(3220)   Post Evacuate Collection Set: 3.1ms
[2023-12-20T08:57:40.924-0800][56011369ms] GC(3220)   Other: 0.4ms
[2023-12-20T08:57:40.924-0800][56011369ms] GC(3220) Eden regions: 752->0(753)
[2023-12-20T08:57:40.924-0800][56011369ms] GC(3220) Survivor regions: 31->30(98)
[2023-12-20T08:57:40.924-0800][56011369ms] GC(3220) Old regions: 185->185
[2023-12-20T08:57:40.924-0800][56011369ms] GC(3220) Humongous regions: 5->5
[2023-12-20T08:57:40.924-0800][56011369ms] GC(3220) Metaspace: 256513K->256513K(1294336K)
[2023-12-20T08:57:40.924-0800][56011369ms] GC(3220) Pause Young (Normal) (G1 Evacuation Pause) 1944M->439M(2612M) 47.746ms
[2023-12-20T08:57:40.924-0800][56011369ms] GC(3220) User=0.14s Sys=0.00s Real=0.05s
[2023-12-20T08:57:41.774-0800][56012219ms] GC(3221) Pause Young (Normal) (G1 Evacuation Pause)
[2023-12-20T08:57:41.774-0800][56012219ms] GC(3221) Using 10 workers of 10 for evacuation
[2023-12-20T08:57:41.804-0800][56012249ms] GC(3221)   Pre Evacuate Collection Set: 0.0ms
[2023-12-20T08:57:41.804-0800][56012249ms] GC(3221)   Evacuate Collection Set: 27.4ms
[2023-12-20T08:57:41.804-0800][56012249ms] GC(3221)   Post Evacuate Collection Set: 2.5ms
[2023-12-20T08:57:41.804-0800][56012249ms] GC(3221)   Other: 0.4ms
[2023-12-20T08:57:41.804-0800][56012249ms] GC(3221) Eden regions: 753->0(753)
[2023-12-20T08:57:41.804-0800][56012249ms] GC(3221) Survivor regions: 30->30(98)
[2023-12-20T08:57:41.804-0800][56012249ms] GC(3221) Old regions: 185->186
[2023-12-20T08:57:41.804-0800][56012249ms] GC(3221) Humongous regions: 5->5
[2023-12-20T08:57:41.804-0800][56012249ms] GC(3221) Metaspace: 256513K->256513K(1294336K)
[2023-12-20T08:57:41.804-0800][56012249ms] GC(3221) Pause Young (Normal) (G1 Evacuation Pause) 1945M->440M(2612M) 30.508ms
[2023-12-20T08:57:41.804-0800][56012249ms] GC(3221) User=0.06s Sys=0.02s Real=0.03s
[2023-12-20T08:57:42.564-0800][56013009ms] GC(3222) Pause Young (Normal) (G1 Evacuation Pause)
[2023-12-20T08:57:42.564-0800][56013009ms] GC(3222) Using 10 workers of 10 for evacuation
[2023-12-20T08:57:42.596-0800][56013041ms] GC(3222)   Pre Evacuate Collection Set: 0.0ms
[2023-12-20T08:57:42.596-0800][56013041ms] GC(3222)   Evacuate Collection Set: 28.6ms
[2023-12-20T08:57:42.596-0800][56013041ms] GC(3222)   Post Evacuate Collection Set: 2.9ms
[2023-12-20T08:57:42.596-0800][56013041ms] GC(3222)   Other: 0.4ms
[2023-12-20T08:57:42.596-0800][56013041ms] GC(3222) Eden regions: 753->0(754)
[2023-12-20T08:57:42.596-0800][56013041ms] GC(3222) Survivor regions: 30->29(98)
[2023-12-20T08:57:42.596-0800][56013041ms] GC(3222) Old regions: 186->186
[2023-12-20T08:57:42.596-0800][56013041ms] GC(3222) Humongous regions: 5->5
[2023-12-20T08:57:42.596-0800][56013041ms] GC(3222) Metaspace: 256513K->256513K(1294336K)
[2023-12-20T08:57:42.596-0800][56013041ms] GC(3222) Pause Young (Normal) (G1 Evacuation Pause) 1946M->438M(2612M) 32.010ms
[2023-12-20T08:57:42.596-0800][56013041ms] GC(3222) User=0.14s Sys=0.00s Real=0.03s
[2023-12-20T08:57:43.377-0800][56013822ms] GC(3223) Pause Young (Normal) (G1 Evacuation Pause)
[2023-12-20T08:57:43.377-0800][56013822ms] GC(3223) Using 10 workers of 10 for evacuation
[2023-12-20T08:57:43.407-0800][56013852ms] GC(3223)   Pre Evacuate Collection Set: 0.0ms
[2023-12-20T08:57:43.407-0800][56013852ms] GC(3223)   Evacuate Collection Set: 27.3ms
[2023-12-20T08:57:43.407-0800][56013852ms] GC(3223)   Post Evacuate Collection Set: 2.5ms
[2023-12-20T08:57:43.407-0800][56013852ms] GC(3223)   Other: 0.4ms
[2023-12-20T08:57:43.407-0800][56013852ms] GC(3223) Eden regions: 754->0(753)
[2023-12-20T08:57:43.407-0800][56013852ms] GC(3223) Survivor regions: 29->30(98)
[2023-12-20T08:57:43.407-0800][56013852ms] GC(3223) Old regions: 186->186
[2023-12-20T08:57:43.407-0800][56013852ms] GC(3223) Humongous regions: 5->5
[2023-12-20T08:57:43.407-0800][56013852ms] GC(3223) Metaspace: 256513K->256513K(1294336K)
[2023-12-20T08:57:43.407-0800][56013852ms] GC(3223) Pause Young (Normal) (G1 Evacuation Pause) 1946M->440M(2612M) 30.298ms
[2023-12-20T08:57:43.407-0800][56013852ms] GC(3223) User=0.09s Sys=0.00s Real=0.03s
[2023-12-20T08:57:43.955-0800][56014400ms] GC(3224) Pause Young (Normal) (G1 Evacuation Pause)
[2023-12-20T08:57:43.955-0800][56014400ms] GC(3224) Using 10 workers of 10 for evacuation
[2023-12-20T08:57:43.984-0800][56014429ms] GC(3224)   Pre Evacuate Collection Set: 0.0ms
[2023-12-20T08:57:43.984-0800][56014429ms] GC(3224)   Evacuate Collection Set: 25.9ms
[2023-12-20T08:57:43.984-0800][56014429ms] GC(3224)   Post Evacuate Collection Set: 2.7ms
[2023-12-20T08:57:43.984-0800][56014429ms] GC(3224)   Other: 0.5ms
[2023-12-20T08:57:43.984-0800][56014429ms] GC(3224) Eden regions: 753->0(753)
[2023-12-20T08:57:43.984-0800][56014429ms] GC(3224) Survivor regions: 30->30(98)
[2023-12-20T08:57:43.984-0800][56014429ms] GC(3224) Old regions: 186->186
[2023-12-20T08:57:43.984-0800][56014429ms] GC(3224) Humongous regions: 5->5
[2023-12-20T08:57:43.984-0800][56014429ms] GC(3224) Metaspace: 256513K->256513K(1294336K)
[2023-12-20T08:57:43.984-0800][56014429ms] GC(3224) Pause Young (Normal) (G1 Evacuation Pause) 1946M->440M(2612M) 29.259ms
[2023-12-20T08:57:43.984-0800][56014429ms] GC(3224) User=0.16s Sys=0.00s Real=0.03s
[2023-12-20T08:57:44.602-0800][56015047ms] GC(3225) Pause Young (Normal) (G1 Evacuation Pause)
[2023-12-20T08:57:44.602-0800][56015047ms] GC(3225) Using 10 workers of 10 for evacuation
[2023-12-20T08:57:44.631-0800][56015076ms] GC(3225)   Pre Evacuate Collection Set: 0.0ms
[2023-12-20T08:57:44.631-0800][56015076ms] GC(3225)   Evacuate Collection Set: 26.3ms
[2023-12-20T08:57:44.631-0800][56015076ms] GC(3225)   Post Evacuate Collection Set: 2.5ms
[2023-12-20T08:57:44.631-0800][56015076ms] GC(3225)   Other: 0.4ms
[2023-12-20T08:57:44.631-0800][56015076ms] GC(3225) Eden regions: 753->0(752)
[2023-12-20T08:57:44.631-0800][56015076ms] GC(3225) Survivor regions: 30->31(98)
[2023-12-20T08:57:44.631-0800][56015076ms] GC(3225) Old regions: 186->186
[2023-12-20T08:57:44.631-0800][56015076ms] GC(3225) Humongous regions: 5->5
[2023-12-20T08:57:44.631-0800][56015076ms] GC(3225) Metaspace: 256513K->256513K(1294336K)
[2023-12-20T08:57:44.631-0800][56015076ms] GC(3225) Pause Young (Normal) (G1 Evacuation Pause) 1946M->441M(2612M) 29.341ms
[2023-12-20T08:57:44.631-0800][56015076ms] GC(3225) User=0.14s Sys=0.00s Real=0.03s
[2023-12-20T08:57:45.189-0800][56015634ms] GC(3226) Pause Young (Normal) (G1 Evacuation Pause)
[2023-12-20T08:57:45.189-0800][56015634ms] GC(3226) Using 10 workers of 10 for evacuation
[2023-12-20T08:57:45.218-0800][56015663ms] GC(3226)   Pre Evacuate Collection Set: 0.0ms
[2023-12-20T08:57:45.218-0800][56015663ms] GC(3226)   Evacuate Collection Set: 26.5ms
[2023-12-20T08:57:45.218-0800][56015663ms] GC(3226)   Post Evacuate Collection Set: 2.4ms
[2023-12-20T08:57:45.218-0800][56015663ms] GC(3226)   Other: 0.4ms
[2023-12-20T08:57:45.218-0800][56015663ms] GC(3226) Eden regions: 752->0(753)
[2023-12-20T08:57:45.218-0800][56015663ms] GC(3226) Survivor regions: 31->30(98)
[2023-12-20T08:57:45.218-0800][56015663ms] GC(3226) Old regions: 186->186
[2023-12-20T08:57:45.218-0800][56015663ms] GC(3226) Humongous regions: 5->5
[2023-12-20T08:57:45.218-0800][56015663ms] GC(3226) Metaspace: 256513K->256513K(1294336K)
[2023-12-20T08:57:45.218-0800][56015663ms] GC(3226) Pause Young (Normal) (G1 Evacuation Pause) 1945M->439M(2612M) 29.510ms
[2023-12-20T08:57:45.218-0800][56015663ms] GC(3226) User=0.14s Sys=0.00s Real=0.03s
[2023-12-20T08:57:45.887-0800][56016332ms] GC(3227) Pause Young (Normal) (G1 Evacuation Pause)
[2023-12-20T08:57:45.887-0800][56016332ms] GC(3227) Using 10 workers of 10 for evacuation
[2023-12-20T08:57:45.916-0800][56016361ms] GC(3227)   Pre Evacuate Collection Set: 0.0ms
[2023-12-20T08:57:45.916-0800][56016361ms] GC(3227)   Evacuate Collection Set: 26.1ms
[2023-12-20T08:57:45.916-0800][56016361ms] GC(3227)   Post Evacuate Collection Set: 2.4ms
[2023-12-20T08:57:45.916-0800][56016361ms] GC(3227)   Other: 0.4ms
[2023-12-20T08:57:45.916-0800][56016361ms] GC(3227) Eden regions: 753->0(753)
[2023-12-20T08:57:45.916-0800][56016361ms] GC(3227) Survivor regions: 30->30(98)
[2023-12-20T08:57:45.916-0800][56016361ms] GC(3227) Old regions: 186->186
[2023-12-20T08:57:45.916-0800][56016361ms] GC(3227) Humongous regions: 5->5
[2023-12-20T08:57:45.916-0800][56016361ms] GC(3227) Metaspace: 256513K->256513K(1294336K)
[2023-12-20T08:57:45.916-0800][56016361ms] GC(3227) Pause Young (Normal) (G1 Evacuation Pause) 1945M->440M(2612M) 29.034ms
[2023-12-20T08:57:45.916-0800][56016361ms] GC(3227) User=0.09s Sys=0.00s Real=0.03s
[2023-12-20T08:57:46.682-0800][56017127ms] GC(3228) Pause Young (Normal) (G1 Evacuation Pause)
[2023-12-20T08:57:46.682-0800][56017127ms] GC(3228) Using 10 workers of 10 for evacuation
[2023-12-20T08:57:46.710-0800][56017155ms] GC(3228)   Pre Evacuate Collection Set: 0.0ms
[2023-12-20T08:57:46.710-0800][56017155ms] GC(3228)   Evacuate Collection Set: 26.2ms
[2023-12-20T08:57:46.710-0800][56017155ms] GC(3228)   Post Evacuate Collection Set: 2.4ms
[2023-12-20T08:57:46.710-0800][56017155ms] GC(3228)   Other: 0.4ms
[2023-12-20T08:57:46.710-0800][56017155ms] GC(3228) Eden regions: 753->0(753)
[2023-12-20T08:57:46.710-0800][56017155ms] GC(3228) Survivor regions: 30->30(98)
[2023-12-20T08:57:46.710-0800][56017155ms] GC(3228) Old regions: 186->186
[2023-12-20T08:57:46.710-0800][56017155ms] GC(3228) Humongous regions: 5->5
[2023-12-20T08:57:46.710-0800][56017155ms] GC(3228) Metaspace: 256513K->256513K(1294336K)
[2023-12-20T08:57:46.710-0800][56017155ms] GC(3228) Pause Young (Normal) (G1 Evacuation Pause) 1946M->440M(2612M) 29.187ms
[2023-12-20T08:57:46.710-0800][56017155ms] GC(3228) User=0.09s Sys=0.00s Real=0.03s
[2023-12-20T08:57:47.145-0800][56017590ms] GC(3229) Pause Young (Normal) (G1 Evacuation Pause)
[2023-12-20T08:57:47.145-0800][56017590ms] GC(3229) Using 10 workers of 10 for evacuation
[2023-12-20T08:57:47.177-0800][56017622ms] GC(3229)   Pre Evacuate Collection Set: 0.0ms
[2023-12-20T08:57:47.177-0800][56017622ms] GC(3229)   Evacuate Collection Set: 29.1ms
[2023-12-20T08:57:47.177-0800][56017622ms] GC(3229)   Post Evacuate Collection Set: 3.1ms
[2023-12-20T08:57:47.177-0800][56017622ms] GC(3229)   Other: 0.4ms
[2023-12-20T08:57:47.177-0800][56017622ms] GC(3229) Eden regions: 753->0(753)
[2023-12-20T08:57:47.177-0800][56017622ms] GC(3229) Survivor regions: 30->30(98)
[2023-12-20T08:57:47.177-0800][56017622ms] GC(3229) Old regions: 186->186
[2023-12-20T08:57:47.177-0800][56017622ms] GC(3229) Humongous regions: 5->5
[2023-12-20T08:57:47.177-0800][56017622ms] GC(3229) Metaspace: 256513K->256513K(1294336K)
[2023-12-20T08:57:47.177-0800][56017622ms] GC(3229) Pause Young (Normal) (G1 Evacuation Pause) 1946M->439M(2612M) 32.713ms
[2023-12-20T08:57:47.177-0800][56017622ms] GC(3229) User=0.08s Sys=0.00s Real=0.03s
[2023-12-20T08:57:47.912-0800][56018357ms] GC(3230) Pause Young (Normal) (G1 Evacuation Pause)
[2023-12-20T08:57:47.912-0800][56018357ms] GC(3230) Using 10 workers of 10 for evacuation
[2023-12-20T08:57:47.941-0800][56018386ms] GC(3230)   Pre Evacuate Collection Set: 0.0ms
[2023-12-20T08:57:47.941-0800][56018386ms] GC(3230)   Evacuate Collection Set: 26.5ms
[2023-12-20T08:57:47.941-0800][56018386ms] GC(3230)   Post Evacuate Collection Set: 2.6ms
[2023-12-20T08:57:47.941-0800][56018386ms] GC(3230)   Other: 0.4ms
[2023-12-20T08:57:47.941-0800][56018386ms] GC(3230) Eden regions: 753->0(753)
[2023-12-20T08:57:47.941-0800][56018386ms] GC(3230) Survivor regions: 30->30(98)
[2023-12-20T08:57:47.941-0800][56018386ms] GC(3230) Old regions: 186->186
[2023-12-20T08:57:47.941-0800][56018386ms] GC(3230) Humongous regions: 5->5
[2023-12-20T08:57:47.941-0800][56018386ms] GC(3230) Metaspace: 256513K->256513K(1294336K)
[2023-12-20T08:57:47.941-0800][56018386ms] GC(3230) Pause Young (Normal) (G1 Evacuation Pause) 1945M->440M(2612M) 29.598ms
[2023-12-20T08:57:47.941-0800][56018386ms] GC(3230) User=0.22s Sys=0.00s Real=0.03s
[2023-12-20T08:57:48.829-0800][56019274ms] GC(3231) Pause Young (Normal) (G1 Evacuation Pause)
[2023-12-20T08:57:48.829-0800][56019274ms] GC(3231) Using 10 workers of 10 for evacuation
[2023-12-20T08:57:48.858-0800][56019303ms] GC(3231)   Pre Evacuate Collection Set: 0.0ms
[2023-12-20T08:57:48.858-0800][56019303ms] GC(3231)   Evacuate Collection Set: 27.0ms
[2023-12-20T08:57:48.858-0800][56019303ms] GC(3231)   Post Evacuate Collection Set: 2.3ms
[2023-12-20T08:57:48.858-0800][56019303ms] GC(3231)   Other: 0.4ms
[2023-12-20T08:57:48.858-0800][56019303ms] GC(3231) Eden regions: 753->0(753)
[2023-12-20T08:57:48.858-0800][56019303ms] GC(3231) Survivor regions: 30->30(98)
[2023-12-20T08:57:48.858-0800][56019303ms] GC(3231) Old regions: 186->186
[2023-12-20T08:57:48.858-0800][56019303ms] GC(3231) Humongous regions: 5->5
[2023-12-20T08:57:48.858-0800][56019303ms] GC(3231) Metaspace: 256513K->256513K(1294336K)
[2023-12-20T08:57:48.858-0800][56019303ms] GC(3231) Pause Young (Normal) (G1 Evacuation Pause) 1946M->440M(2612M) 29.841ms
[2023-12-20T08:57:48.858-0800][56019303ms] GC(3231) User=0.16s Sys=0.00s Real=0.03s
[2023-12-20T08:57:49.672-0800][56020117ms] GC(3232) Pause Young (Normal) (G1 Evacuation Pause)
[2023-12-20T08:57:49.673-0800][56020118ms] GC(3232) Using 10 workers of 10 for evacuation
[2023-12-20T08:57:49.701-0800][56020146ms] GC(3232)   Pre Evacuate Collection Set: 0.0ms
[2023-12-20T08:57:49.701-0800][56020146ms] GC(3232)   Evacuate Collection Set: 26.4ms
[2023-12-20T08:57:49.701-0800][56020146ms] GC(3232)   Post Evacuate Collection Set: 2.4ms
[2023-12-20T08:57:49.701-0800][56020146ms] GC(3232)   Other: 0.4ms
[2023-12-20T08:57:49.701-0800][56020146ms] GC(3232) Eden regions: 753->0(753)
[2023-12-20T08:57:49.701-0800][56020146ms] GC(3232) Survivor regions: 30->30(98)
[2023-12-20T08:57:49.701-0800][56020146ms] GC(3232) Old regions: 186->186
[2023-12-20T08:57:49.701-0800][56020146ms] GC(3232) Humongous regions: 5->5
[2023-12-20T08:57:49.701-0800][56020146ms] GC(3232) Metaspace: 256513K->256513K(1294336K)
[2023-12-20T08:57:49.701-0800][56020146ms] GC(3232) Pause Young (Normal) (G1 Evacuation Pause) 1946M->440M(2612M) 29.249ms
[2023-12-20T08:57:49.701-0800][56020146ms] GC(3232) User=0.09s Sys=0.00s Real=0.03s
[2023-12-20T08:57:50.430-0800][56020875ms] GC(3233) Pause Young (Normal) (G1 Evacuation Pause)
[2023-12-20T08:57:50.430-0800][56020875ms] GC(3233) Using 10 workers of 10 for evacuation
[2023-12-20T08:57:50.459-0800][56020904ms] GC(3233)   Pre Evacuate Collection Set: 0.0ms
[2023-12-20T08:57:50.459-0800][56020904ms] GC(3233)   Evacuate Collection Set: 26.3ms
[2023-12-20T08:57:50.459-0800][56020904ms] GC(3233)   Post Evacuate Collection Set: 2.4ms
[2023-12-20T08:57:50.459-0800][56020904ms] GC(3233)   Other: 0.3ms
[2023-12-20T08:57:50.459-0800][56020904ms] GC(3233) Eden regions: 753->0(753)
[2023-12-20T08:57:50.459-0800][56020904ms] GC(3233) Survivor regions: 30->30(98)
[2023-12-20T08:57:50.459-0800][56020904ms] GC(3233) Old regions: 186->186
[2023-12-20T08:57:50.459-0800][56020904ms] GC(3233) Humongous regions: 5->5
[2023-12-20T08:57:50.459-0800][56020904ms] GC(3233) Metaspace: 256513K->256513K(1294336K)
[2023-12-20T08:57:50.459-0800][56020904ms] GC(3233) Pause Young (Normal) (G1 Evacuation Pause) 1946M->440M(2612M) 29.257ms
[2023-12-20T08:57:50.459-0800][56020904ms] GC(3233) User=0.03s Sys=0.00s Real=0.03s
[2023-12-20T08:57:51.246-0800][56021691ms] GC(3234) Pause Young (Normal) (G1 Evacuation Pause)
[2023-12-20T08:57:51.246-0800][56021691ms] GC(3234) Using 10 workers of 10 for evacuation
[2023-12-20T08:57:51.278-0800][56021723ms] GC(3234)   Pre Evacuate Collection Set: 0.0ms
[2023-12-20T08:57:51.278-0800][56021723ms] GC(3234)   Evacuate Collection Set: 28.5ms
[2023-12-20T08:57:51.278-0800][56021723ms] GC(3234)   Post Evacuate Collection Set: 3.1ms
[2023-12-20T08:57:51.278-0800][56021723ms] GC(3234)   Other: 0.4ms
[2023-12-20T08:57:51.278-0800][56021723ms] GC(3234) Eden regions: 753->0(754)
[2023-12-20T08:57:51.278-0800][56021723ms] GC(3234) Survivor regions: 30->29(98)
[2023-12-20T08:57:51.278-0800][56021723ms] GC(3234) Old regions: 186->186
[2023-12-20T08:57:51.278-0800][56021723ms] GC(3234) Humongous regions: 5->5
[2023-12-20T08:57:51.278-0800][56021723ms] GC(3234) Metaspace: 256515K->256515K(1294336K)
[2023-12-20T08:57:51.278-0800][56021723ms] GC(3234) Pause Young (Normal) (G1 Evacuation Pause) 1946M->438M(2612M) 32.139ms
[2023-12-20T08:57:51.278-0800][56021723ms] GC(3234) User=0.13s Sys=0.00s Real=0.03s
[2023-12-20T08:57:52.085-0800][56022530ms] GC(3235) Pause Young (Normal) (G1 Evacuation Pause)
[2023-12-20T08:57:52.085-0800][56022530ms] GC(3235) Using 10 workers of 10 for evacuation
[2023-12-20T08:57:52.116-0800][56022561ms] GC(3235)   Pre Evacuate Collection Set: 0.0ms
[2023-12-20T08:57:52.116-0800][56022561ms] GC(3235)   Evacuate Collection Set: 28.4ms
[2023-12-20T08:57:52.116-0800][56022561ms] GC(3235)   Post Evacuate Collection Set: 3.1ms
[2023-12-20T08:57:52.116-0800][56022561ms] GC(3235)   Other: 0.4ms
[2023-12-20T08:57:52.116-0800][56022561ms] GC(3235) Eden regions: 754->0(753)
[2023-12-20T08:57:52.116-0800][56022561ms] GC(3235) Survivor regions: 29->30(98)
[2023-12-20T08:57:52.116-0800][56022561ms] GC(3235) Old regions: 186->186
[2023-12-20T08:57:52.116-0800][56022561ms] GC(3235) Humongous regions: 5->5
[2023-12-20T08:57:52.116-0800][56022561ms] GC(3235) Metaspace: 256515K->256515K(1294336K)
[2023-12-20T08:57:52.117-0800][56022562ms] GC(3235) Pause Young (Normal) (G1 Evacuation Pause) 1946M->439M(2612M) 32.109ms
[2023-12-20T08:57:52.117-0800][56022562ms] GC(3235) User=0.14s Sys=0.00s Real=0.03s
[2023-12-20T08:57:53.044-0800][56023489ms] GC(3236) Pause Young (Normal) (G1 Evacuation Pause)
[2023-12-20T08:57:53.044-0800][56023489ms] GC(3236) Using 10 workers of 10 for evacuation
[2023-12-20T08:57:53.074-0800][56023519ms] GC(3236)   Pre Evacuate Collection Set: 0.0ms
[2023-12-20T08:57:53.074-0800][56023519ms] GC(3236)   Evacuate Collection Set: 27.3ms
[2023-12-20T08:57:53.074-0800][56023519ms] GC(3236)   Post Evacuate Collection Set: 2.5ms
[2023-12-20T08:57:53.074-0800][56023519ms] GC(3236)   Other: 0.4ms
[2023-12-20T08:57:53.074-0800][56023519ms] GC(3236) Eden regions: 753->0(753)
[2023-12-20T08:57:53.074-0800][56023519ms] GC(3236) Survivor regions: 30->30(98)
[2023-12-20T08:57:53.074-0800][56023519ms] GC(3236) Old regions: 186->186
[2023-12-20T08:57:53.074-0800][56023519ms] GC(3236) Humongous regions: 5->5
[2023-12-20T08:57:53.074-0800][56023519ms] GC(3236) Metaspace: 256515K->256515K(1294336K)
[2023-12-20T08:57:53.074-0800][56023519ms] GC(3236) Pause Young (Normal) (G1 Evacuation Pause) 1945M->440M(2612M) 30.364ms
[2023-12-20T08:57:53.074-0800][56023519ms] GC(3236) User=0.20s Sys=0.00s Real=0.03s
[2023-12-20T08:57:53.987-0800][56024432ms] GC(3237) Pause Young (Normal) (G1 Evacuation Pause)
[2023-12-20T08:57:53.987-0800][56024432ms] GC(3237) Using 10 workers of 10 for evacuation
[2023-12-20T08:57:54.018-0800][56024463ms] GC(3237)   Pre Evacuate Collection Set: 0.0ms
[2023-12-20T08:57:54.018-0800][56024463ms] GC(3237)   Evacuate Collection Set: 27.8ms
[2023-12-20T08:57:54.018-0800][56024463ms] GC(3237)   Post Evacuate Collection Set: 2.4ms
[2023-12-20T08:57:54.018-0800][56024463ms] GC(3237)   Other: 0.4ms
[2023-12-20T08:57:54.018-0800][56024463ms] GC(3237) Eden regions: 753->0(753)
[2023-12-20T08:57:54.018-0800][56024463ms] GC(3237) Survivor regions: 30->30(98)
[2023-12-20T08:57:54.018-0800][56024463ms] GC(3237) Old regions: 186->186
[2023-12-20T08:57:54.018-0800][56024463ms] GC(3237) Humongous regions: 5->5
[2023-12-20T08:57:54.018-0800][56024463ms] GC(3237) Metaspace: 256515K->256515K(1294336K)
[2023-12-20T08:57:54.018-0800][56024463ms] GC(3237) Pause Young (Normal) (G1 Evacuation Pause) 1946M->440M(2612M) 30.679ms
[2023-12-20T08:57:54.018-0800][56024463ms] GC(3237) User=0.13s Sys=0.00s Real=0.03s
[2023-12-20T08:57:54.733-0800][56025178ms] GC(3238) Pause Young (Normal) (G1 Evacuation Pause)
[2023-12-20T08:57:54.733-0800][56025178ms] GC(3238) Using 10 workers of 10 for evacuation
[2023-12-20T08:57:54.762-0800][56025207ms] GC(3238)   Pre Evacuate Collection Set: 0.0ms
[2023-12-20T08:57:54.762-0800][56025207ms] GC(3238)   Evacuate Collection Set: 25.9ms
[2023-12-20T08:57:54.762-0800][56025207ms] GC(3238)   Post Evacuate Collection Set: 2.4ms
[2023-12-20T08:57:54.762-0800][56025207ms] GC(3238)   Other: 0.4ms
[2023-12-20T08:57:54.762-0800][56025207ms] GC(3238) Eden regions: 753->0(753)
[2023-12-20T08:57:54.762-0800][56025207ms] GC(3238) Survivor regions: 30->30(98)
[2023-12-20T08:57:54.762-0800][56025207ms] GC(3238) Old regions: 186->186
[2023-12-20T08:57:54.762-0800][56025207ms] GC(3238) Humongous regions: 5->5
[2023-12-20T08:57:54.762-0800][56025207ms] GC(3238) Metaspace: 256515K->256515K(1294336K)
[2023-12-20T08:57:54.762-0800][56025207ms] GC(3238) Pause Young (Normal) (G1 Evacuation Pause) 1946M->440M(2612M) 28.828ms
[2023-12-20T08:57:54.762-0800][56025207ms] GC(3238) User=0.09s Sys=0.00s Real=0.03s
[2023-12-20T08:57:55.479-0800][56025924ms] GC(3239) Pause Young (Normal) (G1 Evacuation Pause)
[2023-12-20T08:57:55.479-0800][56025924ms] GC(3239) Using 10 workers of 10 for evacuation
[2023-12-20T08:57:55.506-0800][56025951ms] GC(3239)   Pre Evacuate Collection Set: 0.0ms
[2023-12-20T08:57:55.506-0800][56025951ms] GC(3239)   Evacuate Collection Set: 25.8ms
[2023-12-20T08:57:55.506-0800][56025951ms] GC(3239)   Post Evacuate Collection Set: 2.4ms
[2023-12-20T08:57:55.506-0800][56025951ms] GC(3239)   Other: 0.4ms
[2023-12-20T08:57:55.507-0800][56025952ms] GC(3239) Eden regions: 753->0(753)
[2023-12-20T08:57:55.507-0800][56025952ms] GC(3239) Survivor regions: 30->30(98)
[2023-12-20T08:57:55.507-0800][56025952ms] GC(3239) Old regions: 186->186
[2023-12-20T08:57:55.507-0800][56025952ms] GC(3239) Humongous regions: 5->5
[2023-12-20T08:57:55.507-0800][56025952ms] GC(3239) Metaspace: 256515K->256515K(1294336K)
[2023-12-20T08:57:55.507-0800][56025952ms] GC(3239) Pause Young (Normal) (G1 Evacuation Pause) 1946M->440M(2612M) 28.700ms
[2023-12-20T08:57:55.507-0800][56025952ms] GC(3239) User=0.09s Sys=0.00s Real=0.03s
[2023-12-20T08:57:56.277-0800][56026722ms] GC(3240) Pause Young (Normal) (G1 Evacuation Pause)
[2023-12-20T08:57:56.277-0800][56026722ms] GC(3240) Using 10 workers of 10 for evacuation
[2023-12-20T08:57:56.307-0800][56026752ms] GC(3240)   Pre Evacuate Collection Set: 0.1ms
[2023-12-20T08:57:56.307-0800][56026752ms] GC(3240)   Evacuate Collection Set: 26.6ms
[2023-12-20T08:57:56.307-0800][56026752ms] GC(3240)   Post Evacuate Collection Set: 2.4ms
[2023-12-20T08:57:56.307-0800][56026752ms] GC(3240)   Other: 0.4ms
[2023-12-20T08:57:56.307-0800][56026752ms] GC(3240) Eden regions: 753->0(753)
[2023-12-20T08:57:56.307-0800][56026752ms] GC(3240) Survivor regions: 30->30(98)
[2023-12-20T08:57:56.307-0800][56026752ms] GC(3240) Old regions: 186->186
[2023-12-20T08:57:56.307-0800][56026752ms] GC(3240) Humongous regions: 5->5
[2023-12-20T08:57:56.307-0800][56026752ms] GC(3240) Metaspace: 256515K->256515K(1294336K)
[2023-12-20T08:57:56.307-0800][56026752ms] GC(3240) Pause Young (Normal) (G1 Evacuation Pause) 1946M->440M(2612M) 29.623ms
[2023-12-20T08:57:56.307-0800][56026752ms] GC(3240) User=0.11s Sys=0.00s Real=0.03s
[2023-12-20T08:57:57.160-0800][56027605ms] GC(3241) Pause Young (Normal) (G1 Evacuation Pause)
[2023-12-20T08:57:57.160-0800][56027605ms] GC(3241) Using 10 workers of 10 for evacuation
[2023-12-20T08:57:57.191-0800][56027636ms] GC(3241)   Pre Evacuate Collection Set: 0.0ms
[2023-12-20T08:57:57.191-0800][56027636ms] GC(3241)   Evacuate Collection Set: 28.5ms
[2023-12-20T08:57:57.191-0800][56027636ms] GC(3241)   Post Evacuate Collection Set: 2.3ms
[2023-12-20T08:57:57.191-0800][56027636ms] GC(3241)   Other: 0.4ms
[2023-12-20T08:57:57.191-0800][56027636ms] GC(3241) Eden regions: 753->0(753)
[2023-12-20T08:57:57.191-0800][56027636ms] GC(3241) Survivor regions: 30->30(98)
[2023-12-20T08:57:57.191-0800][56027636ms] GC(3241) Old regions: 186->186
[2023-12-20T08:57:57.191-0800][56027636ms] GC(3241) Humongous regions: 5->5
[2023-12-20T08:57:57.191-0800][56027636ms] GC(3241) Metaspace: 256515K->256515K(1294336K)
[2023-12-20T08:57:57.191-0800][56027636ms] GC(3241) Pause Young (Normal) (G1 Evacuation Pause) 1946M->439M(2612M) 31.385ms
[2023-12-20T08:57:57.191-0800][56027636ms] GC(3241) User=0.09s Sys=0.00s Real=0.03s
[2023-12-20T08:57:58.078-0800][56028523ms] GC(3242) Pause Young (Normal) (G1 Evacuation Pause)
[2023-12-20T08:57:58.078-0800][56028523ms] GC(3242) Using 10 workers of 10 for evacuation
[2023-12-20T08:57:58.109-0800][56028554ms] GC(3242)   Pre Evacuate Collection Set: 0.0ms
[2023-12-20T08:57:58.109-0800][56028554ms] GC(3242)   Evacuate Collection Set: 27.2ms
[2023-12-20T08:57:58.109-0800][56028554ms] GC(3242)   Post Evacuate Collection Set: 2.6ms
[2023-12-20T08:57:58.109-0800][56028554ms] GC(3242)   Other: 0.4ms
[2023-12-20T08:57:58.109-0800][56028554ms] GC(3242) Eden regions: 753->0(753)
[2023-12-20T08:57:58.109-0800][56028554ms] GC(3242) Survivor regions: 30->30(98)
[2023-12-20T08:57:58.109-0800][56028554ms] GC(3242) Old regions: 186->186
[2023-12-20T08:57:58.109-0800][56028554ms] GC(3242) Humongous regions: 5->5
[2023-12-20T08:57:58.109-0800][56028554ms] GC(3242) Metaspace: 256515K->256515K(1294336K)
[2023-12-20T08:57:58.109-0800][56028554ms] GC(3242) Pause Young (Normal) (G1 Evacuation Pause) 1945M->439M(2612M) 30.386ms
[2023-12-20T08:57:58.109-0800][56028554ms] GC(3242) User=0.17s Sys=0.00s Real=0.03s
[2023-12-20T08:57:59.016-0800][56029461ms] GC(3243) Pause Young (Normal) (G1 Evacuation Pause)
[2023-12-20T08:57:59.016-0800][56029461ms] GC(3243) Using 10 workers of 10 for evacuation
[2023-12-20T08:57:59.046-0800][56029491ms] GC(3243)   Pre Evacuate Collection Set: 0.0ms
[2023-12-20T08:57:59.046-0800][56029491ms] GC(3243)   Evacuate Collection Set: 27.0ms
[2023-12-20T08:57:59.046-0800][56029491ms] GC(3243)   Post Evacuate Collection Set: 2.7ms
[2023-12-20T08:57:59.046-0800][56029491ms] GC(3243)   Other: 0.4ms
[2023-12-20T08:57:59.046-0800][56029491ms] GC(3243) Eden regions: 753->0(753)
[2023-12-20T08:57:59.046-0800][56029491ms] GC(3243) Survivor regions: 30->30(98)
[2023-12-20T08:57:59.046-0800][56029491ms] GC(3243) Old regions: 186->186
[2023-12-20T08:57:59.046-0800][56029491ms] GC(3243) Humongous regions: 5->5
[2023-12-20T08:57:59.046-0800][56029491ms] GC(3243) Metaspace: 256515K->256515K(1294336K)
[2023-12-20T08:57:59.046-0800][56029491ms] GC(3243) Pause Young (Normal) (G1 Evacuation Pause) 1945M->440M(2612M) 30.254ms
[2023-12-20T08:57:59.046-0800][56029491ms] GC(3243) User=0.14s Sys=0.00s Real=0.03s
[2023-12-20T08:57:59.837-0800][56030282ms] GC(3244) Pause Young (Normal) (G1 Evacuation Pause)
[2023-12-20T08:57:59.837-0800][56030282ms] GC(3244) Using 10 workers of 10 for evacuation
[2023-12-20T08:57:59.867-0800][56030312ms] GC(3244)   Pre Evacuate Collection Set: 0.0ms
[2023-12-20T08:57:59.867-0800][56030312ms] GC(3244)   Evacuate Collection Set: 27.5ms
[2023-12-20T08:57:59.867-0800][56030312ms] GC(3244)   Post Evacuate Collection Set: 2.5ms
[2023-12-20T08:57:59.867-0800][56030312ms] GC(3244)   Other: 0.3ms
[2023-12-20T08:57:59.867-0800][56030312ms] GC(3244) Eden regions: 753->0(753)
[2023-12-20T08:57:59.867-0800][56030312ms] GC(3244) Survivor regions: 30->30(98)
[2023-12-20T08:57:59.867-0800][56030312ms] GC(3244) Old regions: 186->186
[2023-12-20T08:57:59.867-0800][56030312ms] GC(3244) Humongous regions: 5->5
[2023-12-20T08:57:59.867-0800][56030312ms] GC(3244) Metaspace: 256515K->256515K(1294336K)
[2023-12-20T08:57:59.867-0800][56030312ms] GC(3244) Pause Young (Normal) (G1 Evacuation Pause) 1946M->440M(2612M) 30.476ms
[2023-12-20T08:57:59.867-0800][56030312ms] GC(3244) User=0.14s Sys=0.00s Real=0.03s
[2023-12-20T08:58:00.631-0800][56031076ms] GC(3245) Pause Young (Normal) (G1 Evacuation Pause)
[2023-12-20T08:58:00.631-0800][56031076ms] GC(3245) Using 10 workers of 10 for evacuation
[2023-12-20T08:58:00.662-0800][56031107ms] GC(3245)   Pre Evacuate Collection Set: 0.0ms
[2023-12-20T08:58:00.662-0800][56031107ms] GC(3245)   Evacuate Collection Set: 28.4ms
[2023-12-20T08:58:00.662-0800][56031107ms] GC(3245)   Post Evacuate Collection Set: 2.4ms
[2023-12-20T08:58:00.662-0800][56031107ms] GC(3245)   Other: 0.4ms
[2023-12-20T08:58:00.662-0800][56031107ms] GC(3245) Eden regions: 753->0(753)
[2023-12-20T08:58:00.662-0800][56031107ms] GC(3245) Survivor regions: 30->30(98)
[2023-12-20T08:58:00.662-0800][56031107ms] GC(3245) Old regions: 186->186
[2023-12-20T08:58:00.662-0800][56031107ms] GC(3245) Humongous regions: 5->5
[2023-12-20T08:58:00.662-0800][56031107ms] GC(3245) Metaspace: 256515K->256515K(1294336K)
[2023-12-20T08:58:00.662-0800][56031107ms] GC(3245) Pause Young (Normal) (G1 Evacuation Pause) 1946M->439M(2612M) 31.371ms
[2023-12-20T08:58:00.662-0800][56031107ms] GC(3245) User=0.28s Sys=0.00s Real=0.03s
[2023-12-20T08:58:01.430-0800][56031875ms] GC(3246) Pause Young (Normal) (G1 Evacuation Pause)
[2023-12-20T08:58:01.430-0800][56031875ms] GC(3246) Using 10 workers of 10 for evacuation
[2023-12-20T08:58:01.459-0800][56031904ms] GC(3246)   Pre Evacuate Collection Set: 0.0ms
[2023-12-20T08:58:01.459-0800][56031904ms] GC(3246)   Evacuate Collection Set: 26.8ms
[2023-12-20T08:58:01.459-0800][56031904ms] GC(3246)   Post Evacuate Collection Set: 2.4ms
[2023-12-20T08:58:01.459-0800][56031904ms] GC(3246)   Other: 0.3ms
[2023-12-20T08:58:01.459-0800][56031904ms] GC(3246) Eden regions: 753->0(753)
[2023-12-20T08:58:01.459-0800][56031904ms] GC(3246) Survivor regions: 30->30(98)
[2023-12-20T08:58:01.459-0800][56031904ms] GC(3246) Old regions: 186->186
[2023-12-20T08:58:01.459-0800][56031904ms] GC(3246) Humongous regions: 5->5
[2023-12-20T08:58:01.459-0800][56031904ms] GC(3246) Metaspace: 256515K->256515K(1294336K)
[2023-12-20T08:58:01.459-0800][56031904ms] GC(3246) Pause Young (Normal) (G1 Evacuation Pause) 1945M->440M(2612M) 29.738ms
[2023-12-20T08:58:01.459-0800][56031904ms] GC(3246) User=0.06s Sys=0.00s Real=0.03s
[2023-12-20T08:58:02.252-0800][56032697ms] GC(3247) Pause Young (Normal) (G1 Evacuation Pause)
[2023-12-20T08:58:02.252-0800][56032697ms] GC(3247) Using 10 workers of 10 for evacuation
[2023-12-20T08:58:02.285-0800][56032730ms] GC(3247)   Pre Evacuate Collection Set: 0.1ms
[2023-12-20T08:58:02.285-0800][56032730ms] GC(3247)   Evacuate Collection Set: 30.2ms
[2023-12-20T08:58:02.285-0800][56032730ms] GC(3247)   Post Evacuate Collection Set: 2.6ms
[2023-12-20T08:58:02.285-0800][56032730ms] GC(3247)   Other: 0.4ms
[2023-12-20T08:58:02.285-0800][56032730ms] GC(3247) Eden regions: 753->0(753)
[2023-12-20T08:58:02.285-0800][56032730ms] GC(3247) Survivor regions: 30->30(98)
[2023-12-20T08:58:02.285-0800][56032730ms] GC(3247) Old regions: 186->186
[2023-12-20T08:58:02.285-0800][56032730ms] GC(3247) Humongous regions: 5->5
[2023-12-20T08:58:02.285-0800][56032730ms] GC(3247) Metaspace: 256515K->256515K(1294336K)
[2023-12-20T08:58:02.285-0800][56032730ms] GC(3247) Pause Young (Normal) (G1 Evacuation Pause) 1946M->439M(2612M) 33.274ms
[2023-12-20T08:58:02.285-0800][56032730ms] GC(3247) User=0.17s Sys=0.00s Real=0.03s
[2023-12-20T08:58:03.106-0800][56033551ms] GC(3248) Pause Young (Normal) (G1 Evacuation Pause)
[2023-12-20T08:58:03.106-0800][56033551ms] GC(3248) Using 10 workers of 10 for evacuation
[2023-12-20T08:58:03.140-0800][56033585ms] GC(3248)   Pre Evacuate Collection Set: 0.0ms
[2023-12-20T08:58:03.140-0800][56033585ms] GC(3248)   Evacuate Collection Set: 30.3ms
[2023-12-20T08:58:03.140-0800][56033585ms] GC(3248)   Post Evacuate Collection Set: 3.3ms
[2023-12-20T08:58:03.140-0800][56033585ms] GC(3248)   Other: 0.4ms
[2023-12-20T08:58:03.140-0800][56033585ms] GC(3248) Eden regions: 753->0(754)
[2023-12-20T08:58:03.140-0800][56033585ms] GC(3248) Survivor regions: 30->29(98)
[2023-12-20T08:58:03.140-0800][56033585ms] GC(3248) Old regions: 186->186
[2023-12-20T08:58:03.140-0800][56033585ms] GC(3248) Humongous regions: 5->5
[2023-12-20T08:58:03.140-0800][56033585ms] GC(3248) Metaspace: 256515K->256515K(1294336K)
[2023-12-20T08:58:03.140-0800][56033585ms] GC(3248) Pause Young (Normal) (G1 Evacuation Pause) 1945M->438M(2612M) 34.259ms
[2023-12-20T08:58:03.140-0800][56033585ms] GC(3248) User=0.16s Sys=0.00s Real=0.03s
[2023-12-20T08:58:03.972-0800][56034417ms] GC(3249) Pause Young (Normal) (G1 Evacuation Pause)
[2023-12-20T08:58:03.972-0800][56034417ms] GC(3249) Using 10 workers of 10 for evacuation
[2023-12-20T08:58:04.002-0800][56034447ms] GC(3249)   Pre Evacuate Collection Set: 0.0ms
[2023-12-20T08:58:04.002-0800][56034447ms] GC(3249)   Evacuate Collection Set: 27.0ms
[2023-12-20T08:58:04.002-0800][56034447ms] GC(3249)   Post Evacuate Collection Set: 2.5ms
[2023-12-20T08:58:04.002-0800][56034447ms] GC(3249)   Other: 0.5ms
[2023-12-20T08:58:04.002-0800][56034447ms] GC(3249) Eden regions: 754->0(753)
[2023-12-20T08:58:04.002-0800][56034447ms] GC(3249) Survivor regions: 29->30(98)
[2023-12-20T08:58:04.002-0800][56034447ms] GC(3249) Old regions: 186->186
[2023-12-20T08:58:04.002-0800][56034447ms] GC(3249) Humongous regions: 5->5
[2023-12-20T08:58:04.002-0800][56034447ms] GC(3249) Metaspace: 256515K->256515K(1294336K)
[2023-12-20T08:58:04.002-0800][56034447ms] GC(3249) Pause Young (Normal) (G1 Evacuation Pause) 1946M->440M(2612M) 30.195ms
[2023-12-20T08:58:04.002-0800][56034447ms] GC(3249) User=0.14s Sys=0.00s Real=0.03s
[2023-12-20T08:58:04.835-0800][56035280ms] GC(3250) Pause Young (Normal) (G1 Evacuation Pause)
[2023-12-20T08:58:04.835-0800][56035280ms] GC(3250) Using 10 workers of 10 for evacuation
[2023-12-20T08:58:04.865-0800][56035310ms] GC(3250)   Pre Evacuate Collection Set: 0.0ms
[2023-12-20T08:58:04.865-0800][56035310ms] GC(3250)   Evacuate Collection Set: 27.6ms
[2023-12-20T08:58:04.865-0800][56035310ms] GC(3250)   Post Evacuate Collection Set: 2.8ms
[2023-12-20T08:58:04.865-0800][56035310ms] GC(3250)   Other: 0.4ms
[2023-12-20T08:58:04.865-0800][56035310ms] GC(3250) Eden regions: 753->0(753)
[2023-12-20T08:58:04.865-0800][56035310ms] GC(3250) Survivor regions: 30->30(98)
[2023-12-20T08:58:04.865-0800][56035310ms] GC(3250) Old regions: 186->186
[2023-12-20T08:58:04.865-0800][56035310ms] GC(3250) Humongous regions: 5->5
[2023-12-20T08:58:04.865-0800][56035310ms] GC(3250) Metaspace: 256515K->256515K(1294336K)
[2023-12-20T08:58:04.865-0800][56035310ms] GC(3250) Pause Young (Normal) (G1 Evacuation Pause) 1946M->439M(2612M) 30.845ms
[2023-12-20T08:58:04.865-0800][56035310ms] GC(3250) User=0.14s Sys=0.00s Real=0.03s
[2023-12-20T08:58:05.639-0800][56036084ms] GC(3251) Pause Young (Normal) (G1 Evacuation Pause)
[2023-12-20T08:58:05.639-0800][56036084ms] GC(3251) Using 10 workers of 10 for evacuation
[2023-12-20T08:58:05.672-0800][56036117ms] GC(3251)   Pre Evacuate Collection Set: 0.0ms
[2023-12-20T08:58:05.672-0800][56036117ms] GC(3251)   Evacuate Collection Set: 30.0ms
[2023-12-20T08:58:05.672-0800][56036117ms] GC(3251)   Post Evacuate Collection Set: 2.5ms
[2023-12-20T08:58:05.672-0800][56036117ms] GC(3251)   Other: 0.4ms
[2023-12-20T08:58:05.672-0800][56036117ms] GC(3251) Eden regions: 753->0(753)
[2023-12-20T08:58:05.672-0800][56036117ms] GC(3251) Survivor regions: 30->30(98)
[2023-12-20T08:58:05.672-0800][56036117ms] GC(3251) Old regions: 186->186
[2023-12-20T08:58:05.672-0800][56036117ms] GC(3251) Humongous regions: 5->5
[2023-12-20T08:58:05.672-0800][56036117ms] GC(3251) Metaspace: 256515K->256515K(1294336K)
[2023-12-20T08:58:05.672-0800][56036117ms] GC(3251) Pause Young (Normal) (G1 Evacuation Pause) 1945M->439M(2612M) 33.053ms
[2023-12-20T08:58:05.672-0800][56036117ms] GC(3251) User=0.17s Sys=0.00s Real=0.03s
[2023-12-20T08:58:06.476-0800][56036921ms] GC(3252) Pause Young (Normal) (G1 Evacuation Pause)
[2023-12-20T08:58:06.476-0800][56036921ms] GC(3252) Using 10 workers of 10 for evacuation
[2023-12-20T08:58:06.505-0800][56036950ms] GC(3252)   Pre Evacuate Collection Set: 0.0ms
[2023-12-20T08:58:06.505-0800][56036950ms] GC(3252)   Evacuate Collection Set: 26.4ms
[2023-12-20T08:58:06.505-0800][56036950ms] GC(3252)   Post Evacuate Collection Set: 2.4ms
[2023-12-20T08:58:06.506-0800][56036951ms] GC(3252)   Other: 0.3ms
[2023-12-20T08:58:06.506-0800][56036951ms] GC(3252) Eden regions: 753->0(753)
[2023-12-20T08:58:06.506-0800][56036951ms] GC(3252) Survivor regions: 30->30(98)
[2023-12-20T08:58:06.506-0800][56036951ms] GC(3252) Old regions: 186->186
[2023-12-20T08:58:06.506-0800][56036951ms] GC(3252) Humongous regions: 5->5
[2023-12-20T08:58:06.506-0800][56036951ms] GC(3252) Metaspace: 256515K->256515K(1294336K)
[2023-12-20T08:58:06.506-0800][56036951ms] GC(3252) Pause Young (Normal) (G1 Evacuation Pause) 1945M->440M(2612M) 29.283ms
[2023-12-20T08:58:06.506-0800][56036951ms] GC(3252) User=0.11s Sys=0.00s Real=0.03s
[2023-12-20T08:58:07.395-0800][56037840ms] GC(3253) Pause Young (Normal) (G1 Evacuation Pause)
[2023-12-20T08:58:07.395-0800][56037840ms] GC(3253) Using 10 workers of 10 for evacuation
[2023-12-20T08:58:07.425-0800][56037870ms] GC(3253)   Pre Evacuate Collection Set: 0.0ms
[2023-12-20T08:58:07.425-0800][56037870ms] GC(3253)   Evacuate Collection Set: 26.6ms
[2023-12-20T08:58:07.425-0800][56037870ms] GC(3253)   Post Evacuate Collection Set: 2.5ms
[2023-12-20T08:58:07.425-0800][56037870ms] GC(3253)   Other: 0.4ms
[2023-12-20T08:58:07.425-0800][56037870ms] GC(3253) Eden regions: 753->0(753)
[2023-12-20T08:58:07.425-0800][56037870ms] GC(3253) Survivor regions: 30->30(98)
[2023-12-20T08:58:07.425-0800][56037870ms] GC(3253) Old regions: 186->186
[2023-12-20T08:58:07.425-0800][56037870ms] GC(3253) Humongous regions: 5->5
[2023-12-20T08:58:07.425-0800][56037870ms] GC(3253) Metaspace: 256515K->256515K(1294336K)
[2023-12-20T08:58:07.425-0800][56037870ms] GC(3253) Pause Young (Normal) (G1 Evacuation Pause) 1946M->440M(2612M) 29.547ms
[2023-12-20T08:58:07.425-0800][56037870ms] GC(3253) User=0.16s Sys=0.00s Real=0.03s
[2023-12-20T08:58:08.269-0800][56038714ms] GC(3254) Pause Young (Normal) (G1 Evacuation Pause)
[2023-12-20T08:58:08.269-0800][56038714ms] GC(3254) Using 10 workers of 10 for evacuation
[2023-12-20T08:58:08.301-0800][56038746ms] GC(3254)   Pre Evacuate Collection Set: 0.0ms
[2023-12-20T08:58:08.301-0800][56038746ms] GC(3254)   Evacuate Collection Set: 28.2ms
[2023-12-20T08:58:08.301-0800][56038746ms] GC(3254)   Post Evacuate Collection Set: 2.8ms
[2023-12-20T08:58:08.301-0800][56038746ms] GC(3254)   Other: 0.4ms
[2023-12-20T08:58:08.301-0800][56038746ms] GC(3254) Eden regions: 753->0(753)
[2023-12-20T08:58:08.301-0800][56038746ms] GC(3254) Survivor regions: 30->30(98)
[2023-12-20T08:58:08.301-0800][56038746ms] GC(3254) Old regions: 186->186
[2023-12-20T08:58:08.301-0800][56038746ms] GC(3254) Humongous regions: 5->5
[2023-12-20T08:58:08.301-0800][56038746ms] GC(3254) Metaspace: 256515K->256515K(1294336K)
[2023-12-20T08:58:08.301-0800][56038746ms] GC(3254) Pause Young (Normal) (G1 Evacuation Pause) 1946M->439M(2612M) 31.645ms
[2023-12-20T08:58:08.301-0800][56038746ms] GC(3254) User=0.13s Sys=0.00s Real=0.03s
[2023-12-20T08:58:09.268-0800][56039713ms] GC(3255) Pause Young (Normal) (GCLocker Initiated GC)
[2023-12-20T08:58:09.268-0800][56039713ms] GC(3255) Using 10 workers of 10 for evacuation
[2023-12-20T08:58:09.297-0800][56039742ms] GC(3255)   Pre Evacuate Collection Set: 0.0ms
[2023-12-20T08:58:09.297-0800][56039742ms] GC(3255)   Evacuate Collection Set: 26.5ms
[2023-12-20T08:58:09.297-0800][56039742ms] GC(3255)   Post Evacuate Collection Set: 2.6ms
[2023-12-20T08:58:09.297-0800][56039742ms] GC(3255)   Other: 0.4ms
[2023-12-20T08:58:09.297-0800][56039742ms] GC(3255) Eden regions: 754->0(753)
[2023-12-20T08:58:09.297-0800][56039742ms] GC(3255) Survivor regions: 30->30(98)
[2023-12-20T08:58:09.297-0800][56039742ms] GC(3255) Old regions: 186->186
[2023-12-20T08:58:09.297-0800][56039742ms] GC(3255) Humongous regions: 5->5
[2023-12-20T08:58:09.297-0800][56039742ms] GC(3255) Metaspace: 256515K->256515K(1294336K)
[2023-12-20T08:58:09.297-0800][56039742ms] GC(3255) Pause Young (Normal) (GCLocker Initiated GC) 1946M->440M(2612M) 29.632ms
[2023-12-20T08:58:09.297-0800][56039742ms] GC(3255) User=0.13s Sys=0.00s Real=0.03s
[2023-12-20T08:58:10.238-0800][56040683ms] GC(3256) Pause Young (Normal) (GCLocker Initiated GC)
[2023-12-20T08:58:10.238-0800][56040683ms] GC(3256) Using 10 workers of 10 for evacuation
[2023-12-20T08:58:10.270-0800][56040715ms] GC(3256)   Pre Evacuate Collection Set: 0.0ms
[2023-12-20T08:58:10.270-0800][56040715ms] GC(3256)   Evacuate Collection Set: 29.1ms
[2023-12-20T08:58:10.270-0800][56040715ms] GC(3256)   Post Evacuate Collection Set: 2.8ms
[2023-12-20T08:58:10.270-0800][56040715ms] GC(3256)   Other: 0.4ms
[2023-12-20T08:58:10.270-0800][56040715ms] GC(3256) Eden regions: 754->0(754)
[2023-12-20T08:58:10.270-0800][56040715ms] GC(3256) Survivor regions: 30->29(98)
[2023-12-20T08:58:10.270-0800][56040715ms] GC(3256) Old regions: 186->186
[2023-12-20T08:58:10.270-0800][56040715ms] GC(3256) Humongous regions: 5->5
[2023-12-20T08:58:10.270-0800][56040715ms] GC(3256) Metaspace: 256515K->256515K(1294336K)
[2023-12-20T08:58:10.270-0800][56040715ms] GC(3256) Pause Young (Normal) (GCLocker Initiated GC) 1947M->438M(2612M) 32.426ms
[2023-12-20T08:58:10.270-0800][56040715ms] GC(3256) User=0.16s Sys=0.00s Real=0.03s
[2023-12-20T08:58:11.430-0800][56041875ms] GC(3257) Pause Young (Normal) (GCLocker Initiated GC)
[2023-12-20T08:58:11.430-0800][56041875ms] GC(3257) Using 10 workers of 10 for evacuation
[2023-12-20T08:58:11.465-0800][56041910ms] GC(3257)   Pre Evacuate Collection Set: 0.0ms
[2023-12-20T08:58:11.465-0800][56041910ms] GC(3257)   Evacuate Collection Set: 31.0ms
[2023-12-20T08:58:11.465-0800][56041910ms] GC(3257)   Post Evacuate Collection Set: 3.1ms
[2023-12-20T08:58:11.465-0800][56041910ms] GC(3257)   Other: 0.4ms
[2023-12-20T08:58:11.465-0800][56041910ms] GC(3257) Eden regions: 755->0(753)
[2023-12-20T08:58:11.465-0800][56041910ms] GC(3257) Survivor regions: 29->30(98)
[2023-12-20T08:58:11.465-0800][56041910ms] GC(3257) Old regions: 186->186
[2023-12-20T08:58:11.465-0800][56041910ms] GC(3257) Humongous regions: 5->5
[2023-12-20T08:58:11.465-0800][56041910ms] GC(3257) Metaspace: 256515K->256515K(1294336K)
[2023-12-20T08:58:11.465-0800][56041910ms] GC(3257) Pause Young (Normal) (GCLocker Initiated GC) 1947M->439M(2612M) 34.637ms
[2023-12-20T08:58:11.465-0800][56041910ms] GC(3257) User=0.16s Sys=0.00s Real=0.03s
[2023-12-20T08:58:12.421-0800][56042867ms] GC(3258) Pause Young (Normal) (G1 Evacuation Pause)
[2023-12-20T08:58:12.422-0800][56042867ms] GC(3258) Using 10 workers of 10 for evacuation
[2023-12-20T08:58:12.454-0800][56042899ms] GC(3258)   Pre Evacuate Collection Set: 0.0ms
[2023-12-20T08:58:12.454-0800][56042899ms] GC(3258)   Evacuate Collection Set: 29.0ms
[2023-12-20T08:58:12.454-0800][56042899ms] GC(3258)   Post Evacuate Collection Set: 2.7ms
[2023-12-20T08:58:12.454-0800][56042899ms] GC(3258)   Other: 0.4ms
[2023-12-20T08:58:12.454-0800][56042899ms] GC(3258) Eden regions: 753->0(754)
[2023-12-20T08:58:12.454-0800][56042899ms] GC(3258) Survivor regions: 30->29(98)
[2023-12-20T08:58:12.454-0800][56042899ms] GC(3258) Old regions: 186->186
[2023-12-20T08:58:12.454-0800][56042899ms] GC(3258) Humongous regions: 5->5
[2023-12-20T08:58:12.454-0800][56042899ms] GC(3258) Metaspace: 256515K->256515K(1294336K)
[2023-12-20T08:58:12.454-0800][56042899ms] GC(3258) Pause Young (Normal) (G1 Evacuation Pause) 1945M->437M(2612M) 32.241ms
[2023-12-20T08:58:12.454-0800][56042899ms] GC(3258) User=0.13s Sys=0.00s Real=0.03s
[2023-12-20T08:58:13.485-0800][56043930ms] GC(3259) Pause Young (Normal) (G1 Evacuation Pause)
[2023-12-20T08:58:13.485-0800][56043930ms] GC(3259) Using 10 workers of 10 for evacuation
[2023-12-20T08:58:13.517-0800][56043962ms] GC(3259)   Pre Evacuate Collection Set: 0.1ms
[2023-12-20T08:58:13.517-0800][56043962ms] GC(3259)   Evacuate Collection Set: 28.1ms
[2023-12-20T08:58:13.517-0800][56043962ms] GC(3259)   Post Evacuate Collection Set: 3.5ms
[2023-12-20T08:58:13.517-0800][56043962ms] GC(3259)   Other: 0.5ms
[2023-12-20T08:58:13.517-0800][56043962ms] GC(3259) Eden regions: 754->0(753)
[2023-12-20T08:58:13.517-0800][56043962ms] GC(3259) Survivor regions: 29->30(98)
[2023-12-20T08:58:13.517-0800][56043962ms] GC(3259) Old regions: 186->186
[2023-12-20T08:58:13.517-0800][56043962ms] GC(3259) Humongous regions: 5->5
[2023-12-20T08:58:13.517-0800][56043962ms] GC(3259) Metaspace: 256515K->256515K(1294336K)
[2023-12-20T08:58:13.517-0800][56043962ms] GC(3259) Pause Young (Normal) (G1 Evacuation Pause) 1945M->439M(2612M) 32.232ms
[2023-12-20T08:58:13.517-0800][56043962ms] GC(3259) User=0.23s Sys=0.00s Real=0.03s
[2023-12-20T08:58:14.409-0800][56044854ms] GC(3260) Pause Young (Normal) (G1 Evacuation Pause)
[2023-12-20T08:58:14.409-0800][56044854ms] GC(3260) Using 10 workers of 10 for evacuation
[2023-12-20T08:58:14.438-0800][56044883ms] GC(3260)   Pre Evacuate Collection Set: 0.0ms
[2023-12-20T08:58:14.438-0800][56044883ms] GC(3260)   Evacuate Collection Set: 26.5ms
[2023-12-20T08:58:14.438-0800][56044883ms] GC(3260)   Post Evacuate Collection Set: 2.5ms
[2023-12-20T08:58:14.438-0800][56044883ms] GC(3260)   Other: 0.4ms
[2023-12-20T08:58:14.438-0800][56044883ms] GC(3260) Eden regions: 753->0(753)
[2023-12-20T08:58:14.438-0800][56044883ms] GC(3260) Survivor regions: 30->30(98)
[2023-12-20T08:58:14.438-0800][56044883ms] GC(3260) Old regions: 186->186
[2023-12-20T08:58:14.438-0800][56044883ms] GC(3260) Humongous regions: 5->5
[2023-12-20T08:58:14.438-0800][56044883ms] GC(3260) Metaspace: 256515K->256515K(1294336K)
[2023-12-20T08:58:14.438-0800][56044883ms] GC(3260) Pause Young (Normal) (G1 Evacuation Pause) 1945M->440M(2612M) 29.542ms
[2023-12-20T08:58:14.438-0800][56044883ms] GC(3260) User=0.09s Sys=0.00s Real=0.03s
[2023-12-20T08:58:15.327-0800][56045772ms] GC(3261) Pause Young (Normal) (G1 Evacuation Pause)
[2023-12-20T08:58:15.327-0800][56045772ms] GC(3261) Using 10 workers of 10 for evacuation
[2023-12-20T08:58:15.356-0800][56045801ms] GC(3261)   Pre Evacuate Collection Set: 0.0ms
[2023-12-20T08:58:15.356-0800][56045801ms] GC(3261)   Evacuate Collection Set: 26.9ms
[2023-12-20T08:58:15.356-0800][56045801ms] GC(3261)   Post Evacuate Collection Set: 2.9ms
[2023-12-20T08:58:15.356-0800][56045801ms] GC(3261)   Other: 0.4ms
[2023-12-20T08:58:15.356-0800][56045801ms] GC(3261) Eden regions: 753->0(753)
[2023-12-20T08:58:15.356-0800][56045801ms] GC(3261) Survivor regions: 30->30(98)
[2023-12-20T08:58:15.356-0800][56045801ms] GC(3261) Old regions: 186->186
[2023-12-20T08:58:15.356-0800][56045801ms] GC(3261) Humongous regions: 5->5
[2023-12-20T08:58:15.356-0800][56045801ms] GC(3261) Metaspace: 256515K->256515K(1294336K)
[2023-12-20T08:58:15.356-0800][56045801ms] GC(3261) Pause Young (Normal) (G1 Evacuation Pause) 1946M->440M(2612M) 30.260ms
[2023-12-20T08:58:15.356-0800][56045801ms] GC(3261) User=0.14s Sys=0.00s Real=0.03s
[2023-12-20T08:58:16.193-0800][56046638ms] GC(3262) Pause Young (Normal) (G1 Evacuation Pause)
[2023-12-20T08:58:16.193-0800][56046638ms] GC(3262) Using 10 workers of 10 for evacuation
[2023-12-20T08:58:16.224-0800][56046669ms] GC(3262)   Pre Evacuate Collection Set: 0.0ms
[2023-12-20T08:58:16.224-0800][56046669ms] GC(3262)   Evacuate Collection Set: 27.4ms
[2023-12-20T08:58:16.224-0800][56046669ms] GC(3262)   Post Evacuate Collection Set: 3.0ms
[2023-12-20T08:58:16.224-0800][56046669ms] GC(3262)   Other: 0.4ms
[2023-12-20T08:58:16.224-0800][56046669ms] GC(3262) Eden regions: 753->0(753)
[2023-12-20T08:58:16.224-0800][56046669ms] GC(3262) Survivor regions: 30->30(98)
[2023-12-20T08:58:16.224-0800][56046669ms] GC(3262) Old regions: 186->186
[2023-12-20T08:58:16.224-0800][56046669ms] GC(3262) Humongous regions: 5->5
[2023-12-20T08:58:16.224-0800][56046669ms] GC(3262) Metaspace: 256515K->256515K(1294336K)
[2023-12-20T08:58:16.224-0800][56046669ms] GC(3262) Pause Young (Normal) (G1 Evacuation Pause) 1946M->440M(2612M) 30.982ms
[2023-12-20T08:58:16.224-0800][56046669ms] GC(3262) User=0.19s Sys=0.00s Real=0.03s
[2023-12-20T08:58:17.062-0800][56047507ms] GC(3263) Pause Young (Normal) (G1 Evacuation Pause)
[2023-12-20T08:58:17.062-0800][56047507ms] GC(3263) Using 10 workers of 10 for evacuation
[2023-12-20T08:58:17.091-0800][56047536ms] GC(3263)   Pre Evacuate Collection Set: 0.0ms
[2023-12-20T08:58:17.091-0800][56047536ms] GC(3263)   Evacuate Collection Set: 26.4ms
[2023-12-20T08:58:17.091-0800][56047536ms] GC(3263)   Post Evacuate Collection Set: 2.5ms
[2023-12-20T08:58:17.091-0800][56047536ms] GC(3263)   Other: 0.5ms
[2023-12-20T08:58:17.091-0800][56047536ms] GC(3263) Eden regions: 753->0(753)
[2023-12-20T08:58:17.091-0800][56047536ms] GC(3263) Survivor regions: 30->30(98)
[2023-12-20T08:58:17.091-0800][56047536ms] GC(3263) Old regions: 186->186
[2023-12-20T08:58:17.091-0800][56047536ms] GC(3263) Humongous regions: 5->5
[2023-12-20T08:58:17.091-0800][56047536ms] GC(3263) Metaspace: 256515K->256515K(1294336K)
[2023-12-20T08:58:17.091-0800][56047536ms] GC(3263) Pause Young (Normal) (G1 Evacuation Pause) 1946M->440M(2612M) 29.552ms
[2023-12-20T08:58:17.091-0800][56047536ms] GC(3263) User=0.13s Sys=0.00s Real=0.03s
[2023-12-20T08:58:17.887-0800][56048332ms] GC(3264) Pause Young (Normal) (G1 Evacuation Pause)
[2023-12-20T08:58:17.887-0800][56048332ms] GC(3264) Using 10 workers of 10 for evacuation
[2023-12-20T08:58:17.915-0800][56048360ms] GC(3264)   Pre Evacuate Collection Set: 0.0ms
[2023-12-20T08:58:17.915-0800][56048360ms] GC(3264)   Evacuate Collection Set: 26.4ms
[2023-12-20T08:58:17.915-0800][56048360ms] GC(3264)   Post Evacuate Collection Set: 2.5ms
[2023-12-20T08:58:17.915-0800][56048360ms] GC(3264)   Other: 0.4ms
[2023-12-20T08:58:17.915-0800][56048360ms] GC(3264) Eden regions: 753->0(753)
[2023-12-20T08:58:17.915-0800][56048360ms] GC(3264) Survivor regions: 30->30(98)
[2023-12-20T08:58:17.915-0800][56048360ms] GC(3264) Old regions: 186->186
[2023-12-20T08:58:17.915-0800][56048360ms] GC(3264) Humongous regions: 5->5
[2023-12-20T08:58:17.915-0800][56048360ms] GC(3264) Metaspace: 256515K->256515K(1294336K)
[2023-12-20T08:58:17.915-0800][56048360ms] GC(3264) Pause Young (Normal) (G1 Evacuation Pause) 1946M->440M(2612M) 29.354ms
[2023-12-20T08:58:17.915-0800][56048360ms] GC(3264) User=0.09s Sys=0.00s Real=0.03s
[2023-12-20T08:58:18.728-0800][56049173ms] GC(3265) Pause Young (Normal) (G1 Evacuation Pause)
[2023-12-20T08:58:18.728-0800][56049173ms] GC(3265) Using 10 workers of 10 for evacuation
[2023-12-20T08:58:18.757-0800][56049202ms] GC(3265)   Pre Evacuate Collection Set: 0.0ms
[2023-12-20T08:58:18.757-0800][56049202ms] GC(3265)   Evacuate Collection Set: 26.3ms
[2023-12-20T08:58:18.757-0800][56049202ms] GC(3265)   Post Evacuate Collection Set: 2.4ms
[2023-12-20T08:58:18.757-0800][56049202ms] GC(3265)   Other: 0.4ms
[2023-12-20T08:58:18.757-0800][56049202ms] GC(3265) Eden regions: 753->0(753)
[2023-12-20T08:58:18.757-0800][56049202ms] GC(3265) Survivor regions: 30->30(98)
[2023-12-20T08:58:18.757-0800][56049202ms] GC(3265) Old regions: 186->186
[2023-12-20T08:58:18.757-0800][56049202ms] GC(3265) Humongous regions: 5->5
[2023-12-20T08:58:18.757-0800][56049202ms] GC(3265) Metaspace: 256515K->256515K(1294336K)
[2023-12-20T08:58:18.757-0800][56049202ms] GC(3265) Pause Young (Normal) (G1 Evacuation Pause) 1946M->440M(2612M) 29.215ms
[2023-12-20T08:58:18.757-0800][56049202ms] GC(3265) User=0.09s Sys=0.00s Real=0.03s
[2023-12-20T08:58:19.567-0800][56050012ms] GC(3266) Pause Young (Normal) (G1 Evacuation Pause)
[2023-12-20T08:58:19.567-0800][56050012ms] GC(3266) Using 10 workers of 10 for evacuation
[2023-12-20T08:58:19.598-0800][56050043ms] GC(3266)   Pre Evacuate Collection Set: 0.0ms
[2023-12-20T08:58:19.598-0800][56050043ms] GC(3266)   Evacuate Collection Set: 28.4ms
[2023-12-20T08:58:19.598-0800][56050043ms] GC(3266)   Post Evacuate Collection Set: 2.4ms
[2023-12-20T08:58:19.598-0800][56050043ms] GC(3266)   Other: 0.4ms
[2023-12-20T08:58:19.598-0800][56050043ms] GC(3266) Eden regions: 753->0(754)
[2023-12-20T08:58:19.598-0800][56050043ms] GC(3266) Survivor regions: 30->29(98)
[2023-12-20T08:58:19.598-0800][56050043ms] GC(3266) Old regions: 186->186
[2023-12-20T08:58:19.598-0800][56050043ms] GC(3266) Humongous regions: 5->5
[2023-12-20T08:58:19.598-0800][56050043ms] GC(3266) Metaspace: 256515K->256515K(1294336K)
[2023-12-20T08:58:19.598-0800][56050043ms] GC(3266) Pause Young (Normal) (G1 Evacuation Pause) 1946M->438M(2612M) 31.300ms
[2023-12-20T08:58:19.598-0800][56050043ms] GC(3266) User=0.19s Sys=0.00s Real=0.03s
[2023-12-20T08:58:20.375-0800][56050820ms] GC(3267) Pause Young (Normal) (G1 Evacuation Pause)
[2023-12-20T08:58:20.375-0800][56050820ms] GC(3267) Using 10 workers of 10 for evacuation
[2023-12-20T08:58:20.406-0800][56050851ms] GC(3267)   Pre Evacuate Collection Set: 0.0ms
[2023-12-20T08:58:20.406-0800][56050851ms] GC(3267)   Evacuate Collection Set: 28.4ms
[2023-12-20T08:58:20.406-0800][56050851ms] GC(3267)   Post Evacuate Collection Set: 2.4ms
[2023-12-20T08:58:20.406-0800][56050851ms] GC(3267)   Other: 0.4ms
[2023-12-20T08:58:20.406-0800][56050851ms] GC(3267) Eden regions: 754->0(753)
[2023-12-20T08:58:20.406-0800][56050851ms] GC(3267) Survivor regions: 29->30(98)
[2023-12-20T08:58:20.406-0800][56050851ms] GC(3267) Old regions: 186->186
[2023-12-20T08:58:20.406-0800][56050851ms] GC(3267) Humongous regions: 5->5
[2023-12-20T08:58:20.406-0800][56050851ms] GC(3267) Metaspace: 256515K->256515K(1294336K)
[2023-12-20T08:58:20.406-0800][56050851ms] GC(3267) Pause Young (Normal) (G1 Evacuation Pause) 1946M->439M(2612M) 31.405ms
[2023-12-20T08:58:20.406-0800][56050851ms] GC(3267) User=0.16s Sys=0.00s Real=0.03s
[2023-12-20T08:58:21.203-0800][56051648ms] GC(3268) Pause Young (Normal) (G1 Evacuation Pause)
[2023-12-20T08:58:21.203-0800][56051648ms] GC(3268) Using 10 workers of 10 for evacuation
[2023-12-20T08:58:21.233-0800][56051678ms] GC(3268)   Pre Evacuate Collection Set: 0.0ms
[2023-12-20T08:58:21.233-0800][56051678ms] GC(3268)   Evacuate Collection Set: 27.3ms
[2023-12-20T08:58:21.233-0800][56051678ms] GC(3268)   Post Evacuate Collection Set: 2.3ms
[2023-12-20T08:58:21.233-0800][56051678ms] GC(3268)   Other: 0.4ms
[2023-12-20T08:58:21.233-0800][56051678ms] GC(3268) Eden regions: 753->0(753)
[2023-12-20T08:58:21.233-0800][56051678ms] GC(3268) Survivor regions: 30->30(98)
[2023-12-20T08:58:21.233-0800][56051678ms] GC(3268) Old regions: 186->186
[2023-12-20T08:58:21.233-0800][56051678ms] GC(3268) Humongous regions: 5->5
[2023-12-20T08:58:21.233-0800][56051678ms] GC(3268) Metaspace: 256533K->256533K(1294336K)
[2023-12-20T08:58:21.233-0800][56051678ms] GC(3268) Pause Young (Normal) (G1 Evacuation Pause) 1945M->440M(2612M) 30.122ms
[2023-12-20T08:58:21.233-0800][56051678ms] GC(3268) User=0.14s Sys=0.00s Real=0.03s
[2023-12-20T08:58:22.072-0800][56052517ms] GC(3269) Pause Young (Normal) (G1 Evacuation Pause)
[2023-12-20T08:58:22.072-0800][56052517ms] GC(3269) Using 10 workers of 10 for evacuation
[2023-12-20T08:58:22.102-0800][56052547ms] GC(3269)   Pre Evacuate Collection Set: 0.0ms
[2023-12-20T08:58:22.102-0800][56052547ms] GC(3269)   Evacuate Collection Set: 27.0ms
[2023-12-20T08:58:22.102-0800][56052547ms] GC(3269)   Post Evacuate Collection Set: 2.5ms
[2023-12-20T08:58:22.102-0800][56052547ms] GC(3269)   Other: 0.4ms
[2023-12-20T08:58:22.102-0800][56052547ms] GC(3269) Eden regions: 753->0(753)
[2023-12-20T08:58:22.102-0800][56052547ms] GC(3269) Survivor regions: 30->30(98)
[2023-12-20T08:58:22.102-0800][56052547ms] GC(3269) Old regions: 186->186
[2023-12-20T08:58:22.102-0800][56052547ms] GC(3269) Humongous regions: 5->5
[2023-12-20T08:58:22.102-0800][56052547ms] GC(3269) Metaspace: 256533K->256533K(1294336K)
[2023-12-20T08:58:22.102-0800][56052547ms] GC(3269) Pause Young (Normal) (G1 Evacuation Pause) 1946M->439M(2612M) 30.033ms
[2023-12-20T08:58:22.102-0800][56052547ms] GC(3269) User=0.17s Sys=0.02s Real=0.03s
[2023-12-20T08:58:22.979-0800][56053424ms] GC(3270) Pause Young (Normal) (G1 Evacuation Pause)
[2023-12-20T08:58:22.979-0800][56053424ms] GC(3270) Using 10 workers of 10 for evacuation
[2023-12-20T08:58:23.011-0800][56053456ms] GC(3270)   Pre Evacuate Collection Set: 0.1ms
[2023-12-20T08:58:23.011-0800][56053456ms] GC(3270)   Evacuate Collection Set: 29.1ms
[2023-12-20T08:58:23.011-0800][56053456ms] GC(3270)   Post Evacuate Collection Set: 2.6ms
[2023-12-20T08:58:23.011-0800][56053456ms] GC(3270)   Other: 0.4ms
[2023-12-20T08:58:23.011-0800][56053456ms] GC(3270) Eden regions: 753->0(753)
[2023-12-20T08:58:23.011-0800][56053456ms] GC(3270) Survivor regions: 30->30(98)
[2023-12-20T08:58:23.011-0800][56053456ms] GC(3270) Old regions: 186->186
[2023-12-20T08:58:23.011-0800][56053456ms] GC(3270) Humongous regions: 5->5
[2023-12-20T08:58:23.011-0800][56053456ms] GC(3270) Metaspace: 256533K->256533K(1294336K)
[2023-12-20T08:58:23.011-0800][56053456ms] GC(3270) Pause Young (Normal) (G1 Evacuation Pause) 1945M->439M(2612M) 32.334ms
[2023-12-20T08:58:23.011-0800][56053456ms] GC(3270) User=0.14s Sys=0.00s Real=0.03s
[2023-12-20T08:58:23.836-0800][56054281ms] GC(3271) Pause Young (Normal) (G1 Evacuation Pause)
[2023-12-20T08:58:23.836-0800][56054281ms] GC(3271) Using 10 workers of 10 for evacuation
[2023-12-20T08:58:23.865-0800][56054310ms] GC(3271)   Pre Evacuate Collection Set: 0.0ms
[2023-12-20T08:58:23.865-0800][56054310ms] GC(3271)   Evacuate Collection Set: 26.9ms
[2023-12-20T08:58:23.865-0800][56054310ms] GC(3271)   Post Evacuate Collection Set: 2.3ms
[2023-12-20T08:58:23.865-0800][56054310ms] GC(3271)   Other: 0.4ms
[2023-12-20T08:58:23.865-0800][56054310ms] GC(3271) Eden regions: 753->0(753)
[2023-12-20T08:58:23.865-0800][56054310ms] GC(3271) Survivor regions: 30->30(98)
[2023-12-20T08:58:23.865-0800][56054310ms] GC(3271) Old regions: 186->186
[2023-12-20T08:58:23.865-0800][56054310ms] GC(3271) Humongous regions: 5->5
[2023-12-20T08:58:23.865-0800][56054310ms] GC(3271) Metaspace: 256533K->256533K(1294336K)
[2023-12-20T08:58:23.865-0800][56054310ms] GC(3271) Pause Young (Normal) (G1 Evacuation Pause) 1945M->439M(2612M) 29.792ms
[2023-12-20T08:58:23.865-0800][56054310ms] GC(3271) User=0.11s Sys=0.00s Real=0.03s
[2023-12-20T08:58:24.633-0800][56055078ms] GC(3272) Pause Young (Normal) (G1 Evacuation Pause)
[2023-12-20T08:58:24.633-0800][56055078ms] GC(3272) Using 10 workers of 10 for evacuation
[2023-12-20T08:58:24.666-0800][56055111ms] GC(3272)   Pre Evacuate Collection Set: 0.0ms
[2023-12-20T08:58:24.666-0800][56055111ms] GC(3272)   Evacuate Collection Set: 29.5ms
[2023-12-20T08:58:24.666-0800][56055111ms] GC(3272)   Post Evacuate Collection Set: 2.7ms
[2023-12-20T08:58:24.666-0800][56055111ms] GC(3272)   Other: 0.4ms
[2023-12-20T08:58:24.666-0800][56055111ms] GC(3272) Eden regions: 753->0(754)
[2023-12-20T08:58:24.666-0800][56055111ms] GC(3272) Survivor regions: 30->29(98)
[2023-12-20T08:58:24.666-0800][56055111ms] GC(3272) Old regions: 186->186
[2023-12-20T08:58:24.666-0800][56055111ms] GC(3272) Humongous regions: 5->5
[2023-12-20T08:58:24.666-0800][56055111ms] GC(3272) Metaspace: 256533K->256533K(1294336K)
[2023-12-20T08:58:24.666-0800][56055111ms] GC(3272) Pause Young (Normal) (G1 Evacuation Pause) 1945M->438M(2612M) 32.700ms
[2023-12-20T08:58:24.666-0800][56055111ms] GC(3272) User=0.16s Sys=0.00s Real=0.03s
[2023-12-20T08:58:25.514-0800][56055959ms] GC(3273) Pause Young (Normal) (G1 Evacuation Pause)
[2023-12-20T08:58:25.514-0800][56055959ms] GC(3273) Using 10 workers of 10 for evacuation
[2023-12-20T08:58:25.545-0800][56055990ms] GC(3273)   Pre Evacuate Collection Set: 0.0ms
[2023-12-20T08:58:25.545-0800][56055990ms] GC(3273)   Evacuate Collection Set: 27.7ms
[2023-12-20T08:58:25.545-0800][56055990ms] GC(3273)   Post Evacuate Collection Set: 3.5ms
[2023-12-20T08:58:25.546-0800][56055991ms] GC(3273)   Other: 0.4ms
[2023-12-20T08:58:25.546-0800][56055991ms] GC(3273) Eden regions: 754->0(754)
[2023-12-20T08:58:25.546-0800][56055991ms] GC(3273) Survivor regions: 29->29(98)
[2023-12-20T08:58:25.546-0800][56055991ms] GC(3273) Old regions: 186->186
[2023-12-20T08:58:25.546-0800][56055991ms] GC(3273) Humongous regions: 5->5
[2023-12-20T08:58:25.546-0800][56055991ms] GC(3273) Metaspace: 256533K->256533K(1294336K)
[2023-12-20T08:58:25.546-0800][56055991ms] GC(3273) Pause Young (Normal) (G1 Evacuation Pause) 1946M->438M(2612M) 31.838ms
[2023-12-20T08:58:25.546-0800][56055991ms] GC(3273) User=0.16s Sys=0.00s Real=0.03s
[2023-12-20T08:58:26.404-0800][56056849ms] GC(3274) Pause Young (Normal) (G1 Evacuation Pause)
[2023-12-20T08:58:26.404-0800][56056849ms] GC(3274) Using 10 workers of 10 for evacuation
[2023-12-20T08:58:26.441-0800][56056886ms] GC(3274)   Pre Evacuate Collection Set: 0.0ms
[2023-12-20T08:58:26.441-0800][56056886ms] GC(3274)   Evacuate Collection Set: 33.8ms
[2023-12-20T08:58:26.441-0800][56056886ms] GC(3274)   Post Evacuate Collection Set: 3.2ms
[2023-12-20T08:58:26.441-0800][56056886ms] GC(3274)   Other: 0.4ms
[2023-12-20T08:58:26.441-0800][56056886ms] GC(3274) Eden regions: 754->0(753)
[2023-12-20T08:58:26.441-0800][56056886ms] GC(3274) Survivor regions: 29->30(98)
[2023-12-20T08:58:26.441-0800][56056886ms] GC(3274) Old regions: 186->186
[2023-12-20T08:58:26.441-0800][56056886ms] GC(3274) Humongous regions: 5->5
[2023-12-20T08:58:26.441-0800][56056886ms] GC(3274) Metaspace: 256533K->256533K(1294336K)
[2023-12-20T08:58:26.441-0800][56056886ms] GC(3274) Pause Young (Normal) (G1 Evacuation Pause) 1946M->440M(2612M) 37.617ms
[2023-12-20T08:58:26.441-0800][56056886ms] GC(3274) User=0.22s Sys=0.00s Real=0.04s
[2023-12-20T08:58:27.343-0800][56057788ms] GC(3275) Pause Young (Normal) (G1 Evacuation Pause)
[2023-12-20T08:58:27.343-0800][56057788ms] GC(3275) Using 10 workers of 10 for evacuation
[2023-12-20T08:58:27.373-0800][56057818ms] GC(3275)   Pre Evacuate Collection Set: 0.0ms
[2023-12-20T08:58:27.373-0800][56057818ms] GC(3275)   Evacuate Collection Set: 27.7ms
[2023-12-20T08:58:27.373-0800][56057818ms] GC(3275)   Post Evacuate Collection Set: 2.4ms
[2023-12-20T08:58:27.373-0800][56057818ms] GC(3275)   Other: 0.4ms
[2023-12-20T08:58:27.373-0800][56057818ms] GC(3275) Eden regions: 753->0(752)
[2023-12-20T08:58:27.373-0800][56057818ms] GC(3275) Survivor regions: 30->31(98)
[2023-12-20T08:58:27.373-0800][56057818ms] GC(3275) Old regions: 186->186
[2023-12-20T08:58:27.373-0800][56057818ms] GC(3275) Humongous regions: 5->5
[2023-12-20T08:58:27.373-0800][56057818ms] GC(3275) Metaspace: 256533K->256533K(1294336K)
[2023-12-20T08:58:27.373-0800][56057818ms] GC(3275) Pause Young (Normal) (G1 Evacuation Pause) 1946M->441M(2612M) 30.614ms
[2023-12-20T08:58:27.373-0800][56057818ms] GC(3275) User=0.11s Sys=0.00s Real=0.03s
[2023-12-20T08:58:28.186-0800][56058632ms] GC(3276) Pause Young (Normal) (G1 Evacuation Pause)
[2023-12-20T08:58:28.187-0800][56058632ms] GC(3276) Using 10 workers of 10 for evacuation
[2023-12-20T08:58:28.216-0800][56058661ms] GC(3276)   Pre Evacuate Collection Set: 0.0ms
[2023-12-20T08:58:28.216-0800][56058661ms] GC(3276)   Evacuate Collection Set: 27.6ms
[2023-12-20T08:58:28.216-0800][56058661ms] GC(3276)   Post Evacuate Collection Set: 2.5ms
[2023-12-20T08:58:28.216-0800][56058661ms] GC(3276)   Other: 0.4ms
[2023-12-20T08:58:28.216-0800][56058661ms] GC(3276) Eden regions: 752->0(753)
[2023-12-20T08:58:28.216-0800][56058661ms] GC(3276) Survivor regions: 31->30(98)
[2023-12-20T08:58:28.216-0800][56058661ms] GC(3276) Old regions: 186->186
[2023-12-20T08:58:28.216-0800][56058661ms] GC(3276) Humongous regions: 5->5
[2023-12-20T08:58:28.216-0800][56058661ms] GC(3276) Metaspace: 256533K->256533K(1294336K)
[2023-12-20T08:58:28.216-0800][56058661ms] GC(3276) Pause Young (Normal) (G1 Evacuation Pause) 1945M->440M(2612M) 30.571ms
[2023-12-20T08:58:28.216-0800][56058661ms] GC(3276) User=0.14s Sys=0.00s Real=0.03s
[2023-12-20T08:58:29.040-0800][56059485ms] GC(3277) Pause Young (Normal) (G1 Evacuation Pause)
[2023-12-20T08:58:29.040-0800][56059485ms] GC(3277) Using 10 workers of 10 for evacuation
[2023-12-20T08:58:29.071-0800][56059516ms] GC(3277)   Pre Evacuate Collection Set: 0.0ms
[2023-12-20T08:58:29.071-0800][56059516ms] GC(3277)   Evacuate Collection Set: 27.8ms
[2023-12-20T08:58:29.071-0800][56059516ms] GC(3277)   Post Evacuate Collection Set: 2.4ms
[2023-12-20T08:58:29.071-0800][56059516ms] GC(3277)   Other: 0.4ms
[2023-12-20T08:58:29.071-0800][56059516ms] GC(3277) Eden regions: 753->0(752)
[2023-12-20T08:58:29.071-0800][56059516ms] GC(3277) Survivor regions: 30->31(98)
[2023-12-20T08:58:29.071-0800][56059516ms] GC(3277) Old regions: 186->186
[2023-12-20T08:58:29.071-0800][56059516ms] GC(3277) Humongous regions: 5->5
[2023-12-20T08:58:29.071-0800][56059516ms] GC(3277) Metaspace: 256533K->256533K(1294336K)
[2023-12-20T08:58:29.071-0800][56059516ms] GC(3277) Pause Young (Normal) (G1 Evacuation Pause) 1946M->441M(2612M) 30.809ms
[2023-12-20T08:58:29.071-0800][56059516ms] GC(3277) User=0.13s Sys=0.00s Real=0.03s
[2023-12-20T08:58:30.015-0800][56060460ms] GC(3278) Pause Young (Normal) (G1 Evacuation Pause)
[2023-12-20T08:58:30.015-0800][56060460ms] GC(3278) Using 10 workers of 10 for evacuation
[2023-12-20T08:58:30.044-0800][56060489ms] GC(3278)   Pre Evacuate Collection Set: 0.0ms
[2023-12-20T08:58:30.044-0800][56060489ms] GC(3278)   Evacuate Collection Set: 26.6ms
[2023-12-20T08:58:30.044-0800][56060489ms] GC(3278)   Post Evacuate Collection Set: 2.3ms
[2023-12-20T08:58:30.044-0800][56060489ms] GC(3278)   Other: 0.4ms
[2023-12-20T08:58:30.044-0800][56060489ms] GC(3278) Eden regions: 752->0(752)
[2023-12-20T08:58:30.044-0800][56060489ms] GC(3278) Survivor regions: 31->31(98)
[2023-12-20T08:58:30.044-0800][56060489ms] GC(3278) Old regions: 186->186
[2023-12-20T08:58:30.044-0800][56060489ms] GC(3278) Humongous regions: 5->5
[2023-12-20T08:58:30.044-0800][56060489ms] GC(3278) Metaspace: 256533K->256533K(1294336K)
[2023-12-20T08:58:30.044-0800][56060489ms] GC(3278) Pause Young (Normal) (G1 Evacuation Pause) 1945M->441M(2612M) 29.410ms
[2023-12-20T08:58:30.044-0800][56060489ms] GC(3278) User=0.13s Sys=0.00s Real=0.03s
[2023-12-20T08:58:30.777-0800][56061222ms] GC(3279) Pause Young (Normal) (G1 Evacuation Pause)
[2023-12-20T08:58:30.777-0800][56061222ms] GC(3279) Using 10 workers of 10 for evacuation
[2023-12-20T08:58:30.806-0800][56061251ms] GC(3279)   Pre Evacuate Collection Set: 0.0ms
[2023-12-20T08:58:30.806-0800][56061251ms] GC(3279)   Evacuate Collection Set: 27.3ms
[2023-12-20T08:58:30.806-0800][56061251ms] GC(3279)   Post Evacuate Collection Set: 2.3ms
[2023-12-20T08:58:30.806-0800][56061251ms] GC(3279)   Other: 0.4ms
[2023-12-20T08:58:30.806-0800][56061251ms] GC(3279) Eden regions: 752->0(753)
[2023-12-20T08:58:30.806-0800][56061251ms] GC(3279) Survivor regions: 31->30(98)
[2023-12-20T08:58:30.806-0800][56061251ms] GC(3279) Old regions: 186->186
[2023-12-20T08:58:30.806-0800][56061251ms] GC(3279) Humongous regions: 5->5
[2023-12-20T08:58:30.806-0800][56061251ms] GC(3279) Metaspace: 256533K->256533K(1294336K)
[2023-12-20T08:58:30.806-0800][56061251ms] GC(3279) Pause Young (Normal) (G1 Evacuation Pause) 1945M->440M(2612M) 30.128ms
[2023-12-20T08:58:30.806-0800][56061251ms] GC(3279) User=0.14s Sys=0.00s Real=0.03s
[2023-12-20T08:58:31.468-0800][56061913ms] GC(3280) Pause Young (Normal) (G1 Evacuation Pause)
[2023-12-20T08:58:31.468-0800][56061913ms] GC(3280) Using 10 workers of 10 for evacuation
[2023-12-20T08:58:31.495-0800][56061940ms] GC(3280)   Pre Evacuate Collection Set: 0.0ms
[2023-12-20T08:58:31.495-0800][56061940ms] GC(3280)   Evacuate Collection Set: 25.2ms
[2023-12-20T08:58:31.495-0800][56061940ms] GC(3280)   Post Evacuate Collection Set: 2.4ms
[2023-12-20T08:58:31.495-0800][56061940ms] GC(3280)   Other: 0.4ms
[2023-12-20T08:58:31.495-0800][56061940ms] GC(3280) Eden regions: 753->0(752)
[2023-12-20T08:58:31.495-0800][56061940ms] GC(3280) Survivor regions: 30->31(98)
[2023-12-20T08:58:31.495-0800][56061940ms] GC(3280) Old regions: 186->186
[2023-12-20T08:58:31.495-0800][56061940ms] GC(3280) Humongous regions: 5->5
[2023-12-20T08:58:31.495-0800][56061940ms] GC(3280) Metaspace: 256533K->256533K(1294336K)
[2023-12-20T08:58:31.495-0800][56061940ms] GC(3280) Pause Young (Normal) (G1 Evacuation Pause) 1946M->441M(2612M) 28.071ms
[2023-12-20T08:58:31.495-0800][56061940ms] GC(3280) User=0.05s Sys=0.00s Real=0.03s
[2023-12-20T08:58:32.092-0800][56062537ms] GC(3281) Pause Young (Normal) (G1 Evacuation Pause)
[2023-12-20T08:58:32.092-0800][56062537ms] GC(3281) Using 10 workers of 10 for evacuation
[2023-12-20T08:58:32.119-0800][56062564ms] GC(3281)   Pre Evacuate Collection Set: 0.0ms
[2023-12-20T08:58:32.119-0800][56062564ms] GC(3281)   Evacuate Collection Set: 25.4ms
[2023-12-20T08:58:32.119-0800][56062564ms] GC(3281)   Post Evacuate Collection Set: 2.4ms
[2023-12-20T08:58:32.119-0800][56062564ms] GC(3281)   Other: 0.4ms
[2023-12-20T08:58:32.119-0800][56062564ms] GC(3281) Eden regions: 752->0(753)
[2023-12-20T08:58:32.119-0800][56062564ms] GC(3281) Survivor regions: 31->30(98)
[2023-12-20T08:58:32.119-0800][56062564ms] GC(3281) Old regions: 186->186
[2023-12-20T08:58:32.119-0800][56062564ms] GC(3281) Humongous regions: 5->5
[2023-12-20T08:58:32.119-0800][56062564ms] GC(3281) Metaspace: 256533K->256533K(1294336K)
[2023-12-20T08:58:32.119-0800][56062564ms] GC(3281) Pause Young (Normal) (G1 Evacuation Pause) 1945M->440M(2612M) 28.413ms
[2023-12-20T08:58:32.119-0800][56062564ms] GC(3281) User=0.08s Sys=0.00s Real=0.03s
[2023-12-20T08:58:32.855-0800][56063300ms] GC(3282) Pause Young (Normal) (G1 Evacuation Pause)
[2023-12-20T08:58:32.855-0800][56063300ms] GC(3282) Using 10 workers of 10 for evacuation
[2023-12-20T08:58:32.885-0800][56063330ms] GC(3282)   Pre Evacuate Collection Set: 0.0ms
[2023-12-20T08:58:32.885-0800][56063330ms] GC(3282)   Evacuate Collection Set: 26.5ms
[2023-12-20T08:58:32.885-0800][56063330ms] GC(3282)   Post Evacuate Collection Set: 3.1ms
[2023-12-20T08:58:32.885-0800][56063330ms] GC(3282)   Other: 0.4ms
[2023-12-20T08:58:32.885-0800][56063330ms] GC(3282) Eden regions: 753->0(753)
[2023-12-20T08:58:32.885-0800][56063330ms] GC(3282) Survivor regions: 30->30(98)
[2023-12-20T08:58:32.885-0800][56063331ms] GC(3282) Old regions: 186->186
[2023-12-20T08:58:32.886-0800][56063331ms] GC(3282) Humongous regions: 5->5
[2023-12-20T08:58:32.886-0800][56063331ms] GC(3282) Metaspace: 256533K->256533K(1294336K)
[2023-12-20T08:58:32.886-0800][56063331ms] GC(3282) Pause Young (Normal) (G1 Evacuation Pause) 1946M->439M(2612M) 30.198ms
[2023-12-20T08:58:32.886-0800][56063331ms] GC(3282) User=0.17s Sys=0.00s Real=0.03s
[2023-12-20T08:58:33.637-0800][56064082ms] GC(3283) Pause Young (Normal) (G1 Evacuation Pause)
[2023-12-20T08:58:33.637-0800][56064082ms] GC(3283) Using 10 workers of 10 for evacuation
[2023-12-20T08:58:33.674-0800][56064119ms] GC(3283)   Pre Evacuate Collection Set: 0.1ms
[2023-12-20T08:58:33.674-0800][56064119ms] GC(3283)   Evacuate Collection Set: 33.0ms
[2023-12-20T08:58:33.674-0800][56064119ms] GC(3283)   Post Evacuate Collection Set: 3.7ms
[2023-12-20T08:58:33.674-0800][56064119ms] GC(3283)   Other: 0.5ms
[2023-12-20T08:58:33.674-0800][56064119ms] GC(3283) Eden regions: 753->0(753)
[2023-12-20T08:58:33.674-0800][56064119ms] GC(3283) Survivor regions: 30->30(98)
[2023-12-20T08:58:33.674-0800][56064119ms] GC(3283) Old regions: 186->186
[2023-12-20T08:58:33.674-0800][56064119ms] GC(3283) Humongous regions: 5->5
[2023-12-20T08:58:33.674-0800][56064119ms] GC(3283) Metaspace: 256533K->256533K(1294336K)
[2023-12-20T08:58:33.674-0800][56064119ms] GC(3283) Pause Young (Normal) (G1 Evacuation Pause) 1945M->440M(2612M) 37.366ms
[2023-12-20T08:58:33.674-0800][56064119ms] GC(3283) User=0.28s Sys=0.00s Real=0.04s
[2023-12-20T08:58:34.441-0800][56064886ms] GC(3284) Pause Young (Normal) (G1 Evacuation Pause)
[2023-12-20T08:58:34.441-0800][56064886ms] GC(3284) Using 10 workers of 10 for evacuation
[2023-12-20T08:58:34.471-0800][56064916ms] GC(3284)   Pre Evacuate Collection Set: 0.0ms
[2023-12-20T08:58:34.471-0800][56064916ms] GC(3284)   Evacuate Collection Set: 27.4ms
[2023-12-20T08:58:34.471-0800][56064916ms] GC(3284)   Post Evacuate Collection Set: 2.3ms
[2023-12-20T08:58:34.471-0800][56064916ms] GC(3284)   Other: 0.4ms
[2023-12-20T08:58:34.471-0800][56064916ms] GC(3284) Eden regions: 753->0(752)
[2023-12-20T08:58:34.471-0800][56064916ms] GC(3284) Survivor regions: 30->31(98)
[2023-12-20T08:58:34.471-0800][56064916ms] GC(3284) Old regions: 186->186
[2023-12-20T08:58:34.471-0800][56064916ms] GC(3284) Humongous regions: 5->5
[2023-12-20T08:58:34.471-0800][56064916ms] GC(3284) Metaspace: 256533K->256533K(1294336K)
[2023-12-20T08:58:34.471-0800][56064916ms] GC(3284) Pause Young (Normal) (G1 Evacuation Pause) 1946M->441M(2612M) 30.316ms
[2023-12-20T08:58:34.471-0800][56064916ms] GC(3284) User=0.16s Sys=0.00s Real=0.03s
[2023-12-20T08:58:35.288-0800][56065733ms] GC(3285) Pause Young (Normal) (G1 Evacuation Pause)
[2023-12-20T08:58:35.288-0800][56065733ms] GC(3285) Using 10 workers of 10 for evacuation
[2023-12-20T08:58:35.321-0800][56065766ms] GC(3285)   Pre Evacuate Collection Set: 0.0ms
[2023-12-20T08:58:35.321-0800][56065766ms] GC(3285)   Evacuate Collection Set: 29.6ms
[2023-12-20T08:58:35.321-0800][56065766ms] GC(3285)   Post Evacuate Collection Set: 2.9ms
[2023-12-20T08:58:35.321-0800][56065766ms] GC(3285)   Other: 0.4ms
[2023-12-20T08:58:35.321-0800][56065766ms] GC(3285) Eden regions: 752->0(753)
[2023-12-20T08:58:35.321-0800][56065766ms] GC(3285) Survivor regions: 31->30(98)
[2023-12-20T08:58:35.321-0800][56065766ms] GC(3285) Old regions: 186->186
[2023-12-20T08:58:35.321-0800][56065766ms] GC(3285) Humongous regions: 5->5
[2023-12-20T08:58:35.321-0800][56065766ms] GC(3285) Metaspace: 256533K->256533K(1294336K)
[2023-12-20T08:58:35.321-0800][56065766ms] GC(3285) Pause Young (Normal) (G1 Evacuation Pause) 1945M->439M(2612M) 33.103ms
[2023-12-20T08:58:35.321-0800][56065766ms] GC(3285) User=0.19s Sys=0.00s Real=0.03s
[2023-12-20T08:58:36.129-0800][56066574ms] GC(3286) Pause Young (Normal) (G1 Evacuation Pause)
[2023-12-20T08:58:36.130-0800][56066575ms] GC(3286) Using 10 workers of 10 for evacuation
[2023-12-20T08:58:36.159-0800][56066604ms] GC(3286)   Pre Evacuate Collection Set: 0.0ms
[2023-12-20T08:58:36.159-0800][56066604ms] GC(3286)   Evacuate Collection Set: 26.8ms
[2023-12-20T08:58:36.159-0800][56066604ms] GC(3286)   Post Evacuate Collection Set: 2.7ms
[2023-12-20T08:58:36.159-0800][56066604ms] GC(3286)   Other: 0.4ms
[2023-12-20T08:58:36.159-0800][56066604ms] GC(3286) Eden regions: 753->0(752)
[2023-12-20T08:58:36.159-0800][56066604ms] GC(3286) Survivor regions: 30->31(98)
[2023-12-20T08:58:36.159-0800][56066604ms] GC(3286) Old regions: 186->186
[2023-12-20T08:58:36.159-0800][56066604ms] GC(3286) Humongous regions: 5->5
[2023-12-20T08:58:36.159-0800][56066604ms] GC(3286) Metaspace: 256533K->256533K(1294336K)
[2023-12-20T08:58:36.159-0800][56066604ms] GC(3286) Pause Young (Normal) (G1 Evacuation Pause) 1945M->441M(2612M) 30.075ms
[2023-12-20T08:58:36.159-0800][56066604ms] GC(3286) User=0.11s Sys=0.00s Real=0.03s
[2023-12-20T08:58:37.027-0800][56067472ms] GC(3287) Pause Young (Normal) (G1 Evacuation Pause)
[2023-12-20T08:58:37.027-0800][56067472ms] GC(3287) Using 10 workers of 10 for evacuation
[2023-12-20T08:58:37.059-0800][56067504ms] GC(3287)   Pre Evacuate Collection Set: 0.0ms
[2023-12-20T08:58:37.059-0800][56067504ms] GC(3287)   Evacuate Collection Set: 27.6ms
[2023-12-20T08:58:37.059-0800][56067504ms] GC(3287)   Post Evacuate Collection Set: 3.2ms
[2023-12-20T08:58:37.059-0800][56067504ms] GC(3287)   Other: 0.5ms
[2023-12-20T08:58:37.059-0800][56067504ms] GC(3287) Eden regions: 752->0(752)
[2023-12-20T08:58:37.059-0800][56067504ms] GC(3287) Survivor regions: 31->31(98)
[2023-12-20T08:58:37.059-0800][56067504ms] GC(3287) Old regions: 186->186
[2023-12-20T08:58:37.059-0800][56067504ms] GC(3287) Humongous regions: 5->5
[2023-12-20T08:58:37.059-0800][56067504ms] GC(3287) Metaspace: 256533K->256533K(1294336K)
[2023-12-20T08:58:37.059-0800][56067504ms] GC(3287) Pause Young (Normal) (G1 Evacuation Pause) 1945M->441M(2612M) 31.540ms
[2023-12-20T08:58:37.059-0800][56067504ms] GC(3287) User=0.17s Sys=0.00s Real=0.03s
[2023-12-20T08:58:37.778-0800][56068223ms] GC(3288) Pause Young (Normal) (G1 Evacuation Pause)
[2023-12-20T08:58:37.778-0800][56068223ms] GC(3288) Using 10 workers of 10 for evacuation
[2023-12-20T08:58:37.808-0800][56068253ms] GC(3288)   Pre Evacuate Collection Set: 0.0ms
[2023-12-20T08:58:37.808-0800][56068253ms] GC(3288)   Evacuate Collection Set: 27.6ms
[2023-12-20T08:58:37.808-0800][56068253ms] GC(3288)   Post Evacuate Collection Set: 2.6ms
[2023-12-20T08:58:37.808-0800][56068253ms] GC(3288)   Other: 0.4ms
[2023-12-20T08:58:37.808-0800][56068253ms] GC(3288) Eden regions: 752->0(753)
[2023-12-20T08:58:37.808-0800][56068253ms] GC(3288) Survivor regions: 31->30(98)
[2023-12-20T08:58:37.808-0800][56068253ms] GC(3288) Old regions: 186->186
[2023-12-20T08:58:37.808-0800][56068253ms] GC(3288) Humongous regions: 5->5
[2023-12-20T08:58:37.808-0800][56068253ms] GC(3288) Metaspace: 256533K->256533K(1294336K)
[2023-12-20T08:58:37.808-0800][56068253ms] GC(3288) Pause Young (Normal) (G1 Evacuation Pause) 1945M->440M(2612M) 30.710ms
[2023-12-20T08:58:37.808-0800][56068253ms] GC(3288) User=0.11s Sys=0.00s Real=0.03s
[2023-12-20T08:58:38.682-0800][56069127ms] GC(3289) Pause Young (Normal) (G1 Evacuation Pause)
[2023-12-20T08:58:38.682-0800][56069127ms] GC(3289) Using 10 workers of 10 for evacuation
[2023-12-20T08:58:38.718-0800][56069163ms] GC(3289)   Pre Evacuate Collection Set: 0.0ms
[2023-12-20T08:58:38.719-0800][56069164ms] GC(3289)   Evacuate Collection Set: 31.6ms
[2023-12-20T08:58:38.719-0800][56069164ms] GC(3289)   Post Evacuate Collection Set: 3.7ms
[2023-12-20T08:58:38.719-0800][56069164ms] GC(3289)   Other: 0.5ms
[2023-12-20T08:58:38.719-0800][56069164ms] GC(3289) Eden regions: 753->0(753)
[2023-12-20T08:58:38.719-0800][56069164ms] GC(3289) Survivor regions: 30->30(98)
[2023-12-20T08:58:38.719-0800][56069164ms] GC(3289) Old regions: 186->186
[2023-12-20T08:58:38.719-0800][56069164ms] GC(3289) Humongous regions: 5->5
[2023-12-20T08:58:38.719-0800][56069164ms] GC(3289) Metaspace: 256533K->256533K(1294336K)
[2023-12-20T08:58:38.719-0800][56069164ms] GC(3289) Pause Young (Normal) (G1 Evacuation Pause) 1946M->441M(2612M) 36.030ms
[2023-12-20T08:58:38.719-0800][56069164ms] GC(3289) User=0.17s Sys=0.00s Real=0.04s
[2023-12-20T08:58:39.594-0800][56070039ms] GC(3290) Pause Young (Normal) (G1 Evacuation Pause)
[2023-12-20T08:58:39.594-0800][56070039ms] GC(3290) Using 10 workers of 10 for evacuation
[2023-12-20T08:58:39.622-0800][56070067ms] GC(3290)   Pre Evacuate Collection Set: 0.0ms
[2023-12-20T08:58:39.622-0800][56070067ms] GC(3290)   Evacuate Collection Set: 25.9ms
[2023-12-20T08:58:39.622-0800][56070067ms] GC(3290)   Post Evacuate Collection Set: 2.3ms
[2023-12-20T08:58:39.622-0800][56070067ms] GC(3290)   Other: 0.5ms
[2023-12-20T08:58:39.622-0800][56070067ms] GC(3290) Eden regions: 753->0(753)
[2023-12-20T08:58:39.622-0800][56070067ms] GC(3290) Survivor regions: 30->30(98)
[2023-12-20T08:58:39.622-0800][56070067ms] GC(3290) Old regions: 186->186
[2023-12-20T08:58:39.622-0800][56070067ms] GC(3290) Humongous regions: 5->5
[2023-12-20T08:58:39.622-0800][56070067ms] GC(3290) Metaspace: 256533K->256533K(1294336K)
[2023-12-20T08:58:39.622-0800][56070067ms] GC(3290) Pause Young (Normal) (G1 Evacuation Pause) 1947M->441M(2612M) 28.867ms
[2023-12-20T08:58:39.622-0800][56070067ms] GC(3290) User=0.13s Sys=0.00s Real=0.03s
[2023-12-20T08:58:40.529-0800][56070974ms] GC(3291) Pause Young (Normal) (G1 Evacuation Pause)
[2023-12-20T08:58:40.529-0800][56070974ms] GC(3291) Using 10 workers of 10 for evacuation
[2023-12-20T08:58:40.558-0800][56071003ms] GC(3291)   Pre Evacuate Collection Set: 0.0ms
[2023-12-20T08:58:40.558-0800][56071003ms] GC(3291)   Evacuate Collection Set: 26.5ms
[2023-12-20T08:58:40.558-0800][56071003ms] GC(3291)   Post Evacuate Collection Set: 2.7ms
[2023-12-20T08:58:40.558-0800][56071003ms] GC(3291)   Other: 0.4ms
[2023-12-20T08:58:40.558-0800][56071003ms] GC(3291) Eden regions: 753->0(753)
[2023-12-20T08:58:40.558-0800][56071003ms] GC(3291) Survivor regions: 30->30(98)
[2023-12-20T08:58:40.558-0800][56071003ms] GC(3291) Old regions: 186->186
[2023-12-20T08:58:40.558-0800][56071003ms] GC(3291) Humongous regions: 5->5
[2023-12-20T08:58:40.558-0800][56071003ms] GC(3291) Metaspace: 256533K->256533K(1294336K)
[2023-12-20T08:58:40.558-0800][56071003ms] GC(3291) Pause Young (Normal) (G1 Evacuation Pause) 1947M->441M(2612M) 29.734ms
[2023-12-20T08:58:40.558-0800][56071003ms] GC(3291) User=0.13s Sys=0.00s Real=0.03s
[2023-12-20T08:58:41.175-0800][56071620ms] GC(3292) Pause Young (Normal) (G1 Evacuation Pause)
[2023-12-20T08:58:41.175-0800][56071620ms] GC(3292) Using 10 workers of 10 for evacuation
[2023-12-20T08:58:41.207-0800][56071652ms] GC(3292)   Pre Evacuate Collection Set: 0.0ms
[2023-12-20T08:58:41.207-0800][56071652ms] GC(3292)   Evacuate Collection Set: 28.4ms
[2023-12-20T08:58:41.207-0800][56071652ms] GC(3292)   Post Evacuate Collection Set: 3.0ms
[2023-12-20T08:58:41.207-0800][56071652ms] GC(3292)   Other: 0.4ms
[2023-12-20T08:58:41.207-0800][56071652ms] GC(3292) Eden regions: 753->0(753)
[2023-12-20T08:58:41.207-0800][56071652ms] GC(3292) Survivor regions: 30->30(98)
[2023-12-20T08:58:41.207-0800][56071652ms] GC(3292) Old regions: 186->186
[2023-12-20T08:58:41.207-0800][56071652ms] GC(3292) Humongous regions: 5->5
[2023-12-20T08:58:41.207-0800][56071652ms] GC(3292) Metaspace: 256533K->256533K(1294336K)
[2023-12-20T08:58:41.207-0800][56071652ms] GC(3292) Pause Young (Normal) (G1 Evacuation Pause) 1947M->441M(2612M) 32.042ms
[2023-12-20T08:58:41.207-0800][56071652ms] GC(3292) User=0.13s Sys=0.00s Real=0.03s
[2023-12-20T08:58:41.937-0800][56072382ms] GC(3293) Pause Young (Normal) (G1 Evacuation Pause)
[2023-12-20T08:58:41.937-0800][56072382ms] GC(3293) Using 10 workers of 10 for evacuation
[2023-12-20T08:58:41.965-0800][56072410ms] GC(3293)   Pre Evacuate Collection Set: 0.0ms
[2023-12-20T08:58:41.965-0800][56072410ms] GC(3293)   Evacuate Collection Set: 25.7ms
[2023-12-20T08:58:41.965-0800][56072410ms] GC(3293)   Post Evacuate Collection Set: 2.6ms
[2023-12-20T08:58:41.965-0800][56072410ms] GC(3293)   Other: 0.4ms
[2023-12-20T08:58:41.965-0800][56072410ms] GC(3293) Eden regions: 753->0(753)
[2023-12-20T08:58:41.965-0800][56072410ms] GC(3293) Survivor regions: 30->30(98)
[2023-12-20T08:58:41.965-0800][56072410ms] GC(3293) Old regions: 186->186
[2023-12-20T08:58:41.965-0800][56072410ms] GC(3293) Humongous regions: 5->5
[2023-12-20T08:58:41.965-0800][56072410ms] GC(3293) Metaspace: 256533K->256533K(1294336K)
[2023-12-20T08:58:41.965-0800][56072410ms] GC(3293) Pause Young (Normal) (G1 Evacuation Pause) 1947M->441M(2612M) 28.810ms
[2023-12-20T08:58:41.965-0800][56072410ms] GC(3293) User=0.08s Sys=0.00s Real=0.03s
[2023-12-20T08:58:42.659-0800][56073104ms] GC(3294) Pause Young (Normal) (G1 Evacuation Pause)
[2023-12-20T08:58:42.659-0800][56073104ms] GC(3294) Using 10 workers of 10 for evacuation
[2023-12-20T08:58:42.688-0800][56073133ms] GC(3294)   Pre Evacuate Collection Set: 0.0ms
[2023-12-20T08:58:42.688-0800][56073133ms] GC(3294)   Evacuate Collection Set: 25.5ms
[2023-12-20T08:58:42.688-0800][56073133ms] GC(3294)   Post Evacuate Collection Set: 2.7ms
[2023-12-20T08:58:42.688-0800][56073133ms] GC(3294)   Other: 0.4ms
[2023-12-20T08:58:42.688-0800][56073133ms] GC(3294) Eden regions: 753->0(753)
[2023-12-20T08:58:42.688-0800][56073133ms] GC(3294) Survivor regions: 30->30(98)
[2023-12-20T08:58:42.688-0800][56073133ms] GC(3294) Old regions: 186->186
[2023-12-20T08:58:42.688-0800][56073133ms] GC(3294) Humongous regions: 5->5
[2023-12-20T08:58:42.688-0800][56073133ms] GC(3294) Metaspace: 256533K->256533K(1294336K)
[2023-12-20T08:58:42.688-0800][56073133ms] GC(3294) Pause Young (Normal) (G1 Evacuation Pause) 1947M->441M(2612M) 28.809ms
[2023-12-20T08:58:42.688-0800][56073133ms] GC(3294) User=0.14s Sys=0.00s Real=0.03s
[2023-12-20T08:58:43.588-0800][56074033ms] GC(3295) Pause Young (Normal) (GCLocker Initiated GC)
[2023-12-20T08:58:43.588-0800][56074033ms] GC(3295) Using 10 workers of 10 for evacuation
[2023-12-20T08:58:43.619-0800][56074064ms] GC(3295)   Pre Evacuate Collection Set: 0.0ms
[2023-12-20T08:58:43.619-0800][56074064ms] GC(3295)   Evacuate Collection Set: 26.9ms
[2023-12-20T08:58:43.619-0800][56074064ms] GC(3295)   Post Evacuate Collection Set: 3.1ms
[2023-12-20T08:58:43.619-0800][56074064ms] GC(3295)   Other: 0.4ms
[2023-12-20T08:58:43.619-0800][56074064ms] GC(3295) Eden regions: 754->0(753)
[2023-12-20T08:58:43.619-0800][56074064ms] GC(3295) Survivor regions: 30->30(98)
[2023-12-20T08:58:43.619-0800][56074064ms] GC(3295) Old regions: 186->186
[2023-12-20T08:58:43.619-0800][56074064ms] GC(3295) Humongous regions: 5->5
[2023-12-20T08:58:43.619-0800][56074064ms] GC(3295) Metaspace: 256533K->256533K(1294336K)
[2023-12-20T08:58:43.619-0800][56074064ms] GC(3295) Pause Young (Normal) (GCLocker Initiated GC) 1948M->441M(2612M) 30.661ms
[2023-12-20T08:58:43.619-0800][56074064ms] GC(3295) User=0.11s Sys=0.00s Real=0.03s
[2023-12-20T08:58:44.462-0800][56074907ms] GC(3296) Pause Young (Normal) (GCLocker Initiated GC)
[2023-12-20T08:58:44.462-0800][56074907ms] GC(3296) Using 10 workers of 10 for evacuation
[2023-12-20T08:58:44.492-0800][56074937ms] GC(3296)   Pre Evacuate Collection Set: 0.1ms
[2023-12-20T08:58:44.492-0800][56074937ms] GC(3296)   Evacuate Collection Set: 27.2ms
[2023-12-20T08:58:44.492-0800][56074937ms] GC(3296)   Post Evacuate Collection Set: 2.9ms
[2023-12-20T08:58:44.492-0800][56074937ms] GC(3296)   Other: 0.5ms
[2023-12-20T08:58:44.492-0800][56074937ms] GC(3296) Eden regions: 754->0(753)
[2023-12-20T08:58:44.492-0800][56074937ms] GC(3296) Survivor regions: 30->30(98)
[2023-12-20T08:58:44.492-0800][56074937ms] GC(3296) Old regions: 186->186
[2023-12-20T08:58:44.492-0800][56074937ms] GC(3296) Humongous regions: 5->5
[2023-12-20T08:58:44.492-0800][56074937ms] GC(3296) Metaspace: 256533K->256533K(1294336K)
[2023-12-20T08:58:44.492-0800][56074937ms] GC(3296) Pause Young (Normal) (GCLocker Initiated GC) 1948M->441M(2612M) 30.774ms
[2023-12-20T08:58:44.492-0800][56074937ms] GC(3296) User=0.11s Sys=0.00s Real=0.03s
[2023-12-20T08:58:45.235-0800][56075680ms] GC(3297) Pause Young (Normal) (GCLocker Initiated GC)
[2023-12-20T08:58:45.235-0800][56075680ms] GC(3297) Using 10 workers of 10 for evacuation
[2023-12-20T08:58:45.265-0800][56075710ms] GC(3297)   Pre Evacuate Collection Set: 0.0ms
[2023-12-20T08:58:45.265-0800][56075710ms] GC(3297)   Evacuate Collection Set: 26.7ms
[2023-12-20T08:58:45.265-0800][56075710ms] GC(3297)   Post Evacuate Collection Set: 2.9ms
[2023-12-20T08:58:45.265-0800][56075710ms] GC(3297)   Other: 0.4ms
[2023-12-20T08:58:45.265-0800][56075710ms] GC(3297) Eden regions: 754->0(753)
[2023-12-20T08:58:45.265-0800][56075710ms] GC(3297) Survivor regions: 30->30(98)
[2023-12-20T08:58:45.265-0800][56075710ms] GC(3297) Old regions: 186->186
[2023-12-20T08:58:45.265-0800][56075710ms] GC(3297) Humongous regions: 5->5
[2023-12-20T08:58:45.265-0800][56075710ms] GC(3297) Metaspace: 256533K->256533K(1294336K)
[2023-12-20T08:58:45.265-0800][56075710ms] GC(3297) Pause Young (Normal) (GCLocker Initiated GC) 1948M->441M(2612M) 30.266ms
[2023-12-20T08:58:45.265-0800][56075710ms] GC(3297) User=0.14s Sys=0.00s Real=0.03s
[2023-12-20T08:58:46.378-0800][56076823ms] GC(3298) Pause Young (Normal) (G1 Evacuation Pause)
[2023-12-20T08:58:46.378-0800][56076823ms] GC(3298) Using 10 workers of 10 for evacuation
[2023-12-20T08:58:46.410-0800][56076855ms] GC(3298)   Pre Evacuate Collection Set: 0.0ms
[2023-12-20T08:58:46.410-0800][56076855ms] GC(3298)   Evacuate Collection Set: 28.5ms
[2023-12-20T08:58:46.410-0800][56076855ms] GC(3298)   Post Evacuate Collection Set: 2.9ms
[2023-12-20T08:58:46.410-0800][56076855ms] GC(3298)   Other: 0.4ms
[2023-12-20T08:58:46.410-0800][56076855ms] GC(3298) Eden regions: 753->0(753)
[2023-12-20T08:58:46.410-0800][56076855ms] GC(3298) Survivor regions: 30->30(98)
[2023-12-20T08:58:46.410-0800][56076855ms] GC(3298) Old regions: 186->186
[2023-12-20T08:58:46.410-0800][56076855ms] GC(3298) Humongous regions: 5->5
[2023-12-20T08:58:46.410-0800][56076855ms] GC(3298) Metaspace: 256533K->256533K(1294336K)
[2023-12-20T08:58:46.410-0800][56076855ms] GC(3298) Pause Young (Normal) (G1 Evacuation Pause) 1947M->441M(2612M) 31.983ms
[2023-12-20T08:58:46.410-0800][56076855ms] GC(3298) User=0.19s Sys=0.00s Real=0.03s
[2023-12-20T08:58:47.578-0800][56078023ms] GC(3299) Pause Young (Normal) (G1 Evacuation Pause)
[2023-12-20T08:58:47.578-0800][56078023ms] GC(3299) Using 10 workers of 10 for evacuation
[2023-12-20T08:58:47.613-0800][56078058ms] GC(3299)   Pre Evacuate Collection Set: 0.1ms
[2023-12-20T08:58:47.613-0800][56078058ms] GC(3299)   Evacuate Collection Set: 31.1ms
[2023-12-20T08:58:47.613-0800][56078058ms] GC(3299)   Post Evacuate Collection Set: 3.9ms
[2023-12-20T08:58:47.613-0800][56078058ms] GC(3299)   Other: 0.5ms
[2023-12-20T08:58:47.613-0800][56078058ms] GC(3299) Eden regions: 753->0(753)
[2023-12-20T08:58:47.613-0800][56078058ms] GC(3299) Survivor regions: 30->30(98)
[2023-12-20T08:58:47.613-0800][56078058ms] GC(3299) Old regions: 186->186
[2023-12-20T08:58:47.613-0800][56078058ms] GC(3299) Humongous regions: 5->5
[2023-12-20T08:58:47.613-0800][56078058ms] GC(3299) Metaspace: 256533K->256533K(1294336K)
[2023-12-20T08:58:47.613-0800][56078058ms] GC(3299) Pause Young (Normal) (G1 Evacuation Pause) 1947M->441M(2612M) 35.746ms
[2023-12-20T08:58:47.613-0800][56078058ms] GC(3299) User=0.13s Sys=0.00s Real=0.03s
[2023-12-20T08:58:48.476-0800][56078921ms] GC(3300) Pause Young (Normal) (G1 Evacuation Pause)
[2023-12-20T08:58:48.476-0800][56078921ms] GC(3300) Using 10 workers of 10 for evacuation
[2023-12-20T08:58:48.505-0800][56078950ms] GC(3300)   Pre Evacuate Collection Set: 0.1ms
[2023-12-20T08:58:48.505-0800][56078950ms] GC(3300)   Evacuate Collection Set: 27.2ms
[2023-12-20T08:58:48.505-0800][56078950ms] GC(3300)   Post Evacuate Collection Set: 2.5ms
[2023-12-20T08:58:48.505-0800][56078950ms] GC(3300)   Other: 0.5ms
[2023-12-20T08:58:48.505-0800][56078950ms] GC(3300) Eden regions: 753->0(753)
[2023-12-20T08:58:48.505-0800][56078950ms] GC(3300) Survivor regions: 30->30(98)
[2023-12-20T08:58:48.505-0800][56078950ms] GC(3300) Old regions: 186->186
[2023-12-20T08:58:48.505-0800][56078950ms] GC(3300) Humongous regions: 5->5
[2023-12-20T08:58:48.505-0800][56078950ms] GC(3300) Metaspace: 256533K->256533K(1294336K)
[2023-12-20T08:58:48.505-0800][56078950ms] GC(3300) Pause Young (Normal) (G1 Evacuation Pause) 1947M->441M(2612M) 30.326ms
[2023-12-20T08:58:48.507-0800][56078952ms] GC(3300) User=0.14s Sys=0.00s Real=0.03s
[2023-12-20T08:58:49.478-0800][56079923ms] GC(3301) Pause Young (Normal) (G1 Evacuation Pause)
[2023-12-20T08:58:49.478-0800][56079923ms] GC(3301) Using 10 workers of 10 for evacuation
[2023-12-20T08:58:49.509-0800][56079954ms] GC(3301)   Pre Evacuate Collection Set: 0.1ms
[2023-12-20T08:58:49.509-0800][56079954ms] GC(3301)   Evacuate Collection Set: 28.0ms
[2023-12-20T08:58:49.509-0800][56079954ms] GC(3301)   Post Evacuate Collection Set: 3.4ms
[2023-12-20T08:58:49.509-0800][56079954ms] GC(3301)   Other: 0.5ms
[2023-12-20T08:58:49.509-0800][56079954ms] GC(3301) Eden regions: 753->0(753)
[2023-12-20T08:58:49.509-0800][56079954ms] GC(3301) Survivor regions: 30->30(98)
[2023-12-20T08:58:49.509-0800][56079954ms] GC(3301) Old regions: 186->186
[2023-12-20T08:58:49.509-0800][56079954ms] GC(3301) Humongous regions: 5->5
[2023-12-20T08:58:49.509-0800][56079954ms] GC(3301) Metaspace: 256533K->256533K(1294336K)
[2023-12-20T08:58:49.509-0800][56079954ms] GC(3301) Pause Young (Normal) (G1 Evacuation Pause) 1947M->441M(2612M) 32.118ms
[2023-12-20T08:58:49.509-0800][56079954ms] GC(3301) User=0.13s Sys=0.00s Real=0.03s
[2023-12-20T08:58:50.340-0800][56080785ms] GC(3302) Pause Young (Normal) (G1 Evacuation Pause)
[2023-12-20T08:58:50.340-0800][56080785ms] GC(3302) Using 10 workers of 10 for evacuation
[2023-12-20T08:58:50.370-0800][56080815ms] GC(3302)   Pre Evacuate Collection Set: 0.0ms
[2023-12-20T08:58:50.370-0800][56080815ms] GC(3302)   Evacuate Collection Set: 26.5ms
[2023-12-20T08:58:50.370-0800][56080815ms] GC(3302)   Post Evacuate Collection Set: 2.6ms
[2023-12-20T08:58:50.370-0800][56080815ms] GC(3302)   Other: 0.4ms
[2023-12-20T08:58:50.370-0800][56080815ms] GC(3302) Eden regions: 753->0(753)
[2023-12-20T08:58:50.370-0800][56080815ms] GC(3302) Survivor regions: 30->30(98)
[2023-12-20T08:58:50.370-0800][56080815ms] GC(3302) Old regions: 186->186
[2023-12-20T08:58:50.370-0800][56080815ms] GC(3302) Humongous regions: 5->5
[2023-12-20T08:58:50.370-0800][56080815ms] GC(3302) Metaspace: 256533K->256533K(1294336K)
[2023-12-20T08:58:50.370-0800][56080815ms] GC(3302) Pause Young (Normal) (G1 Evacuation Pause) 1947M->441M(2612M) 29.588ms
[2023-12-20T08:58:50.370-0800][56080815ms] GC(3302) User=0.16s Sys=0.00s Real=0.03s
[2023-12-20T08:58:51.270-0800][56081715ms] GC(3303) Pause Young (Normal) (G1 Evacuation Pause)
[2023-12-20T08:58:51.270-0800][56081715ms] GC(3303) Using 10 workers of 10 for evacuation
[2023-12-20T08:58:51.299-0800][56081744ms] GC(3303)   Pre Evacuate Collection Set: 0.0ms
[2023-12-20T08:58:51.299-0800][56081744ms] GC(3303)   Evacuate Collection Set: 26.8ms
[2023-12-20T08:58:51.299-0800][56081744ms] GC(3303)   Post Evacuate Collection Set: 3.1ms
[2023-12-20T08:58:51.299-0800][56081744ms] GC(3303)   Other: 0.4ms
[2023-12-20T08:58:51.299-0800][56081744ms] GC(3303) Eden regions: 753->0(753)
[2023-12-20T08:58:51.299-0800][56081744ms] GC(3303) Survivor regions: 30->30(98)
[2023-12-20T08:58:51.299-0800][56081744ms] GC(3303) Old regions: 186->186
[2023-12-20T08:58:51.299-0800][56081744ms] GC(3303) Humongous regions: 5->5
[2023-12-20T08:58:51.299-0800][56081744ms] GC(3303) Metaspace: 256538K->256538K(1294336K)
[2023-12-20T08:58:51.299-0800][56081744ms] GC(3303) Pause Young (Normal) (G1 Evacuation Pause) 1947M->441M(2612M) 30.471ms
[2023-12-20T08:58:51.299-0800][56081744ms] GC(3303) User=0.16s Sys=0.00s Real=0.03s
[2023-12-20T08:58:52.348-0800][56082793ms] GC(3304) Pause Young (Normal) (G1 Evacuation Pause)
[2023-12-20T08:58:52.348-0800][56082793ms] GC(3304) Using 10 workers of 10 for evacuation
[2023-12-20T08:58:52.378-0800][56082823ms] GC(3304)   Pre Evacuate Collection Set: 0.1ms
[2023-12-20T08:58:52.378-0800][56082823ms] GC(3304)   Evacuate Collection Set: 26.9ms
[2023-12-20T08:58:52.378-0800][56082823ms] GC(3304)   Post Evacuate Collection Set: 2.6ms
[2023-12-20T08:58:52.378-0800][56082823ms] GC(3304)   Other: 0.5ms
[2023-12-20T08:58:52.378-0800][56082823ms] GC(3304) Eden regions: 753->0(753)
[2023-12-20T08:58:52.378-0800][56082823ms] GC(3304) Survivor regions: 30->30(98)
[2023-12-20T08:58:52.378-0800][56082823ms] GC(3304) Old regions: 186->186
[2023-12-20T08:58:52.378-0800][56082823ms] GC(3304) Humongous regions: 5->5
[2023-12-20T08:58:52.378-0800][56082823ms] GC(3304) Metaspace: 256538K->256538K(1294336K)
[2023-12-20T08:58:52.378-0800][56082823ms] GC(3304) Pause Young (Normal) (G1 Evacuation Pause) 1947M->441M(2612M) 30.205ms
[2023-12-20T08:58:52.378-0800][56082823ms] GC(3304) User=0.11s Sys=0.00s Real=0.03s
[2023-12-20T08:58:53.124-0800][56083569ms] GC(3305) Pause Young (Normal) (G1 Evacuation Pause)
[2023-12-20T08:58:53.124-0800][56083569ms] GC(3305) Using 10 workers of 10 for evacuation
[2023-12-20T08:58:53.153-0800][56083598ms] GC(3305)   Pre Evacuate Collection Set: 0.0ms
[2023-12-20T08:58:53.153-0800][56083598ms] GC(3305)   Evacuate Collection Set: 25.7ms
[2023-12-20T08:58:53.153-0800][56083598ms] GC(3305)   Post Evacuate Collection Set: 2.5ms
[2023-12-20T08:58:53.153-0800][56083598ms] GC(3305)   Other: 0.4ms
[2023-12-20T08:58:53.153-0800][56083598ms] GC(3305) Eden regions: 753->0(753)
[2023-12-20T08:58:53.153-0800][56083598ms] GC(3305) Survivor regions: 30->30(98)
[2023-12-20T08:58:53.153-0800][56083598ms] GC(3305) Old regions: 186->186
[2023-12-20T08:58:53.153-0800][56083598ms] GC(3305) Humongous regions: 5->5
[2023-12-20T08:58:53.153-0800][56083598ms] GC(3305) Metaspace: 256538K->256538K(1294336K)
[2023-12-20T08:58:53.153-0800][56083598ms] GC(3305) Pause Young (Normal) (G1 Evacuation Pause) 1947M->441M(2612M) 28.691ms
[2023-12-20T08:58:53.153-0800][56083598ms] GC(3305) User=0.13s Sys=0.00s Real=0.03s
[2023-12-20T08:58:53.897-0800][56084342ms] GC(3306) Pause Young (Normal) (G1 Evacuation Pause)
[2023-12-20T08:58:53.897-0800][56084342ms] GC(3306) Using 10 workers of 10 for evacuation
[2023-12-20T08:58:53.926-0800][56084371ms] GC(3306)   Pre Evacuate Collection Set: 0.0ms
[2023-12-20T08:58:53.926-0800][56084371ms] GC(3306)   Evacuate Collection Set: 25.8ms
[2023-12-20T08:58:53.926-0800][56084371ms] GC(3306)   Post Evacuate Collection Set: 2.6ms
[2023-12-20T08:58:53.926-0800][56084371ms] GC(3306)   Other: 0.4ms
[2023-12-20T08:58:53.926-0800][56084371ms] GC(3306) Eden regions: 753->0(753)
[2023-12-20T08:58:53.926-0800][56084371ms] GC(3306) Survivor regions: 30->30(98)
[2023-12-20T08:58:53.926-0800][56084371ms] GC(3306) Old regions: 186->186
[2023-12-20T08:58:53.926-0800][56084371ms] GC(3306) Humongous regions: 5->5
[2023-12-20T08:58:53.926-0800][56084371ms] GC(3306) Metaspace: 256538K->256538K(1294336K)
[2023-12-20T08:58:53.926-0800][56084371ms] GC(3306) Pause Young (Normal) (G1 Evacuation Pause) 1947M->441M(2612M) 28.998ms
[2023-12-20T08:58:53.926-0800][56084371ms] GC(3306) User=0.09s Sys=0.00s Real=0.03s
[2023-12-20T08:58:54.799-0800][56085244ms] GC(3307) Pause Young (Normal) (G1 Evacuation Pause)
[2023-12-20T08:58:54.799-0800][56085244ms] GC(3307) Using 10 workers of 10 for evacuation
[2023-12-20T08:58:54.829-0800][56085274ms] GC(3307)   Pre Evacuate Collection Set: 0.1ms
[2023-12-20T08:58:54.829-0800][56085274ms] GC(3307)   Evacuate Collection Set: 26.3ms
[2023-12-20T08:58:54.829-0800][56085274ms] GC(3307)   Post Evacuate Collection Set: 3.2ms
[2023-12-20T08:58:54.829-0800][56085274ms] GC(3307)   Other: 0.5ms
[2023-12-20T08:58:54.829-0800][56085274ms] GC(3307) Eden regions: 753->0(753)
[2023-12-20T08:58:54.829-0800][56085274ms] GC(3307) Survivor regions: 30->30(98)
[2023-12-20T08:58:54.829-0800][56085274ms] GC(3307) Old regions: 186->186
[2023-12-20T08:58:54.829-0800][56085274ms] GC(3307) Humongous regions: 5->5
[2023-12-20T08:58:54.829-0800][56085274ms] GC(3307) Metaspace: 256538K->256538K(1294336K)
[2023-12-20T08:58:54.829-0800][56085274ms] GC(3307) Pause Young (Normal) (G1 Evacuation Pause) 1947M->441M(2612M) 30.168ms
[2023-12-20T08:58:54.829-0800][56085274ms] GC(3307) User=0.14s Sys=0.00s Real=0.03s
[2023-12-20T08:58:55.760-0800][56086205ms] GC(3308) Pause Young (Normal) (G1 Evacuation Pause)
[2023-12-20T08:58:55.760-0800][56086205ms] GC(3308) Using 10 workers of 10 for evacuation
[2023-12-20T08:58:55.791-0800][56086236ms] GC(3308)   Pre Evacuate Collection Set: 0.0ms
[2023-12-20T08:58:55.791-0800][56086236ms] GC(3308)   Evacuate Collection Set: 27.1ms
[2023-12-20T08:58:55.791-0800][56086236ms] GC(3308)   Post Evacuate Collection Set: 3.0ms
[2023-12-20T08:58:55.791-0800][56086236ms] GC(3308)   Other: 0.4ms
[2023-12-20T08:58:55.791-0800][56086236ms] GC(3308) Eden regions: 753->0(753)
[2023-12-20T08:58:55.791-0800][56086236ms] GC(3308) Survivor regions: 30->30(98)
[2023-12-20T08:58:55.791-0800][56086236ms] GC(3308) Old regions: 186->186
[2023-12-20T08:58:55.791-0800][56086236ms] GC(3308) Humongous regions: 5->5
[2023-12-20T08:58:55.791-0800][56086236ms] GC(3308) Metaspace: 256538K->256538K(1294336K)
[2023-12-20T08:58:55.791-0800][56086236ms] GC(3308) Pause Young (Normal) (G1 Evacuation Pause) 1947M->441M(2612M) 30.621ms
[2023-12-20T08:58:55.791-0800][56086236ms] GC(3308) User=0.16s Sys=0.00s Real=0.03s
[2023-12-20T08:58:56.788-0800][56087233ms] GC(3309) Pause Young (Normal) (G1 Evacuation Pause)
[2023-12-20T08:58:56.788-0800][56087233ms] GC(3309) Using 10 workers of 10 for evacuation
[2023-12-20T08:58:56.819-0800][56087264ms] GC(3309)   Pre Evacuate Collection Set: 0.0ms
[2023-12-20T08:58:56.819-0800][56087264ms] GC(3309)   Evacuate Collection Set: 27.1ms
[2023-12-20T08:58:56.819-0800][56087264ms] GC(3309)   Post Evacuate Collection Set: 3.4ms
[2023-12-20T08:58:56.819-0800][56087264ms] GC(3309)   Other: 0.4ms
[2023-12-20T08:58:56.819-0800][56087264ms] GC(3309) Eden regions: 753->0(753)
[2023-12-20T08:58:56.819-0800][56087264ms] GC(3309) Survivor regions: 30->30(98)
[2023-12-20T08:58:56.819-0800][56087264ms] GC(3309) Old regions: 186->186
[2023-12-20T08:58:56.819-0800][56087264ms] GC(3309) Humongous regions: 5->5
[2023-12-20T08:58:56.819-0800][56087264ms] GC(3309) Metaspace: 256538K->256538K(1294336K)
[2023-12-20T08:58:56.819-0800][56087264ms] GC(3309) Pause Young (Normal) (G1 Evacuation Pause) 1947M->441M(2612M) 31.073ms
[2023-12-20T08:58:56.819-0800][56087264ms] GC(3309) User=0.09s Sys=0.00s Real=0.03s
[2023-12-20T08:58:57.791-0800][56088236ms] GC(3310) Pause Young (Normal) (G1 Evacuation Pause)
[2023-12-20T08:58:57.791-0800][56088236ms] GC(3310) Using 10 workers of 10 for evacuation
[2023-12-20T08:58:57.820-0800][56088265ms] GC(3310)   Pre Evacuate Collection Set: 0.0ms
[2023-12-20T08:58:57.820-0800][56088265ms] GC(3310)   Evacuate Collection Set: 26.4ms
[2023-12-20T08:58:57.820-0800][56088265ms] GC(3310)   Post Evacuate Collection Set: 2.5ms
[2023-12-20T08:58:57.820-0800][56088265ms] GC(3310)   Other: 0.4ms
[2023-12-20T08:58:57.820-0800][56088265ms] GC(3310) Eden regions: 753->0(753)
[2023-12-20T08:58:57.820-0800][56088265ms] GC(3310) Survivor regions: 30->30(98)
[2023-12-20T08:58:57.820-0800][56088265ms] GC(3310) Old regions: 186->186
[2023-12-20T08:58:57.820-0800][56088265ms] GC(3310) Humongous regions: 5->5
[2023-12-20T08:58:57.820-0800][56088265ms] GC(3310) Metaspace: 256538K->256538K(1294336K)
[2023-12-20T08:58:57.820-0800][56088265ms] GC(3310) Pause Young (Normal) (G1 Evacuation Pause) 1947M->441M(2612M) 29.524ms
[2023-12-20T08:58:57.820-0800][56088265ms] GC(3310) User=0.11s Sys=0.00s Real=0.03s
[2023-12-20T08:58:58.783-0800][56089228ms] GC(3311) Pause Young (Normal) (G1 Evacuation Pause)
[2023-12-20T08:58:58.783-0800][56089228ms] GC(3311) Using 10 workers of 10 for evacuation
[2023-12-20T08:58:58.815-0800][56089261ms] GC(3311)   Pre Evacuate Collection Set: 0.1ms
[2023-12-20T08:58:58.816-0800][56089261ms] GC(3311)   Evacuate Collection Set: 29.2ms
[2023-12-20T08:58:58.816-0800][56089261ms] GC(3311)   Post Evacuate Collection Set: 3.4ms
[2023-12-20T08:58:58.816-0800][56089261ms] GC(3311)   Other: 0.4ms
[2023-12-20T08:58:58.816-0800][56089261ms] GC(3311) Eden regions: 753->0(754)
[2023-12-20T08:58:58.816-0800][56089261ms] GC(3311) Survivor regions: 30->29(98)
[2023-12-20T08:58:58.816-0800][56089261ms] GC(3311) Old regions: 186->186
[2023-12-20T08:58:58.816-0800][56089261ms] GC(3311) Humongous regions: 5->5
[2023-12-20T08:58:58.816-0800][56089261ms] GC(3311) Metaspace: 256538K->256538K(1294336K)
[2023-12-20T08:58:58.816-0800][56089261ms] GC(3311) Pause Young (Normal) (G1 Evacuation Pause) 1947M->439M(2612M) 33.226ms
[2023-12-20T08:58:58.816-0800][56089261ms] GC(3311) User=0.16s Sys=0.00s Real=0.03s
[2023-12-20T08:58:59.800-0800][56090245ms] GC(3312) Pause Young (Normal) (G1 Evacuation Pause)
[2023-12-20T08:58:59.800-0800][56090245ms] GC(3312) Using 10 workers of 10 for evacuation
[2023-12-20T08:58:59.829-0800][56090274ms] GC(3312)   Pre Evacuate Collection Set: 0.0ms
[2023-12-20T08:58:59.829-0800][56090274ms] GC(3312)   Evacuate Collection Set: 26.3ms
[2023-12-20T08:58:59.829-0800][56090274ms] GC(3312)   Post Evacuate Collection Set: 2.5ms
[2023-12-20T08:58:59.829-0800][56090274ms] GC(3312)   Other: 0.4ms
[2023-12-20T08:58:59.829-0800][56090274ms] GC(3312) Eden regions: 754->0(753)
[2023-12-20T08:58:59.829-0800][56090274ms] GC(3312) Survivor regions: 29->30(98)
[2023-12-20T08:58:59.829-0800][56090274ms] GC(3312) Old regions: 186->186
[2023-12-20T08:58:59.829-0800][56090274ms] GC(3312) Humongous regions: 5->5
[2023-12-20T08:58:59.829-0800][56090274ms] GC(3312) Metaspace: 256538K->256538K(1294336K)
[2023-12-20T08:58:59.829-0800][56090274ms] GC(3312) Pause Young (Normal) (G1 Evacuation Pause) 1947M->441M(2612M) 29.307ms
[2023-12-20T08:58:59.829-0800][56090274ms] GC(3312) User=0.13s Sys=0.00s Real=0.03s
[2023-12-20T08:59:00.774-0800][56091219ms] GC(3313) Pause Young (Normal) (G1 Evacuation Pause)
[2023-12-20T08:59:00.774-0800][56091219ms] GC(3313) Using 10 workers of 10 for evacuation
[2023-12-20T08:59:00.806-0800][56091251ms] GC(3313)   Pre Evacuate Collection Set: 0.1ms
[2023-12-20T08:59:00.806-0800][56091251ms] GC(3313)   Evacuate Collection Set: 27.9ms
[2023-12-20T08:59:00.806-0800][56091251ms] GC(3313)   Post Evacuate Collection Set: 3.4ms
[2023-12-20T08:59:00.806-0800][56091251ms] GC(3313)   Other: 0.4ms
[2023-12-20T08:59:00.806-0800][56091251ms] GC(3313) Eden regions: 753->0(753)
[2023-12-20T08:59:00.806-0800][56091251ms] GC(3313) Survivor regions: 30->30(98)
[2023-12-20T08:59:00.806-0800][56091251ms] GC(3313) Old regions: 186->186
[2023-12-20T08:59:00.806-0800][56091251ms] GC(3313) Humongous regions: 5->5
[2023-12-20T08:59:00.806-0800][56091251ms] GC(3313) Metaspace: 256538K->256538K(1294336K)
[2023-12-20T08:59:00.806-0800][56091251ms] GC(3313) Pause Young (Normal) (G1 Evacuation Pause) 1947M->440M(2612M) 31.930ms
[2023-12-20T08:59:00.806-0800][56091251ms] GC(3313) User=0.09s Sys=0.00s Real=0.03s
[2023-12-20T08:59:01.835-0800][56092280ms] GC(3314) Pause Young (Normal) (G1 Evacuation Pause)
[2023-12-20T08:59:01.835-0800][56092280ms] GC(3314) Using 10 workers of 10 for evacuation
[2023-12-20T08:59:01.866-0800][56092311ms] GC(3314)   Pre Evacuate Collection Set: 0.1ms
[2023-12-20T08:59:01.866-0800][56092311ms] GC(3314)   Evacuate Collection Set: 27.4ms
[2023-12-20T08:59:01.866-0800][56092311ms] GC(3314)   Post Evacuate Collection Set: 3.6ms
[2023-12-20T08:59:01.866-0800][56092311ms] GC(3314)   Other: 0.5ms
[2023-12-20T08:59:01.866-0800][56092311ms] GC(3314) Eden regions: 753->0(753)
[2023-12-20T08:59:01.866-0800][56092311ms] GC(3314) Survivor regions: 30->30(98)
[2023-12-20T08:59:01.866-0800][56092311ms] GC(3314) Old regions: 186->186
[2023-12-20T08:59:01.866-0800][56092311ms] GC(3314) Humongous regions: 5->5
[2023-12-20T08:59:01.866-0800][56092311ms] GC(3314) Metaspace: 256540K->256540K(1294336K)
[2023-12-20T08:59:01.866-0800][56092311ms] GC(3314) Pause Young (Normal) (G1 Evacuation Pause) 1946M->441M(2612M) 31.648ms
[2023-12-20T08:59:01.866-0800][56092311ms] GC(3314) User=0.30s Sys=0.00s Real=0.03s
[2023-12-20T08:59:03.343-0800][56093788ms] GC(3315) Pause Young (Normal) (G1 Evacuation Pause)
[2023-12-20T08:59:03.343-0800][56093788ms] GC(3315) Using 10 workers of 10 for evacuation
[2023-12-20T08:59:03.376-0800][56093821ms] GC(3315)   Pre Evacuate Collection Set: 0.1ms
[2023-12-20T08:59:03.377-0800][56093822ms] GC(3315)   Evacuate Collection Set: 28.6ms
[2023-12-20T08:59:03.377-0800][56093822ms] GC(3315)   Post Evacuate Collection Set: 3.9ms
[2023-12-20T08:59:03.377-0800][56093822ms] GC(3315)   Other: 0.6ms
[2023-12-20T08:59:03.377-0800][56093822ms] GC(3315) Eden regions: 753->0(753)
[2023-12-20T08:59:03.377-0800][56093822ms] GC(3315) Survivor regions: 30->30(98)
[2023-12-20T08:59:03.377-0800][56093822ms] GC(3315) Old regions: 186->186
[2023-12-20T08:59:03.377-0800][56093822ms] GC(3315) Humongous regions: 5->5
[2023-12-20T08:59:03.377-0800][56093822ms] GC(3315) Metaspace: 256540K->256540K(1294336K)
[2023-12-20T08:59:03.377-0800][56093822ms] GC(3315) Pause Young (Normal) (G1 Evacuation Pause) 1947M->441M(2612M) 33.433ms
[2023-12-20T08:59:03.377-0800][56093822ms] GC(3315) User=0.16s Sys=0.00s Real=0.03s
[2023-12-20T08:59:04.903-0800][56095348ms] GC(3316) Pause Young (Normal) (G1 Evacuation Pause)
[2023-12-20T08:59:04.903-0800][56095348ms] GC(3316) Using 10 workers of 10 for evacuation
[2023-12-20T08:59:04.937-0800][56095382ms] GC(3316)   Pre Evacuate Collection Set: 0.1ms
[2023-12-20T08:59:04.937-0800][56095382ms] GC(3316)   Evacuate Collection Set: 29.0ms
[2023-12-20T08:59:04.937-0800][56095382ms] GC(3316)   Post Evacuate Collection Set: 4.1ms
[2023-12-20T08:59:04.937-0800][56095382ms] GC(3316)   Other: 0.5ms
[2023-12-20T08:59:04.937-0800][56095382ms] GC(3316) Eden regions: 753->0(753)
[2023-12-20T08:59:04.937-0800][56095382ms] GC(3316) Survivor regions: 30->30(98)
[2023-12-20T08:59:04.937-0800][56095382ms] GC(3316) Old regions: 186->186
[2023-12-20T08:59:04.937-0800][56095382ms] GC(3316) Humongous regions: 5->5
[2023-12-20T08:59:04.937-0800][56095382ms] GC(3316) Metaspace: 256540K->256540K(1294336K)
[2023-12-20T08:59:04.937-0800][56095382ms] GC(3316) Pause Young (Normal) (G1 Evacuation Pause) 1947M->440M(2612M) 33.941ms
[2023-12-20T08:59:04.937-0800][56095382ms] GC(3316) User=0.33s Sys=0.00s Real=0.03s
[2023-12-20T08:59:06.639-0800][56097084ms] GC(3317) Pause Young (Normal) (G1 Evacuation Pause)
[2023-12-20T08:59:06.639-0800][56097084ms] GC(3317) Using 10 workers of 10 for evacuation
[2023-12-20T08:59:06.671-0800][56097116ms] GC(3317)   Pre Evacuate Collection Set: 0.1ms
[2023-12-20T08:59:06.671-0800][56097116ms] GC(3317)   Evacuate Collection Set: 28.4ms
[2023-12-20T08:59:06.671-0800][56097116ms] GC(3317)   Post Evacuate Collection Set: 3.3ms
[2023-12-20T08:59:06.671-0800][56097116ms] GC(3317)   Other: 0.5ms
[2023-12-20T08:59:06.671-0800][56097116ms] GC(3317) Eden regions: 753->0(753)
[2023-12-20T08:59:06.671-0800][56097116ms] GC(3317) Survivor regions: 30->30(98)
[2023-12-20T08:59:06.671-0800][56097116ms] GC(3317) Old regions: 186->186
[2023-12-20T08:59:06.671-0800][56097116ms] GC(3317) Humongous regions: 5->5
[2023-12-20T08:59:06.672-0800][56097117ms] GC(3317) Metaspace: 256540K->256540K(1294336K)
[2023-12-20T08:59:06.672-0800][56097117ms] GC(3317) Pause Young (Normal) (G1 Evacuation Pause) 1946M->441M(2612M) 32.473ms
[2023-12-20T08:59:06.672-0800][56097117ms] GC(3317) User=0.28s Sys=0.00s Real=0.03s
[2023-12-20T08:59:08.351-0800][56098796ms] GC(3318) Pause Young (Normal) (G1 Evacuation Pause)
[2023-12-20T08:59:08.351-0800][56098796ms] GC(3318) Using 10 workers of 10 for evacuation
[2023-12-20T08:59:08.384-0800][56098829ms] GC(3318)   Pre Evacuate Collection Set: 0.1ms
[2023-12-20T08:59:08.384-0800][56098829ms] GC(3318)   Evacuate Collection Set: 28.5ms
[2023-12-20T08:59:08.384-0800][56098829ms] GC(3318)   Post Evacuate Collection Set: 3.8ms
[2023-12-20T08:59:08.384-0800][56098829ms] GC(3318)   Other: 0.6ms
[2023-12-20T08:59:08.384-0800][56098829ms] GC(3318) Eden regions: 753->0(753)
[2023-12-20T08:59:08.384-0800][56098829ms] GC(3318) Survivor regions: 30->30(98)
[2023-12-20T08:59:08.384-0800][56098829ms] GC(3318) Old regions: 186->186
[2023-12-20T08:59:08.384-0800][56098829ms] GC(3318) Humongous regions: 5->5
[2023-12-20T08:59:08.384-0800][56098829ms] GC(3318) Metaspace: 256540K->256540K(1294336K)
[2023-12-20T08:59:08.384-0800][56098829ms] GC(3318) Pause Young (Normal) (G1 Evacuation Pause) 1947M->440M(2612M) 33.161ms
[2023-12-20T08:59:08.384-0800][56098829ms] GC(3318) User=0.28s Sys=0.00s Real=0.03s
[2023-12-20T08:59:10.162-0800][56100607ms] GC(3319) Pause Young (Normal) (G1 Evacuation Pause)
[2023-12-20T08:59:10.162-0800][56100607ms] GC(3319) Using 10 workers of 10 for evacuation
[2023-12-20T08:59:10.197-0800][56100642ms] GC(3319)   Pre Evacuate Collection Set: 0.1ms
[2023-12-20T08:59:10.197-0800][56100642ms] GC(3319)   Evacuate Collection Set: 30.8ms
[2023-12-20T08:59:10.197-0800][56100642ms] GC(3319)   Post Evacuate Collection Set: 3.5ms
[2023-12-20T08:59:10.197-0800][56100642ms] GC(3319)   Other: 0.5ms
[2023-12-20T08:59:10.197-0800][56100642ms] GC(3319) Eden regions: 753->0(756)
[2023-12-20T08:59:10.197-0800][56100642ms] GC(3319) Survivor regions: 30->27(98)
[2023-12-20T08:59:10.197-0800][56100642ms] GC(3319) Old regions: 186->186
[2023-12-20T08:59:10.197-0800][56100642ms] GC(3319) Humongous regions: 5->5
[2023-12-20T08:59:10.197-0800][56100642ms] GC(3319) Metaspace: 256540K->256540K(1294336K)
[2023-12-20T08:59:10.197-0800][56100642ms] GC(3319) Pause Young (Normal) (G1 Evacuation Pause) 1946M->435M(2612M) 35.087ms
[2023-12-20T08:59:10.197-0800][56100642ms] GC(3319) User=0.25s Sys=0.00s Real=0.04s
[2023-12-20T08:59:11.701-0800][56102146ms] GC(3320) Pause Young (Normal) (G1 Evacuation Pause)
[2023-12-20T08:59:11.701-0800][56102146ms] GC(3320) Using 10 workers of 10 for evacuation
[2023-12-20T08:59:11.733-0800][56102178ms] GC(3320)   Pre Evacuate Collection Set: 0.1ms
[2023-12-20T08:59:11.733-0800][56102178ms] GC(3320)   Evacuate Collection Set: 28.0ms
[2023-12-20T08:59:11.733-0800][56102178ms] GC(3320)   Post Evacuate Collection Set: 3.6ms
[2023-12-20T08:59:11.733-0800][56102178ms] GC(3320)   Other: 0.6ms
[2023-12-20T08:59:11.733-0800][56102178ms] GC(3320) Eden regions: 756->0(754)
[2023-12-20T08:59:11.733-0800][56102178ms] GC(3320) Survivor regions: 27->29(98)
[2023-12-20T08:59:11.733-0800][56102178ms] GC(3320) Old regions: 186->186
[2023-12-20T08:59:11.733-0800][56102178ms] GC(3320) Humongous regions: 5->5
[2023-12-20T08:59:11.733-0800][56102178ms] GC(3320) Metaspace: 256540K->256540K(1294336K)
[2023-12-20T08:59:11.733-0800][56102178ms] GC(3320) Pause Young (Normal) (G1 Evacuation Pause) 1947M->439M(2612M) 32.378ms
[2023-12-20T08:59:11.734-0800][56102179ms] GC(3320) User=0.22s Sys=0.00s Real=0.03s
[2023-12-20T08:59:13.293-0800][56103738ms] GC(3321) Pause Young (Normal) (G1 Evacuation Pause)
[2023-12-20T08:59:13.293-0800][56103738ms] GC(3321) Using 10 workers of 10 for evacuation
[2023-12-20T08:59:13.326-0800][56103771ms] GC(3321)   Pre Evacuate Collection Set: 0.1ms
[2023-12-20T08:59:13.326-0800][56103771ms] GC(3321)   Evacuate Collection Set: 29.4ms
[2023-12-20T08:59:13.326-0800][56103771ms] GC(3321)   Post Evacuate Collection Set: 3.5ms
[2023-12-20T08:59:13.326-0800][56103771ms] GC(3321)   Other: 0.5ms
[2023-12-20T08:59:13.326-0800][56103771ms] GC(3321) Eden regions: 754->0(754)
[2023-12-20T08:59:13.326-0800][56103771ms] GC(3321) Survivor regions: 29->29(98)
[2023-12-20T08:59:13.326-0800][56103771ms] GC(3321) Old regions: 186->186
[2023-12-20T08:59:13.326-0800][56103771ms] GC(3321) Humongous regions: 5->5
[2023-12-20T08:59:13.326-0800][56103771ms] GC(3321) Metaspace: 256540K->256540K(1294336K)
[2023-12-20T08:59:13.326-0800][56103771ms] GC(3321) Pause Young (Normal) (G1 Evacuation Pause) 1947M->439M(2612M) 33.534ms
[2023-12-20T08:59:13.326-0800][56103771ms] GC(3321) User=0.23s Sys=0.00s Real=0.03s
[2023-12-20T08:59:14.980-0800][56105425ms] GC(3322) Pause Young (Normal) (G1 Evacuation Pause)
[2023-12-20T08:59:14.980-0800][56105425ms] GC(3322) Using 10 workers of 10 for evacuation
[2023-12-20T08:59:15.015-0800][56105460ms] GC(3322)   Pre Evacuate Collection Set: 0.1ms
[2023-12-20T08:59:15.015-0800][56105460ms] GC(3322)   Evacuate Collection Set: 27.4ms
[2023-12-20T08:59:15.015-0800][56105460ms] GC(3322)   Post Evacuate Collection Set: 6.8ms
[2023-12-20T08:59:15.015-0800][56105460ms] GC(3322)   Other: 0.5ms
[2023-12-20T08:59:15.015-0800][56105460ms] GC(3322) Eden regions: 754->0(753)
[2023-12-20T08:59:15.015-0800][56105460ms] GC(3322) Survivor regions: 29->30(98)
[2023-12-20T08:59:15.015-0800][56105460ms] GC(3322) Old regions: 186->186
[2023-12-20T08:59:15.015-0800][56105460ms] GC(3322) Humongous regions: 5->5
[2023-12-20T08:59:15.015-0800][56105460ms] GC(3322) Metaspace: 256540K->256540K(1294336K)
[2023-12-20T08:59:15.015-0800][56105460ms] GC(3322) Pause Young (Normal) (G1 Evacuation Pause) 1947M->441M(2612M) 34.914ms
[2023-12-20T08:59:15.015-0800][56105460ms] GC(3322) User=0.25s Sys=0.00s Real=0.04s
[2023-12-20T08:59:16.739-0800][56107184ms] GC(3323) Pause Young (Normal) (G1 Evacuation Pause)
[2023-12-20T08:59:16.740-0800][56107185ms] GC(3323) Using 10 workers of 10 for evacuation
[2023-12-20T08:59:16.771-0800][56107216ms] GC(3323)   Pre Evacuate Collection Set: 0.1ms
[2023-12-20T08:59:16.771-0800][56107216ms] GC(3323)   Evacuate Collection Set: 27.8ms
[2023-12-20T08:59:16.771-0800][56107216ms] GC(3323)   Post Evacuate Collection Set: 3.4ms
[2023-12-20T08:59:16.771-0800][56107216ms] GC(3323)   Other: 0.5ms
[2023-12-20T08:59:16.771-0800][56107216ms] GC(3323) Eden regions: 753->0(753)
[2023-12-20T08:59:16.771-0800][56107216ms] GC(3323) Survivor regions: 30->30(98)
[2023-12-20T08:59:16.771-0800][56107216ms] GC(3323) Old regions: 186->186
[2023-12-20T08:59:16.771-0800][56107216ms] GC(3323) Humongous regions: 5->5
[2023-12-20T08:59:16.771-0800][56107216ms] GC(3323) Metaspace: 256540K->256540K(1294336K)
[2023-12-20T08:59:16.771-0800][56107216ms] GC(3323) Pause Young (Normal) (G1 Evacuation Pause) 1947M->440M(2612M) 31.982ms
[2023-12-20T08:59:16.772-0800][56107217ms] GC(3323) User=0.31s Sys=0.00s Real=0.03s
[2023-12-20T08:59:18.409-0800][56108854ms] GC(3324) Pause Young (Normal) (G1 Evacuation Pause)
[2023-12-20T08:59:18.409-0800][56108854ms] GC(3324) Using 10 workers of 10 for evacuation
[2023-12-20T08:59:18.441-0800][56108886ms] GC(3324)   Pre Evacuate Collection Set: 0.1ms
[2023-12-20T08:59:18.441-0800][56108886ms] GC(3324)   Evacuate Collection Set: 27.8ms
[2023-12-20T08:59:18.441-0800][56108886ms] GC(3324)   Post Evacuate Collection Set: 3.3ms
[2023-12-20T08:59:18.441-0800][56108886ms] GC(3324)   Other: 0.5ms
[2023-12-20T08:59:18.441-0800][56108886ms] GC(3324) Eden regions: 753->0(753)
[2023-12-20T08:59:18.441-0800][56108886ms] GC(3324) Survivor regions: 30->30(98)
[2023-12-20T08:59:18.441-0800][56108886ms] GC(3324) Old regions: 186->186
[2023-12-20T08:59:18.441-0800][56108886ms] GC(3324) Humongous regions: 5->5
[2023-12-20T08:59:18.441-0800][56108886ms] GC(3324) Metaspace: 256540K->256540K(1294336K)
[2023-12-20T08:59:18.441-0800][56108886ms] GC(3324) Pause Young (Normal) (G1 Evacuation Pause) 1946M->440M(2612M) 31.847ms
[2023-12-20T08:59:18.441-0800][56108886ms] GC(3324) User=0.38s Sys=0.00s Real=0.03s
[2023-12-20T08:59:20.029-0800][56110474ms] GC(3325) Pause Young (Normal) (G1 Evacuation Pause)
[2023-12-20T08:59:20.029-0800][56110474ms] GC(3325) Using 10 workers of 10 for evacuation
[2023-12-20T08:59:20.062-0800][56110507ms] GC(3325)   Pre Evacuate Collection Set: 0.1ms
[2023-12-20T08:59:20.062-0800][56110507ms] GC(3325)   Evacuate Collection Set: 29.3ms
[2023-12-20T08:59:20.062-0800][56110507ms] GC(3325)   Post Evacuate Collection Set: 3.1ms
[2023-12-20T08:59:20.062-0800][56110507ms] GC(3325)   Other: 0.4ms
[2023-12-20T08:59:20.062-0800][56110507ms] GC(3325) Eden regions: 753->0(753)
[2023-12-20T08:59:20.062-0800][56110507ms] GC(3325) Survivor regions: 30->30(98)
[2023-12-20T08:59:20.062-0800][56110507ms] GC(3325) Old regions: 186->186
[2023-12-20T08:59:20.062-0800][56110507ms] GC(3325) Humongous regions: 5->5
[2023-12-20T08:59:20.062-0800][56110507ms] GC(3325) Metaspace: 256540K->256540K(1294336K)
[2023-12-20T08:59:20.062-0800][56110507ms] GC(3325) Pause Young (Normal) (G1 Evacuation Pause) 1946M->440M(2612M) 33.151ms
[2023-12-20T08:59:20.062-0800][56110507ms] GC(3325) User=0.25s Sys=0.00s Real=0.03s
[2023-12-20T08:59:21.639-0800][56112084ms] GC(3326) Pause Young (Normal) (G1 Evacuation Pause)
[2023-12-20T08:59:21.639-0800][56112084ms] GC(3326) Using 10 workers of 10 for evacuation
[2023-12-20T08:59:21.670-0800][56112115ms] GC(3326)   Pre Evacuate Collection Set: 0.1ms
[2023-12-20T08:59:21.670-0800][56112115ms] GC(3326)   Evacuate Collection Set: 27.7ms
[2023-12-20T08:59:21.670-0800][56112115ms] GC(3326)   Post Evacuate Collection Set: 3.1ms
[2023-12-20T08:59:21.670-0800][56112115ms] GC(3326)   Other: 0.5ms
[2023-12-20T08:59:21.670-0800][56112115ms] GC(3326) Eden regions: 753->0(753)
[2023-12-20T08:59:21.670-0800][56112115ms] GC(3326) Survivor regions: 30->30(98)
[2023-12-20T08:59:21.670-0800][56112115ms] GC(3326) Old regions: 186->186
[2023-12-20T08:59:21.670-0800][56112115ms] GC(3326) Humongous regions: 5->5
[2023-12-20T08:59:21.670-0800][56112115ms] GC(3326) Metaspace: 256557K->256557K(1294336K)
[2023-12-20T08:59:21.670-0800][56112115ms] GC(3326) Pause Young (Normal) (G1 Evacuation Pause) 1946M->440M(2612M) 31.575ms
[2023-12-20T08:59:21.670-0800][56112115ms] GC(3326) User=0.31s Sys=0.02s Real=0.03s
[2023-12-20T08:59:23.080-0800][56113525ms] GC(3327) Pause Young (Normal) (G1 Evacuation Pause)
[2023-12-20T08:59:23.080-0800][56113525ms] GC(3327) Using 10 workers of 10 for evacuation
[2023-12-20T08:59:23.112-0800][56113557ms] GC(3327)   Pre Evacuate Collection Set: 0.1ms
[2023-12-20T08:59:23.112-0800][56113557ms] GC(3327)   Evacuate Collection Set: 28.3ms
[2023-12-20T08:59:23.112-0800][56113557ms] GC(3327)   Post Evacuate Collection Set: 3.6ms
[2023-12-20T08:59:23.112-0800][56113557ms] GC(3327)   Other: 0.7ms
[2023-12-20T08:59:23.112-0800][56113557ms] GC(3327) Eden regions: 753->0(753)
[2023-12-20T08:59:23.112-0800][56113557ms] GC(3327) Survivor regions: 30->30(98)
[2023-12-20T08:59:23.112-0800][56113557ms] GC(3327) Old regions: 186->186
[2023-12-20T08:59:23.112-0800][56113557ms] GC(3327) Humongous regions: 5->5
[2023-12-20T08:59:23.112-0800][56113557ms] GC(3327) Metaspace: 256557K->256557K(1294336K)
[2023-12-20T08:59:23.112-0800][56113557ms] GC(3327) Pause Young (Normal) (G1 Evacuation Pause) 1946M->441M(2612M) 32.839ms
[2023-12-20T08:59:23.112-0800][56113557ms] GC(3327) User=0.17s Sys=0.00s Real=0.03s
[2023-12-20T08:59:24.480-0800][56114925ms] GC(3328) Pause Young (Normal) (G1 Evacuation Pause)
[2023-12-20T08:59:24.480-0800][56114925ms] GC(3328) Using 10 workers of 10 for evacuation
[2023-12-20T08:59:24.512-0800][56114957ms] GC(3328)   Pre Evacuate Collection Set: 0.1ms
[2023-12-20T08:59:24.512-0800][56114957ms] GC(3328)   Evacuate Collection Set: 27.4ms
[2023-12-20T08:59:24.512-0800][56114957ms] GC(3328)   Post Evacuate Collection Set: 3.6ms
[2023-12-20T08:59:24.512-0800][56114957ms] GC(3328)   Other: 0.5ms
[2023-12-20T08:59:24.512-0800][56114957ms] GC(3328) Eden regions: 753->0(753)
[2023-12-20T08:59:24.512-0800][56114957ms] GC(3328) Survivor regions: 30->30(98)
[2023-12-20T08:59:24.512-0800][56114957ms] GC(3328) Old regions: 186->186
[2023-12-20T08:59:24.512-0800][56114957ms] GC(3328) Humongous regions: 5->5
[2023-12-20T08:59:24.512-0800][56114957ms] GC(3328) Metaspace: 256557K->256557K(1294336K)
[2023-12-20T08:59:24.512-0800][56114957ms] GC(3328) Pause Young (Normal) (G1 Evacuation Pause) 1947M->441M(2612M) 31.770ms
[2023-12-20T08:59:24.512-0800][56114957ms] GC(3328) User=0.14s Sys=0.00s Real=0.03s
[2023-12-20T08:59:25.662-0800][56116107ms] GC(3329) Pause Young (Normal) (G1 Evacuation Pause)
[2023-12-20T08:59:25.662-0800][56116107ms] GC(3329) Using 10 workers of 10 for evacuation
[2023-12-20T08:59:25.689-0800][56116134ms] GC(3329)   Pre Evacuate Collection Set: 0.0ms
[2023-12-20T08:59:25.689-0800][56116134ms] GC(3329)   Evacuate Collection Set: 24.2ms
[2023-12-20T08:59:25.689-0800][56116134ms] GC(3329)   Post Evacuate Collection Set: 2.4ms
[2023-12-20T08:59:25.689-0800][56116134ms] GC(3329)   Other: 0.4ms
[2023-12-20T08:59:25.689-0800][56116134ms] GC(3329) Eden regions: 753->0(753)
[2023-12-20T08:59:25.689-0800][56116134ms] GC(3329) Survivor regions: 30->30(98)
[2023-12-20T08:59:25.689-0800][56116134ms] GC(3329) Old regions: 186->186
[2023-12-20T08:59:25.689-0800][56116134ms] GC(3329) Humongous regions: 5->5
[2023-12-20T08:59:25.689-0800][56116134ms] GC(3329) Metaspace: 256557K->256557K(1294336K)
[2023-12-20T08:59:25.689-0800][56116134ms] GC(3329) Pause Young (Normal) (G1 Evacuation Pause) 1947M->441M(2612M) 27.269ms
[2023-12-20T08:59:25.689-0800][56116134ms] GC(3329) User=0.19s Sys=0.00s Real=0.03s
[2023-12-20T08:59:26.554-0800][56116999ms] GC(3330) Pause Young (Normal) (G1 Evacuation Pause)
[2023-12-20T08:59:26.554-0800][56116999ms] GC(3330) Using 10 workers of 10 for evacuation
[2023-12-20T08:59:26.582-0800][56117027ms] GC(3330)   Pre Evacuate Collection Set: 0.0ms
[2023-12-20T08:59:26.582-0800][56117027ms] GC(3330)   Evacuate Collection Set: 24.7ms
[2023-12-20T08:59:26.582-0800][56117027ms] GC(3330)   Post Evacuate Collection Set: 2.6ms
[2023-12-20T08:59:26.582-0800][56117027ms] GC(3330)   Other: 0.4ms
[2023-12-20T08:59:26.582-0800][56117027ms] GC(3330) Eden regions: 753->0(752)
[2023-12-20T08:59:26.582-0800][56117027ms] GC(3330) Survivor regions: 30->31(98)
[2023-12-20T08:59:26.582-0800][56117027ms] GC(3330) Old regions: 186->187
[2023-12-20T08:59:26.582-0800][56117027ms] GC(3330) Humongous regions: 5->5
[2023-12-20T08:59:26.582-0800][56117027ms] GC(3330) Metaspace: 256557K->256557K(1294336K)
[2023-12-20T08:59:26.582-0800][56117027ms] GC(3330) Pause Young (Normal) (G1 Evacuation Pause) 1947M->444M(2612M) 27.870ms
[2023-12-20T08:59:26.582-0800][56117027ms] GC(3330) User=0.06s Sys=0.00s Real=0.03s
[2023-12-20T08:59:27.493-0800][56117938ms] GC(3331) Pause Young (Normal) (G1 Evacuation Pause)
[2023-12-20T08:59:27.493-0800][56117938ms] GC(3331) Using 10 workers of 10 for evacuation
[2023-12-20T08:59:27.521-0800][56117966ms] GC(3331)   Pre Evacuate Collection Set: 0.0ms
[2023-12-20T08:59:27.521-0800][56117966ms] GC(3331)   Evacuate Collection Set: 25.1ms
[2023-12-20T08:59:27.521-0800][56117966ms] GC(3331)   Post Evacuate Collection Set: 2.6ms
[2023-12-20T08:59:27.521-0800][56117966ms] GC(3331)   Other: 0.3ms
[2023-12-20T08:59:27.521-0800][56117966ms] GC(3331) Eden regions: 752->0(752)
[2023-12-20T08:59:27.521-0800][56117966ms] GC(3331) Survivor regions: 31->31(98)
[2023-12-20T08:59:27.521-0800][56117966ms] GC(3331) Old regions: 187->187
[2023-12-20T08:59:27.521-0800][56117966ms] GC(3331) Humongous regions: 5->5
[2023-12-20T08:59:27.521-0800][56117966ms] GC(3331) Metaspace: 256557K->256557K(1294336K)
[2023-12-20T08:59:27.521-0800][56117966ms] GC(3331) Pause Young (Normal) (G1 Evacuation Pause) 1948M->443M(2612M) 28.260ms
[2023-12-20T08:59:27.521-0800][56117966ms] GC(3331) User=0.08s Sys=0.00s Real=0.03s
[2023-12-20T08:59:28.590-0800][56119035ms] GC(3332) Pause Young (Normal) (G1 Evacuation Pause)
[2023-12-20T08:59:28.590-0800][56119035ms] GC(3332) Using 10 workers of 10 for evacuation
[2023-12-20T08:59:28.618-0800][56119063ms] GC(3332)   Pre Evacuate Collection Set: 0.1ms
[2023-12-20T08:59:28.618-0800][56119063ms] GC(3332)   Evacuate Collection Set: 24.8ms
[2023-12-20T08:59:28.618-0800][56119063ms] GC(3332)   Post Evacuate Collection Set: 2.3ms
[2023-12-20T08:59:28.618-0800][56119063ms] GC(3332)   Other: 0.5ms
[2023-12-20T08:59:28.618-0800][56119063ms] GC(3332) Eden regions: 752->0(752)
[2023-12-20T08:59:28.618-0800][56119063ms] GC(3332) Survivor regions: 31->31(98)
[2023-12-20T08:59:28.618-0800][56119063ms] GC(3332) Old regions: 187->187
[2023-12-20T08:59:28.618-0800][56119063ms] GC(3332) Humongous regions: 5->5
[2023-12-20T08:59:28.618-0800][56119063ms] GC(3332) Metaspace: 256557K->256557K(1294336K)
[2023-12-20T08:59:28.618-0800][56119063ms] GC(3332) Pause Young (Normal) (G1 Evacuation Pause) 1947M->444M(2612M) 27.799ms
[2023-12-20T08:59:28.618-0800][56119063ms] GC(3332) User=0.08s Sys=0.02s Real=0.03s
[2023-12-20T08:59:29.351-0800][56119796ms] GC(3333) Pause Young (Normal) (GCLocker Initiated GC)
[2023-12-20T08:59:29.351-0800][56119796ms] GC(3333) Using 10 workers of 10 for evacuation
[2023-12-20T08:59:29.383-0800][56119828ms] GC(3333)   Pre Evacuate Collection Set: 0.0ms
[2023-12-20T08:59:29.383-0800][56119828ms] GC(3333)   Evacuate Collection Set: 29.0ms
[2023-12-20T08:59:29.383-0800][56119828ms] GC(3333)   Post Evacuate Collection Set: 2.5ms
[2023-12-20T08:59:29.383-0800][56119828ms] GC(3333)   Other: 0.4ms
[2023-12-20T08:59:29.383-0800][56119828ms] GC(3333) Eden regions: 753->0(752)
[2023-12-20T08:59:29.383-0800][56119828ms] GC(3333) Survivor regions: 31->31(98)
[2023-12-20T08:59:29.383-0800][56119828ms] GC(3333) Old regions: 187->187
[2023-12-20T08:59:29.383-0800][56119828ms] GC(3333) Humongous regions: 5->5
[2023-12-20T08:59:29.383-0800][56119828ms] GC(3333) Metaspace: 256557K->256557K(1294336K)
[2023-12-20T08:59:29.383-0800][56119828ms] GC(3333) Pause Young (Normal) (GCLocker Initiated GC) 1949M->444M(2612M) 32.024ms
[2023-12-20T08:59:29.383-0800][56119828ms] GC(3333) User=0.11s Sys=0.00s Real=0.03s
[2023-12-20T08:59:30.086-0800][56120531ms] GC(3334) Pause Young (Normal) (GCLocker Initiated GC)
[2023-12-20T08:59:30.086-0800][56120531ms] GC(3334) Using 10 workers of 10 for evacuation
[2023-12-20T08:59:30.112-0800][56120557ms] GC(3334)   Pre Evacuate Collection Set: 0.0ms
[2023-12-20T08:59:30.112-0800][56120557ms] GC(3334)   Evacuate Collection Set: 24.1ms
[2023-12-20T08:59:30.112-0800][56120557ms] GC(3334)   Post Evacuate Collection Set: 2.5ms
[2023-12-20T08:59:30.112-0800][56120557ms] GC(3334)   Other: 0.4ms
[2023-12-20T08:59:30.112-0800][56120557ms] GC(3334) Eden regions: 753->0(752)
[2023-12-20T08:59:30.112-0800][56120557ms] GC(3334) Survivor regions: 31->31(98)
[2023-12-20T08:59:30.112-0800][56120557ms] GC(3334) Old regions: 187->187
[2023-12-20T08:59:30.112-0800][56120557ms] GC(3334) Humongous regions: 5->5
[2023-12-20T08:59:30.112-0800][56120557ms] GC(3334) Metaspace: 256557K->256557K(1294336K)
[2023-12-20T08:59:30.112-0800][56120557ms] GC(3334) Pause Young (Normal) (GCLocker Initiated GC) 1949M->443M(2612M) 27.152ms
[2023-12-20T08:59:30.112-0800][56120557ms] GC(3334) User=0.06s Sys=0.00s Real=0.03s
[2023-12-20T08:59:30.694-0800][56121139ms] GC(3335) Pause Young (Normal) (G1 Evacuation Pause)
[2023-12-20T08:59:30.694-0800][56121139ms] GC(3335) Using 10 workers of 10 for evacuation
[2023-12-20T08:59:30.720-0800][56121165ms] GC(3335)   Pre Evacuate Collection Set: 0.0ms
[2023-12-20T08:59:30.720-0800][56121165ms] GC(3335)   Evacuate Collection Set: 23.3ms
[2023-12-20T08:59:30.720-0800][56121165ms] GC(3335)   Post Evacuate Collection Set: 2.5ms
[2023-12-20T08:59:30.720-0800][56121165ms] GC(3335)   Other: 0.3ms
[2023-12-20T08:59:30.720-0800][56121165ms] GC(3335) Eden regions: 752->0(752)
[2023-12-20T08:59:30.720-0800][56121165ms] GC(3335) Survivor regions: 31->31(98)
[2023-12-20T08:59:30.720-0800][56121165ms] GC(3335) Old regions: 187->187
[2023-12-20T08:59:30.720-0800][56121165ms] GC(3335) Humongous regions: 5->5
[2023-12-20T08:59:30.720-0800][56121165ms] GC(3335) Metaspace: 256557K->256557K(1294336K)
[2023-12-20T08:59:30.720-0800][56121165ms] GC(3335) Pause Young (Normal) (G1 Evacuation Pause) 1947M->443M(2612M) 26.362ms
[2023-12-20T08:59:30.720-0800][56121165ms] GC(3335) User=0.11s Sys=0.00s Real=0.03s
[2023-12-20T08:59:31.481-0800][56121926ms] GC(3336) Pause Young (Normal) (G1 Evacuation Pause)
[2023-12-20T08:59:31.481-0800][56121926ms] GC(3336) Using 10 workers of 10 for evacuation
[2023-12-20T08:59:31.508-0800][56121953ms] GC(3336)   Pre Evacuate Collection Set: 0.0ms
[2023-12-20T08:59:31.508-0800][56121953ms] GC(3336)   Evacuate Collection Set: 23.9ms
[2023-12-20T08:59:31.508-0800][56121953ms] GC(3336)   Post Evacuate Collection Set: 2.6ms
[2023-12-20T08:59:31.508-0800][56121953ms] GC(3336)   Other: 0.4ms
[2023-12-20T08:59:31.508-0800][56121953ms] GC(3336) Eden regions: 752->0(752)
[2023-12-20T08:59:31.508-0800][56121953ms] GC(3336) Survivor regions: 31->31(98)
[2023-12-20T08:59:31.508-0800][56121953ms] GC(3336) Old regions: 187->187
[2023-12-20T08:59:31.508-0800][56121953ms] GC(3336) Humongous regions: 5->5
[2023-12-20T08:59:31.508-0800][56121953ms] GC(3336) Metaspace: 256557K->256557K(1294336K)
[2023-12-20T08:59:31.508-0800][56121953ms] GC(3336) Pause Young (Normal) (G1 Evacuation Pause) 1947M->443M(2612M) 27.032ms
[2023-12-20T08:59:31.508-0800][56121953ms] GC(3336) User=0.13s Sys=0.00s Real=0.03s
[2023-12-20T08:59:32.217-0800][56122662ms] GC(3337) Pause Young (Normal) (G1 Evacuation Pause)
[2023-12-20T08:59:32.217-0800][56122662ms] GC(3337) Using 10 workers of 10 for evacuation
[2023-12-20T08:59:32.245-0800][56122690ms] GC(3337)   Pre Evacuate Collection Set: 0.0ms
[2023-12-20T08:59:32.245-0800][56122690ms] GC(3337)   Evacuate Collection Set: 25.3ms
[2023-12-20T08:59:32.245-0800][56122690ms] GC(3337)   Post Evacuate Collection Set: 2.5ms
[2023-12-20T08:59:32.245-0800][56122690ms] GC(3337)   Other: 0.4ms
[2023-12-20T08:59:32.245-0800][56122690ms] GC(3337) Eden regions: 752->0(752)
[2023-12-20T08:59:32.245-0800][56122690ms] GC(3337) Survivor regions: 31->31(98)
[2023-12-20T08:59:32.245-0800][56122690ms] GC(3337) Old regions: 187->187
[2023-12-20T08:59:32.245-0800][56122690ms] GC(3337) Humongous regions: 5->5
[2023-12-20T08:59:32.245-0800][56122690ms] GC(3337) Metaspace: 256557K->256557K(1294336K)
[2023-12-20T08:59:32.245-0800][56122690ms] GC(3337) Pause Young (Normal) (G1 Evacuation Pause) 1947M->443M(2612M) 28.418ms
[2023-12-20T08:59:32.245-0800][56122690ms] GC(3337) User=0.09s Sys=0.00s Real=0.03s
[2023-12-20T08:59:32.971-0800][56123416ms] GC(3338) Pause Young (Normal) (G1 Evacuation Pause)
[2023-12-20T08:59:32.971-0800][56123416ms] GC(3338) Using 10 workers of 10 for evacuation
[2023-12-20T08:59:32.998-0800][56123443ms] GC(3338)   Pre Evacuate Collection Set: 0.0ms
[2023-12-20T08:59:32.998-0800][56123443ms] GC(3338)   Evacuate Collection Set: 24.3ms
[2023-12-20T08:59:32.998-0800][56123443ms] GC(3338)   Post Evacuate Collection Set: 2.3ms
[2023-12-20T08:59:32.998-0800][56123443ms] GC(3338)   Other: 0.4ms
[2023-12-20T08:59:32.998-0800][56123443ms] GC(3338) Eden regions: 752->0(752)
[2023-12-20T08:59:32.998-0800][56123443ms] GC(3338) Survivor regions: 31->31(98)
[2023-12-20T08:59:32.998-0800][56123443ms] GC(3338) Old regions: 187->187
[2023-12-20T08:59:32.998-0800][56123443ms] GC(3338) Humongous regions: 5->5
[2023-12-20T08:59:32.998-0800][56123443ms] GC(3338) Metaspace: 256557K->256557K(1294336K)
[2023-12-20T08:59:32.998-0800][56123443ms] GC(3338) Pause Young (Normal) (G1 Evacuation Pause) 1947M->444M(2612M) 27.062ms
[2023-12-20T08:59:32.998-0800][56123443ms] GC(3338) User=0.08s Sys=0.00s Real=0.03s
[2023-12-20T08:59:33.767-0800][56124212ms] GC(3339) Pause Young (Normal) (G1 Evacuation Pause)
[2023-12-20T08:59:33.767-0800][56124212ms] GC(3339) Using 10 workers of 10 for evacuation
[2023-12-20T08:59:33.795-0800][56124240ms] GC(3339)   Pre Evacuate Collection Set: 0.1ms
[2023-12-20T08:59:33.795-0800][56124240ms] GC(3339)   Evacuate Collection Set: 25.6ms
[2023-12-20T08:59:33.795-0800][56124240ms] GC(3339)   Post Evacuate Collection Set: 2.5ms
[2023-12-20T08:59:33.795-0800][56124240ms] GC(3339)   Other: 0.6ms
[2023-12-20T08:59:33.795-0800][56124240ms] GC(3339) Eden regions: 752->0(752)
[2023-12-20T08:59:33.795-0800][56124240ms] GC(3339) Survivor regions: 31->31(98)
[2023-12-20T08:59:33.795-0800][56124240ms] GC(3339) Old regions: 187->187
[2023-12-20T08:59:33.795-0800][56124240ms] GC(3339) Humongous regions: 5->5
[2023-12-20T08:59:33.795-0800][56124240ms] GC(3339) Metaspace: 256557K->256557K(1294336K)
[2023-12-20T08:59:33.795-0800][56124240ms] GC(3339) Pause Young (Normal) (G1 Evacuation Pause) 1948M->443M(2612M) 28.805ms
[2023-12-20T08:59:33.795-0800][56124240ms] GC(3339) User=0.09s Sys=0.00s Real=0.03s
[2023-12-20T08:59:34.607-0800][56125052ms] GC(3340) Pause Young (Normal) (G1 Evacuation Pause)
[2023-12-20T08:59:34.607-0800][56125052ms] GC(3340) Using 10 workers of 10 for evacuation
[2023-12-20T08:59:34.633-0800][56125078ms] GC(3340)   Pre Evacuate Collection Set: 0.0ms
[2023-12-20T08:59:34.633-0800][56125078ms] GC(3340)   Evacuate Collection Set: 24.2ms
[2023-12-20T08:59:34.633-0800][56125078ms] GC(3340)   Post Evacuate Collection Set: 2.3ms
[2023-12-20T08:59:34.633-0800][56125078ms] GC(3340)   Other: 0.3ms
[2023-12-20T08:59:34.633-0800][56125078ms] GC(3340) Eden regions: 752->0(752)
[2023-12-20T08:59:34.633-0800][56125078ms] GC(3340) Survivor regions: 31->31(98)
[2023-12-20T08:59:34.633-0800][56125078ms] GC(3340) Old regions: 187->187
[2023-12-20T08:59:34.633-0800][56125078ms] GC(3340) Humongous regions: 5->5
[2023-12-20T08:59:34.633-0800][56125078ms] GC(3340) Metaspace: 256557K->256557K(1294336K)
[2023-12-20T08:59:34.633-0800][56125078ms] GC(3340) Pause Young (Normal) (G1 Evacuation Pause) 1947M->444M(2612M) 26.993ms
[2023-12-20T08:59:34.633-0800][56125078ms] GC(3340) User=0.11s Sys=0.00s Real=0.03s
[2023-12-20T08:59:35.365-0800][56125810ms] GC(3341) Pause Young (Normal) (G1 Evacuation Pause)
[2023-12-20T08:59:35.365-0800][56125810ms] GC(3341) Using 10 workers of 10 for evacuation
[2023-12-20T08:59:35.392-0800][56125837ms] GC(3341)   Pre Evacuate Collection Set: 0.0ms
[2023-12-20T08:59:35.392-0800][56125837ms] GC(3341)   Evacuate Collection Set: 24.7ms
[2023-12-20T08:59:35.392-0800][56125837ms] GC(3341)   Post Evacuate Collection Set: 2.4ms
[2023-12-20T08:59:35.392-0800][56125837ms] GC(3341)   Other: 0.4ms
[2023-12-20T08:59:35.392-0800][56125837ms] GC(3341) Eden regions: 752->0(752)
[2023-12-20T08:59:35.392-0800][56125837ms] GC(3341) Survivor regions: 31->31(98)
[2023-12-20T08:59:35.392-0800][56125837ms] GC(3341) Old regions: 187->187
[2023-12-20T08:59:35.392-0800][56125837ms] GC(3341) Humongous regions: 5->5
[2023-12-20T08:59:35.392-0800][56125837ms] GC(3341) Metaspace: 256557K->256557K(1294336K)
[2023-12-20T08:59:35.392-0800][56125837ms] GC(3341) Pause Young (Normal) (G1 Evacuation Pause) 1948M->443M(2612M) 27.679ms
[2023-12-20T08:59:35.392-0800][56125837ms] GC(3341) User=0.19s Sys=0.00s Real=0.03s
[2023-12-20T08:59:36.071-0800][56126516ms] GC(3342) Pause Young (Normal) (G1 Evacuation Pause)
[2023-12-20T08:59:36.071-0800][56126516ms] GC(3342) Using 10 workers of 10 for evacuation
[2023-12-20T08:59:36.099-0800][56126544ms] GC(3342)   Pre Evacuate Collection Set: 0.0ms
[2023-12-20T08:59:36.099-0800][56126544ms] GC(3342)   Evacuate Collection Set: 24.6ms
[2023-12-20T08:59:36.099-0800][56126544ms] GC(3342)   Post Evacuate Collection Set: 2.3ms
[2023-12-20T08:59:36.099-0800][56126544ms] GC(3342)   Other: 0.4ms
[2023-12-20T08:59:36.099-0800][56126544ms] GC(3342) Eden regions: 752->0(752)
[2023-12-20T08:59:36.099-0800][56126544ms] GC(3342) Survivor regions: 31->31(98)
[2023-12-20T08:59:36.099-0800][56126544ms] GC(3342) Old regions: 187->187
[2023-12-20T08:59:36.099-0800][56126544ms] GC(3342) Humongous regions: 5->5
[2023-12-20T08:59:36.099-0800][56126544ms] GC(3342) Metaspace: 256557K->256557K(1294336K)
[2023-12-20T08:59:36.099-0800][56126544ms] GC(3342) Pause Young (Normal) (G1 Evacuation Pause) 1947M->443M(2612M) 27.433ms
[2023-12-20T08:59:36.099-0800][56126544ms] GC(3342) User=0.08s Sys=0.00s Real=0.03s
[2023-12-20T08:59:36.831-0800][56127276ms] GC(3343) Pause Young (Normal) (G1 Evacuation Pause)
[2023-12-20T08:59:36.831-0800][56127276ms] GC(3343) Using 10 workers of 10 for evacuation
[2023-12-20T08:59:36.858-0800][56127303ms] GC(3343)   Pre Evacuate Collection Set: 0.0ms
[2023-12-20T08:59:36.858-0800][56127303ms] GC(3343)   Evacuate Collection Set: 24.6ms
[2023-12-20T08:59:36.858-0800][56127303ms] GC(3343)   Post Evacuate Collection Set: 2.6ms
[2023-12-20T08:59:36.858-0800][56127303ms] GC(3343)   Other: 0.4ms
[2023-12-20T08:59:36.858-0800][56127303ms] GC(3343) Eden regions: 752->0(753)
[2023-12-20T08:59:36.858-0800][56127303ms] GC(3343) Survivor regions: 31->30(98)
[2023-12-20T08:59:36.858-0800][56127303ms] GC(3343) Old regions: 187->187
[2023-12-20T08:59:36.858-0800][56127303ms] GC(3343) Humongous regions: 5->5
[2023-12-20T08:59:36.858-0800][56127303ms] GC(3343) Metaspace: 256557K->256557K(1294336K)
[2023-12-20T08:59:36.859-0800][56127304ms] GC(3343) Pause Young (Normal) (G1 Evacuation Pause) 1947M->441M(2612M) 27.887ms
[2023-12-20T08:59:36.859-0800][56127304ms] GC(3343) User=0.16s Sys=0.00s Real=0.03s
[2023-12-20T08:59:37.595-0800][56128040ms] GC(3344) Pause Young (Normal) (G1 Evacuation Pause)
[2023-12-20T08:59:37.595-0800][56128040ms] GC(3344) Using 10 workers of 10 for evacuation
[2023-12-20T08:59:37.621-0800][56128066ms] GC(3344)   Pre Evacuate Collection Set: 0.0ms
[2023-12-20T08:59:37.621-0800][56128066ms] GC(3344)   Evacuate Collection Set: 24.5ms
[2023-12-20T08:59:37.621-0800][56128066ms] GC(3344)   Post Evacuate Collection Set: 2.4ms
[2023-12-20T08:59:37.621-0800][56128066ms] GC(3344)   Other: 0.4ms
[2023-12-20T08:59:37.621-0800][56128066ms] GC(3344) Eden regions: 753->0(752)
[2023-12-20T08:59:37.621-0800][56128066ms] GC(3344) Survivor regions: 30->31(98)
[2023-12-20T08:59:37.621-0800][56128066ms] GC(3344) Old regions: 187->187
[2023-12-20T08:59:37.621-0800][56128066ms] GC(3344) Humongous regions: 5->5
[2023-12-20T08:59:37.621-0800][56128066ms] GC(3344) Metaspace: 256557K->256557K(1294336K)
[2023-12-20T08:59:37.621-0800][56128066ms] GC(3344) Pause Young (Normal) (G1 Evacuation Pause) 1947M->443M(2612M) 27.508ms
[2023-12-20T08:59:37.621-0800][56128066ms] GC(3344) User=0.13s Sys=0.00s Real=0.03s
[2023-12-20T08:59:38.136-0800][56128581ms] GC(3345) Pause Young (Normal) (G1 Evacuation Pause)
[2023-12-20T08:59:38.136-0800][56128581ms] GC(3345) Using 10 workers of 10 for evacuation
[2023-12-20T08:59:38.162-0800][56128607ms] GC(3345)   Pre Evacuate Collection Set: 0.0ms
[2023-12-20T08:59:38.162-0800][56128607ms] GC(3345)   Evacuate Collection Set: 23.2ms
[2023-12-20T08:59:38.162-0800][56128607ms] GC(3345)   Post Evacuate Collection Set: 2.4ms
[2023-12-20T08:59:38.162-0800][56128607ms] GC(3345)   Other: 0.4ms
[2023-12-20T08:59:38.162-0800][56128607ms] GC(3345) Eden regions: 752->0(752)
[2023-12-20T08:59:38.162-0800][56128607ms] GC(3345) Survivor regions: 31->31(98)
[2023-12-20T08:59:38.162-0800][56128607ms] GC(3345) Old regions: 187->187
[2023-12-20T08:59:38.162-0800][56128607ms] GC(3345) Humongous regions: 5->5
[2023-12-20T08:59:38.162-0800][56128607ms] GC(3345) Metaspace: 256557K->256557K(1294336K)
[2023-12-20T08:59:38.162-0800][56128607ms] GC(3345) Pause Young (Normal) (G1 Evacuation Pause) 1947M->443M(2612M) 26.211ms
[2023-12-20T08:59:38.162-0800][56128607ms] GC(3345) User=0.08s Sys=0.00s Real=0.03s
[2023-12-20T08:59:38.864-0800][56129309ms] GC(3346) Pause Young (Normal) (G1 Evacuation Pause)
[2023-12-20T08:59:38.864-0800][56129309ms] GC(3346) Using 10 workers of 10 for evacuation
[2023-12-20T08:59:38.891-0800][56129336ms] GC(3346)   Pre Evacuate Collection Set: 0.0ms
[2023-12-20T08:59:38.891-0800][56129336ms] GC(3346)   Evacuate Collection Set: 24.1ms
[2023-12-20T08:59:38.891-0800][56129336ms] GC(3346)   Post Evacuate Collection Set: 2.5ms
[2023-12-20T08:59:38.891-0800][56129336ms] GC(3346)   Other: 0.4ms
[2023-12-20T08:59:38.891-0800][56129336ms] GC(3346) Eden regions: 752->0(753)
[2023-12-20T08:59:38.891-0800][56129336ms] GC(3346) Survivor regions: 31->30(98)
[2023-12-20T08:59:38.891-0800][56129336ms] GC(3346) Old regions: 187->187
[2023-12-20T08:59:38.891-0800][56129336ms] GC(3346) Humongous regions: 5->5
[2023-12-20T08:59:38.891-0800][56129336ms] GC(3346) Metaspace: 256557K->256557K(1294336K)
[2023-12-20T08:59:38.891-0800][56129336ms] GC(3346) Pause Young (Normal) (G1 Evacuation Pause) 1947M->442M(2612M) 27.128ms
[2023-12-20T08:59:38.891-0800][56129336ms] GC(3346) User=0.13s Sys=0.00s Real=0.03s
[2023-12-20T08:59:39.481-0800][56129926ms] GC(3347) Pause Young (Normal) (G1 Evacuation Pause)
[2023-12-20T08:59:39.481-0800][56129926ms] GC(3347) Using 10 workers of 10 for evacuation
[2023-12-20T08:59:39.507-0800][56129952ms] GC(3347)   Pre Evacuate Collection Set: 0.0ms
[2023-12-20T08:59:39.507-0800][56129952ms] GC(3347)   Evacuate Collection Set: 23.4ms
[2023-12-20T08:59:39.507-0800][56129952ms] GC(3347)   Post Evacuate Collection Set: 2.6ms
[2023-12-20T08:59:39.507-0800][56129952ms] GC(3347)   Other: 0.4ms
[2023-12-20T08:59:39.507-0800][56129952ms] GC(3347) Eden regions: 753->0(752)
[2023-12-20T08:59:39.507-0800][56129952ms] GC(3347) Survivor regions: 30->31(98)
[2023-12-20T08:59:39.507-0800][56129952ms] GC(3347) Old regions: 187->187
[2023-12-20T08:59:39.507-0800][56129952ms] GC(3347) Humongous regions: 5->5
[2023-12-20T08:59:39.507-0800][56129952ms] GC(3347) Metaspace: 256557K->256557K(1294336K)
[2023-12-20T08:59:39.507-0800][56129952ms] GC(3347) Pause Young (Normal) (G1 Evacuation Pause) 1948M->443M(2612M) 26.531ms
[2023-12-20T08:59:39.507-0800][56129952ms] GC(3347) User=0.08s Sys=0.00s Real=0.03s
[2023-12-20T08:59:40.243-0800][56130688ms] GC(3348) Pause Young (Normal) (G1 Evacuation Pause)
[2023-12-20T08:59:40.243-0800][56130688ms] GC(3348) Using 10 workers of 10 for evacuation
[2023-12-20T08:59:40.278-0800][56130723ms] GC(3348)   Pre Evacuate Collection Set: 0.1ms
[2023-12-20T08:59:40.278-0800][56130723ms] GC(3348)   Evacuate Collection Set: 27.7ms
[2023-12-20T08:59:40.278-0800][56130723ms] GC(3348)   Post Evacuate Collection Set: 7.0ms
[2023-12-20T08:59:40.278-0800][56130723ms] GC(3348)   Other: 0.4ms
[2023-12-20T08:59:40.278-0800][56130723ms] GC(3348) Eden regions: 752->0(752)
[2023-12-20T08:59:40.278-0800][56130723ms] GC(3348) Survivor regions: 31->31(98)
[2023-12-20T08:59:40.278-0800][56130723ms] GC(3348) Old regions: 187->187
[2023-12-20T08:59:40.278-0800][56130723ms] GC(3348) Humongous regions: 5->5
[2023-12-20T08:59:40.278-0800][56130723ms] GC(3348) Metaspace: 256557K->256557K(1294336K)
[2023-12-20T08:59:40.278-0800][56130723ms] GC(3348) Pause Young (Normal) (G1 Evacuation Pause) 1947M->444M(2612M) 35.188ms
[2023-12-20T08:59:40.278-0800][56130723ms] GC(3348) User=0.05s Sys=0.02s Real=0.04s
[2023-12-20T08:59:40.937-0800][56131382ms] GC(3349) Pause Young (Normal) (G1 Evacuation Pause)
[2023-12-20T08:59:40.938-0800][56131383ms] GC(3349) Using 10 workers of 10 for evacuation
[2023-12-20T08:59:40.963-0800][56131408ms] GC(3349)   Pre Evacuate Collection Set: 0.0ms
[2023-12-20T08:59:40.963-0800][56131408ms] GC(3349)   Evacuate Collection Set: 23.8ms
[2023-12-20T08:59:40.963-0800][56131408ms] GC(3349)   Post Evacuate Collection Set: 2.4ms
[2023-12-20T08:59:40.963-0800][56131408ms] GC(3349)   Other: 0.4ms
[2023-12-20T08:59:40.963-0800][56131408ms] GC(3349) Eden regions: 752->0(753)
[2023-12-20T08:59:40.963-0800][56131408ms] GC(3349) Survivor regions: 31->30(98)
[2023-12-20T08:59:40.963-0800][56131408ms] GC(3349) Old regions: 187->187
[2023-12-20T08:59:40.963-0800][56131408ms] GC(3349) Humongous regions: 5->5
[2023-12-20T08:59:40.963-0800][56131408ms] GC(3349) Metaspace: 256557K->256557K(1294336K)
[2023-12-20T08:59:40.963-0800][56131408ms] GC(3349) Pause Young (Normal) (G1 Evacuation Pause) 1948M->442M(2612M) 26.705ms
[2023-12-20T08:59:40.963-0800][56131408ms] GC(3349) User=0.06s Sys=0.00s Real=0.03s
[2023-12-20T08:59:41.513-0800][56131958ms] GC(3350) Pause Young (Normal) (G1 Evacuation Pause)
[2023-12-20T08:59:41.513-0800][56131958ms] GC(3350) Using 10 workers of 10 for evacuation
[2023-12-20T08:59:41.538-0800][56131983ms] GC(3350)   Pre Evacuate Collection Set: 0.0ms
[2023-12-20T08:59:41.538-0800][56131983ms] GC(3350)   Evacuate Collection Set: 23.2ms
[2023-12-20T08:59:41.538-0800][56131983ms] GC(3350)   Post Evacuate Collection Set: 2.5ms
[2023-12-20T08:59:41.538-0800][56131983ms] GC(3350)   Other: 0.3ms
[2023-12-20T08:59:41.538-0800][56131983ms] GC(3350) Eden regions: 753->0(752)
[2023-12-20T08:59:41.538-0800][56131983ms] GC(3350) Survivor regions: 30->31(98)
[2023-12-20T08:59:41.538-0800][56131983ms] GC(3350) Old regions: 187->187
[2023-12-20T08:59:41.538-0800][56131983ms] GC(3350) Humongous regions: 5->5
[2023-12-20T08:59:41.538-0800][56131983ms] GC(3350) Metaspace: 256557K->256557K(1294336K)
[2023-12-20T08:59:41.538-0800][56131983ms] GC(3350) Pause Young (Normal) (G1 Evacuation Pause) 1948M->443M(2612M) 26.214ms
[2023-12-20T08:59:41.538-0800][56131983ms] GC(3350) User=0.06s Sys=0.00s Real=0.03s
[2023-12-20T08:59:42.348-0800][56132793ms] GC(3351) Pause Young (Normal) (G1 Evacuation Pause)
[2023-12-20T08:59:42.348-0800][56132793ms] GC(3351) Using 10 workers of 10 for evacuation
[2023-12-20T08:59:42.375-0800][56132820ms] GC(3351)   Pre Evacuate Collection Set: 0.1ms
[2023-12-20T08:59:42.375-0800][56132820ms] GC(3351)   Evacuate Collection Set: 24.9ms
[2023-12-20T08:59:42.375-0800][56132820ms] GC(3351)   Post Evacuate Collection Set: 2.4ms
[2023-12-20T08:59:42.375-0800][56132820ms] GC(3351)   Other: 0.5ms
[2023-12-20T08:59:42.375-0800][56132820ms] GC(3351) Eden regions: 752->0(753)
[2023-12-20T08:59:42.375-0800][56132820ms] GC(3351) Survivor regions: 31->30(98)
[2023-12-20T08:59:42.375-0800][56132820ms] GC(3351) Old regions: 187->187
[2023-12-20T08:59:42.375-0800][56132820ms] GC(3351) Humongous regions: 5->5
[2023-12-20T08:59:42.375-0800][56132820ms] GC(3351) Metaspace: 256557K->256557K(1294336K)
[2023-12-20T08:59:42.375-0800][56132820ms] GC(3351) Pause Young (Normal) (G1 Evacuation Pause) 1947M->442M(2612M) 27.975ms
[2023-12-20T08:59:42.375-0800][56132820ms] GC(3351) User=0.08s Sys=0.00s Real=0.03s
[2023-12-20T08:59:43.211-0800][56133656ms] GC(3352) Pause Young (Normal) (G1 Evacuation Pause)
[2023-12-20T08:59:43.211-0800][56133656ms] GC(3352) Using 10 workers of 10 for evacuation
[2023-12-20T08:59:43.239-0800][56133684ms] GC(3352)   Pre Evacuate Collection Set: 0.0ms
[2023-12-20T08:59:43.239-0800][56133684ms] GC(3352)   Evacuate Collection Set: 24.7ms
[2023-12-20T08:59:43.239-0800][56133684ms] GC(3352)   Post Evacuate Collection Set: 2.4ms
[2023-12-20T08:59:43.239-0800][56133684ms] GC(3352)   Other: 0.4ms
[2023-12-20T08:59:43.239-0800][56133684ms] GC(3352) Eden regions: 753->0(753)
[2023-12-20T08:59:43.239-0800][56133684ms] GC(3352) Survivor regions: 30->30(98)
[2023-12-20T08:59:43.239-0800][56133684ms] GC(3352) Old regions: 187->187
[2023-12-20T08:59:43.239-0800][56133684ms] GC(3352) Humongous regions: 5->5
[2023-12-20T08:59:43.239-0800][56133684ms] GC(3352) Metaspace: 256557K->256557K(1294336K)
[2023-12-20T08:59:43.239-0800][56133684ms] GC(3352) Pause Young (Normal) (G1 Evacuation Pause) 1948M->442M(2612M) 27.727ms
[2023-12-20T08:59:43.239-0800][56133684ms] GC(3352) User=0.06s Sys=0.00s Real=0.03s
[2023-12-20T08:59:44.000-0800][56134445ms] GC(3353) Pause Young (Normal) (G1 Evacuation Pause)
[2023-12-20T08:59:44.000-0800][56134445ms] GC(3353) Using 10 workers of 10 for evacuation
[2023-12-20T08:59:44.026-0800][56134471ms] GC(3353)   Pre Evacuate Collection Set: 0.0ms
[2023-12-20T08:59:44.026-0800][56134471ms] GC(3353)   Evacuate Collection Set: 24.0ms
[2023-12-20T08:59:44.026-0800][56134471ms] GC(3353)   Post Evacuate Collection Set: 2.5ms
[2023-12-20T08:59:44.026-0800][56134471ms] GC(3353)   Other: 0.4ms
[2023-12-20T08:59:44.026-0800][56134471ms] GC(3353) Eden regions: 753->0(753)
[2023-12-20T08:59:44.026-0800][56134471ms] GC(3353) Survivor regions: 30->30(98)
[2023-12-20T08:59:44.026-0800][56134471ms] GC(3353) Old regions: 187->187
[2023-12-20T08:59:44.026-0800][56134471ms] GC(3353) Humongous regions: 5->5
[2023-12-20T08:59:44.026-0800][56134471ms] GC(3353) Metaspace: 256557K->256557K(1294336K)
[2023-12-20T08:59:44.026-0800][56134471ms] GC(3353) Pause Young (Normal) (G1 Evacuation Pause) 1948M->442M(2612M) 26.930ms
[2023-12-20T08:59:44.026-0800][56134471ms] GC(3353) User=0.06s Sys=0.00s Real=0.03s
[2023-12-20T08:59:44.766-0800][56135211ms] GC(3354) Pause Young (Normal) (G1 Evacuation Pause)
[2023-12-20T08:59:44.766-0800][56135211ms] GC(3354) Using 10 workers of 10 for evacuation
[2023-12-20T08:59:44.792-0800][56135237ms] GC(3354)   Pre Evacuate Collection Set: 0.0ms
[2023-12-20T08:59:44.792-0800][56135237ms] GC(3354)   Evacuate Collection Set: 24.3ms
[2023-12-20T08:59:44.792-0800][56135237ms] GC(3354)   Post Evacuate Collection Set: 2.5ms
[2023-12-20T08:59:44.792-0800][56135237ms] GC(3354)   Other: 0.4ms
[2023-12-20T08:59:44.792-0800][56135237ms] GC(3354) Eden regions: 753->0(752)
[2023-12-20T08:59:44.792-0800][56135237ms] GC(3354) Survivor regions: 30->31(98)
[2023-12-20T08:59:44.793-0800][56135238ms] GC(3354) Old regions: 187->187
[2023-12-20T08:59:44.793-0800][56135238ms] GC(3354) Humongous regions: 5->5
[2023-12-20T08:59:44.793-0800][56135238ms] GC(3354) Metaspace: 256557K->256557K(1294336K)
[2023-12-20T08:59:44.793-0800][56135238ms] GC(3354) Pause Young (Normal) (G1 Evacuation Pause) 1948M->443M(2612M) 27.365ms
[2023-12-20T08:59:44.793-0800][56135238ms] GC(3354) User=0.09s Sys=0.00s Real=0.03s
[2023-12-20T08:59:45.568-0800][56136013ms] GC(3355) Pause Young (Normal) (G1 Evacuation Pause)
[2023-12-20T08:59:45.568-0800][56136013ms] GC(3355) Using 10 workers of 10 for evacuation
[2023-12-20T08:59:45.594-0800][56136039ms] GC(3355)   Pre Evacuate Collection Set: 0.0ms
[2023-12-20T08:59:45.594-0800][56136039ms] GC(3355)   Evacuate Collection Set: 24.1ms
[2023-12-20T08:59:45.594-0800][56136039ms] GC(3355)   Post Evacuate Collection Set: 2.4ms
[2023-12-20T08:59:45.594-0800][56136039ms] GC(3355)   Other: 0.3ms
[2023-12-20T08:59:45.594-0800][56136039ms] GC(3355) Eden regions: 752->0(752)
[2023-12-20T08:59:45.594-0800][56136039ms] GC(3355) Survivor regions: 31->31(98)
[2023-12-20T08:59:45.594-0800][56136039ms] GC(3355) Old regions: 187->187
[2023-12-20T08:59:45.594-0800][56136039ms] GC(3355) Humongous regions: 5->5
[2023-12-20T08:59:45.594-0800][56136039ms] GC(3355) Metaspace: 256557K->256557K(1294336K)
[2023-12-20T08:59:45.594-0800][56136039ms] GC(3355) Pause Young (Normal) (G1 Evacuation Pause) 1947M->443M(2612M) 27.048ms
[2023-12-20T08:59:45.594-0800][56136039ms] GC(3355) User=0.13s Sys=0.00s Real=0.03s
[2023-12-20T08:59:46.546-0800][56136991ms] GC(3356) Pause Young (Normal) (G1 Evacuation Pause)
[2023-12-20T08:59:46.546-0800][56136991ms] GC(3356) Using 10 workers of 10 for evacuation
[2023-12-20T08:59:46.573-0800][56137018ms] GC(3356)   Pre Evacuate Collection Set: 0.0ms
[2023-12-20T08:59:46.573-0800][56137018ms] GC(3356)   Evacuate Collection Set: 24.7ms
[2023-12-20T08:59:46.573-0800][56137018ms] GC(3356)   Post Evacuate Collection Set: 2.4ms
[2023-12-20T08:59:46.573-0800][56137018ms] GC(3356)   Other: 0.4ms
[2023-12-20T08:59:46.573-0800][56137018ms] GC(3356) Eden regions: 752->0(752)
[2023-12-20T08:59:46.573-0800][56137018ms] GC(3356) Survivor regions: 31->31(98)
[2023-12-20T08:59:46.573-0800][56137018ms] GC(3356) Old regions: 187->187
[2023-12-20T08:59:46.573-0800][56137018ms] GC(3356) Humongous regions: 5->5
[2023-12-20T08:59:46.573-0800][56137018ms] GC(3356) Metaspace: 256557K->256557K(1294336K)
[2023-12-20T08:59:46.573-0800][56137018ms] GC(3356) Pause Young (Normal) (G1 Evacuation Pause) 1947M->444M(2612M) 27.567ms
[2023-12-20T08:59:46.573-0800][56137018ms] GC(3356) User=0.08s Sys=0.00s Real=0.03s
[2023-12-20T08:59:47.328-0800][56137773ms] GC(3357) Pause Young (Normal) (G1 Evacuation Pause)
[2023-12-20T08:59:47.328-0800][56137773ms] GC(3357) Using 10 workers of 10 for evacuation
[2023-12-20T08:59:47.355-0800][56137800ms] GC(3357)   Pre Evacuate Collection Set: 0.0ms
[2023-12-20T08:59:47.355-0800][56137800ms] GC(3357)   Evacuate Collection Set: 24.7ms
[2023-12-20T08:59:47.355-0800][56137800ms] GC(3357)   Post Evacuate Collection Set: 2.6ms
[2023-12-20T08:59:47.355-0800][56137800ms] GC(3357)   Other: 0.4ms
[2023-12-20T08:59:47.355-0800][56137800ms] GC(3357) Eden regions: 752->0(752)
[2023-12-20T08:59:47.355-0800][56137800ms] GC(3357) Survivor regions: 31->31(98)
[2023-12-20T08:59:47.355-0800][56137800ms] GC(3357) Old regions: 187->187
[2023-12-20T08:59:47.355-0800][56137800ms] GC(3357) Humongous regions: 5->5
[2023-12-20T08:59:47.355-0800][56137800ms] GC(3357) Metaspace: 256557K->256557K(1294336K)
[2023-12-20T08:59:47.355-0800][56137800ms] GC(3357) Pause Young (Normal) (G1 Evacuation Pause) 1948M->443M(2612M) 28.007ms
[2023-12-20T08:59:47.355-0800][56137800ms] GC(3357) User=0.13s Sys=0.00s Real=0.03s
[2023-12-20T08:59:48.158-0800][56138603ms] GC(3358) Pause Young (Normal) (G1 Evacuation Pause)
[2023-12-20T08:59:48.158-0800][56138603ms] GC(3358) Using 10 workers of 10 for evacuation
[2023-12-20T08:59:48.186-0800][56138631ms] GC(3358)   Pre Evacuate Collection Set: 0.0ms
[2023-12-20T08:59:48.186-0800][56138631ms] GC(3358)   Evacuate Collection Set: 25.5ms
[2023-12-20T08:59:48.186-0800][56138631ms] GC(3358)   Post Evacuate Collection Set: 2.4ms
[2023-12-20T08:59:48.186-0800][56138631ms] GC(3358)   Other: 0.4ms
[2023-12-20T08:59:48.186-0800][56138631ms] GC(3358) Eden regions: 752->0(752)
[2023-12-20T08:59:48.186-0800][56138631ms] GC(3358) Survivor regions: 31->31(98)
[2023-12-20T08:59:48.186-0800][56138631ms] GC(3358) Old regions: 187->187
[2023-12-20T08:59:48.186-0800][56138631ms] GC(3358) Humongous regions: 5->5
[2023-12-20T08:59:48.186-0800][56138631ms] GC(3358) Metaspace: 256557K->256557K(1294336K)
[2023-12-20T08:59:48.186-0800][56138631ms] GC(3358) Pause Young (Normal) (G1 Evacuation Pause) 1947M->444M(2612M) 28.410ms
[2023-12-20T08:59:48.186-0800][56138631ms] GC(3358) User=0.09s Sys=0.00s Real=0.03s
[2023-12-20T08:59:48.884-0800][56139329ms] GC(3359) Pause Young (Normal) (G1 Evacuation Pause)
[2023-12-20T08:59:48.884-0800][56139329ms] GC(3359) Using 10 workers of 10 for evacuation
[2023-12-20T08:59:48.912-0800][56139357ms] GC(3359)   Pre Evacuate Collection Set: 0.0ms
[2023-12-20T08:59:48.912-0800][56139357ms] GC(3359)   Evacuate Collection Set: 25.4ms
[2023-12-20T08:59:48.912-0800][56139357ms] GC(3359)   Post Evacuate Collection Set: 2.4ms
[2023-12-20T08:59:48.912-0800][56139357ms] GC(3359)   Other: 0.4ms
[2023-12-20T08:59:48.912-0800][56139357ms] GC(3359) Eden regions: 752->0(753)
[2023-12-20T08:59:48.912-0800][56139357ms] GC(3359) Survivor regions: 31->30(98)
[2023-12-20T08:59:48.912-0800][56139357ms] GC(3359) Old regions: 187->187
[2023-12-20T08:59:48.912-0800][56139357ms] GC(3359) Humongous regions: 5->5
[2023-12-20T08:59:48.912-0800][56139357ms] GC(3359) Metaspace: 256557K->256557K(1294336K)
[2023-12-20T08:59:48.912-0800][56139357ms] GC(3359) Pause Young (Normal) (G1 Evacuation Pause) 1948M->442M(2612M) 28.273ms
[2023-12-20T08:59:48.912-0800][56139357ms] GC(3359) User=0.06s Sys=0.00s Real=0.03s
[2023-12-20T08:59:49.809-0800][56140254ms] GC(3360) Pause Young (Normal) (G1 Evacuation Pause)
[2023-12-20T08:59:49.809-0800][56140254ms] GC(3360) Using 10 workers of 10 for evacuation
[2023-12-20T08:59:49.838-0800][56140283ms] GC(3360)   Pre Evacuate Collection Set: 0.0ms
[2023-12-20T08:59:49.838-0800][56140283ms] GC(3360)   Evacuate Collection Set: 26.3ms
[2023-12-20T08:59:49.838-0800][56140283ms] GC(3360)   Post Evacuate Collection Set: 2.2ms
[2023-12-20T08:59:49.838-0800][56140283ms] GC(3360)   Other: 0.4ms
[2023-12-20T08:59:49.838-0800][56140283ms] GC(3360) Eden regions: 753->0(753)
[2023-12-20T08:59:49.838-0800][56140283ms] GC(3360) Survivor regions: 30->30(98)
[2023-12-20T08:59:49.838-0800][56140283ms] GC(3360) Old regions: 187->187
[2023-12-20T08:59:49.838-0800][56140283ms] GC(3360) Humongous regions: 5->5
[2023-12-20T08:59:49.838-0800][56140283ms] GC(3360) Metaspace: 256557K->256557K(1294336K)
[2023-12-20T08:59:49.838-0800][56140283ms] GC(3360) Pause Young (Normal) (G1 Evacuation Pause) 1948M->442M(2612M) 29.124ms
[2023-12-20T08:59:49.838-0800][56140283ms] GC(3360) User=0.13s Sys=0.00s Real=0.03s
[2023-12-20T08:59:50.677-0800][56141122ms] GC(3361) Pause Young (Normal) (G1 Evacuation Pause)
[2023-12-20T08:59:50.677-0800][56141122ms] GC(3361) Using 10 workers of 10 for evacuation
[2023-12-20T08:59:50.705-0800][56141150ms] GC(3361)   Pre Evacuate Collection Set: 0.0ms
[2023-12-20T08:59:50.705-0800][56141150ms] GC(3361)   Evacuate Collection Set: 25.0ms
[2023-12-20T08:59:50.705-0800][56141150ms] GC(3361)   Post Evacuate Collection Set: 2.5ms
[2023-12-20T08:59:50.705-0800][56141150ms] GC(3361)   Other: 0.4ms
[2023-12-20T08:59:50.705-0800][56141150ms] GC(3361) Eden regions: 753->0(753)
[2023-12-20T08:59:50.705-0800][56141150ms] GC(3361) Survivor regions: 30->30(98)
[2023-12-20T08:59:50.705-0800][56141150ms] GC(3361) Old regions: 187->187
[2023-12-20T08:59:50.705-0800][56141150ms] GC(3361) Humongous regions: 5->5
[2023-12-20T08:59:50.705-0800][56141150ms] GC(3361) Metaspace: 256557K->256557K(1294336K)
[2023-12-20T08:59:50.705-0800][56141150ms] GC(3361) Pause Young (Normal) (G1 Evacuation Pause) 1948M->442M(2612M) 28.036ms
[2023-12-20T08:59:50.705-0800][56141150ms] GC(3361) User=0.14s Sys=0.00s Real=0.03s
[2023-12-20T08:59:51.577-0800][56142022ms] GC(3362) Pause Young (Normal) (G1 Evacuation Pause)
[2023-12-20T08:59:51.577-0800][56142022ms] GC(3362) Using 10 workers of 10 for evacuation
[2023-12-20T08:59:51.605-0800][56142050ms] GC(3362)   Pre Evacuate Collection Set: 0.0ms
[2023-12-20T08:59:51.605-0800][56142050ms] GC(3362)   Evacuate Collection Set: 24.7ms
[2023-12-20T08:59:51.605-0800][56142050ms] GC(3362)   Post Evacuate Collection Set: 2.4ms
[2023-12-20T08:59:51.605-0800][56142050ms] GC(3362)   Other: 0.4ms
[2023-12-20T08:59:51.605-0800][56142050ms] GC(3362) Eden regions: 753->0(753)
[2023-12-20T08:59:51.605-0800][56142050ms] GC(3362) Survivor regions: 30->30(98)
[2023-12-20T08:59:51.605-0800][56142050ms] GC(3362) Old regions: 187->187
[2023-12-20T08:59:51.605-0800][56142050ms] GC(3362) Humongous regions: 5->5
[2023-12-20T08:59:51.605-0800][56142050ms] GC(3362) Metaspace: 256571K->256571K(1294336K)
[2023-12-20T08:59:51.605-0800][56142050ms] GC(3362) Pause Young (Normal) (G1 Evacuation Pause) 1948M->442M(2612M) 27.634ms
[2023-12-20T08:59:51.605-0800][56142050ms] GC(3362) User=0.13s Sys=0.00s Real=0.03s
[2023-12-20T08:59:52.440-0800][56142885ms] GC(3363) Pause Young (Normal) (G1 Evacuation Pause)
[2023-12-20T08:59:52.440-0800][56142885ms] GC(3363) Using 10 workers of 10 for evacuation
[2023-12-20T08:59:52.467-0800][56142912ms] GC(3363)   Pre Evacuate Collection Set: 0.0ms
[2023-12-20T08:59:52.467-0800][56142912ms] GC(3363)   Evacuate Collection Set: 24.8ms
[2023-12-20T08:59:52.467-0800][56142912ms] GC(3363)   Post Evacuate Collection Set: 2.3ms
[2023-12-20T08:59:52.467-0800][56142912ms] GC(3363)   Other: 0.3ms
[2023-12-20T08:59:52.467-0800][56142912ms] GC(3363) Eden regions: 753->0(753)
[2023-12-20T08:59:52.467-0800][56142912ms] GC(3363) Survivor regions: 30->30(98)
[2023-12-20T08:59:52.467-0800][56142912ms] GC(3363) Old regions: 187->187
[2023-12-20T08:59:52.467-0800][56142912ms] GC(3363) Humongous regions: 5->5
[2023-12-20T08:59:52.467-0800][56142912ms] GC(3363) Metaspace: 256571K->256571K(1294336K)
[2023-12-20T08:59:52.467-0800][56142912ms] GC(3363) Pause Young (Normal) (G1 Evacuation Pause) 1948M->441M(2612M) 27.565ms
[2023-12-20T08:59:52.467-0800][56142912ms] GC(3363) User=0.17s Sys=0.00s Real=0.03s
[2023-12-20T08:59:53.316-0800][56143761ms] GC(3364) Pause Young (Normal) (G1 Evacuation Pause)
[2023-12-20T08:59:53.316-0800][56143761ms] GC(3364) Using 10 workers of 10 for evacuation
[2023-12-20T08:59:53.346-0800][56143791ms] GC(3364)   Pre Evacuate Collection Set: 0.0ms
[2023-12-20T08:59:53.346-0800][56143791ms] GC(3364)   Evacuate Collection Set: 25.6ms
[2023-12-20T08:59:53.346-0800][56143791ms] GC(3364)   Post Evacuate Collection Set: 2.7ms
[2023-12-20T08:59:53.346-0800][56143791ms] GC(3364)   Other: 0.4ms
[2023-12-20T08:59:53.346-0800][56143791ms] GC(3364) Eden regions: 753->0(753)
[2023-12-20T08:59:53.346-0800][56143791ms] GC(3364) Survivor regions: 30->30(98)
[2023-12-20T08:59:53.346-0800][56143791ms] GC(3364) Old regions: 187->187
[2023-12-20T08:59:53.346-0800][56143791ms] GC(3364) Humongous regions: 5->5
[2023-12-20T08:59:53.346-0800][56143791ms] GC(3364) Metaspace: 256571K->256571K(1294336K)
[2023-12-20T08:59:53.346-0800][56143791ms] GC(3364) Pause Young (Normal) (G1 Evacuation Pause) 1947M->442M(2612M) 28.896ms
[2023-12-20T08:59:53.346-0800][56143791ms] GC(3364) User=0.11s Sys=0.00s Real=0.03s
[2023-12-20T08:59:54.215-0800][56144660ms] GC(3365) Pause Young (Normal) (G1 Evacuation Pause)
[2023-12-20T08:59:54.215-0800][56144660ms] GC(3365) Using 10 workers of 10 for evacuation
[2023-12-20T08:59:54.243-0800][56144688ms] GC(3365)   Pre Evacuate Collection Set: 0.0ms
[2023-12-20T08:59:54.243-0800][56144688ms] GC(3365)   Evacuate Collection Set: 24.7ms
[2023-12-20T08:59:54.243-0800][56144688ms] GC(3365)   Post Evacuate Collection Set: 2.5ms
[2023-12-20T08:59:54.243-0800][56144688ms] GC(3365)   Other: 0.4ms
[2023-12-20T08:59:54.243-0800][56144688ms] GC(3365) Eden regions: 753->0(753)
[2023-12-20T08:59:54.243-0800][56144688ms] GC(3365) Survivor regions: 30->30(98)
[2023-12-20T08:59:54.243-0800][56144688ms] GC(3365) Old regions: 187->187
[2023-12-20T08:59:54.243-0800][56144688ms] GC(3365) Humongous regions: 5->5
[2023-12-20T08:59:54.243-0800][56144688ms] GC(3365) Metaspace: 256571K->256571K(1294336K)
[2023-12-20T08:59:54.243-0800][56144688ms] GC(3365) Pause Young (Normal) (G1 Evacuation Pause) 1948M->442M(2612M) 27.724ms
[2023-12-20T08:59:54.243-0800][56144688ms] GC(3365) User=0.14s Sys=0.00s Real=0.03s
[2023-12-20T08:59:55.092-0800][56145537ms] GC(3366) Pause Young (Normal) (G1 Evacuation Pause)
[2023-12-20T08:59:55.092-0800][56145537ms] GC(3366) Using 10 workers of 10 for evacuation
[2023-12-20T08:59:55.120-0800][56145565ms] GC(3366)   Pre Evacuate Collection Set: 0.0ms
[2023-12-20T08:59:55.120-0800][56145565ms] GC(3366)   Evacuate Collection Set: 24.8ms
[2023-12-20T08:59:55.120-0800][56145565ms] GC(3366)   Post Evacuate Collection Set: 2.6ms
[2023-12-20T08:59:55.120-0800][56145565ms] GC(3366)   Other: 0.4ms
[2023-12-20T08:59:55.120-0800][56145565ms] GC(3366) Eden regions: 753->0(753)
[2023-12-20T08:59:55.120-0800][56145565ms] GC(3366) Survivor regions: 30->30(98)
[2023-12-20T08:59:55.120-0800][56145565ms] GC(3366) Old regions: 187->187
[2023-12-20T08:59:55.120-0800][56145565ms] GC(3366) Humongous regions: 5->5
[2023-12-20T08:59:55.120-0800][56145565ms] GC(3366) Metaspace: 256571K->256571K(1294336K)
[2023-12-20T08:59:55.120-0800][56145565ms] GC(3366) Pause Young (Normal) (G1 Evacuation Pause) 1948M->442M(2612M) 27.886ms
[2023-12-20T08:59:55.120-0800][56145565ms] GC(3366) User=0.09s Sys=0.00s Real=0.03s
[2023-12-20T08:59:56.173-0800][56146618ms] GC(3367) Pause Young (Normal) (G1 Evacuation Pause)
[2023-12-20T08:59:56.173-0800][56146618ms] GC(3367) Using 10 workers of 10 for evacuation
[2023-12-20T08:59:56.202-0800][56146647ms] GC(3367)   Pre Evacuate Collection Set: 0.0ms
[2023-12-20T08:59:56.202-0800][56146647ms] GC(3367)   Evacuate Collection Set: 26.5ms
[2023-12-20T08:59:56.202-0800][56146647ms] GC(3367)   Post Evacuate Collection Set: 2.8ms
[2023-12-20T08:59:56.202-0800][56146647ms] GC(3367)   Other: 0.4ms
[2023-12-20T08:59:56.202-0800][56146647ms] GC(3367) Eden regions: 753->0(753)
[2023-12-20T08:59:56.202-0800][56146647ms] GC(3367) Survivor regions: 30->30(98)
[2023-12-20T08:59:56.202-0800][56146647ms] GC(3367) Old regions: 187->187
[2023-12-20T08:59:56.202-0800][56146647ms] GC(3367) Humongous regions: 5->5
[2023-12-20T08:59:56.202-0800][56146647ms] GC(3367) Metaspace: 256571K->256571K(1294336K)
[2023-12-20T08:59:56.202-0800][56146647ms] GC(3367) Pause Young (Normal) (G1 Evacuation Pause) 1948M->442M(2612M) 29.784ms
[2023-12-20T08:59:56.202-0800][56146647ms] GC(3367) User=0.17s Sys=0.00s Real=0.03s
[2023-12-20T08:59:57.083-0800][56147528ms] GC(3368) Pause Young (Normal) (G1 Evacuation Pause)
[2023-12-20T08:59:57.083-0800][56147528ms] GC(3368) Using 10 workers of 10 for evacuation
[2023-12-20T08:59:57.110-0800][56147555ms] GC(3368)   Pre Evacuate Collection Set: 0.0ms
[2023-12-20T08:59:57.110-0800][56147555ms] GC(3368)   Evacuate Collection Set: 24.7ms
[2023-12-20T08:59:57.110-0800][56147555ms] GC(3368)   Post Evacuate Collection Set: 2.3ms
[2023-12-20T08:59:57.110-0800][56147555ms] GC(3368)   Other: 0.4ms
[2023-12-20T08:59:57.110-0800][56147555ms] GC(3368) Eden regions: 753->0(753)
[2023-12-20T08:59:57.110-0800][56147555ms] GC(3368) Survivor regions: 30->30(98)
[2023-12-20T08:59:57.110-0800][56147555ms] GC(3368) Old regions: 187->187
[2023-12-20T08:59:57.110-0800][56147555ms] GC(3368) Humongous regions: 5->5
[2023-12-20T08:59:57.110-0800][56147555ms] GC(3368) Metaspace: 256571K->256571K(1294336K)
[2023-12-20T08:59:57.110-0800][56147555ms] GC(3368) Pause Young (Normal) (G1 Evacuation Pause) 1948M->442M(2612M) 27.644ms
[2023-12-20T08:59:57.110-0800][56147555ms] GC(3368) User=0.17s Sys=0.00s Real=0.03s
[2023-12-20T08:59:58.005-0800][56148450ms] GC(3369) Pause Young (Normal) (G1 Evacuation Pause)
[2023-12-20T08:59:58.005-0800][56148450ms] GC(3369) Using 10 workers of 10 for evacuation
[2023-12-20T08:59:58.032-0800][56148477ms] GC(3369)   Pre Evacuate Collection Set: 0.0ms
[2023-12-20T08:59:58.032-0800][56148477ms] GC(3369)   Evacuate Collection Set: 25.0ms
[2023-12-20T08:59:58.032-0800][56148477ms] GC(3369)   Post Evacuate Collection Set: 2.4ms
[2023-12-20T08:59:58.032-0800][56148477ms] GC(3369)   Other: 0.4ms
[2023-12-20T08:59:58.032-0800][56148477ms] GC(3369) Eden regions: 753->0(753)
[2023-12-20T08:59:58.032-0800][56148477ms] GC(3369) Survivor regions: 30->30(98)
[2023-12-20T08:59:58.032-0800][56148477ms] GC(3369) Old regions: 187->187
[2023-12-20T08:59:58.032-0800][56148477ms] GC(3369) Humongous regions: 5->5
[2023-12-20T08:59:58.032-0800][56148477ms] GC(3369) Metaspace: 256571K->256571K(1294336K)
[2023-12-20T08:59:58.032-0800][56148477ms] GC(3369) Pause Young (Normal) (G1 Evacuation Pause) 1948M->441M(2612M) 27.938ms
[2023-12-20T08:59:58.032-0800][56148477ms] GC(3369) User=0.09s Sys=0.00s Real=0.03s
[2023-12-20T08:59:58.990-0800][56149435ms] GC(3370) Pause Young (Normal) (G1 Evacuation Pause)
[2023-12-20T08:59:58.990-0800][56149435ms] GC(3370) Using 10 workers of 10 for evacuation
[2023-12-20T08:59:59.017-0800][56149462ms] GC(3370)   Pre Evacuate Collection Set: 0.0ms
[2023-12-20T08:59:59.017-0800][56149462ms] GC(3370)   Evacuate Collection Set: 25.4ms
[2023-12-20T08:59:59.017-0800][56149462ms] GC(3370)   Post Evacuate Collection Set: 2.3ms
[2023-12-20T08:59:59.017-0800][56149462ms] GC(3370)   Other: 0.4ms
[2023-12-20T08:59:59.017-0800][56149462ms] GC(3370) Eden regions: 753->0(753)
[2023-12-20T08:59:59.017-0800][56149462ms] GC(3370) Survivor regions: 30->30(98)
[2023-12-20T08:59:59.017-0800][56149462ms] GC(3370) Old regions: 187->187
[2023-12-20T08:59:59.017-0800][56149462ms] GC(3370) Humongous regions: 5->5
[2023-12-20T08:59:59.017-0800][56149462ms] GC(3370) Metaspace: 256571K->256571K(1294336K)
[2023-12-20T08:59:59.017-0800][56149462ms] GC(3370) Pause Young (Normal) (G1 Evacuation Pause) 1947M->442M(2612M) 28.227ms
[2023-12-20T08:59:59.017-0800][56149462ms] GC(3370) User=0.19s Sys=0.00s Real=0.03s
[2023-12-20T08:59:59.882-0800][56150327ms] GC(3371) Pause Young (Normal) (G1 Evacuation Pause)
[2023-12-20T08:59:59.882-0800][56150328ms] GC(3371) Using 10 workers of 10 for evacuation
[2023-12-20T08:59:59.911-0800][56150356ms] GC(3371)   Pre Evacuate Collection Set: 0.0ms
[2023-12-20T08:59:59.911-0800][56150356ms] GC(3371)   Evacuate Collection Set: 25.5ms
[2023-12-20T08:59:59.911-0800][56150356ms] GC(3371)   Post Evacuate Collection Set: 2.5ms
[2023-12-20T08:59:59.911-0800][56150356ms] GC(3371)   Other: 0.4ms
[2023-12-20T08:59:59.911-0800][56150356ms] GC(3371) Eden regions: 753->0(753)
[2023-12-20T08:59:59.911-0800][56150356ms] GC(3371) Survivor regions: 30->30(98)
[2023-12-20T08:59:59.911-0800][56150356ms] GC(3371) Old regions: 187->187
[2023-12-20T08:59:59.911-0800][56150356ms] GC(3371) Humongous regions: 5->5
[2023-12-20T08:59:59.911-0800][56150356ms] GC(3371) Metaspace: 256571K->256571K(1294336K)
[2023-12-20T08:59:59.911-0800][56150356ms] GC(3371) Pause Young (Normal) (G1 Evacuation Pause) 1948M->443M(2612M) 28.489ms
[2023-12-20T08:59:59.911-0800][56150356ms] GC(3371) User=0.05s Sys=0.00s Real=0.03s
[2023-12-20T09:00:00.729-0800][56151174ms] GC(3372) Pause Young (Normal) (G1 Evacuation Pause)
[2023-12-20T09:00:00.729-0800][56151174ms] GC(3372) Using 10 workers of 10 for evacuation
[2023-12-20T09:00:00.757-0800][56151203ms] GC(3372)   Pre Evacuate Collection Set: 0.0ms
[2023-12-20T09:00:00.758-0800][56151203ms] GC(3372)   Evacuate Collection Set: 24.9ms
[2023-12-20T09:00:00.758-0800][56151203ms] GC(3372)   Post Evacuate Collection Set: 2.7ms
[2023-12-20T09:00:00.758-0800][56151203ms] GC(3372)   Other: 0.3ms
[2023-12-20T09:00:00.758-0800][56151203ms] GC(3372) Eden regions: 753->0(753)
[2023-12-20T09:00:00.758-0800][56151203ms] GC(3372) Survivor regions: 30->30(98)
[2023-12-20T09:00:00.758-0800][56151203ms] GC(3372) Old regions: 187->187
[2023-12-20T09:00:00.758-0800][56151203ms] GC(3372) Humongous regions: 5->5
[2023-12-20T09:00:00.758-0800][56151203ms] GC(3372) Metaspace: 256571K->256571K(1294336K)
[2023-12-20T09:00:00.758-0800][56151203ms] GC(3372) Pause Young (Normal) (G1 Evacuation Pause) 1949M->443M(2612M) 28.115ms
[2023-12-20T09:00:00.758-0800][56151203ms] GC(3372) User=0.09s Sys=0.00s Real=0.03s
[2023-12-20T09:00:01.688-0800][56152133ms] GC(3373) Pause Young (Normal) (G1 Evacuation Pause)
[2023-12-20T09:00:01.688-0800][56152133ms] GC(3373) Using 10 workers of 10 for evacuation
[2023-12-20T09:00:01.715-0800][56152160ms] GC(3373)   Pre Evacuate Collection Set: 0.0ms
[2023-12-20T09:00:01.715-0800][56152160ms] GC(3373)   Evacuate Collection Set: 25.1ms
[2023-12-20T09:00:01.715-0800][56152160ms] GC(3373)   Post Evacuate Collection Set: 2.4ms
[2023-12-20T09:00:01.715-0800][56152160ms] GC(3373)   Other: 0.4ms
[2023-12-20T09:00:01.715-0800][56152160ms] GC(3373) Eden regions: 753->0(754)
[2023-12-20T09:00:01.715-0800][56152160ms] GC(3373) Survivor regions: 30->29(98)
[2023-12-20T09:00:01.715-0800][56152160ms] GC(3373) Old regions: 187->187
[2023-12-20T09:00:01.715-0800][56152160ms] GC(3373) Humongous regions: 5->5
[2023-12-20T09:00:01.715-0800][56152160ms] GC(3373) Metaspace: 256571K->256571K(1294336K)
[2023-12-20T09:00:01.715-0800][56152160ms] GC(3373) Pause Young (Normal) (G1 Evacuation Pause) 1949M->441M(2612M) 27.934ms
[2023-12-20T09:00:01.715-0800][56152160ms] GC(3373) User=0.11s Sys=0.00s Real=0.03s
[2023-12-20T09:00:02.621-0800][56153066ms] GC(3374) Pause Young (Normal) (GCLocker Initiated GC)
[2023-12-20T09:00:02.621-0800][56153066ms] GC(3374) Using 10 workers of 10 for evacuation
[2023-12-20T09:00:02.649-0800][56153094ms] GC(3374)   Pre Evacuate Collection Set: 0.0ms
[2023-12-20T09:00:02.649-0800][56153094ms] GC(3374)   Evacuate Collection Set: 25.3ms
[2023-12-20T09:00:02.649-0800][56153094ms] GC(3374)   Post Evacuate Collection Set: 2.4ms
[2023-12-20T09:00:02.649-0800][56153094ms] GC(3374)   Other: 0.4ms
[2023-12-20T09:00:02.649-0800][56153094ms] GC(3374) Eden regions: 755->0(753)
[2023-12-20T09:00:02.649-0800][56153094ms] GC(3374) Survivor regions: 29->30(98)
[2023-12-20T09:00:02.649-0800][56153094ms] GC(3374) Old regions: 187->187
[2023-12-20T09:00:02.649-0800][56153094ms] GC(3374) Humongous regions: 5->5
[2023-12-20T09:00:02.649-0800][56153094ms] GC(3374) Metaspace: 256571K->256571K(1294336K)
[2023-12-20T09:00:02.649-0800][56153094ms] GC(3374) Pause Young (Normal) (GCLocker Initiated GC) 1950M->443M(2612M) 28.227ms
[2023-12-20T09:00:02.649-0800][56153094ms] GC(3374) User=0.11s Sys=0.00s Real=0.03s
[2023-12-20T09:00:03.574-0800][56154019ms] GC(3375) Pause Young (Normal) (G1 Evacuation Pause)
[2023-12-20T09:00:03.574-0800][56154019ms] GC(3375) Using 10 workers of 10 for evacuation
[2023-12-20T09:00:03.602-0800][56154047ms] GC(3375)   Pre Evacuate Collection Set: 0.0ms
[2023-12-20T09:00:03.602-0800][56154047ms] GC(3375)   Evacuate Collection Set: 24.9ms
[2023-12-20T09:00:03.602-0800][56154047ms] GC(3375)   Post Evacuate Collection Set: 2.4ms
[2023-12-20T09:00:03.602-0800][56154047ms] GC(3375)   Other: 0.4ms
[2023-12-20T09:00:03.602-0800][56154047ms] GC(3375) Eden regions: 753->0(753)
[2023-12-20T09:00:03.602-0800][56154047ms] GC(3375) Survivor regions: 30->30(98)
[2023-12-20T09:00:03.602-0800][56154047ms] GC(3375) Old regions: 187->187
[2023-12-20T09:00:03.602-0800][56154047ms] GC(3375) Humongous regions: 5->5
[2023-12-20T09:00:03.602-0800][56154047ms] GC(3375) Metaspace: 256571K->256571K(1294336K)
[2023-12-20T09:00:03.602-0800][56154047ms] GC(3375) Pause Young (Normal) (G1 Evacuation Pause) 1949M->443M(2612M) 28.023ms
[2023-12-20T09:00:03.602-0800][56154047ms] GC(3375) User=0.08s Sys=0.00s Real=0.03s
[2023-12-20T09:00:04.583-0800][56155028ms] GC(3376) Pause Young (Normal) (G1 Evacuation Pause)
[2023-12-20T09:00:04.583-0800][56155028ms] GC(3376) Using 10 workers of 10 for evacuation
[2023-12-20T09:00:04.613-0800][56155058ms] GC(3376)   Pre Evacuate Collection Set: 0.0ms
[2023-12-20T09:00:04.613-0800][56155058ms] GC(3376)   Evacuate Collection Set: 27.0ms
[2023-12-20T09:00:04.613-0800][56155058ms] GC(3376)   Post Evacuate Collection Set: 2.5ms
[2023-12-20T09:00:04.613-0800][56155058ms] GC(3376)   Other: 0.4ms
[2023-12-20T09:00:04.613-0800][56155058ms] GC(3376) Eden regions: 753->0(753)
[2023-12-20T09:00:04.613-0800][56155058ms] GC(3376) Survivor regions: 30->30(98)
[2023-12-20T09:00:04.613-0800][56155058ms] GC(3376) Old regions: 187->187
[2023-12-20T09:00:04.613-0800][56155058ms] GC(3376) Humongous regions: 5->5
[2023-12-20T09:00:04.613-0800][56155058ms] GC(3376) Metaspace: 256571K->256571K(1294336K)
[2023-12-20T09:00:04.613-0800][56155058ms] GC(3376) Pause Young (Normal) (G1 Evacuation Pause) 1949M->443M(2612M) 29.994ms
[2023-12-20T09:00:04.613-0800][56155058ms] GC(3376) User=0.13s Sys=0.00s Real=0.03s
[2023-12-20T09:00:05.488-0800][56155933ms] GC(3377) Pause Young (Normal) (G1 Evacuation Pause)
[2023-12-20T09:00:05.488-0800][56155933ms] GC(3377) Using 10 workers of 10 for evacuation
[2023-12-20T09:00:05.516-0800][56155961ms] GC(3377)   Pre Evacuate Collection Set: 0.0ms
[2023-12-20T09:00:05.516-0800][56155961ms] GC(3377)   Evacuate Collection Set: 25.0ms
[2023-12-20T09:00:05.516-0800][56155961ms] GC(3377)   Post Evacuate Collection Set: 2.4ms
[2023-12-20T09:00:05.516-0800][56155961ms] GC(3377)   Other: 0.4ms
[2023-12-20T09:00:05.516-0800][56155961ms] GC(3377) Eden regions: 753->0(753)
[2023-12-20T09:00:05.516-0800][56155961ms] GC(3377) Survivor regions: 30->30(98)
[2023-12-20T09:00:05.516-0800][56155961ms] GC(3377) Old regions: 187->187
[2023-12-20T09:00:05.516-0800][56155961ms] GC(3377) Humongous regions: 5->5
[2023-12-20T09:00:05.516-0800][56155961ms] GC(3377) Metaspace: 256571K->256571K(1294336K)
[2023-12-20T09:00:05.516-0800][56155961ms] GC(3377) Pause Young (Normal) (G1 Evacuation Pause) 1949M->443M(2612M) 27.893ms
[2023-12-20T09:00:05.516-0800][56155961ms] GC(3377) User=0.13s Sys=0.00s Real=0.03s
[2023-12-20T09:00:06.408-0800][56156853ms] GC(3378) Pause Young (Normal) (G1 Evacuation Pause)
[2023-12-20T09:00:06.408-0800][56156853ms] GC(3378) Using 10 workers of 10 for evacuation
[2023-12-20T09:00:06.435-0800][56156880ms] GC(3378)   Pre Evacuate Collection Set: 0.0ms
[2023-12-20T09:00:06.435-0800][56156880ms] GC(3378)   Evacuate Collection Set: 24.7ms
[2023-12-20T09:00:06.435-0800][56156880ms] GC(3378)   Post Evacuate Collection Set: 2.4ms
[2023-12-20T09:00:06.435-0800][56156880ms] GC(3378)   Other: 0.4ms
[2023-12-20T09:00:06.435-0800][56156880ms] GC(3378) Eden regions: 753->0(753)
[2023-12-20T09:00:06.435-0800][56156880ms] GC(3378) Survivor regions: 30->30(98)
[2023-12-20T09:00:06.435-0800][56156880ms] GC(3378) Old regions: 187->187
[2023-12-20T09:00:06.435-0800][56156880ms] GC(3378) Humongous regions: 5->5
[2023-12-20T09:00:06.435-0800][56156880ms] GC(3378) Metaspace: 256571K->256571K(1294336K)
[2023-12-20T09:00:06.435-0800][56156880ms] GC(3378) Pause Young (Normal) (G1 Evacuation Pause) 1949M->442M(2612M) 27.652ms
[2023-12-20T09:00:06.435-0800][56156880ms] GC(3378) User=0.13s Sys=0.00s Real=0.03s
[2023-12-20T09:00:07.218-0800][56157663ms] GC(3379) Pause Young (Normal) (G1 Evacuation Pause)
[2023-12-20T09:00:07.218-0800][56157663ms] GC(3379) Using 10 workers of 10 for evacuation
[2023-12-20T09:00:07.246-0800][56157691ms] GC(3379)   Pre Evacuate Collection Set: 0.0ms
[2023-12-20T09:00:07.246-0800][56157691ms] GC(3379)   Evacuate Collection Set: 24.8ms
[2023-12-20T09:00:07.246-0800][56157691ms] GC(3379)   Post Evacuate Collection Set: 2.5ms
[2023-12-20T09:00:07.246-0800][56157691ms] GC(3379)   Other: 0.4ms
[2023-12-20T09:00:07.246-0800][56157691ms] GC(3379) Eden regions: 753->0(753)
[2023-12-20T09:00:07.246-0800][56157691ms] GC(3379) Survivor regions: 30->30(98)
[2023-12-20T09:00:07.246-0800][56157691ms] GC(3379) Old regions: 187->187
[2023-12-20T09:00:07.246-0800][56157691ms] GC(3379) Humongous regions: 5->5
[2023-12-20T09:00:07.246-0800][56157691ms] GC(3379) Metaspace: 256571K->256571K(1294336K)
[2023-12-20T09:00:07.246-0800][56157691ms] GC(3379) Pause Young (Normal) (G1 Evacuation Pause) 1948M->443M(2612M) 27.831ms
[2023-12-20T09:00:07.246-0800][56157691ms] GC(3379) User=0.13s Sys=0.00s Real=0.03s
[2023-12-20T09:00:08.068-0800][56158513ms] GC(3380) Pause Young (Normal) (G1 Evacuation Pause)
[2023-12-20T09:00:08.068-0800][56158513ms] GC(3380) Using 10 workers of 10 for evacuation
[2023-12-20T09:00:08.096-0800][56158541ms] GC(3380)   Pre Evacuate Collection Set: 0.0ms
[2023-12-20T09:00:08.096-0800][56158541ms] GC(3380)   Evacuate Collection Set: 24.8ms
[2023-12-20T09:00:08.096-0800][56158541ms] GC(3380)   Post Evacuate Collection Set: 2.4ms
[2023-12-20T09:00:08.096-0800][56158541ms] GC(3380)   Other: 0.4ms
[2023-12-20T09:00:08.096-0800][56158541ms] GC(3380) Eden regions: 753->0(753)
[2023-12-20T09:00:08.096-0800][56158541ms] GC(3380) Survivor regions: 30->30(98)
[2023-12-20T09:00:08.096-0800][56158541ms] GC(3380) Old regions: 187->187
[2023-12-20T09:00:08.096-0800][56158541ms] GC(3380) Humongous regions: 5->5
[2023-12-20T09:00:08.096-0800][56158541ms] GC(3380) Metaspace: 256571K->256571K(1294336K)
[2023-12-20T09:00:08.096-0800][56158541ms] GC(3380) Pause Young (Normal) (G1 Evacuation Pause) 1949M->443M(2612M) 27.662ms
[2023-12-20T09:00:08.096-0800][56158541ms] GC(3380) User=0.23s Sys=0.00s Real=0.03s
[2023-12-20T09:00:08.954-0800][56159399ms] GC(3381) Pause Young (Normal) (G1 Evacuation Pause)
[2023-12-20T09:00:08.954-0800][56159399ms] GC(3381) Using 10 workers of 10 for evacuation
[2023-12-20T09:00:08.982-0800][56159427ms] GC(3381)   Pre Evacuate Collection Set: 0.0ms
[2023-12-20T09:00:08.982-0800][56159427ms] GC(3381)   Evacuate Collection Set: 24.8ms
[2023-12-20T09:00:08.982-0800][56159427ms] GC(3381)   Post Evacuate Collection Set: 2.5ms
[2023-12-20T09:00:08.982-0800][56159427ms] GC(3381)   Other: 0.5ms
[2023-12-20T09:00:08.982-0800][56159427ms] GC(3381) Eden regions: 753->0(753)
[2023-12-20T09:00:08.982-0800][56159427ms] GC(3381) Survivor regions: 30->30(98)
[2023-12-20T09:00:08.982-0800][56159427ms] GC(3381) Old regions: 187->187
[2023-12-20T09:00:08.982-0800][56159427ms] GC(3381) Humongous regions: 5->5
[2023-12-20T09:00:08.982-0800][56159427ms] GC(3381) Metaspace: 256571K->256571K(1294336K)
[2023-12-20T09:00:08.982-0800][56159427ms] GC(3381) Pause Young (Normal) (G1 Evacuation Pause) 1949M->442M(2612M) 27.943ms
[2023-12-20T09:00:08.982-0800][56159427ms] GC(3381) User=0.08s Sys=0.00s Real=0.03s
[2023-12-20T09:00:09.815-0800][56160260ms] GC(3382) Pause Young (Normal) (G1 Evacuation Pause)
[2023-12-20T09:00:09.815-0800][56160260ms] GC(3382) Using 10 workers of 10 for evacuation
[2023-12-20T09:00:09.843-0800][56160288ms] GC(3382)   Pre Evacuate Collection Set: 0.0ms
[2023-12-20T09:00:09.843-0800][56160288ms] GC(3382)   Evacuate Collection Set: 24.5ms
[2023-12-20T09:00:09.843-0800][56160288ms] GC(3382)   Post Evacuate Collection Set: 2.4ms
[2023-12-20T09:00:09.843-0800][56160288ms] GC(3382)   Other: 0.3ms
[2023-12-20T09:00:09.843-0800][56160288ms] GC(3382) Eden regions: 753->0(753)
[2023-12-20T09:00:09.843-0800][56160288ms] GC(3382) Survivor regions: 30->30(98)
[2023-12-20T09:00:09.843-0800][56160288ms] GC(3382) Old regions: 187->187
[2023-12-20T09:00:09.843-0800][56160288ms] GC(3382) Humongous regions: 5->5
[2023-12-20T09:00:09.843-0800][56160288ms] GC(3382) Metaspace: 256571K->256571K(1294336K)
[2023-12-20T09:00:09.843-0800][56160288ms] GC(3382) Pause Young (Normal) (G1 Evacuation Pause) 1948M->442M(2612M) 27.424ms
[2023-12-20T09:00:09.843-0800][56160288ms] GC(3382) User=0.06s Sys=0.00s Real=0.03s
[2023-12-20T09:00:10.719-0800][56161164ms] GC(3383) Pause Young (Normal) (G1 Evacuation Pause)
[2023-12-20T09:00:10.719-0800][56161164ms] GC(3383) Using 10 workers of 10 for evacuation
[2023-12-20T09:00:10.747-0800][56161192ms] GC(3383)   Pre Evacuate Collection Set: 0.0ms
[2023-12-20T09:00:10.747-0800][56161192ms] GC(3383)   Evacuate Collection Set: 24.4ms
[2023-12-20T09:00:10.747-0800][56161192ms] GC(3383)   Post Evacuate Collection Set: 2.5ms
[2023-12-20T09:00:10.747-0800][56161192ms] GC(3383)   Other: 0.4ms
[2023-12-20T09:00:10.747-0800][56161192ms] GC(3383) Eden regions: 753->0(753)
[2023-12-20T09:00:10.747-0800][56161192ms] GC(3383) Survivor regions: 30->30(98)
[2023-12-20T09:00:10.747-0800][56161192ms] GC(3383) Old regions: 187->187
[2023-12-20T09:00:10.747-0800][56161192ms] GC(3383) Humongous regions: 5->5
[2023-12-20T09:00:10.747-0800][56161192ms] GC(3383) Metaspace: 256571K->256571K(1294336K)
[2023-12-20T09:00:10.747-0800][56161192ms] GC(3383) Pause Young (Normal) (G1 Evacuation Pause) 1948M->443M(2612M) 27.481ms
[2023-12-20T09:00:10.747-0800][56161192ms] GC(3383) User=0.13s Sys=0.00s Real=0.03s
[2023-12-20T09:00:11.635-0800][56162080ms] GC(3384) Pause Young (Normal) (G1 Evacuation Pause)
[2023-12-20T09:00:11.635-0800][56162080ms] GC(3384) Using 10 workers of 10 for evacuation
[2023-12-20T09:00:11.663-0800][56162108ms] GC(3384)   Pre Evacuate Collection Set: 0.0ms
[2023-12-20T09:00:11.663-0800][56162108ms] GC(3384)   Evacuate Collection Set: 24.7ms
[2023-12-20T09:00:11.663-0800][56162108ms] GC(3384)   Post Evacuate Collection Set: 2.4ms
[2023-12-20T09:00:11.663-0800][56162108ms] GC(3384)   Other: 0.4ms
[2023-12-20T09:00:11.663-0800][56162108ms] GC(3384) Eden regions: 753->0(753)
[2023-12-20T09:00:11.663-0800][56162108ms] GC(3384) Survivor regions: 30->30(98)
[2023-12-20T09:00:11.663-0800][56162108ms] GC(3384) Old regions: 187->187
[2023-12-20T09:00:11.663-0800][56162108ms] GC(3384) Humongous regions: 5->5
[2023-12-20T09:00:11.663-0800][56162108ms] GC(3384) Metaspace: 256571K->256571K(1294336K)
[2023-12-20T09:00:11.663-0800][56162108ms] GC(3384) Pause Young (Normal) (G1 Evacuation Pause) 1949M->443M(2612M) 27.520ms
[2023-12-20T09:00:11.663-0800][56162108ms] GC(3384) User=0.06s Sys=0.00s Real=0.03s
[2023-12-20T09:00:12.512-0800][56162957ms] GC(3385) Pause Young (Normal) (G1 Evacuation Pause)
[2023-12-20T09:00:12.512-0800][56162957ms] GC(3385) Using 10 workers of 10 for evacuation
[2023-12-20T09:00:12.539-0800][56162984ms] GC(3385)   Pre Evacuate Collection Set: 0.1ms
[2023-12-20T09:00:12.539-0800][56162984ms] GC(3385)   Evacuate Collection Set: 25.0ms
[2023-12-20T09:00:12.539-0800][56162984ms] GC(3385)   Post Evacuate Collection Set: 2.3ms
[2023-12-20T09:00:12.539-0800][56162984ms] GC(3385)   Other: 0.4ms
[2023-12-20T09:00:12.539-0800][56162984ms] GC(3385) Eden regions: 753->0(753)
[2023-12-20T09:00:12.539-0800][56162984ms] GC(3385) Survivor regions: 30->30(98)
[2023-12-20T09:00:12.539-0800][56162984ms] GC(3385) Old regions: 187->187
[2023-12-20T09:00:12.539-0800][56162984ms] GC(3385) Humongous regions: 5->5
[2023-12-20T09:00:12.539-0800][56162984ms] GC(3385) Metaspace: 256571K->256571K(1294336K)
[2023-12-20T09:00:12.539-0800][56162984ms] GC(3385) Pause Young (Normal) (G1 Evacuation Pause) 1949M->442M(2612M) 27.851ms
[2023-12-20T09:00:12.539-0800][56162984ms] GC(3385) User=0.14s Sys=0.00s Real=0.03s
[2023-12-20T09:00:13.415-0800][56163860ms] GC(3386) Pause Young (Normal) (G1 Evacuation Pause)
[2023-12-20T09:00:13.415-0800][56163860ms] GC(3386) Using 10 workers of 10 for evacuation
[2023-12-20T09:00:13.442-0800][56163887ms] GC(3386)   Pre Evacuate Collection Set: 0.0ms
[2023-12-20T09:00:13.442-0800][56163887ms] GC(3386)   Evacuate Collection Set: 25.4ms
[2023-12-20T09:00:13.442-0800][56163887ms] GC(3386)   Post Evacuate Collection Set: 2.3ms
[2023-12-20T09:00:13.443-0800][56163888ms] GC(3386)   Other: 0.4ms
[2023-12-20T09:00:13.443-0800][56163888ms] GC(3386) Eden regions: 753->0(753)
[2023-12-20T09:00:13.443-0800][56163888ms] GC(3386) Survivor regions: 30->30(98)
[2023-12-20T09:00:13.443-0800][56163888ms] GC(3386) Old regions: 187->187
[2023-12-20T09:00:13.443-0800][56163888ms] GC(3386) Humongous regions: 5->5
[2023-12-20T09:00:13.443-0800][56163888ms] GC(3386) Metaspace: 256571K->256571K(1294336K)
[2023-12-20T09:00:13.443-0800][56163888ms] GC(3386) Pause Young (Normal) (G1 Evacuation Pause) 1948M->443M(2612M) 28.239ms
[2023-12-20T09:00:13.443-0800][56163888ms] GC(3386) User=0.13s Sys=0.00s Real=0.03s
[2023-12-20T09:00:14.286-0800][56164731ms] GC(3387) Pause Young (Normal) (G1 Evacuation Pause)
[2023-12-20T09:00:14.286-0800][56164731ms] GC(3387) Using 10 workers of 10 for evacuation
[2023-12-20T09:00:14.314-0800][56164759ms] GC(3387)   Pre Evacuate Collection Set: 0.0ms
[2023-12-20T09:00:14.314-0800][56164759ms] GC(3387)   Evacuate Collection Set: 25.2ms
[2023-12-20T09:00:14.314-0800][56164759ms] GC(3387)   Post Evacuate Collection Set: 2.5ms
[2023-12-20T09:00:14.314-0800][56164759ms] GC(3387)   Other: 0.4ms
[2023-12-20T09:00:14.314-0800][56164759ms] GC(3387) Eden regions: 753->0(753)
[2023-12-20T09:00:14.314-0800][56164759ms] GC(3387) Survivor regions: 30->30(98)
[2023-12-20T09:00:14.314-0800][56164759ms] GC(3387) Old regions: 187->187
[2023-12-20T09:00:14.314-0800][56164759ms] GC(3387) Humongous regions: 5->5
[2023-12-20T09:00:14.314-0800][56164759ms] GC(3387) Metaspace: 256571K->256571K(1294336K)
[2023-12-20T09:00:14.314-0800][56164759ms] GC(3387) Pause Young (Normal) (G1 Evacuation Pause) 1949M->442M(2612M) 28.209ms
[2023-12-20T09:00:14.314-0800][56164759ms] GC(3387) User=0.16s Sys=0.00s Real=0.03s
[2023-12-20T09:00:15.143-0800][56165588ms] GC(3388) Pause Young (Normal) (G1 Evacuation Pause)
[2023-12-20T09:00:15.143-0800][56165588ms] GC(3388) Using 10 workers of 10 for evacuation
[2023-12-20T09:00:15.171-0800][56165616ms] GC(3388)   Pre Evacuate Collection Set: 0.0ms
[2023-12-20T09:00:15.171-0800][56165616ms] GC(3388)   Evacuate Collection Set: 25.3ms
[2023-12-20T09:00:15.171-0800][56165616ms] GC(3388)   Post Evacuate Collection Set: 2.5ms
[2023-12-20T09:00:15.171-0800][56165616ms] GC(3388)   Other: 0.4ms
[2023-12-20T09:00:15.171-0800][56165616ms] GC(3388) Eden regions: 753->0(753)
[2023-12-20T09:00:15.171-0800][56165616ms] GC(3388) Survivor regions: 30->30(98)
[2023-12-20T09:00:15.171-0800][56165616ms] GC(3388) Old regions: 187->187
[2023-12-20T09:00:15.171-0800][56165616ms] GC(3388) Humongous regions: 5->5
[2023-12-20T09:00:15.171-0800][56165616ms] GC(3388) Metaspace: 256571K->256571K(1294336K)
[2023-12-20T09:00:15.171-0800][56165616ms] GC(3388) Pause Young (Normal) (G1 Evacuation Pause) 1948M->442M(2612M) 28.223ms
[2023-12-20T09:00:15.171-0800][56165616ms] GC(3388) User=0.16s Sys=0.00s Real=0.03s
[2023-12-20T09:00:16.016-0800][56166461ms] GC(3389) Pause Young (Normal) (G1 Evacuation Pause)
[2023-12-20T09:00:16.016-0800][56166461ms] GC(3389) Using 10 workers of 10 for evacuation
[2023-12-20T09:00:16.043-0800][56166488ms] GC(3389)   Pre Evacuate Collection Set: 0.0ms
[2023-12-20T09:00:16.043-0800][56166488ms] GC(3389)   Evacuate Collection Set: 24.4ms
[2023-12-20T09:00:16.043-0800][56166488ms] GC(3389)   Post Evacuate Collection Set: 2.3ms
[2023-12-20T09:00:16.043-0800][56166488ms] GC(3389)   Other: 0.4ms
[2023-12-20T09:00:16.043-0800][56166488ms] GC(3389) Eden regions: 753->0(753)
[2023-12-20T09:00:16.043-0800][56166488ms] GC(3389) Survivor regions: 30->30(98)
[2023-12-20T09:00:16.043-0800][56166488ms] GC(3389) Old regions: 187->187
[2023-12-20T09:00:16.043-0800][56166488ms] GC(3389) Humongous regions: 5->5
[2023-12-20T09:00:16.043-0800][56166488ms] GC(3389) Metaspace: 256571K->256571K(1294336K)
[2023-12-20T09:00:16.043-0800][56166488ms] GC(3389) Pause Young (Normal) (G1 Evacuation Pause) 1948M->442M(2612M) 27.303ms
[2023-12-20T09:00:16.043-0800][56166488ms] GC(3389) User=0.16s Sys=0.00s Real=0.03s
[2023-12-20T09:00:16.939-0800][56167384ms] GC(3390) Pause Young (Normal) (G1 Evacuation Pause)
[2023-12-20T09:00:16.939-0800][56167384ms] GC(3390) Using 10 workers of 10 for evacuation
[2023-12-20T09:00:16.967-0800][56167412ms] GC(3390)   Pre Evacuate Collection Set: 0.0ms
[2023-12-20T09:00:16.967-0800][56167412ms] GC(3390)   Evacuate Collection Set: 24.8ms
[2023-12-20T09:00:16.967-0800][56167412ms] GC(3390)   Post Evacuate Collection Set: 2.6ms
[2023-12-20T09:00:16.967-0800][56167412ms] GC(3390)   Other: 0.3ms
[2023-12-20T09:00:16.967-0800][56167412ms] GC(3390) Eden regions: 753->0(753)
[2023-12-20T09:00:16.967-0800][56167412ms] GC(3390) Survivor regions: 30->30(98)
[2023-12-20T09:00:16.967-0800][56167412ms] GC(3390) Old regions: 187->187
[2023-12-20T09:00:16.967-0800][56167412ms] GC(3390) Humongous regions: 5->5
[2023-12-20T09:00:16.967-0800][56167412ms] GC(3390) Metaspace: 256571K->256571K(1294336K)
[2023-12-20T09:00:16.967-0800][56167412ms] GC(3390) Pause Young (Normal) (G1 Evacuation Pause) 1948M->443M(2612M) 27.988ms
[2023-12-20T09:00:16.967-0800][56167412ms] GC(3390) User=0.08s Sys=0.00s Real=0.03s
[2023-12-20T09:00:17.774-0800][56168219ms] GC(3391) Pause Young (Normal) (G1 Evacuation Pause)
[2023-12-20T09:00:17.774-0800][56168219ms] GC(3391) Using 10 workers of 10 for evacuation
[2023-12-20T09:00:17.801-0800][56168246ms] GC(3391)   Pre Evacuate Collection Set: 0.0ms
[2023-12-20T09:00:17.801-0800][56168246ms] GC(3391)   Evacuate Collection Set: 24.9ms
[2023-12-20T09:00:17.801-0800][56168246ms] GC(3391)   Post Evacuate Collection Set: 2.4ms
[2023-12-20T09:00:17.801-0800][56168246ms] GC(3391)   Other: 0.4ms
[2023-12-20T09:00:17.801-0800][56168246ms] GC(3391) Eden regions: 753->0(753)
[2023-12-20T09:00:17.801-0800][56168246ms] GC(3391) Survivor regions: 30->30(98)
[2023-12-20T09:00:17.801-0800][56168246ms] GC(3391) Old regions: 187->187
[2023-12-20T09:00:17.801-0800][56168246ms] GC(3391) Humongous regions: 5->5
[2023-12-20T09:00:17.801-0800][56168246ms] GC(3391) Metaspace: 256571K->256571K(1294336K)
[2023-12-20T09:00:17.801-0800][56168246ms] GC(3391) Pause Young (Normal) (G1 Evacuation Pause) 1949M->442M(2612M) 27.827ms
[2023-12-20T09:00:17.801-0800][56168246ms] GC(3391) User=0.06s Sys=0.00s Real=0.03s
[2023-12-20T09:00:18.632-0800][56169077ms] GC(3392) Pause Young (Normal) (G1 Evacuation Pause)
[2023-12-20T09:00:18.632-0800][56169077ms] GC(3392) Using 10 workers of 10 for evacuation
[2023-12-20T09:00:18.659-0800][56169104ms] GC(3392)   Pre Evacuate Collection Set: 0.0ms
[2023-12-20T09:00:18.659-0800][56169104ms] GC(3392)   Evacuate Collection Set: 24.2ms
[2023-12-20T09:00:18.659-0800][56169104ms] GC(3392)   Post Evacuate Collection Set: 2.3ms
[2023-12-20T09:00:18.659-0800][56169104ms] GC(3392)   Other: 0.3ms
[2023-12-20T09:00:18.659-0800][56169104ms] GC(3392) Eden regions: 753->0(753)
[2023-12-20T09:00:18.659-0800][56169104ms] GC(3392) Survivor regions: 30->30(98)
[2023-12-20T09:00:18.659-0800][56169104ms] GC(3392) Old regions: 187->187
[2023-12-20T09:00:18.659-0800][56169104ms] GC(3392) Humongous regions: 5->5
[2023-12-20T09:00:18.659-0800][56169104ms] GC(3392) Metaspace: 256571K->256571K(1294336K)
[2023-12-20T09:00:18.659-0800][56169104ms] GC(3392) Pause Young (Normal) (G1 Evacuation Pause) 1948M->443M(2612M) 27.025ms
[2023-12-20T09:00:18.659-0800][56169104ms] GC(3392) User=0.09s Sys=0.00s Real=0.03s
[2023-12-20T09:00:19.505-0800][56169950ms] GC(3393) Pause Young (Normal) (G1 Evacuation Pause)
[2023-12-20T09:00:19.505-0800][56169950ms] GC(3393) Using 10 workers of 10 for evacuation
[2023-12-20T09:00:19.532-0800][56169977ms] GC(3393)   Pre Evacuate Collection Set: 0.0ms
[2023-12-20T09:00:19.532-0800][56169977ms] GC(3393)   Evacuate Collection Set: 24.5ms
[2023-12-20T09:00:19.532-0800][56169977ms] GC(3393)   Post Evacuate Collection Set: 2.4ms
[2023-12-20T09:00:19.532-0800][56169977ms] GC(3393)   Other: 0.4ms
[2023-12-20T09:00:19.532-0800][56169977ms] GC(3393) Eden regions: 753->0(752)
[2023-12-20T09:00:19.532-0800][56169977ms] GC(3393) Survivor regions: 30->31(98)
[2023-12-20T09:00:19.532-0800][56169977ms] GC(3393) Old regions: 187->187
[2023-12-20T09:00:19.532-0800][56169977ms] GC(3393) Humongous regions: 5->5
[2023-12-20T09:00:19.532-0800][56169977ms] GC(3393) Metaspace: 256571K->256571K(1294336K)
[2023-12-20T09:00:19.532-0800][56169977ms] GC(3393) Pause Young (Normal) (G1 Evacuation Pause) 1949M->444M(2612M) 27.484ms
[2023-12-20T09:00:19.532-0800][56169977ms] GC(3393) User=0.20s Sys=0.00s Real=0.03s
[2023-12-20T09:00:20.433-0800][56170878ms] GC(3394) Pause Young (Normal) (G1 Evacuation Pause)
[2023-12-20T09:00:20.433-0800][56170878ms] GC(3394) Using 10 workers of 10 for evacuation
[2023-12-20T09:00:20.460-0800][56170905ms] GC(3394)   Pre Evacuate Collection Set: 0.0ms
[2023-12-20T09:00:20.460-0800][56170905ms] GC(3394)   Evacuate Collection Set: 24.6ms
[2023-12-20T09:00:20.460-0800][56170905ms] GC(3394)   Post Evacuate Collection Set: 2.3ms
[2023-12-20T09:00:20.460-0800][56170905ms] GC(3394)   Other: 0.4ms
[2023-12-20T09:00:20.460-0800][56170905ms] GC(3394) Eden regions: 752->0(753)
[2023-12-20T09:00:20.460-0800][56170905ms] GC(3394) Survivor regions: 31->30(98)
[2023-12-20T09:00:20.460-0800][56170905ms] GC(3394) Old regions: 187->187
[2023-12-20T09:00:20.460-0800][56170905ms] GC(3394) Humongous regions: 5->5
[2023-12-20T09:00:20.460-0800][56170905ms] GC(3394) Metaspace: 256571K->256571K(1294336K)
[2023-12-20T09:00:20.460-0800][56170905ms] GC(3394) Pause Young (Normal) (G1 Evacuation Pause) 1948M->443M(2612M) 27.438ms
[2023-12-20T09:00:20.460-0800][56170905ms] GC(3394) User=0.06s Sys=0.00s Real=0.03s
[2023-12-20T09:00:21.290-0800][56171735ms] GC(3395) Pause Young (Normal) (G1 Evacuation Pause)
[2023-12-20T09:00:21.290-0800][56171735ms] GC(3395) Using 10 workers of 10 for evacuation
[2023-12-20T09:00:21.319-0800][56171764ms] GC(3395)   Pre Evacuate Collection Set: 0.0ms
[2023-12-20T09:00:21.319-0800][56171764ms] GC(3395)   Evacuate Collection Set: 25.2ms
[2023-12-20T09:00:21.319-0800][56171764ms] GC(3395)   Post Evacuate Collection Set: 2.5ms
[2023-12-20T09:00:21.319-0800][56171764ms] GC(3395)   Other: 0.4ms
[2023-12-20T09:00:21.319-0800][56171764ms] GC(3395) Eden regions: 753->0(752)
[2023-12-20T09:00:21.319-0800][56171764ms] GC(3395) Survivor regions: 30->31(98)
[2023-12-20T09:00:21.319-0800][56171764ms] GC(3395) Old regions: 187->187
[2023-12-20T09:00:21.319-0800][56171764ms] GC(3395) Humongous regions: 5->5
[2023-12-20T09:00:21.319-0800][56171764ms] GC(3395) Metaspace: 256571K->256571K(1294336K)
[2023-12-20T09:00:21.319-0800][56171764ms] GC(3395) Pause Young (Normal) (G1 Evacuation Pause) 1949M->444M(2612M) 28.262ms
[2023-12-20T09:00:21.319-0800][56171764ms] GC(3395) User=0.11s Sys=0.00s Real=0.03s
[2023-12-20T09:00:22.160-0800][56172605ms] GC(3396) Pause Young (Normal) (G1 Evacuation Pause)
[2023-12-20T09:00:22.160-0800][56172605ms] GC(3396) Using 10 workers of 10 for evacuation
[2023-12-20T09:00:22.187-0800][56172632ms] GC(3396)   Pre Evacuate Collection Set: 0.0ms
[2023-12-20T09:00:22.187-0800][56172632ms] GC(3396)   Evacuate Collection Set: 24.9ms
[2023-12-20T09:00:22.187-0800][56172632ms] GC(3396)   Post Evacuate Collection Set: 2.4ms
[2023-12-20T09:00:22.187-0800][56172632ms] GC(3396)   Other: 0.4ms
[2023-12-20T09:00:22.187-0800][56172632ms] GC(3396) Eden regions: 752->0(752)
[2023-12-20T09:00:22.187-0800][56172632ms] GC(3396) Survivor regions: 31->31(98)
[2023-12-20T09:00:22.187-0800][56172632ms] GC(3396) Old regions: 187->187
[2023-12-20T09:00:22.187-0800][56172632ms] GC(3396) Humongous regions: 5->5
[2023-12-20T09:00:22.187-0800][56172632ms] GC(3396) Metaspace: 256571K->256571K(1294336K)
[2023-12-20T09:00:22.187-0800][56172632ms] GC(3396) Pause Young (Normal) (G1 Evacuation Pause) 1948M->444M(2612M) 27.859ms
[2023-12-20T09:00:22.187-0800][56172632ms] GC(3396) User=0.14s Sys=0.00s Real=0.03s
[2023-12-20T09:00:22.905-0800][56173350ms] GC(3397) Pause Young (Normal) (G1 Evacuation Pause)
[2023-12-20T09:00:22.906-0800][56173351ms] GC(3397) Using 10 workers of 10 for evacuation
[2023-12-20T09:00:22.933-0800][56173378ms] GC(3397)   Pre Evacuate Collection Set: 0.0ms
[2023-12-20T09:00:22.933-0800][56173378ms] GC(3397)   Evacuate Collection Set: 24.4ms
[2023-12-20T09:00:22.933-0800][56173378ms] GC(3397)   Post Evacuate Collection Set: 2.4ms
[2023-12-20T09:00:22.933-0800][56173378ms] GC(3397)   Other: 0.4ms
[2023-12-20T09:00:22.933-0800][56173378ms] GC(3397) Eden regions: 752->0(752)
[2023-12-20T09:00:22.933-0800][56173378ms] GC(3397) Survivor regions: 31->31(98)
[2023-12-20T09:00:22.933-0800][56173378ms] GC(3397) Old regions: 187->187
[2023-12-20T09:00:22.933-0800][56173378ms] GC(3397) Humongous regions: 5->5
[2023-12-20T09:00:22.933-0800][56173378ms] GC(3397) Metaspace: 256571K->256571K(1294336K)
[2023-12-20T09:00:22.933-0800][56173378ms] GC(3397) Pause Young (Normal) (G1 Evacuation Pause) 1948M->445M(2612M) 27.367ms
[2023-12-20T09:00:22.933-0800][56173378ms] GC(3397) User=0.09s Sys=0.00s Real=0.03s
[2023-12-20T09:00:23.557-0800][56174002ms] GC(3398) Pause Young (Normal) (G1 Evacuation Pause)
[2023-12-20T09:00:23.557-0800][56174002ms] GC(3398) Using 10 workers of 10 for evacuation
[2023-12-20T09:00:23.584-0800][56174029ms] GC(3398)   Pre Evacuate Collection Set: 0.0ms
[2023-12-20T09:00:23.584-0800][56174029ms] GC(3398)   Evacuate Collection Set: 24.4ms
[2023-12-20T09:00:23.584-0800][56174029ms] GC(3398)   Post Evacuate Collection Set: 2.6ms
[2023-12-20T09:00:23.584-0800][56174029ms] GC(3398)   Other: 0.4ms
[2023-12-20T09:00:23.584-0800][56174029ms] GC(3398) Eden regions: 752->0(753)
[2023-12-20T09:00:23.584-0800][56174029ms] GC(3398) Survivor regions: 31->30(98)
[2023-12-20T09:00:23.584-0800][56174029ms] GC(3398) Old regions: 187->187
[2023-12-20T09:00:23.584-0800][56174029ms] GC(3398) Humongous regions: 5->5
[2023-12-20T09:00:23.584-0800][56174029ms] GC(3398) Metaspace: 256571K->256571K(1294336K)
[2023-12-20T09:00:23.584-0800][56174029ms] GC(3398) Pause Young (Normal) (G1 Evacuation Pause) 1949M->443M(2612M) 27.462ms
[2023-12-20T09:00:23.584-0800][56174029ms] GC(3398) User=0.08s Sys=0.00s Real=0.03s
[2023-12-20T09:00:24.194-0800][56174639ms] GC(3399) Pause Young (Normal) (G1 Evacuation Pause)
[2023-12-20T09:00:24.194-0800][56174639ms] GC(3399) Using 10 workers of 10 for evacuation
[2023-12-20T09:00:24.221-0800][56174666ms] GC(3399)   Pre Evacuate Collection Set: 0.0ms
[2023-12-20T09:00:24.221-0800][56174666ms] GC(3399)   Evacuate Collection Set: 23.6ms
[2023-12-20T09:00:24.221-0800][56174666ms] GC(3399)   Post Evacuate Collection Set: 2.5ms
[2023-12-20T09:00:24.221-0800][56174666ms] GC(3399)   Other: 0.4ms
[2023-12-20T09:00:24.221-0800][56174666ms] GC(3399) Eden regions: 753->0(753)
[2023-12-20T09:00:24.221-0800][56174666ms] GC(3399) Survivor regions: 30->30(98)
[2023-12-20T09:00:24.221-0800][56174666ms] GC(3399) Old regions: 187->187
[2023-12-20T09:00:24.221-0800][56174666ms] GC(3399) Humongous regions: 5->5
[2023-12-20T09:00:24.221-0800][56174666ms] GC(3399) Metaspace: 256571K->256571K(1294336K)
[2023-12-20T09:00:24.221-0800][56174666ms] GC(3399) Pause Young (Normal) (G1 Evacuation Pause) 1949M->443M(2612M) 26.673ms
[2023-12-20T09:00:24.221-0800][56174666ms] GC(3399) User=0.11s Sys=0.00s Real=0.03s
[2023-12-20T09:00:24.848-0800][56175293ms] GC(3400) Pause Young (Normal) (G1 Evacuation Pause)
[2023-12-20T09:00:24.848-0800][56175293ms] GC(3400) Using 10 workers of 10 for evacuation
[2023-12-20T09:00:24.875-0800][56175320ms] GC(3400)   Pre Evacuate Collection Set: 0.0ms
[2023-12-20T09:00:24.875-0800][56175320ms] GC(3400)   Evacuate Collection Set: 24.4ms
[2023-12-20T09:00:24.875-0800][56175320ms] GC(3400)   Post Evacuate Collection Set: 2.4ms
[2023-12-20T09:00:24.875-0800][56175320ms] GC(3400)   Other: 0.3ms
[2023-12-20T09:00:24.875-0800][56175320ms] GC(3400) Eden regions: 753->0(753)
[2023-12-20T09:00:24.875-0800][56175320ms] GC(3400) Survivor regions: 30->30(98)
[2023-12-20T09:00:24.875-0800][56175320ms] GC(3400) Old regions: 187->187
[2023-12-20T09:00:24.875-0800][56175320ms] GC(3400) Humongous regions: 5->5
[2023-12-20T09:00:24.875-0800][56175320ms] GC(3400) Metaspace: 256571K->256571K(1294336K)
[2023-12-20T09:00:24.875-0800][56175320ms] GC(3400) Pause Young (Normal) (G1 Evacuation Pause) 1949M->443M(2612M) 27.327ms
[2023-12-20T09:00:24.875-0800][56175320ms] GC(3400) User=0.08s Sys=0.00s Real=0.03s
[2023-12-20T09:00:25.603-0800][56176048ms] GC(3401) Pause Young (Normal) (G1 Evacuation Pause)
[2023-12-20T09:00:25.603-0800][56176048ms] GC(3401) Using 10 workers of 10 for evacuation
[2023-12-20T09:00:25.633-0800][56176078ms] GC(3401)   Pre Evacuate Collection Set: 0.1ms
[2023-12-20T09:00:25.633-0800][56176078ms] GC(3401)   Evacuate Collection Set: 27.8ms
[2023-12-20T09:00:25.633-0800][56176078ms] GC(3401)   Post Evacuate Collection Set: 2.4ms
[2023-12-20T09:00:25.633-0800][56176078ms] GC(3401)   Other: 0.4ms
[2023-12-20T09:00:25.633-0800][56176078ms] GC(3401) Eden regions: 753->0(752)
[2023-12-20T09:00:25.633-0800][56176078ms] GC(3401) Survivor regions: 30->31(98)
[2023-12-20T09:00:25.633-0800][56176078ms] GC(3401) Old regions: 187->187
[2023-12-20T09:00:25.633-0800][56176078ms] GC(3401) Humongous regions: 5->5
[2023-12-20T09:00:25.633-0800][56176078ms] GC(3401) Metaspace: 256571K->256571K(1294336K)
[2023-12-20T09:00:25.633-0800][56176078ms] GC(3401) Pause Young (Normal) (G1 Evacuation Pause) 1949M->444M(2612M) 30.758ms
[2023-12-20T09:00:25.633-0800][56176078ms] GC(3401) User=0.13s Sys=0.00s Real=0.03s
[2023-12-20T09:00:26.389-0800][56176834ms] GC(3402) Pause Young (Normal) (G1 Evacuation Pause)
[2023-12-20T09:00:26.389-0800][56176834ms] GC(3402) Using 10 workers of 10 for evacuation
[2023-12-20T09:00:26.421-0800][56176866ms] GC(3402)   Pre Evacuate Collection Set: 0.1ms
[2023-12-20T09:00:26.421-0800][56176866ms] GC(3402)   Evacuate Collection Set: 28.5ms
[2023-12-20T09:00:26.421-0800][56176866ms] GC(3402)   Post Evacuate Collection Set: 2.9ms
[2023-12-20T09:00:26.421-0800][56176866ms] GC(3402)   Other: 0.4ms
[2023-12-20T09:00:26.421-0800][56176866ms] GC(3402) Eden regions: 752->0(753)
[2023-12-20T09:00:26.421-0800][56176866ms] GC(3402) Survivor regions: 31->30(98)
[2023-12-20T09:00:26.421-0800][56176866ms] GC(3402) Old regions: 187->187
[2023-12-20T09:00:26.421-0800][56176866ms] GC(3402) Humongous regions: 5->5
[2023-12-20T09:00:26.421-0800][56176866ms] GC(3402) Metaspace: 256571K->256571K(1294336K)
[2023-12-20T09:00:26.421-0800][56176866ms] GC(3402) Pause Young (Normal) (G1 Evacuation Pause) 1948M->443M(2612M) 32.011ms
[2023-12-20T09:00:26.421-0800][56176866ms] GC(3402) User=0.13s Sys=0.00s Real=0.03s
[2023-12-20T09:00:27.220-0800][56177665ms] GC(3403) Pause Young (Normal) (G1 Evacuation Pause)
[2023-12-20T09:00:27.220-0800][56177665ms] GC(3403) Using 10 workers of 10 for evacuation
[2023-12-20T09:00:27.247-0800][56177692ms] GC(3403)   Pre Evacuate Collection Set: 0.0ms
[2023-12-20T09:00:27.247-0800][56177692ms] GC(3403)   Evacuate Collection Set: 24.2ms
[2023-12-20T09:00:27.247-0800][56177692ms] GC(3403)   Post Evacuate Collection Set: 2.5ms
[2023-12-20T09:00:27.247-0800][56177692ms] GC(3403)   Other: 0.5ms
[2023-12-20T09:00:27.247-0800][56177692ms] GC(3403) Eden regions: 753->0(752)
[2023-12-20T09:00:27.247-0800][56177692ms] GC(3403) Survivor regions: 30->31(98)
[2023-12-20T09:00:27.247-0800][56177692ms] GC(3403) Old regions: 187->187
[2023-12-20T09:00:27.247-0800][56177692ms] GC(3403) Humongous regions: 5->5
[2023-12-20T09:00:27.247-0800][56177692ms] GC(3403) Metaspace: 256571K->256571K(1294336K)
[2023-12-20T09:00:27.247-0800][56177692ms] GC(3403) Pause Young (Normal) (G1 Evacuation Pause) 1949M->445M(2612M) 27.307ms
[2023-12-20T09:00:27.247-0800][56177692ms] GC(3403) User=0.11s Sys=0.00s Real=0.03s
[2023-12-20T09:00:28.006-0800][56178451ms] GC(3404) Pause Young (Normal) (G1 Evacuation Pause)
[2023-12-20T09:00:28.006-0800][56178451ms] GC(3404) Using 10 workers of 10 for evacuation
[2023-12-20T09:00:28.033-0800][56178478ms] GC(3404)   Pre Evacuate Collection Set: 0.1ms
[2023-12-20T09:00:28.033-0800][56178478ms] GC(3404)   Evacuate Collection Set: 24.2ms
[2023-12-20T09:00:28.033-0800][56178478ms] GC(3404)   Post Evacuate Collection Set: 2.4ms
[2023-12-20T09:00:28.033-0800][56178478ms] GC(3404)   Other: 0.4ms
[2023-12-20T09:00:28.033-0800][56178478ms] GC(3404) Eden regions: 752->0(752)
[2023-12-20T09:00:28.033-0800][56178478ms] GC(3404) Survivor regions: 31->31(98)
[2023-12-20T09:00:28.033-0800][56178478ms] GC(3404) Old regions: 187->187
[2023-12-20T09:00:28.033-0800][56178478ms] GC(3404) Humongous regions: 5->5
[2023-12-20T09:00:28.033-0800][56178478ms] GC(3404) Metaspace: 256573K->256573K(1294336K)
[2023-12-20T09:00:28.033-0800][56178478ms] GC(3404) Pause Young (Normal) (G1 Evacuation Pause) 1949M->445M(2612M) 27.236ms
[2023-12-20T09:00:28.033-0800][56178478ms] GC(3404) User=0.06s Sys=0.00s Real=0.03s
[2023-12-20T09:00:28.904-0800][56179349ms] GC(3405) Pause Young (Normal) (G1 Evacuation Pause)
[2023-12-20T09:00:28.904-0800][56179349ms] GC(3405) Using 10 workers of 10 for evacuation
[2023-12-20T09:00:28.933-0800][56179378ms] GC(3405)   Pre Evacuate Collection Set: 0.0ms
[2023-12-20T09:00:28.933-0800][56179378ms] GC(3405)   Evacuate Collection Set: 24.7ms
[2023-12-20T09:00:28.933-0800][56179378ms] GC(3405)   Post Evacuate Collection Set: 2.9ms
[2023-12-20T09:00:28.933-0800][56179378ms] GC(3405)   Other: 0.3ms
[2023-12-20T09:00:28.933-0800][56179378ms] GC(3405) Eden regions: 752->0(753)
[2023-12-20T09:00:28.933-0800][56179378ms] GC(3405) Survivor regions: 31->30(98)
[2023-12-20T09:00:28.933-0800][56179378ms] GC(3405) Old regions: 187->187
[2023-12-20T09:00:28.933-0800][56179378ms] GC(3405) Humongous regions: 5->5
[2023-12-20T09:00:28.933-0800][56179378ms] GC(3405) Metaspace: 256573K->256573K(1294336K)
[2023-12-20T09:00:28.933-0800][56179378ms] GC(3405) Pause Young (Normal) (G1 Evacuation Pause) 1949M->443M(2612M) 28.103ms
[2023-12-20T09:00:28.933-0800][56179378ms] GC(3405) User=0.08s Sys=0.02s Real=0.03s
[2023-12-20T09:00:29.696-0800][56180141ms] GC(3406) Pause Young (Normal) (G1 Evacuation Pause)
[2023-12-20T09:00:29.696-0800][56180141ms] GC(3406) Using 10 workers of 10 for evacuation
[2023-12-20T09:00:29.721-0800][56180166ms] GC(3406)   Pre Evacuate Collection Set: 0.0ms
[2023-12-20T09:00:29.721-0800][56180166ms] GC(3406)   Evacuate Collection Set: 24.2ms
[2023-12-20T09:00:29.721-0800][56180166ms] GC(3406)   Post Evacuate Collection Set: 2.3ms
[2023-12-20T09:00:29.721-0800][56180166ms] GC(3406)   Other: 0.3ms
[2023-12-20T09:00:29.721-0800][56180166ms] GC(3406) Eden regions: 753->0(752)
[2023-12-20T09:00:29.721-0800][56180166ms] GC(3406) Survivor regions: 30->31(98)
[2023-12-20T09:00:29.721-0800][56180166ms] GC(3406) Old regions: 187->187
[2023-12-20T09:00:29.721-0800][56180166ms] GC(3406) Humongous regions: 5->5
[2023-12-20T09:00:29.721-0800][56180166ms] GC(3406) Metaspace: 256573K->256573K(1294336K)
[2023-12-20T09:00:29.721-0800][56180166ms] GC(3406) Pause Young (Normal) (G1 Evacuation Pause) 1949M->445M(2612M) 26.891ms
[2023-12-20T09:00:29.721-0800][56180166ms] GC(3406) User=0.06s Sys=0.00s Real=0.02s
[2023-12-20T09:00:30.557-0800][56181002ms] GC(3407) Pause Young (Normal) (G1 Evacuation Pause)
[2023-12-20T09:00:30.557-0800][56181002ms] GC(3407) Using 10 workers of 10 for evacuation
[2023-12-20T09:00:30.584-0800][56181029ms] GC(3407)   Pre Evacuate Collection Set: 0.0ms
[2023-12-20T09:00:30.584-0800][56181029ms] GC(3407)   Evacuate Collection Set: 24.1ms
[2023-12-20T09:00:30.584-0800][56181029ms] GC(3407)   Post Evacuate Collection Set: 2.2ms
[2023-12-20T09:00:30.584-0800][56181029ms] GC(3407)   Other: 0.4ms
[2023-12-20T09:00:30.584-0800][56181029ms] GC(3407) Eden regions: 752->0(752)
[2023-12-20T09:00:30.584-0800][56181029ms] GC(3407) Survivor regions: 31->31(98)
[2023-12-20T09:00:30.584-0800][56181029ms] GC(3407) Old regions: 187->187
[2023-12-20T09:00:30.584-0800][56181029ms] GC(3407) Humongous regions: 5->5
[2023-12-20T09:00:30.584-0800][56181029ms] GC(3407) Metaspace: 256573K->256573K(1294336K)
[2023-12-20T09:00:30.584-0800][56181029ms] GC(3407) Pause Young (Normal) (G1 Evacuation Pause) 1949M->445M(2612M) 26.823ms
[2023-12-20T09:00:30.584-0800][56181029ms] GC(3407) User=0.11s Sys=0.00s Real=0.03s
[2023-12-20T09:00:31.440-0800][56181885ms] GC(3408) Pause Young (Normal) (G1 Evacuation Pause)
[2023-12-20T09:00:31.440-0800][56181885ms] GC(3408) Using 10 workers of 10 for evacuation
[2023-12-20T09:00:31.467-0800][56181912ms] GC(3408)   Pre Evacuate Collection Set: 0.0ms
[2023-12-20T09:00:31.467-0800][56181912ms] GC(3408)   Evacuate Collection Set: 23.6ms
[2023-12-20T09:00:31.467-0800][56181912ms] GC(3408)   Post Evacuate Collection Set: 2.4ms
[2023-12-20T09:00:31.467-0800][56181912ms] GC(3408)   Other: 0.3ms
[2023-12-20T09:00:31.467-0800][56181912ms] GC(3408) Eden regions: 752->0(752)
[2023-12-20T09:00:31.467-0800][56181912ms] GC(3408) Survivor regions: 31->31(98)
[2023-12-20T09:00:31.467-0800][56181912ms] GC(3408) Old regions: 187->188
[2023-12-20T09:00:31.467-0800][56181912ms] GC(3408) Humongous regions: 5->5
[2023-12-20T09:00:31.467-0800][56181912ms] GC(3408) Metaspace: 256573K->256573K(1294336K)
[2023-12-20T09:00:31.467-0800][56181912ms] GC(3408) Pause Young (Normal) (G1 Evacuation Pause) 1949M->445M(2612M) 26.497ms
[2023-12-20T09:00:31.467-0800][56181912ms] GC(3408) User=0.06s Sys=0.00s Real=0.03s
[2023-12-20T09:00:32.097-0800][56182542ms] GC(3409) Pause Young (Normal) (G1 Evacuation Pause)
[2023-12-20T09:00:32.097-0800][56182542ms] GC(3409) Using 10 workers of 10 for evacuation
[2023-12-20T09:00:32.124-0800][56182569ms] GC(3409)   Pre Evacuate Collection Set: 0.0ms
[2023-12-20T09:00:32.124-0800][56182569ms] GC(3409)   Evacuate Collection Set: 23.9ms
[2023-12-20T09:00:32.124-0800][56182569ms] GC(3409)   Post Evacuate Collection Set: 2.4ms
[2023-12-20T09:00:32.124-0800][56182569ms] GC(3409)   Other: 0.4ms
[2023-12-20T09:00:32.124-0800][56182569ms] GC(3409) Eden regions: 752->0(753)
[2023-12-20T09:00:32.124-0800][56182569ms] GC(3409) Survivor regions: 31->30(98)
[2023-12-20T09:00:32.124-0800][56182569ms] GC(3409) Old regions: 188->188
[2023-12-20T09:00:32.124-0800][56182569ms] GC(3409) Humongous regions: 5->5
[2023-12-20T09:00:32.124-0800][56182569ms] GC(3409) Metaspace: 256573K->256573K(1294336K)
[2023-12-20T09:00:32.124-0800][56182569ms] GC(3409) Pause Young (Normal) (G1 Evacuation Pause) 1949M->444M(2612M) 26.839ms
[2023-12-20T09:00:32.124-0800][56182569ms] GC(3409) User=0.06s Sys=0.00s Real=0.03s
[2023-12-20T09:00:32.795-0800][56183240ms] GC(3410) Pause Young (Normal) (G1 Evacuation Pause)
[2023-12-20T09:00:32.795-0800][56183240ms] GC(3410) Using 10 workers of 10 for evacuation
[2023-12-20T09:00:32.821-0800][56183266ms] GC(3410)   Pre Evacuate Collection Set: 0.0ms
[2023-12-20T09:00:32.821-0800][56183266ms] GC(3410)   Evacuate Collection Set: 23.8ms
[2023-12-20T09:00:32.821-0800][56183266ms] GC(3410)   Post Evacuate Collection Set: 2.5ms
[2023-12-20T09:00:32.821-0800][56183266ms] GC(3410)   Other: 0.4ms
[2023-12-20T09:00:32.821-0800][56183266ms] GC(3410) Eden regions: 753->0(753)
[2023-12-20T09:00:32.821-0800][56183266ms] GC(3410) Survivor regions: 30->30(98)
[2023-12-20T09:00:32.821-0800][56183266ms] GC(3410) Old regions: 188->188
[2023-12-20T09:00:32.821-0800][56183266ms] GC(3410) Humongous regions: 5->5
[2023-12-20T09:00:32.821-0800][56183266ms] GC(3410) Metaspace: 256573K->256573K(1294336K)
[2023-12-20T09:00:32.821-0800][56183266ms] GC(3410) Pause Young (Normal) (G1 Evacuation Pause) 1950M->444M(2612M) 26.805ms
[2023-12-20T09:00:32.821-0800][56183266ms] GC(3410) User=0.06s Sys=0.00s Real=0.03s
[2023-12-20T09:00:33.412-0800][56183857ms] GC(3411) Pause Young (Normal) (G1 Evacuation Pause)
[2023-12-20T09:00:33.412-0800][56183857ms] GC(3411) Using 10 workers of 10 for evacuation
[2023-12-20T09:00:33.439-0800][56183884ms] GC(3411)   Pre Evacuate Collection Set: 0.0ms
[2023-12-20T09:00:33.439-0800][56183884ms] GC(3411)   Evacuate Collection Set: 23.8ms
[2023-12-20T09:00:33.439-0800][56183884ms] GC(3411)   Post Evacuate Collection Set: 2.5ms
[2023-12-20T09:00:33.439-0800][56183884ms] GC(3411)   Other: 0.3ms
[2023-12-20T09:00:33.439-0800][56183884ms] GC(3411) Eden regions: 753->0(753)
[2023-12-20T09:00:33.439-0800][56183884ms] GC(3411) Survivor regions: 30->30(98)
[2023-12-20T09:00:33.439-0800][56183884ms] GC(3411) Old regions: 188->188
[2023-12-20T09:00:33.439-0800][56183884ms] GC(3411) Humongous regions: 5->5
[2023-12-20T09:00:33.439-0800][56183884ms] GC(3411) Metaspace: 256573K->256573K(1294336K)
[2023-12-20T09:00:33.439-0800][56183884ms] GC(3411) Pause Young (Normal) (G1 Evacuation Pause) 1950M->444M(2612M) 26.894ms
[2023-12-20T09:00:33.439-0800][56183884ms] GC(3411) User=0.03s Sys=0.00s Real=0.03s
[2023-12-20T09:00:34.129-0800][56184574ms] GC(3412) Pause Young (Normal) (G1 Evacuation Pause)
[2023-12-20T09:00:34.129-0800][56184574ms] GC(3412) Using 10 workers of 10 for evacuation
[2023-12-20T09:00:34.156-0800][56184601ms] GC(3412)   Pre Evacuate Collection Set: 0.0ms
[2023-12-20T09:00:34.156-0800][56184601ms] GC(3412)   Evacuate Collection Set: 23.7ms
[2023-12-20T09:00:34.156-0800][56184601ms] GC(3412)   Post Evacuate Collection Set: 2.6ms
[2023-12-20T09:00:34.156-0800][56184601ms] GC(3412)   Other: 0.3ms
[2023-12-20T09:00:34.156-0800][56184601ms] GC(3412) Eden regions: 753->0(752)
[2023-12-20T09:00:34.156-0800][56184601ms] GC(3412) Survivor regions: 30->31(98)
[2023-12-20T09:00:34.156-0800][56184601ms] GC(3412) Old regions: 188->188
[2023-12-20T09:00:34.156-0800][56184601ms] GC(3412) Humongous regions: 5->5
[2023-12-20T09:00:34.156-0800][56184601ms] GC(3412) Metaspace: 256573K->256573K(1294336K)
[2023-12-20T09:00:34.156-0800][56184601ms] GC(3412) Pause Young (Normal) (G1 Evacuation Pause) 1950M->446M(2612M) 26.766ms
[2023-12-20T09:00:34.156-0800][56184601ms] GC(3412) User=0.16s Sys=0.00s Real=0.03s
[2023-12-20T09:00:34.905-0800][56185350ms] GC(3413) Pause Young (Normal) (G1 Evacuation Pause)
[2023-12-20T09:00:34.906-0800][56185351ms] GC(3413) Using 10 workers of 10 for evacuation
[2023-12-20T09:00:34.933-0800][56185378ms] GC(3413)   Pre Evacuate Collection Set: 0.0ms
[2023-12-20T09:00:34.933-0800][56185378ms] GC(3413)   Evacuate Collection Set: 24.4ms
[2023-12-20T09:00:34.933-0800][56185378ms] GC(3413)   Post Evacuate Collection Set: 2.5ms
[2023-12-20T09:00:34.933-0800][56185378ms] GC(3413)   Other: 0.4ms
[2023-12-20T09:00:34.933-0800][56185378ms] GC(3413) Eden regions: 752->0(753)
[2023-12-20T09:00:34.933-0800][56185378ms] GC(3413) Survivor regions: 31->30(98)
[2023-12-20T09:00:34.933-0800][56185378ms] GC(3413) Old regions: 188->188
[2023-12-20T09:00:34.933-0800][56185378ms] GC(3413) Humongous regions: 5->5
[2023-12-20T09:00:34.933-0800][56185378ms] GC(3413) Metaspace: 256573K->256573K(1294336K)
[2023-12-20T09:00:34.933-0800][56185378ms] GC(3413) Pause Young (Normal) (G1 Evacuation Pause) 1950M->444M(2612M) 27.367ms
[2023-12-20T09:00:34.933-0800][56185378ms] GC(3413) User=0.06s Sys=0.00s Real=0.03s
[2023-12-20T09:00:35.510-0800][56185955ms] GC(3414) Pause Young (Normal) (GCLocker Initiated GC)
[2023-12-20T09:00:35.510-0800][56185955ms] GC(3414) Using 10 workers of 10 for evacuation
[2023-12-20T09:00:35.536-0800][56185981ms] GC(3414)   Pre Evacuate Collection Set: 0.0ms
[2023-12-20T09:00:35.536-0800][56185981ms] GC(3414)   Evacuate Collection Set: 22.9ms
[2023-12-20T09:00:35.536-0800][56185981ms] GC(3414)   Post Evacuate Collection Set: 2.5ms
[2023-12-20T09:00:35.536-0800][56185981ms] GC(3414)   Other: 0.4ms
[2023-12-20T09:00:35.536-0800][56185981ms] GC(3414) Eden regions: 754->0(752)
[2023-12-20T09:00:35.536-0800][56185981ms] GC(3414) Survivor regions: 30->31(98)
[2023-12-20T09:00:35.536-0800][56185981ms] GC(3414) Old regions: 188->188
[2023-12-20T09:00:35.536-0800][56185981ms] GC(3414) Humongous regions: 5->5
[2023-12-20T09:00:35.536-0800][56185981ms] GC(3414) Metaspace: 256573K->256573K(1294336K)
[2023-12-20T09:00:35.536-0800][56185981ms] GC(3414) Pause Young (Normal) (GCLocker Initiated GC) 1951M->445M(2612M) 26.008ms
[2023-12-20T09:00:35.536-0800][56185981ms] GC(3414) User=0.09s Sys=0.00s Real=0.03s
[2023-12-20T09:00:36.452-0800][56186897ms] GC(3415) Pause Young (Normal) (GCLocker Initiated GC)
[2023-12-20T09:00:36.452-0800][56186897ms] GC(3415) Using 10 workers of 10 for evacuation
[2023-12-20T09:00:36.480-0800][56186925ms] GC(3415)   Pre Evacuate Collection Set: 0.0ms
[2023-12-20T09:00:36.480-0800][56186925ms] GC(3415)   Evacuate Collection Set: 24.5ms
[2023-12-20T09:00:36.480-0800][56186925ms] GC(3415)   Post Evacuate Collection Set: 2.5ms
[2023-12-20T09:00:36.480-0800][56186925ms] GC(3415)   Other: 0.4ms
[2023-12-20T09:00:36.480-0800][56186925ms] GC(3415) Eden regions: 753->0(752)
[2023-12-20T09:00:36.480-0800][56186925ms] GC(3415) Survivor regions: 31->31(98)
[2023-12-20T09:00:36.480-0800][56186925ms] GC(3415) Old regions: 188->188
[2023-12-20T09:00:36.480-0800][56186925ms] GC(3415) Humongous regions: 5->5
[2023-12-20T09:00:36.480-0800][56186925ms] GC(3415) Metaspace: 256573K->256573K(1294336K)
[2023-12-20T09:00:36.480-0800][56186925ms] GC(3415) Pause Young (Normal) (GCLocker Initiated GC) 1950M->445M(2612M) 27.582ms
[2023-12-20T09:00:36.480-0800][56186925ms] GC(3415) User=0.06s Sys=0.00s Real=0.03s
[2023-12-20T09:00:37.529-0800][56187974ms] GC(3416) Pause Young (Normal) (GCLocker Initiated GC)
[2023-12-20T09:00:37.529-0800][56187974ms] GC(3416) Using 10 workers of 10 for evacuation
[2023-12-20T09:00:37.557-0800][56188003ms] GC(3416)   Pre Evacuate Collection Set: 0.0ms
[2023-12-20T09:00:37.558-0800][56188003ms] GC(3416)   Evacuate Collection Set: 25.3ms
[2023-12-20T09:00:37.558-0800][56188003ms] GC(3416)   Post Evacuate Collection Set: 2.5ms
[2023-12-20T09:00:37.558-0800][56188003ms] GC(3416)   Other: 0.4ms
[2023-12-20T09:00:37.558-0800][56188003ms] GC(3416) Eden regions: 753->0(753)
[2023-12-20T09:00:37.558-0800][56188003ms] GC(3416) Survivor regions: 31->30(98)
[2023-12-20T09:00:37.558-0800][56188003ms] GC(3416) Old regions: 188->188
[2023-12-20T09:00:37.558-0800][56188003ms] GC(3416) Humongous regions: 5->5
[2023-12-20T09:00:37.558-0800][56188003ms] GC(3416) Metaspace: 256573K->256573K(1294336K)
[2023-12-20T09:00:37.558-0800][56188003ms] GC(3416) Pause Young (Normal) (GCLocker Initiated GC) 1951M->444M(2612M) 28.358ms
[2023-12-20T09:00:37.558-0800][56188003ms] GC(3416) User=0.11s Sys=0.00s Real=0.03s
[2023-12-20T09:00:38.395-0800][56188840ms] GC(3417) Pause Young (Normal) (G1 Evacuation Pause)
[2023-12-20T09:00:38.395-0800][56188840ms] GC(3417) Using 10 workers of 10 for evacuation
[2023-12-20T09:00:38.426-0800][56188871ms] GC(3417)   Pre Evacuate Collection Set: 0.1ms
[2023-12-20T09:00:38.426-0800][56188871ms] GC(3417)   Evacuate Collection Set: 26.8ms
[2023-12-20T09:00:38.426-0800][56188871ms] GC(3417)   Post Evacuate Collection Set: 3.2ms
[2023-12-20T09:00:38.426-0800][56188871ms] GC(3417)   Other: 0.6ms
[2023-12-20T09:00:38.426-0800][56188871ms] GC(3417) Eden regions: 753->0(753)
[2023-12-20T09:00:38.426-0800][56188871ms] GC(3417) Survivor regions: 30->30(98)
[2023-12-20T09:00:38.426-0800][56188871ms] GC(3417) Old regions: 188->188
[2023-12-20T09:00:38.426-0800][56188871ms] GC(3417) Humongous regions: 5->5
[2023-12-20T09:00:38.426-0800][56188871ms] GC(3417) Metaspace: 256573K->256573K(1294336K)
[2023-12-20T09:00:38.426-0800][56188871ms] GC(3417) Pause Young (Normal) (G1 Evacuation Pause) 1950M->444M(2612M) 30.702ms
[2023-12-20T09:00:38.426-0800][56188871ms] GC(3417) User=0.19s Sys=0.00s Real=0.03s
[2023-12-20T09:00:39.248-0800][56189693ms] GC(3418) Pause Young (Normal) (G1 Evacuation Pause)
[2023-12-20T09:00:39.301-0800][56189746ms] GC(3418) Using 10 workers of 10 for evacuation
[2023-12-20T09:00:39.332-0800][56189777ms] GC(3418)   Pre Evacuate Collection Set: 0.1ms
[2023-12-20T09:00:39.332-0800][56189777ms] GC(3418)   Evacuate Collection Set: 28.1ms
[2023-12-20T09:00:39.332-0800][56189777ms] GC(3418)   Post Evacuate Collection Set: 2.4ms
[2023-12-20T09:00:39.332-0800][56189777ms] GC(3418)   Other: 53.6ms
[2023-12-20T09:00:39.332-0800][56189777ms] GC(3418) Eden regions: 753->0(753)
[2023-12-20T09:00:39.332-0800][56189777ms] GC(3418) Survivor regions: 30->30(98)
[2023-12-20T09:00:39.332-0800][56189777ms] GC(3418) Old regions: 188->188
[2023-12-20T09:00:39.332-0800][56189777ms] GC(3418) Humongous regions: 5->5
[2023-12-20T09:00:39.332-0800][56189777ms] GC(3418) Metaspace: 256573K->256573K(1294336K)
[2023-12-20T09:00:39.332-0800][56189777ms] GC(3418) Pause Young (Normal) (G1 Evacuation Pause) 1950M->444M(2612M) 84.234ms
[2023-12-20T09:00:39.332-0800][56189777ms] GC(3418) User=0.08s Sys=0.00s Real=0.08s
[2023-12-20T09:00:40.197-0800][56190642ms] GC(3419) Pause Young (Normal) (G1 Evacuation Pause)
[2023-12-20T09:00:40.197-0800][56190642ms] GC(3419) Using 10 workers of 10 for evacuation
[2023-12-20T09:00:40.223-0800][56190668ms] GC(3419)   Pre Evacuate Collection Set: 0.0ms
[2023-12-20T09:00:40.223-0800][56190668ms] GC(3419)   Evacuate Collection Set: 24.0ms
[2023-12-20T09:00:40.223-0800][56190668ms] GC(3419)   Post Evacuate Collection Set: 2.4ms
[2023-12-20T09:00:40.223-0800][56190668ms] GC(3419)   Other: 0.4ms
[2023-12-20T09:00:40.223-0800][56190668ms] GC(3419) Eden regions: 753->0(752)
[2023-12-20T09:00:40.223-0800][56190668ms] GC(3419) Survivor regions: 30->31(98)
[2023-12-20T09:00:40.223-0800][56190668ms] GC(3419) Old regions: 188->188
[2023-12-20T09:00:40.223-0800][56190668ms] GC(3419) Humongous regions: 5->5
[2023-12-20T09:00:40.223-0800][56190668ms] GC(3419) Metaspace: 256573K->256573K(1294336K)
[2023-12-20T09:00:40.223-0800][56190668ms] GC(3419) Pause Young (Normal) (G1 Evacuation Pause) 1950M->445M(2612M) 26.928ms
[2023-12-20T09:00:40.223-0800][56190668ms] GC(3419) User=0.11s Sys=0.00s Real=0.03s
[2023-12-20T09:00:41.258-0800][56191703ms] GC(3420) Pause Young (Normal) (G1 Evacuation Pause)
[2023-12-20T09:00:41.258-0800][56191703ms] GC(3420) Using 10 workers of 10 for evacuation
[2023-12-20T09:00:41.286-0800][56191731ms] GC(3420)   Pre Evacuate Collection Set: 0.0ms
[2023-12-20T09:00:41.286-0800][56191731ms] GC(3420)   Evacuate Collection Set: 25.4ms
[2023-12-20T09:00:41.286-0800][56191731ms] GC(3420)   Post Evacuate Collection Set: 2.5ms
[2023-12-20T09:00:41.286-0800][56191731ms] GC(3420)   Other: 0.4ms
[2023-12-20T09:00:41.286-0800][56191731ms] GC(3420) Eden regions: 752->0(753)
[2023-12-20T09:00:41.286-0800][56191731ms] GC(3420) Survivor regions: 31->30(98)
[2023-12-20T09:00:41.286-0800][56191731ms] GC(3420) Old regions: 188->188
[2023-12-20T09:00:41.286-0800][56191731ms] GC(3420) Humongous regions: 5->5
[2023-12-20T09:00:41.286-0800][56191731ms] GC(3420) Metaspace: 256573K->256573K(1294336K)
[2023-12-20T09:00:41.286-0800][56191731ms] GC(3420) Pause Young (Normal) (G1 Evacuation Pause) 1949M->444M(2612M) 28.485ms
[2023-12-20T09:00:41.286-0800][56191731ms] GC(3420) User=0.11s Sys=0.00s Real=0.03s
[2023-12-20T09:00:42.033-0800][56192478ms] GC(3421) Pause Young (Normal) (G1 Evacuation Pause)
[2023-12-20T09:00:42.033-0800][56192478ms] GC(3421) Using 10 workers of 10 for evacuation
[2023-12-20T09:00:42.059-0800][56192504ms] GC(3421)   Pre Evacuate Collection Set: 0.0ms
[2023-12-20T09:00:42.059-0800][56192504ms] GC(3421)   Evacuate Collection Set: 24.1ms
[2023-12-20T09:00:42.059-0800][56192504ms] GC(3421)   Post Evacuate Collection Set: 2.5ms
[2023-12-20T09:00:42.059-0800][56192504ms] GC(3421)   Other: 0.3ms
[2023-12-20T09:00:42.059-0800][56192504ms] GC(3421) Eden regions: 753->0(752)
[2023-12-20T09:00:42.059-0800][56192504ms] GC(3421) Survivor regions: 30->31(98)
[2023-12-20T09:00:42.059-0800][56192504ms] GC(3421) Old regions: 188->188
[2023-12-20T09:00:42.059-0800][56192504ms] GC(3421) Humongous regions: 5->5
[2023-12-20T09:00:42.059-0800][56192504ms] GC(3421) Metaspace: 256573K->256573K(1294336K)
[2023-12-20T09:00:42.059-0800][56192504ms] GC(3421) Pause Young (Normal) (G1 Evacuation Pause) 1950M->446M(2612M) 27.089ms
[2023-12-20T09:00:42.060-0800][56192505ms] GC(3421) User=0.06s Sys=0.00s Real=0.03s
[2023-12-20T09:00:42.782-0800][56193227ms] GC(3422) Pause Young (Normal) (G1 Evacuation Pause)
[2023-12-20T09:00:42.782-0800][56193227ms] GC(3422) Using 10 workers of 10 for evacuation
[2023-12-20T09:00:42.809-0800][56193254ms] GC(3422)   Pre Evacuate Collection Set: 0.0ms
[2023-12-20T09:00:42.809-0800][56193254ms] GC(3422)   Evacuate Collection Set: 24.0ms
[2023-12-20T09:00:42.809-0800][56193254ms] GC(3422)   Post Evacuate Collection Set: 2.3ms
[2023-12-20T09:00:42.809-0800][56193254ms] GC(3422)   Other: 0.4ms
[2023-12-20T09:00:42.809-0800][56193254ms] GC(3422) Eden regions: 752->0(753)
[2023-12-20T09:00:42.809-0800][56193254ms] GC(3422) Survivor regions: 31->30(98)
[2023-12-20T09:00:42.809-0800][56193254ms] GC(3422) Old regions: 188->188
[2023-12-20T09:00:42.809-0800][56193254ms] GC(3422) Humongous regions: 5->5
[2023-12-20T09:00:42.809-0800][56193254ms] GC(3422) Metaspace: 256573K->256573K(1294336K)
[2023-12-20T09:00:42.809-0800][56193254ms] GC(3422) Pause Young (Normal) (G1 Evacuation Pause) 1950M->444M(2612M) 26.887ms
[2023-12-20T09:00:42.809-0800][56193254ms] GC(3422) User=0.06s Sys=0.00s Real=0.03s
[2023-12-20T09:00:43.633-0800][56194078ms] GC(3423) Pause Young (Normal) (G1 Evacuation Pause)
[2023-12-20T09:00:43.633-0800][56194078ms] GC(3423) Using 10 workers of 10 for evacuation
[2023-12-20T09:00:43.661-0800][56194106ms] GC(3423)   Pre Evacuate Collection Set: 0.0ms
[2023-12-20T09:00:43.661-0800][56194106ms] GC(3423)   Evacuate Collection Set: 24.0ms
[2023-12-20T09:00:43.661-0800][56194106ms] GC(3423)   Post Evacuate Collection Set: 2.6ms
[2023-12-20T09:00:43.661-0800][56194106ms] GC(3423)   Other: 0.4ms
[2023-12-20T09:00:43.661-0800][56194106ms] GC(3423) Eden regions: 753->0(752)
[2023-12-20T09:00:43.661-0800][56194106ms] GC(3423) Survivor regions: 30->31(98)
[2023-12-20T09:00:43.661-0800][56194106ms] GC(3423) Old regions: 188->188
[2023-12-20T09:00:43.661-0800][56194106ms] GC(3423) Humongous regions: 5->5
[2023-12-20T09:00:43.661-0800][56194106ms] GC(3423) Metaspace: 256573K->256573K(1294336K)
[2023-12-20T09:00:43.661-0800][56194106ms] GC(3423) Pause Young (Normal) (G1 Evacuation Pause) 1950M->445M(2612M) 27.123ms
[2023-12-20T09:00:43.661-0800][56194106ms] GC(3423) User=0.13s Sys=0.00s Real=0.03s
[2023-12-20T09:00:44.612-0800][56195057ms] GC(3424) Pause Young (Normal) (G1 Evacuation Pause)
[2023-12-20T09:00:44.612-0800][56195057ms] GC(3424) Using 10 workers of 10 for evacuation
[2023-12-20T09:00:44.640-0800][56195085ms] GC(3424)   Pre Evacuate Collection Set: 0.0ms
[2023-12-20T09:00:44.640-0800][56195085ms] GC(3424)   Evacuate Collection Set: 24.3ms
[2023-12-20T09:00:44.640-0800][56195085ms] GC(3424)   Post Evacuate Collection Set: 2.8ms
[2023-12-20T09:00:44.640-0800][56195085ms] GC(3424)   Other: 0.4ms
[2023-12-20T09:00:44.640-0800][56195085ms] GC(3424) Eden regions: 752->0(753)
[2023-12-20T09:00:44.640-0800][56195085ms] GC(3424) Survivor regions: 31->30(98)
[2023-12-20T09:00:44.640-0800][56195085ms] GC(3424) Old regions: 188->188
[2023-12-20T09:00:44.640-0800][56195085ms] GC(3424) Humongous regions: 5->5
[2023-12-20T09:00:44.640-0800][56195085ms] GC(3424) Metaspace: 256573K->256573K(1294336K)
[2023-12-20T09:00:44.640-0800][56195085ms] GC(3424) Pause Young (Normal) (G1 Evacuation Pause) 1949M->443M(2612M) 27.594ms
[2023-12-20T09:00:44.640-0800][56195085ms] GC(3424) User=0.11s Sys=0.00s Real=0.03s
[2023-12-20T09:00:45.450-0800][56195895ms] GC(3425) Pause Young (Normal) (G1 Evacuation Pause)
[2023-12-20T09:00:45.450-0800][56195895ms] GC(3425) Using 10 workers of 10 for evacuation
[2023-12-20T09:00:45.478-0800][56195923ms] GC(3425)   Pre Evacuate Collection Set: 0.0ms
[2023-12-20T09:00:45.478-0800][56195923ms] GC(3425)   Evacuate Collection Set: 26.1ms
[2023-12-20T09:00:45.478-0800][56195923ms] GC(3425)   Post Evacuate Collection Set: 2.5ms
[2023-12-20T09:00:45.478-0800][56195923ms] GC(3425)   Other: 0.4ms
[2023-12-20T09:00:45.478-0800][56195923ms] GC(3425) Eden regions: 753->0(754)
[2023-12-20T09:00:45.478-0800][56195923ms] GC(3425) Survivor regions: 30->29(98)
[2023-12-20T09:00:45.479-0800][56195924ms] GC(3425) Old regions: 188->188
[2023-12-20T09:00:45.479-0800][56195924ms] GC(3425) Humongous regions: 5->5
[2023-12-20T09:00:45.479-0800][56195924ms] GC(3425) Metaspace: 256573K->256573K(1294336K)
[2023-12-20T09:00:45.479-0800][56195924ms] GC(3425) Pause Young (Normal) (G1 Evacuation Pause) 1949M->442M(2612M) 29.070ms
[2023-12-20T09:00:45.479-0800][56195924ms] GC(3425) User=0.11s Sys=0.00s Real=0.03s
[2023-12-20T09:00:46.306-0800][56196751ms] GC(3426) Pause Young (Normal) (G1 Evacuation Pause)
[2023-12-20T09:00:46.306-0800][56196751ms] GC(3426) Using 10 workers of 10 for evacuation
[2023-12-20T09:00:46.335-0800][56196780ms] GC(3426)   Pre Evacuate Collection Set: 0.0ms
[2023-12-20T09:00:46.335-0800][56196780ms] GC(3426)   Evacuate Collection Set: 26.2ms
[2023-12-20T09:00:46.335-0800][56196780ms] GC(3426)   Post Evacuate Collection Set: 2.6ms
[2023-12-20T09:00:46.335-0800][56196780ms] GC(3426)   Other: 0.4ms
[2023-12-20T09:00:46.335-0800][56196780ms] GC(3426) Eden regions: 754->0(753)
[2023-12-20T09:00:46.335-0800][56196780ms] GC(3426) Survivor regions: 29->30(98)
[2023-12-20T09:00:46.335-0800][56196780ms] GC(3426) Old regions: 188->188
[2023-12-20T09:00:46.335-0800][56196780ms] GC(3426) Humongous regions: 5->5
[2023-12-20T09:00:46.335-0800][56196780ms] GC(3426) Metaspace: 256573K->256573K(1294336K)
[2023-12-20T09:00:46.335-0800][56196780ms] GC(3426) Pause Young (Normal) (G1 Evacuation Pause) 1950M->443M(2612M) 29.293ms
[2023-12-20T09:00:46.335-0800][56196780ms] GC(3426) User=0.14s Sys=0.00s Real=0.03s
[2023-12-20T09:00:47.174-0800][56197619ms] GC(3427) Pause Young (Normal) (G1 Evacuation Pause)
[2023-12-20T09:00:47.174-0800][56197619ms] GC(3427) Using 10 workers of 10 for evacuation
[2023-12-20T09:00:47.200-0800][56197645ms] GC(3427)   Pre Evacuate Collection Set: 0.0ms
[2023-12-20T09:00:47.200-0800][56197645ms] GC(3427)   Evacuate Collection Set: 24.3ms
[2023-12-20T09:00:47.200-0800][56197645ms] GC(3427)   Post Evacuate Collection Set: 2.5ms
[2023-12-20T09:00:47.200-0800][56197645ms] GC(3427)   Other: 0.4ms
[2023-12-20T09:00:47.200-0800][56197645ms] GC(3427) Eden regions: 753->0(753)
[2023-12-20T09:00:47.200-0800][56197645ms] GC(3427) Survivor regions: 30->30(98)
[2023-12-20T09:00:47.200-0800][56197645ms] GC(3427) Old regions: 188->188
[2023-12-20T09:00:47.200-0800][56197645ms] GC(3427) Humongous regions: 5->5
[2023-12-20T09:00:47.200-0800][56197645ms] GC(3427) Metaspace: 256573K->256573K(1294336K)
[2023-12-20T09:00:47.200-0800][56197645ms] GC(3427) Pause Young (Normal) (G1 Evacuation Pause) 1949M->444M(2612M) 27.335ms
[2023-12-20T09:00:47.200-0800][56197645ms] GC(3427) User=0.05s Sys=0.00s Real=0.03s
[2023-12-20T09:00:48.040-0800][56198485ms] GC(3428) Pause Young (Normal) (G1 Evacuation Pause)
[2023-12-20T09:00:48.040-0800][56198485ms] GC(3428) Using 10 workers of 10 for evacuation
[2023-12-20T09:00:48.067-0800][56198512ms] GC(3428)   Pre Evacuate Collection Set: 0.0ms
[2023-12-20T09:00:48.067-0800][56198512ms] GC(3428)   Evacuate Collection Set: 24.8ms
[2023-12-20T09:00:48.067-0800][56198512ms] GC(3428)   Post Evacuate Collection Set: 2.5ms
[2023-12-20T09:00:48.067-0800][56198512ms] GC(3428)   Other: 0.4ms
[2023-12-20T09:00:48.067-0800][56198512ms] GC(3428) Eden regions: 753->0(753)
[2023-12-20T09:00:48.067-0800][56198512ms] GC(3428) Survivor regions: 30->30(98)
[2023-12-20T09:00:48.067-0800][56198512ms] GC(3428) Old regions: 188->188
[2023-12-20T09:00:48.067-0800][56198512ms] GC(3428) Humongous regions: 5->5
[2023-12-20T09:00:48.067-0800][56198512ms] GC(3428) Metaspace: 256573K->256573K(1294336K)
[2023-12-20T09:00:48.067-0800][56198512ms] GC(3428) Pause Young (Normal) (G1 Evacuation Pause) 1950M->444M(2612M) 27.803ms
[2023-12-20T09:00:48.067-0800][56198512ms] GC(3428) User=0.08s Sys=0.00s Real=0.03s
[2023-12-20T09:00:48.979-0800][56199424ms] GC(3429) Pause Young (Normal) (G1 Evacuation Pause)
[2023-12-20T09:00:48.979-0800][56199424ms] GC(3429) Using 10 workers of 10 for evacuation
[2023-12-20T09:00:49.006-0800][56199451ms] GC(3429)   Pre Evacuate Collection Set: 0.0ms
[2023-12-20T09:00:49.007-0800][56199452ms] GC(3429)   Evacuate Collection Set: 24.8ms
[2023-12-20T09:00:49.007-0800][56199452ms] GC(3429)   Post Evacuate Collection Set: 2.5ms
[2023-12-20T09:00:49.007-0800][56199452ms] GC(3429)   Other: 0.4ms
[2023-12-20T09:00:49.007-0800][56199452ms] GC(3429) Eden regions: 753->0(753)
[2023-12-20T09:00:49.007-0800][56199452ms] GC(3429) Survivor regions: 30->30(98)
[2023-12-20T09:00:49.007-0800][56199452ms] GC(3429) Old regions: 188->188
[2023-12-20T09:00:49.007-0800][56199452ms] GC(3429) Humongous regions: 5->5
[2023-12-20T09:00:49.007-0800][56199452ms] GC(3429) Metaspace: 256573K->256573K(1294336K)
[2023-12-20T09:00:49.007-0800][56199452ms] GC(3429) Pause Young (Normal) (G1 Evacuation Pause) 1950M->444M(2612M) 27.841ms
[2023-12-20T09:00:49.007-0800][56199452ms] GC(3429) User=0.08s Sys=0.00s Real=0.03s
[2023-12-20T09:00:49.843-0800][56200288ms] GC(3430) Pause Young (Normal) (G1 Evacuation Pause)
[2023-12-20T09:00:49.843-0800][56200288ms] GC(3430) Using 10 workers of 10 for evacuation
[2023-12-20T09:00:49.871-0800][56200316ms] GC(3430)   Pre Evacuate Collection Set: 0.0ms
[2023-12-20T09:00:49.871-0800][56200316ms] GC(3430)   Evacuate Collection Set: 24.5ms
[2023-12-20T09:00:49.871-0800][56200316ms] GC(3430)   Post Evacuate Collection Set: 2.5ms
[2023-12-20T09:00:49.871-0800][56200316ms] GC(3430)   Other: 0.4ms
[2023-12-20T09:00:49.871-0800][56200316ms] GC(3430) Eden regions: 753->0(753)
[2023-12-20T09:00:49.871-0800][56200316ms] GC(3430) Survivor regions: 30->30(98)
[2023-12-20T09:00:49.871-0800][56200316ms] GC(3430) Old regions: 188->188
[2023-12-20T09:00:49.871-0800][56200316ms] GC(3430) Humongous regions: 5->5
[2023-12-20T09:00:49.871-0800][56200316ms] GC(3430) Metaspace: 256573K->256573K(1294336K)
[2023-12-20T09:00:49.871-0800][56200316ms] GC(3430) Pause Young (Normal) (G1 Evacuation Pause) 1950M->444M(2612M) 27.462ms
[2023-12-20T09:00:49.871-0800][56200316ms] GC(3430) User=0.13s Sys=0.00s Real=0.03s
[2023-12-20T09:00:50.694-0800][56201139ms] GC(3431) Pause Young (Normal) (G1 Evacuation Pause)
[2023-12-20T09:00:50.695-0800][56201140ms] GC(3431) Using 10 workers of 10 for evacuation
[2023-12-20T09:00:50.722-0800][56201167ms] GC(3431)   Pre Evacuate Collection Set: 0.0ms
[2023-12-20T09:00:50.722-0800][56201167ms] GC(3431)   Evacuate Collection Set: 24.7ms
[2023-12-20T09:00:50.722-0800][56201167ms] GC(3431)   Post Evacuate Collection Set: 2.6ms
[2023-12-20T09:00:50.722-0800][56201167ms] GC(3431)   Other: 0.3ms
[2023-12-20T09:00:50.722-0800][56201167ms] GC(3431) Eden regions: 753->0(753)
[2023-12-20T09:00:50.722-0800][56201167ms] GC(3431) Survivor regions: 30->30(98)
[2023-12-20T09:00:50.722-0800][56201167ms] GC(3431) Old regions: 188->188
[2023-12-20T09:00:50.722-0800][56201167ms] GC(3431) Humongous regions: 5->5
[2023-12-20T09:00:50.722-0800][56201167ms] GC(3431) Metaspace: 256573K->256573K(1294336K)
[2023-12-20T09:00:50.722-0800][56201167ms] GC(3431) Pause Young (Normal) (G1 Evacuation Pause) 1950M->444M(2612M) 27.845ms
[2023-12-20T09:00:50.722-0800][56201167ms] GC(3431) User=0.09s Sys=0.00s Real=0.03s
[2023-12-20T09:00:51.634-0800][56202079ms] GC(3432) Pause Young (Normal) (G1 Evacuation Pause)
[2023-12-20T09:00:51.634-0800][56202079ms] GC(3432) Using 10 workers of 10 for evacuation
[2023-12-20T09:00:51.661-0800][56202106ms] GC(3432)   Pre Evacuate Collection Set: 0.0ms
[2023-12-20T09:00:51.661-0800][56202106ms] GC(3432)   Evacuate Collection Set: 24.4ms
[2023-12-20T09:00:51.661-0800][56202106ms] GC(3432)   Post Evacuate Collection Set: 2.5ms
[2023-12-20T09:00:51.661-0800][56202106ms] GC(3432)   Other: 0.4ms
[2023-12-20T09:00:51.661-0800][56202106ms] GC(3432) Eden regions: 753->0(753)
[2023-12-20T09:00:51.661-0800][56202106ms] GC(3432) Survivor regions: 30->30(98)
[2023-12-20T09:00:51.661-0800][56202106ms] GC(3432) Old regions: 188->188
[2023-12-20T09:00:51.661-0800][56202106ms] GC(3432) Humongous regions: 5->5
[2023-12-20T09:00:51.661-0800][56202106ms] GC(3432) Metaspace: 256573K->256573K(1294336K)
[2023-12-20T09:00:51.661-0800][56202106ms] GC(3432) Pause Young (Normal) (G1 Evacuation Pause) 1950M->444M(2612M) 27.473ms
[2023-12-20T09:00:51.661-0800][56202106ms] GC(3432) User=0.16s Sys=0.00s Real=0.03s
[2023-12-20T09:00:52.479-0800][56202924ms] GC(3433) Pause Young (Normal) (G1 Evacuation Pause)
[2023-12-20T09:00:52.479-0800][56202924ms] GC(3433) Using 10 workers of 10 for evacuation
[2023-12-20T09:00:52.508-0800][56202953ms] GC(3433)   Pre Evacuate Collection Set: 0.0ms
[2023-12-20T09:00:52.508-0800][56202953ms] GC(3433)   Evacuate Collection Set: 24.9ms
[2023-12-20T09:00:52.508-0800][56202953ms] GC(3433)   Post Evacuate Collection Set: 2.4ms
[2023-12-20T09:00:52.508-0800][56202953ms] GC(3433)   Other: 0.3ms
[2023-12-20T09:00:52.508-0800][56202953ms] GC(3433) Eden regions: 753->0(753)
[2023-12-20T09:00:52.508-0800][56202953ms] GC(3433) Survivor regions: 30->30(98)
[2023-12-20T09:00:52.508-0800][56202953ms] GC(3433) Old regions: 188->188
[2023-12-20T09:00:52.508-0800][56202953ms] GC(3433) Humongous regions: 5->5
[2023-12-20T09:00:52.508-0800][56202953ms] GC(3433) Metaspace: 256573K->256573K(1294336K)
[2023-12-20T09:00:52.508-0800][56202953ms] GC(3433) Pause Young (Normal) (G1 Evacuation Pause) 1950M->444M(2612M) 27.856ms
[2023-12-20T09:00:52.508-0800][56202953ms] GC(3433) User=0.11s Sys=0.00s Real=0.03s
[2023-12-20T09:00:53.355-0800][56203800ms] GC(3434) Pause Young (Normal) (G1 Evacuation Pause)
[2023-12-20T09:00:53.355-0800][56203800ms] GC(3434) Using 10 workers of 10 for evacuation
[2023-12-20T09:00:53.383-0800][56203828ms] GC(3434)   Pre Evacuate Collection Set: 0.0ms
[2023-12-20T09:00:53.383-0800][56203828ms] GC(3434)   Evacuate Collection Set: 24.9ms
[2023-12-20T09:00:53.383-0800][56203828ms] GC(3434)   Post Evacuate Collection Set: 2.4ms
[2023-12-20T09:00:53.383-0800][56203828ms] GC(3434)   Other: 0.4ms
[2023-12-20T09:00:53.383-0800][56203828ms] GC(3434) Eden regions: 753->0(753)
[2023-12-20T09:00:53.383-0800][56203828ms] GC(3434) Survivor regions: 30->30(98)
[2023-12-20T09:00:53.383-0800][56203828ms] GC(3434) Old regions: 188->188
[2023-12-20T09:00:53.383-0800][56203828ms] GC(3434) Humongous regions: 5->5
[2023-12-20T09:00:53.383-0800][56203828ms] GC(3434) Metaspace: 256573K->256573K(1294336K)
[2023-12-20T09:00:53.383-0800][56203828ms] GC(3434) Pause Young (Normal) (G1 Evacuation Pause) 1950M->443M(2612M) 27.848ms
[2023-12-20T09:00:53.383-0800][56203828ms] GC(3434) User=0.09s Sys=0.00s Real=0.03s
[2023-12-20T09:00:54.245-0800][56204690ms] GC(3435) Pause Young (Normal) (G1 Evacuation Pause)
[2023-12-20T09:00:54.245-0800][56204690ms] GC(3435) Using 10 workers of 10 for evacuation
[2023-12-20T09:00:54.278-0800][56204723ms] GC(3435)   Pre Evacuate Collection Set: 0.0ms
[2023-12-20T09:00:54.278-0800][56204723ms] GC(3435)   Evacuate Collection Set: 28.7ms
[2023-12-20T09:00:54.278-0800][56204723ms] GC(3435)   Post Evacuate Collection Set: 3.7ms
[2023-12-20T09:00:54.278-0800][56204723ms] GC(3435)   Other: 0.4ms
[2023-12-20T09:00:54.278-0800][56204723ms] GC(3435) Eden regions: 753->0(753)
[2023-12-20T09:00:54.278-0800][56204723ms] GC(3435) Survivor regions: 30->30(98)
[2023-12-20T09:00:54.278-0800][56204723ms] GC(3435) Old regions: 188->188
[2023-12-20T09:00:54.278-0800][56204723ms] GC(3435) Humongous regions: 5->5
[2023-12-20T09:00:54.278-0800][56204723ms] GC(3435) Metaspace: 256573K->256573K(1294336K)
[2023-12-20T09:00:54.278-0800][56204723ms] GC(3435) Pause Young (Normal) (G1 Evacuation Pause) 1949M->444M(2612M) 32.985ms
[2023-12-20T09:00:54.278-0800][56204723ms] GC(3435) User=0.17s Sys=0.00s Real=0.03s
[2023-12-20T09:00:55.121-0800][56205566ms] GC(3436) Pause Young (Normal) (G1 Evacuation Pause)
[2023-12-20T09:00:55.122-0800][56205567ms] GC(3436) Using 10 workers of 10 for evacuation
[2023-12-20T09:00:55.150-0800][56205595ms] GC(3436)   Pre Evacuate Collection Set: 0.0ms
[2023-12-20T09:00:55.150-0800][56205595ms] GC(3436)   Evacuate Collection Set: 24.9ms
[2023-12-20T09:00:55.150-0800][56205595ms] GC(3436)   Post Evacuate Collection Set: 2.9ms
[2023-12-20T09:00:55.150-0800][56205595ms] GC(3436)   Other: 0.4ms
[2023-12-20T09:00:55.150-0800][56205595ms] GC(3436) Eden regions: 753->0(753)
[2023-12-20T09:00:55.150-0800][56205595ms] GC(3436) Survivor regions: 30->30(98)
[2023-12-20T09:00:55.150-0800][56205595ms] GC(3436) Old regions: 188->188
[2023-12-20T09:00:55.150-0800][56205595ms] GC(3436) Humongous regions: 5->5
[2023-12-20T09:00:55.150-0800][56205595ms] GC(3436) Metaspace: 256573K->256573K(1294336K)
[2023-12-20T09:00:55.150-0800][56205595ms] GC(3436) Pause Young (Normal) (G1 Evacuation Pause) 1950M->444M(2612M) 28.313ms
[2023-12-20T09:00:55.150-0800][56205595ms] GC(3436) User=0.14s Sys=0.00s Real=0.03s
[2023-12-20T09:00:55.960-0800][56206405ms] GC(3437) Pause Young (Normal) (G1 Evacuation Pause)
[2023-12-20T09:00:55.960-0800][56206405ms] GC(3437) Using 10 workers of 10 for evacuation
[2023-12-20T09:00:55.987-0800][56206432ms] GC(3437)   Pre Evacuate Collection Set: 0.0ms
[2023-12-20T09:00:55.987-0800][56206432ms] GC(3437)   Evacuate Collection Set: 24.7ms
[2023-12-20T09:00:55.987-0800][56206432ms] GC(3437)   Post Evacuate Collection Set: 2.6ms
[2023-12-20T09:00:55.987-0800][56206432ms] GC(3437)   Other: 0.4ms
[2023-12-20T09:00:55.987-0800][56206432ms] GC(3437) Eden regions: 753->0(753)
[2023-12-20T09:00:55.987-0800][56206432ms] GC(3437) Survivor regions: 30->30(98)
[2023-12-20T09:00:55.987-0800][56206432ms] GC(3437) Old regions: 188->188
[2023-12-20T09:00:55.987-0800][56206432ms] GC(3437) Humongous regions: 5->5
[2023-12-20T09:00:55.987-0800][56206432ms] GC(3437) Metaspace: 256573K->256573K(1294336K)
[2023-12-20T09:00:55.987-0800][56206432ms] GC(3437) Pause Young (Normal) (G1 Evacuation Pause) 1950M->443M(2612M) 27.833ms
[2023-12-20T09:00:55.987-0800][56206432ms] GC(3437) User=0.09s Sys=0.00s Real=0.03s
[2023-12-20T09:00:56.798-0800][56207243ms] GC(3438) Pause Young (Normal) (G1 Evacuation Pause)
[2023-12-20T09:00:56.798-0800][56207243ms] GC(3438) Using 10 workers of 10 for evacuation
[2023-12-20T09:00:56.825-0800][56207270ms] GC(3438)   Pre Evacuate Collection Set: 0.0ms
[2023-12-20T09:00:56.826-0800][56207271ms] GC(3438)   Evacuate Collection Set: 24.9ms
[2023-12-20T09:00:56.826-0800][56207271ms] GC(3438)   Post Evacuate Collection Set: 2.6ms
[2023-12-20T09:00:56.826-0800][56207271ms] GC(3438)   Other: 0.3ms
[2023-12-20T09:00:56.826-0800][56207271ms] GC(3438) Eden regions: 753->0(753)
[2023-12-20T09:00:56.826-0800][56207271ms] GC(3438) Survivor regions: 30->30(98)
[2023-12-20T09:00:56.826-0800][56207271ms] GC(3438) Old regions: 188->188
[2023-12-20T09:00:56.826-0800][56207271ms] GC(3438) Humongous regions: 5->5
[2023-12-20T09:00:56.826-0800][56207271ms] GC(3438) Metaspace: 256573K->256573K(1294336K)
[2023-12-20T09:00:56.826-0800][56207271ms] GC(3438) Pause Young (Normal) (G1 Evacuation Pause) 1949M->444M(2612M) 27.970ms
[2023-12-20T09:00:56.826-0800][56207271ms] GC(3438) User=0.06s Sys=0.00s Real=0.03s
[2023-12-20T09:00:57.656-0800][56208101ms] GC(3439) Pause Young (Normal) (G1 Evacuation Pause)
[2023-12-20T09:00:57.656-0800][56208101ms] GC(3439) Using 10 workers of 10 for evacuation
[2023-12-20T09:00:57.684-0800][56208129ms] GC(3439)   Pre Evacuate Collection Set: 0.0ms
[2023-12-20T09:00:57.684-0800][56208129ms] GC(3439)   Evacuate Collection Set: 24.8ms
[2023-12-20T09:00:57.684-0800][56208129ms] GC(3439)   Post Evacuate Collection Set: 2.4ms
[2023-12-20T09:00:57.684-0800][56208129ms] GC(3439)   Other: 0.4ms
[2023-12-20T09:00:57.684-0800][56208129ms] GC(3439) Eden regions: 753->0(753)
[2023-12-20T09:00:57.684-0800][56208129ms] GC(3439) Survivor regions: 30->30(98)
[2023-12-20T09:00:57.684-0800][56208129ms] GC(3439) Old regions: 188->188
[2023-12-20T09:00:57.684-0800][56208129ms] GC(3439) Humongous regions: 5->5
[2023-12-20T09:00:57.684-0800][56208129ms] GC(3439) Metaspace: 256573K->256573K(1294336K)
[2023-12-20T09:00:57.684-0800][56208129ms] GC(3439) Pause Young (Normal) (G1 Evacuation Pause) 1950M->443M(2612M) 27.725ms
[2023-12-20T09:00:57.684-0800][56208129ms] GC(3439) User=0.08s Sys=0.00s Real=0.03s
[2023-12-20T09:00:58.574-0800][56209019ms] GC(3440) Pause Young (Normal) (G1 Evacuation Pause)
[2023-12-20T09:00:58.574-0800][56209019ms] GC(3440) Using 10 workers of 10 for evacuation
[2023-12-20T09:00:58.601-0800][56209046ms] GC(3440)   Pre Evacuate Collection Set: 0.0ms
[2023-12-20T09:00:58.601-0800][56209046ms] GC(3440)   Evacuate Collection Set: 25.0ms
[2023-12-20T09:00:58.601-0800][56209046ms] GC(3440)   Post Evacuate Collection Set: 2.5ms
[2023-12-20T09:00:58.601-0800][56209046ms] GC(3440)   Other: 0.4ms
[2023-12-20T09:00:58.601-0800][56209046ms] GC(3440) Eden regions: 753->0(753)
[2023-12-20T09:00:58.601-0800][56209046ms] GC(3440) Survivor regions: 30->30(98)
[2023-12-20T09:00:58.601-0800][56209046ms] GC(3440) Old regions: 188->188
[2023-12-20T09:00:58.601-0800][56209046ms] GC(3440) Humongous regions: 5->5
[2023-12-20T09:00:58.601-0800][56209046ms] GC(3440) Metaspace: 256573K->256573K(1294336K)
[2023-12-20T09:00:58.601-0800][56209046ms] GC(3440) Pause Young (Normal) (G1 Evacuation Pause) 1949M->444M(2612M) 28.012ms
[2023-12-20T09:00:58.601-0800][56209046ms] GC(3440) User=0.16s Sys=0.00s Real=0.03s
[2023-12-20T09:00:59.452-0800][56209897ms] GC(3441) Pause Young (Normal) (G1 Evacuation Pause)
[2023-12-20T09:00:59.452-0800][56209897ms] GC(3441) Using 10 workers of 10 for evacuation
[2023-12-20T09:00:59.480-0800][56209925ms] GC(3441)   Pre Evacuate Collection Set: 0.0ms
[2023-12-20T09:00:59.480-0800][56209925ms] GC(3441)   Evacuate Collection Set: 24.7ms
[2023-12-20T09:00:59.480-0800][56209925ms] GC(3441)   Post Evacuate Collection Set: 2.6ms
[2023-12-20T09:00:59.480-0800][56209925ms] GC(3441)   Other: 0.4ms
[2023-12-20T09:00:59.480-0800][56209925ms] GC(3441) Eden regions: 753->0(753)
[2023-12-20T09:00:59.480-0800][56209925ms] GC(3441) Survivor regions: 30->30(98)
[2023-12-20T09:00:59.480-0800][56209925ms] GC(3441) Old regions: 188->188
[2023-12-20T09:00:59.480-0800][56209925ms] GC(3441) Humongous regions: 5->5
[2023-12-20T09:00:59.480-0800][56209925ms] GC(3441) Metaspace: 256573K->256573K(1294336K)
[2023-12-20T09:00:59.480-0800][56209925ms] GC(3441) Pause Young (Normal) (G1 Evacuation Pause) 1950M->444M(2612M) 27.826ms
[2023-12-20T09:00:59.480-0800][56209925ms] GC(3441) User=0.06s Sys=0.00s Real=0.03s
[2023-12-20T09:01:00.363-0800][56210808ms] GC(3442) Pause Young (Normal) (G1 Evacuation Pause)
[2023-12-20T09:01:00.363-0800][56210808ms] GC(3442) Using 10 workers of 10 for evacuation
[2023-12-20T09:01:00.390-0800][56210835ms] GC(3442)   Pre Evacuate Collection Set: 0.0ms
[2023-12-20T09:01:00.390-0800][56210835ms] GC(3442)   Evacuate Collection Set: 25.1ms
[2023-12-20T09:01:00.390-0800][56210835ms] GC(3442)   Post Evacuate Collection Set: 2.4ms
[2023-12-20T09:01:00.390-0800][56210835ms] GC(3442)   Other: 0.4ms
[2023-12-20T09:01:00.390-0800][56210835ms] GC(3442) Eden regions: 753->0(753)
[2023-12-20T09:01:00.390-0800][56210835ms] GC(3442) Survivor regions: 30->30(98)
[2023-12-20T09:01:00.390-0800][56210835ms] GC(3442) Old regions: 188->188
[2023-12-20T09:01:00.390-0800][56210835ms] GC(3442) Humongous regions: 5->5
[2023-12-20T09:01:00.390-0800][56210835ms] GC(3442) Metaspace: 256573K->256573K(1294336K)
[2023-12-20T09:01:00.390-0800][56210835ms] GC(3442) Pause Young (Normal) (G1 Evacuation Pause) 1950M->444M(2612M) 28.039ms
[2023-12-20T09:01:00.390-0800][56210835ms] GC(3442) User=0.13s Sys=0.00s Real=0.03s
[2023-12-20T09:01:01.204-0800][56211649ms] GC(3443) Pause Young (Normal) (G1 Evacuation Pause)
[2023-12-20T09:01:01.204-0800][56211649ms] GC(3443) Using 10 workers of 10 for evacuation
[2023-12-20T09:01:01.233-0800][56211678ms] GC(3443)   Pre Evacuate Collection Set: 0.0ms
[2023-12-20T09:01:01.233-0800][56211678ms] GC(3443)   Evacuate Collection Set: 25.8ms
[2023-12-20T09:01:01.233-0800][56211678ms] GC(3443)   Post Evacuate Collection Set: 2.4ms
[2023-12-20T09:01:01.233-0800][56211678ms] GC(3443)   Other: 0.4ms
[2023-12-20T09:01:01.233-0800][56211678ms] GC(3443) Eden regions: 753->0(753)
[2023-12-20T09:01:01.233-0800][56211678ms] GC(3443) Survivor regions: 30->30(98)
[2023-12-20T09:01:01.233-0800][56211678ms] GC(3443) Old regions: 188->188
[2023-12-20T09:01:01.233-0800][56211678ms] GC(3443) Humongous regions: 5->5
[2023-12-20T09:01:01.233-0800][56211678ms] GC(3443) Metaspace: 256573K->256573K(1294336K)
[2023-12-20T09:01:01.233-0800][56211678ms] GC(3443) Pause Young (Normal) (G1 Evacuation Pause) 1950M->444M(2612M) 28.791ms
[2023-12-20T09:01:01.233-0800][56211678ms] GC(3443) User=0.13s Sys=0.00s Real=0.03s
[2023-12-20T09:01:02.116-0800][56212561ms] GC(3444) Pause Young (Normal) (G1 Evacuation Pause)
[2023-12-20T09:01:02.116-0800][56212561ms] GC(3444) Using 10 workers of 10 for evacuation
[2023-12-20T09:01:02.146-0800][56212591ms] GC(3444)   Pre Evacuate Collection Set: 0.0ms
[2023-12-20T09:01:02.146-0800][56212591ms] GC(3444)   Evacuate Collection Set: 26.4ms
[2023-12-20T09:01:02.146-0800][56212591ms] GC(3444)   Post Evacuate Collection Set: 2.9ms
[2023-12-20T09:01:02.146-0800][56212591ms] GC(3444)   Other: 0.4ms
[2023-12-20T09:01:02.146-0800][56212591ms] GC(3444) Eden regions: 753->0(753)
[2023-12-20T09:01:02.146-0800][56212591ms] GC(3444) Survivor regions: 30->30(98)
[2023-12-20T09:01:02.146-0800][56212591ms] GC(3444) Old regions: 188->188
[2023-12-20T09:01:02.146-0800][56212591ms] GC(3444) Humongous regions: 5->5
[2023-12-20T09:01:02.146-0800][56212591ms] GC(3444) Metaspace: 256573K->256573K(1294336K)
[2023-12-20T09:01:02.146-0800][56212591ms] GC(3444) Pause Young (Normal) (G1 Evacuation Pause) 1950M->444M(2612M) 29.783ms
[2023-12-20T09:01:02.146-0800][56212591ms] GC(3444) User=0.06s Sys=0.00s Real=0.03s
[2023-12-20T09:01:03.150-0800][56213595ms] GC(3445) Pause Young (Normal) (G1 Evacuation Pause)
[2023-12-20T09:01:03.150-0800][56213595ms] GC(3445) Using 10 workers of 10 for evacuation
[2023-12-20T09:01:03.177-0800][56213622ms] GC(3445)   Pre Evacuate Collection Set: 0.0ms
[2023-12-20T09:01:03.177-0800][56213622ms] GC(3445)   Evacuate Collection Set: 24.6ms
[2023-12-20T09:01:03.177-0800][56213622ms] GC(3445)   Post Evacuate Collection Set: 2.5ms
[2023-12-20T09:01:03.177-0800][56213622ms] GC(3445)   Other: 0.4ms
[2023-12-20T09:01:03.177-0800][56213622ms] GC(3445) Eden regions: 753->0(753)
[2023-12-20T09:01:03.177-0800][56213622ms] GC(3445) Survivor regions: 30->30(98)
[2023-12-20T09:01:03.177-0800][56213622ms] GC(3445) Old regions: 188->188
[2023-12-20T09:01:03.177-0800][56213622ms] GC(3445) Humongous regions: 5->5
[2023-12-20T09:01:03.177-0800][56213622ms] GC(3445) Metaspace: 256573K->256573K(1294336K)
[2023-12-20T09:01:03.177-0800][56213622ms] GC(3445) Pause Young (Normal) (G1 Evacuation Pause) 1950M->444M(2612M) 27.545ms
[2023-12-20T09:01:03.177-0800][56213622ms] GC(3445) User=0.11s Sys=0.00s Real=0.03s
[2023-12-20T09:01:04.089-0800][56214534ms] GC(3446) Pause Young (Normal) (G1 Evacuation Pause)
[2023-12-20T09:01:04.089-0800][56214534ms] GC(3446) Using 10 workers of 10 for evacuation
[2023-12-20T09:01:04.117-0800][56214563ms] GC(3446)   Pre Evacuate Collection Set: 0.0ms
[2023-12-20T09:01:04.118-0800][56214563ms] GC(3446)   Evacuate Collection Set: 24.5ms
[2023-12-20T09:01:04.118-0800][56214563ms] GC(3446)   Post Evacuate Collection Set: 2.3ms
[2023-12-20T09:01:04.118-0800][56214563ms] GC(3446)   Other: 0.4ms
[2023-12-20T09:01:04.118-0800][56214563ms] GC(3446) Eden regions: 753->0(753)
[2023-12-20T09:01:04.118-0800][56214563ms] GC(3446) Survivor regions: 30->30(98)
[2023-12-20T09:01:04.118-0800][56214563ms] GC(3446) Old regions: 188->188
[2023-12-20T09:01:04.118-0800][56214563ms] GC(3446) Humongous regions: 5->5
[2023-12-20T09:01:04.118-0800][56214563ms] GC(3446) Metaspace: 256573K->256573K(1294336K)
[2023-12-20T09:01:04.118-0800][56214563ms] GC(3446) Pause Young (Normal) (G1 Evacuation Pause) 1950M->443M(2612M) 27.497ms
[2023-12-20T09:01:04.118-0800][56214563ms] GC(3446) User=0.08s Sys=0.00s Real=0.03s
[2023-12-20T09:01:04.951-0800][56215396ms] GC(3447) Pause Young (Normal) (G1 Evacuation Pause)
[2023-12-20T09:01:04.951-0800][56215396ms] GC(3447) Using 10 workers of 10 for evacuation
[2023-12-20T09:01:04.979-0800][56215424ms] GC(3447)   Pre Evacuate Collection Set: 0.0ms
[2023-12-20T09:01:04.979-0800][56215424ms] GC(3447)   Evacuate Collection Set: 24.9ms
[2023-12-20T09:01:04.979-0800][56215424ms] GC(3447)   Post Evacuate Collection Set: 2.4ms
[2023-12-20T09:01:04.979-0800][56215424ms] GC(3447)   Other: 0.4ms
[2023-12-20T09:01:04.979-0800][56215424ms] GC(3447) Eden regions: 753->0(753)
[2023-12-20T09:01:04.979-0800][56215424ms] GC(3447) Survivor regions: 30->30(98)
[2023-12-20T09:01:04.979-0800][56215424ms] GC(3447) Old regions: 188->188
[2023-12-20T09:01:04.979-0800][56215424ms] GC(3447) Humongous regions: 5->5
[2023-12-20T09:01:04.979-0800][56215424ms] GC(3447) Metaspace: 256573K->256573K(1294336K)
[2023-12-20T09:01:04.979-0800][56215424ms] GC(3447) Pause Young (Normal) (G1 Evacuation Pause) 1949M->444M(2612M) 27.860ms
[2023-12-20T09:01:04.979-0800][56215424ms] GC(3447) User=0.09s Sys=0.00s Real=0.03s
[2023-12-20T09:01:05.877-0800][56216322ms] GC(3448) Pause Young (Normal) (G1 Evacuation Pause)
[2023-12-20T09:01:05.877-0800][56216322ms] GC(3448) Using 10 workers of 10 for evacuation
[2023-12-20T09:01:05.905-0800][56216350ms] GC(3448)   Pre Evacuate Collection Set: 0.0ms
[2023-12-20T09:01:05.905-0800][56216350ms] GC(3448)   Evacuate Collection Set: 24.6ms
[2023-12-20T09:01:05.905-0800][56216350ms] GC(3448)   Post Evacuate Collection Set: 2.5ms
[2023-12-20T09:01:05.905-0800][56216350ms] GC(3448)   Other: 0.4ms
[2023-12-20T09:01:05.905-0800][56216350ms] GC(3448) Eden regions: 753->0(754)
[2023-12-20T09:01:05.905-0800][56216350ms] GC(3448) Survivor regions: 30->29(98)
[2023-12-20T09:01:05.905-0800][56216350ms] GC(3448) Old regions: 188->188
[2023-12-20T09:01:05.905-0800][56216350ms] GC(3448) Humongous regions: 5->5
[2023-12-20T09:01:05.905-0800][56216350ms] GC(3448) Metaspace: 256573K->256573K(1294336K)
[2023-12-20T09:01:05.905-0800][56216350ms] GC(3448) Pause Young (Normal) (G1 Evacuation Pause) 1950M->442M(2612M) 27.622ms
[2023-12-20T09:01:05.905-0800][56216350ms] GC(3448) User=0.08s Sys=0.00s Real=0.03s
[2023-12-20T09:01:06.750-0800][56217195ms] GC(3449) Pause Young (Normal) (G1 Evacuation Pause)
[2023-12-20T09:01:06.750-0800][56217195ms] GC(3449) Using 10 workers of 10 for evacuation
[2023-12-20T09:01:06.777-0800][56217222ms] GC(3449)   Pre Evacuate Collection Set: 0.0ms
[2023-12-20T09:01:06.777-0800][56217222ms] GC(3449)   Evacuate Collection Set: 24.5ms
[2023-12-20T09:01:06.777-0800][56217222ms] GC(3449)   Post Evacuate Collection Set: 2.4ms
[2023-12-20T09:01:06.777-0800][56217222ms] GC(3449)   Other: 0.4ms
[2023-12-20T09:01:06.777-0800][56217222ms] GC(3449) Eden regions: 754->0(754)
[2023-12-20T09:01:06.777-0800][56217222ms] GC(3449) Survivor regions: 29->29(98)
[2023-12-20T09:01:06.777-0800][56217222ms] GC(3449) Old regions: 188->188
[2023-12-20T09:01:06.777-0800][56217222ms] GC(3449) Humongous regions: 5->5
[2023-12-20T09:01:06.777-0800][56217222ms] GC(3449) Metaspace: 256573K->256573K(1294336K)
[2023-12-20T09:01:06.777-0800][56217222ms] GC(3449) Pause Young (Normal) (G1 Evacuation Pause) 1950M->442M(2612M) 27.509ms
[2023-12-20T09:01:06.778-0800][56217223ms] GC(3449) User=0.09s Sys=0.00s Real=0.03s
[2023-12-20T09:01:07.754-0800][56218199ms] GC(3450) Pause Young (Normal) (G1 Evacuation Pause)
[2023-12-20T09:01:07.754-0800][56218199ms] GC(3450) Using 10 workers of 10 for evacuation
[2023-12-20T09:01:07.781-0800][56218226ms] GC(3450)   Pre Evacuate Collection Set: 0.0ms
[2023-12-20T09:01:07.781-0800][56218226ms] GC(3450)   Evacuate Collection Set: 24.6ms
[2023-12-20T09:01:07.781-0800][56218226ms] GC(3450)   Post Evacuate Collection Set: 2.3ms
[2023-12-20T09:01:07.781-0800][56218226ms] GC(3450)   Other: 0.3ms
[2023-12-20T09:01:07.781-0800][56218226ms] GC(3450) Eden regions: 754->0(753)
[2023-12-20T09:01:07.781-0800][56218226ms] GC(3450) Survivor regions: 29->30(98)
[2023-12-20T09:01:07.781-0800][56218226ms] GC(3450) Old regions: 188->188
[2023-12-20T09:01:07.781-0800][56218226ms] GC(3450) Humongous regions: 5->5
[2023-12-20T09:01:07.781-0800][56218226ms] GC(3450) Metaspace: 256573K->256573K(1294336K)
[2023-12-20T09:01:07.781-0800][56218226ms] GC(3450) Pause Young (Normal) (G1 Evacuation Pause) 1950M->443M(2612M) 27.414ms
[2023-12-20T09:01:07.781-0800][56218226ms] GC(3450) User=0.05s Sys=0.00s Real=0.03s
[2023-12-20T09:01:08.819-0800][56219264ms] GC(3451) Pause Young (Normal) (GCLocker Initiated GC)
[2023-12-20T09:01:08.819-0800][56219264ms] GC(3451) Using 10 workers of 10 for evacuation
[2023-12-20T09:01:08.849-0800][56219294ms] GC(3451)   Pre Evacuate Collection Set: 0.0ms
[2023-12-20T09:01:08.849-0800][56219294ms] GC(3451)   Evacuate Collection Set: 26.1ms
[2023-12-20T09:01:08.849-0800][56219294ms] GC(3451)   Post Evacuate Collection Set: 2.6ms
[2023-12-20T09:01:08.849-0800][56219294ms] GC(3451)   Other: 0.4ms
[2023-12-20T09:01:08.849-0800][56219294ms] GC(3451) Eden regions: 754->0(753)
[2023-12-20T09:01:08.849-0800][56219294ms] GC(3451) Survivor regions: 30->30(98)
[2023-12-20T09:01:08.849-0800][56219294ms] GC(3451) Old regions: 188->188
[2023-12-20T09:01:08.849-0800][56219294ms] GC(3451) Humongous regions: 5->5
[2023-12-20T09:01:08.849-0800][56219294ms] GC(3451) Metaspace: 256573K->256573K(1294336K)
[2023-12-20T09:01:08.849-0800][56219294ms] GC(3451) Pause Young (Normal) (GCLocker Initiated GC) 1950M->444M(2612M) 29.272ms
[2023-12-20T09:01:08.849-0800][56219294ms] GC(3451) User=0.16s Sys=0.00s Real=0.03s
[2023-12-20T09:01:09.776-0800][56220221ms] GC(3452) Pause Young (Normal) (G1 Evacuation Pause)
[2023-12-20T09:01:09.776-0800][56220221ms] GC(3452) Using 10 workers of 10 for evacuation
[2023-12-20T09:01:09.805-0800][56220250ms] GC(3452)   Pre Evacuate Collection Set: 0.0ms
[2023-12-20T09:01:09.805-0800][56220250ms] GC(3452)   Evacuate Collection Set: 25.1ms
[2023-12-20T09:01:09.805-0800][56220250ms] GC(3452)   Post Evacuate Collection Set: 2.6ms
[2023-12-20T09:01:09.805-0800][56220250ms] GC(3452)   Other: 0.4ms
[2023-12-20T09:01:09.805-0800][56220250ms] GC(3452) Eden regions: 753->0(753)
[2023-12-20T09:01:09.805-0800][56220250ms] GC(3452) Survivor regions: 30->30(98)
[2023-12-20T09:01:09.805-0800][56220250ms] GC(3452) Old regions: 188->188
[2023-12-20T09:01:09.805-0800][56220250ms] GC(3452) Humongous regions: 5->5
[2023-12-20T09:01:09.805-0800][56220250ms] GC(3452) Metaspace: 256573K->256573K(1294336K)
[2023-12-20T09:01:09.805-0800][56220250ms] GC(3452) Pause Young (Normal) (G1 Evacuation Pause) 1950M->444M(2612M) 28.201ms
[2023-12-20T09:01:09.805-0800][56220250ms] GC(3452) User=0.11s Sys=0.00s Real=0.03s
[2023-12-20T09:01:10.651-0800][56221096ms] GC(3453) Pause Young (Normal) (G1 Evacuation Pause)
[2023-12-20T09:01:10.651-0800][56221096ms] GC(3453) Using 10 workers of 10 for evacuation
[2023-12-20T09:01:10.678-0800][56221123ms] GC(3453)   Pre Evacuate Collection Set: 0.0ms
[2023-12-20T09:01:10.678-0800][56221123ms] GC(3453)   Evacuate Collection Set: 24.4ms
[2023-12-20T09:01:10.678-0800][56221123ms] GC(3453)   Post Evacuate Collection Set: 2.3ms
[2023-12-20T09:01:10.678-0800][56221123ms] GC(3453)   Other: 0.4ms
[2023-12-20T09:01:10.678-0800][56221123ms] GC(3453) Eden regions: 753->0(753)
[2023-12-20T09:01:10.678-0800][56221123ms] GC(3453) Survivor regions: 30->30(98)
[2023-12-20T09:01:10.678-0800][56221123ms] GC(3453) Old regions: 188->188
[2023-12-20T09:01:10.679-0800][56221124ms] GC(3453) Humongous regions: 5->5
[2023-12-20T09:01:10.679-0800][56221124ms] GC(3453) Metaspace: 256573K->256573K(1294336K)
[2023-12-20T09:01:10.679-0800][56221124ms] GC(3453) Pause Young (Normal) (G1 Evacuation Pause) 1950M->444M(2612M) 27.212ms
[2023-12-20T09:01:10.679-0800][56221124ms] GC(3453) User=0.11s Sys=0.00s Real=0.03s
[2023-12-20T09:01:11.724-0800][56222169ms] GC(3454) Pause Young (Normal) (G1 Evacuation Pause)
[2023-12-20T09:01:11.724-0800][56222169ms] GC(3454) Using 10 workers of 10 for evacuation
[2023-12-20T09:01:11.754-0800][56222199ms] GC(3454)   Pre Evacuate Collection Set: 0.1ms
[2023-12-20T09:01:11.754-0800][56222199ms] GC(3454)   Evacuate Collection Set: 26.8ms
[2023-12-20T09:01:11.754-0800][56222199ms] GC(3454)   Post Evacuate Collection Set: 2.7ms
[2023-12-20T09:01:11.754-0800][56222199ms] GC(3454)   Other: 0.4ms
[2023-12-20T09:01:11.754-0800][56222199ms] GC(3454) Eden regions: 753->0(753)
[2023-12-20T09:01:11.754-0800][56222199ms] GC(3454) Survivor regions: 30->30(98)
[2023-12-20T09:01:11.754-0800][56222199ms] GC(3454) Old regions: 188->188
[2023-12-20T09:01:11.754-0800][56222199ms] GC(3454) Humongous regions: 5->5
[2023-12-20T09:01:11.754-0800][56222199ms] GC(3454) Metaspace: 256573K->256573K(1294336K)
[2023-12-20T09:01:11.754-0800][56222199ms] GC(3454) Pause Young (Normal) (G1 Evacuation Pause) 1950M->444M(2612M) 30.199ms
[2023-12-20T09:01:11.754-0800][56222199ms] GC(3454) User=0.17s Sys=0.00s Real=0.03s
[2023-12-20T09:01:12.684-0800][56223129ms] GC(3455) Pause Young (Normal) (G1 Evacuation Pause)
[2023-12-20T09:01:12.684-0800][56223129ms] GC(3455) Using 10 workers of 10 for evacuation
[2023-12-20T09:01:12.711-0800][56223156ms] GC(3455)   Pre Evacuate Collection Set: 0.0ms
[2023-12-20T09:01:12.711-0800][56223156ms] GC(3455)   Evacuate Collection Set: 24.2ms
[2023-12-20T09:01:12.711-0800][56223156ms] GC(3455)   Post Evacuate Collection Set: 2.3ms
[2023-12-20T09:01:12.711-0800][56223156ms] GC(3455)   Other: 0.3ms
[2023-12-20T09:01:12.711-0800][56223156ms] GC(3455) Eden regions: 753->0(753)
[2023-12-20T09:01:12.711-0800][56223156ms] GC(3455) Survivor regions: 30->30(98)
[2023-12-20T09:01:12.711-0800][56223156ms] GC(3455) Old regions: 188->188
[2023-12-20T09:01:12.711-0800][56223156ms] GC(3455) Humongous regions: 5->5
[2023-12-20T09:01:12.711-0800][56223156ms] GC(3455) Metaspace: 256573K->256573K(1294336K)
[2023-12-20T09:01:12.711-0800][56223156ms] GC(3455) Pause Young (Normal) (G1 Evacuation Pause) 1950M->443M(2612M) 26.971ms
[2023-12-20T09:01:12.711-0800][56223156ms] GC(3455) User=0.11s Sys=0.00s Real=0.03s
[2023-12-20T09:01:13.534-0800][56223979ms] GC(3456) Pause Young (Normal) (G1 Evacuation Pause)
[2023-12-20T09:01:13.534-0800][56223979ms] GC(3456) Using 10 workers of 10 for evacuation
[2023-12-20T09:01:13.561-0800][56224006ms] GC(3456)   Pre Evacuate Collection Set: 0.0ms
[2023-12-20T09:01:13.561-0800][56224006ms] GC(3456)   Evacuate Collection Set: 24.9ms
[2023-12-20T09:01:13.561-0800][56224006ms] GC(3456)   Post Evacuate Collection Set: 2.3ms
[2023-12-20T09:01:13.561-0800][56224006ms] GC(3456)   Other: 0.4ms
[2023-12-20T09:01:13.561-0800][56224006ms] GC(3456) Eden regions: 753->0(753)
[2023-12-20T09:01:13.561-0800][56224006ms] GC(3456) Survivor regions: 30->30(98)
[2023-12-20T09:01:13.561-0800][56224006ms] GC(3456) Old regions: 188->188
[2023-12-20T09:01:13.561-0800][56224006ms] GC(3456) Humongous regions: 5->5
[2023-12-20T09:01:13.561-0800][56224006ms] GC(3456) Metaspace: 256573K->256573K(1294336K)
[2023-12-20T09:01:13.561-0800][56224006ms] GC(3456) Pause Young (Normal) (G1 Evacuation Pause) 1949M->444M(2612M) 27.774ms
[2023-12-20T09:01:13.561-0800][56224006ms] GC(3456) User=0.11s Sys=0.00s Real=0.03s
[2023-12-20T09:01:14.357-0800][56224802ms] GC(3457) Pause Young (Normal) (G1 Evacuation Pause)
[2023-12-20T09:01:14.357-0800][56224802ms] GC(3457) Using 10 workers of 10 for evacuation
[2023-12-20T09:01:14.383-0800][56224828ms] GC(3457)   Pre Evacuate Collection Set: 0.0ms
[2023-12-20T09:01:14.383-0800][56224828ms] GC(3457)   Evacuate Collection Set: 24.2ms
[2023-12-20T09:01:14.383-0800][56224828ms] GC(3457)   Post Evacuate Collection Set: 2.4ms
[2023-12-20T09:01:14.383-0800][56224828ms] GC(3457)   Other: 0.4ms
[2023-12-20T09:01:14.383-0800][56224828ms] GC(3457) Eden regions: 753->0(752)
[2023-12-20T09:01:14.383-0800][56224828ms] GC(3457) Survivor regions: 30->31(98)
[2023-12-20T09:01:14.383-0800][56224828ms] GC(3457) Old regions: 188->188
[2023-12-20T09:01:14.383-0800][56224828ms] GC(3457) Humongous regions: 5->5
[2023-12-20T09:01:14.383-0800][56224828ms] GC(3457) Metaspace: 256573K->256573K(1294336K)
[2023-12-20T09:01:14.383-0800][56224828ms] GC(3457) Pause Young (Normal) (G1 Evacuation Pause) 1950M->445M(2612M) 27.168ms
[2023-12-20T09:01:14.383-0800][56224828ms] GC(3457) User=0.05s Sys=0.00s Real=0.03s
[2023-12-20T09:01:15.154-0800][56225599ms] GC(3458) Pause Young (Normal) (G1 Evacuation Pause)
[2023-12-20T09:01:15.154-0800][56225599ms] GC(3458) Using 10 workers of 10 for evacuation
[2023-12-20T09:01:15.180-0800][56225625ms] GC(3458)   Pre Evacuate Collection Set: 0.1ms
[2023-12-20T09:01:15.181-0800][56225626ms] GC(3458)   Evacuate Collection Set: 24.6ms
[2023-12-20T09:01:15.181-0800][56225626ms] GC(3458)   Post Evacuate Collection Set: 2.3ms
[2023-12-20T09:01:15.181-0800][56225626ms] GC(3458)   Other: 0.4ms
[2023-12-20T09:01:15.181-0800][56225626ms] GC(3458) Eden regions: 752->0(752)
[2023-12-20T09:01:15.181-0800][56225626ms] GC(3458) Survivor regions: 31->31(98)
[2023-12-20T09:01:15.181-0800][56225626ms] GC(3458) Old regions: 188->188
[2023-12-20T09:01:15.181-0800][56225626ms] GC(3458) Humongous regions: 5->5
[2023-12-20T09:01:15.181-0800][56225626ms] GC(3458) Metaspace: 256573K->256573K(1294336K)
[2023-12-20T09:01:15.181-0800][56225626ms] GC(3458) Pause Young (Normal) (G1 Evacuation Pause) 1949M->445M(2612M) 27.518ms
[2023-12-20T09:01:15.181-0800][56225626ms] GC(3458) User=0.06s Sys=0.00s Real=0.03s
[2023-12-20T09:01:16.052-0800][56226497ms] GC(3459) Pause Young (Normal) (G1 Evacuation Pause)
[2023-12-20T09:01:16.052-0800][56226497ms] GC(3459) Using 10 workers of 10 for evacuation
[2023-12-20T09:01:16.079-0800][56226524ms] GC(3459)   Pre Evacuate Collection Set: 0.0ms
[2023-12-20T09:01:16.079-0800][56226524ms] GC(3459)   Evacuate Collection Set: 24.6ms
[2023-12-20T09:01:16.079-0800][56226524ms] GC(3459)   Post Evacuate Collection Set: 2.4ms
[2023-12-20T09:01:16.079-0800][56226524ms] GC(3459)   Other: 0.4ms
[2023-12-20T09:01:16.079-0800][56226524ms] GC(3459) Eden regions: 752->0(752)
[2023-12-20T09:01:16.079-0800][56226524ms] GC(3459) Survivor regions: 31->31(98)
[2023-12-20T09:01:16.079-0800][56226524ms] GC(3459) Old regions: 188->188
[2023-12-20T09:01:16.079-0800][56226524ms] GC(3459) Humongous regions: 5->5
[2023-12-20T09:01:16.079-0800][56226524ms] GC(3459) Metaspace: 256573K->256573K(1294336K)
[2023-12-20T09:01:16.079-0800][56226524ms] GC(3459) Pause Young (Normal) (G1 Evacuation Pause) 1949M->445M(2612M) 27.534ms
[2023-12-20T09:01:16.079-0800][56226524ms] GC(3459) User=0.09s Sys=0.00s Real=0.03s
[2023-12-20T09:01:17.047-0800][56227492ms] GC(3460) Pause Young (Normal) (G1 Evacuation Pause)
[2023-12-20T09:01:17.047-0800][56227492ms] GC(3460) Using 10 workers of 10 for evacuation
[2023-12-20T09:01:17.075-0800][56227520ms] GC(3460)   Pre Evacuate Collection Set: 0.0ms
[2023-12-20T09:01:17.075-0800][56227520ms] GC(3460)   Evacuate Collection Set: 25.0ms
[2023-12-20T09:01:17.075-0800][56227520ms] GC(3460)   Post Evacuate Collection Set: 2.4ms
[2023-12-20T09:01:17.075-0800][56227520ms] GC(3460)   Other: 0.4ms
[2023-12-20T09:01:17.075-0800][56227520ms] GC(3460) Eden regions: 752->0(751)
[2023-12-20T09:01:17.075-0800][56227520ms] GC(3460) Survivor regions: 31->32(98)
[2023-12-20T09:01:17.075-0800][56227520ms] GC(3460) Old regions: 188->188
[2023-12-20T09:01:17.075-0800][56227520ms] GC(3460) Humongous regions: 5->5
[2023-12-20T09:01:17.075-0800][56227520ms] GC(3460) Metaspace: 256573K->256573K(1294336K)
[2023-12-20T09:01:17.075-0800][56227520ms] GC(3460) Pause Young (Normal) (G1 Evacuation Pause) 1949M->447M(2612M) 27.912ms
[2023-12-20T09:01:17.076-0800][56227521ms] GC(3460) User=0.02s Sys=0.00s Real=0.03s
[2023-12-20T09:01:17.783-0800][56228228ms] GC(3461) Pause Young (Normal) (G1 Evacuation Pause)
[2023-12-20T09:01:17.783-0800][56228228ms] GC(3461) Using 10 workers of 10 for evacuation
[2023-12-20T09:01:17.811-0800][56228256ms] GC(3461)   Pre Evacuate Collection Set: 0.0ms
[2023-12-20T09:01:17.811-0800][56228256ms] GC(3461)   Evacuate Collection Set: 24.2ms
[2023-12-20T09:01:17.811-0800][56228256ms] GC(3461)   Post Evacuate Collection Set: 2.5ms
[2023-12-20T09:01:17.811-0800][56228256ms] GC(3461)   Other: 0.4ms
[2023-12-20T09:01:17.811-0800][56228256ms] GC(3461) Eden regions: 751->0(752)
[2023-12-20T09:01:17.811-0800][56228256ms] GC(3461) Survivor regions: 32->31(98)
[2023-12-20T09:01:17.811-0800][56228256ms] GC(3461) Old regions: 188->188
[2023-12-20T09:01:17.811-0800][56228256ms] GC(3461) Humongous regions: 5->5
[2023-12-20T09:01:17.811-0800][56228256ms] GC(3461) Metaspace: 256573K->256573K(1294336K)
[2023-12-20T09:01:17.811-0800][56228256ms] GC(3461) Pause Young (Normal) (G1 Evacuation Pause) 1949M->445M(2612M) 27.294ms
[2023-12-20T09:01:17.811-0800][56228256ms] GC(3461) User=0.06s Sys=0.00s Real=0.03s
[2023-12-20T09:01:18.469-0800][56228914ms] GC(3462) Pause Young (Normal) (G1 Evacuation Pause)
[2023-12-20T09:01:18.469-0800][56228914ms] GC(3462) Using 10 workers of 10 for evacuation
[2023-12-20T09:01:18.495-0800][56228940ms] GC(3462)   Pre Evacuate Collection Set: 0.0ms
[2023-12-20T09:01:18.495-0800][56228940ms] GC(3462)   Evacuate Collection Set: 23.4ms
[2023-12-20T09:01:18.495-0800][56228940ms] GC(3462)   Post Evacuate Collection Set: 2.5ms
[2023-12-20T09:01:18.495-0800][56228940ms] GC(3462)   Other: 0.4ms
[2023-12-20T09:01:18.495-0800][56228940ms] GC(3462) Eden regions: 752->0(752)
[2023-12-20T09:01:18.495-0800][56228940ms] GC(3462) Survivor regions: 31->31(98)
[2023-12-20T09:01:18.495-0800][56228940ms] GC(3462) Old regions: 188->188
[2023-12-20T09:01:18.495-0800][56228940ms] GC(3462) Humongous regions: 5->5
[2023-12-20T09:01:18.495-0800][56228940ms] GC(3462) Metaspace: 256573K->256573K(1294336K)
[2023-12-20T09:01:18.495-0800][56228940ms] GC(3462) Pause Young (Normal) (G1 Evacuation Pause) 1949M->445M(2612M) 26.438ms
[2023-12-20T09:01:18.495-0800][56228940ms] GC(3462) User=0.11s Sys=0.00s Real=0.03s
[2023-12-20T09:01:19.149-0800][56229594ms] GC(3463) Pause Young (Normal) (G1 Evacuation Pause)
[2023-12-20T09:01:19.149-0800][56229594ms] GC(3463) Using 10 workers of 10 for evacuation
[2023-12-20T09:01:19.175-0800][56229620ms] GC(3463)   Pre Evacuate Collection Set: 0.0ms
[2023-12-20T09:01:19.175-0800][56229620ms] GC(3463)   Evacuate Collection Set: 23.0ms
[2023-12-20T09:01:19.175-0800][56229620ms] GC(3463)   Post Evacuate Collection Set: 2.3ms
[2023-12-20T09:01:19.175-0800][56229620ms] GC(3463)   Other: 0.4ms
[2023-12-20T09:01:19.175-0800][56229620ms] GC(3463) Eden regions: 752->0(752)
[2023-12-20T09:01:19.175-0800][56229620ms] GC(3463) Survivor regions: 31->31(98)
[2023-12-20T09:01:19.175-0800][56229620ms] GC(3463) Old regions: 188->188
[2023-12-20T09:01:19.175-0800][56229620ms] GC(3463) Humongous regions: 5->5
[2023-12-20T09:01:19.175-0800][56229620ms] GC(3463) Metaspace: 256573K->256573K(1294336K)
[2023-12-20T09:01:19.175-0800][56229620ms] GC(3463) Pause Young (Normal) (G1 Evacuation Pause) 1949M->445M(2612M) 25.868ms
[2023-12-20T09:01:19.175-0800][56229620ms] GC(3463) User=0.05s Sys=0.00s Real=0.03s
[2023-12-20T09:01:19.910-0800][56230355ms] GC(3464) Pause Young (Normal) (G1 Evacuation Pause)
[2023-12-20T09:01:19.910-0800][56230355ms] GC(3464) Using 10 workers of 10 for evacuation
[2023-12-20T09:01:19.937-0800][56230382ms] GC(3464)   Pre Evacuate Collection Set: 0.0ms
[2023-12-20T09:01:19.937-0800][56230382ms] GC(3464)   Evacuate Collection Set: 24.2ms
[2023-12-20T09:01:19.937-0800][56230382ms] GC(3464)   Post Evacuate Collection Set: 2.4ms
[2023-12-20T09:01:19.937-0800][56230382ms] GC(3464)   Other: 0.4ms
[2023-12-20T09:01:19.937-0800][56230382ms] GC(3464) Eden regions: 752->0(752)
[2023-12-20T09:01:19.937-0800][56230382ms] GC(3464) Survivor regions: 31->31(98)
[2023-12-20T09:01:19.937-0800][56230382ms] GC(3464) Old regions: 188->188
[2023-12-20T09:01:19.937-0800][56230382ms] GC(3464) Humongous regions: 5->5
[2023-12-20T09:01:19.937-0800][56230382ms] GC(3464) Metaspace: 256573K->256573K(1294336K)
[2023-12-20T09:01:19.937-0800][56230382ms] GC(3464) Pause Young (Normal) (G1 Evacuation Pause) 1949M->446M(2612M) 27.185ms
[2023-12-20T09:01:19.937-0800][56230382ms] GC(3464) User=0.08s Sys=0.02s Real=0.03s
[2023-12-20T09:01:20.708-0800][56231153ms] GC(3465) Pause Young (Normal) (G1 Evacuation Pause)
[2023-12-20T09:01:20.708-0800][56231153ms] GC(3465) Using 10 workers of 10 for evacuation
[2023-12-20T09:01:20.740-0800][56231185ms] GC(3465)   Pre Evacuate Collection Set: 0.0ms
[2023-12-20T09:01:20.740-0800][56231185ms] GC(3465)   Evacuate Collection Set: 28.1ms
[2023-12-20T09:01:20.740-0800][56231185ms] GC(3465)   Post Evacuate Collection Set: 2.9ms
[2023-12-20T09:01:20.740-0800][56231185ms] GC(3465)   Other: 0.4ms
[2023-12-20T09:01:20.740-0800][56231185ms] GC(3465) Eden regions: 752->0(752)
[2023-12-20T09:01:20.740-0800][56231185ms] GC(3465) Survivor regions: 31->31(98)
[2023-12-20T09:01:20.740-0800][56231185ms] GC(3465) Old regions: 188->188
[2023-12-20T09:01:20.740-0800][56231185ms] GC(3465) Humongous regions: 5->5
[2023-12-20T09:01:20.740-0800][56231185ms] GC(3465) Metaspace: 256573K->256573K(1294336K)
[2023-12-20T09:01:20.740-0800][56231185ms] GC(3465) Pause Young (Normal) (G1 Evacuation Pause) 1950M->445M(2612M) 31.558ms
[2023-12-20T09:01:20.740-0800][56231185ms] GC(3465) User=0.13s Sys=0.00s Real=0.03s
[2023-12-20T09:01:21.463-0800][56231908ms] GC(3466) Pause Young (Normal) (G1 Evacuation Pause)
[2023-12-20T09:01:21.463-0800][56231908ms] GC(3466) Using 10 workers of 10 for evacuation
[2023-12-20T09:01:21.490-0800][56231935ms] GC(3466)   Pre Evacuate Collection Set: 0.0ms
[2023-12-20T09:01:21.490-0800][56231935ms] GC(3466)   Evacuate Collection Set: 24.1ms
[2023-12-20T09:01:21.490-0800][56231935ms] GC(3466)   Post Evacuate Collection Set: 2.7ms
[2023-12-20T09:01:21.490-0800][56231935ms] GC(3466)   Other: 0.3ms
[2023-12-20T09:01:21.490-0800][56231935ms] GC(3466) Eden regions: 752->0(752)
[2023-12-20T09:01:21.490-0800][56231935ms] GC(3466) Survivor regions: 31->31(98)
[2023-12-20T09:01:21.490-0800][56231935ms] GC(3466) Old regions: 188->188
[2023-12-20T09:01:21.490-0800][56231935ms] GC(3466) Humongous regions: 5->5
[2023-12-20T09:01:21.490-0800][56231935ms] GC(3466) Metaspace: 256573K->256573K(1294336K)
[2023-12-20T09:01:21.490-0800][56231935ms] GC(3466) Pause Young (Normal) (G1 Evacuation Pause) 1949M->445M(2612M) 27.244ms
[2023-12-20T09:01:21.490-0800][56231935ms] GC(3466) User=0.06s Sys=0.00s Real=0.03s
[2023-12-20T09:01:22.206-0800][56232651ms] GC(3467) Pause Young (Normal) (G1 Evacuation Pause)
[2023-12-20T09:01:22.206-0800][56232651ms] GC(3467) Using 10 workers of 10 for evacuation
[2023-12-20T09:01:22.233-0800][56232678ms] GC(3467)   Pre Evacuate Collection Set: 0.0ms
[2023-12-20T09:01:22.234-0800][56232679ms] GC(3467)   Evacuate Collection Set: 25.4ms
[2023-12-20T09:01:22.234-0800][56232679ms] GC(3467)   Post Evacuate Collection Set: 2.4ms
[2023-12-20T09:01:22.234-0800][56232679ms] GC(3467)   Other: 0.4ms
[2023-12-20T09:01:22.234-0800][56232679ms] GC(3467) Eden regions: 752->0(752)
[2023-12-20T09:01:22.234-0800][56232679ms] GC(3467) Survivor regions: 31->31(98)
[2023-12-20T09:01:22.234-0800][56232679ms] GC(3467) Old regions: 188->188
[2023-12-20T09:01:22.234-0800][56232679ms] GC(3467) Humongous regions: 5->5
[2023-12-20T09:01:22.234-0800][56232679ms] GC(3467) Metaspace: 256573K->256573K(1294336K)
[2023-12-20T09:01:22.234-0800][56232679ms] GC(3467) Pause Young (Normal) (G1 Evacuation Pause) 1949M->445M(2612M) 28.251ms
[2023-12-20T09:01:22.234-0800][56232679ms] GC(3467) User=0.08s Sys=0.00s Real=0.03s
[2023-12-20T09:01:23.024-0800][56233469ms] GC(3468) Pause Young (Normal) (G1 Evacuation Pause)
[2023-12-20T09:01:23.024-0800][56233469ms] GC(3468) Using 10 workers of 10 for evacuation
[2023-12-20T09:01:23.051-0800][56233496ms] GC(3468)   Pre Evacuate Collection Set: 0.0ms
[2023-12-20T09:01:23.051-0800][56233496ms] GC(3468)   Evacuate Collection Set: 24.6ms
[2023-12-20T09:01:23.051-0800][56233496ms] GC(3468)   Post Evacuate Collection Set: 2.4ms
[2023-12-20T09:01:23.051-0800][56233496ms] GC(3468)   Other: 0.4ms
[2023-12-20T09:01:23.051-0800][56233496ms] GC(3468) Eden regions: 752->0(752)
[2023-12-20T09:01:23.051-0800][56233496ms] GC(3468) Survivor regions: 31->31(98)
[2023-12-20T09:01:23.051-0800][56233496ms] GC(3468) Old regions: 188->188
[2023-12-20T09:01:23.051-0800][56233496ms] GC(3468) Humongous regions: 5->5
[2023-12-20T09:01:23.051-0800][56233496ms] GC(3468) Metaspace: 256573K->256573K(1294336K)
[2023-12-20T09:01:23.051-0800][56233496ms] GC(3468) Pause Young (Normal) (G1 Evacuation Pause) 1949M->446M(2612M) 27.502ms
[2023-12-20T09:01:23.051-0800][56233496ms] GC(3468) User=0.05s Sys=0.00s Real=0.03s
[2023-12-20T09:01:23.833-0800][56234278ms] GC(3469) Pause Young (Normal) (G1 Evacuation Pause)
[2023-12-20T09:01:23.833-0800][56234278ms] GC(3469) Using 10 workers of 10 for evacuation
[2023-12-20T09:01:23.859-0800][56234304ms] GC(3469)   Pre Evacuate Collection Set: 0.0ms
[2023-12-20T09:01:23.860-0800][56234305ms] GC(3469)   Evacuate Collection Set: 24.0ms
[2023-12-20T09:01:23.860-0800][56234305ms] GC(3469)   Post Evacuate Collection Set: 2.4ms
[2023-12-20T09:01:23.860-0800][56234305ms] GC(3469)   Other: 0.4ms
[2023-12-20T09:01:23.860-0800][56234305ms] GC(3469) Eden regions: 752->0(752)
[2023-12-20T09:01:23.860-0800][56234305ms] GC(3469) Survivor regions: 31->31(98)
[2023-12-20T09:01:23.860-0800][56234305ms] GC(3469) Old regions: 188->188
[2023-12-20T09:01:23.860-0800][56234305ms] GC(3469) Humongous regions: 5->5
[2023-12-20T09:01:23.860-0800][56234305ms] GC(3469) Metaspace: 256573K->256573K(1294336K)
[2023-12-20T09:01:23.860-0800][56234305ms] GC(3469) Pause Young (Normal) (G1 Evacuation Pause) 1950M->445M(2612M) 26.927ms
[2023-12-20T09:01:23.860-0800][56234305ms] GC(3469) User=0.11s Sys=0.00s Real=0.03s
[2023-12-20T09:01:24.626-0800][56235071ms] GC(3470) Pause Young (Normal) (G1 Evacuation Pause)
[2023-12-20T09:01:24.626-0800][56235071ms] GC(3470) Using 10 workers of 10 for evacuation
[2023-12-20T09:01:24.653-0800][56235098ms] GC(3470)   Pre Evacuate Collection Set: 0.0ms
[2023-12-20T09:01:24.653-0800][56235098ms] GC(3470)   Evacuate Collection Set: 24.3ms
[2023-12-20T09:01:24.653-0800][56235098ms] GC(3470)   Post Evacuate Collection Set: 2.5ms
[2023-12-20T09:01:24.653-0800][56235098ms] GC(3470)   Other: 0.4ms
[2023-12-20T09:01:24.653-0800][56235098ms] GC(3470) Eden regions: 752->0(752)
[2023-12-20T09:01:24.653-0800][56235098ms] GC(3470) Survivor regions: 31->31(98)
[2023-12-20T09:01:24.653-0800][56235098ms] GC(3470) Old regions: 188->188
[2023-12-20T09:01:24.653-0800][56235098ms] GC(3470) Humongous regions: 5->5
[2023-12-20T09:01:24.653-0800][56235098ms] GC(3470) Metaspace: 256573K->256573K(1294336K)
[2023-12-20T09:01:24.653-0800][56235098ms] GC(3470) Pause Young (Normal) (G1 Evacuation Pause) 1949M->446M(2612M) 27.302ms
[2023-12-20T09:01:24.653-0800][56235098ms] GC(3470) User=0.13s Sys=0.00s Real=0.03s
[2023-12-20T09:01:25.349-0800][56235794ms] GC(3471) Pause Young (Normal) (G1 Evacuation Pause)
[2023-12-20T09:01:25.349-0800][56235794ms] GC(3471) Using 10 workers of 10 for evacuation
[2023-12-20T09:01:25.378-0800][56235823ms] GC(3471)   Pre Evacuate Collection Set: 0.0ms
[2023-12-20T09:01:25.378-0800][56235823ms] GC(3471)   Evacuate Collection Set: 26.2ms
[2023-12-20T09:01:25.378-0800][56235823ms] GC(3471)   Post Evacuate Collection Set: 2.5ms
[2023-12-20T09:01:25.378-0800][56235823ms] GC(3471)   Other: 0.4ms
[2023-12-20T09:01:25.378-0800][56235823ms] GC(3471) Eden regions: 752->0(752)
[2023-12-20T09:01:25.378-0800][56235823ms] GC(3471) Survivor regions: 31->31(98)
[2023-12-20T09:01:25.378-0800][56235823ms] GC(3471) Old regions: 188->188
[2023-12-20T09:01:25.378-0800][56235823ms] GC(3471) Humongous regions: 5->5
[2023-12-20T09:01:25.378-0800][56235823ms] GC(3471) Metaspace: 256573K->256573K(1294336K)
[2023-12-20T09:01:25.378-0800][56235823ms] GC(3471) Pause Young (Normal) (G1 Evacuation Pause) 1950M->447M(2612M) 29.213ms
[2023-12-20T09:01:25.378-0800][56235823ms] GC(3471) User=0.13s Sys=0.00s Real=0.03s
[2023-12-20T09:01:26.023-0800][56236468ms] GC(3472) Pause Young (Normal) (G1 Evacuation Pause)
[2023-12-20T09:01:26.023-0800][56236468ms] GC(3472) Using 10 workers of 10 for evacuation
[2023-12-20T09:01:26.051-0800][56236496ms] GC(3472)   Pre Evacuate Collection Set: 0.0ms
[2023-12-20T09:01:26.051-0800][56236496ms] GC(3472)   Evacuate Collection Set: 25.3ms
[2023-12-20T09:01:26.051-0800][56236496ms] GC(3472)   Post Evacuate Collection Set: 2.9ms
[2023-12-20T09:01:26.051-0800][56236496ms] GC(3472)   Other: 0.4ms
[2023-12-20T09:01:26.051-0800][56236496ms] GC(3472) Eden regions: 752->0(753)
[2023-12-20T09:01:26.051-0800][56236496ms] GC(3472) Survivor regions: 31->30(98)
[2023-12-20T09:01:26.051-0800][56236496ms] GC(3472) Old regions: 188->188
[2023-12-20T09:01:26.051-0800][56236496ms] GC(3472) Humongous regions: 5->5
[2023-12-20T09:01:26.051-0800][56236496ms] GC(3472) Metaspace: 256573K->256573K(1294336K)
[2023-12-20T09:01:26.051-0800][56236496ms] GC(3472) Pause Young (Normal) (G1 Evacuation Pause) 1951M->445M(2612M) 28.749ms
[2023-12-20T09:01:26.051-0800][56236496ms] GC(3472) User=0.13s Sys=0.00s Real=0.03s
[2023-12-20T09:01:26.665-0800][56237110ms] GC(3473) Pause Young (Normal) (G1 Evacuation Pause)
[2023-12-20T09:01:26.665-0800][56237110ms] GC(3473) Using 10 workers of 10 for evacuation
[2023-12-20T09:01:26.692-0800][56237137ms] GC(3473)   Pre Evacuate Collection Set: 0.0ms
[2023-12-20T09:01:26.692-0800][56237137ms] GC(3473)   Evacuate Collection Set: 23.3ms
[2023-12-20T09:01:26.692-0800][56237137ms] GC(3473)   Post Evacuate Collection Set: 2.4ms
[2023-12-20T09:01:26.692-0800][56237137ms] GC(3473)   Other: 0.5ms
[2023-12-20T09:01:26.692-0800][56237137ms] GC(3473) Eden regions: 753->0(753)
[2023-12-20T09:01:26.692-0800][56237137ms] GC(3473) Survivor regions: 30->30(98)
[2023-12-20T09:01:26.692-0800][56237137ms] GC(3473) Old regions: 188->188
[2023-12-20T09:01:26.692-0800][56237137ms] GC(3473) Humongous regions: 5->5
[2023-12-20T09:01:26.692-0800][56237137ms] GC(3473) Metaspace: 256573K->256573K(1294336K)
[2023-12-20T09:01:26.692-0800][56237137ms] GC(3473) Pause Young (Normal) (G1 Evacuation Pause) 1951M->445M(2612M) 26.408ms
[2023-12-20T09:01:26.692-0800][56237137ms] GC(3473) User=0.08s Sys=0.00s Real=0.03s
[2023-12-20T09:01:27.262-0800][56237707ms] GC(3474) Pause Young (Normal) (G1 Evacuation Pause)
[2023-12-20T09:01:27.262-0800][56237707ms] GC(3474) Using 10 workers of 10 for evacuation
[2023-12-20T09:01:27.288-0800][56237733ms] GC(3474)   Pre Evacuate Collection Set: 0.0ms
[2023-12-20T09:01:27.288-0800][56237733ms] GC(3474)   Evacuate Collection Set: 23.5ms
[2023-12-20T09:01:27.288-0800][56237733ms] GC(3474)   Post Evacuate Collection Set: 2.5ms
[2023-12-20T09:01:27.288-0800][56237733ms] GC(3474)   Other: 0.4ms
[2023-12-20T09:01:27.288-0800][56237733ms] GC(3474) Eden regions: 753->0(752)
[2023-12-20T09:01:27.288-0800][56237733ms] GC(3474) Survivor regions: 30->31(98)
[2023-12-20T09:01:27.288-0800][56237733ms] GC(3474) Old regions: 188->188
[2023-12-20T09:01:27.288-0800][56237733ms] GC(3474) Humongous regions: 5->5
[2023-12-20T09:01:27.288-0800][56237733ms] GC(3474) Metaspace: 256573K->256573K(1294336K)
[2023-12-20T09:01:27.288-0800][56237733ms] GC(3474) Pause Young (Normal) (G1 Evacuation Pause) 1951M->447M(2612M) 26.531ms
[2023-12-20T09:01:27.288-0800][56237733ms] GC(3474) User=0.08s Sys=0.00s Real=0.03s
[2023-12-20T09:01:27.977-0800][56238422ms] GC(3475) Pause Young (Normal) (G1 Evacuation Pause)
[2023-12-20T09:01:27.977-0800][56238422ms] GC(3475) Using 10 workers of 10 for evacuation
[2023-12-20T09:01:28.003-0800][56238448ms] GC(3475)   Pre Evacuate Collection Set: 0.0ms
[2023-12-20T09:01:28.003-0800][56238448ms] GC(3475)   Evacuate Collection Set: 24.0ms
[2023-12-20T09:01:28.003-0800][56238448ms] GC(3475)   Post Evacuate Collection Set: 2.5ms
[2023-12-20T09:01:28.003-0800][56238448ms] GC(3475)   Other: 0.3ms
[2023-12-20T09:01:28.003-0800][56238448ms] GC(3475) Eden regions: 752->0(752)
[2023-12-20T09:01:28.003-0800][56238448ms] GC(3475) Survivor regions: 31->31(98)
[2023-12-20T09:01:28.003-0800][56238448ms] GC(3475) Old regions: 188->188
[2023-12-20T09:01:28.003-0800][56238448ms] GC(3475) Humongous regions: 5->5
[2023-12-20T09:01:28.003-0800][56238448ms] GC(3475) Metaspace: 256573K->256573K(1294336K)
[2023-12-20T09:01:28.003-0800][56238448ms] GC(3475) Pause Young (Normal) (G1 Evacuation Pause) 1951M->447M(2612M) 26.991ms
[2023-12-20T09:01:28.003-0800][56238448ms] GC(3475) User=0.08s Sys=0.00s Real=0.03s
[2023-12-20T09:01:28.713-0800][56239158ms] GC(3476) Pause Young (Normal) (G1 Evacuation Pause)
[2023-12-20T09:01:28.713-0800][56239158ms] GC(3476) Using 10 workers of 10 for evacuation
[2023-12-20T09:01:28.742-0800][56239187ms] GC(3476)   Pre Evacuate Collection Set: 0.0ms
[2023-12-20T09:01:28.742-0800][56239187ms] GC(3476)   Evacuate Collection Set: 26.3ms
[2023-12-20T09:01:28.742-0800][56239187ms] GC(3476)   Post Evacuate Collection Set: 2.9ms
[2023-12-20T09:01:28.742-0800][56239187ms] GC(3476)   Other: 0.4ms
[2023-12-20T09:01:28.742-0800][56239187ms] GC(3476) Eden regions: 752->0(753)
[2023-12-20T09:01:28.742-0800][56239187ms] GC(3476) Survivor regions: 31->30(98)
[2023-12-20T09:01:28.742-0800][56239187ms] GC(3476) Old regions: 188->188
[2023-12-20T09:01:28.742-0800][56239187ms] GC(3476) Humongous regions: 5->5
[2023-12-20T09:01:28.742-0800][56239187ms] GC(3476) Metaspace: 256573K->256573K(1294336K)
[2023-12-20T09:01:28.742-0800][56239187ms] GC(3476) Pause Young (Normal) (G1 Evacuation Pause) 1951M->445M(2612M) 29.940ms
[2023-12-20T09:01:28.742-0800][56239187ms] GC(3476) User=0.14s Sys=0.00s Real=0.03s
[2023-12-20T09:01:29.283-0800][56239728ms] GC(3477) Pause Young (Normal) (G1 Evacuation Pause)
[2023-12-20T09:01:29.283-0800][56239728ms] GC(3477) Using 10 workers of 10 for evacuation
[2023-12-20T09:01:29.309-0800][56239754ms] GC(3477)   Pre Evacuate Collection Set: 0.0ms
[2023-12-20T09:01:29.309-0800][56239754ms] GC(3477)   Evacuate Collection Set: 23.2ms
[2023-12-20T09:01:29.309-0800][56239754ms] GC(3477)   Post Evacuate Collection Set: 2.5ms
[2023-12-20T09:01:29.309-0800][56239754ms] GC(3477)   Other: 0.4ms
[2023-12-20T09:01:29.309-0800][56239754ms] GC(3477) Eden regions: 753->0(753)
[2023-12-20T09:01:29.309-0800][56239754ms] GC(3477) Survivor regions: 30->30(98)
[2023-12-20T09:01:29.309-0800][56239754ms] GC(3477) Old regions: 188->188
[2023-12-20T09:01:29.309-0800][56239754ms] GC(3477) Humongous regions: 5->5
[2023-12-20T09:01:29.309-0800][56239754ms] GC(3477) Metaspace: 256573K->256573K(1294336K)
[2023-12-20T09:01:29.309-0800][56239754ms] GC(3477) Pause Young (Normal) (G1 Evacuation Pause) 1951M->445M(2612M) 26.204ms
[2023-12-20T09:01:29.309-0800][56239754ms] GC(3477) User=0.11s Sys=0.00s Real=0.03s
[2023-12-20T09:01:29.982-0800][56240427ms] GC(3478) Pause Young (Normal) (G1 Evacuation Pause)
[2023-12-20T09:01:29.982-0800][56240427ms] GC(3478) Using 10 workers of 10 for evacuation
[2023-12-20T09:01:30.009-0800][56240454ms] GC(3478)   Pre Evacuate Collection Set: 0.1ms
[2023-12-20T09:01:30.009-0800][56240454ms] GC(3478)   Evacuate Collection Set: 23.6ms
[2023-12-20T09:01:30.009-0800][56240454ms] GC(3478)   Post Evacuate Collection Set: 2.4ms
[2023-12-20T09:01:30.009-0800][56240454ms] GC(3478)   Other: 0.4ms
[2023-12-20T09:01:30.009-0800][56240454ms] GC(3478) Eden regions: 753->0(752)
[2023-12-20T09:01:30.009-0800][56240454ms] GC(3478) Survivor regions: 30->31(98)
[2023-12-20T09:01:30.009-0800][56240454ms] GC(3478) Old regions: 188->188
[2023-12-20T09:01:30.009-0800][56240454ms] GC(3478) Humongous regions: 5->5
[2023-12-20T09:01:30.009-0800][56240454ms] GC(3478) Metaspace: 256573K->256573K(1294336K)
[2023-12-20T09:01:30.009-0800][56240454ms] GC(3478) Pause Young (Normal) (G1 Evacuation Pause) 1951M->447M(2612M) 26.701ms
[2023-12-20T09:01:30.009-0800][56240454ms] GC(3478) User=0.08s Sys=0.00s Real=0.03s
[2023-12-20T09:01:30.940-0800][56241385ms] GC(3479) Pause Young (Normal) (G1 Evacuation Pause)
[2023-12-20T09:01:30.940-0800][56241385ms] GC(3479) Using 10 workers of 10 for evacuation
[2023-12-20T09:01:30.968-0800][56241413ms] GC(3479)   Pre Evacuate Collection Set: 0.1ms
[2023-12-20T09:01:30.968-0800][56241413ms] GC(3479)   Evacuate Collection Set: 25.0ms
[2023-12-20T09:01:30.968-0800][56241413ms] GC(3479)   Post Evacuate Collection Set: 2.6ms
[2023-12-20T09:01:30.968-0800][56241413ms] GC(3479)   Other: 0.4ms
[2023-12-20T09:01:30.968-0800][56241413ms] GC(3479) Eden regions: 752->0(753)
[2023-12-20T09:01:30.968-0800][56241413ms] GC(3479) Survivor regions: 31->30(98)
[2023-12-20T09:01:30.968-0800][56241413ms] GC(3479) Old regions: 188->188
[2023-12-20T09:01:30.968-0800][56241413ms] GC(3479) Humongous regions: 5->5
[2023-12-20T09:01:30.968-0800][56241413ms] GC(3479) Metaspace: 256573K->256573K(1294336K)
[2023-12-20T09:01:30.968-0800][56241413ms] GC(3479) Pause Young (Normal) (G1 Evacuation Pause) 1951M->445M(2612M) 28.166ms
[2023-12-20T09:01:30.968-0800][56241413ms] GC(3479) User=0.06s Sys=0.00s Real=0.03s
[2023-12-20T09:01:31.838-0800][56242283ms] GC(3480) Pause Young (Normal) (G1 Evacuation Pause)
[2023-12-20T09:01:31.838-0800][56242283ms] GC(3480) Using 10 workers of 10 for evacuation
[2023-12-20T09:01:31.865-0800][56242310ms] GC(3480)   Pre Evacuate Collection Set: 0.0ms
[2023-12-20T09:01:31.865-0800][56242310ms] GC(3480)   Evacuate Collection Set: 24.6ms
[2023-12-20T09:01:31.865-0800][56242310ms] GC(3480)   Post Evacuate Collection Set: 2.3ms
[2023-12-20T09:01:31.865-0800][56242310ms] GC(3480)   Other: 0.4ms
[2023-12-20T09:01:31.865-0800][56242310ms] GC(3480) Eden regions: 753->0(753)
[2023-12-20T09:01:31.865-0800][56242310ms] GC(3480) Survivor regions: 30->30(98)
[2023-12-20T09:01:31.865-0800][56242310ms] GC(3480) Old regions: 188->188
[2023-12-20T09:01:31.865-0800][56242310ms] GC(3480) Humongous regions: 5->5
[2023-12-20T09:01:31.865-0800][56242310ms] GC(3480) Metaspace: 256573K->256573K(1294336K)
[2023-12-20T09:01:31.865-0800][56242310ms] GC(3480) Pause Young (Normal) (G1 Evacuation Pause) 1951M->445M(2612M) 27.381ms
[2023-12-20T09:01:31.865-0800][56242310ms] GC(3480) User=0.11s Sys=0.00s Real=0.03s
[2023-12-20T09:01:32.677-0800][56243122ms] GC(3481) Pause Young (Normal) (G1 Evacuation Pause)
[2023-12-20T09:01:32.677-0800][56243122ms] GC(3481) Using 10 workers of 10 for evacuation
[2023-12-20T09:01:32.706-0800][56243151ms] GC(3481)   Pre Evacuate Collection Set: 0.1ms
[2023-12-20T09:01:32.706-0800][56243151ms] GC(3481)   Evacuate Collection Set: 25.5ms
[2023-12-20T09:01:32.706-0800][56243151ms] GC(3481)   Post Evacuate Collection Set: 3.1ms
[2023-12-20T09:01:32.706-0800][56243151ms] GC(3481)   Other: 0.4ms
[2023-12-20T09:01:32.706-0800][56243151ms] GC(3481) Eden regions: 753->0(753)
[2023-12-20T09:01:32.706-0800][56243151ms] GC(3481) Survivor regions: 30->30(98)
[2023-12-20T09:01:32.706-0800][56243151ms] GC(3481) Old regions: 188->188
[2023-12-20T09:01:32.706-0800][56243151ms] GC(3481) Humongous regions: 5->5
[2023-12-20T09:01:32.706-0800][56243151ms] GC(3481) Metaspace: 256573K->256573K(1294336K)
[2023-12-20T09:01:32.706-0800][56243151ms] GC(3481) Pause Young (Normal) (G1 Evacuation Pause) 1951M->445M(2612M) 29.268ms
[2023-12-20T09:01:32.706-0800][56243151ms] GC(3481) User=0.13s Sys=0.00s Real=0.03s
[2023-12-20T09:01:33.522-0800][56243967ms] GC(3482) Pause Young (Normal) (G1 Evacuation Pause)
[2023-12-20T09:01:33.522-0800][56243967ms] GC(3482) Using 10 workers of 10 for evacuation
[2023-12-20T09:01:33.552-0800][56243997ms] GC(3482)   Pre Evacuate Collection Set: 0.0ms
[2023-12-20T09:01:33.552-0800][56243997ms] GC(3482)   Evacuate Collection Set: 27.2ms
[2023-12-20T09:01:33.552-0800][56243997ms] GC(3482)   Post Evacuate Collection Set: 2.4ms
[2023-12-20T09:01:33.552-0800][56243997ms] GC(3482)   Other: 0.4ms
[2023-12-20T09:01:33.552-0800][56243997ms] GC(3482) Eden regions: 753->0(753)
[2023-12-20T09:01:33.552-0800][56243997ms] GC(3482) Survivor regions: 30->30(98)
[2023-12-20T09:01:33.552-0800][56243997ms] GC(3482) Old regions: 188->188
[2023-12-20T09:01:33.552-0800][56243997ms] GC(3482) Humongous regions: 5->5
[2023-12-20T09:01:33.552-0800][56243997ms] GC(3482) Metaspace: 256573K->256573K(1294336K)
[2023-12-20T09:01:33.552-0800][56243997ms] GC(3482) Pause Young (Normal) (G1 Evacuation Pause) 1951M->445M(2612M) 30.207ms
[2023-12-20T09:01:33.552-0800][56243997ms] GC(3482) User=0.16s Sys=0.00s Real=0.03s
[2023-12-20T09:01:34.502-0800][56244947ms] GC(3483) Pause Young (Normal) (G1 Evacuation Pause)
[2023-12-20T09:01:34.503-0800][56244948ms] GC(3483) Using 10 workers of 10 for evacuation
[2023-12-20T09:01:34.529-0800][56244974ms] GC(3483)   Pre Evacuate Collection Set: 0.0ms
[2023-12-20T09:01:34.529-0800][56244974ms] GC(3483)   Evacuate Collection Set: 24.6ms
[2023-12-20T09:01:34.529-0800][56244974ms] GC(3483)   Post Evacuate Collection Set: 2.2ms
[2023-12-20T09:01:34.529-0800][56244974ms] GC(3483)   Other: 0.4ms
[2023-12-20T09:01:34.529-0800][56244974ms] GC(3483) Eden regions: 753->0(752)
[2023-12-20T09:01:34.529-0800][56244974ms] GC(3483) Survivor regions: 30->31(98)
[2023-12-20T09:01:34.529-0800][56244974ms] GC(3483) Old regions: 188->188
[2023-12-20T09:01:34.529-0800][56244974ms] GC(3483) Humongous regions: 5->5
[2023-12-20T09:01:34.529-0800][56244974ms] GC(3483) Metaspace: 256573K->256573K(1294336K)
[2023-12-20T09:01:34.529-0800][56244974ms] GC(3483) Pause Young (Normal) (G1 Evacuation Pause) 1951M->447M(2612M) 27.307ms
[2023-12-20T09:01:34.529-0800][56244974ms] GC(3483) User=0.09s Sys=0.00s Real=0.03s
[2023-12-20T09:01:35.416-0800][56245861ms] GC(3484) Pause Young (Normal) (G1 Evacuation Pause)
[2023-12-20T09:01:35.416-0800][56245861ms] GC(3484) Using 10 workers of 10 for evacuation
[2023-12-20T09:01:35.444-0800][56245889ms] GC(3484)   Pre Evacuate Collection Set: 0.0ms
[2023-12-20T09:01:35.444-0800][56245889ms] GC(3484)   Evacuate Collection Set: 24.7ms
[2023-12-20T09:01:35.444-0800][56245889ms] GC(3484)   Post Evacuate Collection Set: 2.6ms
[2023-12-20T09:01:35.444-0800][56245889ms] GC(3484)   Other: 0.4ms
[2023-12-20T09:01:35.444-0800][56245889ms] GC(3484) Eden regions: 752->0(752)
[2023-12-20T09:01:35.444-0800][56245889ms] GC(3484) Survivor regions: 31->31(98)
[2023-12-20T09:01:35.444-0800][56245889ms] GC(3484) Old regions: 188->188
[2023-12-20T09:01:35.444-0800][56245889ms] GC(3484) Humongous regions: 5->5
[2023-12-20T09:01:35.444-0800][56245889ms] GC(3484) Metaspace: 256573K->256573K(1294336K)
[2023-12-20T09:01:35.444-0800][56245889ms] GC(3484) Pause Young (Normal) (G1 Evacuation Pause) 1951M->446M(2612M) 27.905ms
[2023-12-20T09:01:35.444-0800][56245889ms] GC(3484) User=0.08s Sys=0.00s Real=0.03s
[2023-12-20T09:01:36.172-0800][56246617ms] GC(3485) Pause Young (Normal) (G1 Evacuation Pause)
[2023-12-20T09:01:36.172-0800][56246617ms] GC(3485) Using 10 workers of 10 for evacuation
[2023-12-20T09:01:36.198-0800][56246643ms] GC(3485)   Pre Evacuate Collection Set: 0.0ms
[2023-12-20T09:01:36.198-0800][56246643ms] GC(3485)   Evacuate Collection Set: 24.0ms
[2023-12-20T09:01:36.198-0800][56246643ms] GC(3485)   Post Evacuate Collection Set: 2.5ms
[2023-12-20T09:01:36.198-0800][56246643ms] GC(3485)   Other: 0.4ms
[2023-12-20T09:01:36.198-0800][56246644ms] GC(3485) Eden regions: 752->0(752)
[2023-12-20T09:01:36.199-0800][56246644ms] GC(3485) Survivor regions: 31->31(98)
[2023-12-20T09:01:36.199-0800][56246644ms] GC(3485) Old regions: 188->188
[2023-12-20T09:01:36.199-0800][56246644ms] GC(3485) Humongous regions: 5->5
[2023-12-20T09:01:36.199-0800][56246644ms] GC(3485) Metaspace: 256573K->256573K(1294336K)
[2023-12-20T09:01:36.199-0800][56246644ms] GC(3485) Pause Young (Normal) (G1 Evacuation Pause) 1950M->446M(2612M) 26.984ms
[2023-12-20T09:01:36.199-0800][56246644ms] GC(3485) User=0.09s Sys=0.00s Real=0.03s
[2023-12-20T09:01:37.034-0800][56247479ms] GC(3486) Pause Young (Normal) (G1 Evacuation Pause)
[2023-12-20T09:01:37.034-0800][56247479ms] GC(3486) Using 10 workers of 10 for evacuation
[2023-12-20T09:01:37.064-0800][56247509ms] GC(3486)   Pre Evacuate Collection Set: 0.0ms
[2023-12-20T09:01:37.064-0800][56247509ms] GC(3486)   Evacuate Collection Set: 25.6ms
[2023-12-20T09:01:37.064-0800][56247509ms] GC(3486)   Post Evacuate Collection Set: 4.8ms
[2023-12-20T09:01:37.064-0800][56247509ms] GC(3486)   Other: 0.4ms
[2023-12-20T09:01:37.064-0800][56247509ms] GC(3486) Eden regions: 752->0(753)
[2023-12-20T09:01:37.064-0800][56247509ms] GC(3486) Survivor regions: 31->30(98)
[2023-12-20T09:01:37.064-0800][56247509ms] GC(3486) Old regions: 188->188
[2023-12-20T09:01:37.064-0800][56247509ms] GC(3486) Humongous regions: 5->5
[2023-12-20T09:01:37.064-0800][56247509ms] GC(3486) Metaspace: 256573K->256573K(1294336K)
[2023-12-20T09:01:37.064-0800][56247509ms] GC(3486) Pause Young (Normal) (G1 Evacuation Pause) 1950M->445M(2612M) 31.020ms
[2023-12-20T09:01:37.065-0800][56247510ms] GC(3486) User=0.13s Sys=0.00s Real=0.03s
[2023-12-20T09:01:37.930-0800][56248375ms] GC(3487) Pause Young (Normal) (G1 Evacuation Pause)
[2023-12-20T09:01:37.930-0800][56248375ms] GC(3487) Using 10 workers of 10 for evacuation
[2023-12-20T09:01:37.963-0800][56248408ms] GC(3487)   Pre Evacuate Collection Set: 0.0ms
[2023-12-20T09:01:37.963-0800][56248408ms] GC(3487)   Evacuate Collection Set: 30.2ms
[2023-12-20T09:01:37.963-0800][56248408ms] GC(3487)   Post Evacuate Collection Set: 2.6ms
[2023-12-20T09:01:37.963-0800][56248408ms] GC(3487)   Other: 0.4ms
[2023-12-20T09:01:37.963-0800][56248408ms] GC(3487) Eden regions: 753->0(753)
[2023-12-20T09:01:37.963-0800][56248408ms] GC(3487) Survivor regions: 30->30(98)
[2023-12-20T09:01:37.963-0800][56248408ms] GC(3487) Old regions: 188->188
[2023-12-20T09:01:37.963-0800][56248408ms] GC(3487) Humongous regions: 5->5
[2023-12-20T09:01:37.963-0800][56248408ms] GC(3487) Metaspace: 256573K->256573K(1294336K)
[2023-12-20T09:01:37.963-0800][56248408ms] GC(3487) Pause Young (Normal) (G1 Evacuation Pause) 1951M->445M(2612M) 33.262ms
[2023-12-20T09:01:37.963-0800][56248408ms] GC(3487) User=0.14s Sys=0.00s Real=0.03s
[2023-12-20T09:01:38.804-0800][56249249ms] GC(3488) Pause Young (Normal) (G1 Evacuation Pause)
[2023-12-20T09:01:38.804-0800][56249249ms] GC(3488) Using 10 workers of 10 for evacuation
[2023-12-20T09:01:38.831-0800][56249276ms] GC(3488)   Pre Evacuate Collection Set: 0.0ms
[2023-12-20T09:01:38.831-0800][56249276ms] GC(3488)   Evacuate Collection Set: 24.7ms
[2023-12-20T09:01:38.831-0800][56249276ms] GC(3488)   Post Evacuate Collection Set: 2.4ms
[2023-12-20T09:01:38.831-0800][56249276ms] GC(3488)   Other: 0.4ms
[2023-12-20T09:01:38.831-0800][56249276ms] GC(3488) Eden regions: 753->0(752)
[2023-12-20T09:01:38.831-0800][56249276ms] GC(3488) Survivor regions: 30->31(98)
[2023-12-20T09:01:38.831-0800][56249276ms] GC(3488) Old regions: 188->188
[2023-12-20T09:01:38.831-0800][56249276ms] GC(3488) Humongous regions: 5->5
[2023-12-20T09:01:38.831-0800][56249276ms] GC(3488) Metaspace: 256573K->256573K(1294336K)
[2023-12-20T09:01:38.831-0800][56249276ms] GC(3488) Pause Young (Normal) (G1 Evacuation Pause) 1951M->446M(2612M) 27.607ms
[2023-12-20T09:01:38.831-0800][56249276ms] GC(3488) User=0.14s Sys=0.00s Real=0.03s
[2023-12-20T09:01:39.653-0800][56250098ms] GC(3489) Pause Young (Normal) (G1 Evacuation Pause)
[2023-12-20T09:01:39.653-0800][56250098ms] GC(3489) Using 10 workers of 10 for evacuation
[2023-12-20T09:01:39.681-0800][56250126ms] GC(3489)   Pre Evacuate Collection Set: 0.1ms
[2023-12-20T09:01:39.681-0800][56250126ms] GC(3489)   Evacuate Collection Set: 24.6ms
[2023-12-20T09:01:39.681-0800][56250126ms] GC(3489)   Post Evacuate Collection Set: 2.7ms
[2023-12-20T09:01:39.681-0800][56250126ms] GC(3489)   Other: 0.4ms
[2023-12-20T09:01:39.681-0800][56250126ms] GC(3489) Eden regions: 752->0(753)
[2023-12-20T09:01:39.681-0800][56250126ms] GC(3489) Survivor regions: 31->30(98)
[2023-12-20T09:01:39.681-0800][56250126ms] GC(3489) Old regions: 188->188
[2023-12-20T09:01:39.681-0800][56250126ms] GC(3489) Humongous regions: 5->5
[2023-12-20T09:01:39.681-0800][56250126ms] GC(3489) Metaspace: 256573K->256573K(1294336K)
[2023-12-20T09:01:39.681-0800][56250126ms] GC(3489) Pause Young (Normal) (G1 Evacuation Pause) 1950M->444M(2612M) 27.822ms
[2023-12-20T09:01:39.681-0800][56250126ms] GC(3489) User=0.16s Sys=0.00s Real=0.03s
[2023-12-20T09:01:40.653-0800][56251098ms] GC(3490) Pause Young (Normal) (G1 Evacuation Pause)
[2023-12-20T09:01:40.653-0800][56251098ms] GC(3490) Using 10 workers of 10 for evacuation
[2023-12-20T09:01:40.680-0800][56251125ms] GC(3490)   Pre Evacuate Collection Set: 0.0ms
[2023-12-20T09:01:40.680-0800][56251125ms] GC(3490)   Evacuate Collection Set: 24.2ms
[2023-12-20T09:01:40.680-0800][56251125ms] GC(3490)   Post Evacuate Collection Set: 2.4ms
[2023-12-20T09:01:40.680-0800][56251125ms] GC(3490)   Other: 0.4ms
[2023-12-20T09:01:40.680-0800][56251125ms] GC(3490) Eden regions: 753->0(754)
[2023-12-20T09:01:40.680-0800][56251125ms] GC(3490) Survivor regions: 30->29(98)
[2023-12-20T09:01:40.680-0800][56251125ms] GC(3490) Old regions: 188->188
[2023-12-20T09:01:40.680-0800][56251125ms] GC(3490) Humongous regions: 5->5
[2023-12-20T09:01:40.680-0800][56251125ms] GC(3490) Metaspace: 256573K->256573K(1294336K)
[2023-12-20T09:01:40.680-0800][56251125ms] GC(3490) Pause Young (Normal) (G1 Evacuation Pause) 1950M->443M(2612M) 27.121ms
[2023-12-20T09:01:40.680-0800][56251125ms] GC(3490) User=0.11s Sys=0.00s Real=0.03s
[2023-12-20T09:01:41.577-0800][56252022ms] GC(3491) Pause Young (Normal) (G1 Evacuation Pause)
[2023-12-20T09:01:41.577-0800][56252022ms] GC(3491) Using 10 workers of 10 for evacuation
[2023-12-20T09:01:41.605-0800][56252050ms] GC(3491)   Pre Evacuate Collection Set: 0.0ms
[2023-12-20T09:01:41.605-0800][56252050ms] GC(3491)   Evacuate Collection Set: 24.5ms
[2023-12-20T09:01:41.605-0800][56252050ms] GC(3491)   Post Evacuate Collection Set: 2.4ms
[2023-12-20T09:01:41.605-0800][56252050ms] GC(3491)   Other: 0.4ms
[2023-12-20T09:01:41.605-0800][56252050ms] GC(3491) Eden regions: 754->0(754)
[2023-12-20T09:01:41.605-0800][56252050ms] GC(3491) Survivor regions: 29->29(98)
[2023-12-20T09:01:41.605-0800][56252050ms] GC(3491) Old regions: 188->188
[2023-12-20T09:01:41.605-0800][56252050ms] GC(3491) Humongous regions: 5->5
[2023-12-20T09:01:41.605-0800][56252050ms] GC(3491) Metaspace: 256573K->256573K(1294336K)
[2023-12-20T09:01:41.605-0800][56252050ms] GC(3491) Pause Young (Normal) (G1 Evacuation Pause) 1951M->443M(2612M) 27.396ms
[2023-12-20T09:01:41.605-0800][56252050ms] GC(3491) User=0.11s Sys=0.00s Real=0.03s
[2023-12-20T09:01:42.609-0800][56253054ms] GC(3492) Pause Young (Normal) (G1 Evacuation Pause)
[2023-12-20T09:01:42.609-0800][56253054ms] GC(3492) Using 10 workers of 10 for evacuation
[2023-12-20T09:01:42.636-0800][56253081ms] GC(3492)   Pre Evacuate Collection Set: 0.0ms
[2023-12-20T09:01:42.636-0800][56253081ms] GC(3492)   Evacuate Collection Set: 25.1ms
[2023-12-20T09:01:42.636-0800][56253081ms] GC(3492)   Post Evacuate Collection Set: 2.7ms
[2023-12-20T09:01:42.636-0800][56253081ms] GC(3492)   Other: 0.4ms
[2023-12-20T09:01:42.636-0800][56253081ms] GC(3492) Eden regions: 754->0(753)
[2023-12-20T09:01:42.636-0800][56253081ms] GC(3492) Survivor regions: 29->30(98)
[2023-12-20T09:01:42.636-0800][56253081ms] GC(3492) Old regions: 188->188
[2023-12-20T09:01:42.636-0800][56253081ms] GC(3492) Humongous regions: 5->5
[2023-12-20T09:01:42.636-0800][56253081ms] GC(3492) Metaspace: 256573K->256573K(1294336K)
[2023-12-20T09:01:42.636-0800][56253081ms] GC(3492) Pause Young (Normal) (G1 Evacuation Pause) 1951M->444M(2612M) 28.238ms
[2023-12-20T09:01:42.636-0800][56253081ms] GC(3492) User=0.16s Sys=0.00s Real=0.03s
[2023-12-20T09:01:43.630-0800][56254075ms] GC(3493) Pause Young (Normal) (GCLocker Initiated GC)
[2023-12-20T09:01:43.630-0800][56254075ms] GC(3493) Using 10 workers of 10 for evacuation
[2023-12-20T09:01:43.658-0800][56254103ms] GC(3493)   Pre Evacuate Collection Set: 0.0ms
[2023-12-20T09:01:43.659-0800][56254104ms] GC(3493)   Evacuate Collection Set: 24.4ms
[2023-12-20T09:01:43.659-0800][56254104ms] GC(3493)   Post Evacuate Collection Set: 3.2ms
[2023-12-20T09:01:43.659-0800][56254104ms] GC(3493)   Other: 0.3ms
[2023-12-20T09:01:43.659-0800][56254104ms] GC(3493) Eden regions: 754->0(753)
[2023-12-20T09:01:43.659-0800][56254104ms] GC(3493) Survivor regions: 30->30(98)
[2023-12-20T09:01:43.659-0800][56254104ms] GC(3493) Old regions: 188->188
[2023-12-20T09:01:43.659-0800][56254104ms] GC(3493) Humongous regions: 5->5
[2023-12-20T09:01:43.659-0800][56254104ms] GC(3493) Metaspace: 256573K->256573K(1294336K)
[2023-12-20T09:01:43.659-0800][56254104ms] GC(3493) Pause Young (Normal) (GCLocker Initiated GC) 1951M->445M(2612M) 28.147ms
[2023-12-20T09:01:43.659-0800][56254104ms] GC(3493) User=0.09s Sys=0.00s Real=0.03s
[2023-12-20T09:01:44.606-0800][56255051ms] GC(3494) Pause Young (Normal) (GCLocker Initiated GC)
[2023-12-20T09:01:44.606-0800][56255051ms] GC(3494) Using 10 workers of 10 for evacuation
[2023-12-20T09:01:44.633-0800][56255078ms] GC(3494)   Pre Evacuate Collection Set: 0.0ms
[2023-12-20T09:01:44.633-0800][56255078ms] GC(3494)   Evacuate Collection Set: 24.7ms
[2023-12-20T09:01:44.633-0800][56255078ms] GC(3494)   Post Evacuate Collection Set: 2.5ms
[2023-12-20T09:01:44.633-0800][56255078ms] GC(3494)   Other: 0.4ms
[2023-12-20T09:01:44.633-0800][56255078ms] GC(3494) Eden regions: 754->0(753)
[2023-12-20T09:01:44.633-0800][56255078ms] GC(3494) Survivor regions: 30->30(98)
[2023-12-20T09:01:44.633-0800][56255078ms] GC(3494) Old regions: 188->188
[2023-12-20T09:01:44.633-0800][56255078ms] GC(3494) Humongous regions: 5->5
[2023-12-20T09:01:44.633-0800][56255078ms] GC(3494) Metaspace: 256573K->256573K(1294336K)
[2023-12-20T09:01:44.633-0800][56255078ms] GC(3494) Pause Young (Normal) (GCLocker Initiated GC) 1952M->445M(2612M) 27.699ms
[2023-12-20T09:01:44.633-0800][56255078ms] GC(3494) User=0.13s Sys=0.00s Real=0.03s
[2023-12-20T09:01:45.582-0800][56256027ms] GC(3495) Pause Young (Normal) (G1 Evacuation Pause)
[2023-12-20T09:01:45.582-0800][56256027ms] GC(3495) Using 10 workers of 10 for evacuation
[2023-12-20T09:01:45.610-0800][56256055ms] GC(3495)   Pre Evacuate Collection Set: 0.0ms
[2023-12-20T09:01:45.610-0800][56256055ms] GC(3495)   Evacuate Collection Set: 24.9ms
[2023-12-20T09:01:45.610-0800][56256055ms] GC(3495)   Post Evacuate Collection Set: 2.4ms
[2023-12-20T09:01:45.610-0800][56256055ms] GC(3495)   Other: 0.3ms
[2023-12-20T09:01:45.610-0800][56256055ms] GC(3495) Eden regions: 753->0(753)
[2023-12-20T09:01:45.610-0800][56256055ms] GC(3495) Survivor regions: 30->30(98)
[2023-12-20T09:01:45.610-0800][56256055ms] GC(3495) Old regions: 188->188
[2023-12-20T09:01:45.610-0800][56256055ms] GC(3495) Humongous regions: 5->5
[2023-12-20T09:01:45.610-0800][56256055ms] GC(3495) Metaspace: 256573K->256573K(1294336K)
[2023-12-20T09:01:45.610-0800][56256055ms] GC(3495) Pause Young (Normal) (G1 Evacuation Pause) 1951M->445M(2612M) 27.790ms
[2023-12-20T09:01:45.610-0800][56256055ms] GC(3495) User=0.13s Sys=0.00s Real=0.03s
[2023-12-20T09:01:46.482-0800][56256927ms] GC(3496) Pause Young (Normal) (G1 Evacuation Pause)
[2023-12-20T09:01:46.482-0800][56256927ms] GC(3496) Using 10 workers of 10 for evacuation
[2023-12-20T09:01:46.509-0800][56256954ms] GC(3496)   Pre Evacuate Collection Set: 0.0ms
[2023-12-20T09:01:46.509-0800][56256954ms] GC(3496)   Evacuate Collection Set: 24.7ms
[2023-12-20T09:01:46.509-0800][56256954ms] GC(3496)   Post Evacuate Collection Set: 2.4ms
[2023-12-20T09:01:46.509-0800][56256954ms] GC(3496)   Other: 0.3ms
[2023-12-20T09:01:46.509-0800][56256954ms] GC(3496) Eden regions: 753->0(753)
[2023-12-20T09:01:46.509-0800][56256954ms] GC(3496) Survivor regions: 30->30(98)
[2023-12-20T09:01:46.509-0800][56256954ms] GC(3496) Old regions: 188->188
[2023-12-20T09:01:46.509-0800][56256954ms] GC(3496) Humongous regions: 5->5
[2023-12-20T09:01:46.509-0800][56256954ms] GC(3496) Metaspace: 256573K->256573K(1294336K)
[2023-12-20T09:01:46.509-0800][56256954ms] GC(3496) Pause Young (Normal) (G1 Evacuation Pause) 1951M->445M(2612M) 27.536ms
[2023-12-20T09:01:46.509-0800][56256954ms] GC(3496) User=0.09s Sys=0.00s Real=0.03s
[2023-12-20T09:01:47.457-0800][56257902ms] GC(3497) Pause Young (Normal) (G1 Evacuation Pause)
[2023-12-20T09:01:47.457-0800][56257902ms] GC(3497) Using 10 workers of 10 for evacuation
[2023-12-20T09:01:47.483-0800][56257928ms] GC(3497)   Pre Evacuate Collection Set: 0.0ms
[2023-12-20T09:01:47.483-0800][56257928ms] GC(3497)   Evacuate Collection Set: 23.9ms
[2023-12-20T09:01:47.483-0800][56257928ms] GC(3497)   Post Evacuate Collection Set: 2.4ms
[2023-12-20T09:01:47.483-0800][56257928ms] GC(3497)   Other: 0.3ms
[2023-12-20T09:01:47.483-0800][56257928ms] GC(3497) Eden regions: 753->0(754)
[2023-12-20T09:01:47.483-0800][56257928ms] GC(3497) Survivor regions: 30->29(98)
[2023-12-20T09:01:47.483-0800][56257928ms] GC(3497) Old regions: 188->188
[2023-12-20T09:01:47.483-0800][56257928ms] GC(3497) Humongous regions: 5->5
[2023-12-20T09:01:47.483-0800][56257928ms] GC(3497) Metaspace: 256573K->256573K(1294336K)
[2023-12-20T09:01:47.483-0800][56257928ms] GC(3497) Pause Young (Normal) (G1 Evacuation Pause) 1951M->443M(2612M) 26.747ms
[2023-12-20T09:01:47.483-0800][56257928ms] GC(3497) User=0.09s Sys=0.00s Real=0.03s
[2023-12-20T09:01:48.261-0800][56258706ms] GC(3498) Pause Young (Normal) (G1 Evacuation Pause)
[2023-12-20T09:01:48.261-0800][56258706ms] GC(3498) Using 10 workers of 10 for evacuation
[2023-12-20T09:01:48.289-0800][56258734ms] GC(3498)   Pre Evacuate Collection Set: 0.0ms
[2023-12-20T09:01:48.289-0800][56258734ms] GC(3498)   Evacuate Collection Set: 24.8ms
[2023-12-20T09:01:48.289-0800][56258734ms] GC(3498)   Post Evacuate Collection Set: 3.3ms
[2023-12-20T09:01:48.289-0800][56258734ms] GC(3498)   Other: 0.3ms
[2023-12-20T09:01:48.289-0800][56258734ms] GC(3498) Eden regions: 754->0(753)
[2023-12-20T09:01:48.289-0800][56258734ms] GC(3498) Survivor regions: 29->30(98)
[2023-12-20T09:01:48.289-0800][56258734ms] GC(3498) Old regions: 188->188
[2023-12-20T09:01:48.289-0800][56258734ms] GC(3498) Humongous regions: 5->5
[2023-12-20T09:01:48.289-0800][56258734ms] GC(3498) Metaspace: 256573K->256573K(1294336K)
[2023-12-20T09:01:48.289-0800][56258734ms] GC(3498) Pause Young (Normal) (G1 Evacuation Pause) 1951M->445M(2612M) 28.599ms
[2023-12-20T09:01:48.289-0800][56258734ms] GC(3498) User=0.11s Sys=0.00s Real=0.03s
[2023-12-20T09:01:49.125-0800][56259570ms] GC(3499) Pause Young (Normal) (G1 Evacuation Pause)
[2023-12-20T09:01:49.125-0800][56259570ms] GC(3499) Using 10 workers of 10 for evacuation
[2023-12-20T09:01:49.152-0800][56259597ms] GC(3499)   Pre Evacuate Collection Set: 0.0ms
[2023-12-20T09:01:49.152-0800][56259597ms] GC(3499)   Evacuate Collection Set: 24.6ms
[2023-12-20T09:01:49.152-0800][56259597ms] GC(3499)   Post Evacuate Collection Set: 2.5ms
[2023-12-20T09:01:49.152-0800][56259597ms] GC(3499)   Other: 0.4ms
[2023-12-20T09:01:49.152-0800][56259597ms] GC(3499) Eden regions: 753->0(752)
[2023-12-20T09:01:49.152-0800][56259597ms] GC(3499) Survivor regions: 30->31(98)
[2023-12-20T09:01:49.152-0800][56259597ms] GC(3499) Old regions: 188->188
[2023-12-20T09:01:49.152-0800][56259597ms] GC(3499) Humongous regions: 5->5
[2023-12-20T09:01:49.152-0800][56259597ms] GC(3499) Metaspace: 256573K->256573K(1294336K)
[2023-12-20T09:01:49.152-0800][56259597ms] GC(3499) Pause Young (Normal) (G1 Evacuation Pause) 1951M->446M(2612M) 27.592ms
[2023-12-20T09:01:49.154-0800][56259599ms] GC(3499) User=0.14s Sys=0.00s Real=0.03s
[2023-12-20T09:01:49.988-0800][56260433ms] GC(3500) Pause Young (Normal) (G1 Evacuation Pause)
[2023-12-20T09:01:49.988-0800][56260433ms] GC(3500) Using 10 workers of 10 for evacuation
[2023-12-20T09:01:50.016-0800][56260461ms] GC(3500)   Pre Evacuate Collection Set: 0.0ms
[2023-12-20T09:01:50.016-0800][56260461ms] GC(3500)   Evacuate Collection Set: 24.3ms
[2023-12-20T09:01:50.016-0800][56260461ms] GC(3500)   Post Evacuate Collection Set: 2.3ms
[2023-12-20T09:01:50.016-0800][56260461ms] GC(3500)   Other: 0.5ms
[2023-12-20T09:01:50.016-0800][56260461ms] GC(3500) Eden regions: 752->0(753)
[2023-12-20T09:01:50.016-0800][56260461ms] GC(3500) Survivor regions: 31->30(98)
[2023-12-20T09:01:50.016-0800][56260461ms] GC(3500) Old regions: 188->188
[2023-12-20T09:01:50.016-0800][56260461ms] GC(3500) Humongous regions: 5->5
[2023-12-20T09:01:50.016-0800][56260461ms] GC(3500) Metaspace: 256573K->256573K(1294336K)
[2023-12-20T09:01:50.016-0800][56260461ms] GC(3500) Pause Young (Normal) (G1 Evacuation Pause) 1950M->445M(2612M) 27.244ms
[2023-12-20T09:01:50.016-0800][56260461ms] GC(3500) User=0.11s Sys=0.00s Real=0.03s
[2023-12-20T09:01:50.888-0800][56261333ms] GC(3501) Pause Young (Normal) (G1 Evacuation Pause)
[2023-12-20T09:01:50.888-0800][56261333ms] GC(3501) Using 10 workers of 10 for evacuation
[2023-12-20T09:01:50.916-0800][56261361ms] GC(3501)   Pre Evacuate Collection Set: 0.0ms
[2023-12-20T09:01:50.916-0800][56261361ms] GC(3501)   Evacuate Collection Set: 25.6ms
[2023-12-20T09:01:50.916-0800][56261361ms] GC(3501)   Post Evacuate Collection Set: 2.5ms
[2023-12-20T09:01:50.916-0800][56261361ms] GC(3501)   Other: 0.4ms
[2023-12-20T09:01:50.916-0800][56261361ms] GC(3501) Eden regions: 753->0(753)
[2023-12-20T09:01:50.916-0800][56261361ms] GC(3501) Survivor regions: 30->30(98)
[2023-12-20T09:01:50.916-0800][56261361ms] GC(3501) Old regions: 188->188
[2023-12-20T09:01:50.916-0800][56261361ms] GC(3501) Humongous regions: 5->5
[2023-12-20T09:01:50.916-0800][56261361ms] GC(3501) Metaspace: 256573K->256573K(1294336K)
[2023-12-20T09:01:50.916-0800][56261361ms] GC(3501) Pause Young (Normal) (G1 Evacuation Pause) 1951M->445M(2612M) 28.704ms
[2023-12-20T09:01:50.916-0800][56261361ms] GC(3501) User=0.08s Sys=0.00s Real=0.03s
[2023-12-20T09:01:51.794-0800][56262239ms] GC(3502) Pause Young (Normal) (G1 Evacuation Pause)
[2023-12-20T09:01:51.794-0800][56262239ms] GC(3502) Using 10 workers of 10 for evacuation
[2023-12-20T09:01:51.820-0800][56262265ms] GC(3502)   Pre Evacuate Collection Set: 0.0ms
[2023-12-20T09:01:51.820-0800][56262265ms] GC(3502)   Evacuate Collection Set: 24.0ms
[2023-12-20T09:01:51.820-0800][56262265ms] GC(3502)   Post Evacuate Collection Set: 2.2ms
[2023-12-20T09:01:51.820-0800][56262265ms] GC(3502)   Other: 0.3ms
[2023-12-20T09:01:51.820-0800][56262265ms] GC(3502) Eden regions: 753->0(754)
[2023-12-20T09:01:51.820-0800][56262265ms] GC(3502) Survivor regions: 30->29(98)
[2023-12-20T09:01:51.820-0800][56262265ms] GC(3502) Old regions: 188->188
[2023-12-20T09:01:51.820-0800][56262265ms] GC(3502) Humongous regions: 5->5
[2023-12-20T09:01:51.820-0800][56262265ms] GC(3502) Metaspace: 256573K->256573K(1294336K)
[2023-12-20T09:01:51.820-0800][56262265ms] GC(3502) Pause Young (Normal) (G1 Evacuation Pause) 1951M->443M(2612M) 26.724ms
[2023-12-20T09:01:51.820-0800][56262265ms] GC(3502) User=0.08s Sys=0.00s Real=0.03s
[2023-12-20T09:01:52.657-0800][56263102ms] GC(3503) Pause Young (Normal) (G1 Evacuation Pause)
[2023-12-20T09:01:52.657-0800][56263102ms] GC(3503) Using 10 workers of 10 for evacuation
[2023-12-20T09:01:52.684-0800][56263129ms] GC(3503)   Pre Evacuate Collection Set: 0.0ms
[2023-12-20T09:01:52.684-0800][56263129ms] GC(3503)   Evacuate Collection Set: 24.4ms
[2023-12-20T09:01:52.684-0800][56263129ms] GC(3503)   Post Evacuate Collection Set: 2.5ms
[2023-12-20T09:01:52.684-0800][56263129ms] GC(3503)   Other: 0.4ms
[2023-12-20T09:01:52.684-0800][56263129ms] GC(3503) Eden regions: 754->0(753)
[2023-12-20T09:01:52.684-0800][56263129ms] GC(3503) Survivor regions: 29->30(98)
[2023-12-20T09:01:52.684-0800][56263129ms] GC(3503) Old regions: 188->188
[2023-12-20T09:01:52.684-0800][56263129ms] GC(3503) Humongous regions: 5->5
[2023-12-20T09:01:52.684-0800][56263129ms] GC(3503) Metaspace: 256573K->256573K(1294336K)
[2023-12-20T09:01:52.684-0800][56263129ms] GC(3503) Pause Young (Normal) (G1 Evacuation Pause) 1951M->445M(2612M) 27.475ms
[2023-12-20T09:01:52.684-0800][56263129ms] GC(3503) User=0.16s Sys=0.00s Real=0.03s
[2023-12-20T09:01:53.577-0800][56264022ms] GC(3504) Pause Young (Normal) (G1 Evacuation Pause)
[2023-12-20T09:01:53.577-0800][56264022ms] GC(3504) Using 10 workers of 10 for evacuation
[2023-12-20T09:01:53.604-0800][56264049ms] GC(3504)   Pre Evacuate Collection Set: 0.0ms
[2023-12-20T09:01:53.604-0800][56264049ms] GC(3504)   Evacuate Collection Set: 24.3ms
[2023-12-20T09:01:53.604-0800][56264049ms] GC(3504)   Post Evacuate Collection Set: 2.2ms
[2023-12-20T09:01:53.604-0800][56264049ms] GC(3504)   Other: 0.3ms
[2023-12-20T09:01:53.604-0800][56264049ms] GC(3504) Eden regions: 753->0(753)
[2023-12-20T09:01:53.604-0800][56264049ms] GC(3504) Survivor regions: 30->30(98)
[2023-12-20T09:01:53.604-0800][56264049ms] GC(3504) Old regions: 188->188
[2023-12-20T09:01:53.604-0800][56264049ms] GC(3504) Humongous regions: 5->5
[2023-12-20T09:01:53.604-0800][56264049ms] GC(3504) Metaspace: 256573K->256573K(1294336K)
[2023-12-20T09:01:53.604-0800][56264049ms] GC(3504) Pause Young (Normal) (G1 Evacuation Pause) 1951M->444M(2612M) 27.009ms
[2023-12-20T09:01:53.604-0800][56264049ms] GC(3504) User=0.11s Sys=0.00s Real=0.03s
[2023-12-20T09:01:54.503-0800][56264948ms] GC(3505) Pause Young (Normal) (G1 Evacuation Pause)
[2023-12-20T09:01:54.503-0800][56264948ms] GC(3505) Using 10 workers of 10 for evacuation
[2023-12-20T09:01:54.530-0800][56264975ms] GC(3505)   Pre Evacuate Collection Set: 0.0ms
[2023-12-20T09:01:54.530-0800][56264975ms] GC(3505)   Evacuate Collection Set: 24.1ms
[2023-12-20T09:01:54.530-0800][56264975ms] GC(3505)   Post Evacuate Collection Set: 2.4ms
[2023-12-20T09:01:54.530-0800][56264975ms] GC(3505)   Other: 0.4ms
[2023-12-20T09:01:54.530-0800][56264975ms] GC(3505) Eden regions: 753->0(753)
[2023-12-20T09:01:54.530-0800][56264975ms] GC(3505) Survivor regions: 30->30(98)
[2023-12-20T09:01:54.530-0800][56264975ms] GC(3505) Old regions: 188->188
[2023-12-20T09:01:54.530-0800][56264975ms] GC(3505) Humongous regions: 5->5
[2023-12-20T09:01:54.530-0800][56264975ms] GC(3505) Metaspace: 256573K->256573K(1294336K)
[2023-12-20T09:01:54.530-0800][56264975ms] GC(3505) Pause Young (Normal) (G1 Evacuation Pause) 1950M->445M(2612M) 27.066ms
[2023-12-20T09:01:54.530-0800][56264975ms] GC(3505) User=0.14s Sys=0.00s Real=0.03s
[2023-12-20T09:01:55.365-0800][56265810ms] GC(3506) Pause Young (Normal) (G1 Evacuation Pause)
[2023-12-20T09:01:55.365-0800][56265810ms] GC(3506) Using 10 workers of 10 for evacuation
[2023-12-20T09:01:55.392-0800][56265837ms] GC(3506)   Pre Evacuate Collection Set: 0.0ms
[2023-12-20T09:01:55.393-0800][56265838ms] GC(3506)   Evacuate Collection Set: 24.7ms
[2023-12-20T09:01:55.393-0800][56265838ms] GC(3506)   Post Evacuate Collection Set: 2.5ms
[2023-12-20T09:01:55.393-0800][56265838ms] GC(3506)   Other: 0.4ms
[2023-12-20T09:01:55.393-0800][56265838ms] GC(3506) Eden regions: 753->0(753)
[2023-12-20T09:01:55.393-0800][56265838ms] GC(3506) Survivor regions: 30->30(98)
[2023-12-20T09:01:55.393-0800][56265838ms] GC(3506) Old regions: 188->188
[2023-12-20T09:01:55.393-0800][56265838ms] GC(3506) Humongous regions: 5->5
[2023-12-20T09:01:55.393-0800][56265838ms] GC(3506) Metaspace: 256573K->256573K(1294336K)
[2023-12-20T09:01:55.393-0800][56265838ms] GC(3506) Pause Young (Normal) (G1 Evacuation Pause) 1951M->445M(2612M) 27.726ms
[2023-12-20T09:01:55.393-0800][56265838ms] GC(3506) User=0.22s Sys=0.02s Real=0.03s
[2023-12-20T09:01:56.225-0800][56266670ms] GC(3507) Pause Young (Normal) (G1 Evacuation Pause)
[2023-12-20T09:01:56.225-0800][56266670ms] GC(3507) Using 10 workers of 10 for evacuation
[2023-12-20T09:01:56.252-0800][56266697ms] GC(3507)   Pre Evacuate Collection Set: 0.0ms
[2023-12-20T09:01:56.252-0800][56266697ms] GC(3507)   Evacuate Collection Set: 24.6ms
[2023-12-20T09:01:56.252-0800][56266697ms] GC(3507)   Post Evacuate Collection Set: 2.4ms
[2023-12-20T09:01:56.252-0800][56266697ms] GC(3507)   Other: 0.3ms
[2023-12-20T09:01:56.252-0800][56266697ms] GC(3507) Eden regions: 753->0(753)
[2023-12-20T09:01:56.252-0800][56266697ms] GC(3507) Survivor regions: 30->30(98)
[2023-12-20T09:01:56.252-0800][56266697ms] GC(3507) Old regions: 188->188
[2023-12-20T09:01:56.252-0800][56266697ms] GC(3507) Humongous regions: 5->5
[2023-12-20T09:01:56.252-0800][56266697ms] GC(3507) Metaspace: 256573K->256573K(1294336K)
[2023-12-20T09:01:56.252-0800][56266697ms] GC(3507) Pause Young (Normal) (G1 Evacuation Pause) 1951M->445M(2612M) 27.441ms
[2023-12-20T09:01:56.252-0800][56266697ms] GC(3507) User=0.22s Sys=0.00s Real=0.03s
[2023-12-20T09:01:57.126-0800][56267571ms] GC(3508) Pause Young (Normal) (G1 Evacuation Pause)
[2023-12-20T09:01:57.126-0800][56267571ms] GC(3508) Using 10 workers of 10 for evacuation
[2023-12-20T09:01:57.153-0800][56267598ms] GC(3508)   Pre Evacuate Collection Set: 0.0ms
[2023-12-20T09:01:57.153-0800][56267598ms] GC(3508)   Evacuate Collection Set: 24.5ms
[2023-12-20T09:01:57.153-0800][56267598ms] GC(3508)   Post Evacuate Collection Set: 2.6ms
[2023-12-20T09:01:57.154-0800][56267599ms] GC(3508)   Other: 0.4ms
[2023-12-20T09:01:57.154-0800][56267599ms] GC(3508) Eden regions: 753->0(753)
[2023-12-20T09:01:57.154-0800][56267599ms] GC(3508) Survivor regions: 30->30(98)
[2023-12-20T09:01:57.154-0800][56267599ms] GC(3508) Old regions: 188->188
[2023-12-20T09:01:57.154-0800][56267599ms] GC(3508) Humongous regions: 5->5
[2023-12-20T09:01:57.154-0800][56267599ms] GC(3508) Metaspace: 256573K->256573K(1294336K)
[2023-12-20T09:01:57.154-0800][56267599ms] GC(3508) Pause Young (Normal) (G1 Evacuation Pause) 1951M->445M(2612M) 27.549ms
[2023-12-20T09:01:57.154-0800][56267599ms] GC(3508) User=0.09s Sys=0.00s Real=0.03s
[2023-12-20T09:01:58.024-0800][56268469ms] GC(3509) Pause Young (Normal) (G1 Evacuation Pause)
[2023-12-20T09:01:58.024-0800][56268469ms] GC(3509) Using 10 workers of 10 for evacuation
[2023-12-20T09:01:58.051-0800][56268496ms] GC(3509)   Pre Evacuate Collection Set: 0.0ms
[2023-12-20T09:01:58.051-0800][56268496ms] GC(3509)   Evacuate Collection Set: 24.4ms
[2023-12-20T09:01:58.051-0800][56268496ms] GC(3509)   Post Evacuate Collection Set: 2.5ms
[2023-12-20T09:01:58.051-0800][56268496ms] GC(3509)   Other: 0.4ms
[2023-12-20T09:01:58.051-0800][56268496ms] GC(3509) Eden regions: 753->0(753)
[2023-12-20T09:01:58.051-0800][56268496ms] GC(3509) Survivor regions: 30->30(98)
[2023-12-20T09:01:58.051-0800][56268496ms] GC(3509) Old regions: 188->188
[2023-12-20T09:01:58.051-0800][56268496ms] GC(3509) Humongous regions: 5->5
[2023-12-20T09:01:58.051-0800][56268496ms] GC(3509) Metaspace: 256573K->256573K(1294336K)
[2023-12-20T09:01:58.051-0800][56268496ms] GC(3509) Pause Young (Normal) (G1 Evacuation Pause) 1951M->445M(2612M) 27.399ms
[2023-12-20T09:01:58.051-0800][56268496ms] GC(3509) User=0.08s Sys=0.00s Real=0.03s
[2023-12-20T09:01:58.936-0800][56269381ms] GC(3510) Pause Young (Normal) (G1 Evacuation Pause)
[2023-12-20T09:01:58.936-0800][56269381ms] GC(3510) Using 10 workers of 10 for evacuation
[2023-12-20T09:01:58.965-0800][56269410ms] GC(3510)   Pre Evacuate Collection Set: 0.0ms
[2023-12-20T09:01:58.965-0800][56269410ms] GC(3510)   Evacuate Collection Set: 25.7ms
[2023-12-20T09:01:58.965-0800][56269410ms] GC(3510)   Post Evacuate Collection Set: 2.6ms
[2023-12-20T09:01:58.965-0800][56269410ms] GC(3510)   Other: 0.4ms
[2023-12-20T09:01:58.965-0800][56269410ms] GC(3510) Eden regions: 753->0(753)
[2023-12-20T09:01:58.965-0800][56269410ms] GC(3510) Survivor regions: 30->30(98)
[2023-12-20T09:01:58.965-0800][56269410ms] GC(3510) Old regions: 188->188
[2023-12-20T09:01:58.965-0800][56269410ms] GC(3510) Humongous regions: 5->5
[2023-12-20T09:01:58.965-0800][56269410ms] GC(3510) Metaspace: 256573K->256573K(1294336K)
[2023-12-20T09:01:58.965-0800][56269410ms] GC(3510) Pause Young (Normal) (G1 Evacuation Pause) 1951M->445M(2612M) 28.736ms
[2023-12-20T09:01:58.965-0800][56269410ms] GC(3510) User=0.13s Sys=0.00s Real=0.03s
[2023-12-20T09:01:59.898-0800][56270343ms] GC(3511) Pause Young (Normal) (G1 Evacuation Pause)
[2023-12-20T09:01:59.898-0800][56270343ms] GC(3511) Using 10 workers of 10 for evacuation
[2023-12-20T09:01:59.927-0800][56270372ms] GC(3511)   Pre Evacuate Collection Set: 0.0ms
[2023-12-20T09:01:59.927-0800][56270372ms] GC(3511)   Evacuate Collection Set: 25.4ms
[2023-12-20T09:01:59.927-0800][56270372ms] GC(3511)   Post Evacuate Collection Set: 2.4ms
[2023-12-20T09:01:59.927-0800][56270372ms] GC(3511)   Other: 0.4ms
[2023-12-20T09:01:59.927-0800][56270372ms] GC(3511) Eden regions: 753->0(753)
[2023-12-20T09:01:59.927-0800][56270372ms] GC(3511) Survivor regions: 30->30(98)
[2023-12-20T09:01:59.927-0800][56270372ms] GC(3511) Old regions: 188->188
[2023-12-20T09:01:59.927-0800][56270372ms] GC(3511) Humongous regions: 5->5
[2023-12-20T09:01:59.927-0800][56270372ms] GC(3511) Metaspace: 256573K->256573K(1294336K)
[2023-12-20T09:01:59.927-0800][56270372ms] GC(3511) Pause Young (Normal) (G1 Evacuation Pause) 1951M->444M(2612M) 28.345ms
[2023-12-20T09:01:59.927-0800][56270372ms] GC(3511) User=0.03s Sys=0.00s Real=0.03s
[2023-12-20T09:02:00.823-0800][56271268ms] GC(3512) Pause Young (Normal) (G1 Evacuation Pause)
[2023-12-20T09:02:00.823-0800][56271268ms] GC(3512) Using 10 workers of 10 for evacuation
[2023-12-20T09:02:00.852-0800][56271297ms] GC(3512)   Pre Evacuate Collection Set: 0.0ms
[2023-12-20T09:02:00.852-0800][56271297ms] GC(3512)   Evacuate Collection Set: 25.6ms
[2023-12-20T09:02:00.852-0800][56271297ms] GC(3512)   Post Evacuate Collection Set: 2.6ms
[2023-12-20T09:02:00.852-0800][56271297ms] GC(3512)   Other: 0.4ms
[2023-12-20T09:02:00.852-0800][56271297ms] GC(3512) Eden regions: 753->0(753)
[2023-12-20T09:02:00.852-0800][56271297ms] GC(3512) Survivor regions: 30->30(98)
[2023-12-20T09:02:00.852-0800][56271297ms] GC(3512) Old regions: 188->188
[2023-12-20T09:02:00.852-0800][56271297ms] GC(3512) Humongous regions: 5->5
[2023-12-20T09:02:00.852-0800][56271297ms] GC(3512) Metaspace: 256573K->256573K(1294336K)
[2023-12-20T09:02:00.852-0800][56271297ms] GC(3512) Pause Young (Normal) (G1 Evacuation Pause) 1950M->445M(2612M) 28.933ms
[2023-12-20T09:02:00.852-0800][56271297ms] GC(3512) User=0.06s Sys=0.00s Real=0.03s
[2023-12-20T09:02:01.734-0800][56272179ms] GC(3513) Pause Young (Normal) (G1 Evacuation Pause)
[2023-12-20T09:02:01.734-0800][56272179ms] GC(3513) Using 10 workers of 10 for evacuation
[2023-12-20T09:02:01.762-0800][56272207ms] GC(3513)   Pre Evacuate Collection Set: 0.0ms
[2023-12-20T09:02:01.762-0800][56272207ms] GC(3513)   Evacuate Collection Set: 24.9ms
[2023-12-20T09:02:01.762-0800][56272207ms] GC(3513)   Post Evacuate Collection Set: 2.5ms
[2023-12-20T09:02:01.762-0800][56272207ms] GC(3513)   Other: 0.4ms
[2023-12-20T09:02:01.762-0800][56272207ms] GC(3513) Eden regions: 753->0(753)
[2023-12-20T09:02:01.762-0800][56272207ms] GC(3513) Survivor regions: 30->30(98)
[2023-12-20T09:02:01.762-0800][56272207ms] GC(3513) Old regions: 188->188
[2023-12-20T09:02:01.762-0800][56272207ms] GC(3513) Humongous regions: 5->5
[2023-12-20T09:02:01.762-0800][56272207ms] GC(3513) Metaspace: 256573K->256573K(1294336K)
[2023-12-20T09:02:01.762-0800][56272207ms] GC(3513) Pause Young (Normal) (G1 Evacuation Pause) 1951M->445M(2612M) 27.930ms
[2023-12-20T09:02:01.762-0800][56272207ms] GC(3513) User=0.11s Sys=0.00s Real=0.03s
[2023-12-20T09:02:02.660-0800][56273105ms] GC(3514) Pause Young (Normal) (G1 Evacuation Pause)
[2023-12-20T09:02:02.660-0800][56273105ms] GC(3514) Using 10 workers of 10 for evacuation
[2023-12-20T09:02:02.688-0800][56273133ms] GC(3514)   Pre Evacuate Collection Set: 0.0ms
[2023-12-20T09:02:02.688-0800][56273133ms] GC(3514)   Evacuate Collection Set: 25.3ms
[2023-12-20T09:02:02.688-0800][56273133ms] GC(3514)   Post Evacuate Collection Set: 2.4ms
[2023-12-20T09:02:02.688-0800][56273133ms] GC(3514)   Other: 0.4ms
[2023-12-20T09:02:02.688-0800][56273133ms] GC(3514) Eden regions: 753->0(753)
[2023-12-20T09:02:02.688-0800][56273133ms] GC(3514) Survivor regions: 30->30(98)
[2023-12-20T09:02:02.688-0800][56273133ms] GC(3514) Old regions: 188->188
[2023-12-20T09:02:02.688-0800][56273133ms] GC(3514) Humongous regions: 5->5
[2023-12-20T09:02:02.688-0800][56273133ms] GC(3514) Metaspace: 256573K->256573K(1294336K)
[2023-12-20T09:02:02.688-0800][56273133ms] GC(3514) Pause Young (Normal) (G1 Evacuation Pause) 1951M->444M(2612M) 28.202ms
[2023-12-20T09:02:02.688-0800][56273133ms] GC(3514) User=0.13s Sys=0.00s Real=0.03s
[2023-12-20T09:02:03.594-0800][56274039ms] GC(3515) Pause Young (Normal) (G1 Evacuation Pause)
[2023-12-20T09:02:03.594-0800][56274039ms] GC(3515) Using 10 workers of 10 for evacuation
[2023-12-20T09:02:03.622-0800][56274067ms] GC(3515)   Pre Evacuate Collection Set: 0.0ms
[2023-12-20T09:02:03.622-0800][56274067ms] GC(3515)   Evacuate Collection Set: 25.1ms
[2023-12-20T09:02:03.622-0800][56274067ms] GC(3515)   Post Evacuate Collection Set: 2.5ms
[2023-12-20T09:02:03.622-0800][56274067ms] GC(3515)   Other: 0.4ms
[2023-12-20T09:02:03.622-0800][56274067ms] GC(3515) Eden regions: 753->0(753)
[2023-12-20T09:02:03.622-0800][56274067ms] GC(3515) Survivor regions: 30->30(98)
[2023-12-20T09:02:03.622-0800][56274067ms] GC(3515) Old regions: 188->188
[2023-12-20T09:02:03.622-0800][56274067ms] GC(3515) Humongous regions: 5->5
[2023-12-20T09:02:03.622-0800][56274067ms] GC(3515) Metaspace: 256573K->256573K(1294336K)
[2023-12-20T09:02:03.622-0800][56274067ms] GC(3515) Pause Young (Normal) (G1 Evacuation Pause) 1950M->445M(2612M) 28.162ms
[2023-12-20T09:02:03.622-0800][56274067ms] GC(3515) User=0.13s Sys=0.00s Real=0.03s
[2023-12-20T09:02:04.489-0800][56274934ms] GC(3516) Pause Young (Normal) (G1 Evacuation Pause)
[2023-12-20T09:02:04.489-0800][56274934ms] GC(3516) Using 10 workers of 10 for evacuation
[2023-12-20T09:02:04.527-0800][56274972ms] GC(3516)   Pre Evacuate Collection Set: 0.0ms
[2023-12-20T09:02:04.527-0800][56274972ms] GC(3516)   Evacuate Collection Set: 34.4ms
[2023-12-20T09:02:04.527-0800][56274972ms] GC(3516)   Post Evacuate Collection Set: 3.7ms
[2023-12-20T09:02:04.527-0800][56274972ms] GC(3516)   Other: 0.4ms
[2023-12-20T09:02:04.527-0800][56274972ms] GC(3516) Eden regions: 753->0(753)
[2023-12-20T09:02:04.527-0800][56274972ms] GC(3516) Survivor regions: 30->30(98)
[2023-12-20T09:02:04.527-0800][56274972ms] GC(3516) Old regions: 188->188
[2023-12-20T09:02:04.527-0800][56274972ms] GC(3516) Humongous regions: 5->5
[2023-12-20T09:02:04.527-0800][56274972ms] GC(3516) Metaspace: 256573K->256573K(1294336K)
[2023-12-20T09:02:04.527-0800][56274972ms] GC(3516) Pause Young (Normal) (G1 Evacuation Pause) 1951M->444M(2612M) 38.668ms
[2023-12-20T09:02:04.527-0800][56274972ms] GC(3516) User=0.20s Sys=0.02s Real=0.04s
[2023-12-20T09:02:05.343-0800][56275788ms] GC(3517) Pause Young (Normal) (G1 Evacuation Pause)
[2023-12-20T09:02:05.343-0800][56275788ms] GC(3517) Using 10 workers of 10 for evacuation
[2023-12-20T09:02:05.371-0800][56275816ms] GC(3517)   Pre Evacuate Collection Set: 0.0ms
[2023-12-20T09:02:05.371-0800][56275816ms] GC(3517)   Evacuate Collection Set: 25.9ms
[2023-12-20T09:02:05.371-0800][56275816ms] GC(3517)   Post Evacuate Collection Set: 2.6ms
[2023-12-20T09:02:05.371-0800][56275816ms] GC(3517)   Other: 0.3ms
[2023-12-20T09:02:05.371-0800][56275816ms] GC(3517) Eden regions: 753->0(754)
[2023-12-20T09:02:05.371-0800][56275816ms] GC(3517) Survivor regions: 30->29(98)
[2023-12-20T09:02:05.371-0800][56275816ms] GC(3517) Old regions: 188->188
[2023-12-20T09:02:05.371-0800][56275816ms] GC(3517) Humongous regions: 5->5
[2023-12-20T09:02:05.371-0800][56275816ms] GC(3517) Metaspace: 256573K->256573K(1294336K)
[2023-12-20T09:02:05.371-0800][56275816ms] GC(3517) Pause Young (Normal) (G1 Evacuation Pause) 1950M->443M(2612M) 28.991ms
[2023-12-20T09:02:05.371-0800][56275816ms] GC(3517) User=0.11s Sys=0.00s Real=0.03s
[2023-12-20T09:02:06.174-0800][56276619ms] GC(3518) Pause Young (Normal) (G1 Evacuation Pause)
[2023-12-20T09:02:06.174-0800][56276619ms] GC(3518) Using 10 workers of 10 for evacuation
[2023-12-20T09:02:06.220-0800][56276665ms] GC(3518)   Pre Evacuate Collection Set: 0.1ms
[2023-12-20T09:02:06.220-0800][56276665ms] GC(3518)   Evacuate Collection Set: 42.0ms
[2023-12-20T09:02:06.220-0800][56276665ms] GC(3518)   Post Evacuate Collection Set: 3.2ms
[2023-12-20T09:02:06.220-0800][56276665ms] GC(3518)   Other: 0.6ms
[2023-12-20T09:02:06.220-0800][56276665ms] GC(3518) Eden regions: 754->0(754)
[2023-12-20T09:02:06.220-0800][56276665ms] GC(3518) Survivor regions: 29->29(98)
[2023-12-20T09:02:06.220-0800][56276665ms] GC(3518) Old regions: 188->188
[2023-12-20T09:02:06.220-0800][56276665ms] GC(3518) Humongous regions: 5->5
[2023-12-20T09:02:06.220-0800][56276665ms] GC(3518) Metaspace: 256573K->256573K(1294336K)
[2023-12-20T09:02:06.220-0800][56276665ms] GC(3518) Pause Young (Normal) (G1 Evacuation Pause) 1951M->442M(2612M) 45.991ms
[2023-12-20T09:02:06.220-0800][56276665ms] GC(3518) User=0.20s Sys=0.00s Real=0.05s
[2023-12-20T09:02:07.194-0800][56277639ms] GC(3519) Pause Young (Normal) (G1 Evacuation Pause)
[2023-12-20T09:02:07.194-0800][56277639ms] GC(3519) Using 10 workers of 10 for evacuation
[2023-12-20T09:02:07.222-0800][56277667ms] GC(3519)   Pre Evacuate Collection Set: 0.0ms
[2023-12-20T09:02:07.222-0800][56277667ms] GC(3519)   Evacuate Collection Set: 25.5ms
[2023-12-20T09:02:07.222-0800][56277667ms] GC(3519)   Post Evacuate Collection Set: 2.4ms
[2023-12-20T09:02:07.222-0800][56277667ms] GC(3519)   Other: 0.4ms
[2023-12-20T09:02:07.222-0800][56277667ms] GC(3519) Eden regions: 754->0(753)
[2023-12-20T09:02:07.222-0800][56277667ms] GC(3519) Survivor regions: 29->30(98)
[2023-12-20T09:02:07.222-0800][56277667ms] GC(3519) Old regions: 188->188
[2023-12-20T09:02:07.222-0800][56277667ms] GC(3519) Humongous regions: 5->5
[2023-12-20T09:02:07.222-0800][56277667ms] GC(3519) Metaspace: 256573K->256573K(1294336K)
[2023-12-20T09:02:07.222-0800][56277667ms] GC(3519) Pause Young (Normal) (G1 Evacuation Pause) 1950M->444M(2612M) 28.487ms
[2023-12-20T09:02:07.222-0800][56277667ms] GC(3519) User=0.17s Sys=0.00s Real=0.03s
[2023-12-20T09:02:07.941-0800][56278386ms] GC(3520) Pause Young (Normal) (G1 Evacuation Pause)
[2023-12-20T09:02:07.941-0800][56278386ms] GC(3520) Using 10 workers of 10 for evacuation
[2023-12-20T09:02:07.970-0800][56278415ms] GC(3520)   Pre Evacuate Collection Set: 0.0ms
[2023-12-20T09:02:07.970-0800][56278415ms] GC(3520)   Evacuate Collection Set: 26.3ms
[2023-12-20T09:02:07.970-0800][56278415ms] GC(3520)   Post Evacuate Collection Set: 2.6ms
[2023-12-20T09:02:07.970-0800][56278415ms] GC(3520)   Other: 0.4ms
[2023-12-20T09:02:07.970-0800][56278415ms] GC(3520) Eden regions: 753->0(753)
[2023-12-20T09:02:07.970-0800][56278415ms] GC(3520) Survivor regions: 30->30(98)
[2023-12-20T09:02:07.970-0800][56278415ms] GC(3520) Old regions: 188->189
[2023-12-20T09:02:07.970-0800][56278415ms] GC(3520) Humongous regions: 5->5
[2023-12-20T09:02:07.970-0800][56278415ms] GC(3520) Metaspace: 256573K->256573K(1294336K)
[2023-12-20T09:02:07.970-0800][56278415ms] GC(3520) Pause Young (Normal) (G1 Evacuation Pause) 1950M->446M(2612M) 29.385ms
[2023-12-20T09:02:07.970-0800][56278415ms] GC(3520) User=0.08s Sys=0.00s Real=0.03s
[2023-12-20T09:02:08.648-0800][56279093ms] GC(3521) Pause Young (Normal) (G1 Evacuation Pause)
[2023-12-20T09:02:08.648-0800][56279093ms] GC(3521) Using 10 workers of 10 for evacuation
[2023-12-20T09:02:08.676-0800][56279121ms] GC(3521)   Pre Evacuate Collection Set: 0.0ms
[2023-12-20T09:02:08.676-0800][56279121ms] GC(3521)   Evacuate Collection Set: 25.3ms
[2023-12-20T09:02:08.676-0800][56279121ms] GC(3521)   Post Evacuate Collection Set: 2.4ms
[2023-12-20T09:02:08.676-0800][56279121ms] GC(3521)   Other: 0.4ms
[2023-12-20T09:02:08.676-0800][56279121ms] GC(3521) Eden regions: 753->0(752)
[2023-12-20T09:02:08.676-0800][56279121ms] GC(3521) Survivor regions: 30->31(98)
[2023-12-20T09:02:08.676-0800][56279121ms] GC(3521) Old regions: 189->189
[2023-12-20T09:02:08.676-0800][56279121ms] GC(3521) Humongous regions: 5->5
[2023-12-20T09:02:08.676-0800][56279121ms] GC(3521) Metaspace: 256573K->256573K(1294336K)
[2023-12-20T09:02:08.676-0800][56279121ms] GC(3521) Pause Young (Normal) (G1 Evacuation Pause) 1952M->448M(2612M) 28.247ms
[2023-12-20T09:02:08.676-0800][56279121ms] GC(3521) User=0.11s Sys=0.00s Real=0.03s
[2023-12-20T09:02:09.432-0800][56279877ms] GC(3522) Pause Young (Normal) (G1 Evacuation Pause)
[2023-12-20T09:02:09.432-0800][56279877ms] GC(3522) Using 10 workers of 10 for evacuation
[2023-12-20T09:02:09.461-0800][56279906ms] GC(3522)   Pre Evacuate Collection Set: 0.0ms
[2023-12-20T09:02:09.461-0800][56279906ms] GC(3522)   Evacuate Collection Set: 26.5ms
[2023-12-20T09:02:09.461-0800][56279906ms] GC(3522)   Post Evacuate Collection Set: 2.4ms
[2023-12-20T09:02:09.461-0800][56279906ms] GC(3522)   Other: 0.4ms
[2023-12-20T09:02:09.461-0800][56279906ms] GC(3522) Eden regions: 752->0(753)
[2023-12-20T09:02:09.461-0800][56279906ms] GC(3522) Survivor regions: 31->30(98)
[2023-12-20T09:02:09.461-0800][56279906ms] GC(3522) Old regions: 189->189
[2023-12-20T09:02:09.461-0800][56279906ms] GC(3522) Humongous regions: 5->5
[2023-12-20T09:02:09.461-0800][56279906ms] GC(3522) Metaspace: 256573K->256573K(1294336K)
[2023-12-20T09:02:09.461-0800][56279906ms] GC(3522) Pause Young (Normal) (G1 Evacuation Pause) 1952M->446M(2612M) 29.408ms
[2023-12-20T09:02:09.461-0800][56279906ms] GC(3522) User=0.08s Sys=0.00s Real=0.03s
[2023-12-20T09:02:10.533-0800][56280978ms] GC(3523) Pause Young (Normal) (G1 Evacuation Pause)
[2023-12-20T09:02:10.533-0800][56280978ms] GC(3523) Using 10 workers of 10 for evacuation
[2023-12-20T09:02:10.563-0800][56281008ms] GC(3523)   Pre Evacuate Collection Set: 0.0ms
[2023-12-20T09:02:10.563-0800][56281008ms] GC(3523)   Evacuate Collection Set: 27.6ms
[2023-12-20T09:02:10.563-0800][56281008ms] GC(3523)   Post Evacuate Collection Set: 2.4ms
[2023-12-20T09:02:10.563-0800][56281008ms] GC(3523)   Other: 0.4ms
[2023-12-20T09:02:10.563-0800][56281008ms] GC(3523) Eden regions: 753->0(752)
[2023-12-20T09:02:10.563-0800][56281008ms] GC(3523) Survivor regions: 30->31(98)
[2023-12-20T09:02:10.563-0800][56281008ms] GC(3523) Old regions: 189->189
[2023-12-20T09:02:10.563-0800][56281008ms] GC(3523) Humongous regions: 5->5
[2023-12-20T09:02:10.563-0800][56281008ms] GC(3523) Metaspace: 256573K->256573K(1294336K)
[2023-12-20T09:02:10.563-0800][56281008ms] GC(3523) Pause Young (Normal) (G1 Evacuation Pause) 1952M->447M(2612M) 30.581ms
[2023-12-20T09:02:10.563-0800][56281008ms] GC(3523) User=0.08s Sys=0.00s Real=0.03s
[2023-12-20T09:02:11.560-0800][56282005ms] GC(3524) Pause Young (Normal) (G1 Evacuation Pause)
[2023-12-20T09:02:11.560-0800][56282005ms] GC(3524) Using 10 workers of 10 for evacuation
[2023-12-20T09:02:11.589-0800][56282034ms] GC(3524)   Pre Evacuate Collection Set: 0.0ms
[2023-12-20T09:02:11.589-0800][56282034ms] GC(3524)   Evacuate Collection Set: 25.0ms
[2023-12-20T09:02:11.589-0800][56282034ms] GC(3524)   Post Evacuate Collection Set: 2.9ms
[2023-12-20T09:02:11.589-0800][56282034ms] GC(3524)   Other: 0.4ms
[2023-12-20T09:02:11.589-0800][56282034ms] GC(3524) Eden regions: 752->0(752)
[2023-12-20T09:02:11.589-0800][56282034ms] GC(3524) Survivor regions: 31->31(98)
[2023-12-20T09:02:11.589-0800][56282034ms] GC(3524) Old regions: 189->189
[2023-12-20T09:02:11.589-0800][56282034ms] GC(3524) Humongous regions: 5->5
[2023-12-20T09:02:11.589-0800][56282034ms] GC(3524) Metaspace: 256573K->256573K(1294336K)
[2023-12-20T09:02:11.589-0800][56282034ms] GC(3524) Pause Young (Normal) (G1 Evacuation Pause) 1951M->448M(2612M) 28.410ms
[2023-12-20T09:02:11.589-0800][56282034ms] GC(3524) User=0.09s Sys=0.00s Real=0.03s
[2023-12-20T09:02:12.415-0800][56282860ms] GC(3525) Pause Young (Normal) (G1 Evacuation Pause)
[2023-12-20T09:02:12.415-0800][56282860ms] GC(3525) Using 10 workers of 10 for evacuation
[2023-12-20T09:02:12.443-0800][56282888ms] GC(3525)   Pre Evacuate Collection Set: 0.0ms
[2023-12-20T09:02:12.443-0800][56282888ms] GC(3525)   Evacuate Collection Set: 25.2ms
[2023-12-20T09:02:12.443-0800][56282888ms] GC(3525)   Post Evacuate Collection Set: 2.4ms
[2023-12-20T09:02:12.443-0800][56282888ms] GC(3525)   Other: 0.4ms
[2023-12-20T09:02:12.443-0800][56282888ms] GC(3525) Eden regions: 752->0(752)
[2023-12-20T09:02:12.443-0800][56282888ms] GC(3525) Survivor regions: 31->31(98)
[2023-12-20T09:02:12.443-0800][56282888ms] GC(3525) Old regions: 189->189
[2023-12-20T09:02:12.443-0800][56282888ms] GC(3525) Humongous regions: 5->5
[2023-12-20T09:02:12.443-0800][56282888ms] GC(3525) Metaspace: 256573K->256573K(1294336K)
[2023-12-20T09:02:12.443-0800][56282888ms] GC(3525) Pause Young (Normal) (G1 Evacuation Pause) 1952M->447M(2612M) 28.063ms
[2023-12-20T09:02:12.443-0800][56282888ms] GC(3525) User=0.09s Sys=0.00s Real=0.03s
[2023-12-20T09:02:13.119-0800][56283564ms] GC(3526) Pause Young (Normal) (G1 Evacuation Pause)
[2023-12-20T09:02:13.119-0800][56283564ms] GC(3526) Using 10 workers of 10 for evacuation
[2023-12-20T09:02:13.148-0800][56283593ms] GC(3526)   Pre Evacuate Collection Set: 0.0ms
[2023-12-20T09:02:13.148-0800][56283593ms] GC(3526)   Evacuate Collection Set: 26.0ms
[2023-12-20T09:02:13.148-0800][56283593ms] GC(3526)   Post Evacuate Collection Set: 2.6ms
[2023-12-20T09:02:13.148-0800][56283593ms] GC(3526)   Other: 0.4ms
[2023-12-20T09:02:13.148-0800][56283593ms] GC(3526) Eden regions: 752->0(752)
[2023-12-20T09:02:13.148-0800][56283593ms] GC(3526) Survivor regions: 31->31(98)
[2023-12-20T09:02:13.148-0800][56283593ms] GC(3526) Old regions: 189->189
[2023-12-20T09:02:13.148-0800][56283593ms] GC(3526) Humongous regions: 5->5
[2023-12-20T09:02:13.148-0800][56283593ms] GC(3526) Metaspace: 256573K->256573K(1294336K)
[2023-12-20T09:02:13.148-0800][56283593ms] GC(3526) Pause Young (Normal) (G1 Evacuation Pause) 1951M->447M(2612M) 29.123ms
[2023-12-20T09:02:13.148-0800][56283593ms] GC(3526) User=0.06s Sys=0.00s Real=0.03s
[2023-12-20T09:02:13.705-0800][56284150ms] GC(3527) Pause Young (Normal) (G1 Evacuation Pause)
[2023-12-20T09:02:13.705-0800][56284150ms] GC(3527) Using 10 workers of 10 for evacuation
[2023-12-20T09:02:13.740-0800][56284185ms] GC(3527)   Pre Evacuate Collection Set: 0.1ms
[2023-12-20T09:02:13.740-0800][56284185ms] GC(3527)   Evacuate Collection Set: 31.5ms
[2023-12-20T09:02:13.740-0800][56284185ms] GC(3527)   Post Evacuate Collection Set: 3.5ms
[2023-12-20T09:02:13.740-0800][56284185ms] GC(3527)   Other: 0.6ms
[2023-12-20T09:02:13.740-0800][56284185ms] GC(3527) Eden regions: 752->0(753)
[2023-12-20T09:02:13.740-0800][56284185ms] GC(3527) Survivor regions: 31->30(98)
[2023-12-20T09:02:13.740-0800][56284185ms] GC(3527) Old regions: 189->189
[2023-12-20T09:02:13.740-0800][56284185ms] GC(3527) Humongous regions: 5->5
[2023-12-20T09:02:13.740-0800][56284185ms] GC(3527) Metaspace: 256573K->256573K(1294336K)
[2023-12-20T09:02:13.741-0800][56284186ms] GC(3527) Pause Young (Normal) (G1 Evacuation Pause) 1951M->445M(2612M) 35.914ms
[2023-12-20T09:02:13.741-0800][56284186ms] GC(3527) User=0.17s Sys=0.00s Real=0.04s
[2023-12-20T09:02:14.452-0800][56284897ms] GC(3528) Pause Young (Normal) (G1 Evacuation Pause)
[2023-12-20T09:02:14.452-0800][56284897ms] GC(3528) Using 10 workers of 10 for evacuation
[2023-12-20T09:02:14.482-0800][56284927ms] GC(3528)   Pre Evacuate Collection Set: 0.0ms
[2023-12-20T09:02:14.482-0800][56284927ms] GC(3528)   Evacuate Collection Set: 26.2ms
[2023-12-20T09:02:14.482-0800][56284927ms] GC(3528)   Post Evacuate Collection Set: 2.7ms
[2023-12-20T09:02:14.482-0800][56284927ms] GC(3528)   Other: 0.4ms
[2023-12-20T09:02:14.482-0800][56284927ms] GC(3528) Eden regions: 753->0(752)
[2023-12-20T09:02:14.482-0800][56284927ms] GC(3528) Survivor regions: 30->31(98)
[2023-12-20T09:02:14.482-0800][56284927ms] GC(3528) Old regions: 189->189
[2023-12-20T09:02:14.482-0800][56284927ms] GC(3528) Humongous regions: 5->5
[2023-12-20T09:02:14.482-0800][56284927ms] GC(3528) Metaspace: 256573K->256573K(1294336K)
[2023-12-20T09:02:14.482-0800][56284927ms] GC(3528) Pause Young (Normal) (G1 Evacuation Pause) 1951M->447M(2612M) 29.366ms
[2023-12-20T09:02:14.482-0800][56284927ms] GC(3528) User=0.05s Sys=0.00s Real=0.03s
[2023-12-20T09:02:15.322-0800][56285767ms] GC(3529) Pause Young (Normal) (GCLocker Initiated GC)
[2023-12-20T09:02:15.322-0800][56285767ms] GC(3529) Using 10 workers of 10 for evacuation
[2023-12-20T09:02:15.354-0800][56285799ms] GC(3529)   Pre Evacuate Collection Set: 0.0ms
[2023-12-20T09:02:15.355-0800][56285800ms] GC(3529)   Evacuate Collection Set: 29.5ms
[2023-12-20T09:02:15.355-0800][56285800ms] GC(3529)   Post Evacuate Collection Set: 3.0ms
[2023-12-20T09:02:15.355-0800][56285800ms] GC(3529)   Other: 0.4ms
[2023-12-20T09:02:15.355-0800][56285800ms] GC(3529) Eden regions: 753->0(753)
[2023-12-20T09:02:15.355-0800][56285800ms] GC(3529) Survivor regions: 31->30(98)
[2023-12-20T09:02:15.355-0800][56285800ms] GC(3529) Old regions: 189->189
[2023-12-20T09:02:15.355-0800][56285800ms] GC(3529) Humongous regions: 5->5
[2023-12-20T09:02:15.355-0800][56285800ms] GC(3529) Metaspace: 256573K->256573K(1294336K)
[2023-12-20T09:02:15.355-0800][56285800ms] GC(3529) Pause Young (Normal) (GCLocker Initiated GC) 1953M->446M(2612M) 33.080ms
[2023-12-20T09:02:15.355-0800][56285800ms] GC(3529) User=0.13s Sys=0.00s Real=0.03s
[2023-12-20T09:02:16.213-0800][56286658ms] GC(3530) Pause Young (Normal) (GCLocker Initiated GC)
[2023-12-20T09:02:16.213-0800][56286658ms] GC(3530) Using 10 workers of 10 for evacuation
[2023-12-20T09:02:16.243-0800][56286688ms] GC(3530)   Pre Evacuate Collection Set: 0.0ms
[2023-12-20T09:02:16.243-0800][56286688ms] GC(3530)   Evacuate Collection Set: 26.8ms
[2023-12-20T09:02:16.243-0800][56286688ms] GC(3530)   Post Evacuate Collection Set: 2.6ms
[2023-12-20T09:02:16.243-0800][56286688ms] GC(3530)   Other: 0.4ms
[2023-12-20T09:02:16.243-0800][56286688ms] GC(3530) Eden regions: 754->0(752)
[2023-12-20T09:02:16.243-0800][56286688ms] GC(3530) Survivor regions: 30->31(98)
[2023-12-20T09:02:16.243-0800][56286688ms] GC(3530) Old regions: 189->189
[2023-12-20T09:02:16.243-0800][56286688ms] GC(3530) Humongous regions: 5->5
[2023-12-20T09:02:16.243-0800][56286688ms] GC(3530) Metaspace: 256573K->256573K(1294336K)
[2023-12-20T09:02:16.243-0800][56286688ms] GC(3530) Pause Young (Normal) (GCLocker Initiated GC) 1952M->447M(2612M) 29.931ms
[2023-12-20T09:02:16.243-0800][56286688ms] GC(3530) User=0.06s Sys=0.00s Real=0.03s
[2023-12-20T09:02:17.024-0800][56287469ms] GC(3531) Pause Young (Normal) (GCLocker Initiated GC)
[2023-12-20T09:02:17.024-0800][56287469ms] GC(3531) Using 10 workers of 10 for evacuation
[2023-12-20T09:02:17.052-0800][56287497ms] GC(3531)   Pre Evacuate Collection Set: 0.1ms
[2023-12-20T09:02:17.052-0800][56287497ms] GC(3531)   Evacuate Collection Set: 25.2ms
[2023-12-20T09:02:17.052-0800][56287497ms] GC(3531)   Post Evacuate Collection Set: 2.6ms
[2023-12-20T09:02:17.052-0800][56287497ms] GC(3531)   Other: 0.4ms
[2023-12-20T09:02:17.052-0800][56287497ms] GC(3531) Eden regions: 753->0(752)
[2023-12-20T09:02:17.052-0800][56287497ms] GC(3531) Survivor regions: 31->31(98)
[2023-12-20T09:02:17.052-0800][56287497ms] GC(3531) Old regions: 189->189
[2023-12-20T09:02:17.052-0800][56287497ms] GC(3531) Humongous regions: 5->5
[2023-12-20T09:02:17.052-0800][56287497ms] GC(3531) Metaspace: 256573K->256573K(1294336K)
[2023-12-20T09:02:17.052-0800][56287497ms] GC(3531) Pause Young (Normal) (GCLocker Initiated GC) 1952M->448M(2612M) 28.322ms
[2023-12-20T09:02:17.052-0800][56287497ms] GC(3531) User=0.06s Sys=0.00s Real=0.03s
[2023-12-20T09:02:17.811-0800][56288256ms] GC(3532) Pause Young (Normal) (G1 Evacuation Pause)
[2023-12-20T09:02:17.811-0800][56288256ms] GC(3532) Using 10 workers of 10 for evacuation
[2023-12-20T09:02:17.837-0800][56288282ms] GC(3532)   Pre Evacuate Collection Set: 0.1ms
[2023-12-20T09:02:17.837-0800][56288282ms] GC(3532)   Evacuate Collection Set: 24.3ms
[2023-12-20T09:02:17.837-0800][56288282ms] GC(3532)   Post Evacuate Collection Set: 2.5ms
[2023-12-20T09:02:17.837-0800][56288282ms] GC(3532)   Other: 0.3ms
[2023-12-20T09:02:17.837-0800][56288282ms] GC(3532) Eden regions: 752->0(752)
[2023-12-20T09:02:17.837-0800][56288282ms] GC(3532) Survivor regions: 31->31(98)
[2023-12-20T09:02:17.837-0800][56288282ms] GC(3532) Old regions: 189->189
[2023-12-20T09:02:17.837-0800][56288282ms] GC(3532) Humongous regions: 5->5
[2023-12-20T09:02:17.837-0800][56288282ms] GC(3532) Metaspace: 256573K->256573K(1294336K)
[2023-12-20T09:02:17.837-0800][56288282ms] GC(3532) Pause Young (Normal) (G1 Evacuation Pause) 1952M->447M(2612M) 27.249ms
[2023-12-20T09:02:17.837-0800][56288282ms] GC(3532) User=0.11s Sys=0.00s Real=0.03s
[2023-12-20T09:02:18.622-0800][56289067ms] GC(3533) Pause Young (Normal) (G1 Evacuation Pause)
[2023-12-20T09:02:18.622-0800][56289067ms] GC(3533) Using 10 workers of 10 for evacuation
[2023-12-20T09:02:18.653-0800][56289098ms] GC(3533)   Pre Evacuate Collection Set: 0.0ms
[2023-12-20T09:02:18.653-0800][56289098ms] GC(3533)   Evacuate Collection Set: 28.5ms
[2023-12-20T09:02:18.653-0800][56289098ms] GC(3533)   Post Evacuate Collection Set: 2.4ms
[2023-12-20T09:02:18.653-0800][56289098ms] GC(3533)   Other: 0.4ms
[2023-12-20T09:02:18.653-0800][56289098ms] GC(3533) Eden regions: 752->0(753)
[2023-12-20T09:02:18.653-0800][56289098ms] GC(3533) Survivor regions: 31->30(98)
[2023-12-20T09:02:18.653-0800][56289098ms] GC(3533) Old regions: 189->189
[2023-12-20T09:02:18.653-0800][56289098ms] GC(3533) Humongous regions: 5->5
[2023-12-20T09:02:18.653-0800][56289098ms] GC(3533) Metaspace: 256573K->256573K(1294336K)
[2023-12-20T09:02:18.653-0800][56289098ms] GC(3533) Pause Young (Normal) (G1 Evacuation Pause) 1951M->446M(2612M) 31.399ms
[2023-12-20T09:02:18.653-0800][56289098ms] GC(3533) User=0.14s Sys=0.02s Real=0.03s
[2023-12-20T09:02:19.558-0800][56290003ms] GC(3534) Pause Young (Normal) (G1 Evacuation Pause)
[2023-12-20T09:02:19.559-0800][56290004ms] GC(3534) Using 10 workers of 10 for evacuation
[2023-12-20T09:02:19.588-0800][56290033ms] GC(3534)   Pre Evacuate Collection Set: 0.0ms
[2023-12-20T09:02:19.588-0800][56290033ms] GC(3534)   Evacuate Collection Set: 26.4ms
[2023-12-20T09:02:19.588-0800][56290033ms] GC(3534)   Post Evacuate Collection Set: 2.2ms
[2023-12-20T09:02:19.588-0800][56290033ms] GC(3534)   Other: 0.5ms
[2023-12-20T09:02:19.588-0800][56290033ms] GC(3534) Eden regions: 753->0(752)
[2023-12-20T09:02:19.588-0800][56290033ms] GC(3534) Survivor regions: 30->31(98)
[2023-12-20T09:02:19.588-0800][56290033ms] GC(3534) Old regions: 189->189
[2023-12-20T09:02:19.588-0800][56290033ms] GC(3534) Humongous regions: 5->5
[2023-12-20T09:02:19.588-0800][56290033ms] GC(3534) Metaspace: 256573K->256573K(1294336K)
[2023-12-20T09:02:19.588-0800][56290033ms] GC(3534) Pause Young (Normal) (G1 Evacuation Pause) 1952M->447M(2612M) 29.372ms
[2023-12-20T09:02:19.588-0800][56290033ms] GC(3534) User=0.08s Sys=0.00s Real=0.03s
[2023-12-20T09:02:20.275-0800][56290720ms] GC(3535) Pause Young (Normal) (G1 Evacuation Pause)
[2023-12-20T09:02:20.275-0800][56290720ms] GC(3535) Using 10 workers of 10 for evacuation
[2023-12-20T09:02:20.303-0800][56290748ms] GC(3535)   Pre Evacuate Collection Set: 0.1ms
[2023-12-20T09:02:20.303-0800][56290748ms] GC(3535)   Evacuate Collection Set: 24.9ms
[2023-12-20T09:02:20.303-0800][56290748ms] GC(3535)   Post Evacuate Collection Set: 2.4ms
[2023-12-20T09:02:20.303-0800][56290748ms] GC(3535)   Other: 0.4ms
[2023-12-20T09:02:20.303-0800][56290748ms] GC(3535) Eden regions: 752->0(752)
[2023-12-20T09:02:20.303-0800][56290748ms] GC(3535) Survivor regions: 31->31(98)
[2023-12-20T09:02:20.303-0800][56290748ms] GC(3535) Old regions: 189->189
[2023-12-20T09:02:20.303-0800][56290748ms] GC(3535) Humongous regions: 5->5
[2023-12-20T09:02:20.303-0800][56290748ms] GC(3535) Metaspace: 256573K->256573K(1294336K)
[2023-12-20T09:02:20.303-0800][56290748ms] GC(3535) Pause Young (Normal) (G1 Evacuation Pause) 1951M->447M(2612M) 27.878ms
[2023-12-20T09:02:20.303-0800][56290748ms] GC(3535) User=0.08s Sys=0.00s Real=0.03s
[2023-12-20T09:02:21.003-0800][56291448ms] GC(3536) Pause Young (Normal) (G1 Evacuation Pause)
[2023-12-20T09:02:21.003-0800][56291448ms] GC(3536) Using 10 workers of 10 for evacuation
[2023-12-20T09:02:21.032-0800][56291477ms] GC(3536)   Pre Evacuate Collection Set: 0.0ms
[2023-12-20T09:02:21.032-0800][56291477ms] GC(3536)   Evacuate Collection Set: 26.0ms
[2023-12-20T09:02:21.032-0800][56291477ms] GC(3536)   Post Evacuate Collection Set: 2.9ms
[2023-12-20T09:02:21.032-0800][56291477ms] GC(3536)   Other: 0.4ms
[2023-12-20T09:02:21.032-0800][56291477ms] GC(3536) Eden regions: 752->0(753)
[2023-12-20T09:02:21.032-0800][56291477ms] GC(3536) Survivor regions: 31->30(98)
[2023-12-20T09:02:21.032-0800][56291477ms] GC(3536) Old regions: 189->189
[2023-12-20T09:02:21.032-0800][56291477ms] GC(3536) Humongous regions: 5->5
[2023-12-20T09:02:21.032-0800][56291477ms] GC(3536) Metaspace: 256576K->256576K(1294336K)
[2023-12-20T09:02:21.032-0800][56291477ms] GC(3536) Pause Young (Normal) (G1 Evacuation Pause) 1951M->446M(2612M) 29.373ms
[2023-12-20T09:02:21.032-0800][56291477ms] GC(3536) User=0.11s Sys=0.00s Real=0.03s
[2023-12-20T09:02:21.676-0800][56292121ms] GC(3537) Pause Young (Normal) (G1 Evacuation Pause)
[2023-12-20T09:02:21.676-0800][56292121ms] GC(3537) Using 10 workers of 10 for evacuation
[2023-12-20T09:02:21.707-0800][56292152ms] GC(3537)   Pre Evacuate Collection Set: 0.0ms
[2023-12-20T09:02:21.707-0800][56292152ms] GC(3537)   Evacuate Collection Set: 28.8ms
[2023-12-20T09:02:21.707-0800][56292152ms] GC(3537)   Post Evacuate Collection Set: 2.5ms
[2023-12-20T09:02:21.707-0800][56292152ms] GC(3537)   Other: 0.4ms
[2023-12-20T09:02:21.707-0800][56292152ms] GC(3537) Eden regions: 753->0(753)
[2023-12-20T09:02:21.707-0800][56292152ms] GC(3537) Survivor regions: 30->30(98)
[2023-12-20T09:02:21.707-0800][56292152ms] GC(3537) Old regions: 189->189
[2023-12-20T09:02:21.707-0800][56292152ms] GC(3537) Humongous regions: 5->5
[2023-12-20T09:02:21.707-0800][56292152ms] GC(3537) Metaspace: 256576K->256576K(1294336K)
[2023-12-20T09:02:21.707-0800][56292152ms] GC(3537) Pause Young (Normal) (G1 Evacuation Pause) 1952M->445M(2612M) 31.840ms
[2023-12-20T09:02:21.707-0800][56292152ms] GC(3537) User=0.06s Sys=0.00s Real=0.03s
[2023-12-20T09:02:22.299-0800][56292744ms] GC(3538) Pause Young (Normal) (G1 Evacuation Pause)
[2023-12-20T09:02:22.299-0800][56292744ms] GC(3538) Using 10 workers of 10 for evacuation
[2023-12-20T09:02:22.329-0800][56292774ms] GC(3538)   Pre Evacuate Collection Set: 0.0ms
[2023-12-20T09:02:22.329-0800][56292774ms] GC(3538)   Evacuate Collection Set: 26.6ms
[2023-12-20T09:02:22.329-0800][56292774ms] GC(3538)   Post Evacuate Collection Set: 3.1ms
[2023-12-20T09:02:22.329-0800][56292774ms] GC(3538)   Other: 0.4ms
[2023-12-20T09:02:22.329-0800][56292774ms] GC(3538) Eden regions: 753->0(753)
[2023-12-20T09:02:22.329-0800][56292774ms] GC(3538) Survivor regions: 30->30(98)
[2023-12-20T09:02:22.329-0800][56292774ms] GC(3538) Old regions: 189->189
[2023-12-20T09:02:22.329-0800][56292774ms] GC(3538) Humongous regions: 5->5
[2023-12-20T09:02:22.329-0800][56292774ms] GC(3538) Metaspace: 256576K->256576K(1294336K)
[2023-12-20T09:02:22.329-0800][56292774ms] GC(3538) Pause Young (Normal) (G1 Evacuation Pause) 1951M->445M(2612M) 30.195ms
[2023-12-20T09:02:22.329-0800][56292774ms] GC(3538) User=0.13s Sys=0.02s Real=0.03s
[2023-12-20T09:02:23.033-0800][56293478ms] GC(3539) Pause Young (Normal) (G1 Evacuation Pause)
[2023-12-20T09:02:23.033-0800][56293478ms] GC(3539) Using 10 workers of 10 for evacuation
[2023-12-20T09:02:23.059-0800][56293504ms] GC(3539)   Pre Evacuate Collection Set: 0.0ms
[2023-12-20T09:02:23.059-0800][56293504ms] GC(3539)   Evacuate Collection Set: 23.6ms
[2023-12-20T09:02:23.059-0800][56293504ms] GC(3539)   Post Evacuate Collection Set: 2.6ms
[2023-12-20T09:02:23.059-0800][56293504ms] GC(3539)   Other: 0.4ms
[2023-12-20T09:02:23.059-0800][56293504ms] GC(3539) Eden regions: 753->0(753)
[2023-12-20T09:02:23.059-0800][56293504ms] GC(3539) Survivor regions: 30->30(98)
[2023-12-20T09:02:23.059-0800][56293504ms] GC(3539) Old regions: 189->189
[2023-12-20T09:02:23.059-0800][56293504ms] GC(3539) Humongous regions: 5->5
[2023-12-20T09:02:23.059-0800][56293504ms] GC(3539) Metaspace: 256576K->256576K(1294336K)
[2023-12-20T09:02:23.059-0800][56293504ms] GC(3539) Pause Young (Normal) (G1 Evacuation Pause) 1951M->446M(2612M) 26.753ms
[2023-12-20T09:02:23.059-0800][56293504ms] GC(3539) User=0.08s Sys=0.00s Real=0.03s
[2023-12-20T09:02:23.801-0800][56294246ms] GC(3540) Pause Young (Normal) (G1 Evacuation Pause)
[2023-12-20T09:02:23.801-0800][56294246ms] GC(3540) Using 10 workers of 10 for evacuation
[2023-12-20T09:02:23.831-0800][56294276ms] GC(3540)   Pre Evacuate Collection Set: 0.0ms
[2023-12-20T09:02:23.831-0800][56294276ms] GC(3540)   Evacuate Collection Set: 27.2ms
[2023-12-20T09:02:23.831-0800][56294276ms] GC(3540)   Post Evacuate Collection Set: 3.2ms
[2023-12-20T09:02:23.831-0800][56294276ms] GC(3540)   Other: 0.4ms
[2023-12-20T09:02:23.831-0800][56294276ms] GC(3540) Eden regions: 753->0(753)
[2023-12-20T09:02:23.831-0800][56294276ms] GC(3540) Survivor regions: 30->30(98)
[2023-12-20T09:02:23.831-0800][56294276ms] GC(3540) Old regions: 189->189
[2023-12-20T09:02:23.831-0800][56294276ms] GC(3540) Humongous regions: 5->5
[2023-12-20T09:02:23.831-0800][56294276ms] GC(3540) Metaspace: 256576K->256576K(1294336K)
[2023-12-20T09:02:23.831-0800][56294276ms] GC(3540) Pause Young (Normal) (G1 Evacuation Pause) 1952M->446M(2612M) 31.100ms
[2023-12-20T09:02:23.831-0800][56294276ms] GC(3540) User=0.16s Sys=0.00s Real=0.03s
[2023-12-20T09:02:24.618-0800][56295063ms] GC(3541) Pause Young (Normal) (G1 Evacuation Pause)
[2023-12-20T09:02:24.618-0800][56295063ms] GC(3541) Using 10 workers of 10 for evacuation
[2023-12-20T09:02:24.652-0800][56295097ms] GC(3541)   Pre Evacuate Collection Set: 0.0ms
[2023-12-20T09:02:24.652-0800][56295097ms] GC(3541)   Evacuate Collection Set: 29.5ms
[2023-12-20T09:02:24.652-0800][56295097ms] GC(3541)   Post Evacuate Collection Set: 3.2ms
[2023-12-20T09:02:24.652-0800][56295097ms] GC(3541)   Other: 0.4ms
[2023-12-20T09:02:24.652-0800][56295097ms] GC(3541) Eden regions: 753->0(753)
[2023-12-20T09:02:24.652-0800][56295097ms] GC(3541) Survivor regions: 30->30(98)
[2023-12-20T09:02:24.652-0800][56295097ms] GC(3541) Old regions: 189->189
[2023-12-20T09:02:24.652-0800][56295097ms] GC(3541) Humongous regions: 5->5
[2023-12-20T09:02:24.652-0800][56295097ms] GC(3541) Metaspace: 256576K->256576K(1294336K)
[2023-12-20T09:02:24.652-0800][56295097ms] GC(3541) Pause Young (Normal) (G1 Evacuation Pause) 1952M->445M(2612M) 33.280ms
[2023-12-20T09:02:24.652-0800][56295097ms] GC(3541) User=0.11s Sys=0.00s Real=0.03s
[2023-12-20T09:02:25.224-0800][56295669ms] GC(3542) Pause Young (Normal) (G1 Evacuation Pause)
[2023-12-20T09:02:25.224-0800][56295669ms] GC(3542) Using 10 workers of 10 for evacuation
[2023-12-20T09:02:25.253-0800][56295698ms] GC(3542)   Pre Evacuate Collection Set: 0.0ms
[2023-12-20T09:02:25.253-0800][56295698ms] GC(3542)   Evacuate Collection Set: 26.4ms
[2023-12-20T09:02:25.253-0800][56295698ms] GC(3542)   Post Evacuate Collection Set: 2.7ms
[2023-12-20T09:02:25.253-0800][56295698ms] GC(3542)   Other: 0.4ms
[2023-12-20T09:02:25.253-0800][56295698ms] GC(3542) Eden regions: 753->0(753)
[2023-12-20T09:02:25.253-0800][56295698ms] GC(3542) Survivor regions: 30->30(98)
[2023-12-20T09:02:25.253-0800][56295698ms] GC(3542) Old regions: 189->189
[2023-12-20T09:02:25.253-0800][56295698ms] GC(3542) Humongous regions: 5->5
[2023-12-20T09:02:25.253-0800][56295698ms] GC(3542) Metaspace: 256576K->256576K(1294336K)
[2023-12-20T09:02:25.253-0800][56295698ms] GC(3542) Pause Young (Normal) (G1 Evacuation Pause) 1951M->445M(2612M) 29.681ms
[2023-12-20T09:02:25.253-0800][56295698ms] GC(3542) User=0.20s Sys=0.00s Real=0.03s
[2023-12-20T09:02:25.941-0800][56296386ms] GC(3543) Pause Young (Normal) (G1 Evacuation Pause)
[2023-12-20T09:02:25.941-0800][56296386ms] GC(3543) Using 10 workers of 10 for evacuation
[2023-12-20T09:02:25.972-0800][56296417ms] GC(3543)   Pre Evacuate Collection Set: 0.0ms
[2023-12-20T09:02:25.972-0800][56296417ms] GC(3543)   Evacuate Collection Set: 27.6ms
[2023-12-20T09:02:25.972-0800][56296417ms] GC(3543)   Post Evacuate Collection Set: 3.6ms
[2023-12-20T09:02:25.972-0800][56296417ms] GC(3543)   Other: 0.4ms
[2023-12-20T09:02:25.972-0800][56296417ms] GC(3543) Eden regions: 753->0(753)
[2023-12-20T09:02:25.972-0800][56296417ms] GC(3543) Survivor regions: 30->30(98)
[2023-12-20T09:02:25.972-0800][56296417ms] GC(3543) Old regions: 189->189
[2023-12-20T09:02:25.972-0800][56296417ms] GC(3543) Humongous regions: 5->5
[2023-12-20T09:02:25.972-0800][56296417ms] GC(3543) Metaspace: 256576K->256576K(1294336K)
[2023-12-20T09:02:25.972-0800][56296417ms] GC(3543) Pause Young (Normal) (G1 Evacuation Pause) 1951M->445M(2612M) 31.863ms
[2023-12-20T09:02:25.972-0800][56296417ms] GC(3543) User=0.14s Sys=0.00s Real=0.03s
[2023-12-20T09:02:27.308-0800][56297753ms] GC(3544) Pause Young (Normal) (G1 Evacuation Pause)
[2023-12-20T09:02:27.308-0800][56297753ms] GC(3544) Using 10 workers of 10 for evacuation
[2023-12-20T09:02:27.338-0800][56297783ms] GC(3544)   Pre Evacuate Collection Set: 0.0ms
[2023-12-20T09:02:27.338-0800][56297783ms] GC(3544)   Evacuate Collection Set: 27.2ms
[2023-12-20T09:02:27.338-0800][56297783ms] GC(3544)   Post Evacuate Collection Set: 2.5ms
[2023-12-20T09:02:27.338-0800][56297783ms] GC(3544)   Other: 0.4ms
[2023-12-20T09:02:27.338-0800][56297783ms] GC(3544) Eden regions: 753->0(753)
[2023-12-20T09:02:27.338-0800][56297783ms] GC(3544) Survivor regions: 30->30(98)
[2023-12-20T09:02:27.338-0800][56297783ms] GC(3544) Old regions: 189->189
[2023-12-20T09:02:27.338-0800][56297783ms] GC(3544) Humongous regions: 5->5
[2023-12-20T09:02:27.338-0800][56297783ms] GC(3544) Metaspace: 256576K->256576K(1294336K)
[2023-12-20T09:02:27.338-0800][56297783ms] GC(3544) Pause Young (Normal) (G1 Evacuation Pause) 1951M->446M(2612M) 30.241ms
[2023-12-20T09:02:27.338-0800][56297783ms] GC(3544) User=0.09s Sys=0.00s Real=0.03s
[2023-12-20T09:02:28.261-0800][56298706ms] GC(3545) Pause Young (Normal) (G1 Evacuation Pause)
[2023-12-20T09:02:28.261-0800][56298706ms] GC(3545) Using 10 workers of 10 for evacuation
[2023-12-20T09:02:28.293-0800][56298738ms] GC(3545)   Pre Evacuate Collection Set: 0.0ms
[2023-12-20T09:02:28.293-0800][56298738ms] GC(3545)   Evacuate Collection Set: 28.6ms
[2023-12-20T09:02:28.293-0800][56298738ms] GC(3545)   Post Evacuate Collection Set: 2.8ms
[2023-12-20T09:02:28.293-0800][56298738ms] GC(3545)   Other: 0.4ms
[2023-12-20T09:02:28.293-0800][56298738ms] GC(3545) Eden regions: 753->0(753)
[2023-12-20T09:02:28.293-0800][56298738ms] GC(3545) Survivor regions: 30->30(98)
[2023-12-20T09:02:28.293-0800][56298738ms] GC(3545) Old regions: 189->189
[2023-12-20T09:02:28.293-0800][56298738ms] GC(3545) Humongous regions: 5->5
[2023-12-20T09:02:28.293-0800][56298738ms] GC(3545) Metaspace: 256576K->256576K(1294336K)
[2023-12-20T09:02:28.293-0800][56298738ms] GC(3545) Pause Young (Normal) (G1 Evacuation Pause) 1952M->446M(2612M) 31.885ms
[2023-12-20T09:02:28.293-0800][56298738ms] GC(3545) User=0.13s Sys=0.00s Real=0.03s
[2023-12-20T09:02:29.093-0800][56299538ms] GC(3546) Pause Young (Normal) (G1 Evacuation Pause)
[2023-12-20T09:02:29.093-0800][56299538ms] GC(3546) Using 10 workers of 10 for evacuation
[2023-12-20T09:02:29.125-0800][56299570ms] GC(3546)   Pre Evacuate Collection Set: 0.0ms
[2023-12-20T09:02:29.125-0800][56299570ms] GC(3546)   Evacuate Collection Set: 28.3ms
[2023-12-20T09:02:29.125-0800][56299570ms] GC(3546)   Post Evacuate Collection Set: 2.5ms
[2023-12-20T09:02:29.125-0800][56299570ms] GC(3546)   Other: 0.4ms
[2023-12-20T09:02:29.125-0800][56299570ms] GC(3546) Eden regions: 753->0(753)
[2023-12-20T09:02:29.125-0800][56299570ms] GC(3546) Survivor regions: 30->30(98)
[2023-12-20T09:02:29.125-0800][56299570ms] GC(3546) Old regions: 189->189
[2023-12-20T09:02:29.125-0800][56299570ms] GC(3546) Humongous regions: 5->5
[2023-12-20T09:02:29.125-0800][56299570ms] GC(3546) Metaspace: 256576K->256576K(1294336K)
[2023-12-20T09:02:29.125-0800][56299570ms] GC(3546) Pause Young (Normal) (G1 Evacuation Pause) 1952M->446M(2612M) 31.387ms
[2023-12-20T09:02:29.125-0800][56299570ms] GC(3546) User=0.11s Sys=0.00s Real=0.03s
[2023-12-20T09:02:29.981-0800][56300426ms] GC(3547) Pause Young (Normal) (G1 Evacuation Pause)
[2023-12-20T09:02:29.981-0800][56300426ms] GC(3547) Using 10 workers of 10 for evacuation
[2023-12-20T09:02:30.011-0800][56300456ms] GC(3547)   Pre Evacuate Collection Set: 0.1ms
[2023-12-20T09:02:30.011-0800][56300456ms] GC(3547)   Evacuate Collection Set: 26.9ms
[2023-12-20T09:02:30.011-0800][56300456ms] GC(3547)   Post Evacuate Collection Set: 2.5ms
[2023-12-20T09:02:30.011-0800][56300456ms] GC(3547)   Other: 0.4ms
[2023-12-20T09:02:30.011-0800][56300456ms] GC(3547) Eden regions: 753->0(752)
[2023-12-20T09:02:30.011-0800][56300456ms] GC(3547) Survivor regions: 30->31(98)
[2023-12-20T09:02:30.011-0800][56300456ms] GC(3547) Old regions: 189->189
[2023-12-20T09:02:30.011-0800][56300456ms] GC(3547) Humongous regions: 5->5
[2023-12-20T09:02:30.011-0800][56300456ms] GC(3547) Metaspace: 256576K->256576K(1294336K)
[2023-12-20T09:02:30.011-0800][56300456ms] GC(3547) Pause Young (Normal) (G1 Evacuation Pause) 1952M->447M(2612M) 29.920ms
[2023-12-20T09:02:30.011-0800][56300456ms] GC(3547) User=0.11s Sys=0.00s Real=0.03s
[2023-12-20T09:02:30.893-0800][56301338ms] GC(3548) Pause Young (Normal) (G1 Evacuation Pause)
[2023-12-20T09:02:30.893-0800][56301338ms] GC(3548) Using 10 workers of 10 for evacuation
[2023-12-20T09:02:30.925-0800][56301370ms] GC(3548)   Pre Evacuate Collection Set: 0.0ms
[2023-12-20T09:02:30.925-0800][56301370ms] GC(3548)   Evacuate Collection Set: 28.3ms
[2023-12-20T09:02:30.925-0800][56301370ms] GC(3548)   Post Evacuate Collection Set: 2.8ms
[2023-12-20T09:02:30.925-0800][56301370ms] GC(3548)   Other: 0.4ms
[2023-12-20T09:02:30.925-0800][56301370ms] GC(3548) Eden regions: 752->0(753)
[2023-12-20T09:02:30.925-0800][56301370ms] GC(3548) Survivor regions: 31->30(98)
[2023-12-20T09:02:30.925-0800][56301370ms] GC(3548) Old regions: 189->189
[2023-12-20T09:02:30.925-0800][56301370ms] GC(3548) Humongous regions: 5->5
[2023-12-20T09:02:30.925-0800][56301370ms] GC(3548) Metaspace: 256576K->256576K(1294336K)
[2023-12-20T09:02:30.925-0800][56301370ms] GC(3548) Pause Young (Normal) (G1 Evacuation Pause) 1951M->446M(2612M) 31.646ms
[2023-12-20T09:02:30.925-0800][56301370ms] GC(3548) User=0.08s Sys=0.00s Real=0.03s
[2023-12-20T09:02:31.823-0800][56302268ms] GC(3549) Pause Young (Normal) (G1 Evacuation Pause)
[2023-12-20T09:02:31.823-0800][56302268ms] GC(3549) Using 10 workers of 10 for evacuation
[2023-12-20T09:02:31.854-0800][56302299ms] GC(3549)   Pre Evacuate Collection Set: 0.0ms
[2023-12-20T09:02:31.854-0800][56302299ms] GC(3549)   Evacuate Collection Set: 27.7ms
[2023-12-20T09:02:31.854-0800][56302299ms] GC(3549)   Post Evacuate Collection Set: 3.2ms
[2023-12-20T09:02:31.854-0800][56302299ms] GC(3549)   Other: 0.4ms
[2023-12-20T09:02:31.854-0800][56302299ms] GC(3549) Eden regions: 753->0(753)
[2023-12-20T09:02:31.854-0800][56302299ms] GC(3549) Survivor regions: 30->30(98)
[2023-12-20T09:02:31.854-0800][56302299ms] GC(3549) Old regions: 189->189
[2023-12-20T09:02:31.854-0800][56302299ms] GC(3549) Humongous regions: 5->5
[2023-12-20T09:02:31.854-0800][56302299ms] GC(3549) Metaspace: 256576K->256576K(1294336K)
[2023-12-20T09:02:31.854-0800][56302299ms] GC(3549) Pause Young (Normal) (G1 Evacuation Pause) 1952M->446M(2612M) 31.442ms
[2023-12-20T09:02:31.854-0800][56302299ms] GC(3549) User=0.06s Sys=0.00s Real=0.03s
[2023-12-20T09:02:32.787-0800][56303232ms] GC(3550) Pause Young (Normal) (G1 Evacuation Pause)
[2023-12-20T09:02:32.787-0800][56303232ms] GC(3550) Using 10 workers of 10 for evacuation
[2023-12-20T09:02:32.819-0800][56303264ms] GC(3550)   Pre Evacuate Collection Set: 0.0ms
[2023-12-20T09:02:32.819-0800][56303264ms] GC(3550)   Evacuate Collection Set: 29.1ms
[2023-12-20T09:02:32.819-0800][56303264ms] GC(3550)   Post Evacuate Collection Set: 2.8ms
[2023-12-20T09:02:32.819-0800][56303264ms] GC(3550)   Other: 0.4ms
[2023-12-20T09:02:32.819-0800][56303264ms] GC(3550) Eden regions: 753->0(753)
[2023-12-20T09:02:32.819-0800][56303264ms] GC(3550) Survivor regions: 30->30(98)
[2023-12-20T09:02:32.819-0800][56303264ms] GC(3550) Old regions: 189->189
[2023-12-20T09:02:32.819-0800][56303264ms] GC(3550) Humongous regions: 5->5
[2023-12-20T09:02:32.819-0800][56303264ms] GC(3550) Metaspace: 256576K->256576K(1294336K)
[2023-12-20T09:02:32.819-0800][56303264ms] GC(3550) Pause Young (Normal) (G1 Evacuation Pause) 1952M->445M(2612M) 32.518ms
[2023-12-20T09:02:32.819-0800][56303264ms] GC(3550) User=0.14s Sys=0.00s Real=0.03s
[2023-12-20T09:02:33.569-0800][56304014ms] GC(3551) Pause Young (Normal) (G1 Evacuation Pause)
[2023-12-20T09:02:33.570-0800][56304015ms] GC(3551) Using 10 workers of 10 for evacuation
[2023-12-20T09:02:33.600-0800][56304045ms] GC(3551)   Pre Evacuate Collection Set: 0.0ms
[2023-12-20T09:02:33.600-0800][56304045ms] GC(3551)   Evacuate Collection Set: 27.5ms
[2023-12-20T09:02:33.600-0800][56304045ms] GC(3551)   Post Evacuate Collection Set: 2.8ms
[2023-12-20T09:02:33.600-0800][56304045ms] GC(3551)   Other: 0.4ms
[2023-12-20T09:02:33.600-0800][56304045ms] GC(3551) Eden regions: 753->0(753)
[2023-12-20T09:02:33.600-0800][56304045ms] GC(3551) Survivor regions: 30->30(98)
[2023-12-20T09:02:33.600-0800][56304045ms] GC(3551) Old regions: 189->189
[2023-12-20T09:02:33.600-0800][56304045ms] GC(3551) Humongous regions: 5->5
[2023-12-20T09:02:33.600-0800][56304045ms] GC(3551) Metaspace: 256576K->256576K(1294336K)
[2023-12-20T09:02:33.600-0800][56304045ms] GC(3551) Pause Young (Normal) (G1 Evacuation Pause) 1951M->445M(2612M) 30.856ms
[2023-12-20T09:02:33.600-0800][56304045ms] GC(3551) User=0.09s Sys=0.00s Real=0.03s
[2023-12-20T09:02:34.500-0800][56304945ms] GC(3552) Pause Young (Normal) (G1 Evacuation Pause)
[2023-12-20T09:02:34.500-0800][56304945ms] GC(3552) Using 10 workers of 10 for evacuation
[2023-12-20T09:02:34.536-0800][56304981ms] GC(3552)   Pre Evacuate Collection Set: 0.1ms
[2023-12-20T09:02:34.536-0800][56304981ms] GC(3552)   Evacuate Collection Set: 32.0ms
[2023-12-20T09:02:34.536-0800][56304981ms] GC(3552)   Post Evacuate Collection Set: 3.6ms
[2023-12-20T09:02:34.536-0800][56304981ms] GC(3552)   Other: 0.6ms
[2023-12-20T09:02:34.536-0800][56304981ms] GC(3552) Eden regions: 753->0(753)
[2023-12-20T09:02:34.536-0800][56304981ms] GC(3552) Survivor regions: 30->30(98)
[2023-12-20T09:02:34.536-0800][56304981ms] GC(3552) Old regions: 189->189
[2023-12-20T09:02:34.536-0800][56304981ms] GC(3552) Humongous regions: 5->5
[2023-12-20T09:02:34.536-0800][56304981ms] GC(3552) Metaspace: 256576K->256576K(1294336K)
[2023-12-20T09:02:34.536-0800][56304981ms] GC(3552) Pause Young (Normal) (G1 Evacuation Pause) 1951M->446M(2612M) 36.441ms
[2023-12-20T09:02:34.536-0800][56304981ms] GC(3552) User=0.14s Sys=0.00s Real=0.04s
[2023-12-20T09:02:35.569-0800][56306014ms] GC(3553) Pause Young (Normal) (G1 Evacuation Pause)
[2023-12-20T09:02:35.569-0800][56306014ms] GC(3553) Using 10 workers of 10 for evacuation
[2023-12-20T09:02:35.600-0800][56306045ms] GC(3553)   Pre Evacuate Collection Set: 0.0ms
[2023-12-20T09:02:35.600-0800][56306045ms] GC(3553)   Evacuate Collection Set: 27.3ms
[2023-12-20T09:02:35.600-0800][56306045ms] GC(3553)   Post Evacuate Collection Set: 2.7ms
[2023-12-20T09:02:35.600-0800][56306045ms] GC(3553)   Other: 0.4ms
[2023-12-20T09:02:35.600-0800][56306045ms] GC(3553) Eden regions: 753->0(753)
[2023-12-20T09:02:35.600-0800][56306045ms] GC(3553) Survivor regions: 30->30(98)
[2023-12-20T09:02:35.600-0800][56306045ms] GC(3553) Old regions: 189->189
[2023-12-20T09:02:35.600-0800][56306045ms] GC(3553) Humongous regions: 5->5
[2023-12-20T09:02:35.600-0800][56306045ms] GC(3553) Metaspace: 256576K->256576K(1294336K)
[2023-12-20T09:02:35.600-0800][56306045ms] GC(3553) Pause Young (Normal) (G1 Evacuation Pause) 1952M->445M(2612M) 30.589ms
[2023-12-20T09:02:35.600-0800][56306045ms] GC(3553) User=0.09s Sys=0.00s Real=0.03s
[2023-12-20T09:02:36.494-0800][56306939ms] GC(3554) Pause Young (Normal) (G1 Evacuation Pause)
[2023-12-20T09:02:36.494-0800][56306939ms] GC(3554) Using 10 workers of 10 for evacuation
[2023-12-20T09:02:36.524-0800][56306969ms] GC(3554)   Pre Evacuate Collection Set: 0.0ms
[2023-12-20T09:02:36.524-0800][56306969ms] GC(3554)   Evacuate Collection Set: 26.8ms
[2023-12-20T09:02:36.524-0800][56306969ms] GC(3554)   Post Evacuate Collection Set: 2.3ms
[2023-12-20T09:02:36.524-0800][56306969ms] GC(3554)   Other: 0.3ms
[2023-12-20T09:02:36.524-0800][56306969ms] GC(3554) Eden regions: 753->0(753)
[2023-12-20T09:02:36.524-0800][56306969ms] GC(3554) Survivor regions: 30->30(98)
[2023-12-20T09:02:36.524-0800][56306969ms] GC(3554) Old regions: 189->189
[2023-12-20T09:02:36.524-0800][56306969ms] GC(3554) Humongous regions: 5->5
[2023-12-20T09:02:36.524-0800][56306969ms] GC(3554) Metaspace: 256576K->256576K(1294336K)
[2023-12-20T09:02:36.524-0800][56306969ms] GC(3554) Pause Young (Normal) (G1 Evacuation Pause) 1951M->446M(2612M) 29.634ms
[2023-12-20T09:02:36.524-0800][56306969ms] GC(3554) User=0.11s Sys=0.00s Real=0.03s
[2023-12-20T09:02:37.452-0800][56307897ms] GC(3555) Pause Young (Normal) (G1 Evacuation Pause)
[2023-12-20T09:02:37.452-0800][56307897ms] GC(3555) Using 10 workers of 10 for evacuation
[2023-12-20T09:02:37.482-0800][56307927ms] GC(3555)   Pre Evacuate Collection Set: 0.1ms
[2023-12-20T09:02:37.482-0800][56307927ms] GC(3555)   Evacuate Collection Set: 27.8ms
[2023-12-20T09:02:37.482-0800][56307927ms] GC(3555)   Post Evacuate Collection Set: 2.5ms
[2023-12-20T09:02:37.482-0800][56307927ms] GC(3555)   Other: 0.4ms
[2023-12-20T09:02:37.482-0800][56307927ms] GC(3555) Eden regions: 753->0(753)
[2023-12-20T09:02:37.482-0800][56307927ms] GC(3555) Survivor regions: 30->30(98)
[2023-12-20T09:02:37.482-0800][56307927ms] GC(3555) Old regions: 189->189
[2023-12-20T09:02:37.482-0800][56307927ms] GC(3555) Humongous regions: 5->5
[2023-12-20T09:02:37.482-0800][56307927ms] GC(3555) Metaspace: 256576K->256576K(1294336K)
[2023-12-20T09:02:37.482-0800][56307928ms] GC(3555) Pause Young (Normal) (G1 Evacuation Pause) 1952M->445M(2612M) 30.940ms
[2023-12-20T09:02:37.483-0800][56307928ms] GC(3555) User=0.11s Sys=0.00s Real=0.03s
[2023-12-20T09:02:38.328-0800][56308773ms] GC(3556) Pause Young (Normal) (G1 Evacuation Pause)
[2023-12-20T09:02:38.328-0800][56308773ms] GC(3556) Using 10 workers of 10 for evacuation
[2023-12-20T09:02:38.360-0800][56308805ms] GC(3556)   Pre Evacuate Collection Set: 0.0ms
[2023-12-20T09:02:38.360-0800][56308805ms] GC(3556)   Evacuate Collection Set: 29.3ms
[2023-12-20T09:02:38.360-0800][56308805ms] GC(3556)   Post Evacuate Collection Set: 2.8ms
[2023-12-20T09:02:38.360-0800][56308805ms] GC(3556)   Other: 0.4ms
[2023-12-20T09:02:38.360-0800][56308805ms] GC(3556) Eden regions: 753->0(754)
[2023-12-20T09:02:38.360-0800][56308805ms] GC(3556) Survivor regions: 30->29(98)
[2023-12-20T09:02:38.360-0800][56308805ms] GC(3556) Old regions: 189->189
[2023-12-20T09:02:38.360-0800][56308805ms] GC(3556) Humongous regions: 5->5
[2023-12-20T09:02:38.360-0800][56308805ms] GC(3556) Metaspace: 256576K->256576K(1294336K)
[2023-12-20T09:02:38.360-0800][56308805ms] GC(3556) Pause Young (Normal) (G1 Evacuation Pause) 1951M->444M(2612M) 32.659ms
[2023-12-20T09:02:38.360-0800][56308805ms] GC(3556) User=0.08s Sys=0.00s Real=0.03s
[2023-12-20T09:02:39.257-0800][56309702ms] GC(3557) Pause Young (Normal) (G1 Evacuation Pause)
[2023-12-20T09:02:39.257-0800][56309702ms] GC(3557) Using 10 workers of 10 for evacuation
[2023-12-20T09:02:39.287-0800][56309732ms] GC(3557)   Pre Evacuate Collection Set: 0.0ms
[2023-12-20T09:02:39.287-0800][56309732ms] GC(3557)   Evacuate Collection Set: 27.3ms
[2023-12-20T09:02:39.287-0800][56309732ms] GC(3557)   Post Evacuate Collection Set: 2.7ms
[2023-12-20T09:02:39.287-0800][56309732ms] GC(3557)   Other: 0.4ms
[2023-12-20T09:02:39.287-0800][56309732ms] GC(3557) Eden regions: 754->0(753)
[2023-12-20T09:02:39.287-0800][56309732ms] GC(3557) Survivor regions: 29->30(98)
[2023-12-20T09:02:39.287-0800][56309732ms] GC(3557) Old regions: 189->189
[2023-12-20T09:02:39.287-0800][56309732ms] GC(3557) Humongous regions: 5->5
[2023-12-20T09:02:39.287-0800][56309732ms] GC(3557) Metaspace: 256576K->256576K(1294336K)
[2023-12-20T09:02:39.287-0800][56309732ms] GC(3557) Pause Young (Normal) (G1 Evacuation Pause) 1952M->446M(2612M) 30.539ms
[2023-12-20T09:02:39.287-0800][56309732ms] GC(3557) User=0.11s Sys=0.00s Real=0.03s
[2023-12-20T09:02:40.309-0800][56310754ms] GC(3558) Pause Young (Normal) (G1 Evacuation Pause)
[2023-12-20T09:02:40.309-0800][56310754ms] GC(3558) Using 10 workers of 10 for evacuation
[2023-12-20T09:02:40.347-0800][56310792ms] GC(3558)   Pre Evacuate Collection Set: 0.1ms
[2023-12-20T09:02:40.347-0800][56310792ms] GC(3558)   Evacuate Collection Set: 34.8ms
[2023-12-20T09:02:40.347-0800][56310792ms] GC(3558)   Post Evacuate Collection Set: 2.8ms
[2023-12-20T09:02:40.347-0800][56310792ms] GC(3558)   Other: 0.6ms
[2023-12-20T09:02:40.347-0800][56310792ms] GC(3558) Eden regions: 753->0(753)
[2023-12-20T09:02:40.347-0800][56310792ms] GC(3558) Survivor regions: 30->30(98)
[2023-12-20T09:02:40.347-0800][56310792ms] GC(3558) Old regions: 189->189
[2023-12-20T09:02:40.347-0800][56310792ms] GC(3558) Humongous regions: 5->5
[2023-12-20T09:02:40.347-0800][56310792ms] GC(3558) Metaspace: 256576K->256576K(1294336K)
[2023-12-20T09:02:40.347-0800][56310792ms] GC(3558) Pause Young (Normal) (G1 Evacuation Pause) 1952M->445M(2612M) 38.334ms
[2023-12-20T09:02:40.347-0800][56310792ms] GC(3558) User=0.27s Sys=0.00s Real=0.04s
[2023-12-20T09:02:41.282-0800][56311727ms] GC(3559) Pause Young (Normal) (G1 Evacuation Pause)
[2023-12-20T09:02:41.282-0800][56311727ms] GC(3559) Using 10 workers of 10 for evacuation
[2023-12-20T09:02:41.315-0800][56311760ms] GC(3559)   Pre Evacuate Collection Set: 0.0ms
[2023-12-20T09:02:41.315-0800][56311760ms] GC(3559)   Evacuate Collection Set: 29.5ms
[2023-12-20T09:02:41.315-0800][56311760ms] GC(3559)   Post Evacuate Collection Set: 3.2ms
[2023-12-20T09:02:41.315-0800][56311760ms] GC(3559)   Other: 0.4ms
[2023-12-20T09:02:41.315-0800][56311760ms] GC(3559) Eden regions: 753->0(753)
[2023-12-20T09:02:41.315-0800][56311760ms] GC(3559) Survivor regions: 30->30(98)
[2023-12-20T09:02:41.315-0800][56311760ms] GC(3559) Old regions: 189->189
[2023-12-20T09:02:41.315-0800][56311760ms] GC(3559) Humongous regions: 5->5
[2023-12-20T09:02:41.315-0800][56311760ms] GC(3559) Metaspace: 256576K->256576K(1294336K)
[2023-12-20T09:02:41.315-0800][56311760ms] GC(3559) Pause Young (Normal) (G1 Evacuation Pause) 1951M->445M(2612M) 33.316ms
[2023-12-20T09:02:41.315-0800][56311760ms] GC(3559) User=0.16s Sys=0.00s Real=0.03s
[2023-12-20T09:02:42.171-0800][56312616ms] GC(3560) Pause Young (Normal) (G1 Evacuation Pause)
[2023-12-20T09:02:42.171-0800][56312616ms] GC(3560) Using 10 workers of 10 for evacuation
[2023-12-20T09:02:42.204-0800][56312649ms] GC(3560)   Pre Evacuate Collection Set: 0.0ms
[2023-12-20T09:02:42.204-0800][56312649ms] GC(3560)   Evacuate Collection Set: 29.0ms
[2023-12-20T09:02:42.204-0800][56312649ms] GC(3560)   Post Evacuate Collection Set: 2.8ms
[2023-12-20T09:02:42.204-0800][56312649ms] GC(3560)   Other: 0.4ms
[2023-12-20T09:02:42.204-0800][56312649ms] GC(3560) Eden regions: 753->0(754)
[2023-12-20T09:02:42.204-0800][56312649ms] GC(3560) Survivor regions: 30->29(98)
[2023-12-20T09:02:42.204-0800][56312649ms] GC(3560) Old regions: 189->189
[2023-12-20T09:02:42.204-0800][56312649ms] GC(3560) Humongous regions: 5->5
[2023-12-20T09:02:42.204-0800][56312649ms] GC(3560) Metaspace: 256576K->256576K(1294336K)
[2023-12-20T09:02:42.204-0800][56312649ms] GC(3560) Pause Young (Normal) (G1 Evacuation Pause) 1951M->444M(2612M) 32.358ms
[2023-12-20T09:02:42.204-0800][56312649ms] GC(3560) User=0.11s Sys=0.00s Real=0.03s
[2023-12-20T09:02:42.992-0800][56313437ms] GC(3561) Pause Young (Normal) (G1 Evacuation Pause)
[2023-12-20T09:02:42.992-0800][56313437ms] GC(3561) Using 10 workers of 10 for evacuation
[2023-12-20T09:02:43.023-0800][56313468ms] GC(3561)   Pre Evacuate Collection Set: 0.0ms
[2023-12-20T09:02:43.023-0800][56313468ms] GC(3561)   Evacuate Collection Set: 26.9ms
[2023-12-20T09:02:43.023-0800][56313468ms] GC(3561)   Post Evacuate Collection Set: 3.0ms
[2023-12-20T09:02:43.023-0800][56313468ms] GC(3561)   Other: 0.4ms
[2023-12-20T09:02:43.023-0800][56313468ms] GC(3561) Eden regions: 754->0(753)
[2023-12-20T09:02:43.023-0800][56313468ms] GC(3561) Survivor regions: 29->30(98)
[2023-12-20T09:02:43.023-0800][56313468ms] GC(3561) Old regions: 189->189
[2023-12-20T09:02:43.023-0800][56313468ms] GC(3561) Humongous regions: 5->5
[2023-12-20T09:02:43.023-0800][56313468ms] GC(3561) Metaspace: 256576K->256576K(1294336K)
[2023-12-20T09:02:43.023-0800][56313468ms] GC(3561) Pause Young (Normal) (G1 Evacuation Pause) 1952M->445M(2612M) 30.473ms
[2023-12-20T09:02:43.023-0800][56313468ms] GC(3561) User=0.11s Sys=0.00s Real=0.03s
[2023-12-20T09:02:43.847-0800][56314292ms] GC(3562) Pause Young (Normal) (G1 Evacuation Pause)
[2023-12-20T09:02:43.847-0800][56314292ms] GC(3562) Using 10 workers of 10 for evacuation
[2023-12-20T09:02:43.881-0800][56314326ms] GC(3562)   Pre Evacuate Collection Set: 0.0ms
[2023-12-20T09:02:43.881-0800][56314326ms] GC(3562)   Evacuate Collection Set: 30.3ms
[2023-12-20T09:02:43.881-0800][56314326ms] GC(3562)   Post Evacuate Collection Set: 3.5ms
[2023-12-20T09:02:43.881-0800][56314326ms] GC(3562)   Other: 0.4ms
[2023-12-20T09:02:43.881-0800][56314326ms] GC(3562) Eden regions: 753->0(754)
[2023-12-20T09:02:43.881-0800][56314326ms] GC(3562) Survivor regions: 30->29(98)
[2023-12-20T09:02:43.881-0800][56314326ms] GC(3562) Old regions: 189->189
[2023-12-20T09:02:43.882-0800][56314327ms] GC(3562) Humongous regions: 5->5
[2023-12-20T09:02:43.882-0800][56314327ms] GC(3562) Metaspace: 256576K->256576K(1294336K)
[2023-12-20T09:02:43.882-0800][56314327ms] GC(3562) Pause Young (Normal) (G1 Evacuation Pause) 1951M->444M(2612M) 34.469ms
[2023-12-20T09:02:43.882-0800][56314327ms] GC(3562) User=0.13s Sys=0.00s Real=0.04s
[2023-12-20T09:02:44.754-0800][56315199ms] GC(3563) Pause Young (Normal) (G1 Evacuation Pause)
[2023-12-20T09:02:44.754-0800][56315199ms] GC(3563) Using 10 workers of 10 for evacuation
[2023-12-20T09:02:44.785-0800][56315230ms] GC(3563)   Pre Evacuate Collection Set: 0.0ms
[2023-12-20T09:02:44.785-0800][56315230ms] GC(3563)   Evacuate Collection Set: 27.8ms
[2023-12-20T09:02:44.785-0800][56315230ms] GC(3563)   Post Evacuate Collection Set: 2.4ms
[2023-12-20T09:02:44.785-0800][56315230ms] GC(3563)   Other: 0.4ms
[2023-12-20T09:02:44.785-0800][56315230ms] GC(3563) Eden regions: 754->0(753)
[2023-12-20T09:02:44.785-0800][56315230ms] GC(3563) Survivor regions: 29->30(98)
[2023-12-20T09:02:44.785-0800][56315230ms] GC(3563) Old regions: 189->189
[2023-12-20T09:02:44.785-0800][56315230ms] GC(3563) Humongous regions: 5->5
[2023-12-20T09:02:44.785-0800][56315230ms] GC(3563) Metaspace: 256576K->256576K(1294336K)
[2023-12-20T09:02:44.785-0800][56315230ms] GC(3563) Pause Young (Normal) (G1 Evacuation Pause) 1952M->445M(2612M) 30.791ms
[2023-12-20T09:02:44.785-0800][56315230ms] GC(3563) User=0.11s Sys=0.00s Real=0.03s
[2023-12-20T09:02:45.586-0800][56316031ms] GC(3564) Pause Young (Normal) (G1 Evacuation Pause)
[2023-12-20T09:02:45.586-0800][56316031ms] GC(3564) Using 10 workers of 10 for evacuation
[2023-12-20T09:02:45.616-0800][56316061ms] GC(3564)   Pre Evacuate Collection Set: 0.0ms
[2023-12-20T09:02:45.616-0800][56316061ms] GC(3564)   Evacuate Collection Set: 27.7ms
[2023-12-20T09:02:45.616-0800][56316061ms] GC(3564)   Post Evacuate Collection Set: 2.4ms
[2023-12-20T09:02:45.616-0800][56316061ms] GC(3564)   Other: 0.3ms
[2023-12-20T09:02:45.616-0800][56316061ms] GC(3564) Eden regions: 753->0(753)
[2023-12-20T09:02:45.616-0800][56316061ms] GC(3564) Survivor regions: 30->30(98)
[2023-12-20T09:02:45.616-0800][56316061ms] GC(3564) Old regions: 189->189
[2023-12-20T09:02:45.616-0800][56316061ms] GC(3564) Humongous regions: 5->5
[2023-12-20T09:02:45.616-0800][56316061ms] GC(3564) Metaspace: 256576K->256576K(1294336K)
[2023-12-20T09:02:45.616-0800][56316061ms] GC(3564) Pause Young (Normal) (G1 Evacuation Pause) 1951M->446M(2612M) 30.574ms
[2023-12-20T09:02:45.616-0800][56316061ms] GC(3564) User=0.09s Sys=0.00s Real=0.03s
[2023-12-20T09:02:46.403-0800][56316848ms] GC(3565) Pause Young (Normal) (G1 Evacuation Pause)
[2023-12-20T09:02:46.403-0800][56316848ms] GC(3565) Using 10 workers of 10 for evacuation
[2023-12-20T09:02:46.434-0800][56316879ms] GC(3565)   Pre Evacuate Collection Set: 0.1ms
[2023-12-20T09:02:46.434-0800][56316879ms] GC(3565)   Evacuate Collection Set: 28.6ms
[2023-12-20T09:02:46.434-0800][56316879ms] GC(3565)   Post Evacuate Collection Set: 2.6ms
[2023-12-20T09:02:46.434-0800][56316879ms] GC(3565)   Other: 0.5ms
[2023-12-20T09:02:46.434-0800][56316879ms] GC(3565) Eden regions: 753->0(753)
[2023-12-20T09:02:46.434-0800][56316879ms] GC(3565) Survivor regions: 30->30(98)
[2023-12-20T09:02:46.434-0800][56316879ms] GC(3565) Old regions: 189->189
[2023-12-20T09:02:46.434-0800][56316879ms] GC(3565) Humongous regions: 5->5
[2023-12-20T09:02:46.434-0800][56316879ms] GC(3565) Metaspace: 256576K->256576K(1294336K)
[2023-12-20T09:02:46.434-0800][56316879ms] GC(3565) Pause Young (Normal) (G1 Evacuation Pause) 1952M->446M(2612M) 31.850ms
[2023-12-20T09:02:46.434-0800][56316879ms] GC(3565) User=0.13s Sys=0.00s Real=0.03s
[2023-12-20T09:02:47.200-0800][56317645ms] GC(3566) Pause Young (Normal) (G1 Evacuation Pause)
[2023-12-20T09:02:47.200-0800][56317645ms] GC(3566) Using 10 workers of 10 for evacuation
[2023-12-20T09:02:47.232-0800][56317677ms] GC(3566)   Pre Evacuate Collection Set: 0.1ms
[2023-12-20T09:02:47.232-0800][56317677ms] GC(3566)   Evacuate Collection Set: 27.8ms
[2023-12-20T09:02:47.232-0800][56317677ms] GC(3566)   Post Evacuate Collection Set: 2.5ms
[2023-12-20T09:02:47.232-0800][56317677ms] GC(3566)   Other: 0.4ms
[2023-12-20T09:02:47.232-0800][56317677ms] GC(3566) Eden regions: 753->0(753)
[2023-12-20T09:02:47.232-0800][56317677ms] GC(3566) Survivor regions: 30->30(98)
[2023-12-20T09:02:47.232-0800][56317677ms] GC(3566) Old regions: 189->189
[2023-12-20T09:02:47.232-0800][56317677ms] GC(3566) Humongous regions: 5->5
[2023-12-20T09:02:47.232-0800][56317677ms] GC(3566) Metaspace: 256576K->256576K(1294336K)
[2023-12-20T09:02:47.232-0800][56317677ms] GC(3566) Pause Young (Normal) (G1 Evacuation Pause) 1952M->445M(2612M) 30.847ms
[2023-12-20T09:02:47.232-0800][56317677ms] GC(3566) User=0.09s Sys=0.00s Real=0.03s
[2023-12-20T09:02:47.986-0800][56318431ms] GC(3567) Pause Young (Normal) (G1 Evacuation Pause)
[2023-12-20T09:02:47.986-0800][56318431ms] GC(3567) Using 10 workers of 10 for evacuation
[2023-12-20T09:02:48.018-0800][56318463ms] GC(3567)   Pre Evacuate Collection Set: 0.0ms
[2023-12-20T09:02:48.018-0800][56318463ms] GC(3567)   Evacuate Collection Set: 28.5ms
[2023-12-20T09:02:48.018-0800][56318463ms] GC(3567)   Post Evacuate Collection Set: 2.6ms
[2023-12-20T09:02:48.018-0800][56318463ms] GC(3567)   Other: 0.4ms
[2023-12-20T09:02:48.018-0800][56318463ms] GC(3567) Eden regions: 753->0(753)
[2023-12-20T09:02:48.018-0800][56318463ms] GC(3567) Survivor regions: 30->30(98)
[2023-12-20T09:02:48.018-0800][56318463ms] GC(3567) Old regions: 189->189
[2023-12-20T09:02:48.018-0800][56318463ms] GC(3567) Humongous regions: 5->5
[2023-12-20T09:02:48.018-0800][56318463ms] GC(3567) Metaspace: 256576K->256576K(1294336K)
[2023-12-20T09:02:48.018-0800][56318463ms] GC(3567) Pause Young (Normal) (G1 Evacuation Pause) 1951M->445M(2612M) 31.645ms
[2023-12-20T09:02:48.018-0800][56318463ms] GC(3567) User=0.06s Sys=0.00s Real=0.03s
[2023-12-20T09:02:48.810-0800][56319255ms] GC(3568) Pause Young (Normal) (G1 Evacuation Pause)
[2023-12-20T09:02:48.810-0800][56319255ms] GC(3568) Using 10 workers of 10 for evacuation
[2023-12-20T09:02:48.841-0800][56319286ms] GC(3568)   Pre Evacuate Collection Set: 0.0ms
[2023-12-20T09:02:48.841-0800][56319286ms] GC(3568)   Evacuate Collection Set: 28.1ms
[2023-12-20T09:02:48.841-0800][56319286ms] GC(3568)   Post Evacuate Collection Set: 2.7ms
[2023-12-20T09:02:48.841-0800][56319286ms] GC(3568)   Other: 0.4ms
[2023-12-20T09:02:48.841-0800][56319286ms] GC(3568) Eden regions: 753->0(753)
[2023-12-20T09:02:48.841-0800][56319286ms] GC(3568) Survivor regions: 30->30(98)
[2023-12-20T09:02:48.841-0800][56319286ms] GC(3568) Old regions: 189->189
[2023-12-20T09:02:48.841-0800][56319286ms] GC(3568) Humongous regions: 5->5
[2023-12-20T09:02:48.841-0800][56319286ms] GC(3568) Metaspace: 256576K->256576K(1294336K)
[2023-12-20T09:02:48.841-0800][56319286ms] GC(3568) Pause Young (Normal) (G1 Evacuation Pause) 1951M->446M(2612M) 31.299ms
[2023-12-20T09:02:48.841-0800][56319286ms] GC(3568) User=0.11s Sys=0.00s Real=0.03s
[2023-12-20T09:02:49.698-0800][56320143ms] GC(3569) Pause Young (Normal) (GCLocker Initiated GC)
[2023-12-20T09:02:49.698-0800][56320143ms] GC(3569) Using 10 workers of 10 for evacuation
[2023-12-20T09:02:49.729-0800][56320174ms] GC(3569)   Pre Evacuate Collection Set: 0.0ms
[2023-12-20T09:02:49.729-0800][56320174ms] GC(3569)   Evacuate Collection Set: 28.2ms
[2023-12-20T09:02:49.729-0800][56320174ms] GC(3569)   Post Evacuate Collection Set: 3.3ms
[2023-12-20T09:02:49.729-0800][56320174ms] GC(3569)   Other: 0.4ms
[2023-12-20T09:02:49.729-0800][56320174ms] GC(3569) Eden regions: 753->0(753)
[2023-12-20T09:02:49.729-0800][56320174ms] GC(3569) Survivor regions: 30->30(98)
[2023-12-20T09:02:49.730-0800][56320175ms] GC(3569) Old regions: 189->189
[2023-12-20T09:02:49.730-0800][56320175ms] GC(3569) Humongous regions: 5->5
[2023-12-20T09:02:49.730-0800][56320175ms] GC(3569) Metaspace: 256576K->256576K(1294336K)
[2023-12-20T09:02:49.730-0800][56320175ms] GC(3569) Pause Young (Normal) (GCLocker Initiated GC) 1952M->446M(2612M) 32.073ms
[2023-12-20T09:02:49.730-0800][56320175ms] GC(3569) User=0.13s Sys=0.00s Real=0.03s
[2023-12-20T09:02:50.617-0800][56321062ms] GC(3570) Pause Young (Normal) (GCLocker Initiated GC)
[2023-12-20T09:02:50.617-0800][56321062ms] GC(3570) Using 10 workers of 10 for evacuation
[2023-12-20T09:02:50.649-0800][56321094ms] GC(3570)   Pre Evacuate Collection Set: 0.0ms
[2023-12-20T09:02:50.649-0800][56321094ms] GC(3570)   Evacuate Collection Set: 29.1ms
[2023-12-20T09:02:50.649-0800][56321094ms] GC(3570)   Post Evacuate Collection Set: 2.4ms
[2023-12-20T09:02:50.649-0800][56321094ms] GC(3570)   Other: 0.4ms
[2023-12-20T09:02:50.649-0800][56321094ms] GC(3570) Eden regions: 754->0(754)
[2023-12-20T09:02:50.649-0800][56321094ms] GC(3570) Survivor regions: 30->29(98)
[2023-12-20T09:02:50.649-0800][56321094ms] GC(3570) Old regions: 189->189
[2023-12-20T09:02:50.649-0800][56321094ms] GC(3570) Humongous regions: 5->5
[2023-12-20T09:02:50.649-0800][56321094ms] GC(3570) Metaspace: 256576K->256576K(1294336K)
[2023-12-20T09:02:50.649-0800][56321094ms] GC(3570) Pause Young (Normal) (GCLocker Initiated GC) 1953M->445M(2612M) 32.038ms
[2023-12-20T09:02:50.649-0800][56321094ms] GC(3570) User=0.08s Sys=0.00s Real=0.03s
[2023-12-20T09:02:51.632-0800][56322077ms] GC(3571) Pause Young (Normal) (G1 Evacuation Pause)
[2023-12-20T09:02:51.632-0800][56322077ms] GC(3571) Using 10 workers of 10 for evacuation
[2023-12-20T09:02:51.664-0800][56322109ms] GC(3571)   Pre Evacuate Collection Set: 0.0ms
[2023-12-20T09:02:51.664-0800][56322109ms] GC(3571)   Evacuate Collection Set: 29.6ms
[2023-12-20T09:02:51.664-0800][56322109ms] GC(3571)   Post Evacuate Collection Set: 2.6ms
[2023-12-20T09:02:51.664-0800][56322109ms] GC(3571)   Other: 0.4ms
[2023-12-20T09:02:51.664-0800][56322109ms] GC(3571) Eden regions: 754->0(753)
[2023-12-20T09:02:51.664-0800][56322109ms] GC(3571) Survivor regions: 29->30(98)
[2023-12-20T09:02:51.664-0800][56322109ms] GC(3571) Old regions: 189->189
[2023-12-20T09:02:51.664-0800][56322109ms] GC(3571) Humongous regions: 5->5
[2023-12-20T09:02:51.664-0800][56322109ms] GC(3571) Metaspace: 256577K->256577K(1294336K)
[2023-12-20T09:02:51.665-0800][56322110ms] GC(3571) Pause Young (Normal) (G1 Evacuation Pause) 1953M->446M(2612M) 32.824ms
[2023-12-20T09:02:51.665-0800][56322110ms] GC(3571) User=0.13s Sys=0.00s Real=0.03s
[2023-12-20T09:02:52.589-0800][56323034ms] GC(3572) Pause Young (Normal) (G1 Evacuation Pause)
[2023-12-20T09:02:52.589-0800][56323034ms] GC(3572) Using 10 workers of 10 for evacuation
[2023-12-20T09:02:52.620-0800][56323065ms] GC(3572)   Pre Evacuate Collection Set: 0.1ms
[2023-12-20T09:02:52.620-0800][56323065ms] GC(3572)   Evacuate Collection Set: 28.7ms
[2023-12-20T09:02:52.620-0800][56323065ms] GC(3572)   Post Evacuate Collection Set: 2.4ms
[2023-12-20T09:02:52.620-0800][56323065ms] GC(3572)   Other: 0.4ms
[2023-12-20T09:02:52.620-0800][56323065ms] GC(3572) Eden regions: 753->0(753)
[2023-12-20T09:02:52.620-0800][56323065ms] GC(3572) Survivor regions: 30->30(98)
[2023-12-20T09:02:52.620-0800][56323065ms] GC(3572) Old regions: 189->189
[2023-12-20T09:02:52.620-0800][56323065ms] GC(3572) Humongous regions: 5->5
[2023-12-20T09:02:52.620-0800][56323065ms] GC(3572) Metaspace: 256577K->256577K(1294336K)
[2023-12-20T09:02:52.620-0800][56323065ms] GC(3572) Pause Young (Normal) (G1 Evacuation Pause) 1952M->447M(2612M) 31.704ms
[2023-12-20T09:02:52.620-0800][56323065ms] GC(3572) User=0.11s Sys=0.00s Real=0.03s
[2023-12-20T09:02:53.411-0800][56323856ms] GC(3573) Pause Young (Normal) (G1 Evacuation Pause)
[2023-12-20T09:02:53.411-0800][56323856ms] GC(3573) Using 10 workers of 10 for evacuation
[2023-12-20T09:02:53.445-0800][56323890ms] GC(3573)   Pre Evacuate Collection Set: 0.0ms
[2023-12-20T09:02:53.445-0800][56323890ms] GC(3573)   Evacuate Collection Set: 28.9ms
[2023-12-20T09:02:53.445-0800][56323890ms] GC(3573)   Post Evacuate Collection Set: 3.2ms
[2023-12-20T09:02:53.445-0800][56323890ms] GC(3573)   Other: 0.4ms
[2023-12-20T09:02:53.445-0800][56323890ms] GC(3573) Eden regions: 753->0(753)
[2023-12-20T09:02:53.445-0800][56323890ms] GC(3573) Survivor regions: 30->30(98)
[2023-12-20T09:02:53.445-0800][56323890ms] GC(3573) Old regions: 189->189
[2023-12-20T09:02:53.445-0800][56323890ms] GC(3573) Humongous regions: 5->5
[2023-12-20T09:02:53.445-0800][56323890ms] GC(3573) Metaspace: 256577K->256577K(1294336K)
[2023-12-20T09:02:53.445-0800][56323890ms] GC(3573) Pause Young (Normal) (G1 Evacuation Pause) 1953M->446M(2612M) 32.715ms
[2023-12-20T09:02:53.445-0800][56323890ms] GC(3573) User=0.20s Sys=0.00s Real=0.03s
[2023-12-20T09:02:54.216-0800][56324661ms] GC(3574) Pause Young (Normal) (G1 Evacuation Pause)
[2023-12-20T09:02:54.216-0800][56324661ms] GC(3574) Using 10 workers of 10 for evacuation
[2023-12-20T09:02:54.249-0800][56324694ms] GC(3574)   Pre Evacuate Collection Set: 0.0ms
[2023-12-20T09:02:54.249-0800][56324694ms] GC(3574)   Evacuate Collection Set: 30.0ms
[2023-12-20T09:02:54.249-0800][56324694ms] GC(3574)   Post Evacuate Collection Set: 3.0ms
[2023-12-20T09:02:54.249-0800][56324694ms] GC(3574)   Other: 0.4ms
[2023-12-20T09:02:54.249-0800][56324694ms] GC(3574) Eden regions: 753->0(753)
[2023-12-20T09:02:54.249-0800][56324694ms] GC(3574) Survivor regions: 30->30(98)
[2023-12-20T09:02:54.249-0800][56324694ms] GC(3574) Old regions: 189->189
[2023-12-20T09:02:54.249-0800][56324694ms] GC(3574) Humongous regions: 5->5
[2023-12-20T09:02:54.249-0800][56324694ms] GC(3574) Metaspace: 256577K->256577K(1294336K)
[2023-12-20T09:02:54.249-0800][56324694ms] GC(3574) Pause Young (Normal) (G1 Evacuation Pause) 1952M->447M(2612M) 33.603ms
[2023-12-20T09:02:54.249-0800][56324694ms] GC(3574) User=0.08s Sys=0.00s Real=0.03s
[2023-12-20T09:02:55.009-0800][56325454ms] GC(3575) Pause Young (Normal) (G1 Evacuation Pause)
[2023-12-20T09:02:55.009-0800][56325454ms] GC(3575) Using 10 workers of 10 for evacuation
[2023-12-20T09:02:55.043-0800][56325488ms] GC(3575)   Pre Evacuate Collection Set: 0.0ms
[2023-12-20T09:02:55.043-0800][56325488ms] GC(3575)   Evacuate Collection Set: 29.1ms
[2023-12-20T09:02:55.043-0800][56325488ms] GC(3575)   Post Evacuate Collection Set: 3.7ms
[2023-12-20T09:02:55.043-0800][56325488ms] GC(3575)   Other: 0.5ms
[2023-12-20T09:02:55.043-0800][56325488ms] GC(3575) Eden regions: 753->0(754)
[2023-12-20T09:02:55.043-0800][56325488ms] GC(3575) Survivor regions: 30->29(98)
[2023-12-20T09:02:55.043-0800][56325488ms] GC(3575) Old regions: 189->189
[2023-12-20T09:02:55.043-0800][56325488ms] GC(3575) Humongous regions: 5->5
[2023-12-20T09:02:55.043-0800][56325488ms] GC(3575) Metaspace: 256577K->256577K(1294336K)
[2023-12-20T09:02:55.043-0800][56325488ms] GC(3575) Pause Young (Normal) (G1 Evacuation Pause) 1953M->445M(2612M) 33.556ms
[2023-12-20T09:02:55.043-0800][56325488ms] GC(3575) User=0.14s Sys=0.00s Real=0.03s
[2023-12-20T09:02:55.904-0800][56326349ms] GC(3576) Pause Young (Normal) (G1 Evacuation Pause)
[2023-12-20T09:02:55.904-0800][56326349ms] GC(3576) Using 10 workers of 10 for evacuation
[2023-12-20T09:02:55.938-0800][56326383ms] GC(3576)   Pre Evacuate Collection Set: 0.1ms
[2023-12-20T09:02:55.938-0800][56326383ms] GC(3576)   Evacuate Collection Set: 30.1ms
[2023-12-20T09:02:55.938-0800][56326383ms] GC(3576)   Post Evacuate Collection Set: 2.6ms
[2023-12-20T09:02:55.938-0800][56326383ms] GC(3576)   Other: 0.4ms
[2023-12-20T09:02:55.938-0800][56326383ms] GC(3576) Eden regions: 754->0(755)
[2023-12-20T09:02:55.938-0800][56326383ms] GC(3576) Survivor regions: 29->28(98)
[2023-12-20T09:02:55.938-0800][56326383ms] GC(3576) Old regions: 189->189
[2023-12-20T09:02:55.938-0800][56326383ms] GC(3576) Humongous regions: 5->5
[2023-12-20T09:02:55.938-0800][56326383ms] GC(3576) Metaspace: 256577K->256577K(1294336K)
[2023-12-20T09:02:55.938-0800][56326383ms] GC(3576) Pause Young (Normal) (G1 Evacuation Pause) 1953M->442M(2612M) 33.239ms
[2023-12-20T09:02:55.938-0800][56326383ms] GC(3576) User=0.11s Sys=0.00s Real=0.03s
[2023-12-20T09:02:56.720-0800][56327165ms] GC(3577) Pause Young (Normal) (G1 Evacuation Pause)
[2023-12-20T09:02:56.720-0800][56327165ms] GC(3577) Using 10 workers of 10 for evacuation
[2023-12-20T09:02:56.752-0800][56327197ms] GC(3577)   Pre Evacuate Collection Set: 0.0ms
[2023-12-20T09:02:56.752-0800][56327197ms] GC(3577)   Evacuate Collection Set: 29.2ms
[2023-12-20T09:02:56.752-0800][56327197ms] GC(3577)   Post Evacuate Collection Set: 2.9ms
[2023-12-20T09:02:56.752-0800][56327197ms] GC(3577)   Other: 0.3ms
[2023-12-20T09:02:56.752-0800][56327197ms] GC(3577) Eden regions: 755->0(753)
[2023-12-20T09:02:56.752-0800][56327197ms] GC(3577) Survivor regions: 28->30(98)
[2023-12-20T09:02:56.752-0800][56327197ms] GC(3577) Old regions: 189->189
[2023-12-20T09:02:56.752-0800][56327197ms] GC(3577) Humongous regions: 5->5
[2023-12-20T09:02:56.752-0800][56327197ms] GC(3577) Metaspace: 256577K->256577K(1294336K)
[2023-12-20T09:02:56.752-0800][56327197ms] GC(3577) Pause Young (Normal) (G1 Evacuation Pause) 1952M->446M(2612M) 32.648ms
[2023-12-20T09:02:56.752-0800][56327197ms] GC(3577) User=0.08s Sys=0.00s Real=0.03s
[2023-12-20T09:02:57.545-0800][56327990ms] GC(3578) Pause Young (Normal) (G1 Evacuation Pause)
[2023-12-20T09:02:57.545-0800][56327990ms] GC(3578) Using 10 workers of 10 for evacuation
[2023-12-20T09:02:57.577-0800][56328022ms] GC(3578)   Pre Evacuate Collection Set: 0.0ms
[2023-12-20T09:02:57.577-0800][56328022ms] GC(3578)   Evacuate Collection Set: 28.4ms
[2023-12-20T09:02:57.577-0800][56328022ms] GC(3578)   Post Evacuate Collection Set: 3.2ms
[2023-12-20T09:02:57.577-0800][56328022ms] GC(3578)   Other: 0.4ms
[2023-12-20T09:02:57.577-0800][56328022ms] GC(3578) Eden regions: 753->0(754)
[2023-12-20T09:02:57.577-0800][56328022ms] GC(3578) Survivor regions: 30->29(98)
[2023-12-20T09:02:57.577-0800][56328022ms] GC(3578) Old regions: 189->189
[2023-12-20T09:02:57.577-0800][56328022ms] GC(3578) Humongous regions: 5->5
[2023-12-20T09:02:57.577-0800][56328022ms] GC(3578) Metaspace: 256577K->256577K(1294336K)
[2023-12-20T09:02:57.577-0800][56328022ms] GC(3578) Pause Young (Normal) (G1 Evacuation Pause) 1952M->445M(2612M) 32.059ms
[2023-12-20T09:02:57.577-0800][56328022ms] GC(3578) User=0.09s Sys=0.00s Real=0.03s
[2023-12-20T09:02:58.346-0800][56328791ms] GC(3579) Pause Young (Normal) (G1 Evacuation Pause)
[2023-12-20T09:02:58.346-0800][56328791ms] GC(3579) Using 10 workers of 10 for evacuation
[2023-12-20T09:02:58.379-0800][56328824ms] GC(3579)   Pre Evacuate Collection Set: 0.0ms
[2023-12-20T09:02:58.379-0800][56328824ms] GC(3579)   Evacuate Collection Set: 28.6ms
[2023-12-20T09:02:58.379-0800][56328824ms] GC(3579)   Post Evacuate Collection Set: 3.8ms
[2023-12-20T09:02:58.379-0800][56328824ms] GC(3579)   Other: 0.4ms
[2023-12-20T09:02:58.379-0800][56328824ms] GC(3579) Eden regions: 754->0(753)
[2023-12-20T09:02:58.379-0800][56328824ms] GC(3579) Survivor regions: 29->30(98)
[2023-12-20T09:02:58.379-0800][56328824ms] GC(3579) Old regions: 189->189
[2023-12-20T09:02:58.379-0800][56328824ms] GC(3579) Humongous regions: 5->5
[2023-12-20T09:02:58.379-0800][56328824ms] GC(3579) Metaspace: 256577K->256577K(1294336K)
[2023-12-20T09:02:58.379-0800][56328824ms] GC(3579) Pause Young (Normal) (G1 Evacuation Pause) 1953M->446M(2612M) 33.034ms
[2023-12-20T09:02:58.379-0800][56328824ms] GC(3579) User=0.19s Sys=0.00s Real=0.03s
[2023-12-20T09:02:59.135-0800][56329580ms] GC(3580) Pause Young (Normal) (G1 Evacuation Pause)
[2023-12-20T09:02:59.135-0800][56329580ms] GC(3580) Using 10 workers of 10 for evacuation
[2023-12-20T09:02:59.164-0800][56329609ms] GC(3580)   Pre Evacuate Collection Set: 0.0ms
[2023-12-20T09:02:59.164-0800][56329609ms] GC(3580)   Evacuate Collection Set: 27.3ms
[2023-12-20T09:02:59.164-0800][56329609ms] GC(3580)   Post Evacuate Collection Set: 2.7ms
[2023-12-20T09:02:59.164-0800][56329609ms] GC(3580)   Other: 0.3ms
[2023-12-20T09:02:59.164-0800][56329609ms] GC(3580) Eden regions: 753->0(753)
[2023-12-20T09:02:59.164-0800][56329609ms] GC(3580) Survivor regions: 30->30(98)
[2023-12-20T09:02:59.164-0800][56329609ms] GC(3580) Old regions: 189->189
[2023-12-20T09:02:59.164-0800][56329609ms] GC(3580) Humongous regions: 5->5
[2023-12-20T09:02:59.164-0800][56329609ms] GC(3580) Metaspace: 256597K->256597K(1294336K)
[2023-12-20T09:02:59.164-0800][56329609ms] GC(3580) Pause Young (Normal) (G1 Evacuation Pause) 1952M->446M(2612M) 30.482ms
[2023-12-20T09:02:59.164-0800][56329609ms] GC(3580) User=0.11s Sys=0.00s Real=0.03s
[2023-12-20T09:02:59.981-0800][56330426ms] GC(3581) Pause Young (Normal) (G1 Evacuation Pause)
[2023-12-20T09:02:59.982-0800][56330427ms] GC(3581) Using 10 workers of 10 for evacuation
[2023-12-20T09:03:00.013-0800][56330458ms] GC(3581)   Pre Evacuate Collection Set: 0.0ms
[2023-12-20T09:03:00.014-0800][56330459ms] GC(3581)   Evacuate Collection Set: 28.4ms
[2023-12-20T09:03:00.014-0800][56330459ms] GC(3581)   Post Evacuate Collection Set: 3.5ms
[2023-12-20T09:03:00.014-0800][56330459ms] GC(3581)   Other: 0.4ms
[2023-12-20T09:03:00.014-0800][56330459ms] GC(3581) Eden regions: 753->0(754)
[2023-12-20T09:03:00.014-0800][56330459ms] GC(3581) Survivor regions: 30->29(98)
[2023-12-20T09:03:00.014-0800][56330459ms] GC(3581) Old regions: 189->189
[2023-12-20T09:03:00.014-0800][56330459ms] GC(3581) Humongous regions: 5->5
[2023-12-20T09:03:00.014-0800][56330459ms] GC(3581) Metaspace: 256597K->256597K(1294336K)
[2023-12-20T09:03:00.014-0800][56330459ms] GC(3581) Pause Young (Normal) (G1 Evacuation Pause) 1952M->444M(2612M) 32.541ms
[2023-12-20T09:03:00.014-0800][56330459ms] GC(3581) User=0.14s Sys=0.00s Real=0.03s
[2023-12-20T09:03:00.859-0800][56331304ms] GC(3582) Pause Young (Normal) (G1 Evacuation Pause)
[2023-12-20T09:03:00.859-0800][56331304ms] GC(3582) Using 10 workers of 10 for evacuation
[2023-12-20T09:03:00.889-0800][56331334ms] GC(3582)   Pre Evacuate Collection Set: 0.0ms
[2023-12-20T09:03:00.889-0800][56331334ms] GC(3582)   Evacuate Collection Set: 27.7ms
[2023-12-20T09:03:00.889-0800][56331334ms] GC(3582)   Post Evacuate Collection Set: 2.5ms
[2023-12-20T09:03:00.889-0800][56331334ms] GC(3582)   Other: 0.3ms
[2023-12-20T09:03:00.889-0800][56331334ms] GC(3582) Eden regions: 754->0(753)
[2023-12-20T09:03:00.889-0800][56331334ms] GC(3582) Survivor regions: 29->30(98)
[2023-12-20T09:03:00.889-0800][56331334ms] GC(3582) Old regions: 189->189
[2023-12-20T09:03:00.889-0800][56331334ms] GC(3582) Humongous regions: 5->5
[2023-12-20T09:03:00.889-0800][56331334ms] GC(3582) Metaspace: 256597K->256597K(1294336K)
[2023-12-20T09:03:00.889-0800][56331334ms] GC(3582) Pause Young (Normal) (G1 Evacuation Pause) 1952M->446M(2612M) 30.650ms
[2023-12-20T09:03:00.889-0800][56331334ms] GC(3582) User=0.14s Sys=0.00s Real=0.03s
[2023-12-20T09:03:01.677-0800][56332122ms] GC(3583) Pause Young (Normal) (G1 Evacuation Pause)
[2023-12-20T09:03:01.677-0800][56332122ms] GC(3583) Using 10 workers of 10 for evacuation
[2023-12-20T09:03:01.708-0800][56332153ms] GC(3583)   Pre Evacuate Collection Set: 0.0ms
[2023-12-20T09:03:01.708-0800][56332153ms] GC(3583)   Evacuate Collection Set: 27.8ms
[2023-12-20T09:03:01.708-0800][56332153ms] GC(3583)   Post Evacuate Collection Set: 2.5ms
[2023-12-20T09:03:01.708-0800][56332153ms] GC(3583)   Other: 0.4ms
[2023-12-20T09:03:01.708-0800][56332153ms] GC(3583) Eden regions: 753->0(753)
[2023-12-20T09:03:01.708-0800][56332153ms] GC(3583) Survivor regions: 30->30(98)
[2023-12-20T09:03:01.708-0800][56332153ms] GC(3583) Old regions: 189->189
[2023-12-20T09:03:01.708-0800][56332153ms] GC(3583) Humongous regions: 5->5
[2023-12-20T09:03:01.708-0800][56332153ms] GC(3583) Metaspace: 256597K->256597K(1294336K)
[2023-12-20T09:03:01.708-0800][56332153ms] GC(3583) Pause Young (Normal) (G1 Evacuation Pause) 1952M->446M(2612M) 30.832ms
[2023-12-20T09:03:01.708-0800][56332153ms] GC(3583) User=0.19s Sys=0.00s Real=0.03s
[2023-12-20T09:03:02.457-0800][56332902ms] GC(3584) Pause Young (Normal) (G1 Evacuation Pause)
[2023-12-20T09:03:02.457-0800][56332902ms] GC(3584) Using 10 workers of 10 for evacuation
[2023-12-20T09:03:02.488-0800][56332933ms] GC(3584)   Pre Evacuate Collection Set: 0.0ms
[2023-12-20T09:03:02.488-0800][56332933ms] GC(3584)   Evacuate Collection Set: 28.4ms
[2023-12-20T09:03:02.488-0800][56332933ms] GC(3584)   Post Evacuate Collection Set: 2.4ms
[2023-12-20T09:03:02.488-0800][56332933ms] GC(3584)   Other: 0.4ms
[2023-12-20T09:03:02.488-0800][56332933ms] GC(3584) Eden regions: 753->0(753)
[2023-12-20T09:03:02.488-0800][56332933ms] GC(3584) Survivor regions: 30->30(98)
[2023-12-20T09:03:02.488-0800][56332933ms] GC(3584) Old regions: 189->189
[2023-12-20T09:03:02.488-0800][56332933ms] GC(3584) Humongous regions: 5->5
[2023-12-20T09:03:02.488-0800][56332933ms] GC(3584) Metaspace: 256597K->256597K(1294336K)
[2023-12-20T09:03:02.488-0800][56332933ms] GC(3584) Pause Young (Normal) (G1 Evacuation Pause) 1952M->446M(2612M) 31.345ms
[2023-12-20T09:03:02.489-0800][56332934ms] GC(3584) User=0.19s Sys=0.00s Real=0.03s
[2023-12-20T09:03:03.319-0800][56333764ms] GC(3585) Pause Young (Normal) (G1 Evacuation Pause)
[2023-12-20T09:03:03.319-0800][56333764ms] GC(3585) Using 10 workers of 10 for evacuation
[2023-12-20T09:03:03.350-0800][56333795ms] GC(3585)   Pre Evacuate Collection Set: 0.0ms
[2023-12-20T09:03:03.350-0800][56333795ms] GC(3585)   Evacuate Collection Set: 28.5ms
[2023-12-20T09:03:03.350-0800][56333795ms] GC(3585)   Post Evacuate Collection Set: 2.6ms
[2023-12-20T09:03:03.350-0800][56333795ms] GC(3585)   Other: 0.3ms
[2023-12-20T09:03:03.350-0800][56333795ms] GC(3585) Eden regions: 753->0(754)
[2023-12-20T09:03:03.350-0800][56333795ms] GC(3585) Survivor regions: 30->29(98)
[2023-12-20T09:03:03.350-0800][56333795ms] GC(3585) Old regions: 189->189
[2023-12-20T09:03:03.350-0800][56333795ms] GC(3585) Humongous regions: 5->5
[2023-12-20T09:03:03.350-0800][56333795ms] GC(3585) Metaspace: 256597K->256597K(1294336K)
[2023-12-20T09:03:03.350-0800][56333795ms] GC(3585) Pause Young (Normal) (G1 Evacuation Pause) 1952M->445M(2612M) 31.521ms
[2023-12-20T09:03:03.350-0800][56333795ms] GC(3585) User=0.13s Sys=0.00s Real=0.03s
[2023-12-20T09:03:04.249-0800][56334694ms] GC(3586) Pause Young (Normal) (G1 Evacuation Pause)
[2023-12-20T09:03:04.249-0800][56334694ms] GC(3586) Using 10 workers of 10 for evacuation
[2023-12-20T09:03:04.278-0800][56334723ms] GC(3586)   Pre Evacuate Collection Set: 0.0ms
[2023-12-20T09:03:04.278-0800][56334723ms] GC(3586)   Evacuate Collection Set: 26.5ms
[2023-12-20T09:03:04.278-0800][56334723ms] GC(3586)   Post Evacuate Collection Set: 2.5ms
[2023-12-20T09:03:04.278-0800][56334723ms] GC(3586)   Other: 0.4ms
[2023-12-20T09:03:04.278-0800][56334723ms] GC(3586) Eden regions: 754->0(753)
[2023-12-20T09:03:04.278-0800][56334723ms] GC(3586) Survivor regions: 29->30(98)
[2023-12-20T09:03:04.278-0800][56334723ms] GC(3586) Old regions: 189->189
[2023-12-20T09:03:04.278-0800][56334723ms] GC(3586) Humongous regions: 5->5
[2023-12-20T09:03:04.278-0800][56334723ms] GC(3586) Metaspace: 256597K->256597K(1294336K)
[2023-12-20T09:03:04.278-0800][56334723ms] GC(3586) Pause Young (Normal) (G1 Evacuation Pause) 1953M->447M(2612M) 29.593ms
[2023-12-20T09:03:04.278-0800][56334723ms] GC(3586) User=0.11s Sys=0.00s Real=0.03s
[2023-12-20T09:03:05.154-0800][56335599ms] GC(3587) Pause Young (Normal) (G1 Evacuation Pause)
[2023-12-20T09:03:05.154-0800][56335599ms] GC(3587) Using 10 workers of 10 for evacuation
[2023-12-20T09:03:05.184-0800][56335629ms] GC(3587)   Pre Evacuate Collection Set: 0.0ms
[2023-12-20T09:03:05.184-0800][56335629ms] GC(3587)   Evacuate Collection Set: 27.3ms
[2023-12-20T09:03:05.184-0800][56335629ms] GC(3587)   Post Evacuate Collection Set: 2.6ms
[2023-12-20T09:03:05.184-0800][56335629ms] GC(3587)   Other: 0.4ms
[2023-12-20T09:03:05.184-0800][56335629ms] GC(3587) Eden regions: 753->0(753)
[2023-12-20T09:03:05.184-0800][56335629ms] GC(3587) Survivor regions: 30->30(98)
[2023-12-20T09:03:05.184-0800][56335629ms] GC(3587) Old regions: 189->189
[2023-12-20T09:03:05.184-0800][56335629ms] GC(3587) Humongous regions: 5->5
[2023-12-20T09:03:05.184-0800][56335629ms] GC(3587) Metaspace: 256597K->256597K(1294336K)
[2023-12-20T09:03:05.184-0800][56335629ms] GC(3587) Pause Young (Normal) (G1 Evacuation Pause) 1953M->447M(2612M) 30.410ms
[2023-12-20T09:03:05.184-0800][56335629ms] GC(3587) User=0.13s Sys=0.00s Real=0.03s
[2023-12-20T09:03:06.025-0800][56336470ms] GC(3588) Pause Young (Normal) (G1 Evacuation Pause)
[2023-12-20T09:03:06.025-0800][56336470ms] GC(3588) Using 10 workers of 10 for evacuation
[2023-12-20T09:03:06.056-0800][56336501ms] GC(3588)   Pre Evacuate Collection Set: 0.0ms
[2023-12-20T09:03:06.056-0800][56336501ms] GC(3588)   Evacuate Collection Set: 29.2ms
[2023-12-20T09:03:06.056-0800][56336501ms] GC(3588)   Post Evacuate Collection Set: 2.5ms
[2023-12-20T09:03:06.056-0800][56336501ms] GC(3588)   Other: 0.4ms
[2023-12-20T09:03:06.056-0800][56336501ms] GC(3588) Eden regions: 753->0(753)
[2023-12-20T09:03:06.056-0800][56336501ms] GC(3588) Survivor regions: 30->30(98)
[2023-12-20T09:03:06.056-0800][56336501ms] GC(3588) Old regions: 189->189
[2023-12-20T09:03:06.056-0800][56336501ms] GC(3588) Humongous regions: 5->5
[2023-12-20T09:03:06.056-0800][56336501ms] GC(3588) Metaspace: 256597K->256597K(1294336K)
[2023-12-20T09:03:06.056-0800][56336501ms] GC(3588) Pause Young (Normal) (G1 Evacuation Pause) 1953M->447M(2612M) 32.227ms
[2023-12-20T09:03:06.056-0800][56336501ms] GC(3588) User=0.09s Sys=0.00s Real=0.03s
[2023-12-20T09:03:06.780-0800][56337225ms] GC(3589) Pause Young (Normal) (G1 Evacuation Pause)
[2023-12-20T09:03:06.780-0800][56337225ms] GC(3589) Using 10 workers of 10 for evacuation
[2023-12-20T09:03:06.810-0800][56337255ms] GC(3589)   Pre Evacuate Collection Set: 0.0ms
[2023-12-20T09:03:06.810-0800][56337255ms] GC(3589)   Evacuate Collection Set: 27.3ms
[2023-12-20T09:03:06.810-0800][56337255ms] GC(3589)   Post Evacuate Collection Set: 2.3ms
[2023-12-20T09:03:06.810-0800][56337255ms] GC(3589)   Other: 0.4ms
[2023-12-20T09:03:06.810-0800][56337255ms] GC(3589) Eden regions: 753->0(752)
[2023-12-20T09:03:06.810-0800][56337255ms] GC(3589) Survivor regions: 30->31(98)
[2023-12-20T09:03:06.810-0800][56337255ms] GC(3589) Old regions: 189->189
[2023-12-20T09:03:06.810-0800][56337255ms] GC(3589) Humongous regions: 5->5
[2023-12-20T09:03:06.810-0800][56337255ms] GC(3589) Metaspace: 256597K->256597K(1294336K)
[2023-12-20T09:03:06.810-0800][56337255ms] GC(3589) Pause Young (Normal) (G1 Evacuation Pause) 1953M->448M(2612M) 30.164ms
[2023-12-20T09:03:06.810-0800][56337255ms] GC(3589) User=0.06s Sys=0.00s Real=0.03s
[2023-12-20T09:03:07.606-0800][56338051ms] GC(3590) Pause Young (Normal) (G1 Evacuation Pause)
[2023-12-20T09:03:07.606-0800][56338051ms] GC(3590) Using 10 workers of 10 for evacuation
[2023-12-20T09:03:07.636-0800][56338081ms] GC(3590)   Pre Evacuate Collection Set: 0.0ms
[2023-12-20T09:03:07.636-0800][56338081ms] GC(3590)   Evacuate Collection Set: 27.0ms
[2023-12-20T09:03:07.636-0800][56338081ms] GC(3590)   Post Evacuate Collection Set: 2.6ms
[2023-12-20T09:03:07.636-0800][56338081ms] GC(3590)   Other: 0.4ms
[2023-12-20T09:03:07.636-0800][56338081ms] GC(3590) Eden regions: 752->0(752)
[2023-12-20T09:03:07.636-0800][56338081ms] GC(3590) Survivor regions: 31->31(98)
[2023-12-20T09:03:07.636-0800][56338081ms] GC(3590) Old regions: 189->189
[2023-12-20T09:03:07.636-0800][56338081ms] GC(3590) Humongous regions: 5->5
[2023-12-20T09:03:07.636-0800][56338081ms] GC(3590) Metaspace: 256597K->256597K(1294336K)
[2023-12-20T09:03:07.636-0800][56338081ms] GC(3590) Pause Young (Normal) (G1 Evacuation Pause) 1952M->448M(2612M) 30.138ms
[2023-12-20T09:03:07.636-0800][56338081ms] GC(3590) User=0.09s Sys=0.00s Real=0.03s
[2023-12-20T09:03:08.486-0800][56338931ms] GC(3591) Pause Young (Normal) (G1 Evacuation Pause)
[2023-12-20T09:03:08.486-0800][56338931ms] GC(3591) Using 10 workers of 10 for evacuation
[2023-12-20T09:03:08.516-0800][56338961ms] GC(3591)   Pre Evacuate Collection Set: 0.0ms
[2023-12-20T09:03:08.516-0800][56338961ms] GC(3591)   Evacuate Collection Set: 27.2ms
[2023-12-20T09:03:08.516-0800][56338961ms] GC(3591)   Post Evacuate Collection Set: 2.8ms
[2023-12-20T09:03:08.516-0800][56338961ms] GC(3591)   Other: 0.4ms
[2023-12-20T09:03:08.516-0800][56338961ms] GC(3591) Eden regions: 752->0(752)
[2023-12-20T09:03:08.516-0800][56338961ms] GC(3591) Survivor regions: 31->31(98)
[2023-12-20T09:03:08.516-0800][56338961ms] GC(3591) Old regions: 189->189
[2023-12-20T09:03:08.516-0800][56338961ms] GC(3591) Humongous regions: 5->5
[2023-12-20T09:03:08.516-0800][56338961ms] GC(3591) Metaspace: 256597K->256597K(1294336K)
[2023-12-20T09:03:08.516-0800][56338961ms] GC(3591) Pause Young (Normal) (G1 Evacuation Pause) 1952M->448M(2612M) 30.459ms
[2023-12-20T09:03:08.516-0800][56338961ms] GC(3591) User=0.03s Sys=0.00s Real=0.03s
[2023-12-20T09:03:09.397-0800][56339842ms] GC(3592) Pause Young (Normal) (G1 Evacuation Pause)
[2023-12-20T09:03:09.397-0800][56339842ms] GC(3592) Using 10 workers of 10 for evacuation
[2023-12-20T09:03:09.429-0800][56339874ms] GC(3592)   Pre Evacuate Collection Set: 0.1ms
[2023-12-20T09:03:09.429-0800][56339874ms] GC(3592)   Evacuate Collection Set: 29.6ms
[2023-12-20T09:03:09.429-0800][56339874ms] GC(3592)   Post Evacuate Collection Set: 2.7ms
[2023-12-20T09:03:09.429-0800][56339874ms] GC(3592)   Other: 0.6ms
[2023-12-20T09:03:09.429-0800][56339874ms] GC(3592) Eden regions: 752->0(752)
[2023-12-20T09:03:09.429-0800][56339874ms] GC(3592) Survivor regions: 31->31(98)
[2023-12-20T09:03:09.429-0800][56339874ms] GC(3592) Old regions: 189->189
[2023-12-20T09:03:09.429-0800][56339874ms] GC(3592) Humongous regions: 5->5
[2023-12-20T09:03:09.429-0800][56339874ms] GC(3592) Metaspace: 256597K->256597K(1294336K)
[2023-12-20T09:03:09.429-0800][56339874ms] GC(3592) Pause Young (Normal) (G1 Evacuation Pause) 1952M->448M(2612M) 32.984ms
[2023-12-20T09:03:09.429-0800][56339874ms] GC(3592) User=0.13s Sys=0.00s Real=0.03s
[2023-12-20T09:03:10.429-0800][56340874ms] GC(3593) Pause Young (Normal) (G1 Evacuation Pause)
[2023-12-20T09:03:10.429-0800][56340874ms] GC(3593) Using 10 workers of 10 for evacuation
[2023-12-20T09:03:10.460-0800][56340905ms] GC(3593)   Pre Evacuate Collection Set: 0.0ms
[2023-12-20T09:03:10.460-0800][56340905ms] GC(3593)   Evacuate Collection Set: 28.3ms
[2023-12-20T09:03:10.460-0800][56340905ms] GC(3593)   Post Evacuate Collection Set: 2.5ms
[2023-12-20T09:03:10.460-0800][56340905ms] GC(3593)   Other: 0.4ms
[2023-12-20T09:03:10.460-0800][56340905ms] GC(3593) Eden regions: 752->0(752)
[2023-12-20T09:03:10.460-0800][56340905ms] GC(3593) Survivor regions: 31->31(98)
[2023-12-20T09:03:10.460-0800][56340905ms] GC(3593) Old regions: 189->189
[2023-12-20T09:03:10.460-0800][56340905ms] GC(3593) Humongous regions: 5->5
[2023-12-20T09:03:10.460-0800][56340905ms] GC(3593) Metaspace: 256597K->256597K(1294336K)
[2023-12-20T09:03:10.460-0800][56340905ms] GC(3593) Pause Young (Normal) (G1 Evacuation Pause) 1952M->448M(2612M) 31.311ms
[2023-12-20T09:03:10.460-0800][56340905ms] GC(3593) User=0.11s Sys=0.00s Real=0.03s
[2023-12-20T09:03:11.080-0800][56341525ms] GC(3594) Pause Young (Normal) (G1 Evacuation Pause)
[2023-12-20T09:03:11.080-0800][56341525ms] GC(3594) Using 10 workers of 10 for evacuation
[2023-12-20T09:03:11.110-0800][56341555ms] GC(3594)   Pre Evacuate Collection Set: 0.0ms
[2023-12-20T09:03:11.110-0800][56341555ms] GC(3594)   Evacuate Collection Set: 27.3ms
[2023-12-20T09:03:11.110-0800][56341555ms] GC(3594)   Post Evacuate Collection Set: 2.5ms
[2023-12-20T09:03:11.110-0800][56341555ms] GC(3594)   Other: 0.4ms
[2023-12-20T09:03:11.110-0800][56341555ms] GC(3594) Eden regions: 752->0(753)
[2023-12-20T09:03:11.110-0800][56341555ms] GC(3594) Survivor regions: 31->30(98)
[2023-12-20T09:03:11.110-0800][56341555ms] GC(3594) Old regions: 189->189
[2023-12-20T09:03:11.110-0800][56341555ms] GC(3594) Humongous regions: 5->5
[2023-12-20T09:03:11.110-0800][56341555ms] GC(3594) Metaspace: 256597K->256597K(1294336K)
[2023-12-20T09:03:11.110-0800][56341555ms] GC(3594) Pause Young (Normal) (G1 Evacuation Pause) 1952M->447M(2612M) 30.275ms
[2023-12-20T09:03:11.110-0800][56341555ms] GC(3594) User=0.11s Sys=0.00s Real=0.03s
[2023-12-20T09:03:11.764-0800][56342209ms] GC(3595) Pause Young (Normal) (G1 Evacuation Pause)
[2023-12-20T09:03:11.764-0800][56342209ms] GC(3595) Using 10 workers of 10 for evacuation
[2023-12-20T09:03:11.796-0800][56342241ms] GC(3595)   Pre Evacuate Collection Set: 0.0ms
[2023-12-20T09:03:11.796-0800][56342241ms] GC(3595)   Evacuate Collection Set: 29.1ms
[2023-12-20T09:03:11.796-0800][56342241ms] GC(3595)   Post Evacuate Collection Set: 2.6ms
[2023-12-20T09:03:11.796-0800][56342241ms] GC(3595)   Other: 0.4ms
[2023-12-20T09:03:11.796-0800][56342241ms] GC(3595) Eden regions: 753->0(752)
[2023-12-20T09:03:11.796-0800][56342241ms] GC(3595) Survivor regions: 30->31(98)
[2023-12-20T09:03:11.796-0800][56342241ms] GC(3595) Old regions: 189->189
[2023-12-20T09:03:11.796-0800][56342241ms] GC(3595) Humongous regions: 5->5
[2023-12-20T09:03:11.796-0800][56342241ms] GC(3595) Metaspace: 256597K->256597K(1294336K)
[2023-12-20T09:03:11.796-0800][56342241ms] GC(3595) Pause Young (Normal) (G1 Evacuation Pause) 1953M->449M(2612M) 32.209ms
[2023-12-20T09:03:11.796-0800][56342241ms] GC(3595) User=0.14s Sys=0.00s Real=0.03s
[2023-12-20T09:03:12.394-0800][56342839ms] GC(3596) Pause Young (Normal) (G1 Evacuation Pause)
[2023-12-20T09:03:12.394-0800][56342839ms] GC(3596) Using 10 workers of 10 for evacuation
[2023-12-20T09:03:12.424-0800][56342869ms] GC(3596)   Pre Evacuate Collection Set: 0.0ms
[2023-12-20T09:03:12.424-0800][56342869ms] GC(3596)   Evacuate Collection Set: 27.7ms
[2023-12-20T09:03:12.424-0800][56342869ms] GC(3596)   Post Evacuate Collection Set: 2.3ms
[2023-12-20T09:03:12.424-0800][56342869ms] GC(3596)   Other: 0.4ms
[2023-12-20T09:03:12.424-0800][56342869ms] GC(3596) Eden regions: 752->0(753)
[2023-12-20T09:03:12.424-0800][56342869ms] GC(3596) Survivor regions: 31->30(98)
[2023-12-20T09:03:12.424-0800][56342869ms] GC(3596) Old regions: 189->189
[2023-12-20T09:03:12.424-0800][56342869ms] GC(3596) Humongous regions: 5->5
[2023-12-20T09:03:12.424-0800][56342869ms] GC(3596) Metaspace: 256597K->256597K(1294336K)
[2023-12-20T09:03:12.424-0800][56342869ms] GC(3596) Pause Young (Normal) (G1 Evacuation Pause) 1953M->446M(2612M) 30.517ms
[2023-12-20T09:03:12.424-0800][56342869ms] GC(3596) User=0.19s Sys=0.00s Real=0.03s
[2023-12-20T09:03:13.057-0800][56343502ms] GC(3597) Pause Young (Normal) (G1 Evacuation Pause)
[2023-12-20T09:03:13.057-0800][56343502ms] GC(3597) Using 10 workers of 10 for evacuation
[2023-12-20T09:03:13.086-0800][56343531ms] GC(3597)   Pre Evacuate Collection Set: 0.0ms
[2023-12-20T09:03:13.086-0800][56343531ms] GC(3597)   Evacuate Collection Set: 26.3ms
[2023-12-20T09:03:13.086-0800][56343531ms] GC(3597)   Post Evacuate Collection Set: 2.4ms
[2023-12-20T09:03:13.086-0800][56343531ms] GC(3597)   Other: 0.4ms
[2023-12-20T09:03:13.086-0800][56343531ms] GC(3597) Eden regions: 753->0(752)
[2023-12-20T09:03:13.086-0800][56343531ms] GC(3597) Survivor regions: 30->31(98)
[2023-12-20T09:03:13.086-0800][56343531ms] GC(3597) Old regions: 189->189
[2023-12-20T09:03:13.086-0800][56343531ms] GC(3597) Humongous regions: 5->5
[2023-12-20T09:03:13.086-0800][56343531ms] GC(3597) Metaspace: 256597K->256597K(1294336K)
[2023-12-20T09:03:13.086-0800][56343531ms] GC(3597) Pause Young (Normal) (G1 Evacuation Pause) 1952M->448M(2612M) 29.264ms
[2023-12-20T09:03:13.086-0800][56343531ms] GC(3597) User=0.06s Sys=0.00s Real=0.03s
[2023-12-20T09:03:13.804-0800][56344249ms] GC(3598) Pause Young (Normal) (G1 Evacuation Pause)
[2023-12-20T09:03:13.804-0800][56344249ms] GC(3598) Using 10 workers of 10 for evacuation
[2023-12-20T09:03:13.833-0800][56344278ms] GC(3598)   Pre Evacuate Collection Set: 0.0ms
[2023-12-20T09:03:13.833-0800][56344278ms] GC(3598)   Evacuate Collection Set: 26.7ms
[2023-12-20T09:03:13.833-0800][56344278ms] GC(3598)   Post Evacuate Collection Set: 2.5ms
[2023-12-20T09:03:13.833-0800][56344278ms] GC(3598)   Other: 0.4ms
[2023-12-20T09:03:13.833-0800][56344278ms] GC(3598) Eden regions: 752->0(753)
[2023-12-20T09:03:13.833-0800][56344278ms] GC(3598) Survivor regions: 31->30(98)
[2023-12-20T09:03:13.833-0800][56344278ms] GC(3598) Old regions: 189->189
[2023-12-20T09:03:13.833-0800][56344278ms] GC(3598) Humongous regions: 5->5
[2023-12-20T09:03:13.833-0800][56344278ms] GC(3598) Metaspace: 256597K->256597K(1294336K)
[2023-12-20T09:03:13.833-0800][56344278ms] GC(3598) Pause Young (Normal) (G1 Evacuation Pause) 1952M->447M(2612M) 29.727ms
[2023-12-20T09:03:13.833-0800][56344278ms] GC(3598) User=0.05s Sys=0.00s Real=0.03s
[2023-12-20T09:03:14.629-0800][56345074ms] GC(3599) Pause Young (Normal) (G1 Evacuation Pause)
[2023-12-20T09:03:14.629-0800][56345074ms] GC(3599) Using 10 workers of 10 for evacuation
[2023-12-20T09:03:14.659-0800][56345104ms] GC(3599)   Pre Evacuate Collection Set: 0.0ms
[2023-12-20T09:03:14.659-0800][56345104ms] GC(3599)   Evacuate Collection Set: 27.4ms
[2023-12-20T09:03:14.659-0800][56345104ms] GC(3599)   Post Evacuate Collection Set: 2.7ms
[2023-12-20T09:03:14.659-0800][56345104ms] GC(3599)   Other: 0.4ms
[2023-12-20T09:03:14.659-0800][56345104ms] GC(3599) Eden regions: 753->0(753)
[2023-12-20T09:03:14.659-0800][56345104ms] GC(3599) Survivor regions: 30->30(98)
[2023-12-20T09:03:14.659-0800][56345104ms] GC(3599) Old regions: 189->189
[2023-12-20T09:03:14.659-0800][56345104ms] GC(3599) Humongous regions: 5->5
[2023-12-20T09:03:14.659-0800][56345104ms] GC(3599) Metaspace: 256597K->256597K(1294336K)
[2023-12-20T09:03:14.659-0800][56345104ms] GC(3599) Pause Young (Normal) (G1 Evacuation Pause) 1953M->447M(2612M) 30.616ms
[2023-12-20T09:03:14.659-0800][56345104ms] GC(3599) User=0.11s Sys=0.00s Real=0.03s
[2023-12-20T09:03:15.358-0800][56345803ms] GC(3600) Pause Young (Normal) (G1 Evacuation Pause)
[2023-12-20T09:03:15.358-0800][56345803ms] GC(3600) Using 10 workers of 10 for evacuation
[2023-12-20T09:03:15.387-0800][56345832ms] GC(3600)   Pre Evacuate Collection Set: 0.0ms
[2023-12-20T09:03:15.387-0800][56345832ms] GC(3600)   Evacuate Collection Set: 26.6ms
[2023-12-20T09:03:15.387-0800][56345832ms] GC(3600)   Post Evacuate Collection Set: 2.5ms
[2023-12-20T09:03:15.387-0800][56345832ms] GC(3600)   Other: 0.4ms
[2023-12-20T09:03:15.387-0800][56345832ms] GC(3600) Eden regions: 753->0(753)
[2023-12-20T09:03:15.387-0800][56345832ms] GC(3600) Survivor regions: 30->30(98)
[2023-12-20T09:03:15.387-0800][56345832ms] GC(3600) Old regions: 189->189
[2023-12-20T09:03:15.387-0800][56345832ms] GC(3600) Humongous regions: 5->5
[2023-12-20T09:03:15.387-0800][56345832ms] GC(3600) Metaspace: 256597K->256597K(1294336K)
[2023-12-20T09:03:15.387-0800][56345832ms] GC(3600) Pause Young (Normal) (G1 Evacuation Pause) 1953M->447M(2612M) 29.686ms
[2023-12-20T09:03:15.387-0800][56345832ms] GC(3600) User=0.08s Sys=0.00s Real=0.03s
[2023-12-20T09:03:16.161-0800][56346606ms] GC(3601) Pause Young (Normal) (G1 Evacuation Pause)
[2023-12-20T09:03:16.161-0800][56346606ms] GC(3601) Using 10 workers of 10 for evacuation
[2023-12-20T09:03:16.192-0800][56346637ms] GC(3601)   Pre Evacuate Collection Set: 0.0ms
[2023-12-20T09:03:16.192-0800][56346637ms] GC(3601)   Evacuate Collection Set: 28.1ms
[2023-12-20T09:03:16.192-0800][56346637ms] GC(3601)   Post Evacuate Collection Set: 2.6ms
[2023-12-20T09:03:16.192-0800][56346637ms] GC(3601)   Other: 0.4ms
[2023-12-20T09:03:16.192-0800][56346637ms] GC(3601) Eden regions: 753->0(752)
[2023-12-20T09:03:16.192-0800][56346637ms] GC(3601) Survivor regions: 30->31(98)
[2023-12-20T09:03:16.192-0800][56346637ms] GC(3601) Old regions: 189->189
[2023-12-20T09:03:16.192-0800][56346637ms] GC(3601) Humongous regions: 5->5
[2023-12-20T09:03:16.192-0800][56346637ms] GC(3601) Metaspace: 256597K->256597K(1294336K)
[2023-12-20T09:03:16.192-0800][56346637ms] GC(3601) Pause Young (Normal) (G1 Evacuation Pause) 1953M->448M(2612M) 31.168ms
[2023-12-20T09:03:16.192-0800][56346637ms] GC(3601) User=0.13s Sys=0.00s Real=0.03s
[2023-12-20T09:03:16.929-0800][56347374ms] GC(3602) Pause Young (Normal) (G1 Evacuation Pause)
[2023-12-20T09:03:16.929-0800][56347374ms] GC(3602) Using 10 workers of 10 for evacuation
[2023-12-20T09:03:16.960-0800][56347405ms] GC(3602)   Pre Evacuate Collection Set: 0.0ms
[2023-12-20T09:03:16.960-0800][56347405ms] GC(3602)   Evacuate Collection Set: 27.5ms
[2023-12-20T09:03:16.960-0800][56347405ms] GC(3602)   Post Evacuate Collection Set: 2.9ms
[2023-12-20T09:03:16.960-0800][56347405ms] GC(3602)   Other: 0.4ms
[2023-12-20T09:03:16.960-0800][56347405ms] GC(3602) Eden regions: 752->0(752)
[2023-12-20T09:03:16.960-0800][56347405ms] GC(3602) Survivor regions: 31->31(98)
[2023-12-20T09:03:16.960-0800][56347405ms] GC(3602) Old regions: 189->189
[2023-12-20T09:03:16.960-0800][56347405ms] GC(3602) Humongous regions: 5->5
[2023-12-20T09:03:16.960-0800][56347405ms] GC(3602) Metaspace: 256597K->256597K(1294336K)
[2023-12-20T09:03:16.960-0800][56347405ms] GC(3602) Pause Young (Normal) (G1 Evacuation Pause) 1952M->448M(2612M) 30.939ms
[2023-12-20T09:03:16.960-0800][56347405ms] GC(3602) User=0.09s Sys=0.00s Real=0.03s
[2023-12-20T09:03:17.725-0800][56348170ms] GC(3603) Pause Young (Normal) (G1 Evacuation Pause)
[2023-12-20T09:03:17.725-0800][56348170ms] GC(3603) Using 10 workers of 10 for evacuation
[2023-12-20T09:03:17.755-0800][56348200ms] GC(3603)   Pre Evacuate Collection Set: 0.0ms
[2023-12-20T09:03:17.756-0800][56348201ms] GC(3603)   Evacuate Collection Set: 27.1ms
[2023-12-20T09:03:17.756-0800][56348201ms] GC(3603)   Post Evacuate Collection Set: 3.0ms
[2023-12-20T09:03:17.756-0800][56348201ms] GC(3603)   Other: 0.4ms
[2023-12-20T09:03:17.756-0800][56348201ms] GC(3603) Eden regions: 752->0(753)
[2023-12-20T09:03:17.756-0800][56348201ms] GC(3603) Survivor regions: 31->30(98)
[2023-12-20T09:03:17.756-0800][56348201ms] GC(3603) Old regions: 189->190
[2023-12-20T09:03:17.756-0800][56348201ms] GC(3603) Humongous regions: 5->5
[2023-12-20T09:03:17.756-0800][56348201ms] GC(3603) Metaspace: 256597K->256597K(1294336K)
[2023-12-20T09:03:17.756-0800][56348201ms] GC(3603) Pause Young (Normal) (G1 Evacuation Pause) 1952M->447M(2612M) 30.640ms
[2023-12-20T09:03:17.756-0800][56348201ms] GC(3603) User=0.16s Sys=0.00s Real=0.03s
[2023-12-20T09:03:18.629-0800][56349074ms] GC(3604) Pause Young (Normal) (G1 Evacuation Pause)
[2023-12-20T09:03:18.629-0800][56349074ms] GC(3604) Using 10 workers of 10 for evacuation
[2023-12-20T09:03:18.665-0800][56349110ms] GC(3604)   Pre Evacuate Collection Set: 0.1ms
[2023-12-20T09:03:18.665-0800][56349110ms] GC(3604)   Evacuate Collection Set: 32.0ms
[2023-12-20T09:03:18.665-0800][56349110ms] GC(3604)   Post Evacuate Collection Set: 3.9ms
[2023-12-20T09:03:18.665-0800][56349110ms] GC(3604)   Other: 0.5ms
[2023-12-20T09:03:18.665-0800][56349110ms] GC(3604) Eden regions: 753->0(752)
[2023-12-20T09:03:18.665-0800][56349110ms] GC(3604) Survivor regions: 30->31(98)
[2023-12-20T09:03:18.665-0800][56349110ms] GC(3604) Old regions: 190->190
[2023-12-20T09:03:18.665-0800][56349110ms] GC(3604) Humongous regions: 5->5
[2023-12-20T09:03:18.666-0800][56349111ms] GC(3604) Metaspace: 256597K->256597K(1294336K)
[2023-12-20T09:03:18.666-0800][56349111ms] GC(3604) Pause Young (Normal) (G1 Evacuation Pause) 1953M->449M(2612M) 36.635ms
[2023-12-20T09:03:18.666-0800][56349111ms] GC(3604) User=0.16s Sys=0.00s Real=0.04s
[2023-12-20T09:03:20.319-0800][56350764ms] GC(3605) Pause Young (Normal) (G1 Evacuation Pause)
[2023-12-20T09:03:20.319-0800][56350764ms] GC(3605) Using 10 workers of 10 for evacuation
[2023-12-20T09:03:20.355-0800][56350800ms] GC(3605)   Pre Evacuate Collection Set: 0.0ms
[2023-12-20T09:03:20.355-0800][56350800ms] GC(3605)   Evacuate Collection Set: 32.8ms
[2023-12-20T09:03:20.355-0800][56350800ms] GC(3605)   Post Evacuate Collection Set: 3.5ms
[2023-12-20T09:03:20.355-0800][56350800ms] GC(3605)   Other: 0.4ms
[2023-12-20T09:03:20.355-0800][56350800ms] GC(3605) Eden regions: 752->0(752)
[2023-12-20T09:03:20.355-0800][56350800ms] GC(3605) Survivor regions: 31->31(98)
[2023-12-20T09:03:20.355-0800][56350800ms] GC(3605) Old regions: 190->190
[2023-12-20T09:03:20.355-0800][56350800ms] GC(3605) Humongous regions: 5->5
[2023-12-20T09:03:20.355-0800][56350800ms] GC(3605) Metaspace: 256597K->256597K(1294336K)
[2023-12-20T09:03:20.355-0800][56350800ms] GC(3605) Pause Young (Normal) (G1 Evacuation Pause) 1953M->449M(2612M) 36.797ms
[2023-12-20T09:03:20.355-0800][56350800ms] GC(3605) User=0.31s Sys=0.00s Real=0.04s
[2023-12-20T09:03:22.151-0800][56352596ms] GC(3606) Pause Young (Normal) (G1 Evacuation Pause)
[2023-12-20T09:03:22.151-0800][56352596ms] GC(3606) Using 10 workers of 10 for evacuation
[2023-12-20T09:03:22.197-0800][56352642ms] GC(3606)   Pre Evacuate Collection Set: 0.0ms
[2023-12-20T09:03:22.197-0800][56352642ms] GC(3606)   Evacuate Collection Set: 42.7ms
[2023-12-20T09:03:22.197-0800][56352642ms] GC(3606)   Post Evacuate Collection Set: 3.1ms
[2023-12-20T09:03:22.197-0800][56352642ms] GC(3606)   Other: 0.4ms
[2023-12-20T09:03:22.197-0800][56352642ms] GC(3606) Eden regions: 752->0(752)
[2023-12-20T09:03:22.197-0800][56352642ms] GC(3606) Survivor regions: 31->31(98)
[2023-12-20T09:03:22.197-0800][56352642ms] GC(3606) Old regions: 190->190
[2023-12-20T09:03:22.197-0800][56352642ms] GC(3606) Humongous regions: 5->5
[2023-12-20T09:03:22.197-0800][56352642ms] GC(3606) Metaspace: 256597K->256597K(1294336K)
[2023-12-20T09:03:22.197-0800][56352642ms] GC(3606) Pause Young (Normal) (G1 Evacuation Pause) 1953M->449M(2612M) 46.453ms
[2023-12-20T09:03:22.197-0800][56352642ms] GC(3606) User=0.13s Sys=0.00s Real=0.05s
[2023-12-20T09:03:25.912-0800][56356357ms] GC(3607) Pause Young (Normal) (G1 Evacuation Pause)
[2023-12-20T09:03:25.912-0800][56356357ms] GC(3607) Using 10 workers of 10 for evacuation
[2023-12-20T09:03:25.956-0800][56356401ms] GC(3607)   Pre Evacuate Collection Set: 0.1ms
[2023-12-20T09:03:25.956-0800][56356401ms] GC(3607)   Evacuate Collection Set: 38.8ms
[2023-12-20T09:03:25.956-0800][56356401ms] GC(3607)   Post Evacuate Collection Set: 4.1ms
[2023-12-20T09:03:25.956-0800][56356401ms] GC(3607)   Other: 0.5ms
[2023-12-20T09:03:25.956-0800][56356401ms] GC(3607) Eden regions: 752->0(753)
[2023-12-20T09:03:25.956-0800][56356401ms] GC(3607) Survivor regions: 31->30(98)
[2023-12-20T09:03:25.956-0800][56356401ms] GC(3607) Old regions: 190->190
[2023-12-20T09:03:25.956-0800][56356401ms] GC(3607) Humongous regions: 5->5
[2023-12-20T09:03:25.956-0800][56356401ms] GC(3607) Metaspace: 256597K->256597K(1294336K)
[2023-12-20T09:03:25.956-0800][56356401ms] GC(3607) Pause Young (Normal) (G1 Evacuation Pause) 1953M->448M(2612M) 43.637ms
[2023-12-20T09:03:25.956-0800][56356401ms] GC(3607) User=0.22s Sys=0.00s Real=0.04s
[2023-12-20T09:03:30.680-0800][56361125ms] GC(3608) Pause Young (Normal) (GCLocker Initiated GC)
[2023-12-20T09:03:30.680-0800][56361125ms] GC(3608) Using 10 workers of 10 for evacuation
[2023-12-20T09:03:30.729-0800][56361174ms] GC(3608)   Pre Evacuate Collection Set: 0.1ms
[2023-12-20T09:03:30.729-0800][56361174ms] GC(3608)   Evacuate Collection Set: 41.8ms
[2023-12-20T09:03:30.729-0800][56361174ms] GC(3608)   Post Evacuate Collection Set: 6.3ms
[2023-12-20T09:03:30.729-0800][56361174ms] GC(3608)   Other: 0.8ms
[2023-12-20T09:03:30.729-0800][56361174ms] GC(3608) Eden regions: 754->0(753)
[2023-12-20T09:03:30.729-0800][56361174ms] GC(3608) Survivor regions: 30->30(98)
[2023-12-20T09:03:30.729-0800][56361174ms] GC(3608) Old regions: 190->190
[2023-12-20T09:03:30.729-0800][56361174ms] GC(3608) Humongous regions: 5->5
[2023-12-20T09:03:30.729-0800][56361174ms] GC(3608) Metaspace: 256597K->256597K(1294336K)
[2023-12-20T09:03:30.729-0800][56361174ms] GC(3608) Pause Young (Normal) (GCLocker Initiated GC) 1955M->448M(2612M) 49.222ms
[2023-12-20T09:03:30.729-0800][56361174ms] GC(3608) User=0.19s Sys=0.00s Real=0.05s
[2023-12-20T09:03:31.762-0800][56362207ms] GC(3609) Pause Young (Normal) (GCLocker Initiated GC)
[2023-12-20T09:03:31.762-0800][56362207ms] GC(3609) Using 10 workers of 10 for evacuation
[2023-12-20T09:03:31.794-0800][56362239ms] GC(3609)   Pre Evacuate Collection Set: 0.0ms
[2023-12-20T09:03:31.794-0800][56362239ms] GC(3609)   Evacuate Collection Set: 28.1ms
[2023-12-20T09:03:31.794-0800][56362239ms] GC(3609)   Post Evacuate Collection Set: 3.1ms
[2023-12-20T09:03:31.794-0800][56362239ms] GC(3609)   Other: 0.4ms
[2023-12-20T09:03:31.794-0800][56362239ms] GC(3609) Eden regions: 754->0(753)
[2023-12-20T09:03:31.794-0800][56362239ms] GC(3609) Survivor regions: 30->30(98)
[2023-12-20T09:03:31.794-0800][56362239ms] GC(3609) Old regions: 190->190
[2023-12-20T09:03:31.794-0800][56362239ms] GC(3609) Humongous regions: 5->5
[2023-12-20T09:03:31.794-0800][56362239ms] GC(3609) Metaspace: 256597K->256597K(1294336K)
[2023-12-20T09:03:31.794-0800][56362239ms] GC(3609) Pause Young (Normal) (GCLocker Initiated GC) 1955M->448M(2612M) 31.808ms
[2023-12-20T09:03:31.794-0800][56362239ms] GC(3609) User=0.08s Sys=0.00s Real=0.03s
[2023-12-20T09:03:32.594-0800][56363039ms] GC(3610) Pause Young (Normal) (G1 Evacuation Pause)
[2023-12-20T09:03:32.594-0800][56363039ms] GC(3610) Using 10 workers of 10 for evacuation
[2023-12-20T09:03:32.626-0800][56363071ms] GC(3610)   Pre Evacuate Collection Set: 0.1ms
[2023-12-20T09:03:32.626-0800][56363071ms] GC(3610)   Evacuate Collection Set: 29.1ms
[2023-12-20T09:03:32.626-0800][56363071ms] GC(3610)   Post Evacuate Collection Set: 3.2ms
[2023-12-20T09:03:32.626-0800][56363071ms] GC(3610)   Other: 0.4ms
[2023-12-20T09:03:32.626-0800][56363071ms] GC(3610) Eden regions: 753->0(753)
[2023-12-20T09:03:32.626-0800][56363071ms] GC(3610) Survivor regions: 30->30(98)
[2023-12-20T09:03:32.626-0800][56363071ms] GC(3610) Old regions: 190->190
[2023-12-20T09:03:32.627-0800][56363072ms] GC(3610) Humongous regions: 5->5
[2023-12-20T09:03:32.627-0800][56363072ms] GC(3610) Metaspace: 256597K->256597K(1294336K)
[2023-12-20T09:03:32.627-0800][56363072ms] GC(3610) Pause Young (Normal) (G1 Evacuation Pause) 1954M->448M(2612M) 33.009ms
[2023-12-20T09:03:32.627-0800][56363072ms] GC(3610) User=0.13s Sys=0.00s Real=0.03s
[2023-12-20T09:03:33.745-0800][56364190ms] GC(3611) Pause Young (Normal) (G1 Evacuation Pause)
[2023-12-20T09:03:33.745-0800][56364190ms] GC(3611) Using 10 workers of 10 for evacuation
[2023-12-20T09:03:33.778-0800][56364223ms] GC(3611)   Pre Evacuate Collection Set: 0.0ms
[2023-12-20T09:03:33.778-0800][56364223ms] GC(3611)   Evacuate Collection Set: 28.7ms
[2023-12-20T09:03:33.778-0800][56364223ms] GC(3611)   Post Evacuate Collection Set: 3.9ms
[2023-12-20T09:03:33.778-0800][56364223ms] GC(3611)   Other: 0.6ms
[2023-12-20T09:03:33.778-0800][56364223ms] GC(3611) Eden regions: 753->0(753)
[2023-12-20T09:03:33.778-0800][56364223ms] GC(3611) Survivor regions: 30->30(98)
[2023-12-20T09:03:33.778-0800][56364223ms] GC(3611) Old regions: 190->190
[2023-12-20T09:03:33.778-0800][56364223ms] GC(3611) Humongous regions: 5->5
[2023-12-20T09:03:33.778-0800][56364223ms] GC(3611) Metaspace: 256597K->256597K(1294336K)
[2023-12-20T09:03:33.778-0800][56364223ms] GC(3611) Pause Young (Normal) (G1 Evacuation Pause) 1954M->447M(2612M) 33.290ms
[2023-12-20T09:03:33.778-0800][56364223ms] GC(3611) User=0.11s Sys=0.00s Real=0.03s
[2023-12-20T09:03:35.345-0800][56365790ms] GC(3612) Pause Young (Normal) (G1 Evacuation Pause)
[2023-12-20T09:03:35.345-0800][56365790ms] GC(3612) Using 10 workers of 10 for evacuation
[2023-12-20T09:03:35.383-0800][56365828ms] GC(3612)   Pre Evacuate Collection Set: 0.1ms
[2023-12-20T09:03:35.383-0800][56365828ms] GC(3612)   Evacuate Collection Set: 33.6ms
[2023-12-20T09:03:35.383-0800][56365828ms] GC(3612)   Post Evacuate Collection Set: 3.0ms
[2023-12-20T09:03:35.383-0800][56365828ms] GC(3612)   Other: 0.5ms
[2023-12-20T09:03:35.383-0800][56365828ms] GC(3612) Eden regions: 753->0(753)
[2023-12-20T09:03:35.383-0800][56365828ms] GC(3612) Survivor regions: 30->30(98)
[2023-12-20T09:03:35.383-0800][56365828ms] GC(3612) Old regions: 190->190
[2023-12-20T09:03:35.383-0800][56365828ms] GC(3612) Humongous regions: 5->5
[2023-12-20T09:03:35.383-0800][56365828ms] GC(3612) Metaspace: 256597K->256597K(1294336K)
[2023-12-20T09:03:35.383-0800][56365828ms] GC(3612) Pause Young (Normal) (G1 Evacuation Pause) 1953M->448M(2612M) 37.439ms
[2023-12-20T09:03:35.383-0800][56365828ms] GC(3612) User=0.11s Sys=0.00s Real=0.04s
[2023-12-20T09:03:36.215-0800][56366660ms] GC(3613) Pause Young (Normal) (G1 Evacuation Pause)
[2023-12-20T09:03:36.215-0800][56366660ms] GC(3613) Using 10 workers of 10 for evacuation
[2023-12-20T09:03:36.252-0800][56366697ms] GC(3613)   Pre Evacuate Collection Set: 0.0ms
[2023-12-20T09:03:36.252-0800][56366697ms] GC(3613)   Evacuate Collection Set: 32.5ms
[2023-12-20T09:03:36.252-0800][56366697ms] GC(3613)   Post Evacuate Collection Set: 3.1ms
[2023-12-20T09:03:36.252-0800][56366697ms] GC(3613)   Other: 0.4ms
[2023-12-20T09:03:36.252-0800][56366697ms] GC(3613) Eden regions: 753->0(753)
[2023-12-20T09:03:36.252-0800][56366697ms] GC(3613) Survivor regions: 30->30(98)
[2023-12-20T09:03:36.252-0800][56366697ms] GC(3613) Old regions: 190->190
[2023-12-20T09:03:36.252-0800][56366697ms] GC(3613) Humongous regions: 5->5
[2023-12-20T09:03:36.252-0800][56366697ms] GC(3613) Metaspace: 256597K->256597K(1294336K)
[2023-12-20T09:03:36.252-0800][56366697ms] GC(3613) Pause Young (Normal) (G1 Evacuation Pause) 1954M->448M(2612M) 36.212ms
[2023-12-20T09:03:36.252-0800][56366697ms] GC(3613) User=0.17s Sys=0.02s Real=0.04s
[2023-12-20T09:03:37.144-0800][56367589ms] GC(3614) Pause Young (Normal) (G1 Evacuation Pause)
[2023-12-20T09:03:37.144-0800][56367589ms] GC(3614) Using 10 workers of 10 for evacuation
[2023-12-20T09:03:37.175-0800][56367620ms] GC(3614)   Pre Evacuate Collection Set: 0.0ms
[2023-12-20T09:03:37.175-0800][56367620ms] GC(3614)   Evacuate Collection Set: 27.9ms
[2023-12-20T09:03:37.175-0800][56367620ms] GC(3614)   Post Evacuate Collection Set: 2.3ms
[2023-12-20T09:03:37.175-0800][56367620ms] GC(3614)   Other: 0.5ms
[2023-12-20T09:03:37.175-0800][56367620ms] GC(3614) Eden regions: 753->0(753)
[2023-12-20T09:03:37.175-0800][56367620ms] GC(3614) Survivor regions: 30->30(98)
[2023-12-20T09:03:37.175-0800][56367620ms] GC(3614) Old regions: 190->190
[2023-12-20T09:03:37.175-0800][56367620ms] GC(3614) Humongous regions: 5->5
[2023-12-20T09:03:37.175-0800][56367620ms] GC(3614) Metaspace: 256597K->256597K(1294336K)
[2023-12-20T09:03:37.175-0800][56367620ms] GC(3614) Pause Young (Normal) (G1 Evacuation Pause) 1954M->447M(2612M) 30.846ms
[2023-12-20T09:03:37.175-0800][56367620ms] GC(3614) User=0.08s Sys=0.00s Real=0.03s
[2023-12-20T09:03:38.283-0800][56368728ms] GC(3615) Pause Young (Normal) (G1 Evacuation Pause)
[2023-12-20T09:03:38.283-0800][56368728ms] GC(3615) Using 10 workers of 10 for evacuation
[2023-12-20T09:03:38.316-0800][56368761ms] GC(3615)   Pre Evacuate Collection Set: 0.1ms
[2023-12-20T09:03:38.316-0800][56368761ms] GC(3615)   Evacuate Collection Set: 30.0ms
[2023-12-20T09:03:38.316-0800][56368761ms] GC(3615)   Post Evacuate Collection Set: 3.2ms
[2023-12-20T09:03:38.316-0800][56368761ms] GC(3615)   Other: 0.5ms
[2023-12-20T09:03:38.316-0800][56368761ms] GC(3615) Eden regions: 753->0(753)
[2023-12-20T09:03:38.316-0800][56368761ms] GC(3615) Survivor regions: 30->30(98)
[2023-12-20T09:03:38.316-0800][56368761ms] GC(3615) Old regions: 190->190
[2023-12-20T09:03:38.316-0800][56368761ms] GC(3615) Humongous regions: 5->5
[2023-12-20T09:03:38.316-0800][56368761ms] GC(3615) Metaspace: 256597K->256597K(1294336K)
[2023-12-20T09:03:38.316-0800][56368761ms] GC(3615) Pause Young (Normal) (G1 Evacuation Pause) 1953M->447M(2612M) 33.878ms
[2023-12-20T09:03:38.316-0800][56368761ms] GC(3615) User=0.14s Sys=0.00s Real=0.03s
[2023-12-20T09:03:39.887-0800][56370332ms] GC(3616) Pause Young (Normal) (G1 Evacuation Pause)
[2023-12-20T09:03:39.887-0800][56370332ms] GC(3616) Using 10 workers of 10 for evacuation
[2023-12-20T09:03:39.930-0800][56370375ms] GC(3616)   Pre Evacuate Collection Set: 0.1ms
[2023-12-20T09:03:39.930-0800][56370375ms] GC(3616)   Evacuate Collection Set: 38.7ms
[2023-12-20T09:03:39.930-0800][56370375ms] GC(3616)   Post Evacuate Collection Set: 3.7ms
[2023-12-20T09:03:39.930-0800][56370375ms] GC(3616)   Other: 0.7ms
[2023-12-20T09:03:39.930-0800][56370375ms] GC(3616) Eden regions: 753->0(753)
[2023-12-20T09:03:39.930-0800][56370375ms] GC(3616) Survivor regions: 30->30(98)
[2023-12-20T09:03:39.930-0800][56370375ms] GC(3616) Old regions: 190->190
[2023-12-20T09:03:39.930-0800][56370375ms] GC(3616) Humongous regions: 5->5
[2023-12-20T09:03:39.930-0800][56370375ms] GC(3616) Metaspace: 256597K->256597K(1294336K)
[2023-12-20T09:03:39.930-0800][56370375ms] GC(3616) Pause Young (Normal) (G1 Evacuation Pause) 1953M->447M(2612M) 43.323ms
[2023-12-20T09:03:39.930-0800][56370375ms] GC(3616) User=0.22s Sys=0.00s Real=0.04s
[2023-12-20T09:03:41.687-0800][56372132ms] GC(3617) Pause Young (Normal) (G1 Evacuation Pause)
[2023-12-20T09:03:41.687-0800][56372132ms] GC(3617) Using 10 workers of 10 for evacuation
[2023-12-20T09:03:41.722-0800][56372167ms] GC(3617)   Pre Evacuate Collection Set: 0.1ms
[2023-12-20T09:03:41.722-0800][56372167ms] GC(3617)   Evacuate Collection Set: 30.5ms
[2023-12-20T09:03:41.722-0800][56372167ms] GC(3617)   Post Evacuate Collection Set: 3.5ms
[2023-12-20T09:03:41.722-0800][56372167ms] GC(3617)   Other: 0.5ms
[2023-12-20T09:03:41.722-0800][56372167ms] GC(3617) Eden regions: 753->0(753)
[2023-12-20T09:03:41.722-0800][56372167ms] GC(3617) Survivor regions: 30->30(98)
[2023-12-20T09:03:41.722-0800][56372167ms] GC(3617) Old regions: 190->190
[2023-12-20T09:03:41.722-0800][56372167ms] GC(3617) Humongous regions: 5->5
[2023-12-20T09:03:41.722-0800][56372167ms] GC(3617) Metaspace: 256597K->256597K(1294336K)
[2023-12-20T09:03:41.722-0800][56372167ms] GC(3617) Pause Young (Normal) (G1 Evacuation Pause) 1953M->448M(2612M) 34.658ms
[2023-12-20T09:03:41.722-0800][56372167ms] GC(3617) User=0.09s Sys=0.00s Real=0.03s
[2023-12-20T09:03:42.663-0800][56373108ms] GC(3618) Pause Young (Normal) (G1 Evacuation Pause)
[2023-12-20T09:03:42.663-0800][56373108ms] GC(3618) Using 10 workers of 10 for evacuation
[2023-12-20T09:03:42.695-0800][56373140ms] GC(3618)   Pre Evacuate Collection Set: 0.0ms
[2023-12-20T09:03:42.695-0800][56373140ms] GC(3618)   Evacuate Collection Set: 28.9ms
[2023-12-20T09:03:42.695-0800][56373140ms] GC(3618)   Post Evacuate Collection Set: 3.2ms
[2023-12-20T09:03:42.695-0800][56373140ms] GC(3618)   Other: 0.4ms
[2023-12-20T09:03:42.695-0800][56373140ms] GC(3618) Eden regions: 753->0(753)
[2023-12-20T09:03:42.695-0800][56373140ms] GC(3618) Survivor regions: 30->30(98)
[2023-12-20T09:03:42.695-0800][56373140ms] GC(3618) Old regions: 190->190
[2023-12-20T09:03:42.695-0800][56373140ms] GC(3618) Humongous regions: 5->5
[2023-12-20T09:03:42.695-0800][56373140ms] GC(3618) Metaspace: 256597K->256597K(1294336K)
[2023-12-20T09:03:42.695-0800][56373140ms] GC(3618) Pause Young (Normal) (G1 Evacuation Pause) 1954M->447M(2612M) 32.710ms
[2023-12-20T09:03:42.695-0800][56373140ms] GC(3618) User=0.30s Sys=0.00s Real=0.03s
[2023-12-20T09:03:43.678-0800][56374123ms] GC(3619) Pause Young (Normal) (G1 Evacuation Pause)
[2023-12-20T09:03:43.678-0800][56374123ms] GC(3619) Using 10 workers of 10 for evacuation
[2023-12-20T09:03:43.711-0800][56374156ms] GC(3619)   Pre Evacuate Collection Set: 0.0ms
[2023-12-20T09:03:43.711-0800][56374156ms] GC(3619)   Evacuate Collection Set: 29.9ms
[2023-12-20T09:03:43.711-0800][56374156ms] GC(3619)   Post Evacuate Collection Set: 3.4ms
[2023-12-20T09:03:43.711-0800][56374156ms] GC(3619)   Other: 0.4ms
[2023-12-20T09:03:43.711-0800][56374156ms] GC(3619) Eden regions: 753->0(753)
[2023-12-20T09:03:43.711-0800][56374156ms] GC(3619) Survivor regions: 30->30(98)
[2023-12-20T09:03:43.711-0800][56374156ms] GC(3619) Old regions: 190->190
[2023-12-20T09:03:43.711-0800][56374156ms] GC(3619) Humongous regions: 5->5
[2023-12-20T09:03:43.711-0800][56374156ms] GC(3619) Metaspace: 256597K->256597K(1294336K)
[2023-12-20T09:03:43.711-0800][56374156ms] GC(3619) Pause Young (Normal) (G1 Evacuation Pause) 1953M->447M(2612M) 33.811ms
[2023-12-20T09:03:43.711-0800][56374156ms] GC(3619) User=0.23s Sys=0.00s Real=0.03s
[2023-12-20T09:03:44.823-0800][56375268ms] GC(3620) Pause Young (Normal) (G1 Evacuation Pause)
[2023-12-20T09:03:44.823-0800][56375268ms] GC(3620) Using 10 workers of 10 for evacuation
[2023-12-20T09:03:44.858-0800][56375303ms] GC(3620)   Pre Evacuate Collection Set: 0.1ms
[2023-12-20T09:03:44.858-0800][56375303ms] GC(3620)   Evacuate Collection Set: 31.2ms
[2023-12-20T09:03:44.858-0800][56375303ms] GC(3620)   Post Evacuate Collection Set: 3.4ms
[2023-12-20T09:03:44.858-0800][56375303ms] GC(3620)   Other: 0.5ms
[2023-12-20T09:03:44.858-0800][56375303ms] GC(3620) Eden regions: 753->0(753)
[2023-12-20T09:03:44.858-0800][56375303ms] GC(3620) Survivor regions: 30->30(98)
[2023-12-20T09:03:44.858-0800][56375303ms] GC(3620) Old regions: 190->190
[2023-12-20T09:03:44.858-0800][56375303ms] GC(3620) Humongous regions: 5->5
[2023-12-20T09:03:44.858-0800][56375303ms] GC(3620) Metaspace: 256597K->256597K(1294336K)
[2023-12-20T09:03:44.858-0800][56375303ms] GC(3620) Pause Young (Normal) (G1 Evacuation Pause) 1953M->448M(2612M) 35.342ms
[2023-12-20T09:03:44.858-0800][56375303ms] GC(3620) User=0.16s Sys=0.00s Real=0.04s
[2023-12-20T09:03:46.288-0800][56376733ms] GC(3621) Pause Young (Normal) (G1 Evacuation Pause)
[2023-12-20T09:03:46.288-0800][56376733ms] GC(3621) Using 10 workers of 10 for evacuation
[2023-12-20T09:03:46.320-0800][56376765ms] GC(3621)   Pre Evacuate Collection Set: 0.1ms
[2023-12-20T09:03:46.320-0800][56376765ms] GC(3621)   Evacuate Collection Set: 29.1ms
[2023-12-20T09:03:46.321-0800][56376766ms] GC(3621)   Post Evacuate Collection Set: 3.0ms
[2023-12-20T09:03:46.321-0800][56376766ms] GC(3621)   Other: 0.5ms
[2023-12-20T09:03:46.321-0800][56376766ms] GC(3621) Eden regions: 753->0(753)
[2023-12-20T09:03:46.321-0800][56376766ms] GC(3621) Survivor regions: 30->30(98)
[2023-12-20T09:03:46.321-0800][56376766ms] GC(3621) Old regions: 190->190
[2023-12-20T09:03:46.321-0800][56376766ms] GC(3621) Humongous regions: 5->5
[2023-12-20T09:03:46.321-0800][56376766ms] GC(3621) Metaspace: 256597K->256597K(1294336K)
[2023-12-20T09:03:46.321-0800][56376766ms] GC(3621) Pause Young (Normal) (G1 Evacuation Pause) 1954M->448M(2612M) 32.910ms
[2023-12-20T09:03:46.321-0800][56376766ms] GC(3621) User=0.14s Sys=0.00s Real=0.03s
[2023-12-20T09:03:47.386-0800][56377831ms] GC(3622) Pause Young (Normal) (G1 Evacuation Pause)
[2023-12-20T09:03:47.386-0800][56377831ms] GC(3622) Using 10 workers of 10 for evacuation
[2023-12-20T09:03:47.418-0800][56377863ms] GC(3622)   Pre Evacuate Collection Set: 0.0ms
[2023-12-20T09:03:47.418-0800][56377863ms] GC(3622)   Evacuate Collection Set: 29.5ms
[2023-12-20T09:03:47.418-0800][56377863ms] GC(3622)   Post Evacuate Collection Set: 2.8ms
[2023-12-20T09:03:47.418-0800][56377863ms] GC(3622)   Other: 0.4ms
[2023-12-20T09:03:47.418-0800][56377863ms] GC(3622) Eden regions: 753->0(753)
[2023-12-20T09:03:47.418-0800][56377863ms] GC(3622) Survivor regions: 30->30(98)
[2023-12-20T09:03:47.418-0800][56377863ms] GC(3622) Old regions: 190->190
[2023-12-20T09:03:47.418-0800][56377863ms] GC(3622) Humongous regions: 5->5
[2023-12-20T09:03:47.418-0800][56377863ms] GC(3622) Metaspace: 256597K->256597K(1294336K)
[2023-12-20T09:03:47.418-0800][56377863ms] GC(3622) Pause Young (Normal) (G1 Evacuation Pause) 1954M->447M(2612M) 32.766ms
[2023-12-20T09:03:47.418-0800][56377863ms] GC(3622) User=0.08s Sys=0.00s Real=0.03s
[2023-12-20T09:03:48.277-0800][56378722ms] GC(3623) Pause Young (Normal) (G1 Evacuation Pause)
[2023-12-20T09:03:48.277-0800][56378722ms] GC(3623) Using 10 workers of 10 for evacuation
[2023-12-20T09:03:48.309-0800][56378754ms] GC(3623)   Pre Evacuate Collection Set: 0.0ms
[2023-12-20T09:03:48.309-0800][56378754ms] GC(3623)   Evacuate Collection Set: 28.7ms
[2023-12-20T09:03:48.309-0800][56378754ms] GC(3623)   Post Evacuate Collection Set: 3.1ms
[2023-12-20T09:03:48.309-0800][56378754ms] GC(3623)   Other: 0.4ms
[2023-12-20T09:03:48.309-0800][56378754ms] GC(3623) Eden regions: 753->0(753)
[2023-12-20T09:03:48.309-0800][56378754ms] GC(3623) Survivor regions: 30->30(98)
[2023-12-20T09:03:48.309-0800][56378754ms] GC(3623) Old regions: 190->190
[2023-12-20T09:03:48.309-0800][56378754ms] GC(3623) Humongous regions: 5->5
[2023-12-20T09:03:48.309-0800][56378754ms] GC(3623) Metaspace: 256597K->256597K(1294336K)
[2023-12-20T09:03:48.309-0800][56378754ms] GC(3623) Pause Young (Normal) (G1 Evacuation Pause) 1953M->447M(2612M) 32.300ms
[2023-12-20T09:03:48.309-0800][56378754ms] GC(3623) User=0.14s Sys=0.00s Real=0.03s
[2023-12-20T09:03:49.261-0800][56379706ms] GC(3624) Pause Young (Normal) (G1 Evacuation Pause)
[2023-12-20T09:03:49.261-0800][56379706ms] GC(3624) Using 10 workers of 10 for evacuation
[2023-12-20T09:03:49.295-0800][56379740ms] GC(3624)   Pre Evacuate Collection Set: 0.0ms
[2023-12-20T09:03:49.295-0800][56379740ms] GC(3624)   Evacuate Collection Set: 29.2ms
[2023-12-20T09:03:49.295-0800][56379740ms] GC(3624)   Post Evacuate Collection Set: 3.2ms
[2023-12-20T09:03:49.295-0800][56379740ms] GC(3624)   Other: 0.4ms
[2023-12-20T09:03:49.295-0800][56379740ms] GC(3624) Eden regions: 753->0(754)
[2023-12-20T09:03:49.295-0800][56379740ms] GC(3624) Survivor regions: 30->29(98)
[2023-12-20T09:03:49.295-0800][56379740ms] GC(3624) Old regions: 190->190
[2023-12-20T09:03:49.295-0800][56379740ms] GC(3624) Humongous regions: 5->5
[2023-12-20T09:03:49.295-0800][56379740ms] GC(3624) Metaspace: 256597K->256597K(1294336K)
[2023-12-20T09:03:49.295-0800][56379740ms] GC(3624) Pause Young (Normal) (G1 Evacuation Pause) 1953M->446M(2612M) 32.993ms
[2023-12-20T09:03:49.295-0800][56379740ms] GC(3624) User=0.11s Sys=0.00s Real=0.03s
[2023-12-20T09:03:50.501-0800][56380946ms] GC(3625) Pause Young (Normal) (G1 Evacuation Pause)
[2023-12-20T09:03:50.501-0800][56380946ms] GC(3625) Using 10 workers of 10 for evacuation
[2023-12-20T09:03:50.539-0800][56380984ms] GC(3625)   Pre Evacuate Collection Set: 0.1ms
[2023-12-20T09:03:50.539-0800][56380984ms] GC(3625)   Evacuate Collection Set: 33.8ms
[2023-12-20T09:03:50.539-0800][56380984ms] GC(3625)   Post Evacuate Collection Set: 3.8ms
[2023-12-20T09:03:50.539-0800][56380984ms] GC(3625)   Other: 0.5ms
[2023-12-20T09:03:50.539-0800][56380984ms] GC(3625) Eden regions: 754->0(752)
[2023-12-20T09:03:50.539-0800][56380984ms] GC(3625) Survivor regions: 29->31(98)
[2023-12-20T09:03:50.539-0800][56380984ms] GC(3625) Old regions: 190->190
[2023-12-20T09:03:50.539-0800][56380984ms] GC(3625) Humongous regions: 5->5
[2023-12-20T09:03:50.539-0800][56380984ms] GC(3625) Metaspace: 256597K->256597K(1294336K)
[2023-12-20T09:03:50.539-0800][56380984ms] GC(3625) Pause Young (Normal) (G1 Evacuation Pause) 1954M->450M(2612M) 38.302ms
[2023-12-20T09:03:50.539-0800][56380984ms] GC(3625) User=0.17s Sys=0.00s Real=0.04s
[2023-12-20T09:03:51.694-0800][56382139ms] GC(3626) Pause Young (Normal) (G1 Evacuation Pause)
[2023-12-20T09:03:51.694-0800][56382139ms] GC(3626) Using 10 workers of 10 for evacuation
[2023-12-20T09:03:51.727-0800][56382172ms] GC(3626)   Pre Evacuate Collection Set: 0.0ms
[2023-12-20T09:03:51.727-0800][56382172ms] GC(3626)   Evacuate Collection Set: 30.3ms
[2023-12-20T09:03:51.727-0800][56382172ms] GC(3626)   Post Evacuate Collection Set: 2.8ms
[2023-12-20T09:03:51.727-0800][56382172ms] GC(3626)   Other: 0.4ms
[2023-12-20T09:03:51.727-0800][56382172ms] GC(3626) Eden regions: 752->0(754)
[2023-12-20T09:03:51.727-0800][56382172ms] GC(3626) Survivor regions: 31->29(98)
[2023-12-20T09:03:51.727-0800][56382172ms] GC(3626) Old regions: 190->190
[2023-12-20T09:03:51.727-0800][56382172ms] GC(3626) Humongous regions: 5->5
[2023-12-20T09:03:51.727-0800][56382172ms] GC(3626) Metaspace: 256597K->256597K(1294336K)
[2023-12-20T09:03:51.727-0800][56382172ms] GC(3626) Pause Young (Normal) (G1 Evacuation Pause) 1954M->446M(2612M) 33.666ms
[2023-12-20T09:03:51.727-0800][56382172ms] GC(3626) User=0.28s Sys=0.00s Real=0.03s
[2023-12-20T09:03:52.836-0800][56383281ms] GC(3627) Pause Young (Normal) (G1 Evacuation Pause)
[2023-12-20T09:03:52.836-0800][56383281ms] GC(3627) Using 10 workers of 10 for evacuation
[2023-12-20T09:03:52.871-0800][56383316ms] GC(3627)   Pre Evacuate Collection Set: 0.1ms
[2023-12-20T09:03:52.871-0800][56383316ms] GC(3627)   Evacuate Collection Set: 29.4ms
[2023-12-20T09:03:52.871-0800][56383316ms] GC(3627)   Post Evacuate Collection Set: 3.7ms
[2023-12-20T09:03:52.871-0800][56383316ms] GC(3627)   Other: 0.4ms
[2023-12-20T09:03:52.871-0800][56383316ms] GC(3627) Eden regions: 754->0(753)
[2023-12-20T09:03:52.871-0800][56383316ms] GC(3627) Survivor regions: 29->30(98)
[2023-12-20T09:03:52.871-0800][56383316ms] GC(3627) Old regions: 190->190
[2023-12-20T09:03:52.871-0800][56383316ms] GC(3627) Humongous regions: 5->5
[2023-12-20T09:03:52.871-0800][56383316ms] GC(3627) Metaspace: 256597K->256597K(1294336K)
[2023-12-20T09:03:52.871-0800][56383316ms] GC(3627) Pause Young (Normal) (G1 Evacuation Pause) 1954M->447M(2612M) 33.717ms
[2023-12-20T09:03:52.871-0800][56383316ms] GC(3627) User=0.16s Sys=0.00s Real=0.04s
[2023-12-20T09:03:53.997-0800][56384442ms] GC(3628) Pause Young (Normal) (G1 Evacuation Pause)
[2023-12-20T09:03:53.997-0800][56384442ms] GC(3628) Using 10 workers of 10 for evacuation
[2023-12-20T09:03:54.035-0800][56384480ms] GC(3628)   Pre Evacuate Collection Set: 0.0ms
[2023-12-20T09:03:54.035-0800][56384480ms] GC(3628)   Evacuate Collection Set: 33.1ms
[2023-12-20T09:03:54.035-0800][56384480ms] GC(3628)   Post Evacuate Collection Set: 4.3ms
[2023-12-20T09:03:54.035-0800][56384480ms] GC(3628)   Other: 0.6ms
[2023-12-20T09:03:54.035-0800][56384480ms] GC(3628) Eden regions: 753->0(753)
[2023-12-20T09:03:54.035-0800][56384480ms] GC(3628) Survivor regions: 30->30(98)
[2023-12-20T09:03:54.035-0800][56384480ms] GC(3628) Old regions: 190->190
[2023-12-20T09:03:54.035-0800][56384480ms] GC(3628) Humongous regions: 5->5
[2023-12-20T09:03:54.036-0800][56384481ms] GC(3628) Metaspace: 256597K->256597K(1294336K)
[2023-12-20T09:03:54.036-0800][56384481ms] GC(3628) Pause Young (Normal) (G1 Evacuation Pause) 1953M->447M(2612M) 38.167ms
[2023-12-20T09:03:54.036-0800][56384481ms] GC(3628) User=0.25s Sys=0.00s Real=0.04s
[2023-12-20T09:03:55.831-0800][56386276ms] GC(3629) Pause Young (Normal) (G1 Evacuation Pause)
[2023-12-20T09:03:55.831-0800][56386276ms] GC(3629) Using 10 workers of 10 for evacuation
[2023-12-20T09:03:55.873-0800][56386318ms] GC(3629)   Pre Evacuate Collection Set: 0.1ms
[2023-12-20T09:03:55.873-0800][56386318ms] GC(3629)   Evacuate Collection Set: 38.1ms
[2023-12-20T09:03:55.873-0800][56386318ms] GC(3629)   Post Evacuate Collection Set: 4.0ms
[2023-12-20T09:03:55.873-0800][56386318ms] GC(3629)   Other: 0.5ms
[2023-12-20T09:03:55.873-0800][56386318ms] GC(3629) Eden regions: 753->0(753)
[2023-12-20T09:03:55.873-0800][56386318ms] GC(3629) Survivor regions: 30->30(98)
[2023-12-20T09:03:55.873-0800][56386318ms] GC(3629) Old regions: 190->190
[2023-12-20T09:03:55.873-0800][56386318ms] GC(3629) Humongous regions: 5->5
[2023-12-20T09:03:55.873-0800][56386318ms] GC(3629) Metaspace: 256597K->256597K(1294336K)
[2023-12-20T09:03:55.873-0800][56386318ms] GC(3629) Pause Young (Normal) (G1 Evacuation Pause) 1953M->448M(2612M) 42.836ms
[2023-12-20T09:03:55.873-0800][56386318ms] GC(3629) User=0.25s Sys=0.00s Real=0.04s
[2023-12-20T09:03:57.182-0800][56387627ms] GC(3630) Pause Young (Normal) (G1 Evacuation Pause)
[2023-12-20T09:03:57.182-0800][56387627ms] GC(3630) Using 10 workers of 10 for evacuation
[2023-12-20T09:03:57.218-0800][56387663ms] GC(3630)   Pre Evacuate Collection Set: 0.0ms
[2023-12-20T09:03:57.218-0800][56387663ms] GC(3630)   Evacuate Collection Set: 31.6ms
[2023-12-20T09:03:57.218-0800][56387663ms] GC(3630)   Post Evacuate Collection Set: 3.8ms
[2023-12-20T09:03:57.218-0800][56387663ms] GC(3630)   Other: 0.5ms
[2023-12-20T09:03:57.218-0800][56387663ms] GC(3630) Eden regions: 753->0(753)
[2023-12-20T09:03:57.218-0800][56387663ms] GC(3630) Survivor regions: 30->30(98)
[2023-12-20T09:03:57.218-0800][56387663ms] GC(3630) Old regions: 190->190
[2023-12-20T09:03:57.218-0800][56387663ms] GC(3630) Humongous regions: 5->5
[2023-12-20T09:03:57.218-0800][56387663ms] GC(3630) Metaspace: 256597K->256597K(1294336K)
[2023-12-20T09:03:57.218-0800][56387663ms] GC(3630) Pause Young (Normal) (G1 Evacuation Pause) 1954M->448M(2612M) 36.204ms
[2023-12-20T09:03:57.218-0800][56387663ms] GC(3630) User=0.16s Sys=0.00s Real=0.04s
[2023-12-20T09:03:58.448-0800][56388893ms] GC(3631) Pause Young (Normal) (G1 Evacuation Pause)
[2023-12-20T09:03:58.448-0800][56388893ms] GC(3631) Using 10 workers of 10 for evacuation
[2023-12-20T09:03:58.483-0800][56388928ms] GC(3631)   Pre Evacuate Collection Set: 0.0ms
[2023-12-20T09:03:58.483-0800][56388928ms] GC(3631)   Evacuate Collection Set: 30.0ms
[2023-12-20T09:03:58.483-0800][56388928ms] GC(3631)   Post Evacuate Collection Set: 4.1ms
[2023-12-20T09:03:58.483-0800][56388928ms] GC(3631)   Other: 0.4ms
[2023-12-20T09:03:58.483-0800][56388928ms] GC(3631) Eden regions: 753->0(754)
[2023-12-20T09:03:58.483-0800][56388928ms] GC(3631) Survivor regions: 30->29(98)
[2023-12-20T09:03:58.483-0800][56388928ms] GC(3631) Old regions: 190->190
[2023-12-20T09:03:58.483-0800][56388928ms] GC(3631) Humongous regions: 5->5
[2023-12-20T09:03:58.483-0800][56388928ms] GC(3631) Metaspace: 256597K->256597K(1294336K)
[2023-12-20T09:03:58.483-0800][56388928ms] GC(3631) Pause Young (Normal) (G1 Evacuation Pause) 1954M->445M(2612M) 34.724ms
[2023-12-20T09:03:58.483-0800][56388928ms] GC(3631) User=0.14s Sys=0.00s Real=0.04s
[2023-12-20T09:03:59.767-0800][56390212ms] GC(3632) Pause Young (Normal) (G1 Evacuation Pause)
[2023-12-20T09:03:59.767-0800][56390212ms] GC(3632) Using 10 workers of 10 for evacuation
[2023-12-20T09:03:59.799-0800][56390244ms] GC(3632)   Pre Evacuate Collection Set: 0.0ms
[2023-12-20T09:03:59.799-0800][56390244ms] GC(3632)   Evacuate Collection Set: 29.1ms
[2023-12-20T09:03:59.799-0800][56390244ms] GC(3632)   Post Evacuate Collection Set: 3.6ms
[2023-12-20T09:03:59.799-0800][56390244ms] GC(3632)   Other: 0.4ms
[2023-12-20T09:03:59.799-0800][56390244ms] GC(3632) Eden regions: 754->0(753)
[2023-12-20T09:03:59.799-0800][56390244ms] GC(3632) Survivor regions: 29->30(98)
[2023-12-20T09:03:59.799-0800][56390244ms] GC(3632) Old regions: 190->190
[2023-12-20T09:03:59.799-0800][56390244ms] GC(3632) Humongous regions: 5->5
[2023-12-20T09:03:59.799-0800][56390244ms] GC(3632) Metaspace: 256597K->256597K(1294336K)
[2023-12-20T09:03:59.799-0800][56390244ms] GC(3632) Pause Young (Normal) (G1 Evacuation Pause) 1953M->447M(2612M) 33.210ms
[2023-12-20T09:03:59.800-0800][56390245ms] GC(3632) User=0.14s Sys=0.00s Real=0.03s
[2023-12-20T09:04:01.135-0800][56391580ms] GC(3633) Pause Young (Normal) (G1 Evacuation Pause)
[2023-12-20T09:04:01.135-0800][56391580ms] GC(3633) Using 10 workers of 10 for evacuation
[2023-12-20T09:04:01.179-0800][56391624ms] GC(3633)   Pre Evacuate Collection Set: 0.1ms
[2023-12-20T09:04:01.179-0800][56391624ms] GC(3633)   Evacuate Collection Set: 38.6ms
[2023-12-20T09:04:01.179-0800][56391624ms] GC(3633)   Post Evacuate Collection Set: 4.5ms
[2023-12-20T09:04:01.179-0800][56391624ms] GC(3633)   Other: 0.7ms
[2023-12-20T09:04:01.179-0800][56391624ms] GC(3633) Eden regions: 753->0(753)
[2023-12-20T09:04:01.179-0800][56391624ms] GC(3633) Survivor regions: 30->30(98)
[2023-12-20T09:04:01.179-0800][56391624ms] GC(3633) Old regions: 190->190
[2023-12-20T09:04:01.179-0800][56391624ms] GC(3633) Humongous regions: 5->5
[2023-12-20T09:04:01.179-0800][56391624ms] GC(3633) Metaspace: 256597K->256597K(1294336K)
[2023-12-20T09:04:01.179-0800][56391624ms] GC(3633) Pause Young (Normal) (G1 Evacuation Pause) 1953M->447M(2612M) 44.068ms
[2023-12-20T09:04:01.179-0800][56391624ms] GC(3633) User=0.16s Sys=0.00s Real=0.04s
[2023-12-20T09:04:02.502-0800][56392947ms] GC(3634) Pause Young (Normal) (G1 Evacuation Pause)
[2023-12-20T09:04:02.502-0800][56392947ms] GC(3634) Using 10 workers of 10 for evacuation
[2023-12-20T09:04:02.536-0800][56392981ms] GC(3634)   Pre Evacuate Collection Set: 0.0ms
[2023-12-20T09:04:02.536-0800][56392981ms] GC(3634)   Evacuate Collection Set: 29.5ms
[2023-12-20T09:04:02.536-0800][56392981ms] GC(3634)   Post Evacuate Collection Set: 3.6ms
[2023-12-20T09:04:02.536-0800][56392981ms] GC(3634)   Other: 0.4ms
[2023-12-20T09:04:02.536-0800][56392981ms] GC(3634) Eden regions: 753->0(754)
[2023-12-20T09:04:02.536-0800][56392981ms] GC(3634) Survivor regions: 30->29(98)
[2023-12-20T09:04:02.536-0800][56392981ms] GC(3634) Old regions: 190->190
[2023-12-20T09:04:02.536-0800][56392981ms] GC(3634) Humongous regions: 5->5
[2023-12-20T09:04:02.536-0800][56392981ms] GC(3634) Metaspace: 256597K->256597K(1294336K)
[2023-12-20T09:04:02.536-0800][56392981ms] GC(3634) Pause Young (Normal) (G1 Evacuation Pause) 1953M->446M(2612M) 33.814ms
[2023-12-20T09:04:02.536-0800][56392981ms] GC(3634) User=0.19s Sys=0.02s Real=0.03s
[2023-12-20T09:04:03.804-0800][56394249ms] GC(3635) Pause Young (Normal) (G1 Evacuation Pause)
[2023-12-20T09:04:03.804-0800][56394249ms] GC(3635) Using 10 workers of 10 for evacuation
[2023-12-20T09:04:03.836-0800][56394281ms] GC(3635)   Pre Evacuate Collection Set: 0.1ms
[2023-12-20T09:04:03.838-0800][56394283ms] GC(3635)   Evacuate Collection Set: 29.5ms
[2023-12-20T09:04:03.838-0800][56394283ms] GC(3635)   Post Evacuate Collection Set: 3.6ms
[2023-12-20T09:04:03.838-0800][56394283ms] GC(3635)   Other: 0.5ms
[2023-12-20T09:04:03.838-0800][56394283ms] GC(3635) Eden regions: 754->0(754)
[2023-12-20T09:04:03.838-0800][56394283ms] GC(3635) Survivor regions: 29->29(98)
[2023-12-20T09:04:03.838-0800][56394283ms] GC(3635) Old regions: 190->190
[2023-12-20T09:04:03.838-0800][56394283ms] GC(3635) Humongous regions: 5->5
[2023-12-20T09:04:03.838-0800][56394283ms] GC(3635) Metaspace: 256597K->256597K(1294336K)
[2023-12-20T09:04:03.838-0800][56394283ms] GC(3635) Pause Young (Normal) (G1 Evacuation Pause) 1954M->446M(2612M) 33.865ms
[2023-12-20T09:04:03.838-0800][56394283ms] GC(3635) User=0.17s Sys=0.00s Real=0.03s
[2023-12-20T09:04:05.055-0800][56395500ms] GC(3636) Pause Young (Normal) (G1 Evacuation Pause)
[2023-12-20T09:04:05.055-0800][56395500ms] GC(3636) Using 10 workers of 10 for evacuation
[2023-12-20T09:04:05.093-0800][56395538ms] GC(3636)   Pre Evacuate Collection Set: 0.0ms
[2023-12-20T09:04:05.093-0800][56395538ms] GC(3636)   Evacuate Collection Set: 32.2ms
[2023-12-20T09:04:05.093-0800][56395538ms] GC(3636)   Post Evacuate Collection Set: 5.7ms
[2023-12-20T09:04:05.093-0800][56395538ms] GC(3636)   Other: 1.0ms
[2023-12-20T09:04:05.094-0800][56395539ms] GC(3636) Eden regions: 754->0(753)
[2023-12-20T09:04:05.094-0800][56395539ms] GC(3636) Survivor regions: 29->30(98)
[2023-12-20T09:04:05.094-0800][56395539ms] GC(3636) Old regions: 190->190
[2023-12-20T09:04:05.094-0800][56395539ms] GC(3636) Humongous regions: 5->5
[2023-12-20T09:04:05.094-0800][56395539ms] GC(3636) Metaspace: 256597K->256597K(1294336K)
[2023-12-20T09:04:05.094-0800][56395539ms] GC(3636) Pause Young (Normal) (G1 Evacuation Pause) 1954M->447M(2612M) 39.238ms
[2023-12-20T09:04:05.094-0800][56395539ms] GC(3636) User=0.16s Sys=0.00s Real=0.04s
[2023-12-20T09:04:06.455-0800][56396900ms] GC(3637) Pause Young (Normal) (G1 Evacuation Pause)
[2023-12-20T09:04:06.455-0800][56396900ms] GC(3637) Using 10 workers of 10 for evacuation
[2023-12-20T09:04:06.489-0800][56396934ms] GC(3637)   Pre Evacuate Collection Set: 0.0ms
[2023-12-20T09:04:06.489-0800][56396934ms] GC(3637)   Evacuate Collection Set: 29.4ms
[2023-12-20T09:04:06.489-0800][56396934ms] GC(3637)   Post Evacuate Collection Set: 3.8ms
[2023-12-20T09:04:06.489-0800][56396934ms] GC(3637)   Other: 0.4ms
[2023-12-20T09:04:06.489-0800][56396934ms] GC(3637) Eden regions: 753->0(753)
[2023-12-20T09:04:06.489-0800][56396934ms] GC(3637) Survivor regions: 30->30(98)
[2023-12-20T09:04:06.489-0800][56396934ms] GC(3637) Old regions: 190->190
[2023-12-20T09:04:06.489-0800][56396934ms] GC(3637) Humongous regions: 5->5
[2023-12-20T09:04:06.489-0800][56396934ms] GC(3637) Metaspace: 256597K->256597K(1294336K)
[2023-12-20T09:04:06.489-0800][56396934ms] GC(3637) Pause Young (Normal) (G1 Evacuation Pause) 1953M->447M(2612M) 33.902ms
[2023-12-20T09:04:06.489-0800][56396934ms] GC(3637) User=0.16s Sys=0.02s Real=0.03s
[2023-12-20T09:04:07.800-0800][56398245ms] GC(3638) Pause Young (Normal) (G1 Evacuation Pause)
[2023-12-20T09:04:07.800-0800][56398245ms] GC(3638) Using 10 workers of 10 for evacuation
[2023-12-20T09:04:07.835-0800][56398280ms] GC(3638)   Pre Evacuate Collection Set: 0.0ms
[2023-12-20T09:04:07.835-0800][56398280ms] GC(3638)   Evacuate Collection Set: 32.0ms
[2023-12-20T09:04:07.835-0800][56398280ms] GC(3638)   Post Evacuate Collection Set: 3.5ms
[2023-12-20T09:04:07.835-0800][56398280ms] GC(3638)   Other: 0.5ms
[2023-12-20T09:04:07.835-0800][56398280ms] GC(3638) Eden regions: 753->0(754)
[2023-12-20T09:04:07.835-0800][56398280ms] GC(3638) Survivor regions: 30->29(98)
[2023-12-20T09:04:07.835-0800][56398280ms] GC(3638) Old regions: 190->190
[2023-12-20T09:04:07.835-0800][56398280ms] GC(3638) Humongous regions: 5->5
[2023-12-20T09:04:07.835-0800][56398280ms] GC(3638) Metaspace: 256602K->256602K(1294336K)
[2023-12-20T09:04:07.835-0800][56398280ms] GC(3638) Pause Young (Normal) (G1 Evacuation Pause) 1953M->445M(2612M) 36.205ms
[2023-12-20T09:04:07.835-0800][56398280ms] GC(3638) User=0.17s Sys=0.00s Real=0.04s
[2023-12-20T09:04:09.083-0800][56399528ms] GC(3639) Pause Young (Normal) (G1 Evacuation Pause)
[2023-12-20T09:04:09.083-0800][56399528ms] GC(3639) Using 10 workers of 10 for evacuation
[2023-12-20T09:04:09.122-0800][56399567ms] GC(3639)   Pre Evacuate Collection Set: 0.1ms
[2023-12-20T09:04:09.122-0800][56399567ms] GC(3639)   Evacuate Collection Set: 33.8ms
[2023-12-20T09:04:09.122-0800][56399567ms] GC(3639)   Post Evacuate Collection Set: 4.5ms
[2023-12-20T09:04:09.122-0800][56399567ms] GC(3639)   Other: 0.5ms
[2023-12-20T09:04:09.122-0800][56399567ms] GC(3639) Eden regions: 754->0(754)
[2023-12-20T09:04:09.122-0800][56399567ms] GC(3639) Survivor regions: 29->29(98)
[2023-12-20T09:04:09.122-0800][56399567ms] GC(3639) Old regions: 190->190
[2023-12-20T09:04:09.122-0800][56399567ms] GC(3639) Humongous regions: 5->5
[2023-12-20T09:04:09.122-0800][56399567ms] GC(3639) Metaspace: 256602K->256602K(1294336K)
[2023-12-20T09:04:09.122-0800][56399567ms] GC(3639) Pause Young (Normal) (G1 Evacuation Pause) 1953M->446M(2612M) 39.101ms
[2023-12-20T09:04:09.122-0800][56399567ms] GC(3639) User=0.34s Sys=0.00s Real=0.04s
[2023-12-20T09:04:10.435-0800][56400880ms] GC(3640) Pause Young (Normal) (G1 Evacuation Pause)
[2023-12-20T09:04:10.435-0800][56400880ms] GC(3640) Using 10 workers of 10 for evacuation
[2023-12-20T09:04:10.469-0800][56400914ms] GC(3640)   Pre Evacuate Collection Set: 0.0ms
[2023-12-20T09:04:10.469-0800][56400914ms] GC(3640)   Evacuate Collection Set: 29.7ms
[2023-12-20T09:04:10.469-0800][56400914ms] GC(3640)   Post Evacuate Collection Set: 3.7ms
[2023-12-20T09:04:10.469-0800][56400914ms] GC(3640)   Other: 0.4ms
[2023-12-20T09:04:10.469-0800][56400914ms] GC(3640) Eden regions: 754->0(753)
[2023-12-20T09:04:10.469-0800][56400914ms] GC(3640) Survivor regions: 29->30(98)
[2023-12-20T09:04:10.469-0800][56400914ms] GC(3640) Old regions: 190->190
[2023-12-20T09:04:10.469-0800][56400914ms] GC(3640) Humongous regions: 5->5
[2023-12-20T09:04:10.469-0800][56400914ms] GC(3640) Metaspace: 256602K->256602K(1294336K)
[2023-12-20T09:04:10.469-0800][56400914ms] GC(3640) Pause Young (Normal) (G1 Evacuation Pause) 1954M->447M(2612M) 33.940ms
[2023-12-20T09:04:10.469-0800][56400914ms] GC(3640) User=0.11s Sys=0.00s Real=0.03s
[2023-12-20T09:04:11.690-0800][56402135ms] GC(3641) Pause Young (Normal) (G1 Evacuation Pause)
[2023-12-20T09:04:11.690-0800][56402135ms] GC(3641) Using 10 workers of 10 for evacuation
[2023-12-20T09:04:11.724-0800][56402169ms] GC(3641)   Pre Evacuate Collection Set: 0.0ms
[2023-12-20T09:04:11.724-0800][56402169ms] GC(3641)   Evacuate Collection Set: 30.2ms
[2023-12-20T09:04:11.724-0800][56402169ms] GC(3641)   Post Evacuate Collection Set: 2.9ms
[2023-12-20T09:04:11.724-0800][56402169ms] GC(3641)   Other: 0.4ms
[2023-12-20T09:04:11.724-0800][56402169ms] GC(3641) Eden regions: 753->0(753)
[2023-12-20T09:04:11.724-0800][56402169ms] GC(3641) Survivor regions: 30->30(98)
[2023-12-20T09:04:11.724-0800][56402169ms] GC(3641) Old regions: 190->190
[2023-12-20T09:04:11.724-0800][56402169ms] GC(3641) Humongous regions: 5->5
[2023-12-20T09:04:11.724-0800][56402169ms] GC(3641) Metaspace: 256602K->256602K(1294336K)
[2023-12-20T09:04:11.724-0800][56402169ms] GC(3641) Pause Young (Normal) (G1 Evacuation Pause) 1953M->447M(2612M) 33.593ms
[2023-12-20T09:04:11.724-0800][56402169ms] GC(3641) User=0.16s Sys=0.00s Real=0.03s
[2023-12-20T09:04:12.888-0800][56403333ms] GC(3642) Pause Young (Normal) (G1 Evacuation Pause)
[2023-12-20T09:04:12.888-0800][56403333ms] GC(3642) Using 10 workers of 10 for evacuation
[2023-12-20T09:04:12.920-0800][56403365ms] GC(3642)   Pre Evacuate Collection Set: 0.0ms
[2023-12-20T09:04:12.920-0800][56403365ms] GC(3642)   Evacuate Collection Set: 29.1ms
[2023-12-20T09:04:12.920-0800][56403365ms] GC(3642)   Post Evacuate Collection Set: 2.4ms
[2023-12-20T09:04:12.920-0800][56403365ms] GC(3642)   Other: 0.4ms
[2023-12-20T09:04:12.920-0800][56403365ms] GC(3642) Eden regions: 753->0(753)
[2023-12-20T09:04:12.920-0800][56403365ms] GC(3642) Survivor regions: 30->30(98)
[2023-12-20T09:04:12.920-0800][56403365ms] GC(3642) Old regions: 190->190
[2023-12-20T09:04:12.920-0800][56403365ms] GC(3642) Humongous regions: 5->5
[2023-12-20T09:04:12.920-0800][56403365ms] GC(3642) Metaspace: 256602K->256602K(1294336K)
[2023-12-20T09:04:12.920-0800][56403365ms] GC(3642) Pause Young (Normal) (G1 Evacuation Pause) 1953M->447M(2612M) 32.051ms
[2023-12-20T09:04:12.920-0800][56403365ms] GC(3642) User=0.06s Sys=0.00s Real=0.03s
[2023-12-20T09:04:13.982-0800][56404427ms] GC(3643) Pause Young (Normal) (G1 Evacuation Pause)
[2023-12-20T09:04:13.982-0800][56404427ms] GC(3643) Using 10 workers of 10 for evacuation
[2023-12-20T09:04:14.015-0800][56404460ms] GC(3643)   Pre Evacuate Collection Set: 0.1ms
[2023-12-20T09:04:14.015-0800][56404460ms] GC(3643)   Evacuate Collection Set: 28.8ms
[2023-12-20T09:04:14.015-0800][56404460ms] GC(3643)   Post Evacuate Collection Set: 3.6ms
[2023-12-20T09:04:14.015-0800][56404460ms] GC(3643)   Other: 0.5ms
[2023-12-20T09:04:14.015-0800][56404460ms] GC(3643) Eden regions: 753->0(753)
[2023-12-20T09:04:14.015-0800][56404460ms] GC(3643) Survivor regions: 30->30(98)
[2023-12-20T09:04:14.015-0800][56404460ms] GC(3643) Old regions: 190->190
[2023-12-20T09:04:14.015-0800][56404460ms] GC(3643) Humongous regions: 5->5
[2023-12-20T09:04:14.015-0800][56404460ms] GC(3643) Metaspace: 256602K->256602K(1294336K)
[2023-12-20T09:04:14.015-0800][56404460ms] GC(3643) Pause Young (Normal) (G1 Evacuation Pause) 1953M->448M(2612M) 33.239ms
[2023-12-20T09:04:14.015-0800][56404460ms] GC(3643) User=0.09s Sys=0.00s Real=0.03s
[2023-12-20T09:04:15.265-0800][56405710ms] GC(3644) Pause Young (Normal) (G1 Evacuation Pause)
[2023-12-20T09:04:15.265-0800][56405710ms] GC(3644) Using 10 workers of 10 for evacuation
[2023-12-20T09:04:15.301-0800][56405746ms] GC(3644)   Pre Evacuate Collection Set: 0.1ms
[2023-12-20T09:04:15.301-0800][56405746ms] GC(3644)   Evacuate Collection Set: 31.6ms
[2023-12-20T09:04:15.301-0800][56405746ms] GC(3644)   Post Evacuate Collection Set: 3.9ms
[2023-12-20T09:04:15.301-0800][56405746ms] GC(3644)   Other: 0.5ms
[2023-12-20T09:04:15.301-0800][56405746ms] GC(3644) Eden regions: 753->0(754)
[2023-12-20T09:04:15.301-0800][56405746ms] GC(3644) Survivor regions: 30->29(98)
[2023-12-20T09:04:15.301-0800][56405746ms] GC(3644) Old regions: 190->190
[2023-12-20T09:04:15.301-0800][56405746ms] GC(3644) Humongous regions: 5->5
[2023-12-20T09:04:15.301-0800][56405746ms] GC(3644) Metaspace: 256602K->256602K(1294336K)
[2023-12-20T09:04:15.301-0800][56405746ms] GC(3644) Pause Young (Normal) (G1 Evacuation Pause) 1954M->445M(2612M) 36.187ms
[2023-12-20T09:04:15.301-0800][56405746ms] GC(3644) User=0.11s Sys=0.00s Real=0.04s
[2023-12-20T09:04:17.137-0800][56407582ms] GC(3645) Pause Young (Normal) (GCLocker Initiated GC)
[2023-12-20T09:04:17.137-0800][56407582ms] GC(3645) Using 10 workers of 10 for evacuation
[2023-12-20T09:04:17.173-0800][56407618ms] GC(3645)   Pre Evacuate Collection Set: 0.0ms
[2023-12-20T09:04:17.173-0800][56407618ms] GC(3645)   Evacuate Collection Set: 31.5ms
[2023-12-20T09:04:17.173-0800][56407618ms] GC(3645)   Post Evacuate Collection Set: 3.7ms
[2023-12-20T09:04:17.173-0800][56407618ms] GC(3645)   Other: 0.4ms
[2023-12-20T09:04:17.173-0800][56407618ms] GC(3645) Eden regions: 755->0(754)
[2023-12-20T09:04:17.173-0800][56407618ms] GC(3645) Survivor regions: 29->29(98)
[2023-12-20T09:04:17.173-0800][56407618ms] GC(3645) Old regions: 190->190
[2023-12-20T09:04:17.173-0800][56407618ms] GC(3645) Humongous regions: 5->5
[2023-12-20T09:04:17.173-0800][56407618ms] GC(3645) Metaspace: 256602K->256602K(1294336K)
[2023-12-20T09:04:17.173-0800][56407618ms] GC(3645) Pause Young (Normal) (GCLocker Initiated GC) 1954M->446M(2612M) 35.857ms
[2023-12-20T09:04:17.173-0800][56407618ms] GC(3645) User=0.11s Sys=0.00s Real=0.04s
[2023-12-20T09:04:18.370-0800][56408815ms] GC(3646) Pause Young (Normal) (GCLocker Initiated GC)
[2023-12-20T09:04:18.370-0800][56408815ms] GC(3646) Using 10 workers of 10 for evacuation
[2023-12-20T09:04:18.409-0800][56408854ms] GC(3646)   Pre Evacuate Collection Set: 0.0ms
[2023-12-20T09:04:18.409-0800][56408854ms] GC(3646)   Evacuate Collection Set: 35.7ms
[2023-12-20T09:04:18.409-0800][56408854ms] GC(3646)   Post Evacuate Collection Set: 3.6ms
[2023-12-20T09:04:18.409-0800][56408854ms] GC(3646)   Other: 0.4ms
[2023-12-20T09:04:18.409-0800][56408854ms] GC(3646) Eden regions: 755->0(754)
[2023-12-20T09:04:18.409-0800][56408854ms] GC(3646) Survivor regions: 29->29(98)
[2023-12-20T09:04:18.409-0800][56408854ms] GC(3646) Old regions: 190->190
[2023-12-20T09:04:18.409-0800][56408854ms] GC(3646) Humongous regions: 5->5
[2023-12-20T09:04:18.409-0800][56408854ms] GC(3646) Metaspace: 256602K->256602K(1294336K)
[2023-12-20T09:04:18.409-0800][56408854ms] GC(3646) Pause Young (Normal) (GCLocker Initiated GC) 1955M->446M(2612M) 39.922ms
[2023-12-20T09:04:18.409-0800][56408854ms] GC(3646) User=0.23s Sys=0.00s Real=0.04s
[2023-12-20T09:04:19.822-0800][56410267ms] GC(3647) Pause Young (Normal) (G1 Evacuation Pause)
[2023-12-20T09:04:19.822-0800][56410267ms] GC(3647) Using 10 workers of 10 for evacuation
[2023-12-20T09:04:19.859-0800][56410304ms] GC(3647)   Pre Evacuate Collection Set: 0.0ms
[2023-12-20T09:04:19.859-0800][56410304ms] GC(3647)   Evacuate Collection Set: 33.8ms
[2023-12-20T09:04:19.859-0800][56410304ms] GC(3647)   Post Evacuate Collection Set: 3.3ms
[2023-12-20T09:04:19.859-0800][56410304ms] GC(3647)   Other: 0.4ms
[2023-12-20T09:04:19.859-0800][56410304ms] GC(3647) Eden regions: 754->0(753)
[2023-12-20T09:04:19.859-0800][56410304ms] GC(3647) Survivor regions: 29->30(98)
[2023-12-20T09:04:19.859-0800][56410304ms] GC(3647) Old regions: 190->190
[2023-12-20T09:04:19.859-0800][56410304ms] GC(3647) Humongous regions: 5->5
[2023-12-20T09:04:19.859-0800][56410304ms] GC(3647) Metaspace: 256602K->256602K(1294336K)
[2023-12-20T09:04:19.859-0800][56410304ms] GC(3647) Pause Young (Normal) (G1 Evacuation Pause) 1954M->448M(2612M) 37.734ms
[2023-12-20T09:04:19.859-0800][56410304ms] GC(3647) User=0.13s Sys=0.00s Real=0.04s
[2023-12-20T09:04:21.124-0800][56411569ms] GC(3648) Pause Young (Normal) (G1 Evacuation Pause)
[2023-12-20T09:04:21.124-0800][56411569ms] GC(3648) Using 10 workers of 10 for evacuation
[2023-12-20T09:04:21.155-0800][56411600ms] GC(3648)   Pre Evacuate Collection Set: 0.1ms
[2023-12-20T09:04:21.155-0800][56411600ms] GC(3648)   Evacuate Collection Set: 28.6ms
[2023-12-20T09:04:21.155-0800][56411600ms] GC(3648)   Post Evacuate Collection Set: 2.7ms
[2023-12-20T09:04:21.155-0800][56411600ms] GC(3648)   Other: 0.4ms
[2023-12-20T09:04:21.155-0800][56411600ms] GC(3648) Eden regions: 753->0(753)
[2023-12-20T09:04:21.155-0800][56411600ms] GC(3648) Survivor regions: 30->30(98)
[2023-12-20T09:04:21.155-0800][56411600ms] GC(3648) Old regions: 190->190
[2023-12-20T09:04:21.155-0800][56411600ms] GC(3648) Humongous regions: 5->5
[2023-12-20T09:04:21.157-0800][56411602ms] GC(3648) Metaspace: 256602K->256602K(1294336K)
[2023-12-20T09:04:21.157-0800][56411602ms] GC(3648) Pause Young (Normal) (G1 Evacuation Pause) 1954M->447M(2612M) 32.117ms
[2023-12-20T09:04:21.157-0800][56411602ms] GC(3648) User=0.11s Sys=0.02s Real=0.03s
[2023-12-20T09:04:22.805-0800][56413250ms] GC(3649) Pause Young (Normal) (G1 Evacuation Pause)
[2023-12-20T09:04:22.805-0800][56413250ms] GC(3649) Using 10 workers of 10 for evacuation
[2023-12-20T09:04:22.840-0800][56413285ms] GC(3649)   Pre Evacuate Collection Set: 0.1ms
[2023-12-20T09:04:22.840-0800][56413285ms] GC(3649)   Evacuate Collection Set: 30.4ms
[2023-12-20T09:04:22.840-0800][56413285ms] GC(3649)   Post Evacuate Collection Set: 4.4ms
[2023-12-20T09:04:22.840-0800][56413285ms] GC(3649)   Other: 0.5ms
[2023-12-20T09:04:22.840-0800][56413285ms] GC(3649) Eden regions: 753->0(753)
[2023-12-20T09:04:22.840-0800][56413285ms] GC(3649) Survivor regions: 30->30(98)
[2023-12-20T09:04:22.840-0800][56413285ms] GC(3649) Old regions: 190->190
[2023-12-20T09:04:22.840-0800][56413285ms] GC(3649) Humongous regions: 5->5
[2023-12-20T09:04:22.840-0800][56413285ms] GC(3649) Metaspace: 256602K->256602K(1294336K)
[2023-12-20T09:04:22.840-0800][56413285ms] GC(3649) Pause Young (Normal) (G1 Evacuation Pause) 1953M->447M(2612M) 35.391ms
[2023-12-20T09:04:22.840-0800][56413285ms] GC(3649) User=0.16s Sys=0.00s Real=0.03s
[2023-12-20T09:04:24.442-0800][56414887ms] GC(3650) Pause Young (Normal) (G1 Evacuation Pause)
[2023-12-20T09:04:24.442-0800][56414887ms] GC(3650) Using 10 workers of 10 for evacuation
[2023-12-20T09:04:24.475-0800][56414920ms] GC(3650)   Pre Evacuate Collection Set: 0.1ms
[2023-12-20T09:04:24.475-0800][56414920ms] GC(3650)   Evacuate Collection Set: 28.1ms
[2023-12-20T09:04:24.475-0800][56414920ms] GC(3650)   Post Evacuate Collection Set: 3.8ms
[2023-12-20T09:04:24.475-0800][56414920ms] GC(3650)   Other: 0.5ms
[2023-12-20T09:04:24.475-0800][56414920ms] GC(3650) Eden regions: 753->0(752)
[2023-12-20T09:04:24.475-0800][56414920ms] GC(3650) Survivor regions: 30->31(98)
[2023-12-20T09:04:24.475-0800][56414920ms] GC(3650) Old regions: 190->190
[2023-12-20T09:04:24.475-0800][56414920ms] GC(3650) Humongous regions: 5->5
[2023-12-20T09:04:24.475-0800][56414920ms] GC(3650) Metaspace: 256602K->256602K(1294336K)
[2023-12-20T09:04:24.475-0800][56414920ms] GC(3650) Pause Young (Normal) (G1 Evacuation Pause) 1953M->449M(2612M) 32.642ms
[2023-12-20T09:04:24.475-0800][56414920ms] GC(3650) User=0.27s Sys=0.00s Real=0.03s
[2023-12-20T09:04:26.192-0800][56416637ms] GC(3651) Pause Young (Normal) (G1 Evacuation Pause)
[2023-12-20T09:04:26.192-0800][56416637ms] GC(3651) Using 10 workers of 10 for evacuation
[2023-12-20T09:04:26.224-0800][56416669ms] GC(3651)   Pre Evacuate Collection Set: 0.1ms
[2023-12-20T09:04:26.224-0800][56416669ms] GC(3651)   Evacuate Collection Set: 29.5ms
[2023-12-20T09:04:26.224-0800][56416671ms] GC(3651)   Post Evacuate Collection Set: 3.3ms
[2023-12-20T09:04:26.226-0800][56416671ms] GC(3651)   Other: 0.5ms
[2023-12-20T09:04:26.226-0800][56416671ms] GC(3651) Eden regions: 752->0(753)
[2023-12-20T09:04:26.226-0800][56416671ms] GC(3651) Survivor regions: 31->30(98)
[2023-12-20T09:04:26.226-0800][56416671ms] GC(3651) Old regions: 190->190
[2023-12-20T09:04:26.226-0800][56416671ms] GC(3651) Humongous regions: 5->5
[2023-12-20T09:04:26.226-0800][56416671ms] GC(3651) Metaspace: 256602K->256602K(1294336K)
[2023-12-20T09:04:26.226-0800][56416671ms] GC(3651) Pause Young (Normal) (G1 Evacuation Pause) 1953M->448M(2612M) 33.454ms
[2023-12-20T09:04:26.226-0800][56416671ms] GC(3651) User=0.19s Sys=0.00s Real=0.03s
[2023-12-20T09:04:27.718-0800][56418163ms] GC(3652) Pause Young (Normal) (G1 Evacuation Pause)
[2023-12-20T09:04:27.718-0800][56418163ms] GC(3652) Using 10 workers of 10 for evacuation
[2023-12-20T09:04:27.758-0800][56418203ms] GC(3652)   Pre Evacuate Collection Set: 0.1ms
[2023-12-20T09:04:27.758-0800][56418203ms] GC(3652)   Evacuate Collection Set: 35.2ms
[2023-12-20T09:04:27.758-0800][56418203ms] GC(3652)   Post Evacuate Collection Set: 4.8ms
[2023-12-20T09:04:27.758-0800][56418203ms] GC(3652)   Other: 0.5ms
[2023-12-20T09:04:27.758-0800][56418203ms] GC(3652) Eden regions: 753->0(753)
[2023-12-20T09:04:27.758-0800][56418203ms] GC(3652) Survivor regions: 30->30(98)
[2023-12-20T09:04:27.758-0800][56418203ms] GC(3652) Old regions: 190->190
[2023-12-20T09:04:27.758-0800][56418203ms] GC(3652) Humongous regions: 5->5
[2023-12-20T09:04:27.758-0800][56418203ms] GC(3652) Metaspace: 256602K->256602K(1294336K)
[2023-12-20T09:04:27.758-0800][56418203ms] GC(3652) Pause Young (Normal) (G1 Evacuation Pause) 1954M->448M(2612M) 40.757ms
[2023-12-20T09:04:27.758-0800][56418203ms] GC(3652) User=0.28s Sys=0.02s Real=0.04s
[2023-12-20T09:04:28.884-0800][56419329ms] GC(3653) Pause Young (Normal) (G1 Evacuation Pause)
[2023-12-20T09:04:28.884-0800][56419329ms] GC(3653) Using 10 workers of 10 for evacuation
[2023-12-20T09:04:28.922-0800][56419367ms] GC(3653)   Pre Evacuate Collection Set: 0.1ms
[2023-12-20T09:04:28.922-0800][56419367ms] GC(3653)   Evacuate Collection Set: 34.1ms
[2023-12-20T09:04:28.922-0800][56419367ms] GC(3653)   Post Evacuate Collection Set: 4.0ms
[2023-12-20T09:04:28.922-0800][56419367ms] GC(3653)   Other: 0.5ms
[2023-12-20T09:04:28.922-0800][56419367ms] GC(3653) Eden regions: 753->0(752)
[2023-12-20T09:04:28.922-0800][56419367ms] GC(3653) Survivor regions: 30->31(98)
[2023-12-20T09:04:28.922-0800][56419367ms] GC(3653) Old regions: 190->190
[2023-12-20T09:04:28.922-0800][56419367ms] GC(3653) Humongous regions: 5->5
[2023-12-20T09:04:28.922-0800][56419367ms] GC(3653) Metaspace: 256602K->256602K(1294336K)
[2023-12-20T09:04:28.922-0800][56419367ms] GC(3653) Pause Young (Normal) (G1 Evacuation Pause) 1954M->449M(2612M) 38.798ms
[2023-12-20T09:04:28.922-0800][56419367ms] GC(3653) User=0.22s Sys=0.00s Real=0.04s
[2023-12-20T09:04:30.233-0800][56420678ms] GC(3654) Pause Young (Normal) (G1 Evacuation Pause)
[2023-12-20T09:04:30.233-0800][56420678ms] GC(3654) Using 10 workers of 10 for evacuation
[2023-12-20T09:04:30.265-0800][56420710ms] GC(3654)   Pre Evacuate Collection Set: 0.0ms
[2023-12-20T09:04:30.265-0800][56420710ms] GC(3654)   Evacuate Collection Set: 29.7ms
[2023-12-20T09:04:30.265-0800][56420710ms] GC(3654)   Post Evacuate Collection Set: 2.6ms
[2023-12-20T09:04:30.265-0800][56420710ms] GC(3654)   Other: 0.4ms
[2023-12-20T09:04:30.265-0800][56420710ms] GC(3654) Eden regions: 752->0(752)
[2023-12-20T09:04:30.265-0800][56420710ms] GC(3654) Survivor regions: 31->31(98)
[2023-12-20T09:04:30.265-0800][56420710ms] GC(3654) Old regions: 190->190
[2023-12-20T09:04:30.265-0800][56420710ms] GC(3654) Humongous regions: 5->5
[2023-12-20T09:04:30.265-0800][56420710ms] GC(3654) Metaspace: 256602K->256602K(1294336K)
[2023-12-20T09:04:30.265-0800][56420710ms] GC(3654) Pause Young (Normal) (G1 Evacuation Pause) 1953M->449M(2612M) 32.847ms
[2023-12-20T09:04:30.265-0800][56420710ms] GC(3654) User=0.09s Sys=0.00s Real=0.03s
[2023-12-20T09:04:31.091-0800][56421536ms] GC(3655) Pause Young (Normal) (G1 Evacuation Pause)
[2023-12-20T09:04:31.091-0800][56421536ms] GC(3655) Using 10 workers of 10 for evacuation
[2023-12-20T09:04:31.120-0800][56421565ms] GC(3655)   Pre Evacuate Collection Set: 0.0ms
[2023-12-20T09:04:31.120-0800][56421565ms] GC(3655)   Evacuate Collection Set: 26.0ms
[2023-12-20T09:04:31.120-0800][56421565ms] GC(3655)   Post Evacuate Collection Set: 2.8ms
[2023-12-20T09:04:31.120-0800][56421565ms] GC(3655)   Other: 0.4ms
[2023-12-20T09:04:31.120-0800][56421565ms] GC(3655) Eden regions: 752->0(753)
[2023-12-20T09:04:31.120-0800][56421565ms] GC(3655) Survivor regions: 31->30(98)
[2023-12-20T09:04:31.120-0800][56421565ms] GC(3655) Old regions: 190->190
[2023-12-20T09:04:31.120-0800][56421565ms] GC(3655) Humongous regions: 5->5
[2023-12-20T09:04:31.120-0800][56421565ms] GC(3655) Metaspace: 256602K->256602K(1294336K)
[2023-12-20T09:04:31.120-0800][56421565ms] GC(3655) Pause Young (Normal) (G1 Evacuation Pause) 1953M->447M(2612M) 29.310ms
[2023-12-20T09:04:31.120-0800][56421565ms] GC(3655) User=0.14s Sys=0.00s Real=0.03s
[2023-12-20T09:04:31.814-0800][56422259ms] GC(3656) Pause Young (Normal) (G1 Evacuation Pause)
[2023-12-20T09:04:31.814-0800][56422259ms] GC(3656) Using 10 workers of 10 for evacuation
[2023-12-20T09:04:31.849-0800][56422294ms] GC(3656)   Pre Evacuate Collection Set: 0.0ms
[2023-12-20T09:04:31.849-0800][56422294ms] GC(3656)   Evacuate Collection Set: 31.9ms
[2023-12-20T09:04:31.849-0800][56422294ms] GC(3656)   Post Evacuate Collection Set: 3.0ms
[2023-12-20T09:04:31.849-0800][56422294ms] GC(3656)   Other: 0.4ms
[2023-12-20T09:04:31.849-0800][56422294ms] GC(3656) Eden regions: 753->0(753)
[2023-12-20T09:04:31.849-0800][56422294ms] GC(3656) Survivor regions: 30->30(98)
[2023-12-20T09:04:31.849-0800][56422294ms] GC(3656) Old regions: 190->190
[2023-12-20T09:04:31.849-0800][56422294ms] GC(3656) Humongous regions: 5->5
[2023-12-20T09:04:31.849-0800][56422294ms] GC(3656) Metaspace: 256602K->256602K(1294336K)
[2023-12-20T09:04:31.849-0800][56422294ms] GC(3656) Pause Young (Normal) (G1 Evacuation Pause) 1953M->448M(2612M) 35.489ms
[2023-12-20T09:04:31.849-0800][56422294ms] GC(3656) User=0.13s Sys=0.00s Real=0.04s
[2023-12-20T09:04:33.752-0800][56424197ms] GC(3657) Pause Young (Normal) (G1 Evacuation Pause)
[2023-12-20T09:04:33.752-0800][56424197ms] GC(3657) Using 10 workers of 10 for evacuation
[2023-12-20T09:04:33.794-0800][56424239ms] GC(3657)   Pre Evacuate Collection Set: 0.0ms
[2023-12-20T09:04:33.794-0800][56424239ms] GC(3657)   Evacuate Collection Set: 38.3ms
[2023-12-20T09:04:33.794-0800][56424239ms] GC(3657)   Post Evacuate Collection Set: 3.7ms
[2023-12-20T09:04:33.794-0800][56424239ms] GC(3657)   Other: 0.4ms
[2023-12-20T09:04:33.794-0800][56424239ms] GC(3657) Eden regions: 753->0(752)
[2023-12-20T09:04:33.794-0800][56424239ms] GC(3657) Survivor regions: 30->31(98)
[2023-12-20T09:04:33.794-0800][56424239ms] GC(3657) Old regions: 190->190
[2023-12-20T09:04:33.794-0800][56424239ms] GC(3657) Humongous regions: 5->5
[2023-12-20T09:04:33.794-0800][56424239ms] GC(3657) Metaspace: 256602K->256602K(1294336K)
[2023-12-20T09:04:33.794-0800][56424239ms] GC(3657) Pause Young (Normal) (G1 Evacuation Pause) 1954M->449M(2612M) 42.694ms
[2023-12-20T09:04:33.794-0800][56424239ms] GC(3657) User=0.16s Sys=0.00s Real=0.04s
[2023-12-20T09:04:34.783-0800][56425228ms] GC(3658) Pause Young (Normal) (G1 Evacuation Pause)
[2023-12-20T09:04:34.783-0800][56425228ms] GC(3658) Using 10 workers of 10 for evacuation
[2023-12-20T09:04:34.813-0800][56425258ms] GC(3658)   Pre Evacuate Collection Set: 0.0ms
[2023-12-20T09:04:34.813-0800][56425258ms] GC(3658)   Evacuate Collection Set: 26.9ms
[2023-12-20T09:04:34.813-0800][56425258ms] GC(3658)   Post Evacuate Collection Set: 2.8ms
[2023-12-20T09:04:34.813-0800][56425258ms] GC(3658)   Other: 0.4ms
[2023-12-20T09:04:34.813-0800][56425258ms] GC(3658) Eden regions: 752->0(752)
[2023-12-20T09:04:34.813-0800][56425258ms] GC(3658) Survivor regions: 31->31(98)
[2023-12-20T09:04:34.813-0800][56425258ms] GC(3658) Old regions: 190->190
[2023-12-20T09:04:34.813-0800][56425258ms] GC(3658) Humongous regions: 5->5
[2023-12-20T09:04:34.813-0800][56425258ms] GC(3658) Metaspace: 256602K->256602K(1294336K)
[2023-12-20T09:04:34.813-0800][56425258ms] GC(3658) Pause Young (Normal) (G1 Evacuation Pause) 1953M->449M(2612M) 30.201ms
[2023-12-20T09:04:34.813-0800][56425258ms] GC(3658) User=0.09s Sys=0.00s Real=0.03s
[2023-12-20T09:04:35.527-0800][56425972ms] GC(3659) Pause Young (Normal) (G1 Evacuation Pause)
[2023-12-20T09:04:35.527-0800][56425972ms] GC(3659) Using 10 workers of 10 for evacuation
[2023-12-20T09:04:35.557-0800][56426002ms] GC(3659)   Pre Evacuate Collection Set: 0.0ms
[2023-12-20T09:04:35.557-0800][56426002ms] GC(3659)   Evacuate Collection Set: 26.8ms
[2023-12-20T09:04:35.557-0800][56426002ms] GC(3659)   Post Evacuate Collection Set: 2.7ms
[2023-12-20T09:04:35.557-0800][56426002ms] GC(3659)   Other: 0.4ms
[2023-12-20T09:04:35.557-0800][56426002ms] GC(3659) Eden regions: 752->0(753)
[2023-12-20T09:04:35.557-0800][56426002ms] GC(3659) Survivor regions: 31->30(98)
[2023-12-20T09:04:35.557-0800][56426002ms] GC(3659) Old regions: 190->190
[2023-12-20T09:04:35.557-0800][56426002ms] GC(3659) Humongous regions: 5->5
[2023-12-20T09:04:35.557-0800][56426002ms] GC(3659) Metaspace: 256602K->256602K(1294336K)
[2023-12-20T09:04:35.557-0800][56426002ms] GC(3659) Pause Young (Normal) (G1 Evacuation Pause) 1953M->448M(2612M) 30.101ms
[2023-12-20T09:04:35.557-0800][56426002ms] GC(3659) User=0.11s Sys=0.00s Real=0.03s
[2023-12-20T09:04:36.265-0800][56426710ms] GC(3660) Pause Young (Normal) (G1 Evacuation Pause)
[2023-12-20T09:04:36.265-0800][56426710ms] GC(3660) Using 10 workers of 10 for evacuation
[2023-12-20T09:04:36.295-0800][56426740ms] GC(3660)   Pre Evacuate Collection Set: 0.0ms
[2023-12-20T09:04:36.295-0800][56426740ms] GC(3660)   Evacuate Collection Set: 27.0ms
[2023-12-20T09:04:36.295-0800][56426740ms] GC(3660)   Post Evacuate Collection Set: 2.7ms
[2023-12-20T09:04:36.295-0800][56426740ms] GC(3660)   Other: 0.4ms
[2023-12-20T09:04:36.295-0800][56426740ms] GC(3660) Eden regions: 753->0(752)
[2023-12-20T09:04:36.295-0800][56426740ms] GC(3660) Survivor regions: 30->31(98)
[2023-12-20T09:04:36.295-0800][56426740ms] GC(3660) Old regions: 190->190
[2023-12-20T09:04:36.295-0800][56426740ms] GC(3660) Humongous regions: 5->5
[2023-12-20T09:04:36.295-0800][56426740ms] GC(3660) Metaspace: 256602K->256602K(1294336K)
[2023-12-20T09:04:36.295-0800][56426740ms] GC(3660) Pause Young (Normal) (G1 Evacuation Pause) 1954M->450M(2612M) 30.274ms
[2023-12-20T09:04:36.295-0800][56426740ms] GC(3660) User=0.13s Sys=0.00s Real=0.03s
[2023-12-20T09:04:36.998-0800][56427443ms] GC(3661) Pause Young (Normal) (G1 Evacuation Pause)
[2023-12-20T09:04:36.998-0800][56427443ms] GC(3661) Using 10 workers of 10 for evacuation
[2023-12-20T09:04:37.036-0800][56427481ms] GC(3661)   Pre Evacuate Collection Set: 0.0ms
[2023-12-20T09:04:37.036-0800][56427481ms] GC(3661)   Evacuate Collection Set: 33.5ms
[2023-12-20T09:04:37.036-0800][56427481ms] GC(3661)   Post Evacuate Collection Set: 3.5ms
[2023-12-20T09:04:37.036-0800][56427481ms] GC(3661)   Other: 0.4ms
[2023-12-20T09:04:37.036-0800][56427481ms] GC(3661) Eden regions: 752->0(753)
[2023-12-20T09:04:37.036-0800][56427481ms] GC(3661) Survivor regions: 31->30(98)
[2023-12-20T09:04:37.036-0800][56427481ms] GC(3661) Old regions: 190->190
[2023-12-20T09:04:37.036-0800][56427481ms] GC(3661) Humongous regions: 5->5
[2023-12-20T09:04:37.036-0800][56427481ms] GC(3661) Metaspace: 256602K->256602K(1294336K)
[2023-12-20T09:04:37.036-0800][56427481ms] GC(3661) Pause Young (Normal) (G1 Evacuation Pause) 1954M->448M(2612M) 37.603ms
[2023-12-20T09:04:37.036-0800][56427481ms] GC(3661) User=0.23s Sys=0.00s Real=0.04s
[2023-12-20T09:04:37.891-0800][56428336ms] GC(3662) Pause Young (Normal) (G1 Evacuation Pause)
[2023-12-20T09:04:37.891-0800][56428336ms] GC(3662) Using 10 workers of 10 for evacuation
[2023-12-20T09:04:37.930-0800][56428375ms] GC(3662)   Pre Evacuate Collection Set: 0.0ms
[2023-12-20T09:04:37.930-0800][56428375ms] GC(3662)   Evacuate Collection Set: 36.3ms
[2023-12-20T09:04:37.930-0800][56428375ms] GC(3662)   Post Evacuate Collection Set: 3.1ms
[2023-12-20T09:04:37.930-0800][56428375ms] GC(3662)   Other: 0.5ms
[2023-12-20T09:04:37.930-0800][56428375ms] GC(3662) Eden regions: 753->0(752)
[2023-12-20T09:04:37.930-0800][56428375ms] GC(3662) Survivor regions: 30->31(98)
[2023-12-20T09:04:37.930-0800][56428375ms] GC(3662) Old regions: 190->190
[2023-12-20T09:04:37.930-0800][56428375ms] GC(3662) Humongous regions: 5->5
[2023-12-20T09:04:37.930-0800][56428375ms] GC(3662) Metaspace: 256602K->256602K(1294336K)
[2023-12-20T09:04:37.930-0800][56428375ms] GC(3662) Pause Young (Normal) (G1 Evacuation Pause) 1954M->450M(2612M) 40.051ms
[2023-12-20T09:04:37.930-0800][56428375ms] GC(3662) User=0.27s Sys=0.00s Real=0.04s
[2023-12-20T09:04:38.783-0800][56429228ms] GC(3663) Pause Young (Normal) (G1 Evacuation Pause)
[2023-12-20T09:04:38.783-0800][56429228ms] GC(3663) Using 10 workers of 10 for evacuation
[2023-12-20T09:04:38.816-0800][56429261ms] GC(3663)   Pre Evacuate Collection Set: 0.0ms
[2023-12-20T09:04:38.816-0800][56429261ms] GC(3663)   Evacuate Collection Set: 30.2ms
[2023-12-20T09:04:38.816-0800][56429261ms] GC(3663)   Post Evacuate Collection Set: 2.5ms
[2023-12-20T09:04:38.816-0800][56429261ms] GC(3663)   Other: 0.4ms
[2023-12-20T09:04:38.816-0800][56429261ms] GC(3663) Eden regions: 752->0(753)
[2023-12-20T09:04:38.816-0800][56429261ms] GC(3663) Survivor regions: 31->30(98)
[2023-12-20T09:04:38.816-0800][56429261ms] GC(3663) Old regions: 190->190
[2023-12-20T09:04:38.816-0800][56429261ms] GC(3663) Humongous regions: 5->5
[2023-12-20T09:04:38.816-0800][56429261ms] GC(3663) Metaspace: 256602K->256602K(1294336K)
[2023-12-20T09:04:38.816-0800][56429261ms] GC(3663) Pause Young (Normal) (G1 Evacuation Pause) 1954M->448M(2612M) 33.161ms
[2023-12-20T09:04:38.816-0800][56429261ms] GC(3663) User=0.11s Sys=0.00s Real=0.03s
[2023-12-20T09:04:39.687-0800][56430132ms] GC(3664) Pause Young (Normal) (G1 Evacuation Pause)
[2023-12-20T09:04:39.687-0800][56430132ms] GC(3664) Using 10 workers of 10 for evacuation
[2023-12-20T09:04:39.719-0800][56430164ms] GC(3664)   Pre Evacuate Collection Set: 0.0ms
[2023-12-20T09:04:39.719-0800][56430164ms] GC(3664)   Evacuate Collection Set: 28.2ms
[2023-12-20T09:04:39.719-0800][56430164ms] GC(3664)   Post Evacuate Collection Set: 2.4ms
[2023-12-20T09:04:39.719-0800][56430164ms] GC(3664)   Other: 0.4ms
[2023-12-20T09:04:39.719-0800][56430164ms] GC(3664) Eden regions: 753->0(753)
[2023-12-20T09:04:39.719-0800][56430164ms] GC(3664) Survivor regions: 30->30(98)
[2023-12-20T09:04:39.719-0800][56430164ms] GC(3664) Old regions: 190->190
[2023-12-20T09:04:39.719-0800][56430164ms] GC(3664) Humongous regions: 5->5
[2023-12-20T09:04:39.719-0800][56430164ms] GC(3664) Metaspace: 256602K->256602K(1294336K)
[2023-12-20T09:04:39.719-0800][56430164ms] GC(3664) Pause Young (Normal) (G1 Evacuation Pause) 1954M->449M(2612M) 31.079ms
[2023-12-20T09:04:39.719-0800][56430164ms] GC(3664) User=0.13s Sys=0.00s Real=0.03s
[2023-12-20T09:04:40.618-0800][56431063ms] GC(3665) Pause Young (Normal) (G1 Evacuation Pause)
[2023-12-20T09:04:40.618-0800][56431063ms] GC(3665) Using 10 workers of 10 for evacuation
[2023-12-20T09:04:40.653-0800][56431098ms] GC(3665)   Pre Evacuate Collection Set: 0.1ms
[2023-12-20T09:04:40.653-0800][56431098ms] GC(3665)   Evacuate Collection Set: 30.3ms
[2023-12-20T09:04:40.653-0800][56431098ms] GC(3665)   Post Evacuate Collection Set: 4.3ms
[2023-12-20T09:04:40.653-0800][56431098ms] GC(3665)   Other: 0.6ms
[2023-12-20T09:04:40.653-0800][56431098ms] GC(3665) Eden regions: 753->0(754)
[2023-12-20T09:04:40.653-0800][56431098ms] GC(3665) Survivor regions: 30->29(98)
[2023-12-20T09:04:40.653-0800][56431098ms] GC(3665) Old regions: 190->190
[2023-12-20T09:04:40.653-0800][56431098ms] GC(3665) Humongous regions: 5->5
[2023-12-20T09:04:40.653-0800][56431098ms] GC(3665) Metaspace: 256602K->256602K(1294336K)
[2023-12-20T09:04:40.653-0800][56431098ms] GC(3665) Pause Young (Normal) (G1 Evacuation Pause) 1955M->447M(2612M) 35.424ms
[2023-12-20T09:04:40.653-0800][56431098ms] GC(3665) User=0.14s Sys=0.00s Real=0.04s
[2023-12-20T09:04:41.448-0800][56431893ms] GC(3666) Pause Young (Normal) (G1 Evacuation Pause)
[2023-12-20T09:04:41.448-0800][56431893ms] GC(3666) Using 10 workers of 10 for evacuation
[2023-12-20T09:04:41.477-0800][56431922ms] GC(3666)   Pre Evacuate Collection Set: 0.0ms
[2023-12-20T09:04:41.477-0800][56431922ms] GC(3666)   Evacuate Collection Set: 25.8ms
[2023-12-20T09:04:41.477-0800][56431922ms] GC(3666)   Post Evacuate Collection Set: 2.5ms
[2023-12-20T09:04:41.477-0800][56431922ms] GC(3666)   Other: 0.3ms
[2023-12-20T09:04:41.477-0800][56431922ms] GC(3666) Eden regions: 754->0(753)
[2023-12-20T09:04:41.477-0800][56431922ms] GC(3666) Survivor regions: 29->30(98)
[2023-12-20T09:04:41.477-0800][56431922ms] GC(3666) Old regions: 190->190
[2023-12-20T09:04:41.477-0800][56431922ms] GC(3666) Humongous regions: 5->5
[2023-12-20T09:04:41.477-0800][56431922ms] GC(3666) Metaspace: 256602K->256602K(1294336K)
[2023-12-20T09:04:41.477-0800][56431922ms] GC(3666) Pause Young (Normal) (G1 Evacuation Pause) 1955M->449M(2612M) 28.837ms
[2023-12-20T09:04:41.477-0800][56431922ms] GC(3666) User=0.09s Sys=0.00s Real=0.03s
[2023-12-20T09:04:42.142-0800][56432587ms] GC(3667) Pause Young (Normal) (G1 Evacuation Pause)
[2023-12-20T09:04:42.142-0800][56432587ms] GC(3667) Using 10 workers of 10 for evacuation
[2023-12-20T09:04:42.174-0800][56432619ms] GC(3667)   Pre Evacuate Collection Set: 0.1ms
[2023-12-20T09:04:42.174-0800][56432619ms] GC(3667)   Evacuate Collection Set: 29.4ms
[2023-12-20T09:04:42.174-0800][56432619ms] GC(3667)   Post Evacuate Collection Set: 2.7ms
[2023-12-20T09:04:42.174-0800][56432619ms] GC(3667)   Other: 0.4ms
[2023-12-20T09:04:42.174-0800][56432619ms] GC(3667) Eden regions: 753->0(753)
[2023-12-20T09:04:42.174-0800][56432619ms] GC(3667) Survivor regions: 30->30(98)
[2023-12-20T09:04:42.174-0800][56432619ms] GC(3667) Old regions: 190->190
[2023-12-20T09:04:42.174-0800][56432619ms] GC(3667) Humongous regions: 5->5
[2023-12-20T09:04:42.174-0800][56432619ms] GC(3667) Metaspace: 256602K->256602K(1294336K)
[2023-12-20T09:04:42.174-0800][56432619ms] GC(3667) Pause Young (Normal) (G1 Evacuation Pause) 1955M->449M(2612M) 32.815ms
[2023-12-20T09:04:42.174-0800][56432619ms] GC(3667) User=0.06s Sys=0.00s Real=0.03s
[2023-12-20T09:04:42.872-0800][56433317ms] GC(3668) Pause Young (Normal) (G1 Evacuation Pause)
[2023-12-20T09:04:42.872-0800][56433317ms] GC(3668) Using 10 workers of 10 for evacuation
[2023-12-20T09:04:42.902-0800][56433347ms] GC(3668)   Pre Evacuate Collection Set: 0.0ms
[2023-12-20T09:04:42.902-0800][56433347ms] GC(3668)   Evacuate Collection Set: 27.4ms
[2023-12-20T09:04:42.902-0800][56433347ms] GC(3668)   Post Evacuate Collection Set: 2.4ms
[2023-12-20T09:04:42.902-0800][56433347ms] GC(3668)   Other: 0.4ms
[2023-12-20T09:04:42.902-0800][56433347ms] GC(3668) Eden regions: 753->0(753)
[2023-12-20T09:04:42.902-0800][56433347ms] GC(3668) Survivor regions: 30->30(98)
[2023-12-20T09:04:42.902-0800][56433347ms] GC(3668) Old regions: 190->190
[2023-12-20T09:04:42.902-0800][56433347ms] GC(3668) Humongous regions: 5->5
[2023-12-20T09:04:42.902-0800][56433347ms] GC(3668) Metaspace: 256602K->256602K(1294336K)
[2023-12-20T09:04:42.902-0800][56433347ms] GC(3668) Pause Young (Normal) (G1 Evacuation Pause) 1955M->449M(2612M) 30.271ms
[2023-12-20T09:04:42.902-0800][56433347ms] GC(3668) User=0.09s Sys=0.00s Real=0.03s
[2023-12-20T09:04:43.610-0800][56434055ms] GC(3669) Pause Young (Normal) (G1 Evacuation Pause)
[2023-12-20T09:04:43.610-0800][56434055ms] GC(3669) Using 10 workers of 10 for evacuation
[2023-12-20T09:04:43.646-0800][56434091ms] GC(3669)   Pre Evacuate Collection Set: 0.1ms
[2023-12-20T09:04:43.646-0800][56434091ms] GC(3669)   Evacuate Collection Set: 32.0ms
[2023-12-20T09:04:43.646-0800][56434091ms] GC(3669)   Post Evacuate Collection Set: 3.7ms
[2023-12-20T09:04:43.646-0800][56434091ms] GC(3669)   Other: 0.4ms
[2023-12-20T09:04:43.646-0800][56434091ms] GC(3669) Eden regions: 753->0(753)
[2023-12-20T09:04:43.646-0800][56434091ms] GC(3669) Survivor regions: 30->30(98)
[2023-12-20T09:04:43.646-0800][56434091ms] GC(3669) Old regions: 190->190
[2023-12-20T09:04:43.646-0800][56434091ms] GC(3669) Humongous regions: 5->5
[2023-12-20T09:04:43.646-0800][56434091ms] GC(3669) Metaspace: 256602K->256602K(1294336K)
[2023-12-20T09:04:43.646-0800][56434091ms] GC(3669) Pause Young (Normal) (G1 Evacuation Pause) 1955M->448M(2612M) 36.304ms
[2023-12-20T09:04:43.646-0800][56434091ms] GC(3669) User=0.13s Sys=0.00s Real=0.04s
[2023-12-20T09:04:44.297-0800][56434742ms] GC(3670) Pause Young (Normal) (G1 Evacuation Pause)
[2023-12-20T09:04:44.297-0800][56434742ms] GC(3670) Using 10 workers of 10 for evacuation
[2023-12-20T09:04:44.328-0800][56434773ms] GC(3670)   Pre Evacuate Collection Set: 0.0ms
[2023-12-20T09:04:44.328-0800][56434773ms] GC(3670)   Evacuate Collection Set: 27.8ms
[2023-12-20T09:04:44.328-0800][56434773ms] GC(3670)   Post Evacuate Collection Set: 3.0ms
[2023-12-20T09:04:44.328-0800][56434773ms] GC(3670)   Other: 0.4ms
[2023-12-20T09:04:44.328-0800][56434773ms] GC(3670) Eden regions: 753->0(753)
[2023-12-20T09:04:44.328-0800][56434773ms] GC(3670) Survivor regions: 30->30(98)
[2023-12-20T09:04:44.328-0800][56434773ms] GC(3670) Old regions: 190->190
[2023-12-20T09:04:44.328-0800][56434773ms] GC(3670) Humongous regions: 5->5
[2023-12-20T09:04:44.328-0800][56434773ms] GC(3670) Metaspace: 256602K->256602K(1294336K)
[2023-12-20T09:04:44.328-0800][56434773ms] GC(3670) Pause Young (Normal) (G1 Evacuation Pause) 1954M->449M(2612M) 31.375ms
[2023-12-20T09:04:44.328-0800][56434773ms] GC(3670) User=0.11s Sys=0.00s Real=0.03s
[2023-12-20T09:04:45.043-0800][56435488ms] GC(3671) Pause Young (Normal) (G1 Evacuation Pause)
[2023-12-20T09:04:45.043-0800][56435488ms] GC(3671) Using 10 workers of 10 for evacuation
[2023-12-20T09:04:45.072-0800][56435517ms] GC(3671)   Pre Evacuate Collection Set: 0.0ms
[2023-12-20T09:04:45.072-0800][56435517ms] GC(3671)   Evacuate Collection Set: 27.6ms
[2023-12-20T09:04:45.072-0800][56435517ms] GC(3671)   Post Evacuate Collection Set: 2.3ms
[2023-12-20T09:04:45.072-0800][56435517ms] GC(3671)   Other: 0.4ms
[2023-12-20T09:04:45.072-0800][56435517ms] GC(3671) Eden regions: 753->0(753)
[2023-12-20T09:04:45.072-0800][56435517ms] GC(3671) Survivor regions: 30->30(98)
[2023-12-20T09:04:45.072-0800][56435517ms] GC(3671) Old regions: 190->190
[2023-12-20T09:04:45.072-0800][56435517ms] GC(3671) Humongous regions: 5->5
[2023-12-20T09:04:45.072-0800][56435517ms] GC(3671) Metaspace: 256602K->256602K(1294336K)
[2023-12-20T09:04:45.072-0800][56435517ms] GC(3671) Pause Young (Normal) (G1 Evacuation Pause) 1955M->449M(2612M) 30.517ms
[2023-12-20T09:04:45.073-0800][56435518ms] GC(3671) User=0.06s Sys=0.00s Real=0.03s
[2023-12-20T09:04:45.784-0800][56436229ms] GC(3672) Pause Young (Normal) (G1 Evacuation Pause)
[2023-12-20T09:04:45.784-0800][56436229ms] GC(3672) Using 10 workers of 10 for evacuation
[2023-12-20T09:04:45.814-0800][56436259ms] GC(3672)   Pre Evacuate Collection Set: 0.0ms
[2023-12-20T09:04:45.814-0800][56436259ms] GC(3672)   Evacuate Collection Set: 27.3ms
[2023-12-20T09:04:45.814-0800][56436259ms] GC(3672)   Post Evacuate Collection Set: 2.6ms
[2023-12-20T09:04:45.814-0800][56436259ms] GC(3672)   Other: 0.4ms
[2023-12-20T09:04:45.814-0800][56436259ms] GC(3672) Eden regions: 753->0(753)
[2023-12-20T09:04:45.814-0800][56436259ms] GC(3672) Survivor regions: 30->30(98)
[2023-12-20T09:04:45.814-0800][56436259ms] GC(3672) Old regions: 190->190
[2023-12-20T09:04:45.815-0800][56436260ms] GC(3672) Humongous regions: 5->5
[2023-12-20T09:04:45.815-0800][56436260ms] GC(3672) Metaspace: 256602K->256602K(1294336K)
[2023-12-20T09:04:45.815-0800][56436260ms] GC(3672) Pause Young (Normal) (G1 Evacuation Pause) 1955M->448M(2612M) 30.415ms
[2023-12-20T09:04:45.815-0800][56436260ms] GC(3672) User=0.11s Sys=0.00s Real=0.03s
[2023-12-20T09:04:46.594-0800][56437039ms] GC(3673) Pause Young (Normal) (G1 Evacuation Pause)
[2023-12-20T09:04:46.594-0800][56437039ms] GC(3673) Using 10 workers of 10 for evacuation
[2023-12-20T09:04:46.629-0800][56437074ms] GC(3673)   Pre Evacuate Collection Set: 0.0ms
[2023-12-20T09:04:46.629-0800][56437074ms] GC(3673)   Evacuate Collection Set: 32.3ms
[2023-12-20T09:04:46.629-0800][56437074ms] GC(3673)   Post Evacuate Collection Set: 3.0ms
[2023-12-20T09:04:46.629-0800][56437074ms] GC(3673)   Other: 0.4ms
[2023-12-20T09:04:46.629-0800][56437074ms] GC(3673) Eden regions: 753->0(753)
[2023-12-20T09:04:46.629-0800][56437074ms] GC(3673) Survivor regions: 30->30(98)
[2023-12-20T09:04:46.629-0800][56437074ms] GC(3673) Old regions: 190->190
[2023-12-20T09:04:46.629-0800][56437074ms] GC(3673) Humongous regions: 5->5
[2023-12-20T09:04:46.629-0800][56437074ms] GC(3673) Metaspace: 256602K->256602K(1294336K)
[2023-12-20T09:04:46.629-0800][56437074ms] GC(3673) Pause Young (Normal) (G1 Evacuation Pause) 1954M->449M(2612M) 35.801ms
[2023-12-20T09:04:46.629-0800][56437074ms] GC(3673) User=0.17s Sys=0.00s Real=0.03s
[2023-12-20T09:04:47.133-0800][56437578ms] GC(3674) Pause Young (Normal) (G1 Evacuation Pause)
[2023-12-20T09:04:47.133-0800][56437578ms] GC(3674) Using 10 workers of 10 for evacuation
[2023-12-20T09:04:47.161-0800][56437606ms] GC(3674)   Pre Evacuate Collection Set: 0.0ms
[2023-12-20T09:04:47.161-0800][56437606ms] GC(3674)   Evacuate Collection Set: 25.5ms
[2023-12-20T09:04:47.161-0800][56437606ms] GC(3674)   Post Evacuate Collection Set: 2.5ms
[2023-12-20T09:04:47.161-0800][56437606ms] GC(3674)   Other: 0.4ms
[2023-12-20T09:04:47.161-0800][56437606ms] GC(3674) Eden regions: 753->0(752)
[2023-12-20T09:04:47.161-0800][56437606ms] GC(3674) Survivor regions: 30->31(98)
[2023-12-20T09:04:47.161-0800][56437606ms] GC(3674) Old regions: 190->190
[2023-12-20T09:04:47.161-0800][56437606ms] GC(3674) Humongous regions: 5->5
[2023-12-20T09:04:47.161-0800][56437606ms] GC(3674) Metaspace: 256602K->256602K(1294336K)
[2023-12-20T09:04:47.161-0800][56437606ms] GC(3674) Pause Young (Normal) (G1 Evacuation Pause) 1955M->450M(2612M) 28.616ms
[2023-12-20T09:04:47.161-0800][56437606ms] GC(3674) User=0.05s Sys=0.00s Real=0.03s
[2023-12-20T09:04:48.001-0800][56438446ms] GC(3675) Pause Young (Normal) (G1 Evacuation Pause)
[2023-12-20T09:04:48.001-0800][56438446ms] GC(3675) Using 10 workers of 10 for evacuation
[2023-12-20T09:04:48.034-0800][56438479ms] GC(3675)   Pre Evacuate Collection Set: 0.0ms
[2023-12-20T09:04:48.034-0800][56438479ms] GC(3675)   Evacuate Collection Set: 29.8ms
[2023-12-20T09:04:48.034-0800][56438479ms] GC(3675)   Post Evacuate Collection Set: 2.7ms
[2023-12-20T09:04:48.034-0800][56438479ms] GC(3675)   Other: 0.4ms
[2023-12-20T09:04:48.034-0800][56438479ms] GC(3675) Eden regions: 752->0(753)
[2023-12-20T09:04:48.034-0800][56438479ms] GC(3675) Survivor regions: 31->30(98)
[2023-12-20T09:04:48.034-0800][56438479ms] GC(3675) Old regions: 190->190
[2023-12-20T09:04:48.034-0800][56438479ms] GC(3675) Humongous regions: 5->5
[2023-12-20T09:04:48.034-0800][56438479ms] GC(3675) Metaspace: 256602K->256602K(1294336K)
[2023-12-20T09:04:48.034-0800][56438479ms] GC(3675) Pause Young (Normal) (G1 Evacuation Pause) 1954M->449M(2612M) 33.082ms
[2023-12-20T09:04:48.034-0800][56438479ms] GC(3675) User=0.11s Sys=0.00s Real=0.03s
[2023-12-20T09:04:49.103-0800][56439548ms] GC(3676) Pause Young (Normal) (G1 Evacuation Pause)
[2023-12-20T09:04:49.103-0800][56439548ms] GC(3676) Using 10 workers of 10 for evacuation
[2023-12-20T09:04:49.135-0800][56439580ms] GC(3676)   Pre Evacuate Collection Set: 0.0ms
[2023-12-20T09:04:49.135-0800][56439580ms] GC(3676)   Evacuate Collection Set: 30.2ms
[2023-12-20T09:04:49.135-0800][56439580ms] GC(3676)   Post Evacuate Collection Set: 2.4ms
[2023-12-20T09:04:49.135-0800][56439580ms] GC(3676)   Other: 0.4ms
[2023-12-20T09:04:49.135-0800][56439580ms] GC(3676) Eden regions: 753->0(753)
[2023-12-20T09:04:49.135-0800][56439580ms] GC(3676) Survivor regions: 30->30(98)
[2023-12-20T09:04:49.135-0800][56439580ms] GC(3676) Old regions: 190->190
[2023-12-20T09:04:49.135-0800][56439580ms] GC(3676) Humongous regions: 5->5
[2023-12-20T09:04:49.135-0800][56439580ms] GC(3676) Metaspace: 256602K->256602K(1294336K)
[2023-12-20T09:04:49.135-0800][56439580ms] GC(3676) Pause Young (Normal) (G1 Evacuation Pause) 1955M->448M(2612M) 33.071ms
[2023-12-20T09:04:49.135-0800][56439580ms] GC(3676) User=0.09s Sys=0.00s Real=0.03s
[2023-12-20T09:04:49.959-0800][56440404ms] GC(3677) Pause Young (Normal) (G1 Evacuation Pause)
[2023-12-20T09:04:49.959-0800][56440404ms] GC(3677) Using 10 workers of 10 for evacuation
[2023-12-20T09:04:49.992-0800][56440437ms] GC(3677)   Pre Evacuate Collection Set: 0.0ms
[2023-12-20T09:04:49.992-0800][56440437ms] GC(3677)   Evacuate Collection Set: 28.6ms
[2023-12-20T09:04:49.992-0800][56440437ms] GC(3677)   Post Evacuate Collection Set: 3.5ms
[2023-12-20T09:04:49.992-0800][56440437ms] GC(3677)   Other: 0.4ms
[2023-12-20T09:04:49.992-0800][56440437ms] GC(3677) Eden regions: 753->0(753)
[2023-12-20T09:04:49.992-0800][56440437ms] GC(3677) Survivor regions: 30->30(98)
[2023-12-20T09:04:49.992-0800][56440437ms] GC(3677) Old regions: 190->190
[2023-12-20T09:04:49.992-0800][56440437ms] GC(3677) Humongous regions: 5->5
[2023-12-20T09:04:49.992-0800][56440437ms] GC(3677) Metaspace: 256602K->256602K(1294336K)
[2023-12-20T09:04:49.992-0800][56440437ms] GC(3677) Pause Young (Normal) (G1 Evacuation Pause) 1954M->448M(2612M) 32.833ms
[2023-12-20T09:04:49.992-0800][56440437ms] GC(3677) User=0.09s Sys=0.00s Real=0.03s
[2023-12-20T09:04:50.797-0800][56441242ms] GC(3678) Pause Young (Normal) (G1 Evacuation Pause)
[2023-12-20T09:04:50.797-0800][56441242ms] GC(3678) Using 10 workers of 10 for evacuation
[2023-12-20T09:04:50.826-0800][56441271ms] GC(3678)   Pre Evacuate Collection Set: 0.0ms
[2023-12-20T09:04:50.826-0800][56441271ms] GC(3678)   Evacuate Collection Set: 26.8ms
[2023-12-20T09:04:50.826-0800][56441271ms] GC(3678)   Post Evacuate Collection Set: 2.2ms
[2023-12-20T09:04:50.826-0800][56441271ms] GC(3678)   Other: 0.4ms
[2023-12-20T09:04:50.826-0800][56441271ms] GC(3678) Eden regions: 753->0(753)
[2023-12-20T09:04:50.826-0800][56441271ms] GC(3678) Survivor regions: 30->30(98)
[2023-12-20T09:04:50.826-0800][56441271ms] GC(3678) Old regions: 190->190
[2023-12-20T09:04:50.826-0800][56441271ms] GC(3678) Humongous regions: 5->5
[2023-12-20T09:04:50.826-0800][56441271ms] GC(3678) Metaspace: 256602K->256602K(1294336K)
[2023-12-20T09:04:50.826-0800][56441271ms] GC(3678) Pause Young (Normal) (G1 Evacuation Pause) 1954M->449M(2612M) 29.746ms
[2023-12-20T09:04:50.826-0800][56441271ms] GC(3678) User=0.08s Sys=0.00s Real=0.03s
[2023-12-20T09:04:51.594-0800][56442039ms] GC(3679) Pause Young (Normal) (G1 Evacuation Pause)
[2023-12-20T09:04:51.594-0800][56442039ms] GC(3679) Using 10 workers of 10 for evacuation
[2023-12-20T09:04:51.626-0800][56442071ms] GC(3679)   Pre Evacuate Collection Set: 0.1ms
[2023-12-20T09:04:51.626-0800][56442071ms] GC(3679)   Evacuate Collection Set: 30.2ms
[2023-12-20T09:04:51.626-0800][56442071ms] GC(3679)   Post Evacuate Collection Set: 2.6ms
[2023-12-20T09:04:51.626-0800][56442071ms] GC(3679)   Other: 0.4ms
[2023-12-20T09:04:51.626-0800][56442071ms] GC(3679) Eden regions: 753->0(753)
[2023-12-20T09:04:51.626-0800][56442071ms] GC(3679) Survivor regions: 30->30(98)
[2023-12-20T09:04:51.626-0800][56442071ms] GC(3679) Old regions: 190->190
[2023-12-20T09:04:51.626-0800][56442071ms] GC(3679) Humongous regions: 5->5
[2023-12-20T09:04:51.626-0800][56442071ms] GC(3679) Metaspace: 256602K->256602K(1294336K)
[2023-12-20T09:04:51.626-0800][56442071ms] GC(3679) Pause Young (Normal) (G1 Evacuation Pause) 1955M->449M(2612M) 33.349ms
[2023-12-20T09:04:51.626-0800][56442071ms] GC(3679) User=0.17s Sys=0.00s Real=0.03s
[2023-12-20T09:04:52.495-0800][56442940ms] GC(3680) Pause Young (Normal) (G1 Evacuation Pause)
[2023-12-20T09:04:52.495-0800][56442940ms] GC(3680) Using 10 workers of 10 for evacuation
[2023-12-20T09:04:52.527-0800][56442972ms] GC(3680)   Pre Evacuate Collection Set: 0.0ms
[2023-12-20T09:04:52.527-0800][56442972ms] GC(3680)   Evacuate Collection Set: 27.6ms
[2023-12-20T09:04:52.527-0800][56442972ms] GC(3680)   Post Evacuate Collection Set: 2.3ms
[2023-12-20T09:04:52.527-0800][56442972ms] GC(3680)   Other: 0.4ms
[2023-12-20T09:04:52.527-0800][56442972ms] GC(3680) Eden regions: 753->0(753)
[2023-12-20T09:04:52.527-0800][56442972ms] GC(3680) Survivor regions: 30->30(98)
[2023-12-20T09:04:52.527-0800][56442972ms] GC(3680) Old regions: 190->190
[2023-12-20T09:04:52.527-0800][56442972ms] GC(3680) Humongous regions: 5->5
[2023-12-20T09:04:52.527-0800][56442972ms] GC(3680) Metaspace: 256602K->256602K(1294336K)
[2023-12-20T09:04:52.527-0800][56442972ms] GC(3680) Pause Young (Normal) (G1 Evacuation Pause) 1955M->449M(2612M) 30.525ms
[2023-12-20T09:04:52.527-0800][56442972ms] GC(3680) User=0.09s Sys=0.00s Real=0.03s
[2023-12-20T09:04:53.365-0800][56443810ms] GC(3681) Pause Young (Normal) (G1 Evacuation Pause)
[2023-12-20T09:04:53.365-0800][56443810ms] GC(3681) Using 10 workers of 10 for evacuation
[2023-12-20T09:04:53.402-0800][56443847ms] GC(3681)   Pre Evacuate Collection Set: 0.0ms
[2023-12-20T09:04:53.402-0800][56443847ms] GC(3681)   Evacuate Collection Set: 34.1ms
[2023-12-20T09:04:53.402-0800][56443847ms] GC(3681)   Post Evacuate Collection Set: 2.8ms
[2023-12-20T09:04:53.402-0800][56443847ms] GC(3681)   Other: 0.4ms
[2023-12-20T09:04:53.402-0800][56443847ms] GC(3681) Eden regions: 753->0(752)
[2023-12-20T09:04:53.402-0800][56443847ms] GC(3681) Survivor regions: 30->31(98)
[2023-12-20T09:04:53.402-0800][56443847ms] GC(3681) Old regions: 190->190
[2023-12-20T09:04:53.402-0800][56443847ms] GC(3681) Humongous regions: 5->5
[2023-12-20T09:04:53.402-0800][56443847ms] GC(3681) Metaspace: 256602K->256602K(1294336K)
[2023-12-20T09:04:53.402-0800][56443847ms] GC(3681) Pause Young (Normal) (G1 Evacuation Pause) 1955M->450M(2612M) 37.389ms
[2023-12-20T09:04:53.402-0800][56443847ms] GC(3681) User=0.19s Sys=0.00s Real=0.04s
[2023-12-20T09:04:54.313-0800][56444758ms] GC(3682) Pause Young (Normal) (G1 Evacuation Pause)
[2023-12-20T09:04:54.313-0800][56444758ms] GC(3682) Using 10 workers of 10 for evacuation
[2023-12-20T09:04:54.343-0800][56444788ms] GC(3682)   Pre Evacuate Collection Set: 0.0ms
[2023-12-20T09:04:54.343-0800][56444788ms] GC(3682)   Evacuate Collection Set: 27.7ms
[2023-12-20T09:04:54.343-0800][56444788ms] GC(3682)   Post Evacuate Collection Set: 2.7ms
[2023-12-20T09:04:54.343-0800][56444788ms] GC(3682)   Other: 0.4ms
[2023-12-20T09:04:54.343-0800][56444788ms] GC(3682) Eden regions: 752->0(753)
[2023-12-20T09:04:54.343-0800][56444788ms] GC(3682) Survivor regions: 31->30(98)
[2023-12-20T09:04:54.343-0800][56444788ms] GC(3682) Old regions: 190->190
[2023-12-20T09:04:54.343-0800][56444788ms] GC(3682) Humongous regions: 5->5
[2023-12-20T09:04:54.343-0800][56444788ms] GC(3682) Metaspace: 256602K->256602K(1294336K)
[2023-12-20T09:04:54.343-0800][56444788ms] GC(3682) Pause Young (Normal) (G1 Evacuation Pause) 1954M->449M(2612M) 30.985ms
[2023-12-20T09:04:54.343-0800][56444788ms] GC(3682) User=0.05s Sys=0.00s Real=0.03s
[2023-12-20T09:04:55.190-0800][56445635ms] GC(3683) Pause Young (Normal) (G1 Evacuation Pause)
[2023-12-20T09:04:55.190-0800][56445635ms] GC(3683) Using 10 workers of 10 for evacuation
[2023-12-20T09:04:55.219-0800][56445664ms] GC(3683)   Pre Evacuate Collection Set: 0.0ms
[2023-12-20T09:04:55.219-0800][56445664ms] GC(3683)   Evacuate Collection Set: 26.8ms
[2023-12-20T09:04:55.219-0800][56445664ms] GC(3683)   Post Evacuate Collection Set: 2.4ms
[2023-12-20T09:04:55.219-0800][56445664ms] GC(3683)   Other: 0.4ms
[2023-12-20T09:04:55.219-0800][56445664ms] GC(3683) Eden regions: 753->0(753)
[2023-12-20T09:04:55.219-0800][56445664ms] GC(3683) Survivor regions: 30->30(98)
[2023-12-20T09:04:55.219-0800][56445664ms] GC(3683) Old regions: 190->190
[2023-12-20T09:04:55.219-0800][56445664ms] GC(3683) Humongous regions: 5->5
[2023-12-20T09:04:55.219-0800][56445664ms] GC(3683) Metaspace: 256602K->256602K(1294336K)
[2023-12-20T09:04:55.219-0800][56445664ms] GC(3683) Pause Young (Normal) (G1 Evacuation Pause) 1955M->449M(2612M) 29.666ms
[2023-12-20T09:04:55.219-0800][56445664ms] GC(3683) User=0.11s Sys=0.00s Real=0.03s
[2023-12-20T09:04:55.940-0800][56446385ms] GC(3684) Pause Young (Normal) (G1 Evacuation Pause)
[2023-12-20T09:04:55.940-0800][56446385ms] GC(3684) Using 10 workers of 10 for evacuation
[2023-12-20T09:04:55.970-0800][56446415ms] GC(3684)   Pre Evacuate Collection Set: 0.0ms
[2023-12-20T09:04:55.970-0800][56446415ms] GC(3684)   Evacuate Collection Set: 26.8ms
[2023-12-20T09:04:55.970-0800][56446415ms] GC(3684)   Post Evacuate Collection Set: 2.5ms
[2023-12-20T09:04:55.970-0800][56446415ms] GC(3684)   Other: 0.4ms
[2023-12-20T09:04:55.970-0800][56446415ms] GC(3684) Eden regions: 753->0(753)
[2023-12-20T09:04:55.970-0800][56446415ms] GC(3684) Survivor regions: 30->30(98)
[2023-12-20T09:04:55.970-0800][56446415ms] GC(3684) Old regions: 190->190
[2023-12-20T09:04:55.970-0800][56446415ms] GC(3684) Humongous regions: 5->5
[2023-12-20T09:04:55.970-0800][56446415ms] GC(3684) Metaspace: 256602K->256602K(1294336K)
[2023-12-20T09:04:55.970-0800][56446415ms] GC(3684) Pause Young (Normal) (G1 Evacuation Pause) 1955M->449M(2612M) 29.873ms
[2023-12-20T09:04:55.970-0800][56446415ms] GC(3684) User=0.06s Sys=0.00s Real=0.03s
[2023-12-20T09:04:56.924-0800][56447369ms] GC(3685) Pause Young (Normal) (G1 Evacuation Pause)
[2023-12-20T09:04:56.924-0800][56447369ms] GC(3685) Using 10 workers of 10 for evacuation
[2023-12-20T09:04:56.955-0800][56447400ms] GC(3685)   Pre Evacuate Collection Set: 0.0ms
[2023-12-20T09:04:56.955-0800][56447400ms] GC(3685)   Evacuate Collection Set: 28.1ms
[2023-12-20T09:04:56.955-0800][56447400ms] GC(3685)   Post Evacuate Collection Set: 2.6ms
[2023-12-20T09:04:56.955-0800][56447400ms] GC(3685)   Other: 0.4ms
[2023-12-20T09:04:56.955-0800][56447400ms] GC(3685) Eden regions: 753->0(753)
[2023-12-20T09:04:56.955-0800][56447400ms] GC(3685) Survivor regions: 30->30(98)
[2023-12-20T09:04:56.955-0800][56447400ms] GC(3685) Old regions: 190->190
[2023-12-20T09:04:56.955-0800][56447400ms] GC(3685) Humongous regions: 5->5
[2023-12-20T09:04:56.955-0800][56447400ms] GC(3685) Metaspace: 256602K->256602K(1294336K)
[2023-12-20T09:04:56.955-0800][56447400ms] GC(3685) Pause Young (Normal) (G1 Evacuation Pause) 1955M->448M(2612M) 31.211ms
[2023-12-20T09:04:56.955-0800][56447400ms] GC(3685) User=0.09s Sys=0.00s Real=0.03s
[2023-12-20T09:04:57.854-0800][56448299ms] GC(3686) Pause Young (Normal) (G1 Evacuation Pause)
[2023-12-20T09:04:57.854-0800][56448299ms] GC(3686) Using 10 workers of 10 for evacuation
[2023-12-20T09:04:57.884-0800][56448329ms] GC(3686)   Pre Evacuate Collection Set: 0.1ms
[2023-12-20T09:04:57.884-0800][56448329ms] GC(3686)   Evacuate Collection Set: 26.8ms
[2023-12-20T09:04:57.884-0800][56448329ms] GC(3686)   Post Evacuate Collection Set: 2.5ms
[2023-12-20T09:04:57.884-0800][56448329ms] GC(3686)   Other: 0.4ms
[2023-12-20T09:04:57.884-0800][56448329ms] GC(3686) Eden regions: 753->0(753)
[2023-12-20T09:04:57.884-0800][56448329ms] GC(3686) Survivor regions: 30->30(98)
[2023-12-20T09:04:57.884-0800][56448329ms] GC(3686) Old regions: 190->190
[2023-12-20T09:04:57.884-0800][56448329ms] GC(3686) Humongous regions: 5->5
[2023-12-20T09:04:57.884-0800][56448329ms] GC(3686) Metaspace: 256602K->256602K(1294336K)
[2023-12-20T09:04:57.884-0800][56448329ms] GC(3686) Pause Young (Normal) (G1 Evacuation Pause) 1954M->449M(2612M) 29.855ms
[2023-12-20T09:04:57.884-0800][56448329ms] GC(3686) User=0.08s Sys=0.00s Real=0.03s
[2023-12-20T09:04:58.911-0800][56449356ms] GC(3687) Pause Young (Normal) (G1 Evacuation Pause)
[2023-12-20T09:04:58.911-0800][56449356ms] GC(3687) Using 10 workers of 10 for evacuation
[2023-12-20T09:04:58.946-0800][56449391ms] GC(3687)   Pre Evacuate Collection Set: 0.0ms
[2023-12-20T09:04:58.946-0800][56449391ms] GC(3687)   Evacuate Collection Set: 31.4ms
[2023-12-20T09:04:58.946-0800][56449391ms] GC(3687)   Post Evacuate Collection Set: 3.0ms
[2023-12-20T09:04:58.946-0800][56449391ms] GC(3687)   Other: 0.4ms
[2023-12-20T09:04:58.946-0800][56449391ms] GC(3687) Eden regions: 753->0(754)
[2023-12-20T09:04:58.946-0800][56449391ms] GC(3687) Survivor regions: 30->29(98)
[2023-12-20T09:04:58.946-0800][56449391ms] GC(3687) Old regions: 190->190
[2023-12-20T09:04:58.946-0800][56449391ms] GC(3687) Humongous regions: 5->5
[2023-12-20T09:04:58.946-0800][56449391ms] GC(3687) Metaspace: 256602K->256602K(1294336K)
[2023-12-20T09:04:58.946-0800][56449391ms] GC(3687) Pause Young (Normal) (G1 Evacuation Pause) 1955M->446M(2612M) 35.017ms
[2023-12-20T09:04:58.946-0800][56449391ms] GC(3687) User=0.16s Sys=0.00s Real=0.04s
[2023-12-20T09:04:59.938-0800][56450383ms] GC(3688) Pause Young (Normal) (GCLocker Initiated GC)
[2023-12-20T09:04:59.938-0800][56450383ms] GC(3688) Using 10 workers of 10 for evacuation
[2023-12-20T09:04:59.971-0800][56450416ms] GC(3688)   Pre Evacuate Collection Set: 0.0ms
[2023-12-20T09:04:59.971-0800][56450416ms] GC(3688)   Evacuate Collection Set: 30.2ms
[2023-12-20T09:04:59.971-0800][56450416ms] GC(3688)   Post Evacuate Collection Set: 2.5ms
[2023-12-20T09:04:59.971-0800][56450416ms] GC(3688)   Other: 0.4ms
[2023-12-20T09:04:59.971-0800][56450416ms] GC(3688) Eden regions: 755->0(754)
[2023-12-20T09:04:59.971-0800][56450416ms] GC(3688) Survivor regions: 29->29(98)
[2023-12-20T09:04:59.971-0800][56450416ms] GC(3688) Old regions: 190->190
[2023-12-20T09:04:59.971-0800][56450416ms] GC(3688) Humongous regions: 5->5
[2023-12-20T09:04:59.971-0800][56450416ms] GC(3688) Metaspace: 256602K->256602K(1294336K)
[2023-12-20T09:04:59.971-0800][56450416ms] GC(3688) Pause Young (Normal) (GCLocker Initiated GC) 1954M->447M(2612M) 33.247ms
[2023-12-20T09:04:59.971-0800][56450416ms] GC(3688) User=0.06s Sys=0.00s Real=0.03s
[2023-12-20T09:05:00.982-0800][56451427ms] GC(3689) Pause Young (Normal) (GCLocker Initiated GC)
[2023-12-20T09:05:00.982-0800][56451427ms] GC(3689) Using 10 workers of 10 for evacuation
[2023-12-20T09:05:01.015-0800][56451460ms] GC(3689)   Pre Evacuate Collection Set: 0.0ms
[2023-12-20T09:05:01.015-0800][56451460ms] GC(3689)   Evacuate Collection Set: 29.6ms
[2023-12-20T09:05:01.015-0800][56451460ms] GC(3689)   Post Evacuate Collection Set: 2.5ms
[2023-12-20T09:05:01.015-0800][56451460ms] GC(3689)   Other: 0.4ms
[2023-12-20T09:05:01.015-0800][56451460ms] GC(3689) Eden regions: 755->0(753)
[2023-12-20T09:05:01.015-0800][56451460ms] GC(3689) Survivor regions: 29->30(98)
[2023-12-20T09:05:01.015-0800][56451460ms] GC(3689) Old regions: 190->190
[2023-12-20T09:05:01.015-0800][56451460ms] GC(3689) Humongous regions: 5->5
[2023-12-20T09:05:01.015-0800][56451460ms] GC(3689) Metaspace: 256602K->256602K(1294336K)
[2023-12-20T09:05:01.015-0800][56451460ms] GC(3689) Pause Young (Normal) (GCLocker Initiated GC) 1956M->448M(2612M) 32.646ms
[2023-12-20T09:05:01.015-0800][56451460ms] GC(3689) User=0.06s Sys=0.00s Real=0.03s
[2023-12-20T09:05:01.963-0800][56452408ms] GC(3690) Pause Young (Normal) (G1 Evacuation Pause)
[2023-12-20T09:05:01.963-0800][56452408ms] GC(3690) Using 10 workers of 10 for evacuation
[2023-12-20T09:05:01.998-0800][56452443ms] GC(3690)   Pre Evacuate Collection Set: 0.0ms
[2023-12-20T09:05:01.998-0800][56452443ms] GC(3690)   Evacuate Collection Set: 31.4ms
[2023-12-20T09:05:01.998-0800][56452443ms] GC(3690)   Post Evacuate Collection Set: 2.7ms
[2023-12-20T09:05:01.998-0800][56452443ms] GC(3690)   Other: 0.5ms
[2023-12-20T09:05:01.998-0800][56452443ms] GC(3690) Eden regions: 753->0(754)
[2023-12-20T09:05:01.998-0800][56452443ms] GC(3690) Survivor regions: 30->29(98)
[2023-12-20T09:05:01.998-0800][56452443ms] GC(3690) Old regions: 190->190
[2023-12-20T09:05:01.998-0800][56452443ms] GC(3690) Humongous regions: 5->5
[2023-12-20T09:05:01.998-0800][56452443ms] GC(3690) Metaspace: 256602K->256602K(1294336K)
[2023-12-20T09:05:01.998-0800][56452443ms] GC(3690) Pause Young (Normal) (G1 Evacuation Pause) 1954M->446M(2612M) 34.815ms
[2023-12-20T09:05:01.998-0800][56452443ms] GC(3690) User=0.14s Sys=0.00s Real=0.03s
[2023-12-20T09:05:02.877-0800][56453322ms] GC(3691) Pause Young (Normal) (G1 Evacuation Pause)
[2023-12-20T09:05:02.877-0800][56453322ms] GC(3691) Using 10 workers of 10 for evacuation
[2023-12-20T09:05:02.908-0800][56453353ms] GC(3691)   Pre Evacuate Collection Set: 0.0ms
[2023-12-20T09:05:02.908-0800][56453353ms] GC(3691)   Evacuate Collection Set: 27.7ms
[2023-12-20T09:05:02.908-0800][56453353ms] GC(3691)   Post Evacuate Collection Set: 2.6ms
[2023-12-20T09:05:02.908-0800][56453353ms] GC(3691)   Other: 0.4ms
[2023-12-20T09:05:02.908-0800][56453353ms] GC(3691) Eden regions: 754->0(753)
[2023-12-20T09:05:02.908-0800][56453353ms] GC(3691) Survivor regions: 29->30(98)
[2023-12-20T09:05:02.908-0800][56453353ms] GC(3691) Old regions: 190->190
[2023-12-20T09:05:02.908-0800][56453353ms] GC(3691) Humongous regions: 5->5
[2023-12-20T09:05:02.908-0800][56453353ms] GC(3691) Metaspace: 256602K->256602K(1294336K)
[2023-12-20T09:05:02.908-0800][56453353ms] GC(3691) Pause Young (Normal) (G1 Evacuation Pause) 1954M->448M(2612M) 30.845ms
[2023-12-20T09:05:02.908-0800][56453353ms] GC(3691) User=0.14s Sys=0.00s Real=0.03s
[2023-12-20T09:05:03.668-0800][56454113ms] GC(3692) Pause Young (Normal) (G1 Evacuation Pause)
[2023-12-20T09:05:03.668-0800][56454113ms] GC(3692) Using 10 workers of 10 for evacuation
[2023-12-20T09:05:03.698-0800][56454143ms] GC(3692)   Pre Evacuate Collection Set: 0.0ms
[2023-12-20T09:05:03.698-0800][56454143ms] GC(3692)   Evacuate Collection Set: 27.5ms
[2023-12-20T09:05:03.698-0800][56454143ms] GC(3692)   Post Evacuate Collection Set: 2.5ms
[2023-12-20T09:05:03.698-0800][56454143ms] GC(3692)   Other: 0.3ms
[2023-12-20T09:05:03.698-0800][56454143ms] GC(3692) Eden regions: 753->0(754)
[2023-12-20T09:05:03.698-0800][56454143ms] GC(3692) Survivor regions: 30->29(98)
[2023-12-20T09:05:03.698-0800][56454143ms] GC(3692) Old regions: 190->190
[2023-12-20T09:05:03.698-0800][56454143ms] GC(3692) Humongous regions: 5->5
[2023-12-20T09:05:03.699-0800][56454144ms] GC(3692) Metaspace: 256602K->256602K(1294336K)
[2023-12-20T09:05:03.699-0800][56454144ms] GC(3692) Pause Young (Normal) (G1 Evacuation Pause) 1954M->447M(2612M) 30.607ms
[2023-12-20T09:05:03.699-0800][56454144ms] GC(3692) User=0.11s Sys=0.00s Real=0.03s
[2023-12-20T09:05:04.514-0800][56454959ms] GC(3693) Pause Young (Normal) (G1 Evacuation Pause)
[2023-12-20T09:05:04.514-0800][56454959ms] GC(3693) Using 10 workers of 10 for evacuation
[2023-12-20T09:05:04.547-0800][56454992ms] GC(3693)   Pre Evacuate Collection Set: 0.0ms
[2023-12-20T09:05:04.547-0800][56454992ms] GC(3693)   Evacuate Collection Set: 29.2ms
[2023-12-20T09:05:04.547-0800][56454992ms] GC(3693)   Post Evacuate Collection Set: 2.8ms
[2023-12-20T09:05:04.547-0800][56454992ms] GC(3693)   Other: 0.4ms
[2023-12-20T09:05:04.547-0800][56454992ms] GC(3693) Eden regions: 754->0(753)
[2023-12-20T09:05:04.547-0800][56454992ms] GC(3693) Survivor regions: 29->30(98)
[2023-12-20T09:05:04.547-0800][56454992ms] GC(3693) Old regions: 190->190
[2023-12-20T09:05:04.547-0800][56454992ms] GC(3693) Humongous regions: 5->5
[2023-12-20T09:05:04.547-0800][56454992ms] GC(3693) Metaspace: 256602K->256602K(1294336K)
[2023-12-20T09:05:04.547-0800][56454992ms] GC(3693) Pause Young (Normal) (G1 Evacuation Pause) 1955M->449M(2612M) 32.482ms
[2023-12-20T09:05:04.547-0800][56454992ms] GC(3693) User=0.09s Sys=0.00s Real=0.03s
[2023-12-20T09:05:05.476-0800][56455921ms] GC(3694) Pause Young (Normal) (G1 Evacuation Pause)
[2023-12-20T09:05:05.476-0800][56455921ms] GC(3694) Using 10 workers of 10 for evacuation
[2023-12-20T09:05:05.507-0800][56455952ms] GC(3694)   Pre Evacuate Collection Set: 0.0ms
[2023-12-20T09:05:05.507-0800][56455952ms] GC(3694)   Evacuate Collection Set: 27.8ms
[2023-12-20T09:05:05.507-0800][56455952ms] GC(3694)   Post Evacuate Collection Set: 2.6ms
[2023-12-20T09:05:05.507-0800][56455952ms] GC(3694)   Other: 0.4ms
[2023-12-20T09:05:05.507-0800][56455952ms] GC(3694) Eden regions: 753->0(753)
[2023-12-20T09:05:05.507-0800][56455952ms] GC(3694) Survivor regions: 30->30(98)
[2023-12-20T09:05:05.507-0800][56455952ms] GC(3694) Old regions: 190->190
[2023-12-20T09:05:05.507-0800][56455952ms] GC(3694) Humongous regions: 5->5
[2023-12-20T09:05:05.507-0800][56455952ms] GC(3694) Metaspace: 256602K->256602K(1294336K)
[2023-12-20T09:05:05.507-0800][56455952ms] GC(3694) Pause Young (Normal) (G1 Evacuation Pause) 1955M->448M(2612M) 30.836ms
[2023-12-20T09:05:05.507-0800][56455952ms] GC(3694) User=0.11s Sys=0.00s Real=0.03s
[2023-12-20T09:05:06.367-0800][56456812ms] GC(3695) Pause Young (Normal) (G1 Evacuation Pause)
[2023-12-20T09:05:06.367-0800][56456812ms] GC(3695) Using 10 workers of 10 for evacuation
[2023-12-20T09:05:06.400-0800][56456845ms] GC(3695)   Pre Evacuate Collection Set: 0.0ms
[2023-12-20T09:05:06.400-0800][56456845ms] GC(3695)   Evacuate Collection Set: 29.0ms
[2023-12-20T09:05:06.400-0800][56456845ms] GC(3695)   Post Evacuate Collection Set: 3.8ms
[2023-12-20T09:05:06.400-0800][56456845ms] GC(3695)   Other: 0.4ms
[2023-12-20T09:05:06.400-0800][56456845ms] GC(3695) Eden regions: 753->0(753)
[2023-12-20T09:05:06.400-0800][56456845ms] GC(3695) Survivor regions: 30->30(98)
[2023-12-20T09:05:06.400-0800][56456845ms] GC(3695) Old regions: 190->190
[2023-12-20T09:05:06.400-0800][56456845ms] GC(3695) Humongous regions: 5->5
[2023-12-20T09:05:06.400-0800][56456845ms] GC(3695) Metaspace: 256602K->256602K(1294336K)
[2023-12-20T09:05:06.401-0800][56456846ms] GC(3695) Pause Young (Normal) (G1 Evacuation Pause) 1954M->448M(2612M) 33.446ms
[2023-12-20T09:05:06.401-0800][56456846ms] GC(3695) User=0.09s Sys=0.00s Real=0.03s
[2023-12-20T09:05:07.213-0800][56457658ms] GC(3696) Pause Young (Normal) (G1 Evacuation Pause)
[2023-12-20T09:05:07.213-0800][56457658ms] GC(3696) Using 10 workers of 10 for evacuation
[2023-12-20T09:05:07.246-0800][56457691ms] GC(3696)   Pre Evacuate Collection Set: 0.0ms
[2023-12-20T09:05:07.246-0800][56457691ms] GC(3696)   Evacuate Collection Set: 29.5ms
[2023-12-20T09:05:07.246-0800][56457691ms] GC(3696)   Post Evacuate Collection Set: 3.7ms
[2023-12-20T09:05:07.246-0800][56457691ms] GC(3696)   Other: 0.5ms
[2023-12-20T09:05:07.246-0800][56457691ms] GC(3696) Eden regions: 753->0(754)
[2023-12-20T09:05:07.246-0800][56457691ms] GC(3696) Survivor regions: 30->29(98)
[2023-12-20T09:05:07.246-0800][56457691ms] GC(3696) Old regions: 190->190
[2023-12-20T09:05:07.246-0800][56457691ms] GC(3696) Humongous regions: 5->5
[2023-12-20T09:05:07.246-0800][56457691ms] GC(3696) Metaspace: 256602K->256602K(1294336K)
[2023-12-20T09:05:07.246-0800][56457691ms] GC(3696) Pause Young (Normal) (G1 Evacuation Pause) 1954M->447M(2612M) 33.905ms
[2023-12-20T09:05:07.246-0800][56457691ms] GC(3696) User=0.19s Sys=0.00s Real=0.03s
[2023-12-20T09:05:08.046-0800][56458491ms] GC(3697) Pause Young (Normal) (G1 Evacuation Pause)
[2023-12-20T09:05:08.046-0800][56458491ms] GC(3697) Using 10 workers of 10 for evacuation
[2023-12-20T09:05:08.075-0800][56458520ms] GC(3697)   Pre Evacuate Collection Set: 0.0ms
[2023-12-20T09:05:08.077-0800][56458522ms] GC(3697)   Evacuate Collection Set: 27.7ms
[2023-12-20T09:05:08.077-0800][56458522ms] GC(3697)   Post Evacuate Collection Set: 2.5ms
[2023-12-20T09:05:08.077-0800][56458522ms] GC(3697)   Other: 0.4ms
[2023-12-20T09:05:08.077-0800][56458522ms] GC(3697) Eden regions: 754->0(753)
[2023-12-20T09:05:08.077-0800][56458522ms] GC(3697) Survivor regions: 29->30(98)
[2023-12-20T09:05:08.077-0800][56458522ms] GC(3697) Old regions: 190->190
[2023-12-20T09:05:08.077-0800][56458522ms] GC(3697) Humongous regions: 5->5
[2023-12-20T09:05:08.077-0800][56458522ms] GC(3697) Metaspace: 256602K->256602K(1294336K)
[2023-12-20T09:05:08.077-0800][56458522ms] GC(3697) Pause Young (Normal) (G1 Evacuation Pause) 1955M->449M(2612M) 30.738ms
[2023-12-20T09:05:08.077-0800][56458522ms] GC(3697) User=0.11s Sys=0.00s Real=0.03s
[2023-12-20T09:05:08.941-0800][56459386ms] GC(3698) Pause Young (Normal) (G1 Evacuation Pause)
[2023-12-20T09:05:08.941-0800][56459386ms] GC(3698) Using 10 workers of 10 for evacuation
[2023-12-20T09:05:08.973-0800][56459418ms] GC(3698)   Pre Evacuate Collection Set: 0.0ms
[2023-12-20T09:05:08.973-0800][56459418ms] GC(3698)   Evacuate Collection Set: 29.4ms
[2023-12-20T09:05:08.973-0800][56459418ms] GC(3698)   Post Evacuate Collection Set: 2.7ms
[2023-12-20T09:05:08.973-0800][56459418ms] GC(3698)   Other: 0.5ms
[2023-12-20T09:05:08.973-0800][56459418ms] GC(3698) Eden regions: 753->0(754)
[2023-12-20T09:05:08.973-0800][56459418ms] GC(3698) Survivor regions: 30->29(98)
[2023-12-20T09:05:08.973-0800][56459418ms] GC(3698) Old regions: 190->190
[2023-12-20T09:05:08.973-0800][56459418ms] GC(3698) Humongous regions: 5->5
[2023-12-20T09:05:08.973-0800][56459418ms] GC(3698) Metaspace: 256602K->256602K(1294336K)
[2023-12-20T09:05:08.973-0800][56459418ms] GC(3698) Pause Young (Normal) (G1 Evacuation Pause) 1955M->447M(2612M) 32.854ms
[2023-12-20T09:05:08.973-0800][56459418ms] GC(3698) User=0.09s Sys=0.00s Real=0.03s
[2023-12-20T09:05:09.816-0800][56460261ms] GC(3699) Pause Young (Normal) (G1 Evacuation Pause)
[2023-12-20T09:05:09.816-0800][56460261ms] GC(3699) Using 10 workers of 10 for evacuation
[2023-12-20T09:05:09.848-0800][56460293ms] GC(3699)   Pre Evacuate Collection Set: 0.0ms
[2023-12-20T09:05:09.848-0800][56460293ms] GC(3699)   Evacuate Collection Set: 28.7ms
[2023-12-20T09:05:09.848-0800][56460293ms] GC(3699)   Post Evacuate Collection Set: 2.5ms
[2023-12-20T09:05:09.848-0800][56460293ms] GC(3699)   Other: 0.4ms
[2023-12-20T09:05:09.848-0800][56460293ms] GC(3699) Eden regions: 754->0(753)
[2023-12-20T09:05:09.848-0800][56460293ms] GC(3699) Survivor regions: 29->30(98)
[2023-12-20T09:05:09.848-0800][56460293ms] GC(3699) Old regions: 190->190
[2023-12-20T09:05:09.848-0800][56460293ms] GC(3699) Humongous regions: 5->5
[2023-12-20T09:05:09.848-0800][56460293ms] GC(3699) Metaspace: 256602K->256602K(1294336K)
[2023-12-20T09:05:09.848-0800][56460293ms] GC(3699) Pause Young (Normal) (G1 Evacuation Pause) 1955M->448M(2612M) 31.778ms
[2023-12-20T09:05:09.848-0800][56460293ms] GC(3699) User=0.16s Sys=0.00s Real=0.03s
[2023-12-20T09:05:10.766-0800][56461211ms] GC(3700) Pause Young (Normal) (G1 Evacuation Pause)
[2023-12-20T09:05:10.766-0800][56461211ms] GC(3700) Using 10 workers of 10 for evacuation
[2023-12-20T09:05:10.799-0800][56461244ms] GC(3700)   Pre Evacuate Collection Set: 0.1ms
[2023-12-20T09:05:10.799-0800][56461244ms] GC(3700)   Evacuate Collection Set: 29.7ms
[2023-12-20T09:05:10.799-0800][56461244ms] GC(3700)   Post Evacuate Collection Set: 2.4ms
[2023-12-20T09:05:10.799-0800][56461244ms] GC(3700)   Other: 0.4ms
[2023-12-20T09:05:10.799-0800][56461244ms] GC(3700) Eden regions: 753->0(753)
[2023-12-20T09:05:10.799-0800][56461244ms] GC(3700) Survivor regions: 30->30(98)
[2023-12-20T09:05:10.799-0800][56461244ms] GC(3700) Old regions: 190->191
[2023-12-20T09:05:10.799-0800][56461244ms] GC(3700) Humongous regions: 5->5
[2023-12-20T09:05:10.799-0800][56461244ms] GC(3700) Metaspace: 256602K->256602K(1294336K)
[2023-12-20T09:05:10.799-0800][56461244ms] GC(3700) Pause Young (Normal) (G1 Evacuation Pause) 1954M->449M(2612M) 32.634ms
[2023-12-20T09:05:10.799-0800][56461244ms] GC(3700) User=0.11s Sys=0.00s Real=0.03s
[2023-12-20T09:05:11.652-0800][56462097ms] GC(3701) Pause Young (Normal) (G1 Evacuation Pause)
[2023-12-20T09:05:11.652-0800][56462097ms] GC(3701) Using 10 workers of 10 for evacuation
[2023-12-20T09:05:11.684-0800][56462129ms] GC(3701)   Pre Evacuate Collection Set: 0.0ms
[2023-12-20T09:05:11.684-0800][56462129ms] GC(3701)   Evacuate Collection Set: 29.3ms
[2023-12-20T09:05:11.684-0800][56462129ms] GC(3701)   Post Evacuate Collection Set: 2.4ms
[2023-12-20T09:05:11.684-0800][56462129ms] GC(3701)   Other: 0.4ms
[2023-12-20T09:05:11.684-0800][56462129ms] GC(3701) Eden regions: 753->0(753)
[2023-12-20T09:05:11.684-0800][56462129ms] GC(3701) Survivor regions: 30->30(98)
[2023-12-20T09:05:11.684-0800][56462129ms] GC(3701) Old regions: 191->191
[2023-12-20T09:05:11.684-0800][56462129ms] GC(3701) Humongous regions: 5->5
[2023-12-20T09:05:11.684-0800][56462129ms] GC(3701) Metaspace: 256602K->256602K(1294336K)
[2023-12-20T09:05:11.684-0800][56462129ms] GC(3701) Pause Young (Normal) (G1 Evacuation Pause) 1955M->449M(2612M) 32.321ms
[2023-12-20T09:05:11.684-0800][56462129ms] GC(3701) User=0.06s Sys=0.00s Real=0.03s
[2023-12-20T09:05:12.548-0800][56462993ms] GC(3702) Pause Young (Normal) (G1 Evacuation Pause)
[2023-12-20T09:05:12.548-0800][56462993ms] GC(3702) Using 10 workers of 10 for evacuation
[2023-12-20T09:05:12.581-0800][56463026ms] GC(3702)   Pre Evacuate Collection Set: 0.0ms
[2023-12-20T09:05:12.581-0800][56463026ms] GC(3702)   Evacuate Collection Set: 30.2ms
[2023-12-20T09:05:12.581-0800][56463026ms] GC(3702)   Post Evacuate Collection Set: 2.9ms
[2023-12-20T09:05:12.581-0800][56463026ms] GC(3702)   Other: 0.4ms
[2023-12-20T09:05:12.581-0800][56463026ms] GC(3702) Eden regions: 753->0(754)
[2023-12-20T09:05:12.581-0800][56463026ms] GC(3702) Survivor regions: 30->29(98)
[2023-12-20T09:05:12.581-0800][56463026ms] GC(3702) Old regions: 191->191
[2023-12-20T09:05:12.581-0800][56463026ms] GC(3702) Humongous regions: 5->5
[2023-12-20T09:05:12.581-0800][56463026ms] GC(3702) Metaspace: 256602K->256602K(1294336K)
[2023-12-20T09:05:12.581-0800][56463026ms] GC(3702) Pause Young (Normal) (G1 Evacuation Pause) 1955M->447M(2612M) 33.710ms
[2023-12-20T09:05:12.581-0800][56463026ms] GC(3702) User=0.14s Sys=0.00s Real=0.03s
[2023-12-20T09:05:13.450-0800][56463895ms] GC(3703) Pause Young (Normal) (G1 Evacuation Pause)
[2023-12-20T09:05:13.450-0800][56463895ms] GC(3703) Using 10 workers of 10 for evacuation
[2023-12-20T09:05:13.481-0800][56463926ms] GC(3703)   Pre Evacuate Collection Set: 0.0ms
[2023-12-20T09:05:13.482-0800][56463927ms] GC(3703)   Evacuate Collection Set: 28.1ms
[2023-12-20T09:05:13.482-0800][56463927ms] GC(3703)   Post Evacuate Collection Set: 2.3ms
[2023-12-20T09:05:13.482-0800][56463927ms] GC(3703)   Other: 0.4ms
[2023-12-20T09:05:13.482-0800][56463927ms] GC(3703) Eden regions: 754->0(753)
[2023-12-20T09:05:13.482-0800][56463927ms] GC(3703) Survivor regions: 29->30(98)
[2023-12-20T09:05:13.482-0800][56463927ms] GC(3703) Old regions: 191->191
[2023-12-20T09:05:13.482-0800][56463927ms] GC(3703) Humongous regions: 5->5
[2023-12-20T09:05:13.482-0800][56463927ms] GC(3703) Metaspace: 256602K->256602K(1294336K)
[2023-12-20T09:05:13.482-0800][56463927ms] GC(3703) Pause Young (Normal) (G1 Evacuation Pause) 1955M->449M(2612M) 30.986ms
[2023-12-20T09:05:13.482-0800][56463927ms] GC(3703) User=0.11s Sys=0.00s Real=0.03s
[2023-12-20T09:05:14.318-0800][56464763ms] GC(3704) Pause Young (Normal) (G1 Evacuation Pause)
[2023-12-20T09:05:14.318-0800][56464763ms] GC(3704) Using 10 workers of 10 for evacuation
[2023-12-20T09:05:14.352-0800][56464797ms] GC(3704)   Pre Evacuate Collection Set: 0.0ms
[2023-12-20T09:05:14.352-0800][56464797ms] GC(3704)   Evacuate Collection Set: 29.8ms
[2023-12-20T09:05:14.352-0800][56464797ms] GC(3704)   Post Evacuate Collection Set: 3.0ms
[2023-12-20T09:05:14.352-0800][56464797ms] GC(3704)   Other: 0.4ms
[2023-12-20T09:05:14.352-0800][56464797ms] GC(3704) Eden regions: 753->0(753)
[2023-12-20T09:05:14.352-0800][56464797ms] GC(3704) Survivor regions: 30->30(98)
[2023-12-20T09:05:14.352-0800][56464797ms] GC(3704) Old regions: 191->191
[2023-12-20T09:05:14.352-0800][56464797ms] GC(3704) Humongous regions: 5->5
[2023-12-20T09:05:14.352-0800][56464797ms] GC(3704) Metaspace: 256602K->256602K(1294336K)
[2023-12-20T09:05:14.352-0800][56464797ms] GC(3704) Pause Young (Normal) (G1 Evacuation Pause) 1955M->449M(2612M) 33.334ms
[2023-12-20T09:05:14.352-0800][56464797ms] GC(3704) User=0.23s Sys=0.00s Real=0.03s
[2023-12-20T09:05:15.288-0800][56465733ms] GC(3705) Pause Young (Normal) (G1 Evacuation Pause)
[2023-12-20T09:05:15.289-0800][56465734ms] GC(3705) Using 10 workers of 10 for evacuation
[2023-12-20T09:05:15.321-0800][56465766ms] GC(3705)   Pre Evacuate Collection Set: 0.0ms
[2023-12-20T09:05:15.321-0800][56465766ms] GC(3705)   Evacuate Collection Set: 29.7ms
[2023-12-20T09:05:15.321-0800][56465766ms] GC(3705)   Post Evacuate Collection Set: 2.3ms
[2023-12-20T09:05:15.321-0800][56465766ms] GC(3705)   Other: 0.4ms
[2023-12-20T09:05:15.321-0800][56465766ms] GC(3705) Eden regions: 753->0(754)
[2023-12-20T09:05:15.321-0800][56465766ms] GC(3705) Survivor regions: 30->29(98)
[2023-12-20T09:05:15.321-0800][56465766ms] GC(3705) Old regions: 191->191
[2023-12-20T09:05:15.321-0800][56465766ms] GC(3705) Humongous regions: 5->5
[2023-12-20T09:05:15.321-0800][56465766ms] GC(3705) Metaspace: 256602K->256602K(1294336K)
[2023-12-20T09:05:15.322-0800][56465767ms] GC(3705) Pause Young (Normal) (G1 Evacuation Pause) 1955M->448M(2612M) 32.659ms
[2023-12-20T09:05:15.322-0800][56465767ms] GC(3705) User=0.02s Sys=0.00s Real=0.03s
[2023-12-20T09:05:16.420-0800][56466865ms] GC(3706) Pause Young (Normal) (G1 Evacuation Pause)
[2023-12-20T09:05:16.420-0800][56466865ms] GC(3706) Using 10 workers of 10 for evacuation
[2023-12-20T09:05:16.456-0800][56466901ms] GC(3706)   Pre Evacuate Collection Set: 0.0ms
[2023-12-20T09:05:16.456-0800][56466901ms] GC(3706)   Evacuate Collection Set: 32.1ms
[2023-12-20T09:05:16.458-0800][56466903ms] GC(3706)   Post Evacuate Collection Set: 3.9ms
[2023-12-20T09:05:16.458-0800][56466903ms] GC(3706)   Other: 0.4ms
[2023-12-20T09:05:16.458-0800][56466903ms] GC(3706) Eden regions: 754->0(754)
[2023-12-20T09:05:16.458-0800][56466903ms] GC(3706) Survivor regions: 29->29(98)
[2023-12-20T09:05:16.458-0800][56466903ms] GC(3706) Old regions: 191->191
[2023-12-20T09:05:16.458-0800][56466903ms] GC(3706) Humongous regions: 5->5
[2023-12-20T09:05:16.458-0800][56466903ms] GC(3706) Metaspace: 256602K->256602K(1294336K)
[2023-12-20T09:05:16.458-0800][56466903ms] GC(3706) Pause Young (Normal) (G1 Evacuation Pause) 1956M->447M(2612M) 36.617ms
[2023-12-20T09:05:16.458-0800][56466903ms] GC(3706) User=0.13s Sys=0.00s Real=0.04s
[2023-12-20T09:05:17.618-0800][56468063ms] GC(3707) Pause Young (Normal) (G1 Evacuation Pause)
[2023-12-20T09:05:17.618-0800][56468063ms] GC(3707) Using 10 workers of 10 for evacuation
[2023-12-20T09:05:17.651-0800][56468096ms] GC(3707)   Pre Evacuate Collection Set: 0.0ms
[2023-12-20T09:05:17.651-0800][56468096ms] GC(3707)   Evacuate Collection Set: 29.2ms
[2023-12-20T09:05:17.651-0800][56468096ms] GC(3707)   Post Evacuate Collection Set: 2.9ms
[2023-12-20T09:05:17.651-0800][56468096ms] GC(3707)   Other: 0.6ms
[2023-12-20T09:05:17.651-0800][56468096ms] GC(3707) Eden regions: 754->0(753)
[2023-12-20T09:05:17.651-0800][56468096ms] GC(3707) Survivor regions: 29->30(98)
[2023-12-20T09:05:17.651-0800][56468096ms] GC(3707) Old regions: 191->191
[2023-12-20T09:05:17.651-0800][56468096ms] GC(3707) Humongous regions: 5->5
[2023-12-20T09:05:17.651-0800][56468096ms] GC(3707) Metaspace: 256602K->256602K(1294336K)
[2023-12-20T09:05:17.651-0800][56468096ms] GC(3707) Pause Young (Normal) (G1 Evacuation Pause) 1955M->449M(2612M) 32.893ms
[2023-12-20T09:05:17.651-0800][56468096ms] GC(3707) User=0.11s Sys=0.00s Real=0.03s
[2023-12-20T09:05:18.648-0800][56469093ms] GC(3708) Pause Young (Normal) (G1 Evacuation Pause)
[2023-12-20T09:05:18.648-0800][56469093ms] GC(3708) Using 10 workers of 10 for evacuation
[2023-12-20T09:05:18.682-0800][56469127ms] GC(3708)   Pre Evacuate Collection Set: 0.0ms
[2023-12-20T09:05:18.683-0800][56469128ms] GC(3708)   Evacuate Collection Set: 29.9ms
[2023-12-20T09:05:18.683-0800][56469128ms] GC(3708)   Post Evacuate Collection Set: 3.8ms
[2023-12-20T09:05:18.683-0800][56469128ms] GC(3708)   Other: 0.4ms
[2023-12-20T09:05:18.683-0800][56469128ms] GC(3708) Eden regions: 753->0(754)
[2023-12-20T09:05:18.683-0800][56469128ms] GC(3708) Survivor regions: 30->29(98)
[2023-12-20T09:05:18.683-0800][56469128ms] GC(3708) Old regions: 191->191
[2023-12-20T09:05:18.683-0800][56469128ms] GC(3708) Humongous regions: 5->5
[2023-12-20T09:05:18.683-0800][56469128ms] GC(3708) Metaspace: 256602K->256602K(1294336K)
[2023-12-20T09:05:18.683-0800][56469128ms] GC(3708) Pause Young (Normal) (G1 Evacuation Pause) 1955M->448M(2612M) 34.344ms
[2023-12-20T09:05:18.683-0800][56469128ms] GC(3708) User=0.09s Sys=0.00s Real=0.04s
[2023-12-20T09:05:19.708-0800][56470153ms] GC(3709) Pause Young (Normal) (G1 Evacuation Pause)
[2023-12-20T09:05:19.708-0800][56470153ms] GC(3709) Using 10 workers of 10 for evacuation
[2023-12-20T09:05:19.748-0800][56470193ms] GC(3709)   Pre Evacuate Collection Set: 0.1ms
[2023-12-20T09:05:19.748-0800][56470193ms] GC(3709)   Evacuate Collection Set: 35.2ms
[2023-12-20T09:05:19.748-0800][56470193ms] GC(3709)   Post Evacuate Collection Set: 3.6ms
[2023-12-20T09:05:19.748-0800][56470193ms] GC(3709)   Other: 0.4ms
[2023-12-20T09:05:19.748-0800][56470193ms] GC(3709) Eden regions: 754->0(753)
[2023-12-20T09:05:19.748-0800][56470193ms] GC(3709) Survivor regions: 29->30(98)
[2023-12-20T09:05:19.748-0800][56470193ms] GC(3709) Old regions: 191->191
[2023-12-20T09:05:19.748-0800][56470193ms] GC(3709) Humongous regions: 5->5
[2023-12-20T09:05:19.748-0800][56470193ms] GC(3709) Metaspace: 256602K->256602K(1294336K)
[2023-12-20T09:05:19.748-0800][56470193ms] GC(3709) Pause Young (Normal) (G1 Evacuation Pause) 1956M->449M(2612M) 39.470ms
[2023-12-20T09:05:19.748-0800][56470193ms] GC(3709) User=0.23s Sys=0.00s Real=0.04s
[2023-12-20T09:05:20.816-0800][56471261ms] GC(3710) Pause Young (Normal) (G1 Evacuation Pause)
[2023-12-20T09:05:20.816-0800][56471261ms] GC(3710) Using 10 workers of 10 for evacuation
[2023-12-20T09:05:20.851-0800][56471296ms] GC(3710)   Pre Evacuate Collection Set: 0.1ms
[2023-12-20T09:05:20.851-0800][56471296ms] GC(3710)   Evacuate Collection Set: 30.3ms
[2023-12-20T09:05:20.851-0800][56471296ms] GC(3710)   Post Evacuate Collection Set: 3.6ms
[2023-12-20T09:05:20.851-0800][56471296ms] GC(3710)   Other: 0.5ms
[2023-12-20T09:05:20.851-0800][56471296ms] GC(3710) Eden regions: 753->0(753)
[2023-12-20T09:05:20.851-0800][56471296ms] GC(3710) Survivor regions: 30->30(98)
[2023-12-20T09:05:20.851-0800][56471296ms] GC(3710) Old regions: 191->191
[2023-12-20T09:05:20.851-0800][56471296ms] GC(3710) Humongous regions: 5->5
[2023-12-20T09:05:20.851-0800][56471296ms] GC(3710) Metaspace: 256602K->256602K(1294336K)
[2023-12-20T09:05:20.851-0800][56471296ms] GC(3710) Pause Young (Normal) (G1 Evacuation Pause) 1955M->449M(2612M) 34.598ms
[2023-12-20T09:05:20.851-0800][56471296ms] GC(3710) User=0.14s Sys=0.02s Real=0.04s
[2023-12-20T09:05:22.209-0800][56472654ms] GC(3711) Pause Young (Normal) (G1 Evacuation Pause)
[2023-12-20T09:05:22.209-0800][56472654ms] GC(3711) Using 10 workers of 10 for evacuation
[2023-12-20T09:05:22.247-0800][56472692ms] GC(3711)   Pre Evacuate Collection Set: 0.0ms
[2023-12-20T09:05:22.247-0800][56472692ms] GC(3711)   Evacuate Collection Set: 32.4ms
[2023-12-20T09:05:22.247-0800][56472692ms] GC(3711)   Post Evacuate Collection Set: 4.6ms
[2023-12-20T09:05:22.247-0800][56472692ms] GC(3711)   Other: 0.5ms
[2023-12-20T09:05:22.247-0800][56472692ms] GC(3711) Eden regions: 753->0(753)
[2023-12-20T09:05:22.247-0800][56472692ms] GC(3711) Survivor regions: 30->30(98)
[2023-12-20T09:05:22.247-0800][56472692ms] GC(3711) Old regions: 191->191
[2023-12-20T09:05:22.247-0800][56472692ms] GC(3711) Humongous regions: 5->5
[2023-12-20T09:05:22.247-0800][56472692ms] GC(3711) Metaspace: 256602K->256602K(1294336K)
[2023-12-20T09:05:22.247-0800][56472692ms] GC(3711) Pause Young (Normal) (G1 Evacuation Pause) 1955M->449M(2612M) 37.800ms
[2023-12-20T09:05:22.247-0800][56472692ms] GC(3711) User=0.20s Sys=0.00s Real=0.04s
[2023-12-20T09:05:23.727-0800][56474172ms] GC(3712) Pause Young (Normal) (G1 Evacuation Pause)
[2023-12-20T09:05:23.727-0800][56474172ms] GC(3712) Using 10 workers of 10 for evacuation
[2023-12-20T09:05:23.762-0800][56474207ms] GC(3712)   Pre Evacuate Collection Set: 0.1ms
[2023-12-20T09:05:23.762-0800][56474207ms] GC(3712)   Evacuate Collection Set: 32.0ms
[2023-12-20T09:05:23.762-0800][56474207ms] GC(3712)   Post Evacuate Collection Set: 3.2ms
[2023-12-20T09:05:23.764-0800][56474209ms] GC(3712)   Other: 0.5ms
[2023-12-20T09:05:23.764-0800][56474209ms] GC(3712) Eden regions: 753->0(754)
[2023-12-20T09:05:23.764-0800][56474209ms] GC(3712) Survivor regions: 30->29(98)
[2023-12-20T09:05:23.764-0800][56474209ms] GC(3712) Old regions: 191->191
[2023-12-20T09:05:23.764-0800][56474209ms] GC(3712) Humongous regions: 5->5
[2023-12-20T09:05:23.764-0800][56474209ms] GC(3712) Metaspace: 256602K->256602K(1294336K)
[2023-12-20T09:05:23.764-0800][56474209ms] GC(3712) Pause Young (Normal) (G1 Evacuation Pause) 1955M->448M(2612M) 35.965ms
[2023-12-20T09:05:23.764-0800][56474209ms] GC(3712) User=0.17s Sys=0.00s Real=0.04s
[2023-12-20T09:05:25.316-0800][56475761ms] GC(3713) Pause Young (Normal) (G1 Evacuation Pause)
[2023-12-20T09:05:25.316-0800][56475761ms] GC(3713) Using 10 workers of 10 for evacuation
[2023-12-20T09:05:25.349-0800][56475794ms] GC(3713)   Pre Evacuate Collection Set: 0.1ms
[2023-12-20T09:05:25.349-0800][56475794ms] GC(3713)   Evacuate Collection Set: 29.7ms
[2023-12-20T09:05:25.349-0800][56475794ms] GC(3713)   Post Evacuate Collection Set: 4.1ms
[2023-12-20T09:05:25.349-0800][56475794ms] GC(3713)   Other: 0.6ms
[2023-12-20T09:05:25.349-0800][56475794ms] GC(3713) Eden regions: 754->0(754)
[2023-12-20T09:05:25.349-0800][56475794ms] GC(3713) Survivor regions: 29->29(98)
[2023-12-20T09:05:25.349-0800][56475794ms] GC(3713) Old regions: 191->191
[2023-12-20T09:05:25.349-0800][56475794ms] GC(3713) Humongous regions: 5->5
[2023-12-20T09:05:25.349-0800][56475794ms] GC(3713) Metaspace: 256602K->256602K(1294336K)
[2023-12-20T09:05:25.349-0800][56475794ms] GC(3713) Pause Young (Normal) (G1 Evacuation Pause) 1956M->448M(2612M) 34.520ms
[2023-12-20T09:05:25.349-0800][56475794ms] GC(3713) User=0.17s Sys=0.00s Real=0.03s
[2023-12-20T09:05:26.437-0800][56476882ms] GC(3714) Pause Young (Normal) (G1 Evacuation Pause)
[2023-12-20T09:05:26.437-0800][56476882ms] GC(3714) Using 10 workers of 10 for evacuation
[2023-12-20T09:05:26.477-0800][56476922ms] GC(3714)   Pre Evacuate Collection Set: 0.1ms
[2023-12-20T09:05:26.477-0800][56476922ms] GC(3714)   Evacuate Collection Set: 33.9ms
[2023-12-20T09:05:26.477-0800][56476922ms] GC(3714)   Post Evacuate Collection Set: 4.6ms
[2023-12-20T09:05:26.477-0800][56476922ms] GC(3714)   Other: 0.5ms
[2023-12-20T09:05:26.477-0800][56476922ms] GC(3714) Eden regions: 754->0(754)
[2023-12-20T09:05:26.477-0800][56476922ms] GC(3714) Survivor regions: 29->29(98)
[2023-12-20T09:05:26.477-0800][56476922ms] GC(3714) Old regions: 191->191
[2023-12-20T09:05:26.477-0800][56476922ms] GC(3714) Humongous regions: 5->5
[2023-12-20T09:05:26.477-0800][56476922ms] GC(3714) Metaspace: 256602K->256602K(1294336K)
[2023-12-20T09:05:26.477-0800][56476922ms] GC(3714) Pause Young (Normal) (G1 Evacuation Pause) 1956M->448M(2612M) 39.261ms
[2023-12-20T09:05:26.477-0800][56476922ms] GC(3714) User=0.25s Sys=0.00s Real=0.04s
[2023-12-20T09:05:27.463-0800][56477908ms] GC(3715) Pause Young (Normal) (G1 Evacuation Pause)
[2023-12-20T09:05:27.463-0800][56477908ms] GC(3715) Using 10 workers of 10 for evacuation
[2023-12-20T09:05:27.499-0800][56477944ms] GC(3715)   Pre Evacuate Collection Set: 0.0ms
[2023-12-20T09:05:27.499-0800][56477944ms] GC(3715)   Evacuate Collection Set: 31.5ms
[2023-12-20T09:05:27.499-0800][56477944ms] GC(3715)   Post Evacuate Collection Set: 3.9ms
[2023-12-20T09:05:27.499-0800][56477944ms] GC(3715)   Other: 0.4ms
[2023-12-20T09:05:27.499-0800][56477944ms] GC(3715) Eden regions: 754->0(754)
[2023-12-20T09:05:27.499-0800][56477944ms] GC(3715) Survivor regions: 29->29(98)
[2023-12-20T09:05:27.499-0800][56477944ms] GC(3715) Old regions: 191->191
[2023-12-20T09:05:27.499-0800][56477944ms] GC(3715) Humongous regions: 5->5
[2023-12-20T09:05:27.499-0800][56477944ms] GC(3715) Metaspace: 256602K->256602K(1294336K)
[2023-12-20T09:05:27.499-0800][56477944ms] GC(3715) Pause Young (Normal) (G1 Evacuation Pause) 1956M->448M(2612M) 36.018ms
[2023-12-20T09:05:27.499-0800][56477944ms] GC(3715) User=0.13s Sys=0.00s Real=0.04s
[2023-12-20T09:05:28.578-0800][56479023ms] GC(3716) Pause Young (Normal) (G1 Evacuation Pause)
[2023-12-20T09:05:28.578-0800][56479023ms] GC(3716) Using 10 workers of 10 for evacuation
[2023-12-20T09:05:28.609-0800][56479054ms] GC(3716)   Pre Evacuate Collection Set: 0.0ms
[2023-12-20T09:05:28.609-0800][56479054ms] GC(3716)   Evacuate Collection Set: 28.7ms
[2023-12-20T09:05:28.609-0800][56479054ms] GC(3716)   Post Evacuate Collection Set: 2.4ms
[2023-12-20T09:05:28.609-0800][56479054ms] GC(3716)   Other: 0.4ms
[2023-12-20T09:05:28.609-0800][56479054ms] GC(3716) Eden regions: 754->0(753)
[2023-12-20T09:05:28.609-0800][56479054ms] GC(3716) Survivor regions: 29->30(98)
[2023-12-20T09:05:28.609-0800][56479054ms] GC(3716) Old regions: 191->191
[2023-12-20T09:05:28.609-0800][56479054ms] GC(3716) Humongous regions: 5->5
[2023-12-20T09:05:28.609-0800][56479054ms] GC(3716) Metaspace: 256602K->256602K(1294336K)
[2023-12-20T09:05:28.609-0800][56479054ms] GC(3716) Pause Young (Normal) (G1 Evacuation Pause) 1956M->450M(2612M) 31.726ms
[2023-12-20T09:05:28.609-0800][56479054ms] GC(3716) User=0.09s Sys=0.00s Real=0.03s
[2023-12-20T09:05:29.688-0800][56480133ms] GC(3717) Pause Young (Normal) (G1 Evacuation Pause)
[2023-12-20T09:05:29.688-0800][56480133ms] GC(3717) Using 10 workers of 10 for evacuation
[2023-12-20T09:05:29.722-0800][56480167ms] GC(3717)   Pre Evacuate Collection Set: 0.1ms
[2023-12-20T09:05:29.722-0800][56480167ms] GC(3717)   Evacuate Collection Set: 30.1ms
[2023-12-20T09:05:29.722-0800][56480167ms] GC(3717)   Post Evacuate Collection Set: 3.9ms
[2023-12-20T09:05:29.722-0800][56480167ms] GC(3717)   Other: 0.5ms
[2023-12-20T09:05:29.722-0800][56480167ms] GC(3717) Eden regions: 753->0(752)
[2023-12-20T09:05:29.722-0800][56480167ms] GC(3717) Survivor regions: 30->31(98)
[2023-12-20T09:05:29.722-0800][56480167ms] GC(3717) Old regions: 191->191
[2023-12-20T09:05:29.723-0800][56480168ms] GC(3717) Humongous regions: 5->5
[2023-12-20T09:05:29.723-0800][56480168ms] GC(3717) Metaspace: 256602K->256602K(1294336K)
[2023-12-20T09:05:29.723-0800][56480168ms] GC(3717) Pause Young (Normal) (G1 Evacuation Pause) 1956M->451M(2612M) 34.771ms
[2023-12-20T09:05:29.723-0800][56480168ms] GC(3717) User=0.16s Sys=0.00s Real=0.04s
[2023-12-20T09:05:30.837-0800][56481282ms] GC(3718) Pause Young (Normal) (G1 Evacuation Pause)
[2023-12-20T09:05:30.837-0800][56481282ms] GC(3718) Using 10 workers of 10 for evacuation
[2023-12-20T09:05:30.867-0800][56481312ms] GC(3718)   Pre Evacuate Collection Set: 0.0ms
[2023-12-20T09:05:30.867-0800][56481312ms] GC(3718)   Evacuate Collection Set: 28.0ms
[2023-12-20T09:05:30.867-0800][56481312ms] GC(3718)   Post Evacuate Collection Set: 3.0ms
[2023-12-20T09:05:30.867-0800][56481312ms] GC(3718)   Other: 0.4ms
[2023-12-20T09:05:30.867-0800][56481312ms] GC(3718) Eden regions: 752->0(753)
[2023-12-20T09:05:30.867-0800][56481312ms] GC(3718) Survivor regions: 31->30(98)
[2023-12-20T09:05:30.867-0800][56481312ms] GC(3718) Old regions: 191->191
[2023-12-20T09:05:30.868-0800][56481313ms] GC(3718) Humongous regions: 5->5
[2023-12-20T09:05:30.868-0800][56481313ms] GC(3718) Metaspace: 256602K->256602K(1294336K)
[2023-12-20T09:05:30.868-0800][56481313ms] GC(3718) Pause Young (Normal) (G1 Evacuation Pause) 1955M->450M(2612M) 31.563ms
[2023-12-20T09:05:30.868-0800][56481313ms] GC(3718) User=0.11s Sys=0.00s Real=0.03s
[2023-12-20T09:05:31.867-0800][56482312ms] GC(3719) Pause Young (Normal) (G1 Evacuation Pause)
[2023-12-20T09:05:31.867-0800][56482312ms] GC(3719) Using 10 workers of 10 for evacuation
[2023-12-20T09:05:31.898-0800][56482343ms] GC(3719)   Pre Evacuate Collection Set: 0.1ms
[2023-12-20T09:05:31.898-0800][56482343ms] GC(3719)   Evacuate Collection Set: 28.0ms
[2023-12-20T09:05:31.898-0800][56482343ms] GC(3719)   Post Evacuate Collection Set: 2.5ms
[2023-12-20T09:05:31.898-0800][56482343ms] GC(3719)   Other: 0.5ms
[2023-12-20T09:05:31.898-0800][56482343ms] GC(3719) Eden regions: 753->0(752)
[2023-12-20T09:05:31.898-0800][56482343ms] GC(3719) Survivor regions: 30->31(98)
[2023-12-20T09:05:31.898-0800][56482343ms] GC(3719) Old regions: 191->191
[2023-12-20T09:05:31.898-0800][56482343ms] GC(3719) Humongous regions: 5->5
[2023-12-20T09:05:31.898-0800][56482343ms] GC(3719) Metaspace: 256602K->256602K(1294336K)
[2023-12-20T09:05:31.898-0800][56482343ms] GC(3719) Pause Young (Normal) (G1 Evacuation Pause) 1956M->451M(2612M) 31.053ms
[2023-12-20T09:05:31.898-0800][56482343ms] GC(3719) User=0.08s Sys=0.00s Real=0.03s
[2023-12-20T09:05:32.842-0800][56483287ms] GC(3720) Pause Young (Normal) (G1 Evacuation Pause)
[2023-12-20T09:05:32.842-0800][56483287ms] GC(3720) Using 10 workers of 10 for evacuation
[2023-12-20T09:05:32.876-0800][56483321ms] GC(3720)   Pre Evacuate Collection Set: 0.1ms
[2023-12-20T09:05:32.876-0800][56483321ms] GC(3720)   Evacuate Collection Set: 29.4ms
[2023-12-20T09:05:32.876-0800][56483321ms] GC(3720)   Post Evacuate Collection Set: 3.9ms
[2023-12-20T09:05:32.876-0800][56483321ms] GC(3720)   Other: 0.5ms
[2023-12-20T09:05:32.876-0800][56483321ms] GC(3720) Eden regions: 752->0(753)
[2023-12-20T09:05:32.876-0800][56483321ms] GC(3720) Survivor regions: 31->30(98)
[2023-12-20T09:05:32.876-0800][56483321ms] GC(3720) Old regions: 191->191
[2023-12-20T09:05:32.876-0800][56483321ms] GC(3720) Humongous regions: 5->5
[2023-12-20T09:05:32.876-0800][56483321ms] GC(3720) Metaspace: 256602K->256602K(1294336K)
[2023-12-20T09:05:32.876-0800][56483321ms] GC(3720) Pause Young (Normal) (G1 Evacuation Pause) 1955M->450M(2612M) 34.002ms
[2023-12-20T09:05:32.876-0800][56483321ms] GC(3720) User=0.30s Sys=0.00s Real=0.03s
[2023-12-20T09:05:33.700-0800][56484145ms] GC(3721) Pause Young (Normal) (G1 Evacuation Pause)
[2023-12-20T09:05:33.700-0800][56484145ms] GC(3721) Using 10 workers of 10 for evacuation
[2023-12-20T09:05:33.732-0800][56484177ms] GC(3721)   Pre Evacuate Collection Set: 0.1ms
[2023-12-20T09:05:33.732-0800][56484177ms] GC(3721)   Evacuate Collection Set: 28.3ms
[2023-12-20T09:05:33.732-0800][56484177ms] GC(3721)   Post Evacuate Collection Set: 3.3ms
[2023-12-20T09:05:33.732-0800][56484177ms] GC(3721)   Other: 0.5ms
[2023-12-20T09:05:33.732-0800][56484177ms] GC(3721) Eden regions: 753->0(753)
[2023-12-20T09:05:33.732-0800][56484177ms] GC(3721) Survivor regions: 30->30(98)
[2023-12-20T09:05:33.732-0800][56484177ms] GC(3721) Old regions: 191->191
[2023-12-20T09:05:33.732-0800][56484177ms] GC(3721) Humongous regions: 5->5
[2023-12-20T09:05:33.732-0800][56484177ms] GC(3721) Metaspace: 256602K->256602K(1294336K)
[2023-12-20T09:05:33.733-0800][56484178ms] GC(3721) Pause Young (Normal) (G1 Evacuation Pause) 1956M->450M(2612M) 32.359ms
[2023-12-20T09:05:33.733-0800][56484178ms] GC(3721) User=0.14s Sys=0.00s Real=0.03s
[2023-12-20T09:05:34.528-0800][56484973ms] GC(3722) Pause Young (Normal) (G1 Evacuation Pause)
[2023-12-20T09:05:34.528-0800][56484973ms] GC(3722) Using 10 workers of 10 for evacuation
[2023-12-20T09:05:34.560-0800][56485005ms] GC(3722)   Pre Evacuate Collection Set: 0.0ms
[2023-12-20T09:05:34.560-0800][56485005ms] GC(3722)   Evacuate Collection Set: 29.0ms
[2023-12-20T09:05:34.560-0800][56485005ms] GC(3722)   Post Evacuate Collection Set: 3.1ms
[2023-12-20T09:05:34.560-0800][56485005ms] GC(3722)   Other: 0.4ms
[2023-12-20T09:05:34.560-0800][56485005ms] GC(3722) Eden regions: 753->0(753)
[2023-12-20T09:05:34.560-0800][56485005ms] GC(3722) Survivor regions: 30->30(98)
[2023-12-20T09:05:34.560-0800][56485005ms] GC(3722) Old regions: 191->191
[2023-12-20T09:05:34.560-0800][56485005ms] GC(3722) Humongous regions: 5->5
[2023-12-20T09:05:34.560-0800][56485005ms] GC(3722) Metaspace: 256602K->256602K(1294336K)
[2023-12-20T09:05:34.560-0800][56485005ms] GC(3722) Pause Young (Normal) (G1 Evacuation Pause) 1956M->450M(2612M) 32.729ms
[2023-12-20T09:05:34.560-0800][56485005ms] GC(3722) User=0.11s Sys=0.00s Real=0.03s
[2023-12-20T09:05:35.311-0800][56485756ms] GC(3723) Pause Young (Normal) (GCLocker Initiated GC)
[2023-12-20T09:05:35.311-0800][56485756ms] GC(3723) Using 10 workers of 10 for evacuation
[2023-12-20T09:05:35.341-0800][56485786ms] GC(3723)   Pre Evacuate Collection Set: 0.0ms
[2023-12-20T09:05:35.341-0800][56485786ms] GC(3723)   Evacuate Collection Set: 27.6ms
[2023-12-20T09:05:35.341-0800][56485786ms] GC(3723)   Post Evacuate Collection Set: 2.8ms
[2023-12-20T09:05:35.341-0800][56485786ms] GC(3723)   Other: 0.4ms
[2023-12-20T09:05:35.341-0800][56485786ms] GC(3723) Eden regions: 754->0(752)
[2023-12-20T09:05:35.341-0800][56485786ms] GC(3723) Survivor regions: 30->31(98)
[2023-12-20T09:05:35.341-0800][56485786ms] GC(3723) Old regions: 191->191
[2023-12-20T09:05:35.341-0800][56485786ms] GC(3723) Humongous regions: 5->5
[2023-12-20T09:05:35.341-0800][56485786ms] GC(3723) Metaspace: 256602K->256602K(1294336K)
[2023-12-20T09:05:35.341-0800][56485786ms] GC(3723) Pause Young (Normal) (GCLocker Initiated GC) 1957M->451M(2612M) 31.035ms
[2023-12-20T09:05:35.341-0800][56485786ms] GC(3723) User=0.16s Sys=0.00s Real=0.03s
[2023-12-20T09:05:36.287-0800][56486732ms] GC(3724) Pause Young (Normal) (GCLocker Initiated GC)
[2023-12-20T09:05:36.287-0800][56486732ms] GC(3724) Using 10 workers of 10 for evacuation
[2023-12-20T09:05:36.319-0800][56486764ms] GC(3724)   Pre Evacuate Collection Set: 0.1ms
[2023-12-20T09:05:36.319-0800][56486764ms] GC(3724)   Evacuate Collection Set: 28.0ms
[2023-12-20T09:05:36.319-0800][56486764ms] GC(3724)   Post Evacuate Collection Set: 2.8ms
[2023-12-20T09:05:36.319-0800][56486764ms] GC(3724)   Other: 0.5ms
[2023-12-20T09:05:36.319-0800][56486764ms] GC(3724) Eden regions: 753->0(753)
[2023-12-20T09:05:36.319-0800][56486764ms] GC(3724) Survivor regions: 31->30(98)
[2023-12-20T09:05:36.319-0800][56486764ms] GC(3724) Old regions: 191->191
[2023-12-20T09:05:36.319-0800][56486764ms] GC(3724) Humongous regions: 5->5
[2023-12-20T09:05:36.319-0800][56486764ms] GC(3724) Metaspace: 256602K->256602K(1294336K)
[2023-12-20T09:05:36.319-0800][56486764ms] GC(3724) Pause Young (Normal) (GCLocker Initiated GC) 1956M->450M(2612M) 31.454ms
[2023-12-20T09:05:36.319-0800][56486764ms] GC(3724) User=0.25s Sys=0.00s Real=0.03s
[2023-12-20T09:05:37.264-0800][56487709ms] GC(3725) Pause Young (Normal) (GCLocker Initiated GC)
[2023-12-20T09:05:37.264-0800][56487709ms] GC(3725) Using 10 workers of 10 for evacuation
[2023-12-20T09:05:37.296-0800][56487741ms] GC(3725)   Pre Evacuate Collection Set: 0.1ms
[2023-12-20T09:05:37.296-0800][56487741ms] GC(3725)   Evacuate Collection Set: 28.8ms
[2023-12-20T09:05:37.296-0800][56487741ms] GC(3725)   Post Evacuate Collection Set: 2.7ms
[2023-12-20T09:05:37.296-0800][56487741ms] GC(3725)   Other: 0.5ms
[2023-12-20T09:05:37.296-0800][56487741ms] GC(3725) Eden regions: 754->0(752)
[2023-12-20T09:05:37.296-0800][56487741ms] GC(3725) Survivor regions: 30->31(98)
[2023-12-20T09:05:37.296-0800][56487741ms] GC(3725) Old regions: 191->191
[2023-12-20T09:05:37.296-0800][56487741ms] GC(3725) Humongous regions: 5->5
[2023-12-20T09:05:37.296-0800][56487741ms] GC(3725) Metaspace: 256602K->256602K(1294336K)
[2023-12-20T09:05:37.296-0800][56487741ms] GC(3725) Pause Young (Normal) (GCLocker Initiated GC) 1956M->451M(2612M) 32.169ms
[2023-12-20T09:05:37.296-0800][56487741ms] GC(3725) User=0.11s Sys=0.00s Real=0.03s
[2023-12-20T09:05:38.199-0800][56488644ms] GC(3726) Pause Young (Normal) (G1 Evacuation Pause)
[2023-12-20T09:05:38.199-0800][56488644ms] GC(3726) Using 10 workers of 10 for evacuation
[2023-12-20T09:05:38.232-0800][56488677ms] GC(3726)   Pre Evacuate Collection Set: 0.1ms
[2023-12-20T09:05:38.232-0800][56488677ms] GC(3726)   Evacuate Collection Set: 28.7ms
[2023-12-20T09:05:38.232-0800][56488677ms] GC(3726)   Post Evacuate Collection Set: 3.1ms
[2023-12-20T09:05:38.232-0800][56488677ms] GC(3726)   Other: 0.6ms
[2023-12-20T09:05:38.232-0800][56488677ms] GC(3726) Eden regions: 752->0(753)
[2023-12-20T09:05:38.232-0800][56488677ms] GC(3726) Survivor regions: 31->30(98)
[2023-12-20T09:05:38.232-0800][56488677ms] GC(3726) Old regions: 191->191
[2023-12-20T09:05:38.232-0800][56488677ms] GC(3726) Humongous regions: 5->5
[2023-12-20T09:05:38.232-0800][56488677ms] GC(3726) Metaspace: 256602K->256602K(1294336K)
[2023-12-20T09:05:38.232-0800][56488677ms] GC(3726) Pause Young (Normal) (G1 Evacuation Pause) 1955M->450M(2612M) 32.637ms
[2023-12-20T09:05:38.232-0800][56488677ms] GC(3726) User=0.08s Sys=0.02s Real=0.03s
[2023-12-20T09:05:39.397-0800][56489842ms] GC(3727) Pause Young (Normal) (G1 Evacuation Pause)
[2023-12-20T09:05:39.397-0800][56489842ms] GC(3727) Using 10 workers of 10 for evacuation
[2023-12-20T09:05:39.428-0800][56489873ms] GC(3727)   Pre Evacuate Collection Set: 0.0ms
[2023-12-20T09:05:39.428-0800][56489873ms] GC(3727)   Evacuate Collection Set: 28.0ms
[2023-12-20T09:05:39.428-0800][56489873ms] GC(3727)   Post Evacuate Collection Set: 2.6ms
[2023-12-20T09:05:39.428-0800][56489873ms] GC(3727)   Other: 0.4ms
[2023-12-20T09:05:39.428-0800][56489873ms] GC(3727) Eden regions: 753->0(753)
[2023-12-20T09:05:39.428-0800][56489873ms] GC(3727) Survivor regions: 30->30(98)
[2023-12-20T09:05:39.428-0800][56489873ms] GC(3727) Old regions: 191->191
[2023-12-20T09:05:39.428-0800][56489873ms] GC(3727) Humongous regions: 5->5
[2023-12-20T09:05:39.428-0800][56489873ms] GC(3727) Metaspace: 256602K->256602K(1294336K)
[2023-12-20T09:05:39.428-0800][56489873ms] GC(3727) Pause Young (Normal) (G1 Evacuation Pause) 1956M->450M(2612M) 31.212ms
[2023-12-20T09:05:39.428-0800][56489873ms] GC(3727) User=0.23s Sys=0.00s Real=0.03s
[2023-12-20T09:05:40.391-0800][56490836ms] GC(3728) Pause Young (Normal) (G1 Evacuation Pause)
[2023-12-20T09:05:40.391-0800][56490836ms] GC(3728) Using 10 workers of 10 for evacuation
[2023-12-20T09:05:40.423-0800][56490868ms] GC(3728)   Pre Evacuate Collection Set: 0.0ms
[2023-12-20T09:05:40.423-0800][56490868ms] GC(3728)   Evacuate Collection Set: 28.8ms
[2023-12-20T09:05:40.423-0800][56490868ms] GC(3728)   Post Evacuate Collection Set: 3.4ms
[2023-12-20T09:05:40.423-0800][56490868ms] GC(3728)   Other: 0.4ms
[2023-12-20T09:05:40.423-0800][56490868ms] GC(3728) Eden regions: 753->0(751)
[2023-12-20T09:05:40.423-0800][56490868ms] GC(3728) Survivor regions: 30->32(98)
[2023-12-20T09:05:40.423-0800][56490868ms] GC(3728) Old regions: 191->191
[2023-12-20T09:05:40.423-0800][56490868ms] GC(3728) Humongous regions: 5->5
[2023-12-20T09:05:40.423-0800][56490868ms] GC(3728) Metaspace: 256602K->256602K(1294336K)
[2023-12-20T09:05:40.423-0800][56490868ms] GC(3728) Pause Young (Normal) (G1 Evacuation Pause) 1956M->453M(2612M) 32.774ms
[2023-12-20T09:05:40.424-0800][56490869ms] GC(3728) User=0.14s Sys=0.00s Real=0.03s
[2023-12-20T09:05:41.488-0800][56491933ms] GC(3729) Pause Young (Normal) (G1 Evacuation Pause)
[2023-12-20T09:05:41.488-0800][56491933ms] GC(3729) Using 10 workers of 10 for evacuation
[2023-12-20T09:05:41.521-0800][56491966ms] GC(3729)   Pre Evacuate Collection Set: 0.1ms
[2023-12-20T09:05:41.521-0800][56491966ms] GC(3729)   Evacuate Collection Set: 29.5ms
[2023-12-20T09:05:41.521-0800][56491966ms] GC(3729)   Post Evacuate Collection Set: 3.2ms
[2023-12-20T09:05:41.521-0800][56491966ms] GC(3729)   Other: 0.5ms
[2023-12-20T09:05:41.521-0800][56491966ms] GC(3729) Eden regions: 751->0(753)
[2023-12-20T09:05:41.521-0800][56491966ms] GC(3729) Survivor regions: 32->30(98)
[2023-12-20T09:05:41.521-0800][56491966ms] GC(3729) Old regions: 191->191
[2023-12-20T09:05:41.521-0800][56491966ms] GC(3729) Humongous regions: 5->5
[2023-12-20T09:05:41.521-0800][56491966ms] GC(3729) Metaspace: 256602K->256602K(1294336K)
[2023-12-20T09:05:41.521-0800][56491966ms] GC(3729) Pause Young (Normal) (G1 Evacuation Pause) 1955M->449M(2612M) 33.638ms
[2023-12-20T09:05:41.521-0800][56491966ms] GC(3729) User=0.09s Sys=0.00s Real=0.03s
[2023-12-20T09:05:42.458-0800][56492903ms] GC(3730) Pause Young (Normal) (G1 Evacuation Pause)
[2023-12-20T09:05:42.458-0800][56492903ms] GC(3730) Using 10 workers of 10 for evacuation
[2023-12-20T09:05:42.490-0800][56492935ms] GC(3730)   Pre Evacuate Collection Set: 0.1ms
[2023-12-20T09:05:42.490-0800][56492935ms] GC(3730)   Evacuate Collection Set: 29.4ms
[2023-12-20T09:05:42.490-0800][56492935ms] GC(3730)   Post Evacuate Collection Set: 2.7ms
[2023-12-20T09:05:42.490-0800][56492935ms] GC(3730)   Other: 0.5ms
[2023-12-20T09:05:42.490-0800][56492935ms] GC(3730) Eden regions: 753->0(753)
[2023-12-20T09:05:42.490-0800][56492935ms] GC(3730) Survivor regions: 30->30(98)
[2023-12-20T09:05:42.490-0800][56492935ms] GC(3730) Old regions: 191->191
[2023-12-20T09:05:42.490-0800][56492935ms] GC(3730) Humongous regions: 5->5
[2023-12-20T09:05:42.490-0800][56492935ms] GC(3730) Metaspace: 256602K->256602K(1294336K)
[2023-12-20T09:05:42.490-0800][56492935ms] GC(3730) Pause Young (Normal) (G1 Evacuation Pause) 1955M->450M(2612M) 32.819ms
[2023-12-20T09:05:42.491-0800][56492936ms] GC(3730) User=0.05s Sys=0.00s Real=0.03s
[2023-12-20T09:05:43.327-0800][56493772ms] GC(3731) Pause Young (Normal) (G1 Evacuation Pause)
[2023-12-20T09:05:43.327-0800][56493772ms] GC(3731) Using 10 workers of 10 for evacuation
[2023-12-20T09:05:43.359-0800][56493804ms] GC(3731)   Pre Evacuate Collection Set: 0.1ms
[2023-12-20T09:05:43.359-0800][56493804ms] GC(3731)   Evacuate Collection Set: 28.1ms
[2023-12-20T09:05:43.359-0800][56493804ms] GC(3731)   Post Evacuate Collection Set: 3.1ms
[2023-12-20T09:05:43.359-0800][56493804ms] GC(3731)   Other: 0.5ms
[2023-12-20T09:05:43.359-0800][56493804ms] GC(3731) Eden regions: 753->0(753)
[2023-12-20T09:05:43.359-0800][56493804ms] GC(3731) Survivor regions: 30->30(98)
[2023-12-20T09:05:43.359-0800][56493804ms] GC(3731) Old regions: 191->191
[2023-12-20T09:05:43.359-0800][56493804ms] GC(3731) Humongous regions: 5->5
[2023-12-20T09:05:43.359-0800][56493804ms] GC(3731) Metaspace: 256602K->256602K(1294336K)
[2023-12-20T09:05:43.359-0800][56493804ms] GC(3731) Pause Young (Normal) (G1 Evacuation Pause) 1956M->451M(2612M) 31.888ms
[2023-12-20T09:05:43.359-0800][56493804ms] GC(3731) User=0.16s Sys=0.00s Real=0.03s
[2023-12-20T09:05:44.135-0800][56494580ms] GC(3732) Pause Young (Normal) (G1 Evacuation Pause)
[2023-12-20T09:05:44.135-0800][56494580ms] GC(3732) Using 10 workers of 10 for evacuation
[2023-12-20T09:05:44.165-0800][56494610ms] GC(3732)   Pre Evacuate Collection Set: 0.0ms
[2023-12-20T09:05:44.167-0800][56494612ms] GC(3732)   Evacuate Collection Set: 27.7ms
[2023-12-20T09:05:44.167-0800][56494612ms] GC(3732)   Post Evacuate Collection Set: 2.7ms
[2023-12-20T09:05:44.167-0800][56494612ms] GC(3732)   Other: 0.4ms
[2023-12-20T09:05:44.167-0800][56494612ms] GC(3732) Eden regions: 753->0(753)
[2023-12-20T09:05:44.167-0800][56494612ms] GC(3732) Survivor regions: 30->30(98)
[2023-12-20T09:05:44.167-0800][56494612ms] GC(3732) Old regions: 191->191
[2023-12-20T09:05:44.167-0800][56494612ms] GC(3732) Humongous regions: 5->5
[2023-12-20T09:05:44.167-0800][56494612ms] GC(3732) Metaspace: 256602K->256602K(1294336K)
[2023-12-20T09:05:44.167-0800][56494612ms] GC(3732) Pause Young (Normal) (G1 Evacuation Pause) 1957M->450M(2612M) 31.079ms
[2023-12-20T09:05:44.167-0800][56494612ms] GC(3732) User=0.06s Sys=0.00s Real=0.03s
[2023-12-20T09:05:44.930-0800][56495375ms] GC(3733) Pause Young (Normal) (G1 Evacuation Pause)
[2023-12-20T09:05:44.930-0800][56495375ms] GC(3733) Using 10 workers of 10 for evacuation
[2023-12-20T09:05:44.962-0800][56495407ms] GC(3733)   Pre Evacuate Collection Set: 0.0ms
[2023-12-20T09:05:44.962-0800][56495407ms] GC(3733)   Evacuate Collection Set: 28.6ms
[2023-12-20T09:05:44.962-0800][56495407ms] GC(3733)   Post Evacuate Collection Set: 3.4ms
[2023-12-20T09:05:44.962-0800][56495407ms] GC(3733)   Other: 0.4ms
[2023-12-20T09:05:44.962-0800][56495407ms] GC(3733) Eden regions: 753->0(753)
[2023-12-20T09:05:44.962-0800][56495407ms] GC(3733) Survivor regions: 30->30(98)
[2023-12-20T09:05:44.962-0800][56495407ms] GC(3733) Old regions: 191->191
[2023-12-20T09:05:44.962-0800][56495407ms] GC(3733) Humongous regions: 5->5
[2023-12-20T09:05:44.962-0800][56495407ms] GC(3733) Metaspace: 256602K->256602K(1294336K)
[2023-12-20T09:05:44.962-0800][56495407ms] GC(3733) Pause Young (Normal) (G1 Evacuation Pause) 1956M->450M(2612M) 32.602ms
[2023-12-20T09:05:44.962-0800][56495407ms] GC(3733) User=0.08s Sys=0.00s Real=0.03s
[2023-12-20T09:05:45.624-0800][56496069ms] GC(3734) Pause Young (Normal) (G1 Evacuation Pause)
[2023-12-20T09:05:45.624-0800][56496069ms] GC(3734) Using 10 workers of 10 for evacuation
[2023-12-20T09:05:45.654-0800][56496099ms] GC(3734)   Pre Evacuate Collection Set: 0.1ms
[2023-12-20T09:05:45.654-0800][56496099ms] GC(3734)   Evacuate Collection Set: 26.9ms
[2023-12-20T09:05:45.654-0800][56496099ms] GC(3734)   Post Evacuate Collection Set: 2.6ms
[2023-12-20T09:05:45.654-0800][56496099ms] GC(3734)   Other: 0.5ms
[2023-12-20T09:05:45.654-0800][56496099ms] GC(3734) Eden regions: 753->0(753)
[2023-12-20T09:05:45.654-0800][56496099ms] GC(3734) Survivor regions: 30->30(98)
[2023-12-20T09:05:45.654-0800][56496099ms] GC(3734) Old regions: 191->191
[2023-12-20T09:05:45.654-0800][56496099ms] GC(3734) Humongous regions: 5->5
[2023-12-20T09:05:45.654-0800][56496099ms] GC(3734) Metaspace: 256602K->256602K(1294336K)
[2023-12-20T09:05:45.654-0800][56496099ms] GC(3734) Pause Young (Normal) (G1 Evacuation Pause) 1956M->450M(2612M) 30.191ms
[2023-12-20T09:05:45.654-0800][56496099ms] GC(3734) User=0.08s Sys=0.00s Real=0.03s
[2023-12-20T09:05:46.287-0800][56496732ms] GC(3735) Pause Young (Normal) (G1 Evacuation Pause)
[2023-12-20T09:05:46.287-0800][56496732ms] GC(3735) Using 10 workers of 10 for evacuation
[2023-12-20T09:05:46.319-0800][56496764ms] GC(3735)   Pre Evacuate Collection Set: 0.1ms
[2023-12-20T09:05:46.319-0800][56496764ms] GC(3735)   Evacuate Collection Set: 27.4ms
[2023-12-20T09:05:46.319-0800][56496764ms] GC(3735)   Post Evacuate Collection Set: 3.7ms
[2023-12-20T09:05:46.319-0800][56496764ms] GC(3735)   Other: 0.5ms
[2023-12-20T09:05:46.319-0800][56496764ms] GC(3735) Eden regions: 753->0(753)
[2023-12-20T09:05:46.319-0800][56496764ms] GC(3735) Survivor regions: 30->30(98)
[2023-12-20T09:05:46.319-0800][56496764ms] GC(3735) Old regions: 191->191
[2023-12-20T09:05:46.319-0800][56496764ms] GC(3735) Humongous regions: 5->5
[2023-12-20T09:05:46.319-0800][56496764ms] GC(3735) Metaspace: 256602K->256602K(1294336K)
[2023-12-20T09:05:46.319-0800][56496764ms] GC(3735) Pause Young (Normal) (G1 Evacuation Pause) 1956M->450M(2612M) 31.860ms
[2023-12-20T09:05:46.319-0800][56496764ms] GC(3735) User=0.14s Sys=0.00s Real=0.03s
[2023-12-20T09:05:47.059-0800][56497504ms] GC(3736) Pause Young (Normal) (G1 Evacuation Pause)
[2023-12-20T09:05:47.059-0800][56497504ms] GC(3736) Using 10 workers of 10 for evacuation
[2023-12-20T09:05:47.091-0800][56497536ms] GC(3736)   Pre Evacuate Collection Set: 0.0ms
[2023-12-20T09:05:47.091-0800][56497536ms] GC(3736)   Evacuate Collection Set: 28.2ms
[2023-12-20T09:05:47.091-0800][56497536ms] GC(3736)   Post Evacuate Collection Set: 3.3ms
[2023-12-20T09:05:47.091-0800][56497536ms] GC(3736)   Other: 0.5ms
[2023-12-20T09:05:47.091-0800][56497536ms] GC(3736) Eden regions: 753->0(753)
[2023-12-20T09:05:47.091-0800][56497536ms] GC(3736) Survivor regions: 30->30(98)
[2023-12-20T09:05:47.091-0800][56497536ms] GC(3736) Old regions: 191->191
[2023-12-20T09:05:47.091-0800][56497536ms] GC(3736) Humongous regions: 5->5
[2023-12-20T09:05:47.091-0800][56497536ms] GC(3736) Metaspace: 256602K->256602K(1294336K)
[2023-12-20T09:05:47.091-0800][56497536ms] GC(3736) Pause Young (Normal) (G1 Evacuation Pause) 1956M->450M(2612M) 32.120ms
[2023-12-20T09:05:47.091-0800][56497536ms] GC(3736) User=0.09s Sys=0.00s Real=0.03s
[2023-12-20T09:05:47.845-0800][56498290ms] GC(3737) Pause Young (Normal) (G1 Evacuation Pause)
[2023-12-20T09:05:47.845-0800][56498290ms] GC(3737) Using 10 workers of 10 for evacuation
[2023-12-20T09:05:47.875-0800][56498320ms] GC(3737)   Pre Evacuate Collection Set: 0.1ms
[2023-12-20T09:05:47.875-0800][56498320ms] GC(3737)   Evacuate Collection Set: 27.6ms
[2023-12-20T09:05:47.875-0800][56498320ms] GC(3737)   Post Evacuate Collection Set: 2.7ms
[2023-12-20T09:05:47.875-0800][56498320ms] GC(3737)   Other: 0.4ms
[2023-12-20T09:05:47.875-0800][56498320ms] GC(3737) Eden regions: 753->0(753)
[2023-12-20T09:05:47.875-0800][56498320ms] GC(3737) Survivor regions: 30->30(98)
[2023-12-20T09:05:47.875-0800][56498320ms] GC(3737) Old regions: 191->191
[2023-12-20T09:05:47.875-0800][56498320ms] GC(3737) Humongous regions: 5->5
[2023-12-20T09:05:47.875-0800][56498320ms] GC(3737) Metaspace: 256602K->256602K(1294336K)
[2023-12-20T09:05:47.875-0800][56498320ms] GC(3737) Pause Young (Normal) (G1 Evacuation Pause) 1956M->451M(2612M) 30.820ms
[2023-12-20T09:05:47.875-0800][56498320ms] GC(3737) User=0.14s Sys=0.00s Real=0.03s
[2023-12-20T09:05:48.636-0800][56499081ms] GC(3738) Pause Young (Normal) (G1 Evacuation Pause)
[2023-12-20T09:05:48.636-0800][56499081ms] GC(3738) Using 10 workers of 10 for evacuation
[2023-12-20T09:05:48.665-0800][56499110ms] GC(3738)   Pre Evacuate Collection Set: 0.0ms
[2023-12-20T09:05:48.665-0800][56499110ms] GC(3738)   Evacuate Collection Set: 26.2ms
[2023-12-20T09:05:48.665-0800][56499110ms] GC(3738)   Post Evacuate Collection Set: 2.6ms
[2023-12-20T09:05:48.665-0800][56499110ms] GC(3738)   Other: 0.5ms
[2023-12-20T09:05:48.665-0800][56499110ms] GC(3738) Eden regions: 753->0(753)
[2023-12-20T09:05:48.665-0800][56499110ms] GC(3738) Survivor regions: 30->30(98)
[2023-12-20T09:05:48.665-0800][56499110ms] GC(3738) Old regions: 191->191
[2023-12-20T09:05:48.665-0800][56499110ms] GC(3738) Humongous regions: 5->5
[2023-12-20T09:05:48.665-0800][56499110ms] GC(3738) Metaspace: 256602K->256602K(1294336K)
[2023-12-20T09:05:48.665-0800][56499110ms] GC(3738) Pause Young (Normal) (G1 Evacuation Pause) 1957M->451M(2612M) 29.550ms
[2023-12-20T09:05:48.665-0800][56499110ms] GC(3738) User=0.08s Sys=0.00s Real=0.03s
[2023-12-20T09:05:49.297-0800][56499742ms] GC(3739) Pause Young (Normal) (G1 Evacuation Pause)
[2023-12-20T09:05:49.297-0800][56499742ms] GC(3739) Using 10 workers of 10 for evacuation
[2023-12-20T09:05:49.339-0800][56499784ms] GC(3739)   Pre Evacuate Collection Set: 0.1ms
[2023-12-20T09:05:49.339-0800][56499784ms] GC(3739)   Evacuate Collection Set: 28.9ms
[2023-12-20T09:05:49.339-0800][56499784ms] GC(3739)   Post Evacuate Collection Set: 12.7ms
[2023-12-20T09:05:49.339-0800][56499784ms] GC(3739)   Other: 0.4ms
[2023-12-20T09:05:49.339-0800][56499784ms] GC(3739) Eden regions: 753->0(753)
[2023-12-20T09:05:49.339-0800][56499784ms] GC(3739) Survivor regions: 30->30(98)
[2023-12-20T09:05:49.339-0800][56499784ms] GC(3739) Old regions: 191->191
[2023-12-20T09:05:49.339-0800][56499784ms] GC(3739) Humongous regions: 5->5
[2023-12-20T09:05:49.339-0800][56499784ms] GC(3739) Metaspace: 256602K->256602K(1294336K)
[2023-12-20T09:05:49.340-0800][56499785ms] GC(3739) Pause Young (Normal) (G1 Evacuation Pause) 1957M->451M(2612M) 42.262ms
[2023-12-20T09:05:49.340-0800][56499785ms] GC(3739) User=0.09s Sys=0.00s Real=0.04s
[2023-12-20T09:05:50.351-0800][56500796ms] GC(3740) Pause Young (Normal) (G1 Evacuation Pause)
[2023-12-20T09:05:50.351-0800][56500796ms] GC(3740) Using 10 workers of 10 for evacuation
[2023-12-20T09:05:50.382-0800][56500827ms] GC(3740)   Pre Evacuate Collection Set: 0.0ms
[2023-12-20T09:05:50.382-0800][56500827ms] GC(3740)   Evacuate Collection Set: 28.0ms
[2023-12-20T09:05:50.382-0800][56500827ms] GC(3740)   Post Evacuate Collection Set: 2.8ms
[2023-12-20T09:05:50.382-0800][56500827ms] GC(3740)   Other: 0.4ms
[2023-12-20T09:05:50.382-0800][56500827ms] GC(3740) Eden regions: 753->0(753)
[2023-12-20T09:05:50.382-0800][56500827ms] GC(3740) Survivor regions: 30->30(98)
[2023-12-20T09:05:50.382-0800][56500827ms] GC(3740) Old regions: 191->191
[2023-12-20T09:05:50.382-0800][56500827ms] GC(3740) Humongous regions: 5->5
[2023-12-20T09:05:50.382-0800][56500827ms] GC(3740) Metaspace: 256602K->256602K(1294336K)
[2023-12-20T09:05:50.382-0800][56500827ms] GC(3740) Pause Young (Normal) (G1 Evacuation Pause) 1957M->450M(2612M) 31.315ms
[2023-12-20T09:05:50.382-0800][56500827ms] GC(3740) User=0.05s Sys=0.00s Real=0.03s
[2023-12-20T09:05:51.378-0800][56501823ms] GC(3741) Pause Young (Normal) (G1 Evacuation Pause)
[2023-12-20T09:05:51.378-0800][56501823ms] GC(3741) Using 10 workers of 10 for evacuation
[2023-12-20T09:05:51.413-0800][56501858ms] GC(3741)   Pre Evacuate Collection Set: 0.1ms
[2023-12-20T09:05:51.413-0800][56501858ms] GC(3741)   Evacuate Collection Set: 30.0ms
[2023-12-20T09:05:51.413-0800][56501858ms] GC(3741)   Post Evacuate Collection Set: 4.4ms
[2023-12-20T09:05:51.413-0800][56501858ms] GC(3741)   Other: 0.5ms
[2023-12-20T09:05:51.413-0800][56501858ms] GC(3741) Eden regions: 753->0(753)
[2023-12-20T09:05:51.413-0800][56501858ms] GC(3741) Survivor regions: 30->30(98)
[2023-12-20T09:05:51.413-0800][56501858ms] GC(3741) Old regions: 191->191
[2023-12-20T09:05:51.413-0800][56501858ms] GC(3741) Humongous regions: 5->5
[2023-12-20T09:05:51.413-0800][56501858ms] GC(3741) Metaspace: 256602K->256602K(1294336K)
[2023-12-20T09:05:51.413-0800][56501858ms] GC(3741) Pause Young (Normal) (G1 Evacuation Pause) 1956M->451M(2612M) 35.210ms
[2023-12-20T09:05:51.413-0800][56501858ms] GC(3741) User=0.13s Sys=0.00s Real=0.04s
[2023-12-20T09:05:52.282-0800][56502727ms] GC(3742) Pause Young (Normal) (G1 Evacuation Pause)
[2023-12-20T09:05:52.282-0800][56502727ms] GC(3742) Using 10 workers of 10 for evacuation
[2023-12-20T09:05:52.312-0800][56502757ms] GC(3742)   Pre Evacuate Collection Set: 0.0ms
[2023-12-20T09:05:52.312-0800][56502757ms] GC(3742)   Evacuate Collection Set: 28.1ms
[2023-12-20T09:05:52.312-0800][56502757ms] GC(3742)   Post Evacuate Collection Set: 2.9ms
[2023-12-20T09:05:52.312-0800][56502757ms] GC(3742)   Other: 0.4ms
[2023-12-20T09:05:52.312-0800][56502757ms] GC(3742) Eden regions: 753->0(753)
[2023-12-20T09:05:52.312-0800][56502757ms] GC(3742) Survivor regions: 30->30(98)
[2023-12-20T09:05:52.312-0800][56502757ms] GC(3742) Old regions: 191->191
[2023-12-20T09:05:52.312-0800][56502757ms] GC(3742) Humongous regions: 5->5
[2023-12-20T09:05:52.312-0800][56502757ms] GC(3742) Metaspace: 256602K->256602K(1294336K)
[2023-12-20T09:05:52.312-0800][56502757ms] GC(3742) Pause Young (Normal) (G1 Evacuation Pause) 1957M->450M(2612M) 31.515ms
[2023-12-20T09:05:52.312-0800][56502757ms] GC(3742) User=0.11s Sys=0.00s Real=0.03s
[2023-12-20T09:05:53.158-0800][56503603ms] GC(3743) Pause Young (Normal) (G1 Evacuation Pause)
[2023-12-20T09:05:53.158-0800][56503603ms] GC(3743) Using 10 workers of 10 for evacuation
[2023-12-20T09:05:53.189-0800][56503634ms] GC(3743)   Pre Evacuate Collection Set: 0.0ms
[2023-12-20T09:05:53.189-0800][56503634ms] GC(3743)   Evacuate Collection Set: 27.5ms
[2023-12-20T09:05:53.189-0800][56503634ms] GC(3743)   Post Evacuate Collection Set: 2.7ms
[2023-12-20T09:05:53.189-0800][56503634ms] GC(3743)   Other: 0.4ms
[2023-12-20T09:05:53.189-0800][56503634ms] GC(3743) Eden regions: 753->0(753)
[2023-12-20T09:05:53.189-0800][56503634ms] GC(3743) Survivor regions: 30->30(98)
[2023-12-20T09:05:53.189-0800][56503634ms] GC(3743) Old regions: 191->191
[2023-12-20T09:05:53.189-0800][56503634ms] GC(3743) Humongous regions: 5->5
[2023-12-20T09:05:53.189-0800][56503634ms] GC(3743) Metaspace: 256602K->256602K(1294336K)
[2023-12-20T09:05:53.189-0800][56503634ms] GC(3743) Pause Young (Normal) (G1 Evacuation Pause) 1956M->450M(2612M) 30.744ms
[2023-12-20T09:05:53.189-0800][56503634ms] GC(3743) User=0.06s Sys=0.00s Real=0.03s
[2023-12-20T09:05:54.167-0800][56504612ms] GC(3744) Pause Young (Normal) (G1 Evacuation Pause)
[2023-12-20T09:05:54.167-0800][56504612ms] GC(3744) Using 10 workers of 10 for evacuation
[2023-12-20T09:05:54.197-0800][56504642ms] GC(3744)   Pre Evacuate Collection Set: 0.0ms
[2023-12-20T09:05:54.197-0800][56504642ms] GC(3744)   Evacuate Collection Set: 27.5ms
[2023-12-20T09:05:54.197-0800][56504642ms] GC(3744)   Post Evacuate Collection Set: 3.1ms
[2023-12-20T09:05:54.197-0800][56504642ms] GC(3744)   Other: 0.4ms
[2023-12-20T09:05:54.197-0800][56504642ms] GC(3744) Eden regions: 753->0(753)
[2023-12-20T09:05:54.197-0800][56504642ms] GC(3744) Survivor regions: 30->30(98)
[2023-12-20T09:05:54.197-0800][56504642ms] GC(3744) Old regions: 191->191
[2023-12-20T09:05:54.197-0800][56504642ms] GC(3744) Humongous regions: 5->5
[2023-12-20T09:05:54.197-0800][56504642ms] GC(3744) Metaspace: 256602K->256602K(1294336K)
[2023-12-20T09:05:54.197-0800][56504642ms] GC(3744) Pause Young (Normal) (G1 Evacuation Pause) 1956M->451M(2612M) 31.113ms
[2023-12-20T09:05:54.197-0800][56504642ms] GC(3744) User=0.09s Sys=0.00s Real=0.03s
[2023-12-20T09:05:55.372-0800][56505817ms] GC(3745) Pause Young (Normal) (G1 Evacuation Pause)
[2023-12-20T09:05:55.372-0800][56505817ms] GC(3745) Using 10 workers of 10 for evacuation
[2023-12-20T09:05:55.406-0800][56505851ms] GC(3745)   Pre Evacuate Collection Set: 0.0ms
[2023-12-20T09:05:55.406-0800][56505851ms] GC(3745)   Evacuate Collection Set: 29.9ms
[2023-12-20T09:05:55.406-0800][56505851ms] GC(3745)   Post Evacuate Collection Set: 3.0ms
[2023-12-20T09:05:55.406-0800][56505851ms] GC(3745)   Other: 0.4ms
[2023-12-20T09:05:55.406-0800][56505851ms] GC(3745) Eden regions: 753->0(753)
[2023-12-20T09:05:55.406-0800][56505851ms] GC(3745) Survivor regions: 30->30(98)
[2023-12-20T09:05:55.406-0800][56505851ms] GC(3745) Old regions: 191->191
[2023-12-20T09:05:55.406-0800][56505851ms] GC(3745) Humongous regions: 5->5
[2023-12-20T09:05:55.406-0800][56505851ms] GC(3745) Metaspace: 256602K->256602K(1294336K)
[2023-12-20T09:05:55.406-0800][56505851ms] GC(3745) Pause Young (Normal) (G1 Evacuation Pause) 1957M->450M(2612M) 33.498ms
[2023-12-20T09:05:55.406-0800][56505851ms] GC(3745) User=0.13s Sys=0.00s Real=0.03s
[2023-12-20T09:05:56.508-0800][56506953ms] GC(3746) Pause Young (Normal) (G1 Evacuation Pause)
[2023-12-20T09:05:56.508-0800][56506953ms] GC(3746) Using 10 workers of 10 for evacuation
[2023-12-20T09:05:56.542-0800][56506987ms] GC(3746)   Pre Evacuate Collection Set: 0.0ms
[2023-12-20T09:05:56.542-0800][56506987ms] GC(3746)   Evacuate Collection Set: 30.8ms
[2023-12-20T09:05:56.542-0800][56506987ms] GC(3746)   Post Evacuate Collection Set: 3.7ms
[2023-12-20T09:05:56.542-0800][56506987ms] GC(3746)   Other: 0.4ms
[2023-12-20T09:05:56.542-0800][56506987ms] GC(3746) Eden regions: 753->0(753)
[2023-12-20T09:05:56.542-0800][56506987ms] GC(3746) Survivor regions: 30->30(98)
[2023-12-20T09:05:56.543-0800][56506988ms] GC(3746) Old regions: 191->191
[2023-12-20T09:05:56.543-0800][56506988ms] GC(3746) Humongous regions: 5->5
[2023-12-20T09:05:56.543-0800][56506988ms] GC(3746) Metaspace: 256602K->256602K(1294336K)
[2023-12-20T09:05:56.543-0800][56506988ms] GC(3746) Pause Young (Normal) (G1 Evacuation Pause) 1956M->451M(2612M) 35.085ms
[2023-12-20T09:05:56.543-0800][56506988ms] GC(3746) User=0.14s Sys=0.00s Real=0.04s
[2023-12-20T09:05:57.501-0800][56507946ms] GC(3747) Pause Young (Normal) (G1 Evacuation Pause)
[2023-12-20T09:05:57.501-0800][56507946ms] GC(3747) Using 10 workers of 10 for evacuation
[2023-12-20T09:05:57.535-0800][56507980ms] GC(3747)   Pre Evacuate Collection Set: 0.1ms
[2023-12-20T09:05:57.535-0800][56507980ms] GC(3747)   Evacuate Collection Set: 30.3ms
[2023-12-20T09:05:57.535-0800][56507980ms] GC(3747)   Post Evacuate Collection Set: 3.5ms
[2023-12-20T09:05:57.535-0800][56507980ms] GC(3747)   Other: 0.5ms
[2023-12-20T09:05:57.535-0800][56507980ms] GC(3747) Eden regions: 753->0(752)
[2023-12-20T09:05:57.535-0800][56507980ms] GC(3747) Survivor regions: 30->31(98)
[2023-12-20T09:05:57.535-0800][56507980ms] GC(3747) Old regions: 191->191
[2023-12-20T09:05:57.535-0800][56507980ms] GC(3747) Humongous regions: 5->5
[2023-12-20T09:05:57.535-0800][56507980ms] GC(3747) Metaspace: 256602K->256602K(1294336K)
[2023-12-20T09:05:57.536-0800][56507981ms] GC(3747) Pause Young (Normal) (G1 Evacuation Pause) 1957M->452M(2612M) 34.506ms
[2023-12-20T09:05:57.536-0800][56507981ms] GC(3747) User=0.13s Sys=0.00s Real=0.04s
[2023-12-20T09:05:58.396-0800][56508841ms] GC(3748) Pause Young (Normal) (G1 Evacuation Pause)
[2023-12-20T09:05:58.396-0800][56508841ms] GC(3748) Using 10 workers of 10 for evacuation
[2023-12-20T09:05:58.428-0800][56508873ms] GC(3748)   Pre Evacuate Collection Set: 0.0ms
[2023-12-20T09:05:58.428-0800][56508873ms] GC(3748)   Evacuate Collection Set: 29.8ms
[2023-12-20T09:05:58.428-0800][56508873ms] GC(3748)   Post Evacuate Collection Set: 2.5ms
[2023-12-20T09:05:58.428-0800][56508873ms] GC(3748)   Other: 0.4ms
[2023-12-20T09:05:58.428-0800][56508873ms] GC(3748) Eden regions: 752->0(753)
[2023-12-20T09:05:58.428-0800][56508873ms] GC(3748) Survivor regions: 31->30(98)
[2023-12-20T09:05:58.428-0800][56508873ms] GC(3748) Old regions: 191->191
[2023-12-20T09:05:58.428-0800][56508873ms] GC(3748) Humongous regions: 5->5
[2023-12-20T09:05:58.428-0800][56508873ms] GC(3748) Metaspace: 256602K->256602K(1294336K)
[2023-12-20T09:05:58.428-0800][56508873ms] GC(3748) Pause Young (Normal) (G1 Evacuation Pause) 1956M->451M(2612M) 32.935ms
[2023-12-20T09:05:58.428-0800][56508873ms] GC(3748) User=0.11s Sys=0.00s Real=0.03s
[2023-12-20T09:05:59.260-0800][56509705ms] GC(3749) Pause Young (Normal) (G1 Evacuation Pause)
[2023-12-20T09:05:59.260-0800][56509705ms] GC(3749) Using 10 workers of 10 for evacuation
[2023-12-20T09:05:59.292-0800][56509737ms] GC(3749)   Pre Evacuate Collection Set: 0.0ms
[2023-12-20T09:05:59.292-0800][56509737ms] GC(3749)   Evacuate Collection Set: 28.8ms
[2023-12-20T09:05:59.292-0800][56509737ms] GC(3749)   Post Evacuate Collection Set: 3.8ms
[2023-12-20T09:05:59.292-0800][56509737ms] GC(3749)   Other: 0.4ms
[2023-12-20T09:05:59.292-0800][56509737ms] GC(3749) Eden regions: 753->0(753)
[2023-12-20T09:05:59.292-0800][56509737ms] GC(3749) Survivor regions: 30->30(98)
[2023-12-20T09:05:59.292-0800][56509737ms] GC(3749) Old regions: 191->191
[2023-12-20T09:05:59.292-0800][56509737ms] GC(3749) Humongous regions: 5->5
[2023-12-20T09:05:59.292-0800][56509737ms] GC(3749) Metaspace: 256602K->256602K(1294336K)
[2023-12-20T09:05:59.293-0800][56509738ms] GC(3749) Pause Young (Normal) (G1 Evacuation Pause) 1957M->451M(2612M) 33.276ms
[2023-12-20T09:05:59.293-0800][56509738ms] GC(3749) User=0.14s Sys=0.00s Real=0.03s
[2023-12-20T09:06:00.194-0800][56510639ms] GC(3750) Pause Young (Normal) (G1 Evacuation Pause)
[2023-12-20T09:06:00.194-0800][56510639ms] GC(3750) Using 10 workers of 10 for evacuation
[2023-12-20T09:06:00.226-0800][56510671ms] GC(3750)   Pre Evacuate Collection Set: 0.0ms
[2023-12-20T09:06:00.226-0800][56510671ms] GC(3750)   Evacuate Collection Set: 29.0ms
[2023-12-20T09:06:00.226-0800][56510671ms] GC(3750)   Post Evacuate Collection Set: 3.4ms
[2023-12-20T09:06:00.226-0800][56510671ms] GC(3750)   Other: 0.4ms
[2023-12-20T09:06:00.226-0800][56510671ms] GC(3750) Eden regions: 753->0(753)
[2023-12-20T09:06:00.226-0800][56510671ms] GC(3750) Survivor regions: 30->30(98)
[2023-12-20T09:06:00.226-0800][56510671ms] GC(3750) Old regions: 191->191
[2023-12-20T09:06:00.226-0800][56510671ms] GC(3750) Humongous regions: 5->5
[2023-12-20T09:06:00.226-0800][56510671ms] GC(3750) Metaspace: 256602K->256602K(1294336K)
[2023-12-20T09:06:00.226-0800][56510671ms] GC(3750) Pause Young (Normal) (G1 Evacuation Pause) 1957M->450M(2612M) 32.946ms
[2023-12-20T09:06:00.226-0800][56510671ms] GC(3750) User=0.27s Sys=0.00s Real=0.03s
[2023-12-20T09:06:01.209-0800][56511654ms] GC(3751) Pause Young (Normal) (G1 Evacuation Pause)
[2023-12-20T09:06:01.209-0800][56511654ms] GC(3751) Using 10 workers of 10 for evacuation
[2023-12-20T09:06:01.240-0800][56511685ms] GC(3751)   Pre Evacuate Collection Set: 0.0ms
[2023-12-20T09:06:01.240-0800][56511685ms] GC(3751)   Evacuate Collection Set: 28.1ms
[2023-12-20T09:06:01.240-0800][56511685ms] GC(3751)   Post Evacuate Collection Set: 2.7ms
[2023-12-20T09:06:01.240-0800][56511685ms] GC(3751)   Other: 0.4ms
[2023-12-20T09:06:01.240-0800][56511685ms] GC(3751) Eden regions: 753->0(753)
[2023-12-20T09:06:01.240-0800][56511685ms] GC(3751) Survivor regions: 30->30(98)
[2023-12-20T09:06:01.240-0800][56511685ms] GC(3751) Old regions: 191->191
[2023-12-20T09:06:01.240-0800][56511685ms] GC(3751) Humongous regions: 5->5
[2023-12-20T09:06:01.240-0800][56511685ms] GC(3751) Metaspace: 256602K->256602K(1294336K)
[2023-12-20T09:06:01.240-0800][56511685ms] GC(3751) Pause Young (Normal) (G1 Evacuation Pause) 1956M->451M(2612M) 31.372ms
[2023-12-20T09:06:01.240-0800][56511685ms] GC(3751) User=0.25s Sys=0.00s Real=0.03s
[2023-12-20T09:06:02.173-0800][56512618ms] GC(3752) Pause Young (Normal) (G1 Evacuation Pause)
[2023-12-20T09:06:02.173-0800][56512618ms] GC(3752) Using 10 workers of 10 for evacuation
[2023-12-20T09:06:02.206-0800][56512651ms] GC(3752)   Pre Evacuate Collection Set: 0.1ms
[2023-12-20T09:06:02.206-0800][56512651ms] GC(3752)   Evacuate Collection Set: 29.1ms
[2023-12-20T09:06:02.206-0800][56512651ms] GC(3752)   Post Evacuate Collection Set: 2.6ms
[2023-12-20T09:06:02.206-0800][56512651ms] GC(3752)   Other: 0.5ms
[2023-12-20T09:06:02.206-0800][56512651ms] GC(3752) Eden regions: 753->0(754)
[2023-12-20T09:06:02.206-0800][56512651ms] GC(3752) Survivor regions: 30->29(98)
[2023-12-20T09:06:02.206-0800][56512651ms] GC(3752) Old regions: 191->191
[2023-12-20T09:06:02.206-0800][56512651ms] GC(3752) Humongous regions: 5->5
[2023-12-20T09:06:02.206-0800][56512651ms] GC(3752) Metaspace: 256602K->256602K(1294336K)
[2023-12-20T09:06:02.206-0800][56512651ms] GC(3752) Pause Young (Normal) (G1 Evacuation Pause) 1957M->449M(2612M) 32.329ms
[2023-12-20T09:06:02.206-0800][56512651ms] GC(3752) User=0.17s Sys=0.00s Real=0.03s
[2023-12-20T09:06:03.127-0800][56513572ms] GC(3753) Pause Young (Normal) (G1 Evacuation Pause)
[2023-12-20T09:06:03.127-0800][56513572ms] GC(3753) Using 10 workers of 10 for evacuation
[2023-12-20T09:06:03.158-0800][56513603ms] GC(3753)   Pre Evacuate Collection Set: 0.0ms
[2023-12-20T09:06:03.158-0800][56513603ms] GC(3753)   Evacuate Collection Set: 27.9ms
[2023-12-20T09:06:03.158-0800][56513603ms] GC(3753)   Post Evacuate Collection Set: 2.6ms
[2023-12-20T09:06:03.158-0800][56513603ms] GC(3753)   Other: 0.4ms
[2023-12-20T09:06:03.158-0800][56513603ms] GC(3753) Eden regions: 754->0(753)
[2023-12-20T09:06:03.158-0800][56513603ms] GC(3753) Survivor regions: 29->30(98)
[2023-12-20T09:06:03.158-0800][56513603ms] GC(3753) Old regions: 191->191
[2023-12-20T09:06:03.158-0800][56513603ms] GC(3753) Humongous regions: 5->5
[2023-12-20T09:06:03.158-0800][56513603ms] GC(3753) Metaspace: 256602K->256602K(1294336K)
[2023-12-20T09:06:03.158-0800][56513603ms] GC(3753) Pause Young (Normal) (G1 Evacuation Pause) 1957M->450M(2612M) 31.059ms
[2023-12-20T09:06:03.158-0800][56513603ms] GC(3753) User=0.11s Sys=0.00s Real=0.03s
[2023-12-20T09:06:04.068-0800][56514513ms] GC(3754) Pause Young (Normal) (G1 Evacuation Pause)
[2023-12-20T09:06:04.068-0800][56514513ms] GC(3754) Using 10 workers of 10 for evacuation
[2023-12-20T09:06:04.098-0800][56514543ms] GC(3754)   Pre Evacuate Collection Set: 0.0ms
[2023-12-20T09:06:04.098-0800][56514543ms] GC(3754)   Evacuate Collection Set: 27.2ms
[2023-12-20T09:06:04.098-0800][56514543ms] GC(3754)   Post Evacuate Collection Set: 2.4ms
[2023-12-20T09:06:04.098-0800][56514543ms] GC(3754)   Other: 0.4ms
[2023-12-20T09:06:04.098-0800][56514543ms] GC(3754) Eden regions: 753->0(753)
[2023-12-20T09:06:04.098-0800][56514543ms] GC(3754) Survivor regions: 30->30(98)
[2023-12-20T09:06:04.098-0800][56514543ms] GC(3754) Old regions: 191->191
[2023-12-20T09:06:04.098-0800][56514543ms] GC(3754) Humongous regions: 5->5
[2023-12-20T09:06:04.098-0800][56514543ms] GC(3754) Metaspace: 256602K->256602K(1294336K)
[2023-12-20T09:06:04.098-0800][56514543ms] GC(3754) Pause Young (Normal) (G1 Evacuation Pause) 1956M->451M(2612M) 30.079ms
[2023-12-20T09:06:04.098-0800][56514543ms] GC(3754) User=0.17s Sys=0.00s Real=0.03s
[2023-12-20T09:06:05.023-0800][56515468ms] GC(3755) Pause Young (Normal) (G1 Evacuation Pause)
[2023-12-20T09:06:05.023-0800][56515468ms] GC(3755) Using 10 workers of 10 for evacuation
[2023-12-20T09:06:05.055-0800][56515500ms] GC(3755)   Pre Evacuate Collection Set: 0.1ms
[2023-12-20T09:06:05.055-0800][56515500ms] GC(3755)   Evacuate Collection Set: 28.6ms
[2023-12-20T09:06:05.055-0800][56515500ms] GC(3755)   Post Evacuate Collection Set: 2.7ms
[2023-12-20T09:06:05.055-0800][56515500ms] GC(3755)   Other: 0.5ms
[2023-12-20T09:06:05.055-0800][56515500ms] GC(3755) Eden regions: 753->0(754)
[2023-12-20T09:06:05.055-0800][56515500ms] GC(3755) Survivor regions: 30->29(98)
[2023-12-20T09:06:05.055-0800][56515500ms] GC(3755) Old regions: 191->191
[2023-12-20T09:06:05.055-0800][56515500ms] GC(3755) Humongous regions: 5->5
[2023-12-20T09:06:05.056-0800][56515501ms] GC(3755) Metaspace: 256602K->256602K(1294336K)
[2023-12-20T09:06:05.056-0800][56515501ms] GC(3755) Pause Young (Normal) (G1 Evacuation Pause) 1957M->449M(2612M) 31.941ms
[2023-12-20T09:06:05.056-0800][56515501ms] GC(3755) User=0.11s Sys=0.00s Real=0.03s
[2023-12-20T09:06:06.015-0800][56516460ms] GC(3756) Pause Young (Normal) (G1 Evacuation Pause)
[2023-12-20T09:06:06.015-0800][56516460ms] GC(3756) Using 10 workers of 10 for evacuation
[2023-12-20T09:06:06.046-0800][56516491ms] GC(3756)   Pre Evacuate Collection Set: 0.0ms
[2023-12-20T09:06:06.046-0800][56516491ms] GC(3756)   Evacuate Collection Set: 28.5ms
[2023-12-20T09:06:06.046-0800][56516491ms] GC(3756)   Post Evacuate Collection Set: 2.4ms
[2023-12-20T09:06:06.046-0800][56516491ms] GC(3756)   Other: 0.4ms
[2023-12-20T09:06:06.046-0800][56516491ms] GC(3756) Eden regions: 754->0(753)
[2023-12-20T09:06:06.046-0800][56516491ms] GC(3756) Survivor regions: 29->30(98)
[2023-12-20T09:06:06.046-0800][56516491ms] GC(3756) Old regions: 191->191
[2023-12-20T09:06:06.046-0800][56516491ms] GC(3756) Humongous regions: 5->5
[2023-12-20T09:06:06.046-0800][56516491ms] GC(3756) Metaspace: 256602K->256602K(1294336K)
[2023-12-20T09:06:06.046-0800][56516491ms] GC(3756) Pause Young (Normal) (G1 Evacuation Pause) 1957M->450M(2612M) 31.373ms
[2023-12-20T09:06:06.046-0800][56516491ms] GC(3756) User=0.08s Sys=0.00s Real=0.03s
[2023-12-20T09:06:06.966-0800][56517411ms] GC(3757) Pause Young (Normal) (G1 Evacuation Pause)
[2023-12-20T09:06:06.966-0800][56517411ms] GC(3757) Using 10 workers of 10 for evacuation
[2023-12-20T09:06:06.997-0800][56517442ms] GC(3757)   Pre Evacuate Collection Set: 0.1ms
[2023-12-20T09:06:06.997-0800][56517442ms] GC(3757)   Evacuate Collection Set: 28.3ms
[2023-12-20T09:06:06.997-0800][56517442ms] GC(3757)   Post Evacuate Collection Set: 2.5ms
[2023-12-20T09:06:06.997-0800][56517442ms] GC(3757)   Other: 0.4ms
[2023-12-20T09:06:06.997-0800][56517442ms] GC(3757) Eden regions: 753->0(753)
[2023-12-20T09:06:06.997-0800][56517442ms] GC(3757) Survivor regions: 30->30(98)
[2023-12-20T09:06:06.997-0800][56517442ms] GC(3757) Old regions: 191->191
[2023-12-20T09:06:06.997-0800][56517442ms] GC(3757) Humongous regions: 5->5
[2023-12-20T09:06:06.997-0800][56517442ms] GC(3757) Metaspace: 256602K->256602K(1294336K)
[2023-12-20T09:06:06.997-0800][56517442ms] GC(3757) Pause Young (Normal) (G1 Evacuation Pause) 1956M->450M(2612M) 31.422ms
[2023-12-20T09:06:06.997-0800][56517442ms] GC(3757) User=0.11s Sys=0.00s Real=0.03s
[2023-12-20T09:06:07.875-0800][56518320ms] GC(3758) Pause Young (Normal) (G1 Evacuation Pause)
[2023-12-20T09:06:07.875-0800][56518320ms] GC(3758) Using 10 workers of 10 for evacuation
[2023-12-20T09:06:07.906-0800][56518351ms] GC(3758)   Pre Evacuate Collection Set: 0.0ms
[2023-12-20T09:06:07.906-0800][56518351ms] GC(3758)   Evacuate Collection Set: 28.1ms
[2023-12-20T09:06:07.906-0800][56518351ms] GC(3758)   Post Evacuate Collection Set: 2.6ms
[2023-12-20T09:06:07.906-0800][56518351ms] GC(3758)   Other: 0.4ms
[2023-12-20T09:06:07.906-0800][56518351ms] GC(3758) Eden regions: 753->0(753)
[2023-12-20T09:06:07.906-0800][56518351ms] GC(3758) Survivor regions: 30->30(98)
[2023-12-20T09:06:07.906-0800][56518351ms] GC(3758) Old regions: 191->191
[2023-12-20T09:06:07.906-0800][56518351ms] GC(3758) Humongous regions: 5->5
[2023-12-20T09:06:07.906-0800][56518351ms] GC(3758) Metaspace: 256602K->256602K(1294336K)
[2023-12-20T09:06:07.906-0800][56518351ms] GC(3758) Pause Young (Normal) (G1 Evacuation Pause) 1956M->450M(2612M) 31.206ms
[2023-12-20T09:06:07.906-0800][56518351ms] GC(3758) User=0.09s Sys=0.00s Real=0.03s
[2023-12-20T09:06:08.757-0800][56519202ms] GC(3759) Pause Young (Normal) (G1 Evacuation Pause)
[2023-12-20T09:06:08.757-0800][56519202ms] GC(3759) Using 10 workers of 10 for evacuation
[2023-12-20T09:06:08.787-0800][56519232ms] GC(3759)   Pre Evacuate Collection Set: 0.1ms
[2023-12-20T09:06:08.787-0800][56519232ms] GC(3759)   Evacuate Collection Set: 27.2ms
[2023-12-20T09:06:08.787-0800][56519232ms] GC(3759)   Post Evacuate Collection Set: 2.6ms
[2023-12-20T09:06:08.787-0800][56519232ms] GC(3759)   Other: 0.4ms
[2023-12-20T09:06:08.787-0800][56519232ms] GC(3759) Eden regions: 753->0(753)
[2023-12-20T09:06:08.787-0800][56519232ms] GC(3759) Survivor regions: 30->30(98)
[2023-12-20T09:06:08.787-0800][56519232ms] GC(3759) Old regions: 191->191
[2023-12-20T09:06:08.787-0800][56519232ms] GC(3759) Humongous regions: 5->5
[2023-12-20T09:06:08.787-0800][56519232ms] GC(3759) Metaspace: 256602K->256602K(1294336K)
[2023-12-20T09:06:08.787-0800][56519232ms] GC(3759) Pause Young (Normal) (G1 Evacuation Pause) 1956M->451M(2612M) 30.360ms
[2023-12-20T09:06:08.787-0800][56519232ms] GC(3759) User=0.05s Sys=0.00s Real=0.03s
[2023-12-20T09:06:09.684-0800][56520129ms] GC(3760) Pause Young (Normal) (G1 Evacuation Pause)
[2023-12-20T09:06:09.684-0800][56520129ms] GC(3760) Using 10 workers of 10 for evacuation
[2023-12-20T09:06:09.720-0800][56520165ms] GC(3760)   Pre Evacuate Collection Set: 0.0ms
[2023-12-20T09:06:09.720-0800][56520165ms] GC(3760)   Evacuate Collection Set: 28.4ms
[2023-12-20T09:06:09.720-0800][56520165ms] GC(3760)   Post Evacuate Collection Set: 6.9ms
[2023-12-20T09:06:09.720-0800][56520165ms] GC(3760)   Other: 0.5ms
[2023-12-20T09:06:09.720-0800][56520165ms] GC(3760) Eden regions: 753->0(754)
[2023-12-20T09:06:09.720-0800][56520165ms] GC(3760) Survivor regions: 30->29(98)
[2023-12-20T09:06:09.720-0800][56520165ms] GC(3760) Old regions: 191->191
[2023-12-20T09:06:09.720-0800][56520165ms] GC(3760) Humongous regions: 5->5
[2023-12-20T09:06:09.720-0800][56520165ms] GC(3760) Metaspace: 256602K->256602K(1294336K)
[2023-12-20T09:06:09.720-0800][56520165ms] GC(3760) Pause Young (Normal) (G1 Evacuation Pause) 1957M->449M(2612M) 35.866ms
[2023-12-20T09:06:09.720-0800][56520165ms] GC(3760) User=0.14s Sys=0.00s Real=0.04s
[2023-12-20T09:06:10.679-0800][56521124ms] GC(3761) Pause Young (Normal) (G1 Evacuation Pause)
[2023-12-20T09:06:10.679-0800][56521124ms] GC(3761) Using 10 workers of 10 for evacuation
[2023-12-20T09:06:10.710-0800][56521155ms] GC(3761)   Pre Evacuate Collection Set: 0.0ms
[2023-12-20T09:06:10.710-0800][56521155ms] GC(3761)   Evacuate Collection Set: 29.1ms
[2023-12-20T09:06:10.710-0800][56521155ms] GC(3761)   Post Evacuate Collection Set: 2.3ms
[2023-12-20T09:06:10.710-0800][56521155ms] GC(3761)   Other: 0.4ms
[2023-12-20T09:06:10.710-0800][56521155ms] GC(3761) Eden regions: 754->0(753)
[2023-12-20T09:06:10.710-0800][56521155ms] GC(3761) Survivor regions: 29->30(98)
[2023-12-20T09:06:10.710-0800][56521155ms] GC(3761) Old regions: 191->191
[2023-12-20T09:06:10.710-0800][56521155ms] GC(3761) Humongous regions: 5->5
[2023-12-20T09:06:10.710-0800][56521155ms] GC(3761) Metaspace: 256602K->256602K(1294336K)
[2023-12-20T09:06:10.710-0800][56521155ms] GC(3761) Pause Young (Normal) (G1 Evacuation Pause) 1957M->450M(2612M) 31.940ms
[2023-12-20T09:06:10.710-0800][56521155ms] GC(3761) User=0.09s Sys=0.00s Real=0.03s
[2023-12-20T09:06:11.609-0800][56522054ms] GC(3762) Pause Young (Normal) (G1 Evacuation Pause)
[2023-12-20T09:06:11.609-0800][56522054ms] GC(3762) Using 10 workers of 10 for evacuation
[2023-12-20T09:06:11.641-0800][56522086ms] GC(3762)   Pre Evacuate Collection Set: 0.0ms
[2023-12-20T09:06:11.641-0800][56522086ms] GC(3762)   Evacuate Collection Set: 28.1ms
[2023-12-20T09:06:11.641-0800][56522086ms] GC(3762)   Post Evacuate Collection Set: 2.5ms
[2023-12-20T09:06:11.641-0800][56522086ms] GC(3762)   Other: 0.4ms
[2023-12-20T09:06:11.641-0800][56522086ms] GC(3762) Eden regions: 753->0(753)
[2023-12-20T09:06:11.641-0800][56522086ms] GC(3762) Survivor regions: 30->30(98)
[2023-12-20T09:06:11.641-0800][56522086ms] GC(3762) Old regions: 191->191
[2023-12-20T09:06:11.641-0800][56522086ms] GC(3762) Humongous regions: 5->5
[2023-12-20T09:06:11.641-0800][56522086ms] GC(3762) Metaspace: 256602K->256602K(1294336K)
[2023-12-20T09:06:11.641-0800][56522086ms] GC(3762) Pause Young (Normal) (G1 Evacuation Pause) 1956M->451M(2612M) 31.174ms
[2023-12-20T09:06:11.641-0800][56522086ms] GC(3762) User=0.11s Sys=0.00s Real=0.03s
[2023-12-20T09:06:12.577-0800][56523022ms] GC(3763) Pause Young (Normal) (G1 Evacuation Pause)
[2023-12-20T09:06:12.578-0800][56523023ms] GC(3763) Using 10 workers of 10 for evacuation
[2023-12-20T09:06:12.609-0800][56523054ms] GC(3763)   Pre Evacuate Collection Set: 0.1ms
[2023-12-20T09:06:12.609-0800][56523054ms] GC(3763)   Evacuate Collection Set: 28.0ms
[2023-12-20T09:06:12.609-0800][56523054ms] GC(3763)   Post Evacuate Collection Set: 2.5ms
[2023-12-20T09:06:12.609-0800][56523054ms] GC(3763)   Other: 0.4ms
[2023-12-20T09:06:12.609-0800][56523054ms] GC(3763) Eden regions: 753->0(753)
[2023-12-20T09:06:12.609-0800][56523054ms] GC(3763) Survivor regions: 30->30(98)
[2023-12-20T09:06:12.609-0800][56523054ms] GC(3763) Old regions: 191->191
[2023-12-20T09:06:12.609-0800][56523054ms] GC(3763) Humongous regions: 5->5
[2023-12-20T09:06:12.609-0800][56523054ms] GC(3763) Metaspace: 256602K->256602K(1294336K)
[2023-12-20T09:06:12.609-0800][56523054ms] GC(3763) Pause Young (Normal) (G1 Evacuation Pause) 1957M->450M(2612M) 31.162ms
[2023-12-20T09:06:12.609-0800][56523054ms] GC(3763) User=0.13s Sys=0.00s Real=0.03s
[2023-12-20T09:06:13.610-0800][56524055ms] GC(3764) Pause Young (Normal) (GCLocker Initiated GC)
[2023-12-20T09:06:13.610-0800][56524055ms] GC(3764) Using 10 workers of 10 for evacuation
[2023-12-20T09:06:13.640-0800][56524085ms] GC(3764)   Pre Evacuate Collection Set: 0.0ms
[2023-12-20T09:06:13.640-0800][56524085ms] GC(3764)   Evacuate Collection Set: 27.5ms
[2023-12-20T09:06:13.640-0800][56524085ms] GC(3764)   Post Evacuate Collection Set: 2.7ms
[2023-12-20T09:06:13.640-0800][56524085ms] GC(3764)   Other: 0.4ms
[2023-12-20T09:06:13.640-0800][56524085ms] GC(3764) Eden regions: 754->0(754)
[2023-12-20T09:06:13.640-0800][56524085ms] GC(3764) Survivor regions: 30->29(98)
[2023-12-20T09:06:13.640-0800][56524085ms] GC(3764) Old regions: 191->191
[2023-12-20T09:06:13.640-0800][56524085ms] GC(3764) Humongous regions: 5->5
[2023-12-20T09:06:13.640-0800][56524085ms] GC(3764) Metaspace: 256602K->256602K(1294336K)
[2023-12-20T09:06:13.640-0800][56524085ms] GC(3764) Pause Young (Normal) (GCLocker Initiated GC) 1957M->449M(2612M) 30.719ms
[2023-12-20T09:06:13.640-0800][56524085ms] GC(3764) User=0.14s Sys=0.00s Real=0.03s
[2023-12-20T09:06:14.599-0800][56525044ms] GC(3765) Pause Young (Normal) (GCLocker Initiated GC)
[2023-12-20T09:06:14.599-0800][56525044ms] GC(3765) Using 10 workers of 10 for evacuation
[2023-12-20T09:06:14.635-0800][56525080ms] GC(3765)   Pre Evacuate Collection Set: 0.0ms
[2023-12-20T09:06:14.635-0800][56525080ms] GC(3765)   Evacuate Collection Set: 33.2ms
[2023-12-20T09:06:14.635-0800][56525080ms] GC(3765)   Post Evacuate Collection Set: 2.5ms
[2023-12-20T09:06:14.635-0800][56525080ms] GC(3765)   Other: 0.4ms
[2023-12-20T09:06:14.635-0800][56525080ms] GC(3765) Eden regions: 754->0(753)
[2023-12-20T09:06:14.635-0800][56525080ms] GC(3765) Survivor regions: 29->30(98)
[2023-12-20T09:06:14.635-0800][56525080ms] GC(3765) Old regions: 191->191
[2023-12-20T09:06:14.635-0800][56525080ms] GC(3765) Humongous regions: 5->5
[2023-12-20T09:06:14.635-0800][56525080ms] GC(3765) Metaspace: 256602K->256602K(1294336K)
[2023-12-20T09:06:14.635-0800][56525080ms] GC(3765) Pause Young (Normal) (GCLocker Initiated GC) 1957M->450M(2612M) 36.213ms
[2023-12-20T09:06:14.635-0800][56525080ms] GC(3765) User=0.17s Sys=0.00s Real=0.04s
[2023-12-20T09:06:15.697-0800][56526142ms] GC(3766) Pause Young (Normal) (G1 Evacuation Pause)
[2023-12-20T09:06:15.697-0800][56526142ms] GC(3766) Using 10 workers of 10 for evacuation
[2023-12-20T09:06:15.730-0800][56526175ms] GC(3766)   Pre Evacuate Collection Set: 0.0ms
[2023-12-20T09:06:15.730-0800][56526175ms] GC(3766)   Evacuate Collection Set: 29.2ms
[2023-12-20T09:06:15.730-0800][56526175ms] GC(3766)   Post Evacuate Collection Set: 2.6ms
[2023-12-20T09:06:15.730-0800][56526175ms] GC(3766)   Other: 0.4ms
[2023-12-20T09:06:15.730-0800][56526175ms] GC(3766) Eden regions: 753->0(754)
[2023-12-20T09:06:15.730-0800][56526175ms] GC(3766) Survivor regions: 30->29(98)
[2023-12-20T09:06:15.730-0800][56526175ms] GC(3766) Old regions: 191->191
[2023-12-20T09:06:15.730-0800][56526175ms] GC(3766) Humongous regions: 5->5
[2023-12-20T09:06:15.730-0800][56526175ms] GC(3766) Metaspace: 256602K->256602K(1294336K)
[2023-12-20T09:06:15.730-0800][56526175ms] GC(3766) Pause Young (Normal) (G1 Evacuation Pause) 1956M->449M(2612M) 32.306ms
[2023-12-20T09:06:15.731-0800][56526176ms] GC(3766) User=0.14s Sys=0.00s Real=0.03s
[2023-12-20T09:06:16.680-0800][56527125ms] GC(3767) Pause Young (Normal) (G1 Evacuation Pause)
[2023-12-20T09:06:16.680-0800][56527125ms] GC(3767) Using 10 workers of 10 for evacuation
[2023-12-20T09:06:16.714-0800][56527159ms] GC(3767)   Pre Evacuate Collection Set: 0.0ms
[2023-12-20T09:06:16.714-0800][56527159ms] GC(3767)   Evacuate Collection Set: 30.8ms
[2023-12-20T09:06:16.714-0800][56527159ms] GC(3767)   Post Evacuate Collection Set: 3.0ms
[2023-12-20T09:06:16.714-0800][56527159ms] GC(3767)   Other: 0.4ms
[2023-12-20T09:06:16.714-0800][56527159ms] GC(3767) Eden regions: 754->0(754)
[2023-12-20T09:06:16.714-0800][56527159ms] GC(3767) Survivor regions: 29->29(98)
[2023-12-20T09:06:16.714-0800][56527159ms] GC(3767) Old regions: 191->191
[2023-12-20T09:06:16.714-0800][56527159ms] GC(3767) Humongous regions: 5->5
[2023-12-20T09:06:16.714-0800][56527159ms] GC(3767) Metaspace: 256602K->256602K(1294336K)
[2023-12-20T09:06:16.714-0800][56527159ms] GC(3767) Pause Young (Normal) (G1 Evacuation Pause) 1957M->449M(2612M) 34.287ms
[2023-12-20T09:06:16.714-0800][56527159ms] GC(3767) User=0.11s Sys=0.00s Real=0.03s
[2023-12-20T09:06:17.712-0800][56528157ms] GC(3768) Pause Young (Normal) (G1 Evacuation Pause)
[2023-12-20T09:06:17.712-0800][56528157ms] GC(3768) Using 10 workers of 10 for evacuation
[2023-12-20T09:06:17.743-0800][56528188ms] GC(3768)   Pre Evacuate Collection Set: 0.1ms
[2023-12-20T09:06:17.743-0800][56528188ms] GC(3768)   Evacuate Collection Set: 28.0ms
[2023-12-20T09:06:17.743-0800][56528188ms] GC(3768)   Post Evacuate Collection Set: 2.6ms
[2023-12-20T09:06:17.743-0800][56528188ms] GC(3768)   Other: 0.5ms
[2023-12-20T09:06:17.743-0800][56528188ms] GC(3768) Eden regions: 754->0(754)
[2023-12-20T09:06:17.743-0800][56528188ms] GC(3768) Survivor regions: 29->29(98)
[2023-12-20T09:06:17.743-0800][56528188ms] GC(3768) Old regions: 191->191
[2023-12-20T09:06:17.743-0800][56528188ms] GC(3768) Humongous regions: 5->5
[2023-12-20T09:06:17.743-0800][56528188ms] GC(3768) Metaspace: 256602K->256602K(1294336K)
[2023-12-20T09:06:17.743-0800][56528188ms] GC(3768) Pause Young (Normal) (G1 Evacuation Pause) 1957M->449M(2612M) 31.195ms
[2023-12-20T09:06:17.743-0800][56528188ms] GC(3768) User=0.16s Sys=0.00s Real=0.03s
[2023-12-20T09:06:18.647-0800][56529092ms] GC(3769) Pause Young (Normal) (G1 Evacuation Pause)
[2023-12-20T09:06:18.647-0800][56529092ms] GC(3769) Using 10 workers of 10 for evacuation
[2023-12-20T09:06:18.677-0800][56529122ms] GC(3769)   Pre Evacuate Collection Set: 0.0ms
[2023-12-20T09:06:18.677-0800][56529122ms] GC(3769)   Evacuate Collection Set: 27.5ms
[2023-12-20T09:06:18.677-0800][56529122ms] GC(3769)   Post Evacuate Collection Set: 3.0ms
[2023-12-20T09:06:18.677-0800][56529122ms] GC(3769)   Other: 0.4ms
[2023-12-20T09:06:18.677-0800][56529122ms] GC(3769) Eden regions: 754->0(753)
[2023-12-20T09:06:18.677-0800][56529122ms] GC(3769) Survivor regions: 29->30(98)
[2023-12-20T09:06:18.677-0800][56529122ms] GC(3769) Old regions: 191->191
[2023-12-20T09:06:18.677-0800][56529122ms] GC(3769) Humongous regions: 5->5
[2023-12-20T09:06:18.677-0800][56529122ms] GC(3769) Metaspace: 256602K->256602K(1294336K)
[2023-12-20T09:06:18.677-0800][56529122ms] GC(3769) Pause Young (Normal) (G1 Evacuation Pause) 1957M->451M(2612M) 31.064ms
[2023-12-20T09:06:18.677-0800][56529122ms] GC(3769) User=0.20s Sys=0.00s Real=0.03s
[2023-12-20T09:06:19.607-0800][56530052ms] GC(3770) Pause Young (Normal) (G1 Evacuation Pause)
[2023-12-20T09:06:19.607-0800][56530052ms] GC(3770) Using 10 workers of 10 for evacuation
[2023-12-20T09:06:19.638-0800][56530083ms] GC(3770)   Pre Evacuate Collection Set: 0.0ms
[2023-12-20T09:06:19.638-0800][56530083ms] GC(3770)   Evacuate Collection Set: 27.5ms
[2023-12-20T09:06:19.638-0800][56530083ms] GC(3770)   Post Evacuate Collection Set: 2.4ms
[2023-12-20T09:06:19.638-0800][56530083ms] GC(3770)   Other: 0.4ms
[2023-12-20T09:06:19.638-0800][56530083ms] GC(3770) Eden regions: 753->0(753)
[2023-12-20T09:06:19.638-0800][56530083ms] GC(3770) Survivor regions: 30->30(98)
[2023-12-20T09:06:19.638-0800][56530083ms] GC(3770) Old regions: 191->191
[2023-12-20T09:06:19.638-0800][56530083ms] GC(3770) Humongous regions: 5->5
[2023-12-20T09:06:19.638-0800][56530083ms] GC(3770) Metaspace: 256602K->256602K(1294336K)
[2023-12-20T09:06:19.638-0800][56530083ms] GC(3770) Pause Young (Normal) (G1 Evacuation Pause) 1957M->450M(2612M) 30.461ms
[2023-12-20T09:06:19.638-0800][56530083ms] GC(3770) User=0.13s Sys=0.00s Real=0.03s
[2023-12-20T09:06:20.511-0800][56530956ms] GC(3771) Pause Young (Normal) (G1 Evacuation Pause)
[2023-12-20T09:06:20.511-0800][56530956ms] GC(3771) Using 10 workers of 10 for evacuation
[2023-12-20T09:06:20.541-0800][56530986ms] GC(3771)   Pre Evacuate Collection Set: 0.0ms
[2023-12-20T09:06:20.541-0800][56530986ms] GC(3771)   Evacuate Collection Set: 26.4ms
[2023-12-20T09:06:20.541-0800][56530986ms] GC(3771)   Post Evacuate Collection Set: 2.9ms
[2023-12-20T09:06:20.541-0800][56530986ms] GC(3771)   Other: 0.4ms
[2023-12-20T09:06:20.541-0800][56530986ms] GC(3771) Eden regions: 753->0(753)
[2023-12-20T09:06:20.541-0800][56530986ms] GC(3771) Survivor regions: 30->30(98)
[2023-12-20T09:06:20.541-0800][56530986ms] GC(3771) Old regions: 191->191
[2023-12-20T09:06:20.541-0800][56530986ms] GC(3771) Humongous regions: 5->5
[2023-12-20T09:06:20.541-0800][56530986ms] GC(3771) Metaspace: 256602K->256602K(1294336K)
[2023-12-20T09:06:20.541-0800][56530986ms] GC(3771) Pause Young (Normal) (G1 Evacuation Pause) 1956M->450M(2612M) 29.814ms
[2023-12-20T09:06:20.541-0800][56530986ms] GC(3771) User=0.09s Sys=0.00s Real=0.03s
[2023-12-20T09:06:21.459-0800][56531904ms] GC(3772) Pause Young (Normal) (G1 Evacuation Pause)
[2023-12-20T09:06:21.459-0800][56531904ms] GC(3772) Using 10 workers of 10 for evacuation
[2023-12-20T09:06:21.490-0800][56531935ms] GC(3772)   Pre Evacuate Collection Set: 0.0ms
[2023-12-20T09:06:21.490-0800][56531935ms] GC(3772)   Evacuate Collection Set: 27.7ms
[2023-12-20T09:06:21.490-0800][56531935ms] GC(3772)   Post Evacuate Collection Set: 2.4ms
[2023-12-20T09:06:21.490-0800][56531935ms] GC(3772)   Other: 0.4ms
[2023-12-20T09:06:21.490-0800][56531935ms] GC(3772) Eden regions: 753->0(753)
[2023-12-20T09:06:21.490-0800][56531935ms] GC(3772) Survivor regions: 30->30(98)
[2023-12-20T09:06:21.490-0800][56531935ms] GC(3772) Old regions: 191->191
[2023-12-20T09:06:21.490-0800][56531935ms] GC(3772) Humongous regions: 5->5
[2023-12-20T09:06:21.490-0800][56531935ms] GC(3772) Metaspace: 256602K->256602K(1294336K)
[2023-12-20T09:06:21.490-0800][56531935ms] GC(3772) Pause Young (Normal) (G1 Evacuation Pause) 1956M->450M(2612M) 30.700ms
[2023-12-20T09:06:21.490-0800][56531935ms] GC(3772) User=0.08s Sys=0.00s Real=0.03s
[2023-12-20T09:06:22.373-0800][56532818ms] GC(3773) Pause Young (Normal) (G1 Evacuation Pause)
[2023-12-20T09:06:22.373-0800][56532818ms] GC(3773) Using 10 workers of 10 for evacuation
[2023-12-20T09:06:22.403-0800][56532848ms] GC(3773)   Pre Evacuate Collection Set: 0.0ms
[2023-12-20T09:06:22.403-0800][56532848ms] GC(3773)   Evacuate Collection Set: 27.2ms
[2023-12-20T09:06:22.403-0800][56532848ms] GC(3773)   Post Evacuate Collection Set: 2.4ms
[2023-12-20T09:06:22.403-0800][56532848ms] GC(3773)   Other: 0.4ms
[2023-12-20T09:06:22.403-0800][56532848ms] GC(3773) Eden regions: 753->0(753)
[2023-12-20T09:06:22.403-0800][56532848ms] GC(3773) Survivor regions: 30->30(98)
[2023-12-20T09:06:22.403-0800][56532848ms] GC(3773) Old regions: 191->191
[2023-12-20T09:06:22.403-0800][56532848ms] GC(3773) Humongous regions: 5->5
[2023-12-20T09:06:22.403-0800][56532848ms] GC(3773) Metaspace: 256602K->256602K(1294336K)
[2023-12-20T09:06:22.403-0800][56532848ms] GC(3773) Pause Young (Normal) (G1 Evacuation Pause) 1956M->450M(2612M) 30.183ms
[2023-12-20T09:06:22.403-0800][56532848ms] GC(3773) User=0.13s Sys=0.00s Real=0.03s
[2023-12-20T09:06:23.274-0800][56533719ms] GC(3774) Pause Young (Normal) (G1 Evacuation Pause)
[2023-12-20T09:06:23.274-0800][56533719ms] GC(3774) Using 10 workers of 10 for evacuation
[2023-12-20T09:06:23.305-0800][56533750ms] GC(3774)   Pre Evacuate Collection Set: 0.1ms
[2023-12-20T09:06:23.305-0800][56533750ms] GC(3774)   Evacuate Collection Set: 27.7ms
[2023-12-20T09:06:23.305-0800][56533750ms] GC(3774)   Post Evacuate Collection Set: 2.5ms
[2023-12-20T09:06:23.305-0800][56533750ms] GC(3774)   Other: 0.5ms
[2023-12-20T09:06:23.305-0800][56533750ms] GC(3774) Eden regions: 753->0(753)
[2023-12-20T09:06:23.305-0800][56533750ms] GC(3774) Survivor regions: 30->30(98)
[2023-12-20T09:06:23.305-0800][56533750ms] GC(3774) Old regions: 191->191
[2023-12-20T09:06:23.305-0800][56533750ms] GC(3774) Humongous regions: 5->5
[2023-12-20T09:06:23.305-0800][56533750ms] GC(3774) Metaspace: 256602K->256602K(1294336K)
[2023-12-20T09:06:23.305-0800][56533750ms] GC(3774) Pause Young (Normal) (G1 Evacuation Pause) 1956M->451M(2612M) 30.841ms
[2023-12-20T09:06:23.305-0800][56533750ms] GC(3774) User=0.09s Sys=0.00s Real=0.03s
[2023-12-20T09:06:24.234-0800][56534679ms] GC(3775) Pause Young (Normal) (G1 Evacuation Pause)
[2023-12-20T09:06:24.234-0800][56534679ms] GC(3775) Using 10 workers of 10 for evacuation
[2023-12-20T09:06:24.264-0800][56534709ms] GC(3775)   Pre Evacuate Collection Set: 0.0ms
[2023-12-20T09:06:24.264-0800][56534709ms] GC(3775)   Evacuate Collection Set: 27.8ms
[2023-12-20T09:06:24.264-0800][56534709ms] GC(3775)   Post Evacuate Collection Set: 2.7ms
[2023-12-20T09:06:24.264-0800][56534709ms] GC(3775)   Other: 0.4ms
[2023-12-20T09:06:24.264-0800][56534709ms] GC(3775) Eden regions: 753->0(753)
[2023-12-20T09:06:24.264-0800][56534709ms] GC(3775) Survivor regions: 30->30(98)
[2023-12-20T09:06:24.264-0800][56534709ms] GC(3775) Old regions: 191->191
[2023-12-20T09:06:24.264-0800][56534709ms] GC(3775) Humongous regions: 5->5
[2023-12-20T09:06:24.264-0800][56534709ms] GC(3775) Metaspace: 256602K->256602K(1294336K)
[2023-12-20T09:06:24.264-0800][56534709ms] GC(3775) Pause Young (Normal) (G1 Evacuation Pause) 1957M->451M(2612M) 30.997ms
[2023-12-20T09:06:24.264-0800][56534709ms] GC(3775) User=0.11s Sys=0.00s Real=0.03s
[2023-12-20T09:06:25.165-0800][56535610ms] GC(3776) Pause Young (Normal) (G1 Evacuation Pause)
[2023-12-20T09:06:25.165-0800][56535610ms] GC(3776) Using 10 workers of 10 for evacuation
[2023-12-20T09:06:25.199-0800][56535644ms] GC(3776)   Pre Evacuate Collection Set: 0.0ms
[2023-12-20T09:06:25.199-0800][56535644ms] GC(3776)   Evacuate Collection Set: 29.6ms
[2023-12-20T09:06:25.199-0800][56535644ms] GC(3776)   Post Evacuate Collection Set: 3.6ms
[2023-12-20T09:06:25.199-0800][56535644ms] GC(3776)   Other: 0.4ms
[2023-12-20T09:06:25.199-0800][56535644ms] GC(3776) Eden regions: 753->0(754)
[2023-12-20T09:06:25.199-0800][56535644ms] GC(3776) Survivor regions: 30->29(98)
[2023-12-20T09:06:25.199-0800][56535644ms] GC(3776) Old regions: 191->191
[2023-12-20T09:06:25.199-0800][56535644ms] GC(3776) Humongous regions: 5->5
[2023-12-20T09:06:25.199-0800][56535644ms] GC(3776) Metaspace: 256602K->256602K(1294336K)
[2023-12-20T09:06:25.199-0800][56535644ms] GC(3776) Pause Young (Normal) (G1 Evacuation Pause) 1957M->449M(2612M) 33.704ms
[2023-12-20T09:06:25.199-0800][56535644ms] GC(3776) User=0.17s Sys=0.00s Real=0.03s
[2023-12-20T09:06:26.236-0800][56536681ms] GC(3777) Pause Young (Normal) (G1 Evacuation Pause)
[2023-12-20T09:06:26.236-0800][56536681ms] GC(3777) Using 10 workers of 10 for evacuation
[2023-12-20T09:06:26.269-0800][56536714ms] GC(3777)   Pre Evacuate Collection Set: 0.0ms
[2023-12-20T09:06:26.269-0800][56536714ms] GC(3777)   Evacuate Collection Set: 28.6ms
[2023-12-20T09:06:26.269-0800][56536714ms] GC(3777)   Post Evacuate Collection Set: 3.5ms
[2023-12-20T09:06:26.269-0800][56536714ms] GC(3777)   Other: 0.4ms
[2023-12-20T09:06:26.269-0800][56536714ms] GC(3777) Eden regions: 754->0(754)
[2023-12-20T09:06:26.269-0800][56536714ms] GC(3777) Survivor regions: 29->29(98)
[2023-12-20T09:06:26.269-0800][56536714ms] GC(3777) Old regions: 191->191
[2023-12-20T09:06:26.269-0800][56536714ms] GC(3777) Humongous regions: 5->5
[2023-12-20T09:06:26.269-0800][56536714ms] GC(3777) Metaspace: 256602K->256602K(1294336K)
[2023-12-20T09:06:26.269-0800][56536714ms] GC(3777) Pause Young (Normal) (G1 Evacuation Pause) 1957M->449M(2612M) 32.620ms
[2023-12-20T09:06:26.269-0800][56536714ms] GC(3777) User=0.16s Sys=0.00s Real=0.03s
[2023-12-20T09:06:27.189-0800][56537634ms] GC(3778) Pause Young (Normal) (G1 Evacuation Pause)
[2023-12-20T09:06:27.189-0800][56537634ms] GC(3778) Using 10 workers of 10 for evacuation
[2023-12-20T09:06:27.219-0800][56537664ms] GC(3778)   Pre Evacuate Collection Set: 0.0ms
[2023-12-20T09:06:27.219-0800][56537664ms] GC(3778)   Evacuate Collection Set: 27.5ms
[2023-12-20T09:06:27.219-0800][56537664ms] GC(3778)   Post Evacuate Collection Set: 2.4ms
[2023-12-20T09:06:27.219-0800][56537664ms] GC(3778)   Other: 0.3ms
[2023-12-20T09:06:27.219-0800][56537664ms] GC(3778) Eden regions: 754->0(753)
[2023-12-20T09:06:27.219-0800][56537664ms] GC(3778) Survivor regions: 29->30(98)
[2023-12-20T09:06:27.219-0800][56537664ms] GC(3778) Old regions: 191->191
[2023-12-20T09:06:27.219-0800][56537664ms] GC(3778) Humongous regions: 5->5
[2023-12-20T09:06:27.219-0800][56537664ms] GC(3778) Metaspace: 256602K->256602K(1294336K)
[2023-12-20T09:06:27.219-0800][56537664ms] GC(3778) Pause Young (Normal) (G1 Evacuation Pause) 1957M->450M(2612M) 30.366ms
[2023-12-20T09:06:27.219-0800][56537664ms] GC(3778) User=0.11s Sys=0.00s Real=0.03s
[2023-12-20T09:06:28.174-0800][56538619ms] GC(3779) Pause Young (Normal) (G1 Evacuation Pause)
[2023-12-20T09:06:28.174-0800][56538619ms] GC(3779) Using 10 workers of 10 for evacuation
[2023-12-20T09:06:28.205-0800][56538650ms] GC(3779)   Pre Evacuate Collection Set: 0.0ms
[2023-12-20T09:06:28.205-0800][56538650ms] GC(3779)   Evacuate Collection Set: 28.6ms
[2023-12-20T09:06:28.205-0800][56538650ms] GC(3779)   Post Evacuate Collection Set: 3.0ms
[2023-12-20T09:06:28.205-0800][56538650ms] GC(3779)   Other: 0.4ms
[2023-12-20T09:06:28.205-0800][56538650ms] GC(3779) Eden regions: 753->0(753)
[2023-12-20T09:06:28.205-0800][56538650ms] GC(3779) Survivor regions: 30->30(98)
[2023-12-20T09:06:28.205-0800][56538650ms] GC(3779) Old regions: 191->191
[2023-12-20T09:06:28.205-0800][56538650ms] GC(3779) Humongous regions: 5->5
[2023-12-20T09:06:28.205-0800][56538650ms] GC(3779) Metaspace: 256602K->256602K(1294336K)
[2023-12-20T09:06:28.205-0800][56538650ms] GC(3779) Pause Young (Normal) (G1 Evacuation Pause) 1956M->450M(2612M) 32.141ms
[2023-12-20T09:06:28.206-0800][56538651ms] GC(3779) User=0.14s Sys=0.00s Real=0.03s
[2023-12-20T09:06:29.165-0800][56539610ms] GC(3780) Pause Young (Normal) (G1 Evacuation Pause)
[2023-12-20T09:06:29.165-0800][56539610ms] GC(3780) Using 10 workers of 10 for evacuation
[2023-12-20T09:06:29.195-0800][56539640ms] GC(3780)   Pre Evacuate Collection Set: 0.0ms
[2023-12-20T09:06:29.195-0800][56539640ms] GC(3780)   Evacuate Collection Set: 27.9ms
[2023-12-20T09:06:29.195-0800][56539640ms] GC(3780)   Post Evacuate Collection Set: 2.5ms
[2023-12-20T09:06:29.195-0800][56539640ms] GC(3780)   Other: 0.3ms
[2023-12-20T09:06:29.195-0800][56539640ms] GC(3780) Eden regions: 753->0(753)
[2023-12-20T09:06:29.195-0800][56539640ms] GC(3780) Survivor regions: 30->30(98)
[2023-12-20T09:06:29.195-0800][56539640ms] GC(3780) Old regions: 191->191
[2023-12-20T09:06:29.195-0800][56539640ms] GC(3780) Humongous regions: 5->5
[2023-12-20T09:06:29.195-0800][56539640ms] GC(3780) Metaspace: 256602K->256602K(1294336K)
[2023-12-20T09:06:29.195-0800][56539640ms] GC(3780) Pause Young (Normal) (G1 Evacuation Pause) 1956M->450M(2612M) 30.870ms
[2023-12-20T09:06:29.195-0800][56539640ms] GC(3780) User=0.08s Sys=0.00s Real=0.03s
[2023-12-20T09:06:30.146-0800][56540591ms] GC(3781) Pause Young (Normal) (G1 Evacuation Pause)
[2023-12-20T09:06:30.146-0800][56540591ms] GC(3781) Using 10 workers of 10 for evacuation
[2023-12-20T09:06:30.175-0800][56540620ms] GC(3781)   Pre Evacuate Collection Set: 0.0ms
[2023-12-20T09:06:30.176-0800][56540621ms] GC(3781)   Evacuate Collection Set: 26.7ms
[2023-12-20T09:06:30.176-0800][56540621ms] GC(3781)   Post Evacuate Collection Set: 2.3ms
[2023-12-20T09:06:30.176-0800][56540621ms] GC(3781)   Other: 0.4ms
[2023-12-20T09:06:30.176-0800][56540621ms] GC(3781) Eden regions: 753->0(752)
[2023-12-20T09:06:30.176-0800][56540621ms] GC(3781) Survivor regions: 30->31(98)
[2023-12-20T09:06:30.176-0800][56540621ms] GC(3781) Old regions: 191->191
[2023-12-20T09:06:30.176-0800][56540621ms] GC(3781) Humongous regions: 5->5
[2023-12-20T09:06:30.176-0800][56540621ms] GC(3781) Metaspace: 256602K->256602K(1294336K)
[2023-12-20T09:06:30.176-0800][56540621ms] GC(3781) Pause Young (Normal) (G1 Evacuation Pause) 1956M->453M(2612M) 29.543ms
[2023-12-20T09:06:30.176-0800][56540621ms] GC(3781) User=0.14s Sys=0.00s Real=0.03s
[2023-12-20T09:06:31.038-0800][56541483ms] GC(3782) Pause Young (Normal) (G1 Evacuation Pause)
[2023-12-20T09:06:31.038-0800][56541483ms] GC(3782) Using 10 workers of 10 for evacuation
[2023-12-20T09:06:31.068-0800][56541513ms] GC(3782)   Pre Evacuate Collection Set: 0.0ms
[2023-12-20T09:06:31.068-0800][56541513ms] GC(3782)   Evacuate Collection Set: 26.8ms
[2023-12-20T09:06:31.068-0800][56541513ms] GC(3782)   Post Evacuate Collection Set: 2.4ms
[2023-12-20T09:06:31.068-0800][56541513ms] GC(3782)   Other: 0.3ms
[2023-12-20T09:06:31.068-0800][56541513ms] GC(3782) Eden regions: 752->0(753)
[2023-12-20T09:06:31.068-0800][56541513ms] GC(3782) Survivor regions: 31->30(98)
[2023-12-20T09:06:31.068-0800][56541513ms] GC(3782) Old regions: 191->191
[2023-12-20T09:06:31.068-0800][56541513ms] GC(3782) Humongous regions: 5->5
[2023-12-20T09:06:31.068-0800][56541513ms] GC(3782) Metaspace: 256602K->256602K(1294336K)
[2023-12-20T09:06:31.068-0800][56541513ms] GC(3782) Pause Young (Normal) (G1 Evacuation Pause) 1957M->451M(2612M) 29.636ms
[2023-12-20T09:06:31.068-0800][56541513ms] GC(3782) User=0.09s Sys=0.00s Real=0.03s
[2023-12-20T09:06:32.015-0800][56542460ms] GC(3783) Pause Young (Normal) (G1 Evacuation Pause)
[2023-12-20T09:06:32.015-0800][56542460ms] GC(3783) Using 10 workers of 10 for evacuation
[2023-12-20T09:06:32.052-0800][56542497ms] GC(3783)   Pre Evacuate Collection Set: 0.0ms
[2023-12-20T09:06:32.052-0800][56542497ms] GC(3783)   Evacuate Collection Set: 33.1ms
[2023-12-20T09:06:32.052-0800][56542497ms] GC(3783)   Post Evacuate Collection Set: 3.3ms
[2023-12-20T09:06:32.052-0800][56542497ms] GC(3783)   Other: 0.4ms
[2023-12-20T09:06:32.052-0800][56542497ms] GC(3783) Eden regions: 753->0(752)
[2023-12-20T09:06:32.052-0800][56542497ms] GC(3783) Survivor regions: 30->31(98)
[2023-12-20T09:06:32.052-0800][56542497ms] GC(3783) Old regions: 191->191
[2023-12-20T09:06:32.052-0800][56542497ms] GC(3783) Humongous regions: 5->5
[2023-12-20T09:06:32.052-0800][56542497ms] GC(3783) Metaspace: 256602K->256602K(1294336K)
[2023-12-20T09:06:32.052-0800][56542497ms] GC(3783) Pause Young (Normal) (G1 Evacuation Pause) 1957M->452M(2612M) 36.963ms
[2023-12-20T09:06:32.052-0800][56542497ms] GC(3783) User=0.17s Sys=0.00s Real=0.04s
[2023-12-20T09:06:33.202-0800][56543647ms] GC(3784) Pause Young (Normal) (G1 Evacuation Pause)
[2023-12-20T09:06:33.203-0800][56543648ms] GC(3784) Using 10 workers of 10 for evacuation
[2023-12-20T09:06:33.248-0800][56543693ms] GC(3784)   Pre Evacuate Collection Set: 0.0ms
[2023-12-20T09:06:33.248-0800][56543693ms] GC(3784)   Evacuate Collection Set: 43.1ms
[2023-12-20T09:06:33.248-0800][56543693ms] GC(3784)   Post Evacuate Collection Set: 2.9ms
[2023-12-20T09:06:33.248-0800][56543693ms] GC(3784)   Other: 0.4ms
[2023-12-20T09:06:33.248-0800][56543693ms] GC(3784) Eden regions: 752->0(752)
[2023-12-20T09:06:33.248-0800][56543693ms] GC(3784) Survivor regions: 31->31(98)
[2023-12-20T09:06:33.248-0800][56543693ms] GC(3784) Old regions: 191->191
[2023-12-20T09:06:33.248-0800][56543693ms] GC(3784) Humongous regions: 5->5
[2023-12-20T09:06:33.248-0800][56543693ms] GC(3784) Metaspace: 256602K->256602K(1294336K)
[2023-12-20T09:06:33.250-0800][56543695ms] GC(3784) Pause Young (Normal) (G1 Evacuation Pause) 1956M->452M(2612M) 46.668ms
[2023-12-20T09:06:33.250-0800][56543695ms] GC(3784) User=0.25s Sys=0.02s Real=0.05s
[2023-12-20T09:06:34.338-0800][56544783ms] GC(3785) Pause Young (Normal) (G1 Evacuation Pause)
[2023-12-20T09:06:34.339-0800][56544784ms] GC(3785) Using 10 workers of 10 for evacuation
[2023-12-20T09:06:34.369-0800][56544814ms] GC(3785)   Pre Evacuate Collection Set: 0.0ms
[2023-12-20T09:06:34.369-0800][56544814ms] GC(3785)   Evacuate Collection Set: 28.0ms
[2023-12-20T09:06:34.369-0800][56544814ms] GC(3785)   Post Evacuate Collection Set: 2.6ms
[2023-12-20T09:06:34.369-0800][56544814ms] GC(3785)   Other: 0.4ms
[2023-12-20T09:06:34.369-0800][56544814ms] GC(3785) Eden regions: 752->0(752)
[2023-12-20T09:06:34.369-0800][56544814ms] GC(3785) Survivor regions: 31->31(98)
[2023-12-20T09:06:34.369-0800][56544814ms] GC(3785) Old regions: 191->191
[2023-12-20T09:06:34.369-0800][56544814ms] GC(3785) Humongous regions: 5->5
[2023-12-20T09:06:34.369-0800][56544814ms] GC(3785) Metaspace: 256602K->256602K(1294336K)
[2023-12-20T09:06:34.369-0800][56544814ms] GC(3785) Pause Young (Normal) (G1 Evacuation Pause) 1956M->452M(2612M) 31.196ms
[2023-12-20T09:06:34.369-0800][56544814ms] GC(3785) User=0.08s Sys=0.00s Real=0.03s
[2023-12-20T09:06:35.276-0800][56545721ms] GC(3786) Pause Young (Normal) (G1 Evacuation Pause)
[2023-12-20T09:06:35.276-0800][56545721ms] GC(3786) Using 10 workers of 10 for evacuation
[2023-12-20T09:06:35.307-0800][56545752ms] GC(3786)   Pre Evacuate Collection Set: 0.1ms
[2023-12-20T09:06:35.307-0800][56545752ms] GC(3786)   Evacuate Collection Set: 28.1ms
[2023-12-20T09:06:35.307-0800][56545752ms] GC(3786)   Post Evacuate Collection Set: 3.2ms
[2023-12-20T09:06:35.307-0800][56545752ms] GC(3786)   Other: 0.4ms
[2023-12-20T09:06:35.307-0800][56545752ms] GC(3786) Eden regions: 752->0(753)
[2023-12-20T09:06:35.307-0800][56545752ms] GC(3786) Survivor regions: 31->30(98)
[2023-12-20T09:06:35.307-0800][56545752ms] GC(3786) Old regions: 191->191
[2023-12-20T09:06:35.307-0800][56545752ms] GC(3786) Humongous regions: 5->5
[2023-12-20T09:06:35.307-0800][56545752ms] GC(3786) Metaspace: 256602K->256602K(1294336K)
[2023-12-20T09:06:35.307-0800][56545752ms] GC(3786) Pause Young (Normal) (G1 Evacuation Pause) 1956M->451M(2612M) 31.877ms
[2023-12-20T09:06:35.307-0800][56545752ms] GC(3786) User=0.08s Sys=0.00s Real=0.03s
[2023-12-20T09:06:36.055-0800][56546500ms] GC(3787) Pause Young (Normal) (G1 Evacuation Pause)
[2023-12-20T09:06:36.055-0800][56546500ms] GC(3787) Using 10 workers of 10 for evacuation
[2023-12-20T09:06:36.084-0800][56546529ms] GC(3787)   Pre Evacuate Collection Set: 0.0ms
[2023-12-20T09:06:36.084-0800][56546529ms] GC(3787)   Evacuate Collection Set: 26.6ms
[2023-12-20T09:06:36.084-0800][56546529ms] GC(3787)   Post Evacuate Collection Set: 2.5ms
[2023-12-20T09:06:36.084-0800][56546529ms] GC(3787)   Other: 0.4ms
[2023-12-20T09:06:36.084-0800][56546529ms] GC(3787) Eden regions: 753->0(753)
[2023-12-20T09:06:36.084-0800][56546529ms] GC(3787) Survivor regions: 30->30(98)
[2023-12-20T09:06:36.084-0800][56546529ms] GC(3787) Old regions: 191->191
[2023-12-20T09:06:36.084-0800][56546529ms] GC(3787) Humongous regions: 5->5
[2023-12-20T09:06:36.084-0800][56546529ms] GC(3787) Metaspace: 256602K->256602K(1294336K)
[2023-12-20T09:06:36.084-0800][56546529ms] GC(3787) Pause Young (Normal) (G1 Evacuation Pause) 1957M->451M(2612M) 29.598ms
[2023-12-20T09:06:36.084-0800][56546529ms] GC(3787) User=0.08s Sys=0.00s Real=0.03s
[2023-12-20T09:06:36.774-0800][56547219ms] GC(3788) Pause Young (Normal) (G1 Evacuation Pause)
[2023-12-20T09:06:36.774-0800][56547219ms] GC(3788) Using 10 workers of 10 for evacuation
[2023-12-20T09:06:36.805-0800][56547250ms] GC(3788)   Pre Evacuate Collection Set: 0.0ms
[2023-12-20T09:06:36.805-0800][56547250ms] GC(3788)   Evacuate Collection Set: 27.4ms
[2023-12-20T09:06:36.805-0800][56547250ms] GC(3788)   Post Evacuate Collection Set: 3.0ms
[2023-12-20T09:06:36.805-0800][56547250ms] GC(3788)   Other: 0.4ms
[2023-12-20T09:06:36.805-0800][56547250ms] GC(3788) Eden regions: 753->0(753)
[2023-12-20T09:06:36.805-0800][56547250ms] GC(3788) Survivor regions: 30->30(98)
[2023-12-20T09:06:36.805-0800][56547250ms] GC(3788) Old regions: 191->191
[2023-12-20T09:06:36.805-0800][56547250ms] GC(3788) Humongous regions: 5->5
[2023-12-20T09:06:36.805-0800][56547250ms] GC(3788) Metaspace: 256602K->256602K(1294336K)
[2023-12-20T09:06:36.805-0800][56547250ms] GC(3788) Pause Young (Normal) (G1 Evacuation Pause) 1957M->451M(2612M) 31.115ms
[2023-12-20T09:06:36.805-0800][56547250ms] GC(3788) User=0.11s Sys=0.00s Real=0.03s
[2023-12-20T09:06:37.545-0800][56547990ms] GC(3789) Pause Young (Normal) (G1 Evacuation Pause)
[2023-12-20T09:06:37.545-0800][56547990ms] GC(3789) Using 10 workers of 10 for evacuation
[2023-12-20T09:06:37.575-0800][56548020ms] GC(3789)   Pre Evacuate Collection Set: 0.1ms
[2023-12-20T09:06:37.575-0800][56548020ms] GC(3789)   Evacuate Collection Set: 27.4ms
[2023-12-20T09:06:37.575-0800][56548020ms] GC(3789)   Post Evacuate Collection Set: 2.5ms
[2023-12-20T09:06:37.575-0800][56548020ms] GC(3789)   Other: 0.4ms
[2023-12-20T09:06:37.575-0800][56548020ms] GC(3789) Eden regions: 753->0(753)
[2023-12-20T09:06:37.575-0800][56548020ms] GC(3789) Survivor regions: 30->30(98)
[2023-12-20T09:06:37.575-0800][56548020ms] GC(3789) Old regions: 191->191
[2023-12-20T09:06:37.575-0800][56548020ms] GC(3789) Humongous regions: 5->5
[2023-12-20T09:06:37.575-0800][56548020ms] GC(3789) Metaspace: 256602K->256602K(1294336K)
[2023-12-20T09:06:37.575-0800][56548020ms] GC(3789) Pause Young (Normal) (G1 Evacuation Pause) 1957M->451M(2612M) 30.487ms
[2023-12-20T09:06:37.575-0800][56548020ms] GC(3789) User=0.11s Sys=0.00s Real=0.03s
[2023-12-20T09:06:38.378-0800][56548823ms] GC(3790) Pause Young (Normal) (G1 Evacuation Pause)
[2023-12-20T09:06:38.378-0800][56548823ms] GC(3790) Using 10 workers of 10 for evacuation
[2023-12-20T09:06:38.410-0800][56548855ms] GC(3790)   Pre Evacuate Collection Set: 0.0ms
[2023-12-20T09:06:38.410-0800][56548855ms] GC(3790)   Evacuate Collection Set: 28.6ms
[2023-12-20T09:06:38.410-0800][56548855ms] GC(3790)   Post Evacuate Collection Set: 3.3ms
[2023-12-20T09:06:38.410-0800][56548855ms] GC(3790)   Other: 0.5ms
[2023-12-20T09:06:38.410-0800][56548855ms] GC(3790) Eden regions: 753->0(752)
[2023-12-20T09:06:38.410-0800][56548855ms] GC(3790) Survivor regions: 30->31(98)
[2023-12-20T09:06:38.410-0800][56548855ms] GC(3790) Old regions: 191->191
[2023-12-20T09:06:38.410-0800][56548855ms] GC(3790) Humongous regions: 5->5
[2023-12-20T09:06:38.410-0800][56548855ms] GC(3790) Metaspace: 256602K->256602K(1294336K)
[2023-12-20T09:06:38.410-0800][56548855ms] GC(3790) Pause Young (Normal) (G1 Evacuation Pause) 1957M->453M(2612M) 32.551ms
[2023-12-20T09:06:38.410-0800][56548855ms] GC(3790) User=0.16s Sys=0.00s Real=0.03s
[2023-12-20T09:06:39.245-0800][56549690ms] GC(3791) Pause Young (Normal) (G1 Evacuation Pause)
[2023-12-20T09:06:39.245-0800][56549690ms] GC(3791) Using 10 workers of 10 for evacuation
[2023-12-20T09:06:39.278-0800][56549723ms] GC(3791)   Pre Evacuate Collection Set: 0.1ms
[2023-12-20T09:06:39.278-0800][56549723ms] GC(3791)   Evacuate Collection Set: 30.0ms
[2023-12-20T09:06:39.278-0800][56549723ms] GC(3791)   Post Evacuate Collection Set: 2.5ms
[2023-12-20T09:06:39.278-0800][56549723ms] GC(3791)   Other: 0.4ms
[2023-12-20T09:06:39.278-0800][56549723ms] GC(3791) Eden regions: 752->0(753)
[2023-12-20T09:06:39.278-0800][56549723ms] GC(3791) Survivor regions: 31->30(98)
[2023-12-20T09:06:39.278-0800][56549723ms] GC(3791) Old regions: 191->191
[2023-12-20T09:06:39.278-0800][56549723ms] GC(3791) Humongous regions: 5->5
[2023-12-20T09:06:39.278-0800][56549723ms] GC(3791) Metaspace: 256602K->256602K(1294336K)
[2023-12-20T09:06:39.278-0800][56549723ms] GC(3791) Pause Young (Normal) (G1 Evacuation Pause) 1957M->450M(2612M) 33.093ms
[2023-12-20T09:06:39.278-0800][56549723ms] GC(3791) User=0.17s Sys=0.00s Real=0.03s
[2023-12-20T09:06:40.125-0800][56550570ms] GC(3792) Pause Young (Normal) (G1 Evacuation Pause)
[2023-12-20T09:06:40.125-0800][56550570ms] GC(3792) Using 10 workers of 10 for evacuation
[2023-12-20T09:06:40.154-0800][56550599ms] GC(3792)   Pre Evacuate Collection Set: 0.0ms
[2023-12-20T09:06:40.154-0800][56550599ms] GC(3792)   Evacuate Collection Set: 26.7ms
[2023-12-20T09:06:40.154-0800][56550599ms] GC(3792)   Post Evacuate Collection Set: 2.3ms
[2023-12-20T09:06:40.154-0800][56550599ms] GC(3792)   Other: 0.4ms
[2023-12-20T09:06:40.154-0800][56550599ms] GC(3792) Eden regions: 753->0(753)
[2023-12-20T09:06:40.154-0800][56550599ms] GC(3792) Survivor regions: 30->30(98)
[2023-12-20T09:06:40.154-0800][56550599ms] GC(3792) Old regions: 191->191
[2023-12-20T09:06:40.154-0800][56550599ms] GC(3792) Humongous regions: 5->5
[2023-12-20T09:06:40.154-0800][56550599ms] GC(3792) Metaspace: 256602K->256602K(1294336K)
[2023-12-20T09:06:40.154-0800][56550599ms] GC(3792) Pause Young (Normal) (G1 Evacuation Pause) 1956M->451M(2612M) 29.542ms
[2023-12-20T09:06:40.154-0800][56550599ms] GC(3792) User=0.06s Sys=0.00s Real=0.03s
[2023-12-20T09:06:40.957-0800][56551402ms] GC(3793) Pause Young (Normal) (G1 Evacuation Pause)
[2023-12-20T09:06:40.957-0800][56551402ms] GC(3793) Using 10 workers of 10 for evacuation
[2023-12-20T09:06:40.986-0800][56551431ms] GC(3793)   Pre Evacuate Collection Set: 0.0ms
[2023-12-20T09:06:40.986-0800][56551431ms] GC(3793)   Evacuate Collection Set: 26.7ms
[2023-12-20T09:06:40.986-0800][56551431ms] GC(3793)   Post Evacuate Collection Set: 2.8ms
[2023-12-20T09:06:40.986-0800][56551431ms] GC(3793)   Other: 0.4ms
[2023-12-20T09:06:40.986-0800][56551431ms] GC(3793) Eden regions: 753->0(753)
[2023-12-20T09:06:40.986-0800][56551431ms] GC(3793) Survivor regions: 30->30(98)
[2023-12-20T09:06:40.986-0800][56551431ms] GC(3793) Old regions: 191->191
[2023-12-20T09:06:40.986-0800][56551431ms] GC(3793) Humongous regions: 5->5
[2023-12-20T09:06:40.986-0800][56551431ms] GC(3793) Metaspace: 256602K->256602K(1294336K)
[2023-12-20T09:06:40.986-0800][56551431ms] GC(3793) Pause Young (Normal) (G1 Evacuation Pause) 1957M->450M(2612M) 30.063ms
[2023-12-20T09:06:40.986-0800][56551431ms] GC(3793) User=0.11s Sys=0.00s Real=0.03s
[2023-12-20T09:06:41.767-0800][56552212ms] GC(3794) Pause Young (Normal) (G1 Evacuation Pause)
[2023-12-20T09:06:41.767-0800][56552212ms] GC(3794) Using 10 workers of 10 for evacuation
[2023-12-20T09:06:41.797-0800][56552242ms] GC(3794)   Pre Evacuate Collection Set: 0.1ms
[2023-12-20T09:06:41.797-0800][56552242ms] GC(3794)   Evacuate Collection Set: 27.7ms
[2023-12-20T09:06:41.797-0800][56552242ms] GC(3794)   Post Evacuate Collection Set: 2.5ms
[2023-12-20T09:06:41.797-0800][56552242ms] GC(3794)   Other: 0.5ms
[2023-12-20T09:06:41.797-0800][56552242ms] GC(3794) Eden regions: 753->0(752)
[2023-12-20T09:06:41.797-0800][56552242ms] GC(3794) Survivor regions: 30->31(98)
[2023-12-20T09:06:41.797-0800][56552242ms] GC(3794) Old regions: 191->191
[2023-12-20T09:06:41.797-0800][56552242ms] GC(3794) Humongous regions: 5->5
[2023-12-20T09:06:41.797-0800][56552242ms] GC(3794) Metaspace: 256602K->256602K(1294336K)
[2023-12-20T09:06:41.797-0800][56552242ms] GC(3794) Pause Young (Normal) (G1 Evacuation Pause) 1956M->452M(2612M) 30.891ms
[2023-12-20T09:06:41.797-0800][56552242ms] GC(3794) User=0.09s Sys=0.00s Real=0.03s
[2023-12-20T09:06:42.653-0800][56553098ms] GC(3795) Pause Young (Normal) (G1 Evacuation Pause)
[2023-12-20T09:06:42.653-0800][56553098ms] GC(3795) Using 10 workers of 10 for evacuation
[2023-12-20T09:06:42.686-0800][56553131ms] GC(3795)   Pre Evacuate Collection Set: 0.1ms
[2023-12-20T09:06:42.686-0800][56553131ms] GC(3795)   Evacuate Collection Set: 30.0ms
[2023-12-20T09:06:42.686-0800][56553131ms] GC(3795)   Post Evacuate Collection Set: 3.2ms
[2023-12-20T09:06:42.686-0800][56553131ms] GC(3795)   Other: 0.4ms
[2023-12-20T09:06:42.686-0800][56553131ms] GC(3795) Eden regions: 752->0(753)
[2023-12-20T09:06:42.686-0800][56553131ms] GC(3795) Survivor regions: 31->30(98)
[2023-12-20T09:06:42.686-0800][56553131ms] GC(3795) Old regions: 191->191
[2023-12-20T09:06:42.686-0800][56553131ms] GC(3795) Humongous regions: 5->5
[2023-12-20T09:06:42.686-0800][56553131ms] GC(3795) Metaspace: 256602K->256602K(1294336K)
[2023-12-20T09:06:42.686-0800][56553131ms] GC(3795) Pause Young (Normal) (G1 Evacuation Pause) 1956M->451M(2612M) 33.846ms
[2023-12-20T09:06:42.686-0800][56553131ms] GC(3795) User=0.13s Sys=0.00s Real=0.03s
[2023-12-20T09:06:43.509-0800][56553954ms] GC(3796) Pause Young (Normal) (G1 Evacuation Pause)
[2023-12-20T09:06:43.509-0800][56553954ms] GC(3796) Using 10 workers of 10 for evacuation
[2023-12-20T09:06:43.539-0800][56553984ms] GC(3796)   Pre Evacuate Collection Set: 0.1ms
[2023-12-20T09:06:43.539-0800][56553984ms] GC(3796)   Evacuate Collection Set: 27.0ms
[2023-12-20T09:06:43.539-0800][56553984ms] GC(3796)   Post Evacuate Collection Set: 3.0ms
[2023-12-20T09:06:43.539-0800][56553984ms] GC(3796)   Other: 0.4ms
[2023-12-20T09:06:43.539-0800][56553984ms] GC(3796) Eden regions: 753->0(753)
[2023-12-20T09:06:43.539-0800][56553984ms] GC(3796) Survivor regions: 30->30(98)
[2023-12-20T09:06:43.539-0800][56553984ms] GC(3796) Old regions: 191->192
[2023-12-20T09:06:43.539-0800][56553984ms] GC(3796) Humongous regions: 5->5
[2023-12-20T09:06:43.539-0800][56553984ms] GC(3796) Metaspace: 256602K->256602K(1294336K)
[2023-12-20T09:06:43.539-0800][56553984ms] GC(3796) Pause Young (Normal) (G1 Evacuation Pause) 1957M->452M(2612M) 30.551ms
[2023-12-20T09:06:43.539-0800][56553984ms] GC(3796) User=0.11s Sys=0.00s Real=0.03s
[2023-12-20T09:06:44.336-0800][56554781ms] GC(3797) Pause Young (Normal) (G1 Evacuation Pause)
[2023-12-20T09:06:44.337-0800][56554782ms] GC(3797) Using 10 workers of 10 for evacuation
[2023-12-20T09:06:44.367-0800][56554812ms] GC(3797)   Pre Evacuate Collection Set: 0.1ms
[2023-12-20T09:06:44.367-0800][56554812ms] GC(3797)   Evacuate Collection Set: 27.6ms
[2023-12-20T09:06:44.367-0800][56554812ms] GC(3797)   Post Evacuate Collection Set: 2.4ms
[2023-12-20T09:06:44.367-0800][56554812ms] GC(3797)   Other: 0.5ms
[2023-12-20T09:06:44.367-0800][56554812ms] GC(3797) Eden regions: 753->0(753)
[2023-12-20T09:06:44.367-0800][56554812ms] GC(3797) Survivor regions: 30->30(98)
[2023-12-20T09:06:44.367-0800][56554812ms] GC(3797) Old regions: 192->192
[2023-12-20T09:06:44.367-0800][56554812ms] GC(3797) Humongous regions: 5->5
[2023-12-20T09:06:44.367-0800][56554812ms] GC(3797) Metaspace: 256602K->256602K(1294336K)
[2023-12-20T09:06:44.367-0800][56554812ms] GC(3797) Pause Young (Normal) (G1 Evacuation Pause) 1958M->452M(2612M) 30.609ms
[2023-12-20T09:06:44.367-0800][56554812ms] GC(3797) User=0.08s Sys=0.00s Real=0.03s
[2023-12-20T09:06:45.194-0800][56555639ms] GC(3798) Pause Young (Normal) (G1 Evacuation Pause)
[2023-12-20T09:06:45.194-0800][56555639ms] GC(3798) Using 10 workers of 10 for evacuation
[2023-12-20T09:06:45.224-0800][56555669ms] GC(3798)   Pre Evacuate Collection Set: 0.1ms
[2023-12-20T09:06:45.224-0800][56555669ms] GC(3798)   Evacuate Collection Set: 27.4ms
[2023-12-20T09:06:45.224-0800][56555669ms] GC(3798)   Post Evacuate Collection Set: 2.6ms
[2023-12-20T09:06:45.224-0800][56555669ms] GC(3798)   Other: 0.4ms
[2023-12-20T09:06:45.224-0800][56555669ms] GC(3798) Eden regions: 753->0(753)
[2023-12-20T09:06:45.224-0800][56555669ms] GC(3798) Survivor regions: 30->30(98)
[2023-12-20T09:06:45.224-0800][56555669ms] GC(3798) Old regions: 192->192
[2023-12-20T09:06:45.224-0800][56555669ms] GC(3798) Humongous regions: 5->5
[2023-12-20T09:06:45.224-0800][56555669ms] GC(3798) Metaspace: 256602K->256602K(1294336K)
[2023-12-20T09:06:45.224-0800][56555669ms] GC(3798) Pause Young (Normal) (G1 Evacuation Pause) 1958M->451M(2612M) 30.567ms
[2023-12-20T09:06:45.224-0800][56555669ms] GC(3798) User=0.14s Sys=0.00s Real=0.03s
[2023-12-20T09:06:45.937-0800][56556382ms] GC(3799) Pause Young (Normal) (G1 Evacuation Pause)
[2023-12-20T09:06:45.937-0800][56556382ms] GC(3799) Using 10 workers of 10 for evacuation
[2023-12-20T09:06:45.966-0800][56556411ms] GC(3799)   Pre Evacuate Collection Set: 0.1ms
[2023-12-20T09:06:45.966-0800][56556411ms] GC(3799)   Evacuate Collection Set: 26.5ms
[2023-12-20T09:06:45.966-0800][56556411ms] GC(3799)   Post Evacuate Collection Set: 2.5ms
[2023-12-20T09:06:45.966-0800][56556411ms] GC(3799)   Other: 0.4ms
[2023-12-20T09:06:45.966-0800][56556411ms] GC(3799) Eden regions: 753->0(753)
[2023-12-20T09:06:45.966-0800][56556411ms] GC(3799) Survivor regions: 30->30(98)
[2023-12-20T09:06:45.966-0800][56556411ms] GC(3799) Old regions: 192->192
[2023-12-20T09:06:45.966-0800][56556411ms] GC(3799) Humongous regions: 5->5
[2023-12-20T09:06:45.966-0800][56556411ms] GC(3799) Metaspace: 256602K->256602K(1294336K)
[2023-12-20T09:06:45.966-0800][56556411ms] GC(3799) Pause Young (Normal) (G1 Evacuation Pause) 1957M->452M(2612M) 29.596ms
[2023-12-20T09:06:45.966-0800][56556411ms] GC(3799) User=0.09s Sys=0.00s Real=0.03s
[2023-12-20T09:06:46.633-0800][56557078ms] GC(3800) Pause Young (Normal) (G1 Evacuation Pause)
[2023-12-20T09:06:46.633-0800][56557078ms] GC(3800) Using 10 workers of 10 for evacuation
[2023-12-20T09:06:46.662-0800][56557107ms] GC(3800)   Pre Evacuate Collection Set: 0.0ms
[2023-12-20T09:06:46.662-0800][56557107ms] GC(3800)   Evacuate Collection Set: 26.2ms
[2023-12-20T09:06:46.662-0800][56557107ms] GC(3800)   Post Evacuate Collection Set: 2.4ms
[2023-12-20T09:06:46.662-0800][56557107ms] GC(3800)   Other: 0.4ms
[2023-12-20T09:06:46.662-0800][56557107ms] GC(3800) Eden regions: 753->0(753)
[2023-12-20T09:06:46.662-0800][56557107ms] GC(3800) Survivor regions: 30->30(98)
[2023-12-20T09:06:46.662-0800][56557107ms] GC(3800) Old regions: 192->192
[2023-12-20T09:06:46.662-0800][56557107ms] GC(3800) Humongous regions: 5->5
[2023-12-20T09:06:46.662-0800][56557107ms] GC(3800) Metaspace: 256602K->256602K(1294336K)
[2023-12-20T09:06:46.662-0800][56557107ms] GC(3800) Pause Young (Normal) (G1 Evacuation Pause) 1958M->452M(2612M) 29.221ms
[2023-12-20T09:06:46.662-0800][56557107ms] GC(3800) User=0.06s Sys=0.00s Real=0.03s
[2023-12-20T09:06:47.253-0800][56557698ms] GC(3801) Pause Young (Normal) (G1 Evacuation Pause)
[2023-12-20T09:06:47.253-0800][56557698ms] GC(3801) Using 10 workers of 10 for evacuation
[2023-12-20T09:06:47.281-0800][56557726ms] GC(3801)   Pre Evacuate Collection Set: 0.0ms
[2023-12-20T09:06:47.281-0800][56557726ms] GC(3801)   Evacuate Collection Set: 26.2ms
[2023-12-20T09:06:47.281-0800][56557726ms] GC(3801)   Post Evacuate Collection Set: 2.6ms
[2023-12-20T09:06:47.281-0800][56557726ms] GC(3801)   Other: 0.4ms
[2023-12-20T09:06:47.281-0800][56557726ms] GC(3801) Eden regions: 753->0(753)
[2023-12-20T09:06:47.281-0800][56557726ms] GC(3801) Survivor regions: 30->30(98)
[2023-12-20T09:06:47.281-0800][56557726ms] GC(3801) Old regions: 192->192
[2023-12-20T09:06:47.281-0800][56557726ms] GC(3801) Humongous regions: 5->5
[2023-12-20T09:06:47.281-0800][56557726ms] GC(3801) Metaspace: 256602K->256602K(1294336K)
[2023-12-20T09:06:47.281-0800][56557726ms] GC(3801) Pause Young (Normal) (G1 Evacuation Pause) 1958M->451M(2612M) 29.337ms
[2023-12-20T09:06:47.281-0800][56557726ms] GC(3801) User=0.06s Sys=0.00s Real=0.03s
[2023-12-20T09:06:48.061-0800][56558506ms] GC(3802) Pause Young (Normal) (G1 Evacuation Pause)
[2023-12-20T09:06:48.061-0800][56558506ms] GC(3802) Using 10 workers of 10 for evacuation
[2023-12-20T09:06:48.090-0800][56558535ms] GC(3802)   Pre Evacuate Collection Set: 0.0ms
[2023-12-20T09:06:48.090-0800][56558535ms] GC(3802)   Evacuate Collection Set: 26.6ms
[2023-12-20T09:06:48.090-0800][56558535ms] GC(3802)   Post Evacuate Collection Set: 2.4ms
[2023-12-20T09:06:48.090-0800][56558535ms] GC(3802)   Other: 0.4ms
[2023-12-20T09:06:48.090-0800][56558535ms] GC(3802) Eden regions: 753->0(753)
[2023-12-20T09:06:48.090-0800][56558535ms] GC(3802) Survivor regions: 30->30(98)
[2023-12-20T09:06:48.090-0800][56558535ms] GC(3802) Old regions: 192->192
[2023-12-20T09:06:48.090-0800][56558535ms] GC(3802) Humongous regions: 5->5
[2023-12-20T09:06:48.090-0800][56558535ms] GC(3802) Metaspace: 256602K->256602K(1294336K)
[2023-12-20T09:06:48.090-0800][56558535ms] GC(3802) Pause Young (Normal) (G1 Evacuation Pause) 1957M->451M(2612M) 29.456ms
[2023-12-20T09:06:48.090-0800][56558535ms] GC(3802) User=0.08s Sys=0.00s Real=0.03s
[2023-12-20T09:06:48.960-0800][56559405ms] GC(3803) Pause Young (Normal) (GCLocker Initiated GC)
[2023-12-20T09:06:48.960-0800][56559405ms] GC(3803) Using 10 workers of 10 for evacuation
[2023-12-20T09:06:48.990-0800][56559435ms] GC(3803)   Pre Evacuate Collection Set: 0.0ms
[2023-12-20T09:06:48.990-0800][56559435ms] GC(3803)   Evacuate Collection Set: 27.1ms
[2023-12-20T09:06:48.990-0800][56559435ms] GC(3803)   Post Evacuate Collection Set: 3.2ms
[2023-12-20T09:06:48.990-0800][56559435ms] GC(3803)   Other: 0.5ms
[2023-12-20T09:06:48.990-0800][56559435ms] GC(3803) Eden regions: 754->0(753)
[2023-12-20T09:06:48.990-0800][56559435ms] GC(3803) Survivor regions: 30->30(98)
[2023-12-20T09:06:48.990-0800][56559435ms] GC(3803) Old regions: 192->192
[2023-12-20T09:06:48.990-0800][56559435ms] GC(3803) Humongous regions: 5->5
[2023-12-20T09:06:48.990-0800][56559435ms] GC(3803) Metaspace: 256602K->256602K(1294336K)
[2023-12-20T09:06:48.990-0800][56559435ms] GC(3803) Pause Young (Normal) (GCLocker Initiated GC) 1958M->452M(2612M) 30.884ms
[2023-12-20T09:06:48.990-0800][56559435ms] GC(3803) User=0.08s Sys=0.00s Real=0.03s
[2023-12-20T09:06:49.668-0800][56560113ms] GC(3804) Pause Young (Normal) (GCLocker Initiated GC)
[2023-12-20T09:06:49.668-0800][56560113ms] GC(3804) Using 10 workers of 10 for evacuation
[2023-12-20T09:06:49.697-0800][56560142ms] GC(3804)   Pre Evacuate Collection Set: 0.0ms
[2023-12-20T09:06:49.697-0800][56560142ms] GC(3804)   Evacuate Collection Set: 26.5ms
[2023-12-20T09:06:49.697-0800][56560142ms] GC(3804)   Post Evacuate Collection Set: 2.5ms
[2023-12-20T09:06:49.697-0800][56560142ms] GC(3804)   Other: 0.4ms
[2023-12-20T09:06:49.697-0800][56560142ms] GC(3804) Eden regions: 754->0(753)
[2023-12-20T09:06:49.697-0800][56560142ms] GC(3804) Survivor regions: 30->30(98)
[2023-12-20T09:06:49.697-0800][56560142ms] GC(3804) Old regions: 192->192
[2023-12-20T09:06:49.697-0800][56560142ms] GC(3804) Humongous regions: 5->5
[2023-12-20T09:06:49.697-0800][56560142ms] GC(3804) Metaspace: 256602K->256602K(1294336K)
[2023-12-20T09:06:49.697-0800][56560142ms] GC(3804) Pause Young (Normal) (GCLocker Initiated GC) 1959M->452M(2612M) 29.593ms
[2023-12-20T09:06:49.697-0800][56560142ms] GC(3804) User=0.06s Sys=0.00s Real=0.03s
[2023-12-20T09:06:50.401-0800][56560846ms] GC(3805) Pause Young (Normal) (GCLocker Initiated GC)
[2023-12-20T09:06:50.401-0800][56560846ms] GC(3805) Using 10 workers of 10 for evacuation
[2023-12-20T09:06:50.431-0800][56560876ms] GC(3805)   Pre Evacuate Collection Set: 0.0ms
[2023-12-20T09:06:50.431-0800][56560876ms] GC(3805)   Evacuate Collection Set: 26.5ms
[2023-12-20T09:06:50.431-0800][56560876ms] GC(3805)   Post Evacuate Collection Set: 2.6ms
[2023-12-20T09:06:50.431-0800][56560876ms] GC(3805)   Other: 0.4ms
[2023-12-20T09:06:50.431-0800][56560876ms] GC(3805) Eden regions: 754->0(753)
[2023-12-20T09:06:50.431-0800][56560876ms] GC(3805) Survivor regions: 30->30(98)
[2023-12-20T09:06:50.431-0800][56560876ms] GC(3805) Old regions: 192->192
[2023-12-20T09:06:50.431-0800][56560876ms] GC(3805) Humongous regions: 5->5
[2023-12-20T09:06:50.431-0800][56560876ms] GC(3805) Metaspace: 256602K->256602K(1294336K)
[2023-12-20T09:06:50.431-0800][56560876ms] GC(3805) Pause Young (Normal) (GCLocker Initiated GC) 1959M->452M(2612M) 29.646ms
[2023-12-20T09:06:50.431-0800][56560876ms] GC(3805) User=0.11s Sys=0.00s Real=0.03s
[2023-12-20T09:06:51.498-0800][56561943ms] GC(3806) Pause Young (Normal) (GCLocker Initiated GC)
[2023-12-20T09:06:51.498-0800][56561943ms] GC(3806) Using 10 workers of 10 for evacuation
[2023-12-20T09:06:51.529-0800][56561974ms] GC(3806)   Pre Evacuate Collection Set: 0.0ms
[2023-12-20T09:06:51.529-0800][56561974ms] GC(3806)   Evacuate Collection Set: 28.1ms
[2023-12-20T09:06:51.529-0800][56561974ms] GC(3806)   Post Evacuate Collection Set: 2.5ms
[2023-12-20T09:06:51.529-0800][56561974ms] GC(3806)   Other: 0.4ms
[2023-12-20T09:06:51.529-0800][56561974ms] GC(3806) Eden regions: 753->0(753)
[2023-12-20T09:06:51.529-0800][56561974ms] GC(3806) Survivor regions: 30->30(98)
[2023-12-20T09:06:51.529-0800][56561974ms] GC(3806) Old regions: 192->192
[2023-12-20T09:06:51.529-0800][56561974ms] GC(3806) Humongous regions: 5->5
[2023-12-20T09:06:51.529-0800][56561974ms] GC(3806) Metaspace: 256602K->256602K(1294336K)
[2023-12-20T09:06:51.529-0800][56561974ms] GC(3806) Pause Young (Normal) (GCLocker Initiated GC) 1958M->451M(2612M) 31.127ms
[2023-12-20T09:06:51.529-0800][56561974ms] GC(3806) User=0.13s Sys=0.02s Real=0.03s
[2023-12-20T09:06:52.528-0800][56562973ms] GC(3807) Pause Young (Normal) (G1 Evacuation Pause)
[2023-12-20T09:06:52.528-0800][56562973ms] GC(3807) Using 10 workers of 10 for evacuation
[2023-12-20T09:06:52.561-0800][56563006ms] GC(3807)   Pre Evacuate Collection Set: 0.0ms
[2023-12-20T09:06:52.561-0800][56563006ms] GC(3807)   Evacuate Collection Set: 29.3ms
[2023-12-20T09:06:52.561-0800][56563006ms] GC(3807)   Post Evacuate Collection Set: 3.2ms
[2023-12-20T09:06:52.561-0800][56563007ms] GC(3807)   Other: 0.4ms
[2023-12-20T09:06:52.562-0800][56563007ms] GC(3807) Eden regions: 753->0(753)
[2023-12-20T09:06:52.562-0800][56563007ms] GC(3807) Survivor regions: 30->30(98)
[2023-12-20T09:06:52.562-0800][56563007ms] GC(3807) Old regions: 192->192
[2023-12-20T09:06:52.562-0800][56563007ms] GC(3807) Humongous regions: 5->5
[2023-12-20T09:06:52.562-0800][56563007ms] GC(3807) Metaspace: 256602K->256602K(1294336K)
[2023-12-20T09:06:52.562-0800][56563007ms] GC(3807) Pause Young (Normal) (G1 Evacuation Pause) 1957M->451M(2612M) 33.031ms
[2023-12-20T09:06:52.562-0800][56563007ms] GC(3807) User=0.11s Sys=0.00s Real=0.03s
[2023-12-20T09:06:53.368-0800][56563813ms] GC(3808) Pause Young (Normal) (G1 Evacuation Pause)
[2023-12-20T09:06:53.368-0800][56563813ms] GC(3808) Using 10 workers of 10 for evacuation
[2023-12-20T09:06:53.397-0800][56563842ms] GC(3808)   Pre Evacuate Collection Set: 0.0ms
[2023-12-20T09:06:53.397-0800][56563842ms] GC(3808)   Evacuate Collection Set: 27.2ms
[2023-12-20T09:06:53.397-0800][56563842ms] GC(3808)   Post Evacuate Collection Set: 2.4ms
[2023-12-20T09:06:53.397-0800][56563842ms] GC(3808)   Other: 0.4ms
[2023-12-20T09:06:53.397-0800][56563842ms] GC(3808) Eden regions: 753->0(753)
[2023-12-20T09:06:53.397-0800][56563842ms] GC(3808) Survivor regions: 30->30(98)
[2023-12-20T09:06:53.397-0800][56563842ms] GC(3808) Old regions: 192->192
[2023-12-20T09:06:53.397-0800][56563842ms] GC(3808) Humongous regions: 5->5
[2023-12-20T09:06:53.397-0800][56563842ms] GC(3808) Metaspace: 256602K->256602K(1294336K)
[2023-12-20T09:06:53.397-0800][56563842ms] GC(3808) Pause Young (Normal) (G1 Evacuation Pause) 1957M->452M(2612M) 30.092ms
[2023-12-20T09:06:53.397-0800][56563842ms] GC(3808) User=0.08s Sys=0.00s Real=0.03s
[2023-12-20T09:06:54.242-0800][56564687ms] GC(3809) Pause Young (Normal) (G1 Evacuation Pause)
[2023-12-20T09:06:54.242-0800][56564687ms] GC(3809) Using 10 workers of 10 for evacuation
[2023-12-20T09:06:54.275-0800][56564720ms] GC(3809)   Pre Evacuate Collection Set: 0.0ms
[2023-12-20T09:06:54.276-0800][56564721ms] GC(3809)   Evacuate Collection Set: 29.3ms
[2023-12-20T09:06:54.276-0800][56564721ms] GC(3809)   Post Evacuate Collection Set: 3.4ms
[2023-12-20T09:06:54.276-0800][56564721ms] GC(3809)   Other: 0.4ms
[2023-12-20T09:06:54.276-0800][56564721ms] GC(3809) Eden regions: 753->0(752)
[2023-12-20T09:06:54.276-0800][56564721ms] GC(3809) Survivor regions: 30->31(98)
[2023-12-20T09:06:54.276-0800][56564721ms] GC(3809) Old regions: 192->192
[2023-12-20T09:06:54.276-0800][56564721ms] GC(3809) Humongous regions: 5->5
[2023-12-20T09:06:54.276-0800][56564721ms] GC(3809) Metaspace: 256602K->256602K(1294336K)
[2023-12-20T09:06:54.276-0800][56564721ms] GC(3809) Pause Young (Normal) (G1 Evacuation Pause) 1958M->453M(2612M) 33.471ms
[2023-12-20T09:06:54.276-0800][56564721ms] GC(3809) User=0.11s Sys=0.00s Real=0.03s
[2023-12-20T09:06:55.135-0800][56565580ms] GC(3810) Pause Young (Normal) (G1 Evacuation Pause)
[2023-12-20T09:06:55.135-0800][56565580ms] GC(3810) Using 10 workers of 10 for evacuation
[2023-12-20T09:06:55.165-0800][56565610ms] GC(3810)   Pre Evacuate Collection Set: 0.1ms
[2023-12-20T09:06:55.165-0800][56565610ms] GC(3810)   Evacuate Collection Set: 27.9ms
[2023-12-20T09:06:55.165-0800][56565610ms] GC(3810)   Post Evacuate Collection Set: 2.5ms
[2023-12-20T09:06:55.165-0800][56565610ms] GC(3810)   Other: 0.4ms
[2023-12-20T09:06:55.165-0800][56565610ms] GC(3810) Eden regions: 752->0(753)
[2023-12-20T09:06:55.165-0800][56565610ms] GC(3810) Survivor regions: 31->30(98)
[2023-12-20T09:06:55.165-0800][56565610ms] GC(3810) Old regions: 192->192
[2023-12-20T09:06:55.165-0800][56565610ms] GC(3810) Humongous regions: 5->5
[2023-12-20T09:06:55.165-0800][56565610ms] GC(3810) Metaspace: 256602K->256602K(1294336K)
[2023-12-20T09:06:55.165-0800][56565610ms] GC(3810) Pause Young (Normal) (G1 Evacuation Pause) 1957M->451M(2612M) 30.983ms
[2023-12-20T09:06:55.165-0800][56565610ms] GC(3810) User=0.09s Sys=0.00s Real=0.03s
[2023-12-20T09:06:56.226-0800][56566671ms] GC(3811) Pause Young (Normal) (G1 Evacuation Pause)
[2023-12-20T09:06:56.226-0800][56566671ms] GC(3811) Using 10 workers of 10 for evacuation
[2023-12-20T09:06:56.255-0800][56566701ms] GC(3811)   Pre Evacuate Collection Set: 0.0ms
[2023-12-20T09:06:56.256-0800][56566701ms] GC(3811)   Evacuate Collection Set: 27.3ms
[2023-12-20T09:06:56.256-0800][56566701ms] GC(3811)   Post Evacuate Collection Set: 3.0ms
[2023-12-20T09:06:56.256-0800][56566701ms] GC(3811)   Other: 0.4ms
[2023-12-20T09:06:56.256-0800][56566701ms] GC(3811) Eden regions: 753->0(753)
[2023-12-20T09:06:56.256-0800][56566701ms] GC(3811) Survivor regions: 30->30(98)
[2023-12-20T09:06:56.256-0800][56566701ms] GC(3811) Old regions: 192->192
[2023-12-20T09:06:56.256-0800][56566701ms] GC(3811) Humongous regions: 5->5
[2023-12-20T09:06:56.256-0800][56566701ms] GC(3811) Metaspace: 256602K->256602K(1294336K)
[2023-12-20T09:06:56.256-0800][56566701ms] GC(3811) Pause Young (Normal) (G1 Evacuation Pause) 1957M->452M(2612M) 30.909ms
[2023-12-20T09:06:56.256-0800][56566701ms] GC(3811) User=0.05s Sys=0.00s Real=0.03s
[2023-12-20T09:06:57.160-0800][56567605ms] GC(3812) Pause Young (Normal) (G1 Evacuation Pause)
[2023-12-20T09:06:57.160-0800][56567605ms] GC(3812) Using 10 workers of 10 for evacuation
[2023-12-20T09:06:57.192-0800][56567637ms] GC(3812)   Pre Evacuate Collection Set: 0.0ms
[2023-12-20T09:06:57.192-0800][56567637ms] GC(3812)   Evacuate Collection Set: 28.3ms
[2023-12-20T09:06:57.192-0800][56567637ms] GC(3812)   Post Evacuate Collection Set: 3.0ms
[2023-12-20T09:06:57.192-0800][56567637ms] GC(3812)   Other: 0.4ms
[2023-12-20T09:06:57.192-0800][56567637ms] GC(3812) Eden regions: 753->0(753)
[2023-12-20T09:06:57.192-0800][56567637ms] GC(3812) Survivor regions: 30->30(98)
[2023-12-20T09:06:57.192-0800][56567637ms] GC(3812) Old regions: 192->192
[2023-12-20T09:06:57.192-0800][56567637ms] GC(3812) Humongous regions: 5->5
[2023-12-20T09:06:57.192-0800][56567637ms] GC(3812) Metaspace: 256602K->256602K(1294336K)
[2023-12-20T09:06:57.192-0800][56567637ms] GC(3812) Pause Young (Normal) (G1 Evacuation Pause) 1958M->451M(2612M) 31.925ms
[2023-12-20T09:06:57.192-0800][56567637ms] GC(3812) User=0.13s Sys=0.00s Real=0.03s
[2023-12-20T09:06:57.949-0800][56568394ms] GC(3813) Pause Young (Normal) (G1 Evacuation Pause)
[2023-12-20T09:06:57.949-0800][56568394ms] GC(3813) Using 10 workers of 10 for evacuation
[2023-12-20T09:06:57.980-0800][56568425ms] GC(3813)   Pre Evacuate Collection Set: 0.0ms
[2023-12-20T09:06:57.980-0800][56568425ms] GC(3813)   Evacuate Collection Set: 28.1ms
[2023-12-20T09:06:57.980-0800][56568425ms] GC(3813)   Post Evacuate Collection Set: 2.6ms
[2023-12-20T09:06:57.980-0800][56568425ms] GC(3813)   Other: 0.4ms
[2023-12-20T09:06:57.980-0800][56568425ms] GC(3813) Eden regions: 753->0(753)
[2023-12-20T09:06:57.980-0800][56568425ms] GC(3813) Survivor regions: 30->30(98)
[2023-12-20T09:06:57.980-0800][56568425ms] GC(3813) Old regions: 192->192
[2023-12-20T09:06:57.980-0800][56568425ms] GC(3813) Humongous regions: 5->5
[2023-12-20T09:06:57.980-0800][56568425ms] GC(3813) Metaspace: 256602K->256602K(1294336K)
[2023-12-20T09:06:57.980-0800][56568425ms] GC(3813) Pause Young (Normal) (G1 Evacuation Pause) 1957M->451M(2612M) 31.256ms
[2023-12-20T09:06:57.980-0800][56568425ms] GC(3813) User=0.13s Sys=0.00s Real=0.03s
[2023-12-20T09:06:58.694-0800][56569139ms] GC(3814) Pause Young (Normal) (G1 Evacuation Pause)
[2023-12-20T09:06:58.694-0800][56569139ms] GC(3814) Using 10 workers of 10 for evacuation
[2023-12-20T09:06:58.726-0800][56569171ms] GC(3814)   Pre Evacuate Collection Set: 0.0ms
[2023-12-20T09:06:58.726-0800][56569171ms] GC(3814)   Evacuate Collection Set: 28.3ms
[2023-12-20T09:06:58.726-0800][56569171ms] GC(3814)   Post Evacuate Collection Set: 3.0ms
[2023-12-20T09:06:58.726-0800][56569171ms] GC(3814)   Other: 0.6ms
[2023-12-20T09:06:58.726-0800][56569171ms] GC(3814) Eden regions: 753->0(753)
[2023-12-20T09:06:58.726-0800][56569171ms] GC(3814) Survivor regions: 30->30(98)
[2023-12-20T09:06:58.726-0800][56569171ms] GC(3814) Old regions: 192->192
[2023-12-20T09:06:58.726-0800][56569171ms] GC(3814) Humongous regions: 5->5
[2023-12-20T09:06:58.726-0800][56569171ms] GC(3814) Metaspace: 256602K->256602K(1294336K)
[2023-12-20T09:06:58.726-0800][56569171ms] GC(3814) Pause Young (Normal) (G1 Evacuation Pause) 1957M->451M(2612M) 31.805ms
[2023-12-20T09:06:58.726-0800][56569171ms] GC(3814) User=0.05s Sys=0.00s Real=0.03s
[2023-12-20T09:06:59.446-0800][56569891ms] GC(3815) Pause Young (Normal) (G1 Evacuation Pause)
[2023-12-20T09:06:59.446-0800][56569891ms] GC(3815) Using 10 workers of 10 for evacuation
[2023-12-20T09:06:59.475-0800][56569920ms] GC(3815)   Pre Evacuate Collection Set: 0.0ms
[2023-12-20T09:06:59.475-0800][56569920ms] GC(3815)   Evacuate Collection Set: 26.7ms
[2023-12-20T09:06:59.475-0800][56569920ms] GC(3815)   Post Evacuate Collection Set: 2.5ms
[2023-12-20T09:06:59.475-0800][56569920ms] GC(3815)   Other: 0.4ms
[2023-12-20T09:06:59.475-0800][56569920ms] GC(3815) Eden regions: 753->0(753)
[2023-12-20T09:06:59.475-0800][56569920ms] GC(3815) Survivor regions: 30->30(98)
[2023-12-20T09:06:59.475-0800][56569920ms] GC(3815) Old regions: 192->192
[2023-12-20T09:06:59.475-0800][56569920ms] GC(3815) Humongous regions: 5->5
[2023-12-20T09:06:59.475-0800][56569920ms] GC(3815) Metaspace: 256602K->256602K(1294336K)
[2023-12-20T09:06:59.475-0800][56569920ms] GC(3815) Pause Young (Normal) (G1 Evacuation Pause) 1957M->452M(2612M) 29.808ms
[2023-12-20T09:06:59.475-0800][56569920ms] GC(3815) User=0.05s Sys=0.00s Real=0.03s
[2023-12-20T09:07:00.276-0800][56570721ms] GC(3816) Pause Young (Normal) (G1 Evacuation Pause)
[2023-12-20T09:07:00.276-0800][56570721ms] GC(3816) Using 10 workers of 10 for evacuation
[2023-12-20T09:07:00.308-0800][56570753ms] GC(3816)   Pre Evacuate Collection Set: 0.0ms
[2023-12-20T09:07:00.308-0800][56570753ms] GC(3816)   Evacuate Collection Set: 28.2ms
[2023-12-20T09:07:00.308-0800][56570753ms] GC(3816)   Post Evacuate Collection Set: 2.6ms
[2023-12-20T09:07:00.308-0800][56570753ms] GC(3816)   Other: 0.4ms
[2023-12-20T09:07:00.308-0800][56570753ms] GC(3816) Eden regions: 753->0(753)
[2023-12-20T09:07:00.308-0800][56570753ms] GC(3816) Survivor regions: 30->30(98)
[2023-12-20T09:07:00.308-0800][56570753ms] GC(3816) Old regions: 192->192
[2023-12-20T09:07:00.308-0800][56570753ms] GC(3816) Humongous regions: 5->5
[2023-12-20T09:07:00.308-0800][56570753ms] GC(3816) Metaspace: 256602K->256602K(1294336K)
[2023-12-20T09:07:00.308-0800][56570753ms] GC(3816) Pause Young (Normal) (G1 Evacuation Pause) 1958M->451M(2612M) 31.388ms
[2023-12-20T09:07:00.308-0800][56570753ms] GC(3816) User=0.13s Sys=0.00s Real=0.03s
[2023-12-20T09:07:01.119-0800][56571564ms] GC(3817) Pause Young (Normal) (G1 Evacuation Pause)
[2023-12-20T09:07:01.119-0800][56571564ms] GC(3817) Using 10 workers of 10 for evacuation
[2023-12-20T09:07:01.149-0800][56571594ms] GC(3817)   Pre Evacuate Collection Set: 0.0ms
[2023-12-20T09:07:01.149-0800][56571594ms] GC(3817)   Evacuate Collection Set: 27.3ms
[2023-12-20T09:07:01.149-0800][56571594ms] GC(3817)   Post Evacuate Collection Set: 2.3ms
[2023-12-20T09:07:01.149-0800][56571594ms] GC(3817)   Other: 0.3ms
[2023-12-20T09:07:01.149-0800][56571594ms] GC(3817) Eden regions: 753->0(753)
[2023-12-20T09:07:01.149-0800][56571594ms] GC(3817) Survivor regions: 30->30(98)
[2023-12-20T09:07:01.149-0800][56571594ms] GC(3817) Old regions: 192->192
[2023-12-20T09:07:01.149-0800][56571594ms] GC(3817) Humongous regions: 5->5
[2023-12-20T09:07:01.149-0800][56571594ms] GC(3817) Metaspace: 256602K->256602K(1294336K)
[2023-12-20T09:07:01.149-0800][56571594ms] GC(3817) Pause Young (Normal) (G1 Evacuation Pause) 1957M->452M(2612M) 30.002ms
[2023-12-20T09:07:01.149-0800][56571594ms] GC(3817) User=0.08s Sys=0.00s Real=0.03s
[2023-12-20T09:07:02.119-0800][56572564ms] GC(3818) Pause Young (Normal) (G1 Evacuation Pause)
[2023-12-20T09:07:02.119-0800][56572564ms] GC(3818) Using 10 workers of 10 for evacuation
[2023-12-20T09:07:02.149-0800][56572594ms] GC(3818)   Pre Evacuate Collection Set: 0.0ms
[2023-12-20T09:07:02.149-0800][56572594ms] GC(3818)   Evacuate Collection Set: 27.4ms
[2023-12-20T09:07:02.149-0800][56572594ms] GC(3818)   Post Evacuate Collection Set: 3.0ms
[2023-12-20T09:07:02.149-0800][56572594ms] GC(3818)   Other: 0.4ms
[2023-12-20T09:07:02.149-0800][56572594ms] GC(3818) Eden regions: 753->0(754)
[2023-12-20T09:07:02.149-0800][56572594ms] GC(3818) Survivor regions: 30->29(98)
[2023-12-20T09:07:02.149-0800][56572594ms] GC(3818) Old regions: 192->192
[2023-12-20T09:07:02.149-0800][56572594ms] GC(3818) Humongous regions: 5->5
[2023-12-20T09:07:02.149-0800][56572594ms] GC(3818) Metaspace: 256602K->256602K(1294336K)
[2023-12-20T09:07:02.149-0800][56572594ms] GC(3818) Pause Young (Normal) (G1 Evacuation Pause) 1958M->450M(2612M) 30.858ms
[2023-12-20T09:07:02.149-0800][56572594ms] GC(3818) User=0.08s Sys=0.00s Real=0.03s
[2023-12-20T09:07:03.181-0800][56573626ms] GC(3819) Pause Young (Normal) (G1 Evacuation Pause)
[2023-12-20T09:07:03.181-0800][56573626ms] GC(3819) Using 10 workers of 10 for evacuation
[2023-12-20T09:07:03.214-0800][56573659ms] GC(3819)   Pre Evacuate Collection Set: 0.1ms
[2023-12-20T09:07:03.214-0800][56573659ms] GC(3819)   Evacuate Collection Set: 28.5ms
[2023-12-20T09:07:03.214-0800][56573659ms] GC(3819)   Post Evacuate Collection Set: 2.8ms
[2023-12-20T09:07:03.214-0800][56573659ms] GC(3819)   Other: 0.4ms
[2023-12-20T09:07:03.214-0800][56573659ms] GC(3819) Eden regions: 754->0(753)
[2023-12-20T09:07:03.214-0800][56573659ms] GC(3819) Survivor regions: 29->30(98)
[2023-12-20T09:07:03.214-0800][56573659ms] GC(3819) Old regions: 192->192
[2023-12-20T09:07:03.214-0800][56573659ms] GC(3819) Humongous regions: 5->5
[2023-12-20T09:07:03.214-0800][56573659ms] GC(3819) Metaspace: 256602K->256602K(1294336K)
[2023-12-20T09:07:03.214-0800][56573659ms] GC(3819) Pause Young (Normal) (G1 Evacuation Pause) 1958M->451M(2612M) 31.792ms
[2023-12-20T09:07:03.214-0800][56573659ms] GC(3819) User=0.09s Sys=0.00s Real=0.03s
[2023-12-20T09:07:04.129-0800][56574574ms] GC(3820) Pause Young (Normal) (G1 Evacuation Pause)
[2023-12-20T09:07:04.129-0800][56574574ms] GC(3820) Using 10 workers of 10 for evacuation
[2023-12-20T09:07:04.161-0800][56574606ms] GC(3820)   Pre Evacuate Collection Set: 0.0ms
[2023-12-20T09:07:04.161-0800][56574606ms] GC(3820)   Evacuate Collection Set: 28.0ms
[2023-12-20T09:07:04.161-0800][56574606ms] GC(3820)   Post Evacuate Collection Set: 2.5ms
[2023-12-20T09:07:04.161-0800][56574606ms] GC(3820)   Other: 0.4ms
[2023-12-20T09:07:04.161-0800][56574606ms] GC(3820) Eden regions: 753->0(755)
[2023-12-20T09:07:04.161-0800][56574606ms] GC(3820) Survivor regions: 30->28(98)
[2023-12-20T09:07:04.161-0800][56574606ms] GC(3820) Old regions: 192->192
[2023-12-20T09:07:04.161-0800][56574606ms] GC(3820) Humongous regions: 5->5
[2023-12-20T09:07:04.161-0800][56574606ms] GC(3820) Metaspace: 256602K->256602K(1294336K)
[2023-12-20T09:07:04.161-0800][56574606ms] GC(3820) Pause Young (Normal) (G1 Evacuation Pause) 1957M->448M(2612M) 31.077ms
[2023-12-20T09:07:04.161-0800][56574606ms] GC(3820) User=0.19s Sys=0.00s Real=0.03s
[2023-12-20T09:07:05.041-0800][56575486ms] GC(3821) Pause Young (Normal) (G1 Evacuation Pause)
[2023-12-20T09:07:05.041-0800][56575486ms] GC(3821) Using 10 workers of 10 for evacuation
[2023-12-20T09:07:05.072-0800][56575517ms] GC(3821)   Pre Evacuate Collection Set: 0.1ms
[2023-12-20T09:07:05.072-0800][56575517ms] GC(3821)   Evacuate Collection Set: 27.6ms
[2023-12-20T09:07:05.072-0800][56575517ms] GC(3821)   Post Evacuate Collection Set: 2.8ms
[2023-12-20T09:07:05.072-0800][56575517ms] GC(3821)   Other: 0.4ms
[2023-12-20T09:07:05.072-0800][56575517ms] GC(3821) Eden regions: 755->0(753)
[2023-12-20T09:07:05.072-0800][56575517ms] GC(3821) Survivor regions: 28->30(98)
[2023-12-20T09:07:05.072-0800][56575517ms] GC(3821) Old regions: 192->192
[2023-12-20T09:07:05.072-0800][56575517ms] GC(3821) Humongous regions: 5->5
[2023-12-20T09:07:05.072-0800][56575517ms] GC(3821) Metaspace: 256602K->256602K(1294336K)
[2023-12-20T09:07:05.072-0800][56575517ms] GC(3821) Pause Young (Normal) (G1 Evacuation Pause) 1958M->451M(2612M) 30.979ms
[2023-12-20T09:07:05.072-0800][56575517ms] GC(3821) User=0.08s Sys=0.00s Real=0.03s
[2023-12-20T09:07:06.027-0800][56576472ms] GC(3822) Pause Young (Normal) (G1 Evacuation Pause)
[2023-12-20T09:07:06.027-0800][56576472ms] GC(3822) Using 10 workers of 10 for evacuation
[2023-12-20T09:07:06.059-0800][56576504ms] GC(3822)   Pre Evacuate Collection Set: 0.0ms
[2023-12-20T09:07:06.059-0800][56576504ms] GC(3822)   Evacuate Collection Set: 29.2ms
[2023-12-20T09:07:06.059-0800][56576504ms] GC(3822)   Post Evacuate Collection Set: 2.4ms
[2023-12-20T09:07:06.059-0800][56576504ms] GC(3822)   Other: 0.4ms
[2023-12-20T09:07:06.059-0800][56576504ms] GC(3822) Eden regions: 753->0(754)
[2023-12-20T09:07:06.059-0800][56576504ms] GC(3822) Survivor regions: 30->29(98)
[2023-12-20T09:07:06.059-0800][56576504ms] GC(3822) Old regions: 192->192
[2023-12-20T09:07:06.059-0800][56576504ms] GC(3822) Humongous regions: 5->5
[2023-12-20T09:07:06.059-0800][56576504ms] GC(3822) Metaspace: 256602K->256602K(1294336K)
[2023-12-20T09:07:06.059-0800][56576504ms] GC(3822) Pause Young (Normal) (G1 Evacuation Pause) 1957M->450M(2612M) 32.130ms
[2023-12-20T09:07:06.059-0800][56576504ms] GC(3822) User=0.16s Sys=0.02s Real=0.03s
[2023-12-20T09:07:07.049-0800][56577494ms] GC(3823) Pause Young (Normal) (G1 Evacuation Pause)
[2023-12-20T09:07:07.049-0800][56577494ms] GC(3823) Using 10 workers of 10 for evacuation
[2023-12-20T09:07:07.080-0800][56577525ms] GC(3823)   Pre Evacuate Collection Set: 0.0ms
[2023-12-20T09:07:07.080-0800][56577525ms] GC(3823)   Evacuate Collection Set: 28.1ms
[2023-12-20T09:07:07.080-0800][56577525ms] GC(3823)   Post Evacuate Collection Set: 3.5ms
[2023-12-20T09:07:07.080-0800][56577525ms] GC(3823)   Other: 0.4ms
[2023-12-20T09:07:07.080-0800][56577525ms] GC(3823) Eden regions: 754->0(753)
[2023-12-20T09:07:07.080-0800][56577525ms] GC(3823) Survivor regions: 29->30(98)
[2023-12-20T09:07:07.080-0800][56577525ms] GC(3823) Old regions: 192->192
[2023-12-20T09:07:07.080-0800][56577525ms] GC(3823) Humongous regions: 5->5
[2023-12-20T09:07:07.080-0800][56577525ms] GC(3823) Metaspace: 256602K->256602K(1294336K)
[2023-12-20T09:07:07.080-0800][56577525ms] GC(3823) Pause Young (Normal) (G1 Evacuation Pause) 1958M->451M(2612M) 32.192ms
[2023-12-20T09:07:07.080-0800][56577525ms] GC(3823) User=0.11s Sys=0.00s Real=0.03s
[2023-12-20T09:07:08.015-0800][56578460ms] GC(3824) Pause Young (Normal) (G1 Evacuation Pause)
[2023-12-20T09:07:08.015-0800][56578460ms] GC(3824) Using 10 workers of 10 for evacuation
[2023-12-20T09:07:08.045-0800][56578490ms] GC(3824)   Pre Evacuate Collection Set: 0.0ms
[2023-12-20T09:07:08.045-0800][56578490ms] GC(3824)   Evacuate Collection Set: 27.4ms
[2023-12-20T09:07:08.045-0800][56578490ms] GC(3824)   Post Evacuate Collection Set: 2.9ms
[2023-12-20T09:07:08.045-0800][56578490ms] GC(3824)   Other: 0.4ms
[2023-12-20T09:07:08.045-0800][56578490ms] GC(3824) Eden regions: 753->0(753)
[2023-12-20T09:07:08.045-0800][56578490ms] GC(3824) Survivor regions: 30->30(98)
[2023-12-20T09:07:08.045-0800][56578490ms] GC(3824) Old regions: 192->192
[2023-12-20T09:07:08.045-0800][56578490ms] GC(3824) Humongous regions: 5->5
[2023-12-20T09:07:08.045-0800][56578490ms] GC(3824) Metaspace: 256602K->256602K(1294336K)
[2023-12-20T09:07:08.045-0800][56578490ms] GC(3824) Pause Young (Normal) (G1 Evacuation Pause) 1957M->451M(2612M) 30.984ms
[2023-12-20T09:07:08.045-0800][56578490ms] GC(3824) User=0.19s Sys=0.00s Real=0.03s
[2023-12-20T09:07:09.014-0800][56579459ms] GC(3825) Pause Young (Normal) (G1 Evacuation Pause)
[2023-12-20T09:07:09.014-0800][56579459ms] GC(3825) Using 10 workers of 10 for evacuation
[2023-12-20T09:07:09.044-0800][56579489ms] GC(3825)   Pre Evacuate Collection Set: 0.0ms
[2023-12-20T09:07:09.044-0800][56579489ms] GC(3825)   Evacuate Collection Set: 27.4ms
[2023-12-20T09:07:09.044-0800][56579489ms] GC(3825)   Post Evacuate Collection Set: 2.4ms
[2023-12-20T09:07:09.044-0800][56579489ms] GC(3825)   Other: 0.4ms
[2023-12-20T09:07:09.044-0800][56579489ms] GC(3825) Eden regions: 753->0(753)
[2023-12-20T09:07:09.044-0800][56579489ms] GC(3825) Survivor regions: 30->30(98)
[2023-12-20T09:07:09.044-0800][56579489ms] GC(3825) Old regions: 192->192
[2023-12-20T09:07:09.044-0800][56579489ms] GC(3825) Humongous regions: 5->5
[2023-12-20T09:07:09.044-0800][56579489ms] GC(3825) Metaspace: 256602K->256602K(1294336K)
[2023-12-20T09:07:09.044-0800][56579489ms] GC(3825) Pause Young (Normal) (G1 Evacuation Pause) 1957M->451M(2612M) 30.337ms
[2023-12-20T09:07:09.044-0800][56579489ms] GC(3825) User=0.09s Sys=0.00s Real=0.03s
[2023-12-20T09:07:09.861-0800][56580306ms] GC(3826) Pause Young (Normal) (G1 Evacuation Pause)
[2023-12-20T09:07:09.861-0800][56580306ms] GC(3826) Using 10 workers of 10 for evacuation
[2023-12-20T09:07:09.892-0800][56580337ms] GC(3826)   Pre Evacuate Collection Set: 0.0ms
[2023-12-20T09:07:09.892-0800][56580337ms] GC(3826)   Evacuate Collection Set: 27.7ms
[2023-12-20T09:07:09.892-0800][56580337ms] GC(3826)   Post Evacuate Collection Set: 2.5ms
[2023-12-20T09:07:09.892-0800][56580337ms] GC(3826)   Other: 0.3ms
[2023-12-20T09:07:09.892-0800][56580337ms] GC(3826) Eden regions: 753->0(753)
[2023-12-20T09:07:09.892-0800][56580337ms] GC(3826) Survivor regions: 30->30(98)
[2023-12-20T09:07:09.892-0800][56580337ms] GC(3826) Old regions: 192->192
[2023-12-20T09:07:09.892-0800][56580337ms] GC(3826) Humongous regions: 5->5
[2023-12-20T09:07:09.892-0800][56580337ms] GC(3826) Metaspace: 256602K->256602K(1294336K)
[2023-12-20T09:07:09.892-0800][56580337ms] GC(3826) Pause Young (Normal) (G1 Evacuation Pause) 1957M->451M(2612M) 30.678ms
[2023-12-20T09:07:09.892-0800][56580337ms] GC(3826) User=0.09s Sys=0.00s Real=0.03s
[2023-12-20T09:07:10.939-0800][56581384ms] GC(3827) Pause Young (Normal) (G1 Evacuation Pause)
[2023-12-20T09:07:10.939-0800][56581384ms] GC(3827) Using 10 workers of 10 for evacuation
[2023-12-20T09:07:10.972-0800][56581417ms] GC(3827)   Pre Evacuate Collection Set: 0.1ms
[2023-12-20T09:07:10.972-0800][56581417ms] GC(3827)   Evacuate Collection Set: 29.0ms
[2023-12-20T09:07:10.972-0800][56581417ms] GC(3827)   Post Evacuate Collection Set: 2.9ms
[2023-12-20T09:07:10.972-0800][56581417ms] GC(3827)   Other: 0.5ms
[2023-12-20T09:07:10.972-0800][56581417ms] GC(3827) Eden regions: 753->0(753)
[2023-12-20T09:07:10.972-0800][56581417ms] GC(3827) Survivor regions: 30->30(98)
[2023-12-20T09:07:10.972-0800][56581417ms] GC(3827) Old regions: 192->192
[2023-12-20T09:07:10.972-0800][56581417ms] GC(3827) Humongous regions: 5->5
[2023-12-20T09:07:10.972-0800][56581417ms] GC(3827) Metaspace: 256602K->256602K(1294336K)
[2023-12-20T09:07:10.972-0800][56581417ms] GC(3827) Pause Young (Normal) (G1 Evacuation Pause) 1957M->451M(2612M) 32.547ms
[2023-12-20T09:07:10.972-0800][56581417ms] GC(3827) User=0.13s Sys=0.00s Real=0.03s
[2023-12-20T09:07:12.024-0800][56582469ms] GC(3828) Pause Young (Normal) (G1 Evacuation Pause)
[2023-12-20T09:07:12.024-0800][56582469ms] GC(3828) Using 10 workers of 10 for evacuation
[2023-12-20T09:07:12.054-0800][56582499ms] GC(3828)   Pre Evacuate Collection Set: 0.0ms
[2023-12-20T09:07:12.054-0800][56582499ms] GC(3828)   Evacuate Collection Set: 27.2ms
[2023-12-20T09:07:12.054-0800][56582499ms] GC(3828)   Post Evacuate Collection Set: 2.9ms
[2023-12-20T09:07:12.054-0800][56582499ms] GC(3828)   Other: 0.4ms
[2023-12-20T09:07:12.054-0800][56582499ms] GC(3828) Eden regions: 753->0(753)
[2023-12-20T09:07:12.054-0800][56582499ms] GC(3828) Survivor regions: 30->30(98)
[2023-12-20T09:07:12.054-0800][56582499ms] GC(3828) Old regions: 192->192
[2023-12-20T09:07:12.054-0800][56582499ms] GC(3828) Humongous regions: 5->5
[2023-12-20T09:07:12.054-0800][56582499ms] GC(3828) Metaspace: 256602K->256602K(1294336K)
[2023-12-20T09:07:12.054-0800][56582499ms] GC(3828) Pause Young (Normal) (G1 Evacuation Pause) 1957M->451M(2612M) 30.712ms
[2023-12-20T09:07:12.054-0800][56582499ms] GC(3828) User=0.09s Sys=0.00s Real=0.03s
[2023-12-20T09:07:13.079-0800][56583524ms] GC(3829) Pause Young (Normal) (G1 Evacuation Pause)
[2023-12-20T09:07:13.079-0800][56583524ms] GC(3829) Using 10 workers of 10 for evacuation
[2023-12-20T09:07:13.111-0800][56583556ms] GC(3829)   Pre Evacuate Collection Set: 0.0ms
[2023-12-20T09:07:13.111-0800][56583556ms] GC(3829)   Evacuate Collection Set: 28.8ms
[2023-12-20T09:07:13.111-0800][56583556ms] GC(3829)   Post Evacuate Collection Set: 3.2ms
[2023-12-20T09:07:13.111-0800][56583556ms] GC(3829)   Other: 0.4ms
[2023-12-20T09:07:13.111-0800][56583556ms] GC(3829) Eden regions: 753->0(753)
[2023-12-20T09:07:13.111-0800][56583556ms] GC(3829) Survivor regions: 30->30(98)
[2023-12-20T09:07:13.111-0800][56583556ms] GC(3829) Old regions: 192->192
[2023-12-20T09:07:13.111-0800][56583556ms] GC(3829) Humongous regions: 5->5
[2023-12-20T09:07:13.111-0800][56583556ms] GC(3829) Metaspace: 256602K->256602K(1294336K)
[2023-12-20T09:07:13.111-0800][56583556ms] GC(3829) Pause Young (Normal) (G1 Evacuation Pause) 1957M->451M(2612M) 32.607ms
[2023-12-20T09:07:13.111-0800][56583556ms] GC(3829) User=0.11s Sys=0.00s Real=0.03s
[2023-12-20T09:07:13.994-0800][56584439ms] GC(3830) Pause Young (Normal) (G1 Evacuation Pause)
[2023-12-20T09:07:13.994-0800][56584439ms] GC(3830) Using 10 workers of 10 for evacuation
[2023-12-20T09:07:14.026-0800][56584471ms] GC(3830)   Pre Evacuate Collection Set: 0.0ms
[2023-12-20T09:07:14.026-0800][56584471ms] GC(3830)   Evacuate Collection Set: 28.9ms
[2023-12-20T09:07:14.026-0800][56584471ms] GC(3830)   Post Evacuate Collection Set: 2.5ms
[2023-12-20T09:07:14.026-0800][56584471ms] GC(3830)   Other: 0.4ms
[2023-12-20T09:07:14.026-0800][56584471ms] GC(3830) Eden regions: 753->0(753)
[2023-12-20T09:07:14.026-0800][56584471ms] GC(3830) Survivor regions: 30->30(98)
[2023-12-20T09:07:14.026-0800][56584471ms] GC(3830) Old regions: 192->192
[2023-12-20T09:07:14.026-0800][56584471ms] GC(3830) Humongous regions: 5->5
[2023-12-20T09:07:14.026-0800][56584471ms] GC(3830) Metaspace: 256602K->256602K(1294336K)
[2023-12-20T09:07:14.026-0800][56584471ms] GC(3830) Pause Young (Normal) (G1 Evacuation Pause) 1957M->451M(2612M) 31.958ms
[2023-12-20T09:07:14.026-0800][56584471ms] GC(3830) User=0.14s Sys=0.00s Real=0.03s
[2023-12-20T09:07:14.937-0800][56585382ms] GC(3831) Pause Young (Normal) (G1 Evacuation Pause)
[2023-12-20T09:07:14.937-0800][56585382ms] GC(3831) Using 10 workers of 10 for evacuation
[2023-12-20T09:07:14.968-0800][56585413ms] GC(3831)   Pre Evacuate Collection Set: 0.0ms
[2023-12-20T09:07:14.968-0800][56585413ms] GC(3831)   Evacuate Collection Set: 27.4ms
[2023-12-20T09:07:14.968-0800][56585413ms] GC(3831)   Post Evacuate Collection Set: 2.6ms
[2023-12-20T09:07:14.968-0800][56585413ms] GC(3831)   Other: 0.4ms
[2023-12-20T09:07:14.968-0800][56585413ms] GC(3831) Eden regions: 753->0(753)
[2023-12-20T09:07:14.968-0800][56585413ms] GC(3831) Survivor regions: 30->30(98)
[2023-12-20T09:07:14.968-0800][56585413ms] GC(3831) Old regions: 192->192
[2023-12-20T09:07:14.968-0800][56585413ms] GC(3831) Humongous regions: 5->5
[2023-12-20T09:07:14.968-0800][56585413ms] GC(3831) Metaspace: 256602K->256602K(1294336K)
[2023-12-20T09:07:14.968-0800][56585413ms] GC(3831) Pause Young (Normal) (G1 Evacuation Pause) 1957M->451M(2612M) 30.546ms
[2023-12-20T09:07:14.968-0800][56585413ms] GC(3831) User=0.09s Sys=0.02s Real=0.03s
[2023-12-20T09:07:15.901-0800][56586346ms] GC(3832) Pause Young (Normal) (G1 Evacuation Pause)
[2023-12-20T09:07:15.901-0800][56586346ms] GC(3832) Using 10 workers of 10 for evacuation
[2023-12-20T09:07:15.932-0800][56586377ms] GC(3832)   Pre Evacuate Collection Set: 0.0ms
[2023-12-20T09:07:15.932-0800][56586377ms] GC(3832)   Evacuate Collection Set: 28.0ms
[2023-12-20T09:07:15.932-0800][56586377ms] GC(3832)   Post Evacuate Collection Set: 2.5ms
[2023-12-20T09:07:15.932-0800][56586377ms] GC(3832)   Other: 0.4ms
[2023-12-20T09:07:15.932-0800][56586377ms] GC(3832) Eden regions: 753->0(753)
[2023-12-20T09:07:15.932-0800][56586377ms] GC(3832) Survivor regions: 30->30(98)
[2023-12-20T09:07:15.932-0800][56586377ms] GC(3832) Old regions: 192->192
[2023-12-20T09:07:15.932-0800][56586377ms] GC(3832) Humongous regions: 5->5
[2023-12-20T09:07:15.932-0800][56586377ms] GC(3832) Metaspace: 256602K->256602K(1294336K)
[2023-12-20T09:07:15.932-0800][56586377ms] GC(3832) Pause Young (Normal) (G1 Evacuation Pause) 1957M->452M(2612M) 31.021ms
[2023-12-20T09:07:15.932-0800][56586377ms] GC(3832) User=0.16s Sys=0.00s Real=0.03s
[2023-12-20T09:07:16.939-0800][56587384ms] GC(3833) Pause Young (Normal) (G1 Evacuation Pause)
[2023-12-20T09:07:16.939-0800][56587384ms] GC(3833) Using 10 workers of 10 for evacuation
[2023-12-20T09:07:16.969-0800][56587414ms] GC(3833)   Pre Evacuate Collection Set: 0.0ms
[2023-12-20T09:07:16.969-0800][56587414ms] GC(3833)   Evacuate Collection Set: 26.9ms
[2023-12-20T09:07:16.969-0800][56587414ms] GC(3833)   Post Evacuate Collection Set: 3.0ms
[2023-12-20T09:07:16.969-0800][56587414ms] GC(3833)   Other: 0.4ms
[2023-12-20T09:07:16.969-0800][56587414ms] GC(3833) Eden regions: 753->0(753)
[2023-12-20T09:07:16.969-0800][56587414ms] GC(3833) Survivor regions: 30->30(98)
[2023-12-20T09:07:16.969-0800][56587414ms] GC(3833) Old regions: 192->192
[2023-12-20T09:07:16.969-0800][56587414ms] GC(3833) Humongous regions: 5->5
[2023-12-20T09:07:16.969-0800][56587414ms] GC(3833) Metaspace: 256602K->256602K(1294336K)
[2023-12-20T09:07:16.969-0800][56587414ms] GC(3833) Pause Young (Normal) (G1 Evacuation Pause) 1958M->451M(2612M) 30.410ms
[2023-12-20T09:07:16.969-0800][56587414ms] GC(3833) User=0.14s Sys=0.00s Real=0.03s
[2023-12-20T09:07:17.887-0800][56588332ms] GC(3834) Pause Young (Normal) (G1 Evacuation Pause)
[2023-12-20T09:07:17.887-0800][56588332ms] GC(3834) Using 10 workers of 10 for evacuation
[2023-12-20T09:07:17.917-0800][56588362ms] GC(3834)   Pre Evacuate Collection Set: 0.0ms
[2023-12-20T09:07:17.917-0800][56588362ms] GC(3834)   Evacuate Collection Set: 27.0ms
[2023-12-20T09:07:17.917-0800][56588362ms] GC(3834)   Post Evacuate Collection Set: 2.7ms
[2023-12-20T09:07:17.917-0800][56588362ms] GC(3834)   Other: 0.5ms
[2023-12-20T09:07:17.917-0800][56588362ms] GC(3834) Eden regions: 753->0(753)
[2023-12-20T09:07:17.917-0800][56588362ms] GC(3834) Survivor regions: 30->30(98)
[2023-12-20T09:07:17.917-0800][56588362ms] GC(3834) Old regions: 192->192
[2023-12-20T09:07:17.917-0800][56588362ms] GC(3834) Humongous regions: 5->5
[2023-12-20T09:07:17.917-0800][56588362ms] GC(3834) Metaspace: 256602K->256602K(1294336K)
[2023-12-20T09:07:17.917-0800][56588362ms] GC(3834) Pause Young (Normal) (G1 Evacuation Pause) 1957M->452M(2612M) 30.423ms
[2023-12-20T09:07:17.917-0800][56588362ms] GC(3834) User=0.11s Sys=0.00s Real=0.03s
[2023-12-20T09:07:18.880-0800][56589325ms] GC(3835) Pause Young (Normal) (G1 Evacuation Pause)
[2023-12-20T09:07:18.880-0800][56589325ms] GC(3835) Using 10 workers of 10 for evacuation
[2023-12-20T09:07:18.912-0800][56589357ms] GC(3835)   Pre Evacuate Collection Set: 0.0ms
[2023-12-20T09:07:18.912-0800][56589357ms] GC(3835)   Evacuate Collection Set: 28.5ms
[2023-12-20T09:07:18.912-0800][56589357ms] GC(3835)   Post Evacuate Collection Set: 2.4ms
[2023-12-20T09:07:18.912-0800][56589357ms] GC(3835)   Other: 0.5ms
[2023-12-20T09:07:18.912-0800][56589357ms] GC(3835) Eden regions: 753->0(753)
[2023-12-20T09:07:18.912-0800][56589357ms] GC(3835) Survivor regions: 30->30(98)
[2023-12-20T09:07:18.912-0800][56589357ms] GC(3835) Old regions: 192->192
[2023-12-20T09:07:18.912-0800][56589357ms] GC(3835) Humongous regions: 5->5
[2023-12-20T09:07:18.912-0800][56589357ms] GC(3835) Metaspace: 256602K->256602K(1294336K)
[2023-12-20T09:07:18.912-0800][56589357ms] GC(3835) Pause Young (Normal) (G1 Evacuation Pause) 1958M->451M(2612M) 31.577ms
[2023-12-20T09:07:18.912-0800][56589357ms] GC(3835) User=0.23s Sys=0.00s Real=0.03s
[2023-12-20T09:07:19.828-0800][56590273ms] GC(3836) Pause Young (Normal) (G1 Evacuation Pause)
[2023-12-20T09:07:19.828-0800][56590273ms] GC(3836) Using 10 workers of 10 for evacuation
[2023-12-20T09:07:19.858-0800][56590303ms] GC(3836)   Pre Evacuate Collection Set: 0.0ms
[2023-12-20T09:07:19.858-0800][56590303ms] GC(3836)   Evacuate Collection Set: 27.5ms
[2023-12-20T09:07:19.858-0800][56590303ms] GC(3836)   Post Evacuate Collection Set: 2.5ms
[2023-12-20T09:07:19.858-0800][56590303ms] GC(3836)   Other: 0.4ms
[2023-12-20T09:07:19.858-0800][56590303ms] GC(3836) Eden regions: 753->0(754)
[2023-12-20T09:07:19.858-0800][56590303ms] GC(3836) Survivor regions: 30->29(98)
[2023-12-20T09:07:19.858-0800][56590303ms] GC(3836) Old regions: 192->192
[2023-12-20T09:07:19.858-0800][56590303ms] GC(3836) Humongous regions: 5->5
[2023-12-20T09:07:19.858-0800][56590303ms] GC(3836) Metaspace: 256602K->256602K(1294336K)
[2023-12-20T09:07:19.858-0800][56590303ms] GC(3836) Pause Young (Normal) (G1 Evacuation Pause) 1957M->450M(2612M) 30.544ms
[2023-12-20T09:07:19.858-0800][56590303ms] GC(3836) User=0.09s Sys=0.00s Real=0.03s
[2023-12-20T09:07:20.739-0800][56591184ms] GC(3837) Pause Young (Normal) (G1 Evacuation Pause)
[2023-12-20T09:07:20.739-0800][56591184ms] GC(3837) Using 10 workers of 10 for evacuation
[2023-12-20T09:07:20.768-0800][56591213ms] GC(3837)   Pre Evacuate Collection Set: 0.0ms
[2023-12-20T09:07:20.768-0800][56591213ms] GC(3837)   Evacuate Collection Set: 27.0ms
[2023-12-20T09:07:20.768-0800][56591213ms] GC(3837)   Post Evacuate Collection Set: 2.5ms
[2023-12-20T09:07:20.768-0800][56591213ms] GC(3837)   Other: 0.4ms
[2023-12-20T09:07:20.768-0800][56591213ms] GC(3837) Eden regions: 754->0(753)
[2023-12-20T09:07:20.768-0800][56591213ms] GC(3837) Survivor regions: 29->30(98)
[2023-12-20T09:07:20.768-0800][56591213ms] GC(3837) Old regions: 192->192
[2023-12-20T09:07:20.768-0800][56591213ms] GC(3837) Humongous regions: 5->5
[2023-12-20T09:07:20.768-0800][56591213ms] GC(3837) Metaspace: 256602K->256602K(1294336K)
[2023-12-20T09:07:20.768-0800][56591213ms] GC(3837) Pause Young (Normal) (G1 Evacuation Pause) 1958M->451M(2612M) 30.097ms
[2023-12-20T09:07:20.768-0800][56591213ms] GC(3837) User=0.11s Sys=0.00s Real=0.03s
[2023-12-20T09:07:21.641-0800][56592086ms] GC(3838) Pause Young (Normal) (G1 Evacuation Pause)
[2023-12-20T09:07:21.641-0800][56592086ms] GC(3838) Using 10 workers of 10 for evacuation
[2023-12-20T09:07:21.673-0800][56592118ms] GC(3838)   Pre Evacuate Collection Set: 0.1ms
[2023-12-20T09:07:21.673-0800][56592118ms] GC(3838)   Evacuate Collection Set: 27.7ms
[2023-12-20T09:07:21.673-0800][56592118ms] GC(3838)   Post Evacuate Collection Set: 3.2ms
[2023-12-20T09:07:21.673-0800][56592118ms] GC(3838)   Other: 0.4ms
[2023-12-20T09:07:21.673-0800][56592118ms] GC(3838) Eden regions: 753->0(753)
[2023-12-20T09:07:21.673-0800][56592118ms] GC(3838) Survivor regions: 30->30(98)
[2023-12-20T09:07:21.673-0800][56592118ms] GC(3838) Old regions: 192->192
[2023-12-20T09:07:21.673-0800][56592118ms] GC(3838) Humongous regions: 5->5
[2023-12-20T09:07:21.673-0800][56592118ms] GC(3838) Metaspace: 256602K->256602K(1294336K)
[2023-12-20T09:07:21.673-0800][56592118ms] GC(3838) Pause Young (Normal) (G1 Evacuation Pause) 1957M->452M(2612M) 31.542ms
[2023-12-20T09:07:21.673-0800][56592118ms] GC(3838) User=0.09s Sys=0.00s Real=0.03s
[2023-12-20T09:07:22.547-0800][56592992ms] GC(3839) Pause Young (Normal) (G1 Evacuation Pause)
[2023-12-20T09:07:22.547-0800][56592992ms] GC(3839) Using 10 workers of 10 for evacuation
[2023-12-20T09:07:22.577-0800][56593022ms] GC(3839)   Pre Evacuate Collection Set: 0.0ms
[2023-12-20T09:07:22.577-0800][56593022ms] GC(3839)   Evacuate Collection Set: 27.3ms
[2023-12-20T09:07:22.577-0800][56593022ms] GC(3839)   Post Evacuate Collection Set: 2.5ms
[2023-12-20T09:07:22.577-0800][56593022ms] GC(3839)   Other: 0.4ms
[2023-12-20T09:07:22.577-0800][56593022ms] GC(3839) Eden regions: 753->0(753)
[2023-12-20T09:07:22.577-0800][56593022ms] GC(3839) Survivor regions: 30->30(98)
[2023-12-20T09:07:22.577-0800][56593022ms] GC(3839) Old regions: 192->192
[2023-12-20T09:07:22.577-0800][56593022ms] GC(3839) Humongous regions: 5->5
[2023-12-20T09:07:22.577-0800][56593022ms] GC(3839) Metaspace: 256602K->256602K(1294336K)
[2023-12-20T09:07:22.577-0800][56593022ms] GC(3839) Pause Young (Normal) (G1 Evacuation Pause) 1958M->452M(2612M) 30.348ms
[2023-12-20T09:07:22.577-0800][56593022ms] GC(3839) User=0.06s Sys=0.00s Real=0.03s
[2023-12-20T09:07:23.579-0800][56594024ms] GC(3840) Pause Young (Normal) (GCLocker Initiated GC)
[2023-12-20T09:07:23.579-0800][56594024ms] GC(3840) Using 10 workers of 10 for evacuation
[2023-12-20T09:07:23.610-0800][56594055ms] GC(3840)   Pre Evacuate Collection Set: 0.0ms
[2023-12-20T09:07:23.610-0800][56594055ms] GC(3840)   Evacuate Collection Set: 27.7ms
[2023-12-20T09:07:23.610-0800][56594055ms] GC(3840)   Post Evacuate Collection Set: 2.5ms
[2023-12-20T09:07:23.610-0800][56594055ms] GC(3840)   Other: 0.5ms
[2023-12-20T09:07:23.610-0800][56594055ms] GC(3840) Eden regions: 754->0(753)
[2023-12-20T09:07:23.610-0800][56594055ms] GC(3840) Survivor regions: 30->30(98)
[2023-12-20T09:07:23.610-0800][56594055ms] GC(3840) Old regions: 192->192
[2023-12-20T09:07:23.610-0800][56594055ms] GC(3840) Humongous regions: 5->5
[2023-12-20T09:07:23.610-0800][56594055ms] GC(3840) Metaspace: 256602K->256602K(1294336K)
[2023-12-20T09:07:23.610-0800][56594055ms] GC(3840) Pause Young (Normal) (GCLocker Initiated GC) 1959M->451M(2612M) 30.868ms
[2023-12-20T09:07:23.610-0800][56594055ms] GC(3840) User=0.13s Sys=0.00s Real=0.03s
[2023-12-20T09:07:24.635-0800][56595081ms] GC(3841) Pause Young (Normal) (GCLocker Initiated GC)
[2023-12-20T09:07:24.636-0800][56595081ms] GC(3841) Using 10 workers of 10 for evacuation
[2023-12-20T09:07:24.666-0800][56595111ms] GC(3841)   Pre Evacuate Collection Set: 0.0ms
[2023-12-20T09:07:24.667-0800][56595112ms] GC(3841)   Evacuate Collection Set: 28.3ms
[2023-12-20T09:07:24.667-0800][56595112ms] GC(3841)   Post Evacuate Collection Set: 2.4ms
[2023-12-20T09:07:24.667-0800][56595112ms] GC(3841)   Other: 0.4ms
[2023-12-20T09:07:24.667-0800][56595112ms] GC(3841) Eden regions: 754->0(754)
[2023-12-20T09:07:24.667-0800][56595112ms] GC(3841) Survivor regions: 30->29(98)
[2023-12-20T09:07:24.667-0800][56595112ms] GC(3841) Old regions: 192->192
[2023-12-20T09:07:24.667-0800][56595112ms] GC(3841) Humongous regions: 5->5
[2023-12-20T09:07:24.667-0800][56595112ms] GC(3841) Metaspace: 256602K->256602K(1294336K)
[2023-12-20T09:07:24.667-0800][56595112ms] GC(3841) Pause Young (Normal) (GCLocker Initiated GC) 1959M->450M(2612M) 31.293ms
[2023-12-20T09:07:24.667-0800][56595112ms] GC(3841) User=0.11s Sys=0.00s Real=0.03s
[2023-12-20T09:07:25.667-0800][56596112ms] GC(3842) Pause Young (Normal) (G1 Evacuation Pause)
[2023-12-20T09:07:25.667-0800][56596112ms] GC(3842) Using 10 workers of 10 for evacuation
[2023-12-20T09:07:25.698-0800][56596143ms] GC(3842)   Pre Evacuate Collection Set: 0.0ms
[2023-12-20T09:07:25.698-0800][56596143ms] GC(3842)   Evacuate Collection Set: 28.1ms
[2023-12-20T09:07:25.698-0800][56596143ms] GC(3842)   Post Evacuate Collection Set: 2.4ms
[2023-12-20T09:07:25.698-0800][56596143ms] GC(3842)   Other: 0.4ms
[2023-12-20T09:07:25.698-0800][56596143ms] GC(3842) Eden regions: 754->0(753)
[2023-12-20T09:07:25.698-0800][56596143ms] GC(3842) Survivor regions: 29->30(98)
[2023-12-20T09:07:25.698-0800][56596143ms] GC(3842) Old regions: 192->192
[2023-12-20T09:07:25.698-0800][56596143ms] GC(3842) Humongous regions: 5->5
[2023-12-20T09:07:25.698-0800][56596143ms] GC(3842) Metaspace: 256602K->256602K(1294336K)
[2023-12-20T09:07:25.698-0800][56596143ms] GC(3842) Pause Young (Normal) (G1 Evacuation Pause) 1958M->451M(2612M) 31.033ms
[2023-12-20T09:07:25.698-0800][56596143ms] GC(3842) User=0.11s Sys=0.00s Real=0.03s
[2023-12-20T09:07:26.526-0800][56596971ms] GC(3843) Pause Young (Normal) (G1 Evacuation Pause)
[2023-12-20T09:07:26.526-0800][56596971ms] GC(3843) Using 10 workers of 10 for evacuation
[2023-12-20T09:07:26.556-0800][56597001ms] GC(3843)   Pre Evacuate Collection Set: 0.0ms
[2023-12-20T09:07:26.556-0800][56597001ms] GC(3843)   Evacuate Collection Set: 26.5ms
[2023-12-20T09:07:26.556-0800][56597001ms] GC(3843)   Post Evacuate Collection Set: 2.8ms
[2023-12-20T09:07:26.556-0800][56597001ms] GC(3843)   Other: 0.4ms
[2023-12-20T09:07:26.556-0800][56597001ms] GC(3843) Eden regions: 753->0(753)
[2023-12-20T09:07:26.556-0800][56597001ms] GC(3843) Survivor regions: 30->30(98)
[2023-12-20T09:07:26.556-0800][56597001ms] GC(3843) Old regions: 192->192
[2023-12-20T09:07:26.556-0800][56597001ms] GC(3843) Humongous regions: 5->5
[2023-12-20T09:07:26.556-0800][56597001ms] GC(3843) Metaspace: 256602K->256602K(1294336K)
[2023-12-20T09:07:26.556-0800][56597001ms] GC(3843) Pause Young (Normal) (G1 Evacuation Pause) 1957M->451M(2612M) 29.840ms
[2023-12-20T09:07:26.556-0800][56597001ms] GC(3843) User=0.05s Sys=0.00s Real=0.03s
[2023-12-20T09:07:27.397-0800][56597842ms] GC(3844) Pause Young (Normal) (G1 Evacuation Pause)
[2023-12-20T09:07:27.397-0800][56597842ms] GC(3844) Using 10 workers of 10 for evacuation
[2023-12-20T09:07:27.427-0800][56597872ms] GC(3844)   Pre Evacuate Collection Set: 0.0ms
[2023-12-20T09:07:27.427-0800][56597872ms] GC(3844)   Evacuate Collection Set: 27.5ms
[2023-12-20T09:07:27.427-0800][56597872ms] GC(3844)   Post Evacuate Collection Set: 2.6ms
[2023-12-20T09:07:27.427-0800][56597872ms] GC(3844)   Other: 0.4ms
[2023-12-20T09:07:27.427-0800][56597872ms] GC(3844) Eden regions: 753->0(753)
[2023-12-20T09:07:27.427-0800][56597872ms] GC(3844) Survivor regions: 30->30(98)
[2023-12-20T09:07:27.427-0800][56597872ms] GC(3844) Old regions: 192->192
[2023-12-20T09:07:27.427-0800][56597872ms] GC(3844) Humongous regions: 5->5
[2023-12-20T09:07:27.427-0800][56597872ms] GC(3844) Metaspace: 256602K->256602K(1294336K)
[2023-12-20T09:07:27.427-0800][56597872ms] GC(3844) Pause Young (Normal) (G1 Evacuation Pause) 1957M->451M(2612M) 30.531ms
[2023-12-20T09:07:27.427-0800][56597872ms] GC(3844) User=0.23s Sys=0.00s Real=0.03s
[2023-12-20T09:07:28.253-0800][56598698ms] GC(3845) Pause Young (Normal) (G1 Evacuation Pause)
[2023-12-20T09:07:28.253-0800][56598698ms] GC(3845) Using 10 workers of 10 for evacuation
[2023-12-20T09:07:28.285-0800][56598730ms] GC(3845)   Pre Evacuate Collection Set: 0.0ms
[2023-12-20T09:07:28.285-0800][56598730ms] GC(3845)   Evacuate Collection Set: 27.2ms
[2023-12-20T09:07:28.285-0800][56598730ms] GC(3845)   Post Evacuate Collection Set: 3.2ms
[2023-12-20T09:07:28.285-0800][56598730ms] GC(3845)   Other: 0.4ms
[2023-12-20T09:07:28.285-0800][56598730ms] GC(3845) Eden regions: 753->0(753)
[2023-12-20T09:07:28.285-0800][56598730ms] GC(3845) Survivor regions: 30->30(98)
[2023-12-20T09:07:28.285-0800][56598730ms] GC(3845) Old regions: 192->192
[2023-12-20T09:07:28.285-0800][56598730ms] GC(3845) Humongous regions: 5->5
[2023-12-20T09:07:28.285-0800][56598730ms] GC(3845) Metaspace: 256602K->256602K(1294336K)
[2023-12-20T09:07:28.285-0800][56598730ms] GC(3845) Pause Young (Normal) (G1 Evacuation Pause) 1957M->452M(2612M) 30.877ms
[2023-12-20T09:07:28.285-0800][56598730ms] GC(3845) User=0.08s Sys=0.00s Real=0.03s
[2023-12-20T09:07:29.218-0800][56599663ms] GC(3846) Pause Young (Normal) (G1 Evacuation Pause)
[2023-12-20T09:07:29.218-0800][56599663ms] GC(3846) Using 10 workers of 10 for evacuation
[2023-12-20T09:07:29.248-0800][56599693ms] GC(3846)   Pre Evacuate Collection Set: 0.0ms
[2023-12-20T09:07:29.248-0800][56599693ms] GC(3846)   Evacuate Collection Set: 27.6ms
[2023-12-20T09:07:29.248-0800][56599693ms] GC(3846)   Post Evacuate Collection Set: 2.6ms
[2023-12-20T09:07:29.248-0800][56599693ms] GC(3846)   Other: 0.4ms
[2023-12-20T09:07:29.248-0800][56599693ms] GC(3846) Eden regions: 753->0(753)
[2023-12-20T09:07:29.248-0800][56599693ms] GC(3846) Survivor regions: 30->30(98)
[2023-12-20T09:07:29.248-0800][56599693ms] GC(3846) Old regions: 192->192
[2023-12-20T09:07:29.248-0800][56599693ms] GC(3846) Humongous regions: 5->5
[2023-12-20T09:07:29.248-0800][56599693ms] GC(3846) Metaspace: 256602K->256602K(1294336K)
[2023-12-20T09:07:29.248-0800][56599693ms] GC(3846) Pause Young (Normal) (G1 Evacuation Pause) 1958M->452M(2612M) 30.731ms
[2023-12-20T09:07:29.248-0800][56599693ms] GC(3846) User=0.05s Sys=0.00s Real=0.03s
[2023-12-20T09:07:30.111-0800][56600556ms] GC(3847) Pause Young (Normal) (G1 Evacuation Pause)
[2023-12-20T09:07:30.112-0800][56600557ms] GC(3847) Using 10 workers of 10 for evacuation
[2023-12-20T09:07:30.142-0800][56600587ms] GC(3847)   Pre Evacuate Collection Set: 0.0ms
[2023-12-20T09:07:30.142-0800][56600587ms] GC(3847)   Evacuate Collection Set: 28.1ms
[2023-12-20T09:07:30.142-0800][56600587ms] GC(3847)   Post Evacuate Collection Set: 2.8ms
[2023-12-20T09:07:30.142-0800][56600587ms] GC(3847)   Other: 0.4ms
[2023-12-20T09:07:30.142-0800][56600587ms] GC(3847) Eden regions: 753->0(753)
[2023-12-20T09:07:30.142-0800][56600587ms] GC(3847) Survivor regions: 30->30(98)
[2023-12-20T09:07:30.142-0800][56600587ms] GC(3847) Old regions: 192->192
[2023-12-20T09:07:30.142-0800][56600587ms] GC(3847) Humongous regions: 5->5
[2023-12-20T09:07:30.142-0800][56600587ms] GC(3847) Metaspace: 256602K->256602K(1294336K)
[2023-12-20T09:07:30.142-0800][56600587ms] GC(3847) Pause Young (Normal) (G1 Evacuation Pause) 1958M->452M(2612M) 31.562ms
[2023-12-20T09:07:30.142-0800][56600587ms] GC(3847) User=0.09s Sys=0.00s Real=0.03s
[2023-12-20T09:07:31.016-0800][56601461ms] GC(3848) Pause Young (Normal) (G1 Evacuation Pause)
[2023-12-20T09:07:31.016-0800][56601461ms] GC(3848) Using 10 workers of 10 for evacuation
[2023-12-20T09:07:31.046-0800][56601491ms] GC(3848)   Pre Evacuate Collection Set: 0.0ms
[2023-12-20T09:07:31.046-0800][56601491ms] GC(3848)   Evacuate Collection Set: 27.2ms
[2023-12-20T09:07:31.046-0800][56601491ms] GC(3848)   Post Evacuate Collection Set: 3.0ms
[2023-12-20T09:07:31.046-0800][56601491ms] GC(3848)   Other: 0.4ms
[2023-12-20T09:07:31.046-0800][56601491ms] GC(3848) Eden regions: 753->0(752)
[2023-12-20T09:07:31.046-0800][56601491ms] GC(3848) Survivor regions: 30->31(98)
[2023-12-20T09:07:31.046-0800][56601491ms] GC(3848) Old regions: 192->192
[2023-12-20T09:07:31.046-0800][56601491ms] GC(3848) Humongous regions: 5->5
[2023-12-20T09:07:31.046-0800][56601491ms] GC(3848) Metaspace: 256602K->256602K(1294336K)
[2023-12-20T09:07:31.046-0800][56601491ms] GC(3848) Pause Young (Normal) (G1 Evacuation Pause) 1958M->454M(2612M) 30.655ms
[2023-12-20T09:07:31.046-0800][56601491ms] GC(3848) User=0.11s Sys=0.00s Real=0.03s
[2023-12-20T09:07:31.922-0800][56602367ms] GC(3849) Pause Young (Normal) (G1 Evacuation Pause)
[2023-12-20T09:07:31.922-0800][56602367ms] GC(3849) Using 10 workers of 10 for evacuation
[2023-12-20T09:07:31.952-0800][56602397ms] GC(3849)   Pre Evacuate Collection Set: 0.0ms
[2023-12-20T09:07:31.952-0800][56602397ms] GC(3849)   Evacuate Collection Set: 27.4ms
[2023-12-20T09:07:31.952-0800][56602397ms] GC(3849)   Post Evacuate Collection Set: 2.4ms
[2023-12-20T09:07:31.952-0800][56602397ms] GC(3849)   Other: 0.4ms
[2023-12-20T09:07:31.952-0800][56602397ms] GC(3849) Eden regions: 752->0(753)
[2023-12-20T09:07:31.952-0800][56602397ms] GC(3849) Survivor regions: 31->30(98)
[2023-12-20T09:07:31.952-0800][56602397ms] GC(3849) Old regions: 192->192
[2023-12-20T09:07:31.952-0800][56602397ms] GC(3849) Humongous regions: 5->5
[2023-12-20T09:07:31.952-0800][56602397ms] GC(3849) Metaspace: 256602K->256602K(1294336K)
[2023-12-20T09:07:31.952-0800][56602397ms] GC(3849) Pause Young (Normal) (G1 Evacuation Pause) 1958M->453M(2612M) 30.402ms
[2023-12-20T09:07:31.952-0800][56602397ms] GC(3849) User=0.03s Sys=0.00s Real=0.03s
[2023-12-20T09:07:32.865-0800][56603310ms] GC(3850) Pause Young (Normal) (G1 Evacuation Pause)
[2023-12-20T09:07:32.866-0800][56603311ms] GC(3850) Using 10 workers of 10 for evacuation
[2023-12-20T09:07:32.895-0800][56603340ms] GC(3850)   Pre Evacuate Collection Set: 0.0ms
[2023-12-20T09:07:32.895-0800][56603340ms] GC(3850)   Evacuate Collection Set: 27.5ms
[2023-12-20T09:07:32.895-0800][56603340ms] GC(3850)   Post Evacuate Collection Set: 2.5ms
[2023-12-20T09:07:32.895-0800][56603340ms] GC(3850)   Other: 0.4ms
[2023-12-20T09:07:32.895-0800][56603340ms] GC(3850) Eden regions: 753->0(753)
[2023-12-20T09:07:32.895-0800][56603340ms] GC(3850) Survivor regions: 30->30(98)
[2023-12-20T09:07:32.895-0800][56603340ms] GC(3850) Old regions: 192->192
[2023-12-20T09:07:32.895-0800][56603340ms] GC(3850) Humongous regions: 5->5
[2023-12-20T09:07:32.895-0800][56603340ms] GC(3850) Metaspace: 256602K->256602K(1294336K)
[2023-12-20T09:07:32.895-0800][56603340ms] GC(3850) Pause Young (Normal) (G1 Evacuation Pause) 1959M->453M(2612M) 30.522ms
[2023-12-20T09:07:32.895-0800][56603340ms] GC(3850) User=0.22s Sys=0.00s Real=0.03s
[2023-12-20T09:07:33.813-0800][56604258ms] GC(3851) Pause Young (Normal) (G1 Evacuation Pause)
[2023-12-20T09:07:33.813-0800][56604258ms] GC(3851) Using 10 workers of 10 for evacuation
[2023-12-20T09:07:33.844-0800][56604289ms] GC(3851)   Pre Evacuate Collection Set: 0.0ms
[2023-12-20T09:07:33.844-0800][56604289ms] GC(3851)   Evacuate Collection Set: 27.6ms
[2023-12-20T09:07:33.844-0800][56604289ms] GC(3851)   Post Evacuate Collection Set: 2.9ms
[2023-12-20T09:07:33.844-0800][56604289ms] GC(3851)   Other: 0.4ms
[2023-12-20T09:07:33.844-0800][56604289ms] GC(3851) Eden regions: 753->0(752)
[2023-12-20T09:07:33.844-0800][56604289ms] GC(3851) Survivor regions: 30->31(98)
[2023-12-20T09:07:33.844-0800][56604289ms] GC(3851) Old regions: 192->192
[2023-12-20T09:07:33.844-0800][56604289ms] GC(3851) Humongous regions: 5->5
[2023-12-20T09:07:33.844-0800][56604289ms] GC(3851) Metaspace: 256602K->256602K(1294336K)
[2023-12-20T09:07:33.844-0800][56604289ms] GC(3851) Pause Young (Normal) (G1 Evacuation Pause) 1959M->454M(2612M) 31.082ms
[2023-12-20T09:07:33.844-0800][56604289ms] GC(3851) User=0.05s Sys=0.00s Real=0.03s
[2023-12-20T09:07:34.589-0800][56605034ms] GC(3852) Pause Young (Normal) (G1 Evacuation Pause)
[2023-12-20T09:07:34.589-0800][56605034ms] GC(3852) Using 10 workers of 10 for evacuation
[2023-12-20T09:07:34.619-0800][56605064ms] GC(3852)   Pre Evacuate Collection Set: 0.0ms
[2023-12-20T09:07:34.619-0800][56605064ms] GC(3852)   Evacuate Collection Set: 27.3ms
[2023-12-20T09:07:34.619-0800][56605064ms] GC(3852)   Post Evacuate Collection Set: 2.8ms
[2023-12-20T09:07:34.619-0800][56605064ms] GC(3852)   Other: 0.4ms
[2023-12-20T09:07:34.619-0800][56605064ms] GC(3852) Eden regions: 752->0(752)
[2023-12-20T09:07:34.619-0800][56605064ms] GC(3852) Survivor regions: 31->31(98)
[2023-12-20T09:07:34.619-0800][56605064ms] GC(3852) Old regions: 192->192
[2023-12-20T09:07:34.619-0800][56605064ms] GC(3852) Humongous regions: 5->5
[2023-12-20T09:07:34.619-0800][56605064ms] GC(3852) Metaspace: 256602K->256602K(1294336K)
[2023-12-20T09:07:34.619-0800][56605064ms] GC(3852) Pause Young (Normal) (G1 Evacuation Pause) 1958M->454M(2612M) 30.741ms
[2023-12-20T09:07:34.619-0800][56605064ms] GC(3852) User=0.08s Sys=0.00s Real=0.03s
[2023-12-20T09:07:35.301-0800][56605746ms] GC(3853) Pause Young (Normal) (G1 Evacuation Pause)
[2023-12-20T09:07:35.301-0800][56605746ms] GC(3853) Using 10 workers of 10 for evacuation
[2023-12-20T09:07:35.330-0800][56605775ms] GC(3853)   Pre Evacuate Collection Set: 0.0ms
[2023-12-20T09:07:35.330-0800][56605775ms] GC(3853)   Evacuate Collection Set: 26.3ms
[2023-12-20T09:07:35.330-0800][56605775ms] GC(3853)   Post Evacuate Collection Set: 2.6ms
[2023-12-20T09:07:35.330-0800][56605775ms] GC(3853)   Other: 0.4ms
[2023-12-20T09:07:35.330-0800][56605775ms] GC(3853) Eden regions: 752->0(752)
[2023-12-20T09:07:35.330-0800][56605775ms] GC(3853) Survivor regions: 31->31(98)
[2023-12-20T09:07:35.330-0800][56605775ms] GC(3853) Old regions: 192->192
[2023-12-20T09:07:35.330-0800][56605775ms] GC(3853) Humongous regions: 5->5
[2023-12-20T09:07:35.330-0800][56605775ms] GC(3853) Metaspace: 256602K->256602K(1294336K)
[2023-12-20T09:07:35.330-0800][56605775ms] GC(3853) Pause Young (Normal) (G1 Evacuation Pause) 1958M->454M(2612M) 29.517ms
[2023-12-20T09:07:35.330-0800][56605775ms] GC(3853) User=0.13s Sys=0.00s Real=0.03s
[2023-12-20T09:07:36.018-0800][56606463ms] GC(3854) Pause Young (Normal) (G1 Evacuation Pause)
[2023-12-20T09:07:36.018-0800][56606463ms] GC(3854) Using 10 workers of 10 for evacuation
[2023-12-20T09:07:36.047-0800][56606492ms] GC(3854)   Pre Evacuate Collection Set: 0.0ms
[2023-12-20T09:07:36.047-0800][56606492ms] GC(3854)   Evacuate Collection Set: 26.6ms
[2023-12-20T09:07:36.047-0800][56606492ms] GC(3854)   Post Evacuate Collection Set: 2.4ms
[2023-12-20T09:07:36.047-0800][56606492ms] GC(3854)   Other: 0.4ms
[2023-12-20T09:07:36.047-0800][56606492ms] GC(3854) Eden regions: 752->0(752)
[2023-12-20T09:07:36.047-0800][56606492ms] GC(3854) Survivor regions: 31->31(98)
[2023-12-20T09:07:36.047-0800][56606492ms] GC(3854) Old regions: 192->192
[2023-12-20T09:07:36.047-0800][56606492ms] GC(3854) Humongous regions: 5->5
[2023-12-20T09:07:36.047-0800][56606492ms] GC(3854) Metaspace: 256602K->256602K(1294336K)
[2023-12-20T09:07:36.047-0800][56606492ms] GC(3854) Pause Young (Normal) (G1 Evacuation Pause) 1958M->454M(2612M) 29.561ms
[2023-12-20T09:07:36.047-0800][56606492ms] GC(3854) User=0.02s Sys=0.00s Real=0.03s
[2023-12-20T09:07:36.720-0800][56607165ms] GC(3855) Pause Young (Normal) (G1 Evacuation Pause)
[2023-12-20T09:07:36.720-0800][56607165ms] GC(3855) Using 10 workers of 10 for evacuation
[2023-12-20T09:07:36.754-0800][56607199ms] GC(3855)   Pre Evacuate Collection Set: 0.0ms
[2023-12-20T09:07:36.754-0800][56607199ms] GC(3855)   Evacuate Collection Set: 31.0ms
[2023-12-20T09:07:36.754-0800][56607199ms] GC(3855)   Post Evacuate Collection Set: 3.0ms
[2023-12-20T09:07:36.754-0800][56607199ms] GC(3855)   Other: 0.4ms
[2023-12-20T09:07:36.754-0800][56607199ms] GC(3855) Eden regions: 752->0(752)
[2023-12-20T09:07:36.754-0800][56607199ms] GC(3855) Survivor regions: 31->31(98)
[2023-12-20T09:07:36.754-0800][56607199ms] GC(3855) Old regions: 192->192
[2023-12-20T09:07:36.754-0800][56607199ms] GC(3855) Humongous regions: 5->5
[2023-12-20T09:07:36.754-0800][56607199ms] GC(3855) Metaspace: 256602K->256602K(1294336K)
[2023-12-20T09:07:36.754-0800][56607199ms] GC(3855) Pause Young (Normal) (G1 Evacuation Pause) 1958M->455M(2612M) 34.515ms
[2023-12-20T09:07:36.754-0800][56607199ms] GC(3855) User=0.11s Sys=0.02s Real=0.03s
[2023-12-20T09:07:37.525-0800][56607970ms] GC(3856) Pause Young (Normal) (G1 Evacuation Pause)
[2023-12-20T09:07:37.525-0800][56607970ms] GC(3856) Using 10 workers of 10 for evacuation
[2023-12-20T09:07:37.555-0800][56608000ms] GC(3856)   Pre Evacuate Collection Set: 0.0ms
[2023-12-20T09:07:37.555-0800][56608000ms] GC(3856)   Evacuate Collection Set: 27.2ms
[2023-12-20T09:07:37.555-0800][56608000ms] GC(3856)   Post Evacuate Collection Set: 2.8ms
[2023-12-20T09:07:37.555-0800][56608000ms] GC(3856)   Other: 0.4ms
[2023-12-20T09:07:37.555-0800][56608000ms] GC(3856) Eden regions: 752->0(752)
[2023-12-20T09:07:37.555-0800][56608000ms] GC(3856) Survivor regions: 31->31(98)
[2023-12-20T09:07:37.555-0800][56608000ms] GC(3856) Old regions: 192->192
[2023-12-20T09:07:37.555-0800][56608000ms] GC(3856) Humongous regions: 5->5
[2023-12-20T09:07:37.555-0800][56608000ms] GC(3856) Metaspace: 256602K->256602K(1294336K)
[2023-12-20T09:07:37.555-0800][56608000ms] GC(3856) Pause Young (Normal) (G1 Evacuation Pause) 1959M->454M(2612M) 30.508ms
[2023-12-20T09:07:37.555-0800][56608000ms] GC(3856) User=0.06s Sys=0.00s Real=0.03s
[2023-12-20T09:07:38.371-0800][56608816ms] GC(3857) Pause Young (Normal) (G1 Evacuation Pause)
[2023-12-20T09:07:38.371-0800][56608816ms] GC(3857) Using 10 workers of 10 for evacuation
[2023-12-20T09:07:38.401-0800][56608846ms] GC(3857)   Pre Evacuate Collection Set: 0.0ms
[2023-12-20T09:07:38.401-0800][56608846ms] GC(3857)   Evacuate Collection Set: 27.1ms
[2023-12-20T09:07:38.401-0800][56608846ms] GC(3857)   Post Evacuate Collection Set: 2.9ms
[2023-12-20T09:07:38.401-0800][56608846ms] GC(3857)   Other: 0.4ms
[2023-12-20T09:07:38.401-0800][56608846ms] GC(3857) Eden regions: 752->0(752)
[2023-12-20T09:07:38.401-0800][56608846ms] GC(3857) Survivor regions: 31->31(98)
[2023-12-20T09:07:38.401-0800][56608846ms] GC(3857) Old regions: 192->192
[2023-12-20T09:07:38.401-0800][56608846ms] GC(3857) Humongous regions: 5->5
[2023-12-20T09:07:38.401-0800][56608846ms] GC(3857) Metaspace: 256602K->256602K(1294336K)
[2023-12-20T09:07:38.401-0800][56608846ms] GC(3857) Pause Young (Normal) (G1 Evacuation Pause) 1958M->454M(2612M) 30.656ms
[2023-12-20T09:07:38.401-0800][56608846ms] GC(3857) User=0.05s Sys=0.00s Real=0.03s
[2023-12-20T09:07:39.210-0800][56609655ms] GC(3858) Pause Young (Normal) (G1 Evacuation Pause)
[2023-12-20T09:07:39.210-0800][56609655ms] GC(3858) Using 10 workers of 10 for evacuation
[2023-12-20T09:07:39.240-0800][56609685ms] GC(3858)   Pre Evacuate Collection Set: 0.0ms
[2023-12-20T09:07:39.240-0800][56609685ms] GC(3858)   Evacuate Collection Set: 28.2ms
[2023-12-20T09:07:39.240-0800][56609685ms] GC(3858)   Post Evacuate Collection Set: 2.8ms
[2023-12-20T09:07:39.242-0800][56609687ms] GC(3858)   Other: 0.4ms
[2023-12-20T09:07:39.242-0800][56609687ms] GC(3858) Eden regions: 752->0(753)
[2023-12-20T09:07:39.242-0800][56609687ms] GC(3858) Survivor regions: 31->30(98)
[2023-12-20T09:07:39.242-0800][56609687ms] GC(3858) Old regions: 192->192
[2023-12-20T09:07:39.242-0800][56609687ms] GC(3858) Humongous regions: 5->5
[2023-12-20T09:07:39.242-0800][56609687ms] GC(3858) Metaspace: 256602K->256602K(1294336K)
[2023-12-20T09:07:39.242-0800][56609687ms] GC(3858) Pause Young (Normal) (G1 Evacuation Pause) 1958M->452M(2612M) 31.605ms
[2023-12-20T09:07:39.242-0800][56609687ms] GC(3858) User=0.23s Sys=0.00s Real=0.03s
[2023-12-20T09:07:40.117-0800][56610562ms] GC(3859) Pause Young (Normal) (G1 Evacuation Pause)
[2023-12-20T09:07:40.117-0800][56610562ms] GC(3859) Using 10 workers of 10 for evacuation
[2023-12-20T09:07:40.152-0800][56610597ms] GC(3859)   Pre Evacuate Collection Set: 0.0ms
[2023-12-20T09:07:40.153-0800][56610598ms] GC(3859)   Evacuate Collection Set: 28.0ms
[2023-12-20T09:07:40.153-0800][56610598ms] GC(3859)   Post Evacuate Collection Set: 7.5ms
[2023-12-20T09:07:40.153-0800][56610598ms] GC(3859)   Other: 0.5ms
[2023-12-20T09:07:40.153-0800][56610598ms] GC(3859) Eden regions: 753->0(752)
[2023-12-20T09:07:40.153-0800][56610598ms] GC(3859) Survivor regions: 30->31(98)
[2023-12-20T09:07:40.153-0800][56610598ms] GC(3859) Old regions: 192->192
[2023-12-20T09:07:40.153-0800][56610598ms] GC(3859) Humongous regions: 5->5
[2023-12-20T09:07:40.153-0800][56610598ms] GC(3859) Metaspace: 256602K->256602K(1294336K)
[2023-12-20T09:07:40.153-0800][56610598ms] GC(3859) Pause Young (Normal) (G1 Evacuation Pause) 1958M->454M(2612M) 36.177ms
[2023-12-20T09:07:40.153-0800][56610598ms] GC(3859) User=0.08s Sys=0.00s Real=0.04s
[2023-12-20T09:07:41.112-0800][56611557ms] GC(3860) Pause Young (Normal) (G1 Evacuation Pause)
[2023-12-20T09:07:41.112-0800][56611557ms] GC(3860) Using 10 workers of 10 for evacuation
[2023-12-20T09:07:41.142-0800][56611587ms] GC(3860)   Pre Evacuate Collection Set: 0.1ms
[2023-12-20T09:07:41.142-0800][56611587ms] GC(3860)   Evacuate Collection Set: 26.7ms
[2023-12-20T09:07:41.142-0800][56611587ms] GC(3860)   Post Evacuate Collection Set: 2.4ms
[2023-12-20T09:07:41.142-0800][56611587ms] GC(3860)   Other: 0.4ms
[2023-12-20T09:07:41.142-0800][56611587ms] GC(3860) Eden regions: 752->0(752)
[2023-12-20T09:07:41.142-0800][56611587ms] GC(3860) Survivor regions: 31->31(98)
[2023-12-20T09:07:41.142-0800][56611587ms] GC(3860) Old regions: 192->192
[2023-12-20T09:07:41.142-0800][56611587ms] GC(3860) Humongous regions: 5->5
[2023-12-20T09:07:41.142-0800][56611587ms] GC(3860) Metaspace: 256602K->256602K(1294336K)
[2023-12-20T09:07:41.142-0800][56611587ms] GC(3860) Pause Young (Normal) (G1 Evacuation Pause) 1958M->454M(2612M) 29.571ms
[2023-12-20T09:07:41.142-0800][56611587ms] GC(3860) User=0.13s Sys=0.00s Real=0.03s
[2023-12-20T09:07:41.951-0800][56612396ms] GC(3861) Pause Young (Normal) (G1 Evacuation Pause)
[2023-12-20T09:07:41.951-0800][56612396ms] GC(3861) Using 10 workers of 10 for evacuation
[2023-12-20T09:07:41.986-0800][56612431ms] GC(3861)   Pre Evacuate Collection Set: 0.1ms
[2023-12-20T09:07:41.986-0800][56612431ms] GC(3861)   Evacuate Collection Set: 30.8ms
[2023-12-20T09:07:41.986-0800][56612431ms] GC(3861)   Post Evacuate Collection Set: 3.5ms
[2023-12-20T09:07:41.986-0800][56612431ms] GC(3861)   Other: 0.5ms
[2023-12-20T09:07:41.986-0800][56612431ms] GC(3861) Eden regions: 752->0(753)
[2023-12-20T09:07:41.986-0800][56612431ms] GC(3861) Survivor regions: 31->30(98)
[2023-12-20T09:07:41.986-0800][56612431ms] GC(3861) Old regions: 192->192
[2023-12-20T09:07:41.986-0800][56612431ms] GC(3861) Humongous regions: 5->5
[2023-12-20T09:07:41.986-0800][56612431ms] GC(3861) Metaspace: 256602K->256602K(1294336K)
[2023-12-20T09:07:41.986-0800][56612431ms] GC(3861) Pause Young (Normal) (G1 Evacuation Pause) 1958M->452M(2612M) 34.981ms
[2023-12-20T09:07:41.986-0800][56612431ms] GC(3861) User=0.14s Sys=0.00s Real=0.04s
[2023-12-20T09:07:42.897-0800][56613342ms] GC(3862) Pause Young (Normal) (G1 Evacuation Pause)
[2023-12-20T09:07:42.897-0800][56613342ms] GC(3862) Using 10 workers of 10 for evacuation
[2023-12-20T09:07:42.927-0800][56613372ms] GC(3862)   Pre Evacuate Collection Set: 0.0ms
[2023-12-20T09:07:42.927-0800][56613372ms] GC(3862)   Evacuate Collection Set: 28.0ms
[2023-12-20T09:07:42.927-0800][56613372ms] GC(3862)   Post Evacuate Collection Set: 2.5ms
[2023-12-20T09:07:42.927-0800][56613372ms] GC(3862)   Other: 0.4ms
[2023-12-20T09:07:42.927-0800][56613372ms] GC(3862) Eden regions: 753->0(753)
[2023-12-20T09:07:42.927-0800][56613372ms] GC(3862) Survivor regions: 30->30(98)
[2023-12-20T09:07:42.927-0800][56613372ms] GC(3862) Old regions: 192->192
[2023-12-20T09:07:42.927-0800][56613372ms] GC(3862) Humongous regions: 5->5
[2023-12-20T09:07:42.927-0800][56613372ms] GC(3862) Metaspace: 256602K->256602K(1294336K)
[2023-12-20T09:07:42.927-0800][56613372ms] GC(3862) Pause Young (Normal) (G1 Evacuation Pause) 1958M->453M(2612M) 31.124ms
[2023-12-20T09:07:42.927-0800][56613372ms] GC(3862) User=0.06s Sys=0.00s Real=0.03s
[2023-12-20T09:07:43.711-0800][56614156ms] GC(3863) Pause Young (Normal) (G1 Evacuation Pause)
[2023-12-20T09:07:43.711-0800][56614156ms] GC(3863) Using 10 workers of 10 for evacuation
[2023-12-20T09:07:43.743-0800][56614188ms] GC(3863)   Pre Evacuate Collection Set: 0.0ms
[2023-12-20T09:07:43.743-0800][56614188ms] GC(3863)   Evacuate Collection Set: 27.6ms
[2023-12-20T09:07:43.743-0800][56614188ms] GC(3863)   Post Evacuate Collection Set: 2.8ms
[2023-12-20T09:07:43.743-0800][56614188ms] GC(3863)   Other: 0.4ms
[2023-12-20T09:07:43.743-0800][56614188ms] GC(3863) Eden regions: 753->0(753)
[2023-12-20T09:07:43.743-0800][56614188ms] GC(3863) Survivor regions: 30->30(98)
[2023-12-20T09:07:43.743-0800][56614188ms] GC(3863) Old regions: 192->192
[2023-12-20T09:07:43.743-0800][56614188ms] GC(3863) Humongous regions: 5->5
[2023-12-20T09:07:43.743-0800][56614188ms] GC(3863) Metaspace: 256602K->256602K(1294336K)
[2023-12-20T09:07:43.743-0800][56614188ms] GC(3863) Pause Young (Normal) (G1 Evacuation Pause) 1959M->452M(2612M) 30.989ms
[2023-12-20T09:07:43.743-0800][56614188ms] GC(3863) User=0.08s Sys=0.00s Real=0.03s
[2023-12-20T09:07:44.563-0800][56615008ms] GC(3864) Pause Young (Normal) (G1 Evacuation Pause)
[2023-12-20T09:07:44.563-0800][56615008ms] GC(3864) Using 10 workers of 10 for evacuation
[2023-12-20T09:07:44.597-0800][56615042ms] GC(3864)   Pre Evacuate Collection Set: 0.0ms
[2023-12-20T09:07:44.597-0800][56615042ms] GC(3864)   Evacuate Collection Set: 29.4ms
[2023-12-20T09:07:44.597-0800][56615042ms] GC(3864)   Post Evacuate Collection Set: 3.9ms
[2023-12-20T09:07:44.597-0800][56615042ms] GC(3864)   Other: 0.5ms
[2023-12-20T09:07:44.597-0800][56615042ms] GC(3864) Eden regions: 753->0(753)
[2023-12-20T09:07:44.597-0800][56615042ms] GC(3864) Survivor regions: 30->30(98)
[2023-12-20T09:07:44.597-0800][56615042ms] GC(3864) Old regions: 192->192
[2023-12-20T09:07:44.597-0800][56615042ms] GC(3864) Humongous regions: 5->5
[2023-12-20T09:07:44.597-0800][56615042ms] GC(3864) Metaspace: 256602K->256602K(1294336K)
[2023-12-20T09:07:44.597-0800][56615042ms] GC(3864) Pause Young (Normal) (G1 Evacuation Pause) 1958M->452M(2612M) 34.032ms
[2023-12-20T09:07:44.597-0800][56615042ms] GC(3864) User=0.16s Sys=0.00s Real=0.03s
[2023-12-20T09:07:45.456-0800][56615901ms] GC(3865) Pause Young (Normal) (G1 Evacuation Pause)
[2023-12-20T09:07:45.456-0800][56615901ms] GC(3865) Using 10 workers of 10 for evacuation
[2023-12-20T09:07:45.489-0800][56615934ms] GC(3865)   Pre Evacuate Collection Set: 0.0ms
[2023-12-20T09:07:45.489-0800][56615934ms] GC(3865)   Evacuate Collection Set: 29.0ms
[2023-12-20T09:07:45.489-0800][56615934ms] GC(3865)   Post Evacuate Collection Set: 3.7ms
[2023-12-20T09:07:45.489-0800][56615934ms] GC(3865)   Other: 0.4ms
[2023-12-20T09:07:45.489-0800][56615934ms] GC(3865) Eden regions: 753->0(754)
[2023-12-20T09:07:45.489-0800][56615934ms] GC(3865) Survivor regions: 30->29(98)
[2023-12-20T09:07:45.489-0800][56615934ms] GC(3865) Old regions: 192->192
[2023-12-20T09:07:45.489-0800][56615934ms] GC(3865) Humongous regions: 5->5
[2023-12-20T09:07:45.489-0800][56615934ms] GC(3865) Metaspace: 256602K->256602K(1294336K)
[2023-12-20T09:07:45.489-0800][56615934ms] GC(3865) Pause Young (Normal) (G1 Evacuation Pause) 1958M->451M(2612M) 33.455ms
[2023-12-20T09:07:45.489-0800][56615934ms] GC(3865) User=0.09s Sys=0.00s Real=0.03s
[2023-12-20T09:07:46.217-0800][56616662ms] GC(3866) Pause Young (Normal) (G1 Evacuation Pause)
[2023-12-20T09:07:46.217-0800][56616662ms] GC(3866) Using 10 workers of 10 for evacuation
[2023-12-20T09:07:46.247-0800][56616692ms] GC(3866)   Pre Evacuate Collection Set: 0.0ms
[2023-12-20T09:07:46.248-0800][56616693ms] GC(3866)   Evacuate Collection Set: 27.1ms
[2023-12-20T09:07:46.248-0800][56616693ms] GC(3866)   Post Evacuate Collection Set: 2.5ms
[2023-12-20T09:07:46.248-0800][56616693ms] GC(3866)   Other: 0.4ms
[2023-12-20T09:07:46.248-0800][56616693ms] GC(3866) Eden regions: 754->0(753)
[2023-12-20T09:07:46.248-0800][56616693ms] GC(3866) Survivor regions: 29->30(98)
[2023-12-20T09:07:46.248-0800][56616693ms] GC(3866) Old regions: 192->192
[2023-12-20T09:07:46.248-0800][56616693ms] GC(3866) Humongous regions: 5->5
[2023-12-20T09:07:46.248-0800][56616693ms] GC(3866) Metaspace: 256602K->256602K(1294336K)
[2023-12-20T09:07:46.248-0800][56616693ms] GC(3866) Pause Young (Normal) (G1 Evacuation Pause) 1959M->453M(2612M) 30.218ms
[2023-12-20T09:07:46.248-0800][56616693ms] GC(3866) User=0.14s Sys=0.00s Real=0.03s
[2023-12-20T09:07:46.952-0800][56617397ms] GC(3867) Pause Young (Normal) (G1 Evacuation Pause)
[2023-12-20T09:07:46.952-0800][56617397ms] GC(3867) Using 10 workers of 10 for evacuation
[2023-12-20T09:07:46.980-0800][56617425ms] GC(3867)   Pre Evacuate Collection Set: 0.1ms
[2023-12-20T09:07:46.980-0800][56617425ms] GC(3867)   Evacuate Collection Set: 25.7ms
[2023-12-20T09:07:46.980-0800][56617425ms] GC(3867)   Post Evacuate Collection Set: 2.4ms
[2023-12-20T09:07:46.980-0800][56617425ms] GC(3867)   Other: 0.4ms
[2023-12-20T09:07:46.980-0800][56617425ms] GC(3867) Eden regions: 753->0(753)
[2023-12-20T09:07:46.980-0800][56617425ms] GC(3867) Survivor regions: 30->30(98)
[2023-12-20T09:07:46.980-0800][56617425ms] GC(3867) Old regions: 192->192
[2023-12-20T09:07:46.980-0800][56617425ms] GC(3867) Humongous regions: 5->5
[2023-12-20T09:07:46.980-0800][56617425ms] GC(3867) Metaspace: 256602K->256602K(1294336K)
[2023-12-20T09:07:46.980-0800][56617425ms] GC(3867) Pause Young (Normal) (G1 Evacuation Pause) 1959M->453M(2612M) 28.614ms
[2023-12-20T09:07:46.980-0800][56617425ms] GC(3867) User=0.09s Sys=0.00s Real=0.03s
[2023-12-20T09:07:47.719-0800][56618164ms] GC(3868) Pause Young (Normal) (G1 Evacuation Pause)
[2023-12-20T09:07:47.719-0800][56618164ms] GC(3868) Using 10 workers of 10 for evacuation
[2023-12-20T09:07:47.747-0800][56618192ms] GC(3868)   Pre Evacuate Collection Set: 0.0ms
[2023-12-20T09:07:47.747-0800][56618192ms] GC(3868)   Evacuate Collection Set: 26.4ms
[2023-12-20T09:07:47.747-0800][56618192ms] GC(3868)   Post Evacuate Collection Set: 2.3ms
[2023-12-20T09:07:47.747-0800][56618192ms] GC(3868)   Other: 0.4ms
[2023-12-20T09:07:47.747-0800][56618192ms] GC(3868) Eden regions: 753->0(754)
[2023-12-20T09:07:47.747-0800][56618192ms] GC(3868) Survivor regions: 30->29(98)
[2023-12-20T09:07:47.747-0800][56618192ms] GC(3868) Old regions: 192->192
[2023-12-20T09:07:47.747-0800][56618192ms] GC(3868) Humongous regions: 5->5
[2023-12-20T09:07:47.747-0800][56618192ms] GC(3868) Metaspace: 256602K->256602K(1294336K)
[2023-12-20T09:07:47.747-0800][56618192ms] GC(3868) Pause Young (Normal) (G1 Evacuation Pause) 1959M->451M(2612M) 29.270ms
[2023-12-20T09:07:47.747-0800][56618192ms] GC(3868) User=0.08s Sys=0.00s Real=0.03s
[2023-12-20T09:07:48.572-0800][56619017ms] GC(3869) Pause Young (Normal) (G1 Evacuation Pause)
[2023-12-20T09:07:48.572-0800][56619017ms] GC(3869) Using 10 workers of 10 for evacuation
[2023-12-20T09:07:48.601-0800][56619046ms] GC(3869)   Pre Evacuate Collection Set: 0.0ms
[2023-12-20T09:07:48.601-0800][56619046ms] GC(3869)   Evacuate Collection Set: 26.0ms
[2023-12-20T09:07:48.601-0800][56619046ms] GC(3869)   Post Evacuate Collection Set: 3.2ms
[2023-12-20T09:07:48.601-0800][56619046ms] GC(3869)   Other: 0.4ms
[2023-12-20T09:07:48.601-0800][56619046ms] GC(3869) Eden regions: 754->0(753)
[2023-12-20T09:07:48.601-0800][56619046ms] GC(3869) Survivor regions: 29->30(98)
[2023-12-20T09:07:48.601-0800][56619046ms] GC(3869) Old regions: 192->192
[2023-12-20T09:07:48.601-0800][56619046ms] GC(3869) Humongous regions: 5->5
[2023-12-20T09:07:48.601-0800][56619046ms] GC(3869) Metaspace: 256602K->256602K(1294336K)
[2023-12-20T09:07:48.601-0800][56619046ms] GC(3869) Pause Young (Normal) (G1 Evacuation Pause) 1959M->453M(2612M) 29.746ms
[2023-12-20T09:07:48.601-0800][56619046ms] GC(3869) User=0.09s Sys=0.00s Real=0.03s
[2023-12-20T09:07:49.215-0800][56619660ms] GC(3870) Pause Young (Normal) (G1 Evacuation Pause)
[2023-12-20T09:07:49.215-0800][56619660ms] GC(3870) Using 10 workers of 10 for evacuation
[2023-12-20T09:07:49.248-0800][56619693ms] GC(3870)   Pre Evacuate Collection Set: 0.1ms
[2023-12-20T09:07:49.248-0800][56619693ms] GC(3870)   Evacuate Collection Set: 27.6ms
[2023-12-20T09:07:49.248-0800][56619693ms] GC(3870)   Post Evacuate Collection Set: 5.0ms
[2023-12-20T09:07:49.248-0800][56619693ms] GC(3870)   Other: 0.4ms
[2023-12-20T09:07:49.248-0800][56619693ms] GC(3870) Eden regions: 753->0(754)
[2023-12-20T09:07:49.248-0800][56619693ms] GC(3870) Survivor regions: 30->29(98)
[2023-12-20T09:07:49.248-0800][56619693ms] GC(3870) Old regions: 192->192
[2023-12-20T09:07:49.248-0800][56619693ms] GC(3870) Humongous regions: 5->5
[2023-12-20T09:07:49.248-0800][56619693ms] GC(3870) Metaspace: 256602K->256602K(1294336K)
[2023-12-20T09:07:49.248-0800][56619693ms] GC(3870) Pause Young (Normal) (G1 Evacuation Pause) 1959M->451M(2612M) 33.234ms
[2023-12-20T09:07:49.249-0800][56619694ms] GC(3870) User=0.08s Sys=0.00s Real=0.03s
[2023-12-20T09:07:49.954-0800][56620399ms] GC(3871) Pause Young (Normal) (G1 Evacuation Pause)
[2023-12-20T09:07:49.954-0800][56620399ms] GC(3871) Using 10 workers of 10 for evacuation
[2023-12-20T09:07:49.985-0800][56620430ms] GC(3871)   Pre Evacuate Collection Set: 0.1ms
[2023-12-20T09:07:49.985-0800][56620430ms] GC(3871)   Evacuate Collection Set: 27.1ms
[2023-12-20T09:07:49.985-0800][56620430ms] GC(3871)   Post Evacuate Collection Set: 3.3ms
[2023-12-20T09:07:49.985-0800][56620430ms] GC(3871)   Other: 0.4ms
[2023-12-20T09:07:49.985-0800][56620430ms] GC(3871) Eden regions: 754->0(753)
[2023-12-20T09:07:49.985-0800][56620430ms] GC(3871) Survivor regions: 29->30(98)
[2023-12-20T09:07:49.985-0800][56620430ms] GC(3871) Old regions: 192->192
[2023-12-20T09:07:49.985-0800][56620430ms] GC(3871) Humongous regions: 5->5
[2023-12-20T09:07:49.985-0800][56620430ms] GC(3871) Metaspace: 256602K->256602K(1294336K)
[2023-12-20T09:07:49.985-0800][56620430ms] GC(3871) Pause Young (Normal) (G1 Evacuation Pause) 1959M->453M(2612M) 31.000ms
[2023-12-20T09:07:49.985-0800][56620430ms] GC(3871) User=0.14s Sys=0.00s Real=0.03s
[2023-12-20T09:07:50.921-0800][56621366ms] GC(3872) Pause Young (Normal) (G1 Evacuation Pause)
[2023-12-20T09:07:50.921-0800][56621366ms] GC(3872) Using 10 workers of 10 for evacuation
[2023-12-20T09:07:50.951-0800][56621396ms] GC(3872)   Pre Evacuate Collection Set: 0.1ms
[2023-12-20T09:07:50.951-0800][56621396ms] GC(3872)   Evacuate Collection Set: 27.0ms
[2023-12-20T09:07:50.951-0800][56621396ms] GC(3872)   Post Evacuate Collection Set: 2.6ms
[2023-12-20T09:07:50.951-0800][56621396ms] GC(3872)   Other: 0.4ms
[2023-12-20T09:07:50.951-0800][56621396ms] GC(3872) Eden regions: 753->0(753)
[2023-12-20T09:07:50.951-0800][56621396ms] GC(3872) Survivor regions: 30->30(98)
[2023-12-20T09:07:50.951-0800][56621396ms] GC(3872) Old regions: 192->192
[2023-12-20T09:07:50.951-0800][56621396ms] GC(3872) Humongous regions: 5->5
[2023-12-20T09:07:50.951-0800][56621396ms] GC(3872) Metaspace: 256602K->256602K(1294336K)
[2023-12-20T09:07:50.951-0800][56621396ms] GC(3872) Pause Young (Normal) (G1 Evacuation Pause) 1959M->452M(2612M) 30.169ms
[2023-12-20T09:07:50.951-0800][56621396ms] GC(3872) User=0.08s Sys=0.00s Real=0.03s
[2023-12-20T09:07:51.896-0800][56622341ms] GC(3873) Pause Young (Normal) (G1 Evacuation Pause)
[2023-12-20T09:07:51.896-0800][56622341ms] GC(3873) Using 10 workers of 10 for evacuation
[2023-12-20T09:07:51.927-0800][56622372ms] GC(3873)   Pre Evacuate Collection Set: 0.0ms
[2023-12-20T09:07:51.927-0800][56622372ms] GC(3873)   Evacuate Collection Set: 28.2ms
[2023-12-20T09:07:51.927-0800][56622372ms] GC(3873)   Post Evacuate Collection Set: 2.5ms
[2023-12-20T09:07:51.927-0800][56622372ms] GC(3873)   Other: 0.5ms
[2023-12-20T09:07:51.927-0800][56622372ms] GC(3873) Eden regions: 753->0(753)
[2023-12-20T09:07:51.927-0800][56622372ms] GC(3873) Survivor regions: 30->30(98)
[2023-12-20T09:07:51.927-0800][56622372ms] GC(3873) Old regions: 192->192
[2023-12-20T09:07:51.927-0800][56622372ms] GC(3873) Humongous regions: 5->5
[2023-12-20T09:07:51.927-0800][56622372ms] GC(3873) Metaspace: 256602K->256602K(1294336K)
[2023-12-20T09:07:51.927-0800][56622372ms] GC(3873) Pause Young (Normal) (G1 Evacuation Pause) 1958M->453M(2612M) 31.414ms
[2023-12-20T09:07:51.927-0800][56622372ms] GC(3873) User=0.22s Sys=0.00s Real=0.03s
[2023-12-20T09:07:52.681-0800][56623126ms] GC(3874) Pause Young (Normal) (G1 Evacuation Pause)
[2023-12-20T09:07:52.681-0800][56623126ms] GC(3874) Using 10 workers of 10 for evacuation
[2023-12-20T09:07:52.711-0800][56623156ms] GC(3874)   Pre Evacuate Collection Set: 0.0ms
[2023-12-20T09:07:52.711-0800][56623156ms] GC(3874)   Evacuate Collection Set: 26.8ms
[2023-12-20T09:07:52.711-0800][56623156ms] GC(3874)   Post Evacuate Collection Set: 2.5ms
[2023-12-20T09:07:52.711-0800][56623156ms] GC(3874)   Other: 0.4ms
[2023-12-20T09:07:52.711-0800][56623156ms] GC(3874) Eden regions: 753->0(753)
[2023-12-20T09:07:52.711-0800][56623156ms] GC(3874) Survivor regions: 30->30(98)
[2023-12-20T09:07:52.711-0800][56623156ms] GC(3874) Old regions: 192->192
[2023-12-20T09:07:52.711-0800][56623156ms] GC(3874) Humongous regions: 5->5
[2023-12-20T09:07:52.711-0800][56623156ms] GC(3874) Metaspace: 256602K->256602K(1294336K)
[2023-12-20T09:07:52.711-0800][56623156ms] GC(3874) Pause Young (Normal) (G1 Evacuation Pause) 1959M->453M(2612M) 29.916ms
[2023-12-20T09:07:52.711-0800][56623156ms] GC(3874) User=0.06s Sys=0.00s Real=0.03s
[2023-12-20T09:07:53.608-0800][56624053ms] GC(3875) Pause Young (Normal) (G1 Evacuation Pause)
[2023-12-20T09:07:53.608-0800][56624053ms] GC(3875) Using 10 workers of 10 for evacuation
[2023-12-20T09:07:53.638-0800][56624083ms] GC(3875)   Pre Evacuate Collection Set: 0.0ms
[2023-12-20T09:07:53.638-0800][56624083ms] GC(3875)   Evacuate Collection Set: 27.2ms
[2023-12-20T09:07:53.638-0800][56624083ms] GC(3875)   Post Evacuate Collection Set: 2.4ms
[2023-12-20T09:07:53.638-0800][56624083ms] GC(3875)   Other: 0.4ms
[2023-12-20T09:07:53.638-0800][56624083ms] GC(3875) Eden regions: 753->0(752)
[2023-12-20T09:07:53.638-0800][56624083ms] GC(3875) Survivor regions: 30->31(98)
[2023-12-20T09:07:53.638-0800][56624083ms] GC(3875) Old regions: 192->192
[2023-12-20T09:07:53.638-0800][56624083ms] GC(3875) Humongous regions: 5->5
[2023-12-20T09:07:53.638-0800][56624083ms] GC(3875) Metaspace: 256602K->256602K(1294336K)
[2023-12-20T09:07:53.638-0800][56624083ms] GC(3875) Pause Young (Normal) (G1 Evacuation Pause) 1959M->454M(2612M) 30.125ms
[2023-12-20T09:07:53.638-0800][56624083ms] GC(3875) User=0.11s Sys=0.00s Real=0.03s
[2023-12-20T09:07:54.477-0800][56624922ms] GC(3876) Pause Young (Normal) (G1 Evacuation Pause)
[2023-12-20T09:07:54.477-0800][56624922ms] GC(3876) Using 10 workers of 10 for evacuation
[2023-12-20T09:07:54.507-0800][56624952ms] GC(3876)   Pre Evacuate Collection Set: 0.0ms
[2023-12-20T09:07:54.507-0800][56624952ms] GC(3876)   Evacuate Collection Set: 27.0ms
[2023-12-20T09:07:54.507-0800][56624952ms] GC(3876)   Post Evacuate Collection Set: 2.4ms
[2023-12-20T09:07:54.507-0800][56624952ms] GC(3876)   Other: 0.4ms
[2023-12-20T09:07:54.507-0800][56624952ms] GC(3876) Eden regions: 752->0(753)
[2023-12-20T09:07:54.507-0800][56624952ms] GC(3876) Survivor regions: 31->30(98)
[2023-12-20T09:07:54.507-0800][56624952ms] GC(3876) Old regions: 192->192
[2023-12-20T09:07:54.507-0800][56624952ms] GC(3876) Humongous regions: 5->5
[2023-12-20T09:07:54.507-0800][56624952ms] GC(3876) Metaspace: 256602K->256602K(1294336K)
[2023-12-20T09:07:54.507-0800][56624952ms] GC(3876) Pause Young (Normal) (G1 Evacuation Pause) 1958M->453M(2612M) 30.016ms
[2023-12-20T09:07:54.507-0800][56624952ms] GC(3876) User=0.11s Sys=0.00s Real=0.03s
[2023-12-20T09:07:55.473-0800][56625918ms] GC(3877) Pause Young (Normal) (G1 Evacuation Pause)
[2023-12-20T09:07:55.473-0800][56625918ms] GC(3877) Using 10 workers of 10 for evacuation
[2023-12-20T09:07:55.506-0800][56625951ms] GC(3877)   Pre Evacuate Collection Set: 0.0ms
[2023-12-20T09:07:55.506-0800][56625951ms] GC(3877)   Evacuate Collection Set: 30.8ms
[2023-12-20T09:07:55.506-0800][56625951ms] GC(3877)   Post Evacuate Collection Set: 2.9ms
[2023-12-20T09:07:55.506-0800][56625951ms] GC(3877)   Other: 0.4ms
[2023-12-20T09:07:55.506-0800][56625951ms] GC(3877) Eden regions: 753->0(753)
[2023-12-20T09:07:55.506-0800][56625951ms] GC(3877) Survivor regions: 30->30(98)
[2023-12-20T09:07:55.506-0800][56625951ms] GC(3877) Old regions: 192->192
[2023-12-20T09:07:55.506-0800][56625951ms] GC(3877) Humongous regions: 5->5
[2023-12-20T09:07:55.506-0800][56625951ms] GC(3877) Metaspace: 256602K->256602K(1294336K)
[2023-12-20T09:07:55.506-0800][56625951ms] GC(3877) Pause Young (Normal) (G1 Evacuation Pause) 1959M->452M(2612M) 34.324ms
[2023-12-20T09:07:55.506-0800][56625951ms] GC(3877) User=0.13s Sys=0.00s Real=0.03s
[2023-12-20T09:07:56.601-0800][56627046ms] GC(3878) Pause Young (Normal) (G1 Evacuation Pause)
[2023-12-20T09:07:56.601-0800][56627046ms] GC(3878) Using 10 workers of 10 for evacuation
[2023-12-20T09:07:56.634-0800][56627079ms] GC(3878)   Pre Evacuate Collection Set: 0.0ms
[2023-12-20T09:07:56.634-0800][56627079ms] GC(3878)   Evacuate Collection Set: 29.3ms
[2023-12-20T09:07:56.634-0800][56627079ms] GC(3878)   Post Evacuate Collection Set: 2.7ms
[2023-12-20T09:07:56.634-0800][56627079ms] GC(3878)   Other: 0.4ms
[2023-12-20T09:07:56.634-0800][56627079ms] GC(3878) Eden regions: 753->0(753)
[2023-12-20T09:07:56.634-0800][56627079ms] GC(3878) Survivor regions: 30->30(98)
[2023-12-20T09:07:56.634-0800][56627079ms] GC(3878) Old regions: 192->192
[2023-12-20T09:07:56.634-0800][56627079ms] GC(3878) Humongous regions: 5->5
[2023-12-20T09:07:56.634-0800][56627079ms] GC(3878) Metaspace: 256602K->256602K(1294336K)
[2023-12-20T09:07:56.634-0800][56627079ms] GC(3878) Pause Young (Normal) (G1 Evacuation Pause) 1958M->453M(2612M) 32.518ms
[2023-12-20T09:07:56.634-0800][56627079ms] GC(3878) User=0.13s Sys=0.00s Real=0.03s
[2023-12-20T09:07:57.437-0800][56627883ms] GC(3879) Pause Young (Normal) (G1 Evacuation Pause)
[2023-12-20T09:07:57.438-0800][56627883ms] GC(3879) Using 10 workers of 10 for evacuation
[2023-12-20T09:07:57.468-0800][56627913ms] GC(3879)   Pre Evacuate Collection Set: 0.0ms
[2023-12-20T09:07:57.468-0800][56627913ms] GC(3879)   Evacuate Collection Set: 28.4ms
[2023-12-20T09:07:57.468-0800][56627913ms] GC(3879)   Post Evacuate Collection Set: 2.4ms
[2023-12-20T09:07:57.468-0800][56627913ms] GC(3879)   Other: 0.4ms
[2023-12-20T09:07:57.468-0800][56627913ms] GC(3879) Eden regions: 753->0(753)
[2023-12-20T09:07:57.468-0800][56627913ms] GC(3879) Survivor regions: 30->30(98)
[2023-12-20T09:07:57.468-0800][56627913ms] GC(3879) Old regions: 192->192
[2023-12-20T09:07:57.468-0800][56627913ms] GC(3879) Humongous regions: 5->5
[2023-12-20T09:07:57.468-0800][56627913ms] GC(3879) Metaspace: 256602K->256602K(1294336K)
[2023-12-20T09:07:57.468-0800][56627913ms] GC(3879) Pause Young (Normal) (G1 Evacuation Pause) 1959M->453M(2612M) 31.323ms
[2023-12-20T09:07:57.468-0800][56627913ms] GC(3879) User=0.16s Sys=0.00s Real=0.03s
[2023-12-20T09:07:58.262-0800][56628707ms] GC(3880) Pause Young (Normal) (G1 Evacuation Pause)
[2023-12-20T09:07:58.262-0800][56628707ms] GC(3880) Using 10 workers of 10 for evacuation
[2023-12-20T09:07:58.294-0800][56628739ms] GC(3880)   Pre Evacuate Collection Set: 0.1ms
[2023-12-20T09:07:58.294-0800][56628739ms] GC(3880)   Evacuate Collection Set: 28.5ms
[2023-12-20T09:07:58.294-0800][56628739ms] GC(3880)   Post Evacuate Collection Set: 3.3ms
[2023-12-20T09:07:58.294-0800][56628739ms] GC(3880)   Other: 0.4ms
[2023-12-20T09:07:58.294-0800][56628739ms] GC(3880) Eden regions: 753->0(753)
[2023-12-20T09:07:58.294-0800][56628739ms] GC(3880) Survivor regions: 30->30(98)
[2023-12-20T09:07:58.294-0800][56628739ms] GC(3880) Old regions: 192->192
[2023-12-20T09:07:58.294-0800][56628739ms] GC(3880) Humongous regions: 5->5
[2023-12-20T09:07:58.294-0800][56628739ms] GC(3880) Metaspace: 256602K->256602K(1294336K)
[2023-12-20T09:07:58.294-0800][56628739ms] GC(3880) Pause Young (Normal) (G1 Evacuation Pause) 1959M->452M(2612M) 32.374ms
[2023-12-20T09:07:58.294-0800][56628739ms] GC(3880) User=0.08s Sys=0.00s Real=0.03s
[2023-12-20T09:07:59.172-0800][56629617ms] GC(3881) Pause Young (Normal) (G1 Evacuation Pause)
[2023-12-20T09:07:59.172-0800][56629617ms] GC(3881) Using 10 workers of 10 for evacuation
[2023-12-20T09:07:59.203-0800][56629648ms] GC(3881)   Pre Evacuate Collection Set: 0.0ms
[2023-12-20T09:07:59.203-0800][56629648ms] GC(3881)   Evacuate Collection Set: 27.9ms
[2023-12-20T09:07:59.203-0800][56629648ms] GC(3881)   Post Evacuate Collection Set: 2.7ms
[2023-12-20T09:07:59.203-0800][56629648ms] GC(3881)   Other: 0.5ms
[2023-12-20T09:07:59.203-0800][56629648ms] GC(3881) Eden regions: 753->0(754)
[2023-12-20T09:07:59.203-0800][56629648ms] GC(3881) Survivor regions: 30->29(98)
[2023-12-20T09:07:59.203-0800][56629648ms] GC(3881) Old regions: 192->192
[2023-12-20T09:07:59.203-0800][56629648ms] GC(3881) Humongous regions: 5->5
[2023-12-20T09:07:59.203-0800][56629648ms] GC(3881) Metaspace: 256602K->256602K(1294336K)
[2023-12-20T09:07:59.203-0800][56629648ms] GC(3881) Pause Young (Normal) (G1 Evacuation Pause) 1958M->451M(2612M) 31.521ms
[2023-12-20T09:07:59.203-0800][56629648ms] GC(3881) User=0.08s Sys=0.00s Real=0.03s
[2023-12-20T09:08:00.216-0800][56630661ms] GC(3882) Pause Young (Normal) (GCLocker Initiated GC)
[2023-12-20T09:08:00.216-0800][56630661ms] GC(3882) Using 10 workers of 10 for evacuation
[2023-12-20T09:08:00.249-0800][56630694ms] GC(3882)   Pre Evacuate Collection Set: 0.0ms
[2023-12-20T09:08:00.249-0800][56630694ms] GC(3882)   Evacuate Collection Set: 29.5ms
[2023-12-20T09:08:00.249-0800][56630694ms] GC(3882)   Post Evacuate Collection Set: 2.9ms
[2023-12-20T09:08:00.249-0800][56630694ms] GC(3882)   Other: 0.4ms
[2023-12-20T09:08:00.249-0800][56630694ms] GC(3882) Eden regions: 755->0(753)
[2023-12-20T09:08:00.249-0800][56630694ms] GC(3882) Survivor regions: 29->30(98)
[2023-12-20T09:08:00.249-0800][56630694ms] GC(3882) Old regions: 192->192
[2023-12-20T09:08:00.249-0800][56630694ms] GC(3882) Humongous regions: 5->5
[2023-12-20T09:08:00.249-0800][56630694ms] GC(3882) Metaspace: 256602K->256602K(1294336K)
[2023-12-20T09:08:00.249-0800][56630694ms] GC(3882) Pause Young (Normal) (GCLocker Initiated GC) 1960M->452M(2612M) 33.028ms
[2023-12-20T09:08:00.249-0800][56630694ms] GC(3882) User=0.11s Sys=0.00s Real=0.03s
[2023-12-20T09:08:01.224-0800][56631669ms] GC(3883) Pause Young (Normal) (GCLocker Initiated GC)
[2023-12-20T09:08:01.224-0800][56631669ms] GC(3883) Using 10 workers of 10 for evacuation
[2023-12-20T09:08:01.255-0800][56631700ms] GC(3883)   Pre Evacuate Collection Set: 0.0ms
[2023-12-20T09:08:01.255-0800][56631700ms] GC(3883)   Evacuate Collection Set: 27.6ms
[2023-12-20T09:08:01.255-0800][56631700ms] GC(3883)   Post Evacuate Collection Set: 2.5ms
[2023-12-20T09:08:01.255-0800][56631700ms] GC(3883)   Other: 0.4ms
[2023-12-20T09:08:01.255-0800][56631700ms] GC(3883) Eden regions: 754->0(753)
[2023-12-20T09:08:01.255-0800][56631700ms] GC(3883) Survivor regions: 30->30(98)
[2023-12-20T09:08:01.255-0800][56631700ms] GC(3883) Old regions: 192->192
[2023-12-20T09:08:01.255-0800][56631700ms] GC(3883) Humongous regions: 5->5
[2023-12-20T09:08:01.255-0800][56631700ms] GC(3883) Metaspace: 256602K->256602K(1294336K)
[2023-12-20T09:08:01.255-0800][56631700ms] GC(3883) Pause Young (Normal) (GCLocker Initiated GC) 1959M->453M(2612M) 30.652ms
[2023-12-20T09:08:01.255-0800][56631700ms] GC(3883) User=0.25s Sys=0.00s Real=0.03s
[2023-12-20T09:08:02.159-0800][56632604ms] GC(3884) Pause Young (Normal) (G1 Evacuation Pause)
[2023-12-20T09:08:02.159-0800][56632604ms] GC(3884) Using 10 workers of 10 for evacuation
[2023-12-20T09:08:02.189-0800][56632634ms] GC(3884)   Pre Evacuate Collection Set: 0.0ms
[2023-12-20T09:08:02.189-0800][56632634ms] GC(3884)   Evacuate Collection Set: 27.4ms
[2023-12-20T09:08:02.189-0800][56632634ms] GC(3884)   Post Evacuate Collection Set: 2.6ms
[2023-12-20T09:08:02.189-0800][56632634ms] GC(3884)   Other: 0.4ms
[2023-12-20T09:08:02.189-0800][56632634ms] GC(3884) Eden regions: 753->0(753)
[2023-12-20T09:08:02.189-0800][56632634ms] GC(3884) Survivor regions: 30->30(98)
[2023-12-20T09:08:02.189-0800][56632634ms] GC(3884) Old regions: 192->192
[2023-12-20T09:08:02.189-0800][56632634ms] GC(3884) Humongous regions: 5->5
[2023-12-20T09:08:02.189-0800][56632634ms] GC(3884) Metaspace: 256602K->256602K(1294336K)
[2023-12-20T09:08:02.189-0800][56632634ms] GC(3884) Pause Young (Normal) (G1 Evacuation Pause) 1959M->453M(2612M) 30.502ms
[2023-12-20T09:08:02.189-0800][56632634ms] GC(3884) User=0.08s Sys=0.00s Real=0.03s
[2023-12-20T09:08:03.016-0800][56633461ms] GC(3885) Pause Young (Normal) (G1 Evacuation Pause)
[2023-12-20T09:08:03.016-0800][56633461ms] GC(3885) Using 10 workers of 10 for evacuation
[2023-12-20T09:08:03.049-0800][56633494ms] GC(3885)   Pre Evacuate Collection Set: 0.0ms
[2023-12-20T09:08:03.049-0800][56633494ms] GC(3885)   Evacuate Collection Set: 29.5ms
[2023-12-20T09:08:03.049-0800][56633494ms] GC(3885)   Post Evacuate Collection Set: 3.6ms
[2023-12-20T09:08:03.049-0800][56633494ms] GC(3885)   Other: 0.4ms
[2023-12-20T09:08:03.049-0800][56633494ms] GC(3885) Eden regions: 753->0(754)
[2023-12-20T09:08:03.049-0800][56633494ms] GC(3885) Survivor regions: 30->29(98)
[2023-12-20T09:08:03.049-0800][56633494ms] GC(3885) Old regions: 192->192
[2023-12-20T09:08:03.049-0800][56633494ms] GC(3885) Humongous regions: 5->5
[2023-12-20T09:08:03.049-0800][56633494ms] GC(3885) Metaspace: 256602K->256602K(1294336K)
[2023-12-20T09:08:03.049-0800][56633494ms] GC(3885) Pause Young (Normal) (G1 Evacuation Pause) 1959M->450M(2612M) 33.706ms
[2023-12-20T09:08:03.049-0800][56633494ms] GC(3885) User=0.17s Sys=0.00s Real=0.03s
[2023-12-20T09:08:03.875-0800][56634320ms] GC(3886) Pause Young (Normal) (G1 Evacuation Pause)
[2023-12-20T09:08:03.875-0800][56634320ms] GC(3886) Using 10 workers of 10 for evacuation
[2023-12-20T09:08:03.907-0800][56634352ms] GC(3886)   Pre Evacuate Collection Set: 0.0ms
[2023-12-20T09:08:03.907-0800][56634352ms] GC(3886)   Evacuate Collection Set: 28.4ms
[2023-12-20T09:08:03.907-0800][56634352ms] GC(3886)   Post Evacuate Collection Set: 2.6ms
[2023-12-20T09:08:03.907-0800][56634352ms] GC(3886)   Other: 0.4ms
[2023-12-20T09:08:03.907-0800][56634352ms] GC(3886) Eden regions: 754->0(754)
[2023-12-20T09:08:03.907-0800][56634352ms] GC(3886) Survivor regions: 29->29(98)
[2023-12-20T09:08:03.907-0800][56634352ms] GC(3886) Old regions: 192->192
[2023-12-20T09:08:03.907-0800][56634352ms] GC(3886) Humongous regions: 5->5
[2023-12-20T09:08:03.907-0800][56634352ms] GC(3886) Metaspace: 256602K->256602K(1294336K)
[2023-12-20T09:08:03.907-0800][56634352ms] GC(3886) Pause Young (Normal) (G1 Evacuation Pause) 1958M->451M(2612M) 31.581ms
[2023-12-20T09:08:03.907-0800][56634352ms] GC(3886) User=0.09s Sys=0.00s Real=0.03s
[2023-12-20T09:08:04.745-0800][56635190ms] GC(3887) Pause Young (Normal) (G1 Evacuation Pause)
[2023-12-20T09:08:04.745-0800][56635190ms] GC(3887) Using 10 workers of 10 for evacuation
[2023-12-20T09:08:04.780-0800][56635225ms] GC(3887)   Pre Evacuate Collection Set: 0.0ms
[2023-12-20T09:08:04.780-0800][56635225ms] GC(3887)   Evacuate Collection Set: 30.9ms
[2023-12-20T09:08:04.780-0800][56635225ms] GC(3887)   Post Evacuate Collection Set: 3.2ms
[2023-12-20T09:08:04.780-0800][56635225ms] GC(3887)   Other: 0.4ms
[2023-12-20T09:08:04.780-0800][56635225ms] GC(3887) Eden regions: 754->0(753)
[2023-12-20T09:08:04.780-0800][56635225ms] GC(3887) Survivor regions: 29->30(98)
[2023-12-20T09:08:04.780-0800][56635225ms] GC(3887) Old regions: 192->192
[2023-12-20T09:08:04.780-0800][56635225ms] GC(3887) Humongous regions: 5->5
[2023-12-20T09:08:04.780-0800][56635225ms] GC(3887) Metaspace: 256602K->256602K(1294336K)
[2023-12-20T09:08:04.780-0800][56635225ms] GC(3887) Pause Young (Normal) (G1 Evacuation Pause) 1959M->452M(2612M) 34.604ms
[2023-12-20T09:08:04.780-0800][56635225ms] GC(3887) User=0.14s Sys=0.00s Real=0.04s
[2023-12-20T09:08:05.576-0800][56636021ms] GC(3888) Pause Young (Normal) (G1 Evacuation Pause)
[2023-12-20T09:08:05.576-0800][56636021ms] GC(3888) Using 10 workers of 10 for evacuation
[2023-12-20T09:08:05.608-0800][56636053ms] GC(3888)   Pre Evacuate Collection Set: 0.0ms
[2023-12-20T09:08:05.608-0800][56636053ms] GC(3888)   Evacuate Collection Set: 27.9ms
[2023-12-20T09:08:05.608-0800][56636053ms] GC(3888)   Post Evacuate Collection Set: 2.9ms
[2023-12-20T09:08:05.608-0800][56636053ms] GC(3888)   Other: 0.4ms
[2023-12-20T09:08:05.608-0800][56636053ms] GC(3888) Eden regions: 753->0(753)
[2023-12-20T09:08:05.608-0800][56636053ms] GC(3888) Survivor regions: 30->30(98)
[2023-12-20T09:08:05.608-0800][56636053ms] GC(3888) Old regions: 192->193
[2023-12-20T09:08:05.608-0800][56636053ms] GC(3888) Humongous regions: 5->5
[2023-12-20T09:08:05.608-0800][56636053ms] GC(3888) Metaspace: 256602K->256602K(1294336K)
[2023-12-20T09:08:05.608-0800][56636053ms] GC(3888) Pause Young (Normal) (G1 Evacuation Pause) 1958M->453M(2612M) 31.313ms
[2023-12-20T09:08:05.608-0800][56636053ms] GC(3888) User=0.14s Sys=0.00s Real=0.03s
[2023-12-20T09:08:06.564-0800][56637009ms] GC(3889) Pause Young (Normal) (G1 Evacuation Pause)
[2023-12-20T09:08:06.564-0800][56637009ms] GC(3889) Using 10 workers of 10 for evacuation
[2023-12-20T09:08:06.598-0800][56637043ms] GC(3889)   Pre Evacuate Collection Set: 0.0ms
[2023-12-20T09:08:06.598-0800][56637043ms] GC(3889)   Evacuate Collection Set: 30.0ms
[2023-12-20T09:08:06.598-0800][56637043ms] GC(3889)   Post Evacuate Collection Set: 3.3ms
[2023-12-20T09:08:06.598-0800][56637043ms] GC(3889)   Other: 0.3ms
[2023-12-20T09:08:06.598-0800][56637043ms] GC(3889) Eden regions: 753->0(753)
[2023-12-20T09:08:06.598-0800][56637043ms] GC(3889) Survivor regions: 30->30(98)
[2023-12-20T09:08:06.598-0800][56637043ms] GC(3889) Old regions: 193->193
[2023-12-20T09:08:06.598-0800][56637043ms] GC(3889) Humongous regions: 5->5
[2023-12-20T09:08:06.598-0800][56637043ms] GC(3889) Metaspace: 256602K->256602K(1294336K)
[2023-12-20T09:08:06.598-0800][56637043ms] GC(3889) Pause Young (Normal) (G1 Evacuation Pause) 1959M->453M(2612M) 33.801ms
[2023-12-20T09:08:06.598-0800][56637043ms] GC(3889) User=0.11s Sys=0.02s Real=0.03s
[2023-12-20T09:08:07.500-0800][56637945ms] GC(3890) Pause Young (Normal) (G1 Evacuation Pause)
[2023-12-20T09:08:07.500-0800][56637945ms] GC(3890) Using 10 workers of 10 for evacuation
[2023-12-20T09:08:07.532-0800][56637977ms] GC(3890)   Pre Evacuate Collection Set: 0.0ms
[2023-12-20T09:08:07.532-0800][56637977ms] GC(3890)   Evacuate Collection Set: 27.7ms
[2023-12-20T09:08:07.532-0800][56637977ms] GC(3890)   Post Evacuate Collection Set: 3.5ms
[2023-12-20T09:08:07.532-0800][56637977ms] GC(3890)   Other: 0.4ms
[2023-12-20T09:08:07.532-0800][56637977ms] GC(3890) Eden regions: 753->0(753)
[2023-12-20T09:08:07.532-0800][56637977ms] GC(3890) Survivor regions: 30->30(98)
[2023-12-20T09:08:07.532-0800][56637977ms] GC(3890) Old regions: 193->193
[2023-12-20T09:08:07.532-0800][56637977ms] GC(3890) Humongous regions: 5->5
[2023-12-20T09:08:07.532-0800][56637977ms] GC(3890) Metaspace: 256602K->256602K(1294336K)
[2023-12-20T09:08:07.532-0800][56637977ms] GC(3890) Pause Young (Normal) (G1 Evacuation Pause) 1959M->453M(2612M) 31.699ms
[2023-12-20T09:08:07.532-0800][56637977ms] GC(3890) User=0.11s Sys=0.00s Real=0.03s
[2023-12-20T09:08:08.457-0800][56638902ms] GC(3891) Pause Young (Normal) (G1 Evacuation Pause)
[2023-12-20T09:08:08.457-0800][56638902ms] GC(3891) Using 10 workers of 10 for evacuation
[2023-12-20T09:08:08.488-0800][56638933ms] GC(3891)   Pre Evacuate Collection Set: 0.1ms
[2023-12-20T09:08:08.488-0800][56638933ms] GC(3891)   Evacuate Collection Set: 28.2ms
[2023-12-20T09:08:08.488-0800][56638933ms] GC(3891)   Post Evacuate Collection Set: 2.5ms
[2023-12-20T09:08:08.488-0800][56638933ms] GC(3891)   Other: 0.4ms
[2023-12-20T09:08:08.488-0800][56638933ms] GC(3891) Eden regions: 753->0(754)
[2023-12-20T09:08:08.488-0800][56638933ms] GC(3891) Survivor regions: 30->29(98)
[2023-12-20T09:08:08.488-0800][56638933ms] GC(3891) Old regions: 193->193
[2023-12-20T09:08:08.488-0800][56638933ms] GC(3891) Humongous regions: 5->5
[2023-12-20T09:08:08.488-0800][56638933ms] GC(3891) Metaspace: 256602K->256602K(1294336K)
[2023-12-20T09:08:08.488-0800][56638933ms] GC(3891) Pause Young (Normal) (G1 Evacuation Pause) 1959M->452M(2612M) 31.310ms
[2023-12-20T09:08:08.488-0800][56638933ms] GC(3891) User=0.09s Sys=0.00s Real=0.03s
[2023-12-20T09:08:09.413-0800][56639858ms] GC(3892) Pause Young (Normal) (G1 Evacuation Pause)
[2023-12-20T09:08:09.413-0800][56639858ms] GC(3892) Using 10 workers of 10 for evacuation
[2023-12-20T09:08:09.444-0800][56639889ms] GC(3892)   Pre Evacuate Collection Set: 0.0ms
[2023-12-20T09:08:09.444-0800][56639889ms] GC(3892)   Evacuate Collection Set: 29.0ms
[2023-12-20T09:08:09.444-0800][56639889ms] GC(3892)   Post Evacuate Collection Set: 2.8ms
[2023-12-20T09:08:09.444-0800][56639889ms] GC(3892)   Other: 0.4ms
[2023-12-20T09:08:09.444-0800][56639889ms] GC(3892) Eden regions: 754->0(753)
[2023-12-20T09:08:09.444-0800][56639889ms] GC(3892) Survivor regions: 29->30(98)
[2023-12-20T09:08:09.444-0800][56639889ms] GC(3892) Old regions: 193->193
[2023-12-20T09:08:09.444-0800][56639889ms] GC(3892) Humongous regions: 5->5
[2023-12-20T09:08:09.444-0800][56639889ms] GC(3892) Metaspace: 256602K->256602K(1294336K)
[2023-12-20T09:08:09.444-0800][56639889ms] GC(3892) Pause Young (Normal) (G1 Evacuation Pause) 1960M->453M(2612M) 32.379ms
[2023-12-20T09:08:09.444-0800][56639889ms] GC(3892) User=0.20s Sys=0.00s Real=0.03s
[2023-12-20T09:08:10.469-0800][56640914ms] GC(3893) Pause Young (Normal) (G1 Evacuation Pause)
[2023-12-20T09:08:10.469-0800][56640914ms] GC(3893) Using 10 workers of 10 for evacuation
[2023-12-20T09:08:10.501-0800][56640946ms] GC(3893)   Pre Evacuate Collection Set: 0.0ms
[2023-12-20T09:08:10.501-0800][56640946ms] GC(3893)   Evacuate Collection Set: 29.0ms
[2023-12-20T09:08:10.501-0800][56640946ms] GC(3893)   Post Evacuate Collection Set: 3.0ms
[2023-12-20T09:08:10.501-0800][56640946ms] GC(3893)   Other: 0.4ms
[2023-12-20T09:08:10.501-0800][56640946ms] GC(3893) Eden regions: 753->0(754)
[2023-12-20T09:08:10.501-0800][56640946ms] GC(3893) Survivor regions: 30->29(98)
[2023-12-20T09:08:10.501-0800][56640946ms] GC(3893) Old regions: 193->193
[2023-12-20T09:08:10.501-0800][56640946ms] GC(3893) Humongous regions: 5->5
[2023-12-20T09:08:10.501-0800][56640946ms] GC(3893) Metaspace: 256602K->256602K(1294336K)
[2023-12-20T09:08:10.501-0800][56640946ms] GC(3893) Pause Young (Normal) (G1 Evacuation Pause) 1959M->452M(2612M) 32.566ms
[2023-12-20T09:08:10.501-0800][56640946ms] GC(3893) User=0.06s Sys=0.00s Real=0.03s
[2023-12-20T09:08:11.448-0800][56641893ms] GC(3894) Pause Young (Normal) (G1 Evacuation Pause)
[2023-12-20T09:08:11.448-0800][56641894ms] GC(3894) Using 10 workers of 10 for evacuation
[2023-12-20T09:08:11.478-0800][56641923ms] GC(3894)   Pre Evacuate Collection Set: 0.0ms
[2023-12-20T09:08:11.478-0800][56641923ms] GC(3894)   Evacuate Collection Set: 26.8ms
[2023-12-20T09:08:11.478-0800][56641923ms] GC(3894)   Post Evacuate Collection Set: 2.5ms
[2023-12-20T09:08:11.478-0800][56641923ms] GC(3894)   Other: 0.4ms
[2023-12-20T09:08:11.478-0800][56641923ms] GC(3894) Eden regions: 754->0(753)
[2023-12-20T09:08:11.478-0800][56641923ms] GC(3894) Survivor regions: 29->30(98)
[2023-12-20T09:08:11.478-0800][56641923ms] GC(3894) Old regions: 193->193
[2023-12-20T09:08:11.478-0800][56641923ms] GC(3894) Humongous regions: 5->5
[2023-12-20T09:08:11.478-0800][56641923ms] GC(3894) Metaspace: 256602K->256602K(1294336K)
[2023-12-20T09:08:11.478-0800][56641923ms] GC(3894) Pause Young (Normal) (G1 Evacuation Pause) 1960M->454M(2612M) 29.785ms
[2023-12-20T09:08:11.478-0800][56641923ms] GC(3894) User=0.08s Sys=0.00s Real=0.03s
[2023-12-20T09:08:12.353-0800][56642798ms] GC(3895) Pause Young (Normal) (G1 Evacuation Pause)
[2023-12-20T09:08:12.353-0800][56642798ms] GC(3895) Using 10 workers of 10 for evacuation
[2023-12-20T09:08:12.384-0800][56642829ms] GC(3895)   Pre Evacuate Collection Set: 0.0ms
[2023-12-20T09:08:12.384-0800][56642829ms] GC(3895)   Evacuate Collection Set: 27.8ms
[2023-12-20T09:08:12.384-0800][56642829ms] GC(3895)   Post Evacuate Collection Set: 2.3ms
[2023-12-20T09:08:12.384-0800][56642829ms] GC(3895)   Other: 0.4ms
[2023-12-20T09:08:12.384-0800][56642829ms] GC(3895) Eden regions: 753->0(753)
[2023-12-20T09:08:12.384-0800][56642829ms] GC(3895) Survivor regions: 30->30(98)
[2023-12-20T09:08:12.384-0800][56642829ms] GC(3895) Old regions: 193->193
[2023-12-20T09:08:12.384-0800][56642829ms] GC(3895) Humongous regions: 5->5
[2023-12-20T09:08:12.384-0800][56642829ms] GC(3895) Metaspace: 256602K->256602K(1294336K)
[2023-12-20T09:08:12.384-0800][56642829ms] GC(3895) Pause Young (Normal) (G1 Evacuation Pause) 1960M->453M(2612M) 30.610ms
[2023-12-20T09:08:12.384-0800][56642829ms] GC(3895) User=0.08s Sys=0.00s Real=0.03s
[2023-12-20T09:08:13.281-0800][56643726ms] GC(3896) Pause Young (Normal) (G1 Evacuation Pause)
[2023-12-20T09:08:13.281-0800][56643726ms] GC(3896) Using 10 workers of 10 for evacuation
[2023-12-20T09:08:13.312-0800][56643757ms] GC(3896)   Pre Evacuate Collection Set: 0.0ms
[2023-12-20T09:08:13.312-0800][56643757ms] GC(3896)   Evacuate Collection Set: 28.5ms
[2023-12-20T09:08:13.312-0800][56643757ms] GC(3896)   Post Evacuate Collection Set: 2.8ms
[2023-12-20T09:08:13.312-0800][56643757ms] GC(3896)   Other: 0.4ms
[2023-12-20T09:08:13.312-0800][56643757ms] GC(3896) Eden regions: 753->0(753)
[2023-12-20T09:08:13.312-0800][56643757ms] GC(3896) Survivor regions: 30->30(98)
[2023-12-20T09:08:13.312-0800][56643757ms] GC(3896) Old regions: 193->193
[2023-12-20T09:08:13.312-0800][56643757ms] GC(3896) Humongous regions: 5->5
[2023-12-20T09:08:13.312-0800][56643757ms] GC(3896) Metaspace: 256602K->256602K(1294336K)
[2023-12-20T09:08:13.312-0800][56643757ms] GC(3896) Pause Young (Normal) (G1 Evacuation Pause) 1959M->453M(2612M) 31.932ms
[2023-12-20T09:08:13.312-0800][56643757ms] GC(3896) User=0.17s Sys=0.00s Real=0.03s
[2023-12-20T09:08:14.168-0800][56644613ms] GC(3897) Pause Young (Normal) (G1 Evacuation Pause)
[2023-12-20T09:08:14.168-0800][56644613ms] GC(3897) Using 10 workers of 10 for evacuation
[2023-12-20T09:08:14.199-0800][56644644ms] GC(3897)   Pre Evacuate Collection Set: 0.0ms
[2023-12-20T09:08:14.199-0800][56644644ms] GC(3897)   Evacuate Collection Set: 28.1ms
[2023-12-20T09:08:14.199-0800][56644644ms] GC(3897)   Post Evacuate Collection Set: 2.7ms
[2023-12-20T09:08:14.199-0800][56644644ms] GC(3897)   Other: 0.4ms
[2023-12-20T09:08:14.199-0800][56644644ms] GC(3897) Eden regions: 753->0(754)
[2023-12-20T09:08:14.199-0800][56644644ms] GC(3897) Survivor regions: 30->29(98)
[2023-12-20T09:08:14.199-0800][56644644ms] GC(3897) Old regions: 193->193
[2023-12-20T09:08:14.199-0800][56644644ms] GC(3897) Humongous regions: 5->5
[2023-12-20T09:08:14.199-0800][56644644ms] GC(3897) Metaspace: 256602K->256602K(1294336K)
[2023-12-20T09:08:14.199-0800][56644644ms] GC(3897) Pause Young (Normal) (G1 Evacuation Pause) 1959M->452M(2612M) 31.404ms
[2023-12-20T09:08:14.199-0800][56644644ms] GC(3897) User=0.13s Sys=0.00s Real=0.03s
[2023-12-20T09:08:15.113-0800][56645558ms] GC(3898) Pause Young (Normal) (G1 Evacuation Pause)
[2023-12-20T09:08:15.113-0800][56645558ms] GC(3898) Using 10 workers of 10 for evacuation
[2023-12-20T09:08:15.143-0800][56645588ms] GC(3898)   Pre Evacuate Collection Set: 0.1ms
[2023-12-20T09:08:15.143-0800][56645588ms] GC(3898)   Evacuate Collection Set: 26.6ms
[2023-12-20T09:08:15.143-0800][56645588ms] GC(3898)   Post Evacuate Collection Set: 2.5ms
[2023-12-20T09:08:15.143-0800][56645588ms] GC(3898)   Other: 0.4ms
[2023-12-20T09:08:15.143-0800][56645588ms] GC(3898) Eden regions: 754->0(753)
[2023-12-20T09:08:15.143-0800][56645588ms] GC(3898) Survivor regions: 29->30(98)
[2023-12-20T09:08:15.143-0800][56645588ms] GC(3898) Old regions: 193->193
[2023-12-20T09:08:15.143-0800][56645588ms] GC(3898) Humongous regions: 5->5
[2023-12-20T09:08:15.143-0800][56645588ms] GC(3898) Metaspace: 256602K->256602K(1294336K)
[2023-12-20T09:08:15.143-0800][56645588ms] GC(3898) Pause Young (Normal) (G1 Evacuation Pause) 1960M->453M(2612M) 29.685ms
[2023-12-20T09:08:15.143-0800][56645588ms] GC(3898) User=0.11s Sys=0.00s Real=0.03s
[2023-12-20T09:08:16.061-0800][56646506ms] GC(3899) Pause Young (Normal) (G1 Evacuation Pause)
[2023-12-20T09:08:16.061-0800][56646506ms] GC(3899) Using 10 workers of 10 for evacuation
[2023-12-20T09:08:16.092-0800][56646537ms] GC(3899)   Pre Evacuate Collection Set: 0.0ms
[2023-12-20T09:08:16.092-0800][56646537ms] GC(3899)   Evacuate Collection Set: 27.6ms
[2023-12-20T09:08:16.092-0800][56646537ms] GC(3899)   Post Evacuate Collection Set: 2.3ms
[2023-12-20T09:08:16.092-0800][56646537ms] GC(3899)   Other: 0.5ms
[2023-12-20T09:08:16.092-0800][56646537ms] GC(3899) Eden regions: 753->0(753)
[2023-12-20T09:08:16.092-0800][56646537ms] GC(3899) Survivor regions: 30->30(98)
[2023-12-20T09:08:16.092-0800][56646537ms] GC(3899) Old regions: 193->193
[2023-12-20T09:08:16.092-0800][56646537ms] GC(3899) Humongous regions: 5->5
[2023-12-20T09:08:16.092-0800][56646537ms] GC(3899) Metaspace: 256602K->256602K(1294336K)
[2023-12-20T09:08:16.092-0800][56646537ms] GC(3899) Pause Young (Normal) (G1 Evacuation Pause) 1959M->453M(2612M) 30.579ms
[2023-12-20T09:08:16.092-0800][56646537ms] GC(3899) User=0.16s Sys=0.00s Real=0.03s
[2023-12-20T09:08:16.928-0800][56647373ms] GC(3900) Pause Young (Normal) (G1 Evacuation Pause)
[2023-12-20T09:08:16.928-0800][56647373ms] GC(3900) Using 10 workers of 10 for evacuation
[2023-12-20T09:08:16.958-0800][56647403ms] GC(3900)   Pre Evacuate Collection Set: 0.0ms
[2023-12-20T09:08:16.958-0800][56647403ms] GC(3900)   Evacuate Collection Set: 27.2ms
[2023-12-20T09:08:16.958-0800][56647403ms] GC(3900)   Post Evacuate Collection Set: 2.5ms
[2023-12-20T09:08:16.958-0800][56647403ms] GC(3900)   Other: 0.4ms
[2023-12-20T09:08:16.958-0800][56647403ms] GC(3900) Eden regions: 753->0(753)
[2023-12-20T09:08:16.958-0800][56647403ms] GC(3900) Survivor regions: 30->30(98)
[2023-12-20T09:08:16.958-0800][56647403ms] GC(3900) Old regions: 193->193
[2023-12-20T09:08:16.958-0800][56647403ms] GC(3900) Humongous regions: 5->5
[2023-12-20T09:08:16.958-0800][56647403ms] GC(3900) Metaspace: 256602K->256602K(1294336K)
[2023-12-20T09:08:16.958-0800][56647403ms] GC(3900) Pause Young (Normal) (G1 Evacuation Pause) 1959M->453M(2612M) 30.182ms
[2023-12-20T09:08:16.958-0800][56647403ms] GC(3900) User=0.19s Sys=0.00s Real=0.03s
[2023-12-20T09:08:17.819-0800][56648264ms] GC(3901) Pause Young (Normal) (G1 Evacuation Pause)
[2023-12-20T09:08:17.819-0800][56648264ms] GC(3901) Using 10 workers of 10 for evacuation
[2023-12-20T09:08:17.849-0800][56648294ms] GC(3901)   Pre Evacuate Collection Set: 0.0ms
[2023-12-20T09:08:17.849-0800][56648294ms] GC(3901)   Evacuate Collection Set: 27.3ms
[2023-12-20T09:08:17.849-0800][56648294ms] GC(3901)   Post Evacuate Collection Set: 3.0ms
[2023-12-20T09:08:17.849-0800][56648294ms] GC(3901)   Other: 0.4ms
[2023-12-20T09:08:17.849-0800][56648294ms] GC(3901) Eden regions: 753->0(753)
[2023-12-20T09:08:17.849-0800][56648294ms] GC(3901) Survivor regions: 30->30(98)
[2023-12-20T09:08:17.849-0800][56648294ms] GC(3901) Old regions: 193->193
[2023-12-20T09:08:17.849-0800][56648294ms] GC(3901) Humongous regions: 5->5
[2023-12-20T09:08:17.849-0800][56648294ms] GC(3901) Metaspace: 256602K->256602K(1294336K)
[2023-12-20T09:08:17.849-0800][56648294ms] GC(3901) Pause Young (Normal) (G1 Evacuation Pause) 1959M->454M(2612M) 30.846ms
[2023-12-20T09:08:17.849-0800][56648294ms] GC(3901) User=0.25s Sys=0.00s Real=0.03s
[2023-12-20T09:08:18.756-0800][56649201ms] GC(3902) Pause Young (Normal) (G1 Evacuation Pause)
[2023-12-20T09:08:18.756-0800][56649201ms] GC(3902) Using 10 workers of 10 for evacuation
[2023-12-20T09:08:18.791-0800][56649236ms] GC(3902)   Pre Evacuate Collection Set: 0.0ms
[2023-12-20T09:08:18.791-0800][56649236ms] GC(3902)   Evacuate Collection Set: 32.6ms
[2023-12-20T09:08:18.791-0800][56649236ms] GC(3902)   Post Evacuate Collection Set: 2.5ms
[2023-12-20T09:08:18.791-0800][56649236ms] GC(3902)   Other: 0.4ms
[2023-12-20T09:08:18.791-0800][56649236ms] GC(3902) Eden regions: 753->0(754)
[2023-12-20T09:08:18.791-0800][56649236ms] GC(3902) Survivor regions: 30->29(98)
[2023-12-20T09:08:18.791-0800][56649236ms] GC(3902) Old regions: 193->193
[2023-12-20T09:08:18.791-0800][56649236ms] GC(3902) Humongous regions: 5->5
[2023-12-20T09:08:18.791-0800][56649236ms] GC(3902) Metaspace: 256602K->256602K(1294336K)
[2023-12-20T09:08:18.791-0800][56649236ms] GC(3902) Pause Young (Normal) (G1 Evacuation Pause) 1960M->451M(2612M) 35.646ms
[2023-12-20T09:08:18.791-0800][56649236ms] GC(3902) User=0.25s Sys=0.02s Real=0.03s
[2023-12-20T09:08:19.684-0800][56650129ms] GC(3903) Pause Young (Normal) (G1 Evacuation Pause)
[2023-12-20T09:08:19.684-0800][56650129ms] GC(3903) Using 10 workers of 10 for evacuation
[2023-12-20T09:08:19.714-0800][56650159ms] GC(3903)   Pre Evacuate Collection Set: 0.0ms
[2023-12-20T09:08:19.714-0800][56650159ms] GC(3903)   Evacuate Collection Set: 27.2ms
[2023-12-20T09:08:19.714-0800][56650159ms] GC(3903)   Post Evacuate Collection Set: 2.3ms
[2023-12-20T09:08:19.714-0800][56650159ms] GC(3903)   Other: 0.4ms
[2023-12-20T09:08:19.714-0800][56650159ms] GC(3903) Eden regions: 754->0(753)
[2023-12-20T09:08:19.714-0800][56650159ms] GC(3903) Survivor regions: 29->30(98)
[2023-12-20T09:08:19.714-0800][56650159ms] GC(3903) Old regions: 193->193
[2023-12-20T09:08:19.714-0800][56650159ms] GC(3903) Humongous regions: 5->5
[2023-12-20T09:08:19.714-0800][56650159ms] GC(3903) Metaspace: 256602K->256602K(1294336K)
[2023-12-20T09:08:19.714-0800][56650159ms] GC(3903) Pause Young (Normal) (G1 Evacuation Pause) 1959M->453M(2612M) 30.049ms
[2023-12-20T09:08:19.714-0800][56650159ms] GC(3903) User=0.14s Sys=0.00s Real=0.03s
[2023-12-20T09:08:20.547-0800][56650992ms] GC(3904) Pause Young (Normal) (G1 Evacuation Pause)
[2023-12-20T09:08:20.547-0800][56650992ms] GC(3904) Using 10 workers of 10 for evacuation
[2023-12-20T09:08:20.576-0800][56651021ms] GC(3904)   Pre Evacuate Collection Set: 0.0ms
[2023-12-20T09:08:20.576-0800][56651021ms] GC(3904)   Evacuate Collection Set: 27.2ms
[2023-12-20T09:08:20.576-0800][56651021ms] GC(3904)   Post Evacuate Collection Set: 2.4ms
[2023-12-20T09:08:20.576-0800][56651021ms] GC(3904)   Other: 0.4ms
[2023-12-20T09:08:20.576-0800][56651021ms] GC(3904) Eden regions: 753->0(753)
[2023-12-20T09:08:20.576-0800][56651021ms] GC(3904) Survivor regions: 30->30(98)
[2023-12-20T09:08:20.576-0800][56651021ms] GC(3904) Old regions: 193->193
[2023-12-20T09:08:20.576-0800][56651021ms] GC(3904) Humongous regions: 5->5
[2023-12-20T09:08:20.576-0800][56651021ms] GC(3904) Metaspace: 256602K->256602K(1294336K)
[2023-12-20T09:08:20.576-0800][56651021ms] GC(3904) Pause Young (Normal) (G1 Evacuation Pause) 1959M->453M(2612M) 30.136ms
[2023-12-20T09:08:20.576-0800][56651021ms] GC(3904) User=0.09s Sys=0.00s Real=0.03s
[2023-12-20T09:08:21.478-0800][56651923ms] GC(3905) Pause Young (Normal) (G1 Evacuation Pause)
[2023-12-20T09:08:21.478-0800][56651923ms] GC(3905) Using 10 workers of 10 for evacuation
[2023-12-20T09:08:21.511-0800][56651956ms] GC(3905)   Pre Evacuate Collection Set: 0.0ms
[2023-12-20T09:08:21.511-0800][56651956ms] GC(3905)   Evacuate Collection Set: 30.1ms
[2023-12-20T09:08:21.511-0800][56651956ms] GC(3905)   Post Evacuate Collection Set: 2.9ms
[2023-12-20T09:08:21.511-0800][56651956ms] GC(3905)   Other: 0.4ms
[2023-12-20T09:08:21.511-0800][56651956ms] GC(3905) Eden regions: 753->0(753)
[2023-12-20T09:08:21.511-0800][56651956ms] GC(3905) Survivor regions: 30->30(98)
[2023-12-20T09:08:21.511-0800][56651956ms] GC(3905) Old regions: 193->193
[2023-12-20T09:08:21.511-0800][56651956ms] GC(3905) Humongous regions: 5->5
[2023-12-20T09:08:21.511-0800][56651956ms] GC(3905) Metaspace: 256602K->256602K(1294336K)
[2023-12-20T09:08:21.511-0800][56651956ms] GC(3905) Pause Young (Normal) (G1 Evacuation Pause) 1959M->453M(2612M) 33.529ms
[2023-12-20T09:08:21.511-0800][56651956ms] GC(3905) User=0.06s Sys=0.00s Real=0.03s
[2023-12-20T09:08:22.394-0800][56652839ms] GC(3906) Pause Young (Normal) (G1 Evacuation Pause)
[2023-12-20T09:08:22.394-0800][56652839ms] GC(3906) Using 10 workers of 10 for evacuation
[2023-12-20T09:08:22.424-0800][56652869ms] GC(3906)   Pre Evacuate Collection Set: 0.0ms
[2023-12-20T09:08:22.424-0800][56652869ms] GC(3906)   Evacuate Collection Set: 27.8ms
[2023-12-20T09:08:22.424-0800][56652869ms] GC(3906)   Post Evacuate Collection Set: 2.5ms
[2023-12-20T09:08:22.424-0800][56652869ms] GC(3906)   Other: 0.4ms
[2023-12-20T09:08:22.424-0800][56652869ms] GC(3906) Eden regions: 753->0(753)
[2023-12-20T09:08:22.424-0800][56652869ms] GC(3906) Survivor regions: 30->30(98)
[2023-12-20T09:08:22.424-0800][56652869ms] GC(3906) Old regions: 193->193
[2023-12-20T09:08:22.424-0800][56652869ms] GC(3906) Humongous regions: 5->5
[2023-12-20T09:08:22.424-0800][56652869ms] GC(3906) Metaspace: 256602K->256602K(1294336K)
[2023-12-20T09:08:22.424-0800][56652869ms] GC(3906) Pause Young (Normal) (G1 Evacuation Pause) 1959M->453M(2612M) 30.962ms
[2023-12-20T09:08:22.424-0800][56652869ms] GC(3906) User=0.19s Sys=0.00s Real=0.03s
[2023-12-20T09:08:23.298-0800][56653743ms] GC(3907) Pause Young (Normal) (G1 Evacuation Pause)
[2023-12-20T09:08:23.298-0800][56653743ms] GC(3907) Using 10 workers of 10 for evacuation
[2023-12-20T09:08:23.330-0800][56653775ms] GC(3907)   Pre Evacuate Collection Set: 0.1ms
[2023-12-20T09:08:23.330-0800][56653775ms] GC(3907)   Evacuate Collection Set: 28.5ms
[2023-12-20T09:08:23.330-0800][56653775ms] GC(3907)   Post Evacuate Collection Set: 2.5ms
[2023-12-20T09:08:23.330-0800][56653775ms] GC(3907)   Other: 0.4ms
[2023-12-20T09:08:23.330-0800][56653775ms] GC(3907) Eden regions: 753->0(754)
[2023-12-20T09:08:23.330-0800][56653775ms] GC(3907) Survivor regions: 30->29(98)
[2023-12-20T09:08:23.330-0800][56653775ms] GC(3907) Old regions: 193->193
[2023-12-20T09:08:23.330-0800][56653775ms] GC(3907) Humongous regions: 5->5
[2023-12-20T09:08:23.330-0800][56653775ms] GC(3907) Metaspace: 256602K->256602K(1294336K)
[2023-12-20T09:08:23.330-0800][56653775ms] GC(3907) Pause Young (Normal) (G1 Evacuation Pause) 1959M->452M(2612M) 31.653ms
[2023-12-20T09:08:23.330-0800][56653775ms] GC(3907) User=0.13s Sys=0.00s Real=0.03s
[2023-12-20T09:08:24.230-0800][56654675ms] GC(3908) Pause Young (Normal) (G1 Evacuation Pause)
[2023-12-20T09:08:24.230-0800][56654675ms] GC(3908) Using 10 workers of 10 for evacuation
[2023-12-20T09:08:24.259-0800][56654704ms] GC(3908)   Pre Evacuate Collection Set: 0.0ms
[2023-12-20T09:08:24.259-0800][56654704ms] GC(3908)   Evacuate Collection Set: 27.1ms
[2023-12-20T09:08:24.259-0800][56654704ms] GC(3908)   Post Evacuate Collection Set: 2.4ms
[2023-12-20T09:08:24.259-0800][56654704ms] GC(3908)   Other: 0.4ms
[2023-12-20T09:08:24.259-0800][56654704ms] GC(3908) Eden regions: 754->0(753)
[2023-12-20T09:08:24.259-0800][56654704ms] GC(3908) Survivor regions: 29->30(98)
[2023-12-20T09:08:24.259-0800][56654704ms] GC(3908) Old regions: 193->193
[2023-12-20T09:08:24.259-0800][56654704ms] GC(3908) Humongous regions: 5->5
[2023-12-20T09:08:24.259-0800][56654704ms] GC(3908) Metaspace: 256602K->256602K(1294336K)
[2023-12-20T09:08:24.259-0800][56654704ms] GC(3908) Pause Young (Normal) (G1 Evacuation Pause) 1960M->453M(2612M) 30.058ms
[2023-12-20T09:08:24.259-0800][56654704ms] GC(3908) User=0.05s Sys=0.00s Real=0.03s
[2023-12-20T09:08:25.117-0800][56655562ms] GC(3909) Pause Young (Normal) (G1 Evacuation Pause)
[2023-12-20T09:08:25.117-0800][56655562ms] GC(3909) Using 10 workers of 10 for evacuation
[2023-12-20T09:08:25.146-0800][56655591ms] GC(3909)   Pre Evacuate Collection Set: 0.0ms
[2023-12-20T09:08:25.146-0800][56655591ms] GC(3909)   Evacuate Collection Set: 26.6ms
[2023-12-20T09:08:25.146-0800][56655591ms] GC(3909)   Post Evacuate Collection Set: 2.6ms
[2023-12-20T09:08:25.146-0800][56655591ms] GC(3909)   Other: 0.4ms
[2023-12-20T09:08:25.146-0800][56655591ms] GC(3909) Eden regions: 753->0(753)
[2023-12-20T09:08:25.146-0800][56655591ms] GC(3909) Survivor regions: 30->30(98)
[2023-12-20T09:08:25.146-0800][56655591ms] GC(3909) Old regions: 193->193
[2023-12-20T09:08:25.146-0800][56655591ms] GC(3909) Humongous regions: 5->5
[2023-12-20T09:08:25.146-0800][56655591ms] GC(3909) Metaspace: 256602K->256602K(1294336K)
[2023-12-20T09:08:25.146-0800][56655591ms] GC(3909) Pause Young (Normal) (G1 Evacuation Pause) 1959M->453M(2612M) 29.645ms
[2023-12-20T09:08:25.146-0800][56655591ms] GC(3909) User=0.05s Sys=0.00s Real=0.03s
[2023-12-20T09:08:26.006-0800][56656451ms] GC(3910) Pause Young (Normal) (G1 Evacuation Pause)
[2023-12-20T09:08:26.006-0800][56656451ms] GC(3910) Using 10 workers of 10 for evacuation
[2023-12-20T09:08:26.037-0800][56656482ms] GC(3910)   Pre Evacuate Collection Set: 0.0ms
[2023-12-20T09:08:26.037-0800][56656482ms] GC(3910)   Evacuate Collection Set: 28.0ms
[2023-12-20T09:08:26.037-0800][56656482ms] GC(3910)   Post Evacuate Collection Set: 3.4ms
[2023-12-20T09:08:26.037-0800][56656482ms] GC(3910)   Other: 0.4ms
[2023-12-20T09:08:26.037-0800][56656482ms] GC(3910) Eden regions: 753->0(753)
[2023-12-20T09:08:26.037-0800][56656482ms] GC(3910) Survivor regions: 30->30(98)
[2023-12-20T09:08:26.037-0800][56656482ms] GC(3910) Old regions: 193->193
[2023-12-20T09:08:26.037-0800][56656482ms] GC(3910) Humongous regions: 5->5
[2023-12-20T09:08:26.037-0800][56656482ms] GC(3910) Metaspace: 256602K->256602K(1294336K)
[2023-12-20T09:08:26.037-0800][56656482ms] GC(3910) Pause Young (Normal) (G1 Evacuation Pause) 1959M->453M(2612M) 31.957ms
[2023-12-20T09:08:26.037-0800][56656482ms] GC(3910) User=0.30s Sys=0.00s Real=0.03s
[2023-12-20T09:08:26.928-0800][56657373ms] GC(3911) Pause Young (Normal) (G1 Evacuation Pause)
[2023-12-20T09:08:26.928-0800][56657373ms] GC(3911) Using 10 workers of 10 for evacuation
[2023-12-20T09:08:26.959-0800][56657404ms] GC(3911)   Pre Evacuate Collection Set: 0.0ms
[2023-12-20T09:08:26.959-0800][56657404ms] GC(3911)   Evacuate Collection Set: 28.1ms
[2023-12-20T09:08:26.959-0800][56657404ms] GC(3911)   Post Evacuate Collection Set: 2.9ms
[2023-12-20T09:08:26.959-0800][56657404ms] GC(3911)   Other: 0.3ms
[2023-12-20T09:08:26.959-0800][56657404ms] GC(3911) Eden regions: 753->0(753)
[2023-12-20T09:08:26.959-0800][56657404ms] GC(3911) Survivor regions: 30->30(98)
[2023-12-20T09:08:26.959-0800][56657404ms] GC(3911) Old regions: 193->193
[2023-12-20T09:08:26.959-0800][56657404ms] GC(3911) Humongous regions: 5->5
[2023-12-20T09:08:26.959-0800][56657404ms] GC(3911) Metaspace: 256602K->256602K(1294336K)
[2023-12-20T09:08:26.959-0800][56657404ms] GC(3911) Pause Young (Normal) (G1 Evacuation Pause) 1959M->453M(2612M) 31.511ms
[2023-12-20T09:08:26.959-0800][56657404ms] GC(3911) User=0.27s Sys=0.00s Real=0.03s
[2023-12-20T09:08:27.858-0800][56658303ms] GC(3912) Pause Young (Normal) (G1 Evacuation Pause)
[2023-12-20T09:08:27.858-0800][56658303ms] GC(3912) Using 10 workers of 10 for evacuation
[2023-12-20T09:08:27.888-0800][56658333ms] GC(3912)   Pre Evacuate Collection Set: 0.0ms
[2023-12-20T09:08:27.888-0800][56658333ms] GC(3912)   Evacuate Collection Set: 26.9ms
[2023-12-20T09:08:27.888-0800][56658333ms] GC(3912)   Post Evacuate Collection Set: 2.5ms
[2023-12-20T09:08:27.888-0800][56658333ms] GC(3912)   Other: 0.4ms
[2023-12-20T09:08:27.888-0800][56658333ms] GC(3912) Eden regions: 753->0(753)
[2023-12-20T09:08:27.888-0800][56658333ms] GC(3912) Survivor regions: 30->30(98)
[2023-12-20T09:08:27.888-0800][56658333ms] GC(3912) Old regions: 193->193
[2023-12-20T09:08:27.888-0800][56658333ms] GC(3912) Humongous regions: 5->5
[2023-12-20T09:08:27.888-0800][56658333ms] GC(3912) Metaspace: 256602K->256602K(1294336K)
[2023-12-20T09:08:27.888-0800][56658333ms] GC(3912) Pause Young (Normal) (G1 Evacuation Pause) 1959M->453M(2612M) 30.081ms
[2023-12-20T09:08:27.888-0800][56658333ms] GC(3912) User=0.17s Sys=0.00s Real=0.03s
[2023-12-20T09:08:28.766-0800][56659211ms] GC(3913) Pause Young (Normal) (G1 Evacuation Pause)
[2023-12-20T09:08:28.766-0800][56659211ms] GC(3913) Using 10 workers of 10 for evacuation
[2023-12-20T09:08:28.796-0800][56659241ms] GC(3913)   Pre Evacuate Collection Set: 0.0ms
[2023-12-20T09:08:28.796-0800][56659241ms] GC(3913)   Evacuate Collection Set: 26.3ms
[2023-12-20T09:08:28.796-0800][56659241ms] GC(3913)   Post Evacuate Collection Set: 2.6ms
[2023-12-20T09:08:28.796-0800][56659241ms] GC(3913)   Other: 0.4ms
[2023-12-20T09:08:28.796-0800][56659241ms] GC(3913) Eden regions: 753->0(753)
[2023-12-20T09:08:28.796-0800][56659241ms] GC(3913) Survivor regions: 30->30(98)
[2023-12-20T09:08:28.796-0800][56659241ms] GC(3913) Old regions: 193->193
[2023-12-20T09:08:28.796-0800][56659241ms] GC(3913) Humongous regions: 5->5
[2023-12-20T09:08:28.796-0800][56659241ms] GC(3913) Metaspace: 256602K->256602K(1294336K)
[2023-12-20T09:08:28.796-0800][56659241ms] GC(3913) Pause Young (Normal) (G1 Evacuation Pause) 1959M->453M(2612M) 29.347ms
[2023-12-20T09:08:28.796-0800][56659241ms] GC(3913) User=0.11s Sys=0.00s Real=0.03s
[2023-12-20T09:08:29.671-0800][56660116ms] GC(3914) Pause Young (Normal) (G1 Evacuation Pause)
[2023-12-20T09:08:29.671-0800][56660116ms] GC(3914) Using 10 workers of 10 for evacuation
[2023-12-20T09:08:29.700-0800][56660145ms] GC(3914)   Pre Evacuate Collection Set: 0.1ms
[2023-12-20T09:08:29.700-0800][56660145ms] GC(3914)   Evacuate Collection Set: 26.2ms
[2023-12-20T09:08:29.700-0800][56660145ms] GC(3914)   Post Evacuate Collection Set: 2.4ms
[2023-12-20T09:08:29.700-0800][56660145ms] GC(3914)   Other: 0.4ms
[2023-12-20T09:08:29.700-0800][56660145ms] GC(3914) Eden regions: 753->0(752)
[2023-12-20T09:08:29.700-0800][56660145ms] GC(3914) Survivor regions: 30->31(98)
[2023-12-20T09:08:29.700-0800][56660145ms] GC(3914) Old regions: 193->193
[2023-12-20T09:08:29.700-0800][56660145ms] GC(3914) Humongous regions: 5->5
[2023-12-20T09:08:29.700-0800][56660145ms] GC(3914) Metaspace: 256602K->256602K(1294336K)
[2023-12-20T09:08:29.700-0800][56660145ms] GC(3914) Pause Young (Normal) (G1 Evacuation Pause) 1959M->455M(2612M) 29.198ms
[2023-12-20T09:08:29.700-0800][56660145ms] GC(3914) User=0.08s Sys=0.00s Real=0.03s
[2023-12-20T09:08:30.518-0800][56660964ms] GC(3915) Pause Young (Normal) (G1 Evacuation Pause)
[2023-12-20T09:08:30.519-0800][56660964ms] GC(3915) Using 10 workers of 10 for evacuation
[2023-12-20T09:08:30.548-0800][56660993ms] GC(3915)   Pre Evacuate Collection Set: 0.1ms
[2023-12-20T09:08:30.548-0800][56660993ms] GC(3915)   Evacuate Collection Set: 27.0ms
[2023-12-20T09:08:30.548-0800][56660993ms] GC(3915)   Post Evacuate Collection Set: 2.3ms
[2023-12-20T09:08:30.548-0800][56660993ms] GC(3915)   Other: 0.4ms
[2023-12-20T09:08:30.548-0800][56660993ms] GC(3915) Eden regions: 752->0(752)
[2023-12-20T09:08:30.548-0800][56660993ms] GC(3915) Survivor regions: 31->31(98)
[2023-12-20T09:08:30.548-0800][56660993ms] GC(3915) Old regions: 193->193
[2023-12-20T09:08:30.548-0800][56660993ms] GC(3915) Humongous regions: 5->5
[2023-12-20T09:08:30.548-0800][56660993ms] GC(3915) Metaspace: 256602K->256602K(1294336K)
[2023-12-20T09:08:30.548-0800][56660993ms] GC(3915) Pause Young (Normal) (G1 Evacuation Pause) 1959M->455M(2612M) 29.890ms
[2023-12-20T09:08:30.548-0800][56660993ms] GC(3915) User=0.11s Sys=0.00s Real=0.03s
[2023-12-20T09:08:31.475-0800][56661920ms] GC(3916) Pause Young (Normal) (G1 Evacuation Pause)
[2023-12-20T09:08:31.475-0800][56661920ms] GC(3916) Using 10 workers of 10 for evacuation
[2023-12-20T09:08:31.506-0800][56661951ms] GC(3916)   Pre Evacuate Collection Set: 0.0ms
[2023-12-20T09:08:31.506-0800][56661951ms] GC(3916)   Evacuate Collection Set: 28.1ms
[2023-12-20T09:08:31.506-0800][56661951ms] GC(3916)   Post Evacuate Collection Set: 2.4ms
[2023-12-20T09:08:31.506-0800][56661951ms] GC(3916)   Other: 0.4ms
[2023-12-20T09:08:31.506-0800][56661951ms] GC(3916) Eden regions: 752->0(753)
[2023-12-20T09:08:31.506-0800][56661951ms] GC(3916) Survivor regions: 31->30(98)
[2023-12-20T09:08:31.506-0800][56661951ms] GC(3916) Old regions: 193->193
[2023-12-20T09:08:31.506-0800][56661951ms] GC(3916) Humongous regions: 5->5
[2023-12-20T09:08:31.506-0800][56661951ms] GC(3916) Metaspace: 256602K->256602K(1294336K)
[2023-12-20T09:08:31.506-0800][56661951ms] GC(3916) Pause Young (Normal) (G1 Evacuation Pause) 1959M->454M(2612M) 31.051ms
[2023-12-20T09:08:31.506-0800][56661951ms] GC(3916) User=0.20s Sys=0.00s Real=0.03s
[2023-12-20T09:08:32.441-0800][56662886ms] GC(3917) Pause Young (Normal) (GCLocker Initiated GC)
[2023-12-20T09:08:32.441-0800][56662886ms] GC(3917) Using 10 workers of 10 for evacuation
[2023-12-20T09:08:32.473-0800][56662918ms] GC(3917)   Pre Evacuate Collection Set: 0.0ms
[2023-12-20T09:08:32.473-0800][56662918ms] GC(3917)   Evacuate Collection Set: 27.9ms
[2023-12-20T09:08:32.473-0800][56662918ms] GC(3917)   Post Evacuate Collection Set: 3.8ms
[2023-12-20T09:08:32.473-0800][56662918ms] GC(3917)   Other: 0.4ms
[2023-12-20T09:08:32.473-0800][56662918ms] GC(3917) Eden regions: 753->0(752)
[2023-12-20T09:08:32.473-0800][56662918ms] GC(3917) Survivor regions: 30->31(98)
[2023-12-20T09:08:32.473-0800][56662918ms] GC(3917) Old regions: 193->193
[2023-12-20T09:08:32.473-0800][56662918ms] GC(3917) Humongous regions: 5->5
[2023-12-20T09:08:32.473-0800][56662918ms] GC(3917) Metaspace: 256602K->256602K(1294336K)
[2023-12-20T09:08:32.473-0800][56662918ms] GC(3917) Pause Young (Normal) (GCLocker Initiated GC) 1960M->455M(2612M) 32.267ms
[2023-12-20T09:08:32.473-0800][56662918ms] GC(3917) User=0.06s Sys=0.00s Real=0.03s
[2023-12-20T09:08:33.444-0800][56663889ms] GC(3918) Pause Young (Normal) (GCLocker Initiated GC)
[2023-12-20T09:08:33.444-0800][56663889ms] GC(3918) Using 10 workers of 10 for evacuation
[2023-12-20T09:08:33.476-0800][56663921ms] GC(3918)   Pre Evacuate Collection Set: 0.0ms
[2023-12-20T09:08:33.476-0800][56663921ms] GC(3918)   Evacuate Collection Set: 28.3ms
[2023-12-20T09:08:33.476-0800][56663921ms] GC(3918)   Post Evacuate Collection Set: 3.1ms
[2023-12-20T09:08:33.476-0800][56663921ms] GC(3918)   Other: 0.4ms
[2023-12-20T09:08:33.476-0800][56663921ms] GC(3918) Eden regions: 753->0(753)
[2023-12-20T09:08:33.476-0800][56663921ms] GC(3918) Survivor regions: 31->30(98)
[2023-12-20T09:08:33.476-0800][56663921ms] GC(3918) Old regions: 193->193
[2023-12-20T09:08:33.476-0800][56663921ms] GC(3918) Humongous regions: 5->5
[2023-12-20T09:08:33.476-0800][56663921ms] GC(3918) Metaspace: 256602K->256602K(1294336K)
[2023-12-20T09:08:33.476-0800][56663921ms] GC(3918) Pause Young (Normal) (GCLocker Initiated GC) 1960M->454M(2612M) 31.927ms
[2023-12-20T09:08:33.476-0800][56663921ms] GC(3918) User=0.09s Sys=0.00s Real=0.03s
[2023-12-20T09:08:34.237-0800][56664682ms] GC(3919) Pause Young (Normal) (G1 Evacuation Pause)
[2023-12-20T09:08:34.237-0800][56664682ms] GC(3919) Using 10 workers of 10 for evacuation
[2023-12-20T09:08:34.269-0800][56664714ms] GC(3919)   Pre Evacuate Collection Set: 0.1ms
[2023-12-20T09:08:34.269-0800][56664714ms] GC(3919)   Evacuate Collection Set: 28.5ms
[2023-12-20T09:08:34.269-0800][56664714ms] GC(3919)   Post Evacuate Collection Set: 2.9ms
[2023-12-20T09:08:34.269-0800][56664714ms] GC(3919)   Other: 0.5ms
[2023-12-20T09:08:34.269-0800][56664714ms] GC(3919) Eden regions: 753->0(752)
[2023-12-20T09:08:34.269-0800][56664714ms] GC(3919) Survivor regions: 30->31(98)
[2023-12-20T09:08:34.269-0800][56664714ms] GC(3919) Old regions: 193->193
[2023-12-20T09:08:34.269-0800][56664714ms] GC(3919) Humongous regions: 5->5
[2023-12-20T09:08:34.269-0800][56664714ms] GC(3919) Metaspace: 256602K->256602K(1294336K)
[2023-12-20T09:08:34.269-0800][56664714ms] GC(3919) Pause Young (Normal) (G1 Evacuation Pause) 1960M->455M(2612M) 32.107ms
[2023-12-20T09:08:34.270-0800][56664715ms] GC(3919) User=0.17s Sys=0.00s Real=0.03s
[2023-12-20T09:08:35.129-0800][56665574ms] GC(3920) Pause Young (Normal) (G1 Evacuation Pause)
[2023-12-20T09:08:35.129-0800][56665574ms] GC(3920) Using 10 workers of 10 for evacuation
[2023-12-20T09:08:35.159-0800][56665604ms] GC(3920)   Pre Evacuate Collection Set: 0.0ms
[2023-12-20T09:08:35.159-0800][56665604ms] GC(3920)   Evacuate Collection Set: 27.4ms
[2023-12-20T09:08:35.159-0800][56665604ms] GC(3920)   Post Evacuate Collection Set: 2.4ms
[2023-12-20T09:08:35.159-0800][56665604ms] GC(3920)   Other: 0.4ms
[2023-12-20T09:08:35.159-0800][56665604ms] GC(3920) Eden regions: 752->0(752)
[2023-12-20T09:08:35.159-0800][56665604ms] GC(3920) Survivor regions: 31->31(98)
[2023-12-20T09:08:35.159-0800][56665604ms] GC(3920) Old regions: 193->193
[2023-12-20T09:08:35.159-0800][56665604ms] GC(3920) Humongous regions: 5->5
[2023-12-20T09:08:35.159-0800][56665604ms] GC(3920) Metaspace: 256602K->256602K(1294336K)
[2023-12-20T09:08:35.159-0800][56665604ms] GC(3920) Pause Young (Normal) (G1 Evacuation Pause) 1959M->455M(2612M) 30.366ms
[2023-12-20T09:08:35.159-0800][56665604ms] GC(3920) User=0.09s Sys=0.00s Real=0.03s
[2023-12-20T09:08:35.876-0800][56666321ms] GC(3921) Pause Young (Normal) (G1 Evacuation Pause)
[2023-12-20T09:08:35.876-0800][56666321ms] GC(3921) Using 10 workers of 10 for evacuation
[2023-12-20T09:08:35.910-0800][56666355ms] GC(3921)   Pre Evacuate Collection Set: 0.1ms
[2023-12-20T09:08:35.910-0800][56666355ms] GC(3921)   Evacuate Collection Set: 30.2ms
[2023-12-20T09:08:35.910-0800][56666355ms] GC(3921)   Post Evacuate Collection Set: 4.3ms
[2023-12-20T09:08:35.910-0800][56666355ms] GC(3921)   Other: 0.5ms
[2023-12-20T09:08:35.910-0800][56666355ms] GC(3921) Eden regions: 752->0(752)
[2023-12-20T09:08:35.910-0800][56666355ms] GC(3921) Survivor regions: 31->31(98)
[2023-12-20T09:08:35.910-0800][56666355ms] GC(3921) Old regions: 193->193
[2023-12-20T09:08:35.910-0800][56666355ms] GC(3921) Humongous regions: 5->5
[2023-12-20T09:08:35.910-0800][56666355ms] GC(3921) Metaspace: 256602K->256602K(1294336K)
[2023-12-20T09:08:35.910-0800][56666355ms] GC(3921) Pause Young (Normal) (G1 Evacuation Pause) 1959M->456M(2612M) 35.223ms
[2023-12-20T09:08:35.910-0800][56666355ms] GC(3921) User=0.09s Sys=0.00s Real=0.03s
[2023-12-20T09:08:36.734-0800][56667179ms] GC(3922) Pause Young (Normal) (G1 Evacuation Pause)
[2023-12-20T09:08:36.734-0800][56667179ms] GC(3922) Using 10 workers of 10 for evacuation
[2023-12-20T09:08:36.765-0800][56667210ms] GC(3922)   Pre Evacuate Collection Set: 0.1ms
[2023-12-20T09:08:36.765-0800][56667210ms] GC(3922)   Evacuate Collection Set: 28.8ms
[2023-12-20T09:08:36.765-0800][56667210ms] GC(3922)   Post Evacuate Collection Set: 2.4ms
[2023-12-20T09:08:36.765-0800][56667210ms] GC(3922)   Other: 0.4ms
[2023-12-20T09:08:36.765-0800][56667210ms] GC(3922) Eden regions: 752->0(753)
[2023-12-20T09:08:36.765-0800][56667210ms] GC(3922) Survivor regions: 31->30(98)
[2023-12-20T09:08:36.765-0800][56667210ms] GC(3922) Old regions: 193->193
[2023-12-20T09:08:36.765-0800][56667210ms] GC(3922) Humongous regions: 5->5
[2023-12-20T09:08:36.765-0800][56667210ms] GC(3922) Metaspace: 256602K->256602K(1294336K)
[2023-12-20T09:08:36.765-0800][56667210ms] GC(3922) Pause Young (Normal) (G1 Evacuation Pause) 1960M->454M(2612M) 31.824ms
[2023-12-20T09:08:36.765-0800][56667210ms] GC(3922) User=0.14s Sys=0.00s Real=0.03s
[2023-12-20T09:08:37.596-0800][56668041ms] GC(3923) Pause Young (Normal) (G1 Evacuation Pause)
[2023-12-20T09:08:37.596-0800][56668041ms] GC(3923) Using 10 workers of 10 for evacuation
[2023-12-20T09:08:37.633-0800][56668078ms] GC(3923)   Pre Evacuate Collection Set: 0.1ms
[2023-12-20T09:08:37.633-0800][56668078ms] GC(3923)   Evacuate Collection Set: 31.8ms
[2023-12-20T09:08:37.633-0800][56668078ms] GC(3923)   Post Evacuate Collection Set: 3.9ms
[2023-12-20T09:08:37.633-0800][56668078ms] GC(3923)   Other: 0.6ms
[2023-12-20T09:08:37.633-0800][56668078ms] GC(3923) Eden regions: 753->0(752)
[2023-12-20T09:08:37.633-0800][56668078ms] GC(3923) Survivor regions: 30->31(98)
[2023-12-20T09:08:37.633-0800][56668078ms] GC(3923) Old regions: 193->193
[2023-12-20T09:08:37.633-0800][56668078ms] GC(3923) Humongous regions: 5->5
[2023-12-20T09:08:37.633-0800][56668078ms] GC(3923) Metaspace: 256602K->256602K(1294336K)
[2023-12-20T09:08:37.633-0800][56668078ms] GC(3923) Pause Young (Normal) (G1 Evacuation Pause) 1960M->455M(2612M) 36.457ms
[2023-12-20T09:08:37.633-0800][56668078ms] GC(3923) User=0.13s Sys=0.00s Real=0.04s
[2023-12-20T09:08:38.405-0800][56668850ms] GC(3924) Pause Young (Normal) (G1 Evacuation Pause)
[2023-12-20T09:08:38.405-0800][56668850ms] GC(3924) Using 10 workers of 10 for evacuation
[2023-12-20T09:08:38.437-0800][56668882ms] GC(3924)   Pre Evacuate Collection Set: 0.0ms
[2023-12-20T09:08:38.437-0800][56668882ms] GC(3924)   Evacuate Collection Set: 29.1ms
[2023-12-20T09:08:38.437-0800][56668882ms] GC(3924)   Post Evacuate Collection Set: 2.9ms
[2023-12-20T09:08:38.437-0800][56668882ms] GC(3924)   Other: 0.4ms
[2023-12-20T09:08:38.437-0800][56668882ms] GC(3924) Eden regions: 752->0(752)
[2023-12-20T09:08:38.437-0800][56668882ms] GC(3924) Survivor regions: 31->31(98)
[2023-12-20T09:08:38.437-0800][56668882ms] GC(3924) Old regions: 193->193
[2023-12-20T09:08:38.437-0800][56668882ms] GC(3924) Humongous regions: 5->5
[2023-12-20T09:08:38.437-0800][56668882ms] GC(3924) Metaspace: 256602K->256602K(1294336K)
[2023-12-20T09:08:38.437-0800][56668882ms] GC(3924) Pause Young (Normal) (G1 Evacuation Pause) 1959M->455M(2612M) 32.602ms
[2023-12-20T09:08:38.437-0800][56668882ms] GC(3924) User=0.13s Sys=0.00s Real=0.03s
[2023-12-20T09:08:39.280-0800][56669725ms] GC(3925) Pause Young (Normal) (G1 Evacuation Pause)
[2023-12-20T09:08:39.280-0800][56669725ms] GC(3925) Using 10 workers of 10 for evacuation
[2023-12-20T09:08:39.310-0800][56669755ms] GC(3925)   Pre Evacuate Collection Set: 0.0ms
[2023-12-20T09:08:39.310-0800][56669755ms] GC(3925)   Evacuate Collection Set: 28.1ms
[2023-12-20T09:08:39.310-0800][56669755ms] GC(3925)   Post Evacuate Collection Set: 2.4ms
[2023-12-20T09:08:39.310-0800][56669755ms] GC(3925)   Other: 0.4ms
[2023-12-20T09:08:39.310-0800][56669755ms] GC(3925) Eden regions: 752->0(753)
[2023-12-20T09:08:39.310-0800][56669755ms] GC(3925) Survivor regions: 31->30(98)
[2023-12-20T09:08:39.310-0800][56669755ms] GC(3925) Old regions: 193->193
[2023-12-20T09:08:39.310-0800][56669755ms] GC(3925) Humongous regions: 5->5
[2023-12-20T09:08:39.310-0800][56669755ms] GC(3925) Metaspace: 256602K->256602K(1294336K)
[2023-12-20T09:08:39.310-0800][56669755ms] GC(3925) Pause Young (Normal) (G1 Evacuation Pause) 1959M->454M(2612M) 31.081ms
[2023-12-20T09:08:39.310-0800][56669755ms] GC(3925) User=0.11s Sys=0.00s Real=0.03s
[2023-12-20T09:08:40.094-0800][56670539ms] GC(3926) Pause Young (Normal) (G1 Evacuation Pause)
[2023-12-20T09:08:40.094-0800][56670539ms] GC(3926) Using 10 workers of 10 for evacuation
[2023-12-20T09:08:40.123-0800][56670568ms] GC(3926)   Pre Evacuate Collection Set: 0.0ms
[2023-12-20T09:08:40.123-0800][56670568ms] GC(3926)   Evacuate Collection Set: 26.8ms
[2023-12-20T09:08:40.123-0800][56670568ms] GC(3926)   Post Evacuate Collection Set: 2.5ms
[2023-12-20T09:08:40.123-0800][56670568ms] GC(3926)   Other: 0.4ms
[2023-12-20T09:08:40.123-0800][56670568ms] GC(3926) Eden regions: 753->0(753)
[2023-12-20T09:08:40.123-0800][56670568ms] GC(3926) Survivor regions: 30->30(98)
[2023-12-20T09:08:40.123-0800][56670568ms] GC(3926) Old regions: 193->193
[2023-12-20T09:08:40.123-0800][56670568ms] GC(3926) Humongous regions: 5->5
[2023-12-20T09:08:40.123-0800][56670568ms] GC(3926) Metaspace: 256602K->256602K(1294336K)
[2023-12-20T09:08:40.123-0800][56670568ms] GC(3926) Pause Young (Normal) (G1 Evacuation Pause) 1960M->454M(2612M) 29.863ms
[2023-12-20T09:08:40.123-0800][56670568ms] GC(3926) User=0.13s Sys=0.00s Real=0.03s
[2023-12-20T09:08:41.079-0800][56671524ms] GC(3927) Pause Young (Normal) (G1 Evacuation Pause)
[2023-12-20T09:08:41.079-0800][56671524ms] GC(3927) Using 10 workers of 10 for evacuation
[2023-12-20T09:08:41.109-0800][56671554ms] GC(3927)   Pre Evacuate Collection Set: 0.0ms
[2023-12-20T09:08:41.109-0800][56671554ms] GC(3927)   Evacuate Collection Set: 26.9ms
[2023-12-20T09:08:41.109-0800][56671554ms] GC(3927)   Post Evacuate Collection Set: 2.4ms
[2023-12-20T09:08:41.109-0800][56671554ms] GC(3927)   Other: 0.4ms
[2023-12-20T09:08:41.109-0800][56671554ms] GC(3927) Eden regions: 753->0(752)
[2023-12-20T09:08:41.109-0800][56671554ms] GC(3927) Survivor regions: 30->31(98)
[2023-12-20T09:08:41.109-0800][56671554ms] GC(3927) Old regions: 193->193
[2023-12-20T09:08:41.109-0800][56671554ms] GC(3927) Humongous regions: 5->5
[2023-12-20T09:08:41.109-0800][56671554ms] GC(3927) Metaspace: 256602K->256602K(1294336K)
[2023-12-20T09:08:41.109-0800][56671554ms] GC(3927) Pause Young (Normal) (G1 Evacuation Pause) 1960M->455M(2612M) 29.841ms
[2023-12-20T09:08:41.109-0800][56671554ms] GC(3927) User=0.09s Sys=0.00s Real=0.03s
[2023-12-20T09:08:41.974-0800][56672419ms] GC(3928) Pause Young (Normal) (G1 Evacuation Pause)
[2023-12-20T09:08:41.974-0800][56672419ms] GC(3928) Using 10 workers of 10 for evacuation
[2023-12-20T09:08:42.004-0800][56672449ms] GC(3928)   Pre Evacuate Collection Set: 0.0ms
[2023-12-20T09:08:42.004-0800][56672449ms] GC(3928)   Evacuate Collection Set: 27.8ms
[2023-12-20T09:08:42.004-0800][56672449ms] GC(3928)   Post Evacuate Collection Set: 2.4ms
[2023-12-20T09:08:42.004-0800][56672449ms] GC(3928)   Other: 0.4ms
[2023-12-20T09:08:42.004-0800][56672449ms] GC(3928) Eden regions: 752->0(752)
[2023-12-20T09:08:42.004-0800][56672449ms] GC(3928) Survivor regions: 31->31(98)
[2023-12-20T09:08:42.004-0800][56672449ms] GC(3928) Old regions: 193->193
[2023-12-20T09:08:42.004-0800][56672449ms] GC(3928) Humongous regions: 5->5
[2023-12-20T09:08:42.004-0800][56672449ms] GC(3928) Metaspace: 256602K->256602K(1294336K)
[2023-12-20T09:08:42.004-0800][56672449ms] GC(3928) Pause Young (Normal) (G1 Evacuation Pause) 1959M->455M(2612M) 30.770ms
[2023-12-20T09:08:42.004-0800][56672449ms] GC(3928) User=0.11s Sys=0.00s Real=0.03s
[2023-12-20T09:08:42.887-0800][56673332ms] GC(3929) Pause Young (Normal) (G1 Evacuation Pause)
[2023-12-20T09:08:42.887-0800][56673332ms] GC(3929) Using 10 workers of 10 for evacuation
[2023-12-20T09:08:42.921-0800][56673366ms] GC(3929)   Pre Evacuate Collection Set: 0.0ms
[2023-12-20T09:08:42.921-0800][56673366ms] GC(3929)   Evacuate Collection Set: 31.4ms
[2023-12-20T09:08:42.921-0800][56673366ms] GC(3929)   Post Evacuate Collection Set: 2.4ms
[2023-12-20T09:08:42.921-0800][56673366ms] GC(3929)   Other: 0.4ms
[2023-12-20T09:08:42.921-0800][56673366ms] GC(3929) Eden regions: 752->0(753)
[2023-12-20T09:08:42.921-0800][56673366ms] GC(3929) Survivor regions: 31->30(98)
[2023-12-20T09:08:42.921-0800][56673366ms] GC(3929) Old regions: 193->193
[2023-12-20T09:08:42.921-0800][56673366ms] GC(3929) Humongous regions: 5->5
[2023-12-20T09:08:42.921-0800][56673366ms] GC(3929) Metaspace: 256602K->256602K(1294336K)
[2023-12-20T09:08:42.921-0800][56673366ms] GC(3929) Pause Young (Normal) (G1 Evacuation Pause) 1959M->455M(2612M) 34.424ms
[2023-12-20T09:08:42.921-0800][56673366ms] GC(3929) User=0.06s Sys=0.00s Real=0.03s
[2023-12-20T09:08:43.782-0800][56674227ms] GC(3930) Pause Young (Normal) (G1 Evacuation Pause)
[2023-12-20T09:08:43.783-0800][56674228ms] GC(3930) Using 10 workers of 10 for evacuation
[2023-12-20T09:08:43.812-0800][56674257ms] GC(3930)   Pre Evacuate Collection Set: 0.0ms
[2023-12-20T09:08:43.812-0800][56674257ms] GC(3930)   Evacuate Collection Set: 27.2ms
[2023-12-20T09:08:43.812-0800][56674257ms] GC(3930)   Post Evacuate Collection Set: 2.8ms
[2023-12-20T09:08:43.812-0800][56674257ms] GC(3930)   Other: 0.4ms
[2023-12-20T09:08:43.812-0800][56674257ms] GC(3930) Eden regions: 753->0(753)
[2023-12-20T09:08:43.812-0800][56674257ms] GC(3930) Survivor regions: 30->30(98)
[2023-12-20T09:08:43.812-0800][56674257ms] GC(3930) Old regions: 193->193
[2023-12-20T09:08:43.812-0800][56674257ms] GC(3930) Humongous regions: 5->5
[2023-12-20T09:08:43.812-0800][56674257ms] GC(3930) Metaspace: 256602K->256602K(1294336K)
[2023-12-20T09:08:43.814-0800][56674259ms] GC(3930) Pause Young (Normal) (G1 Evacuation Pause) 1961M->455M(2612M) 30.534ms
[2023-12-20T09:08:43.814-0800][56674259ms] GC(3930) User=0.13s Sys=0.00s Real=0.03s
[2023-12-20T09:08:44.724-0800][56675169ms] GC(3931) Pause Young (Normal) (G1 Evacuation Pause)
[2023-12-20T09:08:44.724-0800][56675169ms] GC(3931) Using 10 workers of 10 for evacuation
[2023-12-20T09:08:44.756-0800][56675201ms] GC(3931)   Pre Evacuate Collection Set: 0.0ms
[2023-12-20T09:08:44.756-0800][56675201ms] GC(3931)   Evacuate Collection Set: 28.4ms
[2023-12-20T09:08:44.756-0800][56675201ms] GC(3931)   Post Evacuate Collection Set: 3.0ms
[2023-12-20T09:08:44.756-0800][56675201ms] GC(3931)   Other: 0.4ms
[2023-12-20T09:08:44.756-0800][56675201ms] GC(3931) Eden regions: 753->0(753)
[2023-12-20T09:08:44.756-0800][56675201ms] GC(3931) Survivor regions: 30->30(98)
[2023-12-20T09:08:44.756-0800][56675201ms] GC(3931) Old regions: 193->193
[2023-12-20T09:08:44.756-0800][56675201ms] GC(3931) Humongous regions: 5->5
[2023-12-20T09:08:44.756-0800][56675201ms] GC(3931) Metaspace: 256602K->256602K(1294336K)
[2023-12-20T09:08:44.756-0800][56675201ms] GC(3931) Pause Young (Normal) (G1 Evacuation Pause) 1961M->455M(2612M) 31.942ms
[2023-12-20T09:08:44.756-0800][56675201ms] GC(3931) User=0.17s Sys=0.00s Real=0.03s
[2023-12-20T09:08:45.354-0800][56675799ms] GC(3932) Pause Young (Normal) (G1 Evacuation Pause)
[2023-12-20T09:08:45.354-0800][56675799ms] GC(3932) Using 10 workers of 10 for evacuation
[2023-12-20T09:08:45.384-0800][56675829ms] GC(3932)   Pre Evacuate Collection Set: 0.0ms
[2023-12-20T09:08:45.384-0800][56675829ms] GC(3932)   Evacuate Collection Set: 26.9ms
[2023-12-20T09:08:45.384-0800][56675829ms] GC(3932)   Post Evacuate Collection Set: 2.4ms
[2023-12-20T09:08:45.384-0800][56675829ms] GC(3932)   Other: 0.4ms
[2023-12-20T09:08:45.384-0800][56675829ms] GC(3932) Eden regions: 753->0(753)
[2023-12-20T09:08:45.384-0800][56675829ms] GC(3932) Survivor regions: 30->30(98)
[2023-12-20T09:08:45.384-0800][56675829ms] GC(3932) Old regions: 193->193
[2023-12-20T09:08:45.384-0800][56675829ms] GC(3932) Humongous regions: 5->5
[2023-12-20T09:08:45.384-0800][56675829ms] GC(3932) Metaspace: 256602K->256602K(1294336K)
[2023-12-20T09:08:45.384-0800][56675829ms] GC(3932) Pause Young (Normal) (G1 Evacuation Pause) 1961M->454M(2612M) 29.857ms
[2023-12-20T09:08:45.384-0800][56675829ms] GC(3932) User=0.14s Sys=0.00s Real=0.03s
[2023-12-20T09:08:46.217-0800][56676662ms] GC(3933) Pause Young (Normal) (G1 Evacuation Pause)
[2023-12-20T09:08:46.217-0800][56676662ms] GC(3933) Using 10 workers of 10 for evacuation
[2023-12-20T09:08:46.249-0800][56676694ms] GC(3933)   Pre Evacuate Collection Set: 0.0ms
[2023-12-20T09:08:46.249-0800][56676694ms] GC(3933)   Evacuate Collection Set: 27.8ms
[2023-12-20T09:08:46.249-0800][56676694ms] GC(3933)   Post Evacuate Collection Set: 2.9ms
[2023-12-20T09:08:46.249-0800][56676694ms] GC(3933)   Other: 0.4ms
[2023-12-20T09:08:46.249-0800][56676694ms] GC(3933) Eden regions: 753->0(753)
[2023-12-20T09:08:46.249-0800][56676694ms] GC(3933) Survivor regions: 30->30(98)
[2023-12-20T09:08:46.249-0800][56676694ms] GC(3933) Old regions: 193->193
[2023-12-20T09:08:46.249-0800][56676694ms] GC(3933) Humongous regions: 5->5
[2023-12-20T09:08:46.249-0800][56676694ms] GC(3933) Metaspace: 256602K->256602K(1294336K)
[2023-12-20T09:08:46.249-0800][56676694ms] GC(3933) Pause Young (Normal) (G1 Evacuation Pause) 1960M->455M(2612M) 31.196ms
[2023-12-20T09:08:46.249-0800][56676694ms] GC(3933) User=0.06s Sys=0.00s Real=0.03s
[2023-12-20T09:08:46.917-0800][56677362ms] GC(3934) Pause Young (Normal) (G1 Evacuation Pause)
[2023-12-20T09:08:46.917-0800][56677362ms] GC(3934) Using 10 workers of 10 for evacuation
[2023-12-20T09:08:46.946-0800][56677391ms] GC(3934)   Pre Evacuate Collection Set: 0.0ms
[2023-12-20T09:08:46.946-0800][56677391ms] GC(3934)   Evacuate Collection Set: 25.6ms
[2023-12-20T09:08:46.946-0800][56677391ms] GC(3934)   Post Evacuate Collection Set: 2.6ms
[2023-12-20T09:08:46.946-0800][56677391ms] GC(3934)   Other: 0.4ms
[2023-12-20T09:08:46.946-0800][56677391ms] GC(3934) Eden regions: 753->0(753)
[2023-12-20T09:08:46.946-0800][56677391ms] GC(3934) Survivor regions: 30->30(98)
[2023-12-20T09:08:46.946-0800][56677391ms] GC(3934) Old regions: 193->193
[2023-12-20T09:08:46.946-0800][56677391ms] GC(3934) Humongous regions: 5->5
[2023-12-20T09:08:46.946-0800][56677391ms] GC(3934) Metaspace: 256602K->256602K(1294336K)
[2023-12-20T09:08:46.946-0800][56677391ms] GC(3934) Pause Young (Normal) (G1 Evacuation Pause) 1961M->454M(2612M) 28.793ms
[2023-12-20T09:08:46.946-0800][56677391ms] GC(3934) User=0.05s Sys=0.00s Real=0.03s
[2023-12-20T09:08:47.759-0800][56678204ms] GC(3935) Pause Young (Normal) (G1 Evacuation Pause)
[2023-12-20T09:08:47.759-0800][56678204ms] GC(3935) Using 10 workers of 10 for evacuation
[2023-12-20T09:08:47.789-0800][56678234ms] GC(3935)   Pre Evacuate Collection Set: 0.0ms
[2023-12-20T09:08:47.790-0800][56678235ms] GC(3935)   Evacuate Collection Set: 27.1ms
[2023-12-20T09:08:47.790-0800][56678235ms] GC(3935)   Post Evacuate Collection Set: 2.9ms
[2023-12-20T09:08:47.790-0800][56678235ms] GC(3935)   Other: 0.4ms
[2023-12-20T09:08:47.790-0800][56678235ms] GC(3935) Eden regions: 753->0(753)
[2023-12-20T09:08:47.790-0800][56678235ms] GC(3935) Survivor regions: 30->30(98)
[2023-12-20T09:08:47.790-0800][56678235ms] GC(3935) Old regions: 193->193
[2023-12-20T09:08:47.790-0800][56678235ms] GC(3935) Humongous regions: 5->5
[2023-12-20T09:08:47.790-0800][56678235ms] GC(3935) Metaspace: 256602K->256602K(1294336K)
[2023-12-20T09:08:47.790-0800][56678235ms] GC(3935) Pause Young (Normal) (G1 Evacuation Pause) 1960M->455M(2612M) 30.548ms
[2023-12-20T09:08:47.790-0800][56678235ms] GC(3935) User=0.09s Sys=0.00s Real=0.03s
[2023-12-20T09:08:48.610-0800][56679055ms] GC(3936) Pause Young (Normal) (G1 Evacuation Pause)
[2023-12-20T09:08:48.610-0800][56679055ms] GC(3936) Using 10 workers of 10 for evacuation
[2023-12-20T09:08:48.641-0800][56679086ms] GC(3936)   Pre Evacuate Collection Set: 0.0ms
[2023-12-20T09:08:48.641-0800][56679086ms] GC(3936)   Evacuate Collection Set: 28.5ms
[2023-12-20T09:08:48.641-0800][56679086ms] GC(3936)   Post Evacuate Collection Set: 2.5ms
[2023-12-20T09:08:48.641-0800][56679086ms] GC(3936)   Other: 0.4ms
[2023-12-20T09:08:48.641-0800][56679086ms] GC(3936) Eden regions: 753->0(753)
[2023-12-20T09:08:48.641-0800][56679086ms] GC(3936) Survivor regions: 30->30(98)
[2023-12-20T09:08:48.642-0800][56679087ms] GC(3936) Old regions: 193->193
[2023-12-20T09:08:48.642-0800][56679087ms] GC(3936) Humongous regions: 5->5
[2023-12-20T09:08:48.642-0800][56679087ms] GC(3936) Metaspace: 256602K->256602K(1294336K)
[2023-12-20T09:08:48.642-0800][56679087ms] GC(3936) Pause Young (Normal) (G1 Evacuation Pause) 1961M->454M(2612M) 31.513ms
[2023-12-20T09:08:48.642-0800][56679087ms] GC(3936) User=0.09s Sys=0.00s Real=0.03s
[2023-12-20T09:08:49.153-0800][56679598ms] GC(3937) Pause Young (Normal) (G1 Evacuation Pause)
[2023-12-20T09:08:49.153-0800][56679598ms] GC(3937) Using 10 workers of 10 for evacuation
[2023-12-20T09:08:49.181-0800][56679626ms] GC(3937)   Pre Evacuate Collection Set: 0.0ms
[2023-12-20T09:08:49.181-0800][56679626ms] GC(3937)   Evacuate Collection Set: 25.2ms
[2023-12-20T09:08:49.181-0800][56679626ms] GC(3937)   Post Evacuate Collection Set: 3.3ms
[2023-12-20T09:08:49.181-0800][56679626ms] GC(3937)   Other: 0.4ms
[2023-12-20T09:08:49.181-0800][56679626ms] GC(3937) Eden regions: 753->0(753)
[2023-12-20T09:08:49.181-0800][56679626ms] GC(3937) Survivor regions: 30->30(98)
[2023-12-20T09:08:49.181-0800][56679626ms] GC(3937) Old regions: 193->193
[2023-12-20T09:08:49.181-0800][56679626ms] GC(3937) Humongous regions: 5->5
[2023-12-20T09:08:49.181-0800][56679626ms] GC(3937) Metaspace: 256602K->256602K(1294336K)
[2023-12-20T09:08:49.181-0800][56679626ms] GC(3937) Pause Young (Normal) (G1 Evacuation Pause) 1960M->455M(2612M) 29.054ms
[2023-12-20T09:08:49.181-0800][56679626ms] GC(3937) User=0.09s Sys=0.00s Real=0.03s
[2023-12-20T09:08:50.010-0800][56680455ms] GC(3938) Pause Young (Normal) (G1 Evacuation Pause)
[2023-12-20T09:08:50.010-0800][56680455ms] GC(3938) Using 10 workers of 10 for evacuation
[2023-12-20T09:08:50.040-0800][56680485ms] GC(3938)   Pre Evacuate Collection Set: 0.1ms
[2023-12-20T09:08:50.040-0800][56680485ms] GC(3938)   Evacuate Collection Set: 27.3ms
[2023-12-20T09:08:50.040-0800][56680485ms] GC(3938)   Post Evacuate Collection Set: 2.4ms
[2023-12-20T09:08:50.040-0800][56680485ms] GC(3938)   Other: 0.5ms
[2023-12-20T09:08:50.040-0800][56680485ms] GC(3938) Eden regions: 753->0(753)
[2023-12-20T09:08:50.040-0800][56680485ms] GC(3938) Survivor regions: 30->30(98)
[2023-12-20T09:08:50.040-0800][56680485ms] GC(3938) Old regions: 193->193
[2023-12-20T09:08:50.040-0800][56680485ms] GC(3938) Humongous regions: 5->5
[2023-12-20T09:08:50.040-0800][56680485ms] GC(3938) Metaspace: 256602K->256602K(1294336K)
[2023-12-20T09:08:50.040-0800][56680485ms] GC(3938) Pause Young (Normal) (G1 Evacuation Pause) 1961M->455M(2612M) 30.294ms
[2023-12-20T09:08:50.040-0800][56680485ms] GC(3938) User=0.06s Sys=0.00s Real=0.03s
[2023-12-20T09:08:51.086-0800][56681531ms] GC(3939) Pause Young (Normal) (G1 Evacuation Pause)
[2023-12-20T09:08:51.087-0800][56681532ms] GC(3939) Using 10 workers of 10 for evacuation
[2023-12-20T09:08:51.116-0800][56681561ms] GC(3939)   Pre Evacuate Collection Set: 0.0ms
[2023-12-20T09:08:51.116-0800][56681561ms] GC(3939)   Evacuate Collection Set: 27.3ms
[2023-12-20T09:08:51.116-0800][56681561ms] GC(3939)   Post Evacuate Collection Set: 2.8ms
[2023-12-20T09:08:51.116-0800][56681561ms] GC(3939)   Other: 0.4ms
[2023-12-20T09:08:51.116-0800][56681561ms] GC(3939) Eden regions: 753->0(753)
[2023-12-20T09:08:51.116-0800][56681561ms] GC(3939) Survivor regions: 30->30(98)
[2023-12-20T09:08:51.116-0800][56681561ms] GC(3939) Old regions: 193->193
[2023-12-20T09:08:51.116-0800][56681562ms] GC(3939) Humongous regions: 5->5
[2023-12-20T09:08:51.117-0800][56681562ms] GC(3939) Metaspace: 256602K->256602K(1294336K)
[2023-12-20T09:08:51.117-0800][56681562ms] GC(3939) Pause Young (Normal) (G1 Evacuation Pause) 1961M->454M(2612M) 30.612ms
[2023-12-20T09:08:51.117-0800][56681562ms] GC(3939) User=0.03s Sys=0.00s Real=0.03s
[2023-12-20T09:08:51.999-0800][56682444ms] GC(3940) Pause Young (Normal) (G1 Evacuation Pause)
[2023-12-20T09:08:51.999-0800][56682444ms] GC(3940) Using 10 workers of 10 for evacuation
[2023-12-20T09:08:52.030-0800][56682475ms] GC(3940)   Pre Evacuate Collection Set: 0.0ms
[2023-12-20T09:08:52.030-0800][56682475ms] GC(3940)   Evacuate Collection Set: 27.7ms
[2023-12-20T09:08:52.030-0800][56682475ms] GC(3940)   Post Evacuate Collection Set: 2.8ms
[2023-12-20T09:08:52.030-0800][56682475ms] GC(3940)   Other: 0.4ms
[2023-12-20T09:08:52.030-0800][56682475ms] GC(3940) Eden regions: 753->0(753)
[2023-12-20T09:08:52.030-0800][56682475ms] GC(3940) Survivor regions: 30->30(98)
[2023-12-20T09:08:52.030-0800][56682475ms] GC(3940) Old regions: 193->193
[2023-12-20T09:08:52.030-0800][56682475ms] GC(3940) Humongous regions: 5->5
[2023-12-20T09:08:52.030-0800][56682475ms] GC(3940) Metaspace: 256602K->256602K(1294336K)
[2023-12-20T09:08:52.030-0800][56682475ms] GC(3940) Pause Young (Normal) (G1 Evacuation Pause) 1960M->454M(2612M) 31.076ms
[2023-12-20T09:08:52.030-0800][56682475ms] GC(3940) User=0.09s Sys=0.02s Real=0.03s
[2023-12-20T09:08:52.833-0800][56683278ms] GC(3941) Pause Young (Normal) (G1 Evacuation Pause)
[2023-12-20T09:08:52.833-0800][56683278ms] GC(3941) Using 10 workers of 10 for evacuation
[2023-12-20T09:08:52.862-0800][56683307ms] GC(3941)   Pre Evacuate Collection Set: 0.0ms
[2023-12-20T09:08:52.862-0800][56683307ms] GC(3941)   Evacuate Collection Set: 26.7ms
[2023-12-20T09:08:52.862-0800][56683307ms] GC(3941)   Post Evacuate Collection Set: 2.4ms
[2023-12-20T09:08:52.862-0800][56683307ms] GC(3941)   Other: 0.4ms
[2023-12-20T09:08:52.862-0800][56683307ms] GC(3941) Eden regions: 753->0(753)
[2023-12-20T09:08:52.862-0800][56683307ms] GC(3941) Survivor regions: 30->30(98)
[2023-12-20T09:08:52.862-0800][56683307ms] GC(3941) Old regions: 193->193
[2023-12-20T09:08:52.862-0800][56683307ms] GC(3941) Humongous regions: 5->5
[2023-12-20T09:08:52.862-0800][56683307ms] GC(3941) Metaspace: 256602K->256602K(1294336K)
[2023-12-20T09:08:52.862-0800][56683307ms] GC(3941) Pause Young (Normal) (G1 Evacuation Pause) 1960M->455M(2612M) 29.676ms
[2023-12-20T09:08:52.862-0800][56683307ms] GC(3941) User=0.06s Sys=0.00s Real=0.03s
[2023-12-20T09:08:53.798-0800][56684243ms] GC(3942) Pause Young (Normal) (G1 Evacuation Pause)
[2023-12-20T09:08:53.798-0800][56684243ms] GC(3942) Using 10 workers of 10 for evacuation
[2023-12-20T09:08:53.827-0800][56684272ms] GC(3942)   Pre Evacuate Collection Set: 0.1ms
[2023-12-20T09:08:53.827-0800][56684272ms] GC(3942)   Evacuate Collection Set: 26.6ms
[2023-12-20T09:08:53.827-0800][56684272ms] GC(3942)   Post Evacuate Collection Set: 2.4ms
[2023-12-20T09:08:53.827-0800][56684272ms] GC(3942)   Other: 0.5ms
[2023-12-20T09:08:53.827-0800][56684272ms] GC(3942) Eden regions: 753->0(753)
[2023-12-20T09:08:53.827-0800][56684272ms] GC(3942) Survivor regions: 30->30(98)
[2023-12-20T09:08:53.827-0800][56684272ms] GC(3942) Old regions: 193->193
[2023-12-20T09:08:53.827-0800][56684272ms] GC(3942) Humongous regions: 5->5
[2023-12-20T09:08:53.827-0800][56684272ms] GC(3942) Metaspace: 256602K->256602K(1294336K)
[2023-12-20T09:08:53.827-0800][56684272ms] GC(3942) Pause Young (Normal) (G1 Evacuation Pause) 1961M->454M(2612M) 29.689ms
[2023-12-20T09:08:53.827-0800][56684272ms] GC(3942) User=0.09s Sys=0.00s Real=0.03s
[2023-12-20T09:08:54.750-0800][56685195ms] GC(3943) Pause Young (Normal) (G1 Evacuation Pause)
[2023-12-20T09:08:54.750-0800][56685195ms] GC(3943) Using 10 workers of 10 for evacuation
[2023-12-20T09:08:54.781-0800][56685226ms] GC(3943)   Pre Evacuate Collection Set: 0.0ms
[2023-12-20T09:08:54.781-0800][56685226ms] GC(3943)   Evacuate Collection Set: 27.8ms
[2023-12-20T09:08:54.781-0800][56685226ms] GC(3943)   Post Evacuate Collection Set: 2.4ms
[2023-12-20T09:08:54.781-0800][56685226ms] GC(3943)   Other: 0.4ms
[2023-12-20T09:08:54.781-0800][56685226ms] GC(3943) Eden regions: 753->0(754)
[2023-12-20T09:08:54.781-0800][56685226ms] GC(3943) Survivor regions: 30->29(98)
[2023-12-20T09:08:54.781-0800][56685226ms] GC(3943) Old regions: 193->193
[2023-12-20T09:08:54.781-0800][56685226ms] GC(3943) Humongous regions: 5->5
[2023-12-20T09:08:54.781-0800][56685226ms] GC(3943) Metaspace: 256602K->256602K(1294336K)
[2023-12-20T09:08:54.781-0800][56685226ms] GC(3943) Pause Young (Normal) (G1 Evacuation Pause) 1960M->453M(2612M) 30.751ms
[2023-12-20T09:08:54.781-0800][56685226ms] GC(3943) User=0.08s Sys=0.00s Real=0.03s
[2023-12-20T09:08:55.784-0800][56686229ms] GC(3944) Pause Young (Normal) (G1 Evacuation Pause)
[2023-12-20T09:08:55.784-0800][56686229ms] GC(3944) Using 10 workers of 10 for evacuation
[2023-12-20T09:08:55.815-0800][56686260ms] GC(3944)   Pre Evacuate Collection Set: 0.0ms
[2023-12-20T09:08:55.815-0800][56686260ms] GC(3944)   Evacuate Collection Set: 27.5ms
[2023-12-20T09:08:55.815-0800][56686260ms] GC(3944)   Post Evacuate Collection Set: 2.4ms
[2023-12-20T09:08:55.815-0800][56686260ms] GC(3944)   Other: 0.4ms
[2023-12-20T09:08:55.815-0800][56686260ms] GC(3944) Eden regions: 754->0(753)
[2023-12-20T09:08:55.815-0800][56686260ms] GC(3944) Survivor regions: 29->30(98)
[2023-12-20T09:08:55.815-0800][56686260ms] GC(3944) Old regions: 193->193
[2023-12-20T09:08:55.815-0800][56686260ms] GC(3944) Humongous regions: 5->5
[2023-12-20T09:08:55.815-0800][56686260ms] GC(3944) Metaspace: 256602K->256602K(1294336K)
[2023-12-20T09:08:55.815-0800][56686260ms] GC(3944) Pause Young (Normal) (G1 Evacuation Pause) 1961M->455M(2612M) 30.465ms
[2023-12-20T09:08:55.815-0800][56686260ms] GC(3944) User=0.06s Sys=0.00s Real=0.03s
[2023-12-20T09:08:56.674-0800][56687119ms] GC(3945) Pause Young (Normal) (G1 Evacuation Pause)
[2023-12-20T09:08:56.674-0800][56687119ms] GC(3945) Using 10 workers of 10 for evacuation
[2023-12-20T09:08:56.705-0800][56687150ms] GC(3945)   Pre Evacuate Collection Set: 0.0ms
[2023-12-20T09:08:56.705-0800][56687150ms] GC(3945)   Evacuate Collection Set: 28.3ms
[2023-12-20T09:08:56.705-0800][56687150ms] GC(3945)   Post Evacuate Collection Set: 2.5ms
[2023-12-20T09:08:56.705-0800][56687150ms] GC(3945)   Other: 0.4ms
[2023-12-20T09:08:56.705-0800][56687150ms] GC(3945) Eden regions: 753->0(754)
[2023-12-20T09:08:56.705-0800][56687150ms] GC(3945) Survivor regions: 30->29(98)
[2023-12-20T09:08:56.705-0800][56687150ms] GC(3945) Old regions: 193->193
[2023-12-20T09:08:56.705-0800][56687150ms] GC(3945) Humongous regions: 5->5
[2023-12-20T09:08:56.705-0800][56687150ms] GC(3945) Metaspace: 256602K->256602K(1294336K)
[2023-12-20T09:08:56.705-0800][56687150ms] GC(3945) Pause Young (Normal) (G1 Evacuation Pause) 1961M->453M(2612M) 31.335ms
[2023-12-20T09:08:56.705-0800][56687150ms] GC(3945) User=0.09s Sys=0.00s Real=0.03s
[2023-12-20T09:08:57.580-0800][56688025ms] GC(3946) Pause Young (Normal) (G1 Evacuation Pause)
[2023-12-20T09:08:57.580-0800][56688025ms] GC(3946) Using 10 workers of 10 for evacuation
[2023-12-20T09:08:57.610-0800][56688055ms] GC(3946)   Pre Evacuate Collection Set: 0.0ms
[2023-12-20T09:08:57.610-0800][56688055ms] GC(3946)   Evacuate Collection Set: 27.6ms
[2023-12-20T09:08:57.610-0800][56688055ms] GC(3946)   Post Evacuate Collection Set: 2.4ms
[2023-12-20T09:08:57.610-0800][56688055ms] GC(3946)   Other: 0.4ms
[2023-12-20T09:08:57.610-0800][56688055ms] GC(3946) Eden regions: 754->0(753)
[2023-12-20T09:08:57.610-0800][56688055ms] GC(3946) Survivor regions: 29->30(98)
[2023-12-20T09:08:57.610-0800][56688055ms] GC(3946) Old regions: 193->193
[2023-12-20T09:08:57.610-0800][56688055ms] GC(3946) Humongous regions: 5->5
[2023-12-20T09:08:57.610-0800][56688055ms] GC(3946) Metaspace: 256602K->256602K(1294336K)
[2023-12-20T09:08:57.610-0800][56688055ms] GC(3946) Pause Young (Normal) (G1 Evacuation Pause) 1961M->454M(2612M) 30.587ms
[2023-12-20T09:08:57.610-0800][56688055ms] GC(3946) User=0.11s Sys=0.00s Real=0.03s
[2023-12-20T09:08:58.456-0800][56688901ms] GC(3947) Pause Young (Normal) (G1 Evacuation Pause)
[2023-12-20T09:08:58.456-0800][56688901ms] GC(3947) Using 10 workers of 10 for evacuation
[2023-12-20T09:08:58.487-0800][56688932ms] GC(3947)   Pre Evacuate Collection Set: 0.0ms
[2023-12-20T09:08:58.487-0800][56688932ms] GC(3947)   Evacuate Collection Set: 27.9ms
[2023-12-20T09:08:58.487-0800][56688932ms] GC(3947)   Post Evacuate Collection Set: 2.4ms
[2023-12-20T09:08:58.487-0800][56688932ms] GC(3947)   Other: 0.4ms
[2023-12-20T09:08:58.487-0800][56688932ms] GC(3947) Eden regions: 753->0(753)
[2023-12-20T09:08:58.487-0800][56688932ms] GC(3947) Survivor regions: 30->30(98)
[2023-12-20T09:08:58.487-0800][56688932ms] GC(3947) Old regions: 193->193
[2023-12-20T09:08:58.487-0800][56688932ms] GC(3947) Humongous regions: 5->5
[2023-12-20T09:08:58.487-0800][56688932ms] GC(3947) Metaspace: 256602K->256602K(1294336K)
[2023-12-20T09:08:58.487-0800][56688932ms] GC(3947) Pause Young (Normal) (G1 Evacuation Pause) 1960M->455M(2612M) 30.791ms
[2023-12-20T09:08:58.487-0800][56688932ms] GC(3947) User=0.08s Sys=0.00s Real=0.03s
[2023-12-20T09:08:59.377-0800][56689822ms] GC(3948) Pause Young (Normal) (G1 Evacuation Pause)
[2023-12-20T09:08:59.377-0800][56689822ms] GC(3948) Using 10 workers of 10 for evacuation
[2023-12-20T09:08:59.410-0800][56689855ms] GC(3948)   Pre Evacuate Collection Set: 0.0ms
[2023-12-20T09:08:59.410-0800][56689855ms] GC(3948)   Evacuate Collection Set: 27.8ms
[2023-12-20T09:08:59.410-0800][56689855ms] GC(3948)   Post Evacuate Collection Set: 3.8ms
[2023-12-20T09:08:59.410-0800][56689855ms] GC(3948)   Other: 0.4ms
[2023-12-20T09:08:59.410-0800][56689855ms] GC(3948) Eden regions: 753->0(753)
[2023-12-20T09:08:59.410-0800][56689855ms] GC(3948) Survivor regions: 30->30(98)
[2023-12-20T09:08:59.410-0800][56689855ms] GC(3948) Old regions: 193->193
[2023-12-20T09:08:59.410-0800][56689855ms] GC(3948) Humongous regions: 5->5
[2023-12-20T09:08:59.410-0800][56689855ms] GC(3948) Metaspace: 256602K->256602K(1294336K)
[2023-12-20T09:08:59.410-0800][56689855ms] GC(3948) Pause Young (Normal) (G1 Evacuation Pause) 1961M->455M(2612M) 32.134ms
[2023-12-20T09:08:59.410-0800][56689855ms] GC(3948) User=0.11s Sys=0.00s Real=0.03s
[2023-12-20T09:09:00.344-0800][56690789ms] GC(3949) Pause Young (Normal) (G1 Evacuation Pause)
[2023-12-20T09:09:00.344-0800][56690789ms] GC(3949) Using 10 workers of 10 for evacuation
[2023-12-20T09:09:00.375-0800][56690820ms] GC(3949)   Pre Evacuate Collection Set: 0.0ms
[2023-12-20T09:09:00.375-0800][56690820ms] GC(3949)   Evacuate Collection Set: 27.7ms
[2023-12-20T09:09:00.375-0800][56690820ms] GC(3949)   Post Evacuate Collection Set: 2.9ms
[2023-12-20T09:09:00.375-0800][56690820ms] GC(3949)   Other: 0.4ms
[2023-12-20T09:09:00.375-0800][56690820ms] GC(3949) Eden regions: 753->0(753)
[2023-12-20T09:09:00.375-0800][56690820ms] GC(3949) Survivor regions: 30->30(98)
[2023-12-20T09:09:00.375-0800][56690820ms] GC(3949) Old regions: 193->193
[2023-12-20T09:09:00.375-0800][56690820ms] GC(3949) Humongous regions: 5->5
[2023-12-20T09:09:00.375-0800][56690820ms] GC(3949) Metaspace: 256602K->256602K(1294336K)
[2023-12-20T09:09:00.375-0800][56690820ms] GC(3949) Pause Young (Normal) (G1 Evacuation Pause) 1961M->454M(2612M) 31.127ms
[2023-12-20T09:09:00.375-0800][56690820ms] GC(3949) User=0.13s Sys=0.00s Real=0.03s
[2023-12-20T09:09:01.245-0800][56691690ms] GC(3950) Pause Young (Normal) (G1 Evacuation Pause)
[2023-12-20T09:09:01.245-0800][56691690ms] GC(3950) Using 10 workers of 10 for evacuation
[2023-12-20T09:09:01.276-0800][56691721ms] GC(3950)   Pre Evacuate Collection Set: 0.0ms
[2023-12-20T09:09:01.276-0800][56691721ms] GC(3950)   Evacuate Collection Set: 27.9ms
[2023-12-20T09:09:01.276-0800][56691721ms] GC(3950)   Post Evacuate Collection Set: 2.5ms
[2023-12-20T09:09:01.276-0800][56691721ms] GC(3950)   Other: 0.4ms
[2023-12-20T09:09:01.276-0800][56691721ms] GC(3950) Eden regions: 753->0(753)
[2023-12-20T09:09:01.276-0800][56691721ms] GC(3950) Survivor regions: 30->30(98)
[2023-12-20T09:09:01.276-0800][56691721ms] GC(3950) Old regions: 193->193
[2023-12-20T09:09:01.276-0800][56691721ms] GC(3950) Humongous regions: 5->5
[2023-12-20T09:09:01.276-0800][56691721ms] GC(3950) Metaspace: 256602K->256602K(1294336K)
[2023-12-20T09:09:01.276-0800][56691721ms] GC(3950) Pause Young (Normal) (G1 Evacuation Pause) 1960M->455M(2612M) 30.990ms
[2023-12-20T09:09:01.276-0800][56691721ms] GC(3950) User=0.14s Sys=0.00s Real=0.03s
[2023-12-20T09:09:02.154-0800][56692599ms] GC(3951) Pause Young (Normal) (G1 Evacuation Pause)
[2023-12-20T09:09:02.154-0800][56692599ms] GC(3951) Using 10 workers of 10 for evacuation
[2023-12-20T09:09:02.184-0800][56692629ms] GC(3951)   Pre Evacuate Collection Set: 0.0ms
[2023-12-20T09:09:02.184-0800][56692629ms] GC(3951)   Evacuate Collection Set: 27.1ms
[2023-12-20T09:09:02.184-0800][56692629ms] GC(3951)   Post Evacuate Collection Set: 2.6ms
[2023-12-20T09:09:02.184-0800][56692629ms] GC(3951)   Other: 0.4ms
[2023-12-20T09:09:02.184-0800][56692629ms] GC(3951) Eden regions: 753->0(753)
[2023-12-20T09:09:02.184-0800][56692629ms] GC(3951) Survivor regions: 30->30(98)
[2023-12-20T09:09:02.184-0800][56692629ms] GC(3951) Old regions: 193->193
[2023-12-20T09:09:02.184-0800][56692629ms] GC(3951) Humongous regions: 5->5
[2023-12-20T09:09:02.184-0800][56692629ms] GC(3951) Metaspace: 256602K->256602K(1294336K)
[2023-12-20T09:09:02.184-0800][56692629ms] GC(3951) Pause Young (Normal) (G1 Evacuation Pause) 1961M->455M(2612M) 30.239ms
[2023-12-20T09:09:02.184-0800][56692629ms] GC(3951) User=0.13s Sys=0.00s Real=0.03s
[2023-12-20T09:09:03.208-0800][56693653ms] GC(3952) Pause Young (Normal) (G1 Evacuation Pause)
[2023-12-20T09:09:03.208-0800][56693653ms] GC(3952) Using 10 workers of 10 for evacuation
[2023-12-20T09:09:03.239-0800][56693684ms] GC(3952)   Pre Evacuate Collection Set: 0.0ms
[2023-12-20T09:09:03.239-0800][56693684ms] GC(3952)   Evacuate Collection Set: 27.4ms
[2023-12-20T09:09:03.239-0800][56693684ms] GC(3952)   Post Evacuate Collection Set: 2.5ms
[2023-12-20T09:09:03.239-0800][56693684ms] GC(3952)   Other: 0.3ms
[2023-12-20T09:09:03.239-0800][56693684ms] GC(3952) Eden regions: 753->0(753)
[2023-12-20T09:09:03.239-0800][56693684ms] GC(3952) Survivor regions: 30->30(98)
[2023-12-20T09:09:03.239-0800][56693684ms] GC(3952) Old regions: 193->193
[2023-12-20T09:09:03.239-0800][56693684ms] GC(3952) Humongous regions: 5->5
[2023-12-20T09:09:03.239-0800][56693684ms] GC(3952) Metaspace: 256602K->256602K(1294336K)
[2023-12-20T09:09:03.239-0800][56693684ms] GC(3952) Pause Young (Normal) (G1 Evacuation Pause) 1961M->455M(2612M) 30.501ms
[2023-12-20T09:09:03.239-0800][56693684ms] GC(3952) User=0.13s Sys=0.00s Real=0.03s
[2023-12-20T09:09:04.095-0800][56694540ms] GC(3953) Pause Young (Normal) (G1 Evacuation Pause)
[2023-12-20T09:09:04.095-0800][56694540ms] GC(3953) Using 10 workers of 10 for evacuation
[2023-12-20T09:09:04.127-0800][56694572ms] GC(3953)   Pre Evacuate Collection Set: 0.0ms
[2023-12-20T09:09:04.127-0800][56694572ms] GC(3953)   Evacuate Collection Set: 28.2ms
[2023-12-20T09:09:04.127-0800][56694572ms] GC(3953)   Post Evacuate Collection Set: 2.6ms
[2023-12-20T09:09:04.127-0800][56694572ms] GC(3953)   Other: 0.5ms
[2023-12-20T09:09:04.127-0800][56694572ms] GC(3953) Eden regions: 753->0(754)
[2023-12-20T09:09:04.127-0800][56694572ms] GC(3953) Survivor regions: 30->29(98)
[2023-12-20T09:09:04.127-0800][56694572ms] GC(3953) Old regions: 193->193
[2023-12-20T09:09:04.127-0800][56694572ms] GC(3953) Humongous regions: 5->5
[2023-12-20T09:09:04.127-0800][56694572ms] GC(3953) Metaspace: 256602K->256602K(1294336K)
[2023-12-20T09:09:04.127-0800][56694572ms] GC(3953) Pause Young (Normal) (G1 Evacuation Pause) 1961M->452M(2612M) 31.401ms
[2023-12-20T09:09:04.127-0800][56694572ms] GC(3953) User=0.14s Sys=0.00s Real=0.03s
[2023-12-20T09:09:05.071-0800][56695516ms] GC(3954) Pause Young (Normal) (G1 Evacuation Pause)
[2023-12-20T09:09:05.071-0800][56695516ms] GC(3954) Using 10 workers of 10 for evacuation
[2023-12-20T09:09:05.101-0800][56695546ms] GC(3954)   Pre Evacuate Collection Set: 0.0ms
[2023-12-20T09:09:05.101-0800][56695546ms] GC(3954)   Evacuate Collection Set: 27.5ms
[2023-12-20T09:09:05.101-0800][56695546ms] GC(3954)   Post Evacuate Collection Set: 2.3ms
[2023-12-20T09:09:05.101-0800][56695546ms] GC(3954)   Other: 0.4ms
[2023-12-20T09:09:05.101-0800][56695546ms] GC(3954) Eden regions: 754->0(753)
[2023-12-20T09:09:05.101-0800][56695546ms] GC(3954) Survivor regions: 29->30(98)
[2023-12-20T09:09:05.101-0800][56695546ms] GC(3954) Old regions: 193->193
[2023-12-20T09:09:05.101-0800][56695546ms] GC(3954) Humongous regions: 5->5
[2023-12-20T09:09:05.101-0800][56695546ms] GC(3954) Metaspace: 256602K->256602K(1294336K)
[2023-12-20T09:09:05.101-0800][56695546ms] GC(3954) Pause Young (Normal) (G1 Evacuation Pause) 1960M->454M(2612M) 30.386ms
[2023-12-20T09:09:05.101-0800][56695546ms] GC(3954) User=0.11s Sys=0.00s Real=0.03s
[2023-12-20T09:09:06.074-0800][56696519ms] GC(3955) Pause Young (Normal) (G1 Evacuation Pause)
[2023-12-20T09:09:06.074-0800][56696519ms] GC(3955) Using 10 workers of 10 for evacuation
[2023-12-20T09:09:06.104-0800][56696549ms] GC(3955)   Pre Evacuate Collection Set: 0.0ms
[2023-12-20T09:09:06.104-0800][56696549ms] GC(3955)   Evacuate Collection Set: 27.1ms
[2023-12-20T09:09:06.104-0800][56696549ms] GC(3955)   Post Evacuate Collection Set: 2.8ms
[2023-12-20T09:09:06.104-0800][56696549ms] GC(3955)   Other: 0.4ms
[2023-12-20T09:09:06.104-0800][56696549ms] GC(3955) Eden regions: 753->0(754)
[2023-12-20T09:09:06.104-0800][56696549ms] GC(3955) Survivor regions: 30->29(98)
[2023-12-20T09:09:06.104-0800][56696549ms] GC(3955) Old regions: 193->193
[2023-12-20T09:09:06.104-0800][56696549ms] GC(3955) Humongous regions: 5->5
[2023-12-20T09:09:06.104-0800][56696549ms] GC(3955) Metaspace: 256602K->256602K(1294336K)
[2023-12-20T09:09:06.104-0800][56696549ms] GC(3955) Pause Young (Normal) (G1 Evacuation Pause) 1960M->453M(2612M) 30.460ms
[2023-12-20T09:09:06.104-0800][56696549ms] GC(3955) User=0.11s Sys=0.00s Real=0.03s
[2023-12-20T09:09:07.055-0800][56697500ms] GC(3956) Pause Young (Normal) (G1 Evacuation Pause)
[2023-12-20T09:09:07.055-0800][56697500ms] GC(3956) Using 10 workers of 10 for evacuation
[2023-12-20T09:09:07.086-0800][56697531ms] GC(3956)   Pre Evacuate Collection Set: 0.2ms
[2023-12-20T09:09:07.086-0800][56697531ms] GC(3956)   Evacuate Collection Set: 27.5ms
[2023-12-20T09:09:07.086-0800][56697531ms] GC(3956)   Post Evacuate Collection Set: 2.6ms
[2023-12-20T09:09:07.086-0800][56697531ms] GC(3956)   Other: 0.5ms
[2023-12-20T09:09:07.086-0800][56697531ms] GC(3956) Eden regions: 754->0(753)
[2023-12-20T09:09:07.086-0800][56697531ms] GC(3956) Survivor regions: 29->30(98)
[2023-12-20T09:09:07.086-0800][56697531ms] GC(3956) Old regions: 193->193
[2023-12-20T09:09:07.086-0800][56697531ms] GC(3956) Humongous regions: 5->5
[2023-12-20T09:09:07.086-0800][56697531ms] GC(3956) Metaspace: 256602K->256602K(1294336K)
[2023-12-20T09:09:07.086-0800][56697531ms] GC(3956) Pause Young (Normal) (G1 Evacuation Pause) 1961M->454M(2612M) 30.925ms
[2023-12-20T09:09:07.086-0800][56697531ms] GC(3956) User=0.06s Sys=0.00s Real=0.03s
[2023-12-20T09:09:08.002-0800][56698447ms] GC(3957) Pause Young (Normal) (G1 Evacuation Pause)
[2023-12-20T09:09:08.002-0800][56698447ms] GC(3957) Using 10 workers of 10 for evacuation
[2023-12-20T09:09:08.035-0800][56698480ms] GC(3957)   Pre Evacuate Collection Set: 0.0ms
[2023-12-20T09:09:08.035-0800][56698480ms] GC(3957)   Evacuate Collection Set: 29.5ms
[2023-12-20T09:09:08.035-0800][56698480ms] GC(3957)   Post Evacuate Collection Set: 2.5ms
[2023-12-20T09:09:08.035-0800][56698480ms] GC(3957)   Other: 0.4ms
[2023-12-20T09:09:08.035-0800][56698480ms] GC(3957) Eden regions: 753->0(753)
[2023-12-20T09:09:08.035-0800][56698480ms] GC(3957) Survivor regions: 30->30(98)
[2023-12-20T09:09:08.035-0800][56698480ms] GC(3957) Old regions: 193->193
[2023-12-20T09:09:08.035-0800][56698480ms] GC(3957) Humongous regions: 5->5
[2023-12-20T09:09:08.035-0800][56698480ms] GC(3957) Metaspace: 256602K->256602K(1294336K)
[2023-12-20T09:09:08.035-0800][56698480ms] GC(3957) Pause Young (Normal) (G1 Evacuation Pause) 1960M->454M(2612M) 32.577ms
[2023-12-20T09:09:08.035-0800][56698480ms] GC(3957) User=0.05s Sys=0.00s Real=0.03s
[2023-12-20T09:09:08.968-0800][56699413ms] GC(3958) Pause Young (Normal) (G1 Evacuation Pause)
[2023-12-20T09:09:08.968-0800][56699413ms] GC(3958) Using 10 workers of 10 for evacuation
[2023-12-20T09:09:08.998-0800][56699443ms] GC(3958)   Pre Evacuate Collection Set: 0.0ms
[2023-12-20T09:09:08.998-0800][56699443ms] GC(3958)   Evacuate Collection Set: 28.3ms
[2023-12-20T09:09:08.998-0800][56699443ms] GC(3958)   Post Evacuate Collection Set: 2.5ms
[2023-12-20T09:09:08.998-0800][56699443ms] GC(3958)   Other: 0.4ms
[2023-12-20T09:09:08.998-0800][56699443ms] GC(3958) Eden regions: 753->0(753)
[2023-12-20T09:09:08.998-0800][56699443ms] GC(3958) Survivor regions: 30->30(98)
[2023-12-20T09:09:08.998-0800][56699443ms] GC(3958) Old regions: 193->193
[2023-12-20T09:09:08.998-0800][56699443ms] GC(3958) Humongous regions: 5->5
[2023-12-20T09:09:08.998-0800][56699443ms] GC(3958) Metaspace: 256602K->256602K(1294336K)
[2023-12-20T09:09:08.998-0800][56699443ms] GC(3958) Pause Young (Normal) (G1 Evacuation Pause) 1960M->455M(2612M) 31.258ms
[2023-12-20T09:09:08.998-0800][56699443ms] GC(3958) User=0.09s Sys=0.00s Real=0.03s
[2023-12-20T09:09:10.034-0800][56700479ms] GC(3959) Pause Young (Normal) (GCLocker Initiated GC)
[2023-12-20T09:09:10.034-0800][56700479ms] GC(3959) Using 10 workers of 10 for evacuation
[2023-12-20T09:09:10.065-0800][56700510ms] GC(3959)   Pre Evacuate Collection Set: 0.0ms
[2023-12-20T09:09:10.065-0800][56700510ms] GC(3959)   Evacuate Collection Set: 28.4ms
[2023-12-20T09:09:10.065-0800][56700510ms] GC(3959)   Post Evacuate Collection Set: 2.6ms
[2023-12-20T09:09:10.065-0800][56700510ms] GC(3959)   Other: 0.3ms
[2023-12-20T09:09:10.065-0800][56700510ms] GC(3959) Eden regions: 753->0(754)
[2023-12-20T09:09:10.065-0800][56700510ms] GC(3959) Survivor regions: 30->29(98)
[2023-12-20T09:09:10.065-0800][56700510ms] GC(3959) Old regions: 193->193
[2023-12-20T09:09:10.065-0800][56700510ms] GC(3959) Humongous regions: 5->5
[2023-12-20T09:09:10.065-0800][56700510ms] GC(3959) Metaspace: 256602K->256602K(1294336K)
[2023-12-20T09:09:10.065-0800][56700510ms] GC(3959) Pause Young (Normal) (GCLocker Initiated GC) 1961M->453M(2612M) 31.502ms
[2023-12-20T09:09:10.065-0800][56700510ms] GC(3959) User=0.13s Sys=0.00s Real=0.03s
[2023-12-20T09:09:11.144-0800][56701589ms] GC(3960) Pause Young (Normal) (GCLocker Initiated GC)
[2023-12-20T09:09:11.144-0800][56701589ms] GC(3960) Using 10 workers of 10 for evacuation
[2023-12-20T09:09:11.175-0800][56701620ms] GC(3960)   Pre Evacuate Collection Set: 0.0ms
[2023-12-20T09:09:11.175-0800][56701620ms] GC(3960)   Evacuate Collection Set: 27.4ms
[2023-12-20T09:09:11.175-0800][56701620ms] GC(3960)   Post Evacuate Collection Set: 2.8ms
[2023-12-20T09:09:11.175-0800][56701620ms] GC(3960)   Other: 0.4ms
[2023-12-20T09:09:11.175-0800][56701620ms] GC(3960) Eden regions: 755->0(754)
[2023-12-20T09:09:11.175-0800][56701620ms] GC(3960) Survivor regions: 29->29(98)
[2023-12-20T09:09:11.175-0800][56701620ms] GC(3960) Old regions: 193->193
[2023-12-20T09:09:11.175-0800][56701620ms] GC(3960) Humongous regions: 5->5
[2023-12-20T09:09:11.175-0800][56701620ms] GC(3960) Metaspace: 256602K->256602K(1294336K)
[2023-12-20T09:09:11.175-0800][56701620ms] GC(3960) Pause Young (Normal) (GCLocker Initiated GC) 1962M->453M(2612M) 30.752ms
[2023-12-20T09:09:11.175-0800][56701620ms] GC(3960) User=0.11s Sys=0.00s Real=0.03s
[2023-12-20T09:09:12.120-0800][56702565ms] GC(3961) Pause Young (Normal) (G1 Evacuation Pause)
[2023-12-20T09:09:12.120-0800][56702565ms] GC(3961) Using 10 workers of 10 for evacuation
[2023-12-20T09:09:12.151-0800][56702596ms] GC(3961)   Pre Evacuate Collection Set: 0.0ms
[2023-12-20T09:09:12.151-0800][56702596ms] GC(3961)   Evacuate Collection Set: 28.3ms
[2023-12-20T09:09:12.151-0800][56702596ms] GC(3961)   Post Evacuate Collection Set: 2.6ms
[2023-12-20T09:09:12.151-0800][56702596ms] GC(3961)   Other: 0.4ms
[2023-12-20T09:09:12.151-0800][56702596ms] GC(3961) Eden regions: 754->0(753)
[2023-12-20T09:09:12.151-0800][56702596ms] GC(3961) Survivor regions: 29->30(98)
[2023-12-20T09:09:12.151-0800][56702596ms] GC(3961) Old regions: 193->193
[2023-12-20T09:09:12.151-0800][56702596ms] GC(3961) Humongous regions: 5->5
[2023-12-20T09:09:12.151-0800][56702596ms] GC(3961) Metaspace: 256603K->256603K(1294336K)
[2023-12-20T09:09:12.151-0800][56702596ms] GC(3961) Pause Young (Normal) (G1 Evacuation Pause) 1961M->454M(2612M) 31.402ms
[2023-12-20T09:09:12.151-0800][56702596ms] GC(3961) User=0.09s Sys=0.00s Real=0.03s
[2023-12-20T09:09:13.052-0800][56703497ms] GC(3962) Pause Young (Normal) (G1 Evacuation Pause)
[2023-12-20T09:09:13.052-0800][56703497ms] GC(3962) Using 10 workers of 10 for evacuation
[2023-12-20T09:09:13.083-0800][56703528ms] GC(3962)   Pre Evacuate Collection Set: 0.0ms
[2023-12-20T09:09:13.083-0800][56703528ms] GC(3962)   Evacuate Collection Set: 27.6ms
[2023-12-20T09:09:13.083-0800][56703528ms] GC(3962)   Post Evacuate Collection Set: 2.7ms
[2023-12-20T09:09:13.083-0800][56703528ms] GC(3962)   Other: 0.4ms
[2023-12-20T09:09:13.083-0800][56703528ms] GC(3962) Eden regions: 753->0(753)
[2023-12-20T09:09:13.083-0800][56703528ms] GC(3962) Survivor regions: 30->30(98)
[2023-12-20T09:09:13.083-0800][56703528ms] GC(3962) Old regions: 193->193
[2023-12-20T09:09:13.083-0800][56703528ms] GC(3962) Humongous regions: 5->5
[2023-12-20T09:09:13.083-0800][56703528ms] GC(3962) Metaspace: 256603K->256603K(1294336K)
[2023-12-20T09:09:13.083-0800][56703528ms] GC(3962) Pause Young (Normal) (G1 Evacuation Pause) 1960M->454M(2612M) 30.779ms
[2023-12-20T09:09:13.083-0800][56703528ms] GC(3962) User=0.16s Sys=0.00s Real=0.03s
[2023-12-20T09:09:13.979-0800][56704424ms] GC(3963) Pause Young (Normal) (G1 Evacuation Pause)
[2023-12-20T09:09:13.979-0800][56704424ms] GC(3963) Using 10 workers of 10 for evacuation
[2023-12-20T09:09:14.010-0800][56704455ms] GC(3963)   Pre Evacuate Collection Set: 0.0ms
[2023-12-20T09:09:14.010-0800][56704455ms] GC(3963)   Evacuate Collection Set: 27.8ms
[2023-12-20T09:09:14.010-0800][56704455ms] GC(3963)   Post Evacuate Collection Set: 3.3ms
[2023-12-20T09:09:14.010-0800][56704455ms] GC(3963)   Other: 0.6ms
[2023-12-20T09:09:14.010-0800][56704455ms] GC(3963) Eden regions: 753->0(754)
[2023-12-20T09:09:14.010-0800][56704455ms] GC(3963) Survivor regions: 30->29(98)
[2023-12-20T09:09:14.010-0800][56704455ms] GC(3963) Old regions: 193->193
[2023-12-20T09:09:14.010-0800][56704455ms] GC(3963) Humongous regions: 5->5
[2023-12-20T09:09:14.010-0800][56704455ms] GC(3963) Metaspace: 256603K->256603K(1294336K)
[2023-12-20T09:09:14.010-0800][56704455ms] GC(3963) Pause Young (Normal) (G1 Evacuation Pause) 1960M->453M(2612M) 31.871ms
[2023-12-20T09:09:14.010-0800][56704455ms] GC(3963) User=0.08s Sys=0.00s Real=0.03s
[2023-12-20T09:09:14.886-0800][56705331ms] GC(3964) Pause Young (Normal) (G1 Evacuation Pause)
[2023-12-20T09:09:14.886-0800][56705331ms] GC(3964) Using 10 workers of 10 for evacuation
[2023-12-20T09:09:14.917-0800][56705362ms] GC(3964)   Pre Evacuate Collection Set: 0.0ms
[2023-12-20T09:09:14.917-0800][56705362ms] GC(3964)   Evacuate Collection Set: 27.7ms
[2023-12-20T09:09:14.917-0800][56705362ms] GC(3964)   Post Evacuate Collection Set: 2.6ms
[2023-12-20T09:09:14.917-0800][56705362ms] GC(3964)   Other: 0.4ms
[2023-12-20T09:09:14.917-0800][56705362ms] GC(3964) Eden regions: 754->0(753)
[2023-12-20T09:09:14.917-0800][56705362ms] GC(3964) Survivor regions: 29->30(98)
[2023-12-20T09:09:14.917-0800][56705362ms] GC(3964) Old regions: 193->193
[2023-12-20T09:09:14.917-0800][56705362ms] GC(3964) Humongous regions: 5->5
[2023-12-20T09:09:14.917-0800][56705362ms] GC(3964) Metaspace: 256603K->256603K(1294336K)
[2023-12-20T09:09:14.917-0800][56705362ms] GC(3964) Pause Young (Normal) (G1 Evacuation Pause) 1961M->454M(2612M) 30.748ms
[2023-12-20T09:09:14.917-0800][56705362ms] GC(3964) User=0.13s Sys=0.00s Real=0.03s
[2023-12-20T09:09:15.871-0800][56706316ms] GC(3965) Pause Young (Normal) (G1 Evacuation Pause)
[2023-12-20T09:09:15.871-0800][56706316ms] GC(3965) Using 10 workers of 10 for evacuation
[2023-12-20T09:09:15.904-0800][56706349ms] GC(3965)   Pre Evacuate Collection Set: 0.0ms
[2023-12-20T09:09:15.904-0800][56706349ms] GC(3965)   Evacuate Collection Set: 29.3ms
[2023-12-20T09:09:15.904-0800][56706349ms] GC(3965)   Post Evacuate Collection Set: 2.4ms
[2023-12-20T09:09:15.904-0800][56706349ms] GC(3965)   Other: 0.4ms
[2023-12-20T09:09:15.904-0800][56706349ms] GC(3965) Eden regions: 753->0(754)
[2023-12-20T09:09:15.904-0800][56706349ms] GC(3965) Survivor regions: 30->29(98)
[2023-12-20T09:09:15.904-0800][56706349ms] GC(3965) Old regions: 193->193
[2023-12-20T09:09:15.904-0800][56706349ms] GC(3965) Humongous regions: 5->5
[2023-12-20T09:09:15.904-0800][56706349ms] GC(3965) Metaspace: 256603K->256603K(1294336K)
[2023-12-20T09:09:15.904-0800][56706349ms] GC(3965) Pause Young (Normal) (G1 Evacuation Pause) 1960M->453M(2612M) 32.196ms
[2023-12-20T09:09:15.904-0800][56706349ms] GC(3965) User=0.13s Sys=0.00s Real=0.03s
[2023-12-20T09:09:16.778-0800][56707223ms] GC(3966) Pause Young (Normal) (G1 Evacuation Pause)
[2023-12-20T09:09:16.778-0800][56707223ms] GC(3966) Using 10 workers of 10 for evacuation
[2023-12-20T09:09:16.809-0800][56707254ms] GC(3966)   Pre Evacuate Collection Set: 0.0ms
[2023-12-20T09:09:16.809-0800][56707254ms] GC(3966)   Evacuate Collection Set: 27.4ms
[2023-12-20T09:09:16.809-0800][56707254ms] GC(3966)   Post Evacuate Collection Set: 2.9ms
[2023-12-20T09:09:16.809-0800][56707254ms] GC(3966)   Other: 0.4ms
[2023-12-20T09:09:16.809-0800][56707254ms] GC(3966) Eden regions: 754->0(753)
[2023-12-20T09:09:16.809-0800][56707254ms] GC(3966) Survivor regions: 29->30(98)
[2023-12-20T09:09:16.809-0800][56707254ms] GC(3966) Old regions: 193->193
[2023-12-20T09:09:16.809-0800][56707254ms] GC(3966) Humongous regions: 5->5
[2023-12-20T09:09:16.809-0800][56707254ms] GC(3966) Metaspace: 256603K->256603K(1294336K)
[2023-12-20T09:09:16.809-0800][56707254ms] GC(3966) Pause Young (Normal) (G1 Evacuation Pause) 1961M->454M(2612M) 30.861ms
[2023-12-20T09:09:16.809-0800][56707254ms] GC(3966) User=0.08s Sys=0.00s Real=0.03s
[2023-12-20T09:09:17.708-0800][56708153ms] GC(3967) Pause Young (Normal) (G1 Evacuation Pause)
[2023-12-20T09:09:17.708-0800][56708153ms] GC(3967) Using 10 workers of 10 for evacuation
[2023-12-20T09:09:17.739-0800][56708184ms] GC(3967)   Pre Evacuate Collection Set: 0.0ms
[2023-12-20T09:09:17.739-0800][56708184ms] GC(3967)   Evacuate Collection Set: 27.3ms
[2023-12-20T09:09:17.739-0800][56708184ms] GC(3967)   Post Evacuate Collection Set: 2.4ms
[2023-12-20T09:09:17.739-0800][56708184ms] GC(3967)   Other: 0.4ms
[2023-12-20T09:09:17.739-0800][56708184ms] GC(3967) Eden regions: 753->0(754)
[2023-12-20T09:09:17.739-0800][56708184ms] GC(3967) Survivor regions: 30->29(98)
[2023-12-20T09:09:17.739-0800][56708184ms] GC(3967) Old regions: 193->193
[2023-12-20T09:09:17.739-0800][56708184ms] GC(3967) Humongous regions: 5->5
[2023-12-20T09:09:17.739-0800][56708184ms] GC(3967) Metaspace: 256603K->256603K(1294336K)
[2023-12-20T09:09:17.739-0800][56708184ms] GC(3967) Pause Young (Normal) (G1 Evacuation Pause) 1960M->453M(2612M) 30.264ms
[2023-12-20T09:09:17.739-0800][56708184ms] GC(3967) User=0.16s Sys=0.00s Real=0.03s
[2023-12-20T09:09:18.617-0800][56709062ms] GC(3968) Pause Young (Normal) (G1 Evacuation Pause)
[2023-12-20T09:09:18.617-0800][56709062ms] GC(3968) Using 10 workers of 10 for evacuation
[2023-12-20T09:09:18.651-0800][56709096ms] GC(3968)   Pre Evacuate Collection Set: 0.0ms
[2023-12-20T09:09:18.651-0800][56709096ms] GC(3968)   Evacuate Collection Set: 30.4ms
[2023-12-20T09:09:18.651-0800][56709096ms] GC(3968)   Post Evacuate Collection Set: 2.5ms
[2023-12-20T09:09:18.651-0800][56709096ms] GC(3968)   Other: 0.4ms
[2023-12-20T09:09:18.651-0800][56709096ms] GC(3968) Eden regions: 754->0(753)
[2023-12-20T09:09:18.651-0800][56709096ms] GC(3968) Survivor regions: 29->30(98)
[2023-12-20T09:09:18.651-0800][56709096ms] GC(3968) Old regions: 193->193
[2023-12-20T09:09:18.651-0800][56709096ms] GC(3968) Humongous regions: 5->5
[2023-12-20T09:09:18.651-0800][56709096ms] GC(3968) Metaspace: 256603K->256603K(1294336K)
[2023-12-20T09:09:18.651-0800][56709096ms] GC(3968) Pause Young (Normal) (G1 Evacuation Pause) 1961M->454M(2612M) 33.477ms
[2023-12-20T09:09:18.651-0800][56709096ms] GC(3968) User=0.03s Sys=0.00s Real=0.03s
[2023-12-20T09:09:19.537-0800][56709982ms] GC(3969) Pause Young (Normal) (G1 Evacuation Pause)
[2023-12-20T09:09:19.538-0800][56709983ms] GC(3969) Using 10 workers of 10 for evacuation
[2023-12-20T09:09:19.573-0800][56710018ms] GC(3969)   Pre Evacuate Collection Set: 0.0ms
[2023-12-20T09:09:19.573-0800][56710018ms] GC(3969)   Evacuate Collection Set: 27.2ms
[2023-12-20T09:09:19.573-0800][56710018ms] GC(3969)   Post Evacuate Collection Set: 7.5ms
[2023-12-20T09:09:19.573-0800][56710018ms] GC(3969)   Other: 0.4ms
[2023-12-20T09:09:19.573-0800][56710018ms] GC(3969) Eden regions: 753->0(753)
[2023-12-20T09:09:19.573-0800][56710018ms] GC(3969) Survivor regions: 30->30(98)
[2023-12-20T09:09:19.573-0800][56710018ms] GC(3969) Old regions: 193->193
[2023-12-20T09:09:19.573-0800][56710018ms] GC(3969) Humongous regions: 5->5
[2023-12-20T09:09:19.573-0800][56710018ms] GC(3969) Metaspace: 256603K->256603K(1294336K)
[2023-12-20T09:09:19.573-0800][56710018ms] GC(3969) Pause Young (Normal) (G1 Evacuation Pause) 1960M->454M(2612M) 35.307ms
[2023-12-20T09:09:19.573-0800][56710018ms] GC(3969) User=0.06s Sys=0.00s Real=0.04s
[2023-12-20T09:09:20.487-0800][56710932ms] GC(3970) Pause Young (Normal) (G1 Evacuation Pause)
[2023-12-20T09:09:20.487-0800][56710932ms] GC(3970) Using 10 workers of 10 for evacuation
[2023-12-20T09:09:20.518-0800][56710963ms] GC(3970)   Pre Evacuate Collection Set: 0.0ms
[2023-12-20T09:09:20.518-0800][56710963ms] GC(3970)   Evacuate Collection Set: 27.8ms
[2023-12-20T09:09:20.518-0800][56710963ms] GC(3970)   Post Evacuate Collection Set: 2.6ms
[2023-12-20T09:09:20.518-0800][56710963ms] GC(3970)   Other: 0.4ms
[2023-12-20T09:09:20.518-0800][56710963ms] GC(3970) Eden regions: 753->0(753)
[2023-12-20T09:09:20.518-0800][56710963ms] GC(3970) Survivor regions: 30->30(98)
[2023-12-20T09:09:20.518-0800][56710963ms] GC(3970) Old regions: 193->193
[2023-12-20T09:09:20.518-0800][56710963ms] GC(3970) Humongous regions: 5->5
[2023-12-20T09:09:20.518-0800][56710963ms] GC(3970) Metaspace: 256603K->256603K(1294336K)
[2023-12-20T09:09:20.518-0800][56710963ms] GC(3970) Pause Young (Normal) (G1 Evacuation Pause) 1960M->454M(2612M) 30.947ms
[2023-12-20T09:09:20.518-0800][56710963ms] GC(3970) User=0.08s Sys=0.00s Real=0.03s
[2023-12-20T09:09:21.441-0800][56711886ms] GC(3971) Pause Young (Normal) (G1 Evacuation Pause)
[2023-12-20T09:09:21.441-0800][56711886ms] GC(3971) Using 10 workers of 10 for evacuation
[2023-12-20T09:09:21.472-0800][56711917ms] GC(3971)   Pre Evacuate Collection Set: 0.1ms
[2023-12-20T09:09:21.472-0800][56711917ms] GC(3971)   Evacuate Collection Set: 28.5ms
[2023-12-20T09:09:21.472-0800][56711917ms] GC(3971)   Post Evacuate Collection Set: 2.6ms
[2023-12-20T09:09:21.472-0800][56711917ms] GC(3971)   Other: 0.4ms
[2023-12-20T09:09:21.472-0800][56711917ms] GC(3971) Eden regions: 753->0(754)
[2023-12-20T09:09:21.472-0800][56711917ms] GC(3971) Survivor regions: 30->29(98)
[2023-12-20T09:09:21.472-0800][56711917ms] GC(3971) Old regions: 193->193
[2023-12-20T09:09:21.472-0800][56711917ms] GC(3971) Humongous regions: 5->5
[2023-12-20T09:09:21.472-0800][56711917ms] GC(3971) Metaspace: 256603K->256603K(1294336K)
[2023-12-20T09:09:21.472-0800][56711917ms] GC(3971) Pause Young (Normal) (G1 Evacuation Pause) 1960M->452M(2612M) 31.671ms
[2023-12-20T09:09:21.474-0800][56711919ms] GC(3971) User=0.17s Sys=0.00s Real=0.03s
[2023-12-20T09:09:22.477-0800][56712922ms] GC(3972) Pause Young (Normal) (G1 Evacuation Pause)
[2023-12-20T09:09:22.477-0800][56712922ms] GC(3972) Using 10 workers of 10 for evacuation
[2023-12-20T09:09:22.508-0800][56712953ms] GC(3972)   Pre Evacuate Collection Set: 0.0ms
[2023-12-20T09:09:22.508-0800][56712953ms] GC(3972)   Evacuate Collection Set: 27.2ms
[2023-12-20T09:09:22.508-0800][56712953ms] GC(3972)   Post Evacuate Collection Set: 2.4ms
[2023-12-20T09:09:22.508-0800][56712953ms] GC(3972)   Other: 0.4ms
[2023-12-20T09:09:22.508-0800][56712953ms] GC(3972) Eden regions: 754->0(753)
[2023-12-20T09:09:22.508-0800][56712953ms] GC(3972) Survivor regions: 29->30(98)
[2023-12-20T09:09:22.508-0800][56712953ms] GC(3972) Old regions: 193->193
[2023-12-20T09:09:22.508-0800][56712953ms] GC(3972) Humongous regions: 5->5
[2023-12-20T09:09:22.508-0800][56712953ms] GC(3972) Metaspace: 256603K->256603K(1294336K)
[2023-12-20T09:09:22.508-0800][56712953ms] GC(3972) Pause Young (Normal) (G1 Evacuation Pause) 1960M->454M(2612M) 30.181ms
[2023-12-20T09:09:22.508-0800][56712953ms] GC(3972) User=0.11s Sys=0.00s Real=0.03s
[2023-12-20T09:09:23.375-0800][56713820ms] GC(3973) Pause Young (Normal) (G1 Evacuation Pause)
[2023-12-20T09:09:23.375-0800][56713820ms] GC(3973) Using 10 workers of 10 for evacuation
[2023-12-20T09:09:23.406-0800][56713851ms] GC(3973)   Pre Evacuate Collection Set: 0.0ms
[2023-12-20T09:09:23.406-0800][56713851ms] GC(3973)   Evacuate Collection Set: 28.0ms
[2023-12-20T09:09:23.406-0800][56713851ms] GC(3973)   Post Evacuate Collection Set: 3.0ms
[2023-12-20T09:09:23.406-0800][56713851ms] GC(3973)   Other: 0.4ms
[2023-12-20T09:09:23.406-0800][56713851ms] GC(3973) Eden regions: 753->0(754)
[2023-12-20T09:09:23.406-0800][56713851ms] GC(3973) Survivor regions: 30->29(98)
[2023-12-20T09:09:23.406-0800][56713851ms] GC(3973) Old regions: 193->193
[2023-12-20T09:09:23.406-0800][56713851ms] GC(3973) Humongous regions: 5->5
[2023-12-20T09:09:23.406-0800][56713851ms] GC(3973) Metaspace: 256603K->256603K(1294336K)
[2023-12-20T09:09:23.406-0800][56713851ms] GC(3973) Pause Young (Normal) (G1 Evacuation Pause) 1960M->453M(2612M) 31.631ms
[2023-12-20T09:09:23.406-0800][56713851ms] GC(3973) User=0.14s Sys=0.00s Real=0.03s
[2023-12-20T09:09:24.313-0800][56714758ms] GC(3974) Pause Young (Normal) (G1 Evacuation Pause)
[2023-12-20T09:09:24.313-0800][56714758ms] GC(3974) Using 10 workers of 10 for evacuation
[2023-12-20T09:09:24.344-0800][56714789ms] GC(3974)   Pre Evacuate Collection Set: 0.0ms
[2023-12-20T09:09:24.344-0800][56714789ms] GC(3974)   Evacuate Collection Set: 27.3ms
[2023-12-20T09:09:24.344-0800][56714789ms] GC(3974)   Post Evacuate Collection Set: 2.6ms
[2023-12-20T09:09:24.344-0800][56714789ms] GC(3974)   Other: 0.4ms
[2023-12-20T09:09:24.344-0800][56714789ms] GC(3974) Eden regions: 754->0(754)
[2023-12-20T09:09:24.344-0800][56714789ms] GC(3974) Survivor regions: 29->29(98)
[2023-12-20T09:09:24.344-0800][56714789ms] GC(3974) Old regions: 193->193
[2023-12-20T09:09:24.344-0800][56714789ms] GC(3974) Humongous regions: 5->5
[2023-12-20T09:09:24.344-0800][56714789ms] GC(3974) Metaspace: 256603K->256603K(1294336K)
[2023-12-20T09:09:24.344-0800][56714789ms] GC(3974) Pause Young (Normal) (G1 Evacuation Pause) 1961M->453M(2612M) 30.435ms
[2023-12-20T09:09:24.344-0800][56714789ms] GC(3974) User=0.09s Sys=0.00s Real=0.03s
[2023-12-20T09:09:25.238-0800][56715683ms] GC(3975) Pause Young (Normal) (G1 Evacuation Pause)
[2023-12-20T09:09:25.238-0800][56715683ms] GC(3975) Using 10 workers of 10 for evacuation
[2023-12-20T09:09:25.270-0800][56715715ms] GC(3975)   Pre Evacuate Collection Set: 0.0ms
[2023-12-20T09:09:25.270-0800][56715715ms] GC(3975)   Evacuate Collection Set: 27.5ms
[2023-12-20T09:09:25.270-0800][56715715ms] GC(3975)   Post Evacuate Collection Set: 3.2ms
[2023-12-20T09:09:25.270-0800][56715715ms] GC(3975)   Other: 0.4ms
[2023-12-20T09:09:25.270-0800][56715715ms] GC(3975) Eden regions: 754->0(753)
[2023-12-20T09:09:25.270-0800][56715715ms] GC(3975) Survivor regions: 29->30(98)
[2023-12-20T09:09:25.270-0800][56715715ms] GC(3975) Old regions: 193->193
[2023-12-20T09:09:25.270-0800][56715715ms] GC(3975) Humongous regions: 5->5
[2023-12-20T09:09:25.270-0800][56715715ms] GC(3975) Metaspace: 256603K->256603K(1294336K)
[2023-12-20T09:09:25.270-0800][56715715ms] GC(3975) Pause Young (Normal) (G1 Evacuation Pause) 1961M->454M(2612M) 31.219ms
[2023-12-20T09:09:25.270-0800][56715715ms] GC(3975) User=0.11s Sys=0.00s Real=0.03s
[2023-12-20T09:09:26.159-0800][56716604ms] GC(3976) Pause Young (Normal) (G1 Evacuation Pause)
[2023-12-20T09:09:26.159-0800][56716604ms] GC(3976) Using 10 workers of 10 for evacuation
[2023-12-20T09:09:26.188-0800][56716633ms] GC(3976)   Pre Evacuate Collection Set: 0.0ms
[2023-12-20T09:09:26.188-0800][56716633ms] GC(3976)   Evacuate Collection Set: 27.1ms
[2023-12-20T09:09:26.188-0800][56716633ms] GC(3976)   Post Evacuate Collection Set: 2.4ms
[2023-12-20T09:09:26.188-0800][56716633ms] GC(3976)   Other: 0.3ms
[2023-12-20T09:09:26.188-0800][56716633ms] GC(3976) Eden regions: 753->0(753)
[2023-12-20T09:09:26.188-0800][56716633ms] GC(3976) Survivor regions: 30->30(98)
[2023-12-20T09:09:26.188-0800][56716633ms] GC(3976) Old regions: 193->193
[2023-12-20T09:09:26.188-0800][56716633ms] GC(3976) Humongous regions: 5->5
[2023-12-20T09:09:26.188-0800][56716633ms] GC(3976) Metaspace: 256603K->256603K(1294336K)
[2023-12-20T09:09:26.188-0800][56716633ms] GC(3976) Pause Young (Normal) (G1 Evacuation Pause) 1960M->454M(2612M) 30.025ms
[2023-12-20T09:09:26.188-0800][56716633ms] GC(3976) User=0.13s Sys=0.00s Real=0.03s
[2023-12-20T09:09:27.081-0800][56717526ms] GC(3977) Pause Young (Normal) (G1 Evacuation Pause)
[2023-12-20T09:09:27.081-0800][56717526ms] GC(3977) Using 10 workers of 10 for evacuation
[2023-12-20T09:09:27.111-0800][56717556ms] GC(3977)   Pre Evacuate Collection Set: 0.0ms
[2023-12-20T09:09:27.111-0800][56717556ms] GC(3977)   Evacuate Collection Set: 26.7ms
[2023-12-20T09:09:27.111-0800][56717556ms] GC(3977)   Post Evacuate Collection Set: 2.5ms
[2023-12-20T09:09:27.111-0800][56717556ms] GC(3977)   Other: 0.3ms
[2023-12-20T09:09:27.111-0800][56717556ms] GC(3977) Eden regions: 753->0(753)
[2023-12-20T09:09:27.111-0800][56717556ms] GC(3977) Survivor regions: 30->30(98)
[2023-12-20T09:09:27.111-0800][56717556ms] GC(3977) Old regions: 193->193
[2023-12-20T09:09:27.111-0800][56717556ms] GC(3977) Humongous regions: 5->5
[2023-12-20T09:09:27.111-0800][56717556ms] GC(3977) Metaspace: 256603K->256603K(1294336K)
[2023-12-20T09:09:27.111-0800][56717556ms] GC(3977) Pause Young (Normal) (G1 Evacuation Pause) 1960M->455M(2612M) 29.722ms
[2023-12-20T09:09:27.111-0800][56717556ms] GC(3977) User=0.11s Sys=0.00s Real=0.03s
[2023-12-20T09:09:27.959-0800][56718404ms] GC(3978) Pause Young (Normal) (G1 Evacuation Pause)
[2023-12-20T09:09:27.959-0800][56718404ms] GC(3978) Using 10 workers of 10 for evacuation
[2023-12-20T09:09:27.995-0800][56718440ms] GC(3978)   Pre Evacuate Collection Set: 0.0ms
[2023-12-20T09:09:27.995-0800][56718440ms] GC(3978)   Evacuate Collection Set: 28.1ms
[2023-12-20T09:09:27.995-0800][56718440ms] GC(3978)   Post Evacuate Collection Set: 7.0ms
[2023-12-20T09:09:27.995-0800][56718440ms] GC(3978)   Other: 0.4ms
[2023-12-20T09:09:27.995-0800][56718440ms] GC(3978) Eden regions: 753->0(754)
[2023-12-20T09:09:27.995-0800][56718440ms] GC(3978) Survivor regions: 30->29(98)
[2023-12-20T09:09:27.995-0800][56718440ms] GC(3978) Old regions: 193->193
[2023-12-20T09:09:27.995-0800][56718440ms] GC(3978) Humongous regions: 5->5
[2023-12-20T09:09:27.995-0800][56718440ms] GC(3978) Metaspace: 256603K->256603K(1294336K)
[2023-12-20T09:09:27.995-0800][56718440ms] GC(3978) Pause Young (Normal) (G1 Evacuation Pause) 1961M->452M(2612M) 35.649ms
[2023-12-20T09:09:27.995-0800][56718440ms] GC(3978) User=0.23s Sys=0.00s Real=0.04s
[2023-12-20T09:09:28.856-0800][56719301ms] GC(3979) Pause Young (Normal) (G1 Evacuation Pause)
[2023-12-20T09:09:28.857-0800][56719302ms] GC(3979) Using 10 workers of 10 for evacuation
[2023-12-20T09:09:28.887-0800][56719332ms] GC(3979)   Pre Evacuate Collection Set: 0.0ms
[2023-12-20T09:09:28.887-0800][56719332ms] GC(3979)   Evacuate Collection Set: 28.1ms
[2023-12-20T09:09:28.887-0800][56719332ms] GC(3979)   Post Evacuate Collection Set: 2.4ms
[2023-12-20T09:09:28.887-0800][56719332ms] GC(3979)   Other: 0.4ms
[2023-12-20T09:09:28.887-0800][56719332ms] GC(3979) Eden regions: 754->0(752)
[2023-12-20T09:09:28.887-0800][56719332ms] GC(3979) Survivor regions: 29->31(98)
[2023-12-20T09:09:28.887-0800][56719332ms] GC(3979) Old regions: 193->193
[2023-12-20T09:09:28.887-0800][56719332ms] GC(3979) Humongous regions: 5->5
[2023-12-20T09:09:28.887-0800][56719332ms] GC(3979) Metaspace: 256603K->256603K(1294336K)
[2023-12-20T09:09:28.887-0800][56719332ms] GC(3979) Pause Young (Normal) (G1 Evacuation Pause) 1960M->456M(2612M) 31.040ms
[2023-12-20T09:09:28.887-0800][56719332ms] GC(3979) User=0.13s Sys=0.02s Real=0.03s
[2023-12-20T09:09:29.768-0800][56720213ms] GC(3980) Pause Young (Normal) (G1 Evacuation Pause)
[2023-12-20T09:09:29.769-0800][56720214ms] GC(3980) Using 10 workers of 10 for evacuation
[2023-12-20T09:09:29.799-0800][56720244ms] GC(3980)   Pre Evacuate Collection Set: 0.0ms
[2023-12-20T09:09:29.799-0800][56720244ms] GC(3980)   Evacuate Collection Set: 26.8ms
[2023-12-20T09:09:29.799-0800][56720244ms] GC(3980)   Post Evacuate Collection Set: 2.9ms
[2023-12-20T09:09:29.799-0800][56720244ms] GC(3980)   Other: 0.4ms
[2023-12-20T09:09:29.799-0800][56720244ms] GC(3980) Eden regions: 752->0(753)
[2023-12-20T09:09:29.799-0800][56720244ms] GC(3980) Survivor regions: 31->30(98)
[2023-12-20T09:09:29.799-0800][56720244ms] GC(3980) Old regions: 193->193
[2023-12-20T09:09:29.799-0800][56720244ms] GC(3980) Humongous regions: 5->5
[2023-12-20T09:09:29.799-0800][56720244ms] GC(3980) Metaspace: 256603K->256603K(1294336K)
[2023-12-20T09:09:29.799-0800][56720244ms] GC(3980) Pause Young (Normal) (G1 Evacuation Pause) 1960M->455M(2612M) 30.394ms
[2023-12-20T09:09:29.799-0800][56720244ms] GC(3980) User=0.06s Sys=0.00s Real=0.03s
[2023-12-20T09:09:30.780-0800][56721225ms] GC(3981) Pause Young (Normal) (G1 Evacuation Pause)
[2023-12-20T09:09:30.780-0800][56721225ms] GC(3981) Using 10 workers of 10 for evacuation
[2023-12-20T09:09:30.810-0800][56721255ms] GC(3981)   Pre Evacuate Collection Set: 0.0ms
[2023-12-20T09:09:30.810-0800][56721255ms] GC(3981)   Evacuate Collection Set: 27.9ms
[2023-12-20T09:09:30.810-0800][56721255ms] GC(3981)   Post Evacuate Collection Set: 2.3ms
[2023-12-20T09:09:30.810-0800][56721255ms] GC(3981)   Other: 0.4ms
[2023-12-20T09:09:30.810-0800][56721255ms] GC(3981) Eden regions: 753->0(753)
[2023-12-20T09:09:30.810-0800][56721255ms] GC(3981) Survivor regions: 30->30(98)
[2023-12-20T09:09:30.810-0800][56721255ms] GC(3981) Old regions: 193->193
[2023-12-20T09:09:30.810-0800][56721255ms] GC(3981) Humongous regions: 5->5
[2023-12-20T09:09:30.810-0800][56721255ms] GC(3981) Metaspace: 256603K->256603K(1294336K)
[2023-12-20T09:09:30.810-0800][56721255ms] GC(3981) Pause Young (Normal) (G1 Evacuation Pause) 1961M->455M(2612M) 30.696ms
[2023-12-20T09:09:30.810-0800][56721255ms] GC(3981) User=0.06s Sys=0.00s Real=0.03s
[2023-12-20T09:09:31.884-0800][56722329ms] GC(3982) Pause Young (Normal) (G1 Evacuation Pause)
[2023-12-20T09:09:31.884-0800][56722329ms] GC(3982) Using 10 workers of 10 for evacuation
[2023-12-20T09:09:31.916-0800][56722361ms] GC(3982)   Pre Evacuate Collection Set: 0.0ms
[2023-12-20T09:09:31.916-0800][56722361ms] GC(3982)   Evacuate Collection Set: 28.3ms
[2023-12-20T09:09:31.916-0800][56722361ms] GC(3982)   Post Evacuate Collection Set: 3.6ms
[2023-12-20T09:09:31.916-0800][56722361ms] GC(3982)   Other: 0.4ms
[2023-12-20T09:09:31.916-0800][56722361ms] GC(3982) Eden regions: 753->0(752)
[2023-12-20T09:09:31.916-0800][56722361ms] GC(3982) Survivor regions: 30->31(98)
[2023-12-20T09:09:31.916-0800][56722361ms] GC(3982) Old regions: 193->193
[2023-12-20T09:09:31.916-0800][56722361ms] GC(3982) Humongous regions: 5->5
[2023-12-20T09:09:31.916-0800][56722361ms] GC(3982) Metaspace: 256603K->256603K(1294336K)
[2023-12-20T09:09:31.916-0800][56722361ms] GC(3982) Pause Young (Normal) (G1 Evacuation Pause) 1961M->456M(2612M) 32.426ms
[2023-12-20T09:09:31.916-0800][56722361ms] GC(3982) User=0.09s Sys=0.00s Real=0.03s
[2023-12-20T09:09:32.863-0800][56723308ms] GC(3983) Pause Young (Normal) (G1 Evacuation Pause)
[2023-12-20T09:09:32.863-0800][56723308ms] GC(3983) Using 10 workers of 10 for evacuation
[2023-12-20T09:09:32.895-0800][56723340ms] GC(3983)   Pre Evacuate Collection Set: 0.0ms
[2023-12-20T09:09:32.895-0800][56723340ms] GC(3983)   Evacuate Collection Set: 28.5ms
[2023-12-20T09:09:32.895-0800][56723340ms] GC(3983)   Post Evacuate Collection Set: 2.3ms
[2023-12-20T09:09:32.895-0800][56723340ms] GC(3983)   Other: 0.4ms
[2023-12-20T09:09:32.895-0800][56723340ms] GC(3983) Eden regions: 752->0(753)
[2023-12-20T09:09:32.895-0800][56723340ms] GC(3983) Survivor regions: 31->30(98)
[2023-12-20T09:09:32.895-0800][56723340ms] GC(3983) Old regions: 193->193
[2023-12-20T09:09:32.895-0800][56723340ms] GC(3983) Humongous regions: 5->5
[2023-12-20T09:09:32.895-0800][56723340ms] GC(3983) Metaspace: 256603K->256603K(1294336K)
[2023-12-20T09:09:32.895-0800][56723340ms] GC(3983) Pause Young (Normal) (G1 Evacuation Pause) 1960M->454M(2612M) 31.448ms
[2023-12-20T09:09:32.895-0800][56723340ms] GC(3983) User=0.14s Sys=0.00s Real=0.03s
[2023-12-20T09:09:33.778-0800][56724223ms] GC(3984) Pause Young (Normal) (G1 Evacuation Pause)
[2023-12-20T09:09:33.778-0800][56724223ms] GC(3984) Using 10 workers of 10 for evacuation
[2023-12-20T09:09:33.808-0800][56724253ms] GC(3984)   Pre Evacuate Collection Set: 0.0ms
[2023-12-20T09:09:33.808-0800][56724253ms] GC(3984)   Evacuate Collection Set: 27.8ms
[2023-12-20T09:09:33.808-0800][56724253ms] GC(3984)   Post Evacuate Collection Set: 2.2ms
[2023-12-20T09:09:33.808-0800][56724253ms] GC(3984)   Other: 0.4ms
[2023-12-20T09:09:33.808-0800][56724253ms] GC(3984) Eden regions: 753->0(753)
[2023-12-20T09:09:33.808-0800][56724253ms] GC(3984) Survivor regions: 30->30(98)
[2023-12-20T09:09:33.808-0800][56724253ms] GC(3984) Old regions: 193->193
[2023-12-20T09:09:33.808-0800][56724253ms] GC(3984) Humongous regions: 5->5
[2023-12-20T09:09:33.808-0800][56724253ms] GC(3984) Metaspace: 256603K->256603K(1294336K)
[2023-12-20T09:09:33.808-0800][56724253ms] GC(3984) Pause Young (Normal) (G1 Evacuation Pause) 1960M->455M(2612M) 30.599ms
[2023-12-20T09:09:33.808-0800][56724253ms] GC(3984) User=0.09s Sys=0.00s Real=0.03s
[2023-12-20T09:09:34.536-0800][56724981ms] GC(3985) Pause Young (Normal) (G1 Evacuation Pause)
[2023-12-20T09:09:34.536-0800][56724981ms] GC(3985) Using 10 workers of 10 for evacuation
[2023-12-20T09:09:34.566-0800][56725011ms] GC(3985)   Pre Evacuate Collection Set: 0.1ms
[2023-12-20T09:09:34.566-0800][56725011ms] GC(3985)   Evacuate Collection Set: 26.9ms
[2023-12-20T09:09:34.566-0800][56725011ms] GC(3985)   Post Evacuate Collection Set: 2.5ms
[2023-12-20T09:09:34.566-0800][56725011ms] GC(3985)   Other: 0.5ms
[2023-12-20T09:09:34.566-0800][56725011ms] GC(3985) Eden regions: 753->0(753)
[2023-12-20T09:09:34.566-0800][56725011ms] GC(3985) Survivor regions: 30->30(98)
[2023-12-20T09:09:34.566-0800][56725011ms] GC(3985) Old regions: 193->193
[2023-12-20T09:09:34.566-0800][56725011ms] GC(3985) Humongous regions: 5->5
[2023-12-20T09:09:34.566-0800][56725011ms] GC(3985) Metaspace: 256603K->256603K(1294336K)
[2023-12-20T09:09:34.566-0800][56725011ms] GC(3985) Pause Young (Normal) (G1 Evacuation Pause) 1961M->455M(2612M) 30.036ms
[2023-12-20T09:09:34.566-0800][56725011ms] GC(3985) User=0.13s Sys=0.00s Real=0.03s
[2023-12-20T09:09:35.283-0800][56725728ms] GC(3986) Pause Young (Normal) (G1 Evacuation Pause)
[2023-12-20T09:09:35.283-0800][56725728ms] GC(3986) Using 10 workers of 10 for evacuation
[2023-12-20T09:09:35.314-0800][56725759ms] GC(3986)   Pre Evacuate Collection Set: 0.0ms
[2023-12-20T09:09:35.314-0800][56725759ms] GC(3986)   Evacuate Collection Set: 27.6ms
[2023-12-20T09:09:35.314-0800][56725759ms] GC(3986)   Post Evacuate Collection Set: 2.7ms
[2023-12-20T09:09:35.314-0800][56725759ms] GC(3986)   Other: 0.4ms
[2023-12-20T09:09:35.314-0800][56725759ms] GC(3986) Eden regions: 753->0(753)
[2023-12-20T09:09:35.314-0800][56725759ms] GC(3986) Survivor regions: 30->30(98)
[2023-12-20T09:09:35.314-0800][56725759ms] GC(3986) Old regions: 193->193
[2023-12-20T09:09:35.314-0800][56725759ms] GC(3986) Humongous regions: 5->5
[2023-12-20T09:09:35.314-0800][56725759ms] GC(3986) Metaspace: 256603K->256603K(1294336K)
[2023-12-20T09:09:35.314-0800][56725759ms] GC(3986) Pause Young (Normal) (G1 Evacuation Pause) 1961M->455M(2612M) 30.831ms
[2023-12-20T09:09:35.314-0800][56725759ms] GC(3986) User=0.11s Sys=0.00s Real=0.03s
[2023-12-20T09:09:35.939-0800][56726384ms] GC(3987) Pause Young (Normal) (G1 Evacuation Pause)
[2023-12-20T09:09:35.939-0800][56726384ms] GC(3987) Using 10 workers of 10 for evacuation
[2023-12-20T09:09:35.967-0800][56726412ms] GC(3987)   Pre Evacuate Collection Set: 0.0ms
[2023-12-20T09:09:35.968-0800][56726413ms] GC(3987)   Evacuate Collection Set: 26.0ms
[2023-12-20T09:09:35.968-0800][56726413ms] GC(3987)   Post Evacuate Collection Set: 2.6ms
[2023-12-20T09:09:35.968-0800][56726413ms] GC(3987)   Other: 0.4ms
[2023-12-20T09:09:35.968-0800][56726413ms] GC(3987) Eden regions: 753->0(753)
[2023-12-20T09:09:35.968-0800][56726413ms] GC(3987) Survivor regions: 30->30(98)
[2023-12-20T09:09:35.968-0800][56726413ms] GC(3987) Old regions: 193->193
[2023-12-20T09:09:35.968-0800][56726413ms] GC(3987) Humongous regions: 5->5
[2023-12-20T09:09:35.968-0800][56726413ms] GC(3987) Metaspace: 256603K->256603K(1294336K)
[2023-12-20T09:09:35.968-0800][56726413ms] GC(3987) Pause Young (Normal) (G1 Evacuation Pause) 1961M->455M(2612M) 29.135ms
[2023-12-20T09:09:35.968-0800][56726413ms] GC(3987) User=0.14s Sys=0.00s Real=0.03s
[2023-12-20T09:09:36.757-0800][56727202ms] GC(3988) Pause Young (Normal) (G1 Evacuation Pause)
[2023-12-20T09:09:36.757-0800][56727202ms] GC(3988) Using 10 workers of 10 for evacuation
[2023-12-20T09:09:36.787-0800][56727232ms] GC(3988)   Pre Evacuate Collection Set: 0.0ms
[2023-12-20T09:09:36.788-0800][56727233ms] GC(3988)   Evacuate Collection Set: 26.7ms
[2023-12-20T09:09:36.788-0800][56727233ms] GC(3988)   Post Evacuate Collection Set: 3.6ms
[2023-12-20T09:09:36.788-0800][56727233ms] GC(3988)   Other: 0.4ms
[2023-12-20T09:09:36.788-0800][56727233ms] GC(3988) Eden regions: 753->0(752)
[2023-12-20T09:09:36.788-0800][56727233ms] GC(3988) Survivor regions: 30->31(98)
[2023-12-20T09:09:36.788-0800][56727233ms] GC(3988) Old regions: 193->193
[2023-12-20T09:09:36.788-0800][56727233ms] GC(3988) Humongous regions: 5->5
[2023-12-20T09:09:36.788-0800][56727233ms] GC(3988) Metaspace: 256603K->256603K(1294336K)
[2023-12-20T09:09:36.788-0800][56727233ms] GC(3988) Pause Young (Normal) (G1 Evacuation Pause) 1961M->456M(2612M) 30.838ms
[2023-12-20T09:09:36.788-0800][56727233ms] GC(3988) User=0.13s Sys=0.00s Real=0.03s
[2023-12-20T09:09:37.621-0800][56728066ms] GC(3989) Pause Young (Normal) (G1 Evacuation Pause)
[2023-12-20T09:09:37.621-0800][56728066ms] GC(3989) Using 10 workers of 10 for evacuation
[2023-12-20T09:09:37.652-0800][56728097ms] GC(3989)   Pre Evacuate Collection Set: 0.3ms
[2023-12-20T09:09:37.652-0800][56728097ms] GC(3989)   Evacuate Collection Set: 27.1ms
[2023-12-20T09:09:37.652-0800][56728097ms] GC(3989)   Post Evacuate Collection Set: 2.5ms
[2023-12-20T09:09:37.652-0800][56728097ms] GC(3989)   Other: 0.5ms
[2023-12-20T09:09:37.652-0800][56728097ms] GC(3989) Eden regions: 752->0(753)
[2023-12-20T09:09:37.652-0800][56728097ms] GC(3989) Survivor regions: 31->30(98)
[2023-12-20T09:09:37.652-0800][56728097ms] GC(3989) Old regions: 193->193
[2023-12-20T09:09:37.652-0800][56728097ms] GC(3989) Humongous regions: 5->5
[2023-12-20T09:09:37.652-0800][56728097ms] GC(3989) Metaspace: 256603K->256603K(1294336K)
[2023-12-20T09:09:37.652-0800][56728097ms] GC(3989) Pause Young (Normal) (G1 Evacuation Pause) 1960M->455M(2612M) 30.451ms
[2023-12-20T09:09:37.652-0800][56728097ms] GC(3989) User=0.06s Sys=0.00s Real=0.03s
[2023-12-20T09:09:38.424-0800][56728869ms] GC(3990) Pause Young (Normal) (G1 Evacuation Pause)
[2023-12-20T09:09:38.424-0800][56728869ms] GC(3990) Using 10 workers of 10 for evacuation
[2023-12-20T09:09:38.453-0800][56728898ms] GC(3990)   Pre Evacuate Collection Set: 0.0ms
[2023-12-20T09:09:38.453-0800][56728898ms] GC(3990)   Evacuate Collection Set: 26.6ms
[2023-12-20T09:09:38.453-0800][56728898ms] GC(3990)   Post Evacuate Collection Set: 2.9ms
[2023-12-20T09:09:38.453-0800][56728898ms] GC(3990)   Other: 0.4ms
[2023-12-20T09:09:38.453-0800][56728898ms] GC(3990) Eden regions: 753->0(753)
[2023-12-20T09:09:38.453-0800][56728898ms] GC(3990) Survivor regions: 30->30(98)
[2023-12-20T09:09:38.453-0800][56728898ms] GC(3990) Old regions: 193->193
[2023-12-20T09:09:38.453-0800][56728898ms] GC(3990) Humongous regions: 5->5
[2023-12-20T09:09:38.453-0800][56728898ms] GC(3990) Metaspace: 256603K->256603K(1294336K)
[2023-12-20T09:09:38.453-0800][56728898ms] GC(3990) Pause Young (Normal) (G1 Evacuation Pause) 1961M->454M(2612M) 30.016ms
[2023-12-20T09:09:38.453-0800][56728898ms] GC(3990) User=0.14s Sys=0.00s Real=0.03s
[2023-12-20T09:09:39.217-0800][56729662ms] GC(3991) Pause Young (Normal) (G1 Evacuation Pause)
[2023-12-20T09:09:39.217-0800][56729662ms] GC(3991) Using 10 workers of 10 for evacuation
[2023-12-20T09:09:39.247-0800][56729692ms] GC(3991)   Pre Evacuate Collection Set: 0.0ms
[2023-12-20T09:09:39.247-0800][56729692ms] GC(3991)   Evacuate Collection Set: 26.8ms
[2023-12-20T09:09:39.247-0800][56729692ms] GC(3991)   Post Evacuate Collection Set: 2.5ms
[2023-12-20T09:09:39.247-0800][56729692ms] GC(3991)   Other: 0.4ms
[2023-12-20T09:09:39.247-0800][56729692ms] GC(3991) Eden regions: 753->0(752)
[2023-12-20T09:09:39.247-0800][56729692ms] GC(3991) Survivor regions: 30->31(98)
[2023-12-20T09:09:39.247-0800][56729692ms] GC(3991) Old regions: 193->193
[2023-12-20T09:09:39.247-0800][56729692ms] GC(3991) Humongous regions: 5->5
[2023-12-20T09:09:39.247-0800][56729692ms] GC(3991) Metaspace: 256603K->256603K(1294336K)
[2023-12-20T09:09:39.247-0800][56729692ms] GC(3991) Pause Young (Normal) (G1 Evacuation Pause) 1960M->456M(2612M) 29.887ms
[2023-12-20T09:09:39.247-0800][56729692ms] GC(3991) User=0.06s Sys=0.02s Real=0.03s
[2023-12-20T09:09:40.050-0800][56730495ms] GC(3992) Pause Young (Normal) (G1 Evacuation Pause)
[2023-12-20T09:09:40.050-0800][56730495ms] GC(3992) Using 10 workers of 10 for evacuation
[2023-12-20T09:09:40.080-0800][56730525ms] GC(3992)   Pre Evacuate Collection Set: 0.0ms
[2023-12-20T09:09:40.080-0800][56730525ms] GC(3992)   Evacuate Collection Set: 26.9ms
[2023-12-20T09:09:40.080-0800][56730525ms] GC(3992)   Post Evacuate Collection Set: 2.5ms
[2023-12-20T09:09:40.080-0800][56730525ms] GC(3992)   Other: 0.4ms
[2023-12-20T09:09:40.080-0800][56730525ms] GC(3992) Eden regions: 752->0(753)
[2023-12-20T09:09:40.080-0800][56730525ms] GC(3992) Survivor regions: 31->30(98)
[2023-12-20T09:09:40.080-0800][56730525ms] GC(3992) Old regions: 193->193
[2023-12-20T09:09:40.080-0800][56730525ms] GC(3992) Humongous regions: 5->5
[2023-12-20T09:09:40.080-0800][56730525ms] GC(3992) Metaspace: 256603K->256603K(1294336K)
[2023-12-20T09:09:40.080-0800][56730525ms] GC(3992) Pause Young (Normal) (G1 Evacuation Pause) 1960M->455M(2612M) 30.019ms
[2023-12-20T09:09:40.080-0800][56730525ms] GC(3992) User=0.05s Sys=0.00s Real=0.03s
[2023-12-20T09:09:40.953-0800][56731398ms] GC(3993) Pause Young (Normal) (G1 Evacuation Pause)
[2023-12-20T09:09:40.953-0800][56731398ms] GC(3993) Using 10 workers of 10 for evacuation
[2023-12-20T09:09:40.983-0800][56731428ms] GC(3993)   Pre Evacuate Collection Set: 0.1ms
[2023-12-20T09:09:40.983-0800][56731428ms] GC(3993)   Evacuate Collection Set: 28.1ms
[2023-12-20T09:09:40.983-0800][56731428ms] GC(3993)   Post Evacuate Collection Set: 2.4ms
[2023-12-20T09:09:40.983-0800][56731428ms] GC(3993)   Other: 0.4ms
[2023-12-20T09:09:40.983-0800][56731428ms] GC(3993) Eden regions: 753->0(752)
[2023-12-20T09:09:40.983-0800][56731428ms] GC(3993) Survivor regions: 30->31(98)
[2023-12-20T09:09:40.983-0800][56731428ms] GC(3993) Old regions: 193->193
[2023-12-20T09:09:40.983-0800][56731428ms] GC(3993) Humongous regions: 5->5
[2023-12-20T09:09:40.983-0800][56731428ms] GC(3993) Metaspace: 256603K->256603K(1294336K)
[2023-12-20T09:09:40.983-0800][56731428ms] GC(3993) Pause Young (Normal) (G1 Evacuation Pause) 1961M->456M(2612M) 31.082ms
[2023-12-20T09:09:40.984-0800][56731429ms] GC(3993) User=0.13s Sys=0.00s Real=0.03s
[2023-12-20T09:09:41.848-0800][56732293ms] GC(3994) Pause Young (Normal) (G1 Evacuation Pause)
[2023-12-20T09:09:41.848-0800][56732293ms] GC(3994) Using 10 workers of 10 for evacuation
[2023-12-20T09:09:41.879-0800][56732324ms] GC(3994)   Pre Evacuate Collection Set: 0.0ms
[2023-12-20T09:09:41.879-0800][56732324ms] GC(3994)   Evacuate Collection Set: 28.4ms
[2023-12-20T09:09:41.879-0800][56732324ms] GC(3994)   Post Evacuate Collection Set: 2.7ms
[2023-12-20T09:09:41.879-0800][56732324ms] GC(3994)   Other: 0.4ms
[2023-12-20T09:09:41.879-0800][56732324ms] GC(3994) Eden regions: 752->0(753)
[2023-12-20T09:09:41.879-0800][56732324ms] GC(3994) Survivor regions: 31->30(98)
[2023-12-20T09:09:41.879-0800][56732324ms] GC(3994) Old regions: 193->194
[2023-12-20T09:09:41.879-0800][56732324ms] GC(3994) Humongous regions: 5->5
[2023-12-20T09:09:41.879-0800][56732324ms] GC(3994) Metaspace: 256603K->256603K(1294336K)
[2023-12-20T09:09:41.879-0800][56732324ms] GC(3994) Pause Young (Normal) (G1 Evacuation Pause) 1960M->455M(2612M) 31.657ms
[2023-12-20T09:09:41.879-0800][56732324ms] GC(3994) User=0.13s Sys=0.00s Real=0.03s
[2023-12-20T09:09:42.642-0800][56733087ms] GC(3995) Pause Young (Normal) (G1 Evacuation Pause)
[2023-12-20T09:09:42.642-0800][56733087ms] GC(3995) Using 10 workers of 10 for evacuation
[2023-12-20T09:09:42.671-0800][56733116ms] GC(3995)   Pre Evacuate Collection Set: 0.0ms
[2023-12-20T09:09:42.671-0800][56733116ms] GC(3995)   Evacuate Collection Set: 26.3ms
[2023-12-20T09:09:42.671-0800][56733116ms] GC(3995)   Post Evacuate Collection Set: 2.4ms
[2023-12-20T09:09:42.671-0800][56733116ms] GC(3995)   Other: 0.4ms
[2023-12-20T09:09:42.671-0800][56733116ms] GC(3995) Eden regions: 753->0(753)
[2023-12-20T09:09:42.671-0800][56733116ms] GC(3995) Survivor regions: 30->30(98)
[2023-12-20T09:09:42.671-0800][56733116ms] GC(3995) Old regions: 194->194
[2023-12-20T09:09:42.671-0800][56733116ms] GC(3995) Humongous regions: 5->5
[2023-12-20T09:09:42.671-0800][56733116ms] GC(3995) Metaspace: 256603K->256603K(1294336K)
[2023-12-20T09:09:42.671-0800][56733116ms] GC(3995) Pause Young (Normal) (G1 Evacuation Pause) 1961M->455M(2612M) 29.382ms
[2023-12-20T09:09:42.671-0800][56733116ms] GC(3995) User=0.09s Sys=0.00s Real=0.03s
[2023-12-20T09:09:43.475-0800][56733920ms] GC(3996) Pause Young (Normal) (GCLocker Initiated GC)
[2023-12-20T09:09:43.475-0800][56733920ms] GC(3996) Using 10 workers of 10 for evacuation
[2023-12-20T09:09:43.504-0800][56733949ms] GC(3996)   Pre Evacuate Collection Set: 0.0ms
[2023-12-20T09:09:43.504-0800][56733949ms] GC(3996)   Evacuate Collection Set: 26.4ms
[2023-12-20T09:09:43.504-0800][56733949ms] GC(3996)   Post Evacuate Collection Set: 2.7ms
[2023-12-20T09:09:43.504-0800][56733949ms] GC(3996)   Other: 0.5ms
[2023-12-20T09:09:43.504-0800][56733949ms] GC(3996) Eden regions: 754->0(753)
[2023-12-20T09:09:43.504-0800][56733949ms] GC(3996) Survivor regions: 30->30(98)
[2023-12-20T09:09:43.504-0800][56733949ms] GC(3996) Old regions: 194->194
[2023-12-20T09:09:43.504-0800][56733949ms] GC(3996) Humongous regions: 5->5
[2023-12-20T09:09:43.504-0800][56733949ms] GC(3996) Metaspace: 256603K->256603K(1294336K)
[2023-12-20T09:09:43.504-0800][56733949ms] GC(3996) Pause Young (Normal) (GCLocker Initiated GC) 1962M->455M(2612M) 29.771ms
[2023-12-20T09:09:43.504-0800][56733949ms] GC(3996) User=0.05s Sys=0.00s Real=0.03s
[2023-12-20T09:09:44.283-0800][56734728ms] GC(3997) Pause Young (Normal) (GCLocker Initiated GC)
[2023-12-20T09:09:44.283-0800][56734728ms] GC(3997) Using 10 workers of 10 for evacuation
[2023-12-20T09:09:44.313-0800][56734758ms] GC(3997)   Pre Evacuate Collection Set: 0.1ms
[2023-12-20T09:09:44.313-0800][56734758ms] GC(3997)   Evacuate Collection Set: 26.8ms
[2023-12-20T09:09:44.313-0800][56734758ms] GC(3997)   Post Evacuate Collection Set: 2.9ms
[2023-12-20T09:09:44.313-0800][56734758ms] GC(3997)   Other: 0.4ms
[2023-12-20T09:09:44.313-0800][56734758ms] GC(3997) Eden regions: 753->0(752)
[2023-12-20T09:09:44.313-0800][56734758ms] GC(3997) Survivor regions: 30->31(98)
[2023-12-20T09:09:44.313-0800][56734758ms] GC(3997) Old regions: 194->194
[2023-12-20T09:09:44.313-0800][56734758ms] GC(3997) Humongous regions: 5->5
[2023-12-20T09:09:44.313-0800][56734758ms] GC(3997) Metaspace: 256603K->256603K(1294336K)
[2023-12-20T09:09:44.313-0800][56734758ms] GC(3997) Pause Young (Normal) (GCLocker Initiated GC) 1961M->457M(2612M) 30.376ms
[2023-12-20T09:09:44.313-0800][56734758ms] GC(3997) User=0.05s Sys=0.00s Real=0.03s
[2023-12-20T09:09:45.009-0800][56735454ms] GC(3998) Pause Young (Normal) (GCLocker Initiated GC)
[2023-12-20T09:09:45.009-0800][56735454ms] GC(3998) Using 10 workers of 10 for evacuation
[2023-12-20T09:09:45.040-0800][56735485ms] GC(3998)   Pre Evacuate Collection Set: 0.0ms
[2023-12-20T09:09:45.040-0800][56735485ms] GC(3998)   Evacuate Collection Set: 27.8ms
[2023-12-20T09:09:45.040-0800][56735485ms] GC(3998)   Post Evacuate Collection Set: 3.0ms
[2023-12-20T09:09:45.040-0800][56735485ms] GC(3998)   Other: 0.4ms
[2023-12-20T09:09:45.040-0800][56735485ms] GC(3998) Eden regions: 752->0(754)
[2023-12-20T09:09:45.040-0800][56735485ms] GC(3998) Survivor regions: 31->29(98)
[2023-12-20T09:09:45.040-0800][56735485ms] GC(3998) Old regions: 194->194
[2023-12-20T09:09:45.040-0800][56735485ms] GC(3998) Humongous regions: 5->5
[2023-12-20T09:09:45.040-0800][56735485ms] GC(3998) Metaspace: 256603K->256603K(1294336K)
[2023-12-20T09:09:45.040-0800][56735485ms] GC(3998) Pause Young (Normal) (GCLocker Initiated GC) 1961M->454M(2612M) 31.299ms
[2023-12-20T09:09:45.040-0800][56735485ms] GC(3998) User=0.11s Sys=0.00s Real=0.03s
[2023-12-20T09:09:45.694-0800][56736139ms] GC(3999) Pause Young (Normal) (GCLocker Initiated GC)
[2023-12-20T09:09:45.694-0800][56736139ms] GC(3999) Using 10 workers of 10 for evacuation
[2023-12-20T09:09:45.727-0800][56736172ms] GC(3999)   Pre Evacuate Collection Set: 0.1ms
[2023-12-20T09:09:45.727-0800][56736172ms] GC(3999)   Evacuate Collection Set: 28.4ms
[2023-12-20T09:09:45.727-0800][56736172ms] GC(3999)   Post Evacuate Collection Set: 4.3ms
[2023-12-20T09:09:45.727-0800][56736172ms] GC(3999)   Other: 0.5ms
[2023-12-20T09:09:45.727-0800][56736172ms] GC(3999) Eden regions: 755->0(753)
[2023-12-20T09:09:45.727-0800][56736172ms] GC(3999) Survivor regions: 29->30(98)
[2023-12-20T09:09:45.727-0800][56736172ms] GC(3999) Old regions: 194->194
[2023-12-20T09:09:45.727-0800][56736172ms] GC(3999) Humongous regions: 5->5
[2023-12-20T09:09:45.727-0800][56736172ms] GC(3999) Metaspace: 256603K->256603K(1294336K)
[2023-12-20T09:09:45.727-0800][56736172ms] GC(3999) Pause Young (Normal) (GCLocker Initiated GC) 1963M->455M(2612M) 33.432ms
[2023-12-20T09:09:45.727-0800][56736172ms] GC(3999) User=0.09s Sys=0.00s Real=0.03s
[2023-12-20T09:09:46.522-0800][56736968ms] GC(4000) Pause Young (Normal) (G1 Evacuation Pause)
[2023-12-20T09:09:46.523-0800][56736968ms] GC(4000) Using 10 workers of 10 for evacuation
[2023-12-20T09:09:46.553-0800][56736998ms] GC(4000)   Pre Evacuate Collection Set: 0.1ms
[2023-12-20T09:09:46.554-0800][56736999ms] GC(4000)   Evacuate Collection Set: 28.2ms
[2023-12-20T09:09:46.554-0800][56736999ms] GC(4000)   Post Evacuate Collection Set: 2.5ms
[2023-12-20T09:09:46.554-0800][56736999ms] GC(4000)   Other: 0.4ms
[2023-12-20T09:09:46.554-0800][56736999ms] GC(4000) Eden regions: 753->0(753)
[2023-12-20T09:09:46.554-0800][56736999ms] GC(4000) Survivor regions: 30->30(98)
[2023-12-20T09:09:46.554-0800][56736999ms] GC(4000) Old regions: 194->194
[2023-12-20T09:09:46.554-0800][56736999ms] GC(4000) Humongous regions: 5->5
[2023-12-20T09:09:46.554-0800][56736999ms] GC(4000) Metaspace: 256603K->256603K(1294336K)
[2023-12-20T09:09:46.554-0800][56736999ms] GC(4000) Pause Young (Normal) (G1 Evacuation Pause) 1961M->456M(2612M) 31.256ms
[2023-12-20T09:09:46.554-0800][56736999ms] GC(4000) User=0.08s Sys=0.00s Real=0.03s
[2023-12-20T09:09:47.398-0800][56737843ms] GC(4001) Pause Young (Normal) (G1 Evacuation Pause)
[2023-12-20T09:09:47.398-0800][56737843ms] GC(4001) Using 10 workers of 10 for evacuation
[2023-12-20T09:09:47.429-0800][56737874ms] GC(4001)   Pre Evacuate Collection Set: 0.0ms
[2023-12-20T09:09:47.429-0800][56737874ms] GC(4001)   Evacuate Collection Set: 27.6ms
[2023-12-20T09:09:47.429-0800][56737874ms] GC(4001)   Post Evacuate Collection Set: 2.8ms
[2023-12-20T09:09:47.429-0800][56737874ms] GC(4001)   Other: 0.4ms
[2023-12-20T09:09:47.429-0800][56737874ms] GC(4001) Eden regions: 753->0(753)
[2023-12-20T09:09:47.429-0800][56737874ms] GC(4001) Survivor regions: 30->30(98)
[2023-12-20T09:09:47.429-0800][56737874ms] GC(4001) Old regions: 194->194
[2023-12-20T09:09:47.429-0800][56737874ms] GC(4001) Humongous regions: 5->5
[2023-12-20T09:09:47.429-0800][56737874ms] GC(4001) Metaspace: 256603K->256603K(1294336K)
[2023-12-20T09:09:47.429-0800][56737874ms] GC(4001) Pause Young (Normal) (G1 Evacuation Pause) 1962M->456M(2612M) 30.875ms
[2023-12-20T09:09:47.429-0800][56737874ms] GC(4001) User=0.09s Sys=0.00s Real=0.03s
[2023-12-20T09:09:48.104-0800][56738549ms] GC(4002) Pause Young (Normal) (GCLocker Initiated GC)
[2023-12-20T09:09:48.104-0800][56738549ms] GC(4002) Using 10 workers of 10 for evacuation
[2023-12-20T09:09:48.133-0800][56738578ms] GC(4002)   Pre Evacuate Collection Set: 0.0ms
[2023-12-20T09:09:48.133-0800][56738578ms] GC(4002)   Evacuate Collection Set: 26.9ms
[2023-12-20T09:09:48.133-0800][56738578ms] GC(4002)   Post Evacuate Collection Set: 2.4ms
[2023-12-20T09:09:48.133-0800][56738578ms] GC(4002)   Other: 0.4ms
[2023-12-20T09:09:48.133-0800][56738578ms] GC(4002) Eden regions: 754->0(753)
[2023-12-20T09:09:48.133-0800][56738578ms] GC(4002) Survivor regions: 30->30(98)
[2023-12-20T09:09:48.133-0800][56738578ms] GC(4002) Old regions: 194->194
[2023-12-20T09:09:48.133-0800][56738578ms] GC(4002) Humongous regions: 5->5
[2023-12-20T09:09:48.133-0800][56738578ms] GC(4002) Metaspace: 256603K->256603K(1294336K)
[2023-12-20T09:09:48.133-0800][56738578ms] GC(4002) Pause Young (Normal) (GCLocker Initiated GC) 1964M->455M(2612M) 29.903ms
[2023-12-20T09:09:48.133-0800][56738578ms] GC(4002) User=0.06s Sys=0.00s Real=0.03s
[2023-12-20T09:09:48.748-0800][56739193ms] GC(4003) Pause Young (Normal) (GCLocker Initiated GC)
[2023-12-20T09:09:48.749-0800][56739194ms] GC(4003) Using 10 workers of 10 for evacuation
[2023-12-20T09:09:48.778-0800][56739223ms] GC(4003)   Pre Evacuate Collection Set: 0.0ms
[2023-12-20T09:09:48.778-0800][56739223ms] GC(4003)   Evacuate Collection Set: 26.3ms
[2023-12-20T09:09:48.778-0800][56739223ms] GC(4003)   Post Evacuate Collection Set: 2.9ms
[2023-12-20T09:09:48.778-0800][56739223ms] GC(4003)   Other: 0.4ms
[2023-12-20T09:09:48.778-0800][56739223ms] GC(4003) Eden regions: 753->0(753)
[2023-12-20T09:09:48.778-0800][56739223ms] GC(4003) Survivor regions: 30->30(98)
[2023-12-20T09:09:48.778-0800][56739223ms] GC(4003) Old regions: 194->194
[2023-12-20T09:09:48.778-0800][56739223ms] GC(4003) Humongous regions: 5->5
[2023-12-20T09:09:48.778-0800][56739223ms] GC(4003) Metaspace: 256603K->256603K(1294336K)
[2023-12-20T09:09:48.778-0800][56739223ms] GC(4003) Pause Young (Normal) (GCLocker Initiated GC) 1961M->455M(2612M) 29.782ms
[2023-12-20T09:09:48.778-0800][56739223ms] GC(4003) User=0.13s Sys=0.00s Real=0.03s
[2023-12-20T09:09:49.766-0800][56740211ms] GC(4004) Pause Young (Normal) (G1 Evacuation Pause)
[2023-12-20T09:09:49.766-0800][56740211ms] GC(4004) Using 10 workers of 10 for evacuation
[2023-12-20T09:09:49.797-0800][56740242ms] GC(4004)   Pre Evacuate Collection Set: 0.0ms
[2023-12-20T09:09:49.797-0800][56740242ms] GC(4004)   Evacuate Collection Set: 28.7ms
[2023-12-20T09:09:49.797-0800][56740242ms] GC(4004)   Post Evacuate Collection Set: 2.5ms
[2023-12-20T09:09:49.797-0800][56740242ms] GC(4004)   Other: 0.4ms
[2023-12-20T09:09:49.797-0800][56740242ms] GC(4004) Eden regions: 753->0(754)
[2023-12-20T09:09:49.797-0800][56740242ms] GC(4004) Survivor regions: 30->29(98)
[2023-12-20T09:09:49.797-0800][56740242ms] GC(4004) Old regions: 194->194
[2023-12-20T09:09:49.797-0800][56740242ms] GC(4004) Humongous regions: 5->5
[2023-12-20T09:09:49.797-0800][56740242ms] GC(4004) Metaspace: 256603K->256603K(1294336K)
[2023-12-20T09:09:49.797-0800][56740242ms] GC(4004) Pause Young (Normal) (G1 Evacuation Pause) 1961M->454M(2612M) 31.829ms
[2023-12-20T09:09:49.797-0800][56740242ms] GC(4004) User=0.14s Sys=0.00s Real=0.03s
[2023-12-20T09:09:50.688-0800][56741133ms] GC(4005) Pause Young (Normal) (G1 Evacuation Pause)
[2023-12-20T09:09:50.688-0800][56741133ms] GC(4005) Using 10 workers of 10 for evacuation
[2023-12-20T09:09:50.719-0800][56741164ms] GC(4005)   Pre Evacuate Collection Set: 0.0ms
[2023-12-20T09:09:50.719-0800][56741164ms] GC(4005)   Evacuate Collection Set: 28.2ms
[2023-12-20T09:09:50.719-0800][56741164ms] GC(4005)   Post Evacuate Collection Set: 2.3ms
[2023-12-20T09:09:50.719-0800][56741164ms] GC(4005)   Other: 0.3ms
[2023-12-20T09:09:50.719-0800][56741164ms] GC(4005) Eden regions: 754->0(753)
[2023-12-20T09:09:50.719-0800][56741164ms] GC(4005) Survivor regions: 29->30(98)
[2023-12-20T09:09:50.719-0800][56741164ms] GC(4005) Old regions: 194->194
[2023-12-20T09:09:50.719-0800][56741164ms] GC(4005) Humongous regions: 5->5
[2023-12-20T09:09:50.719-0800][56741164ms] GC(4005) Metaspace: 256603K->256603K(1294336K)
[2023-12-20T09:09:50.719-0800][56741164ms] GC(4005) Pause Young (Normal) (G1 Evacuation Pause) 1962M->456M(2612M) 31.037ms
[2023-12-20T09:09:50.719-0800][56741164ms] GC(4005) User=0.14s Sys=0.00s Real=0.03s
[2023-12-20T09:09:51.488-0800][56741933ms] GC(4006) Pause Young (Normal) (G1 Evacuation Pause)
[2023-12-20T09:09:51.488-0800][56741933ms] GC(4006) Using 10 workers of 10 for evacuation
[2023-12-20T09:09:51.517-0800][56741962ms] GC(4006)   Pre Evacuate Collection Set: 0.0ms
[2023-12-20T09:09:51.517-0800][56741962ms] GC(4006)   Evacuate Collection Set: 27.0ms
[2023-12-20T09:09:51.517-0800][56741962ms] GC(4006)   Post Evacuate Collection Set: 2.4ms
[2023-12-20T09:09:51.517-0800][56741962ms] GC(4006)   Other: 0.4ms
[2023-12-20T09:09:51.517-0800][56741962ms] GC(4006) Eden regions: 753->0(753)
[2023-12-20T09:09:51.517-0800][56741962ms] GC(4006) Survivor regions: 30->30(98)
[2023-12-20T09:09:51.517-0800][56741962ms] GC(4006) Old regions: 194->194
[2023-12-20T09:09:51.517-0800][56741962ms] GC(4006) Humongous regions: 5->5
[2023-12-20T09:09:51.517-0800][56741962ms] GC(4006) Metaspace: 256603K->256603K(1294336K)
[2023-12-20T09:09:51.517-0800][56741962ms] GC(4006) Pause Young (Normal) (G1 Evacuation Pause) 1962M->456M(2612M) 29.915ms
[2023-12-20T09:09:51.517-0800][56741962ms] GC(4006) User=0.16s Sys=0.00s Real=0.03s
[2023-12-20T09:09:52.308-0800][56742753ms] GC(4007) Pause Young (Normal) (G1 Evacuation Pause)
[2023-12-20T09:09:52.308-0800][56742753ms] GC(4007) Using 10 workers of 10 for evacuation
[2023-12-20T09:09:52.339-0800][56742784ms] GC(4007)   Pre Evacuate Collection Set: 0.1ms
[2023-12-20T09:09:52.339-0800][56742784ms] GC(4007)   Evacuate Collection Set: 28.9ms
[2023-12-20T09:09:52.339-0800][56742784ms] GC(4007)   Post Evacuate Collection Set: 2.6ms
[2023-12-20T09:09:52.339-0800][56742784ms] GC(4007)   Other: 0.5ms
[2023-12-20T09:09:52.339-0800][56742784ms] GC(4007) Eden regions: 753->0(753)
[2023-12-20T09:09:52.339-0800][56742784ms] GC(4007) Survivor regions: 30->30(98)
[2023-12-20T09:09:52.339-0800][56742784ms] GC(4007) Old regions: 194->194
[2023-12-20T09:09:52.339-0800][56742784ms] GC(4007) Humongous regions: 5->5
[2023-12-20T09:09:52.339-0800][56742784ms] GC(4007) Metaspace: 256603K->256603K(1294336K)
[2023-12-20T09:09:52.340-0800][56742785ms] GC(4007) Pause Young (Normal) (G1 Evacuation Pause) 1962M->456M(2612M) 32.208ms
[2023-12-20T09:09:52.340-0800][56742785ms] GC(4007) User=0.13s Sys=0.00s Real=0.03s
[2023-12-20T09:09:53.138-0800][56743583ms] GC(4008) Pause Young (Normal) (G1 Evacuation Pause)
[2023-12-20T09:09:53.138-0800][56743583ms] GC(4008) Using 10 workers of 10 for evacuation
[2023-12-20T09:09:53.169-0800][56743614ms] GC(4008)   Pre Evacuate Collection Set: 0.0ms
[2023-12-20T09:09:53.169-0800][56743614ms] GC(4008)   Evacuate Collection Set: 27.9ms
[2023-12-20T09:09:53.169-0800][56743614ms] GC(4008)   Post Evacuate Collection Set: 2.7ms
[2023-12-20T09:09:53.169-0800][56743614ms] GC(4008)   Other: 0.4ms
[2023-12-20T09:09:53.169-0800][56743614ms] GC(4008) Eden regions: 753->0(753)
[2023-12-20T09:09:53.169-0800][56743614ms] GC(4008) Survivor regions: 30->30(98)
[2023-12-20T09:09:53.169-0800][56743614ms] GC(4008) Old regions: 194->194
[2023-12-20T09:09:53.169-0800][56743614ms] GC(4008) Humongous regions: 5->5
[2023-12-20T09:09:53.169-0800][56743614ms] GC(4008) Metaspace: 256603K->256603K(1294336K)
[2023-12-20T09:09:53.169-0800][56743614ms] GC(4008) Pause Young (Normal) (G1 Evacuation Pause) 1962M->455M(2612M) 31.276ms
[2023-12-20T09:09:53.169-0800][56743614ms] GC(4008) User=0.11s Sys=0.00s Real=0.03s
[2023-12-20T09:09:54.104-0800][56744549ms] GC(4009) Pause Young (Normal) (G1 Evacuation Pause)
[2023-12-20T09:09:54.104-0800][56744549ms] GC(4009) Using 10 workers of 10 for evacuation
[2023-12-20T09:09:54.134-0800][56744579ms] GC(4009)   Pre Evacuate Collection Set: 0.0ms
[2023-12-20T09:09:54.134-0800][56744579ms] GC(4009)   Evacuate Collection Set: 27.7ms
[2023-12-20T09:09:54.134-0800][56744579ms] GC(4009)   Post Evacuate Collection Set: 2.5ms
[2023-12-20T09:09:54.134-0800][56744579ms] GC(4009)   Other: 0.4ms
[2023-12-20T09:09:54.134-0800][56744579ms] GC(4009) Eden regions: 753->0(752)
[2023-12-20T09:09:54.134-0800][56744579ms] GC(4009) Survivor regions: 30->31(98)
[2023-12-20T09:09:54.134-0800][56744579ms] GC(4009) Old regions: 194->194
[2023-12-20T09:09:54.134-0800][56744579ms] GC(4009) Humongous regions: 5->5
[2023-12-20T09:09:54.134-0800][56744579ms] GC(4009) Metaspace: 256603K->256603K(1294336K)
[2023-12-20T09:09:54.134-0800][56744579ms] GC(4009) Pause Young (Normal) (G1 Evacuation Pause) 1961M->457M(2612M) 30.733ms
[2023-12-20T09:09:54.134-0800][56744579ms] GC(4009) User=0.06s Sys=0.00s Real=0.03s
[2023-12-20T09:09:55.087-0800][56745532ms] GC(4010) Pause Young (Normal) (G1 Evacuation Pause)
[2023-12-20T09:09:55.087-0800][56745532ms] GC(4010) Using 10 workers of 10 for evacuation
[2023-12-20T09:09:55.119-0800][56745564ms] GC(4010)   Pre Evacuate Collection Set: 0.0ms
[2023-12-20T09:09:55.119-0800][56745564ms] GC(4010)   Evacuate Collection Set: 28.4ms
[2023-12-20T09:09:55.119-0800][56745564ms] GC(4010)   Post Evacuate Collection Set: 2.5ms
[2023-12-20T09:09:55.119-0800][56745564ms] GC(4010)   Other: 0.4ms
[2023-12-20T09:09:55.119-0800][56745564ms] GC(4010) Eden regions: 752->0(753)
[2023-12-20T09:09:55.119-0800][56745564ms] GC(4010) Survivor regions: 31->30(98)
[2023-12-20T09:09:55.119-0800][56745564ms] GC(4010) Old regions: 194->194
[2023-12-20T09:09:55.119-0800][56745564ms] GC(4010) Humongous regions: 5->5
[2023-12-20T09:09:55.119-0800][56745564ms] GC(4010) Metaspace: 256603K->256603K(1294336K)
[2023-12-20T09:09:55.119-0800][56745564ms] GC(4010) Pause Young (Normal) (G1 Evacuation Pause) 1961M->456M(2612M) 31.404ms
[2023-12-20T09:09:55.119-0800][56745564ms] GC(4010) User=0.06s Sys=0.00s Real=0.03s
[2023-12-20T09:09:55.927-0800][56746372ms] GC(4011) Pause Young (Normal) (G1 Evacuation Pause)
[2023-12-20T09:09:55.927-0800][56746372ms] GC(4011) Using 10 workers of 10 for evacuation
[2023-12-20T09:09:55.958-0800][56746403ms] GC(4011)   Pre Evacuate Collection Set: 0.1ms
[2023-12-20T09:09:55.958-0800][56746403ms] GC(4011)   Evacuate Collection Set: 27.3ms
[2023-12-20T09:09:55.958-0800][56746403ms] GC(4011)   Post Evacuate Collection Set: 2.8ms
[2023-12-20T09:09:55.958-0800][56746403ms] GC(4011)   Other: 0.5ms
[2023-12-20T09:09:55.958-0800][56746403ms] GC(4011) Eden regions: 753->0(753)
[2023-12-20T09:09:55.958-0800][56746403ms] GC(4011) Survivor regions: 30->30(98)
[2023-12-20T09:09:55.958-0800][56746403ms] GC(4011) Old regions: 194->194
[2023-12-20T09:09:55.958-0800][56746403ms] GC(4011) Humongous regions: 5->5
[2023-12-20T09:09:55.958-0800][56746403ms] GC(4011) Metaspace: 256603K->256603K(1294336K)
[2023-12-20T09:09:55.958-0800][56746403ms] GC(4011) Pause Young (Normal) (G1 Evacuation Pause) 1962M->456M(2612M) 30.712ms
[2023-12-20T09:09:55.958-0800][56746403ms] GC(4011) User=0.11s Sys=0.00s Real=0.03s
[2023-12-20T09:09:56.767-0800][56747212ms] GC(4012) Pause Young (Normal) (G1 Evacuation Pause)
[2023-12-20T09:09:56.767-0800][56747212ms] GC(4012) Using 10 workers of 10 for evacuation
[2023-12-20T09:09:56.797-0800][56747242ms] GC(4012)   Pre Evacuate Collection Set: 0.1ms
[2023-12-20T09:09:56.797-0800][56747242ms] GC(4012)   Evacuate Collection Set: 27.3ms
[2023-12-20T09:09:56.797-0800][56747242ms] GC(4012)   Post Evacuate Collection Set: 3.0ms
[2023-12-20T09:09:56.798-0800][56747243ms] GC(4012)   Other: 0.4ms
[2023-12-20T09:09:56.798-0800][56747243ms] GC(4012) Eden regions: 753->0(753)
[2023-12-20T09:09:56.798-0800][56747243ms] GC(4012) Survivor regions: 30->30(98)
[2023-12-20T09:09:56.798-0800][56747243ms] GC(4012) Old regions: 194->194
[2023-12-20T09:09:56.798-0800][56747243ms] GC(4012) Humongous regions: 5->5
[2023-12-20T09:09:56.798-0800][56747243ms] GC(4012) Metaspace: 256603K->256603K(1294336K)
[2023-12-20T09:09:56.798-0800][56747243ms] GC(4012) Pause Young (Normal) (G1 Evacuation Pause) 1962M->455M(2612M) 31.029ms
[2023-12-20T09:09:56.798-0800][56747243ms] GC(4012) User=0.16s Sys=0.00s Real=0.03s
[2023-12-20T09:09:57.659-0800][56748104ms] GC(4013) Pause Young (Normal) (G1 Evacuation Pause)
[2023-12-20T09:09:57.659-0800][56748104ms] GC(4013) Using 10 workers of 10 for evacuation
[2023-12-20T09:09:57.689-0800][56748134ms] GC(4013)   Pre Evacuate Collection Set: 0.1ms
[2023-12-20T09:09:57.689-0800][56748134ms] GC(4013)   Evacuate Collection Set: 27.6ms
[2023-12-20T09:09:57.689-0800][56748134ms] GC(4013)   Post Evacuate Collection Set: 2.8ms
[2023-12-20T09:09:57.689-0800][56748134ms] GC(4013)   Other: 0.4ms
[2023-12-20T09:09:57.689-0800][56748134ms] GC(4013) Eden regions: 753->0(753)
[2023-12-20T09:09:57.689-0800][56748134ms] GC(4013) Survivor regions: 30->30(98)
[2023-12-20T09:09:57.689-0800][56748134ms] GC(4013) Old regions: 194->194
[2023-12-20T09:09:57.689-0800][56748134ms] GC(4013) Humongous regions: 5->5
[2023-12-20T09:09:57.689-0800][56748134ms] GC(4013) Metaspace: 256603K->256603K(1294336K)
[2023-12-20T09:09:57.689-0800][56748134ms] GC(4013) Pause Young (Normal) (G1 Evacuation Pause) 1961M->455M(2612M) 31.007ms
[2023-12-20T09:09:57.689-0800][56748134ms] GC(4013) User=0.16s Sys=0.00s Real=0.03s
[2023-12-20T09:09:58.540-0800][56748985ms] GC(4014) Pause Young (Normal) (G1 Evacuation Pause)
[2023-12-20T09:09:58.540-0800][56748985ms] GC(4014) Using 10 workers of 10 for evacuation
[2023-12-20T09:09:58.571-0800][56749016ms] GC(4014)   Pre Evacuate Collection Set: 0.0ms
[2023-12-20T09:09:58.571-0800][56749016ms] GC(4014)   Evacuate Collection Set: 28.1ms
[2023-12-20T09:09:58.571-0800][56749016ms] GC(4014)   Post Evacuate Collection Set: 2.5ms
[2023-12-20T09:09:58.571-0800][56749016ms] GC(4014)   Other: 0.4ms
[2023-12-20T09:09:58.571-0800][56749016ms] GC(4014) Eden regions: 753->0(753)
[2023-12-20T09:09:58.571-0800][56749016ms] GC(4014) Survivor regions: 30->30(98)
[2023-12-20T09:09:58.571-0800][56749016ms] GC(4014) Old regions: 194->194
[2023-12-20T09:09:58.571-0800][56749016ms] GC(4014) Humongous regions: 5->5
[2023-12-20T09:09:58.571-0800][56749016ms] GC(4014) Metaspace: 256603K->256603K(1294336K)
[2023-12-20T09:09:58.571-0800][56749016ms] GC(4014) Pause Young (Normal) (G1 Evacuation Pause) 1961M->456M(2612M) 31.078ms
[2023-12-20T09:09:58.571-0800][56749016ms] GC(4014) User=0.08s Sys=0.00s Real=0.03s
[2023-12-20T09:09:59.511-0800][56749956ms] GC(4015) Pause Young (Normal) (G1 Evacuation Pause)
[2023-12-20T09:09:59.511-0800][56749956ms] GC(4015) Using 10 workers of 10 for evacuation
[2023-12-20T09:09:59.542-0800][56749987ms] GC(4015)   Pre Evacuate Collection Set: 0.0ms
[2023-12-20T09:09:59.542-0800][56749987ms] GC(4015)   Evacuate Collection Set: 27.7ms
[2023-12-20T09:09:59.542-0800][56749987ms] GC(4015)   Post Evacuate Collection Set: 2.4ms
[2023-12-20T09:09:59.542-0800][56749987ms] GC(4015)   Other: 0.4ms
[2023-12-20T09:09:59.542-0800][56749987ms] GC(4015) Eden regions: 753->0(753)
[2023-12-20T09:09:59.542-0800][56749987ms] GC(4015) Survivor regions: 30->30(98)
[2023-12-20T09:09:59.542-0800][56749987ms] GC(4015) Old regions: 194->194
[2023-12-20T09:09:59.542-0800][56749987ms] GC(4015) Humongous regions: 5->5
[2023-12-20T09:09:59.542-0800][56749987ms] GC(4015) Metaspace: 256603K->256603K(1294336K)
[2023-12-20T09:09:59.542-0800][56749987ms] GC(4015) Pause Young (Normal) (G1 Evacuation Pause) 1962M->455M(2612M) 30.690ms
[2023-12-20T09:09:59.542-0800][56749987ms] GC(4015) User=0.11s Sys=0.00s Real=0.03s
[2023-12-20T09:10:00.430-0800][56750875ms] GC(4016) Pause Young (Normal) (G1 Evacuation Pause)
[2023-12-20T09:10:00.430-0800][56750875ms] GC(4016) Using 10 workers of 10 for evacuation
[2023-12-20T09:10:00.460-0800][56750905ms] GC(4016)   Pre Evacuate Collection Set: 0.0ms
[2023-12-20T09:10:00.460-0800][56750905ms] GC(4016)   Evacuate Collection Set: 27.2ms
[2023-12-20T09:10:00.460-0800][56750905ms] GC(4016)   Post Evacuate Collection Set: 2.5ms
[2023-12-20T09:10:00.460-0800][56750905ms] GC(4016)   Other: 0.4ms
[2023-12-20T09:10:00.460-0800][56750905ms] GC(4016) Eden regions: 753->0(753)
[2023-12-20T09:10:00.460-0800][56750905ms] GC(4016) Survivor regions: 30->30(98)
[2023-12-20T09:10:00.460-0800][56750905ms] GC(4016) Old regions: 194->194
[2023-12-20T09:10:00.460-0800][56750905ms] GC(4016) Humongous regions: 5->5
[2023-12-20T09:10:00.460-0800][56750905ms] GC(4016) Metaspace: 256603K->256603K(1294336K)
[2023-12-20T09:10:00.460-0800][56750905ms] GC(4016) Pause Young (Normal) (G1 Evacuation Pause) 1961M->456M(2612M) 30.241ms
[2023-12-20T09:10:00.460-0800][56750905ms] GC(4016) User=0.09s Sys=0.00s Real=0.03s
[2023-12-20T09:10:01.389-0800][56751834ms] GC(4017) Pause Young (Normal) (G1 Evacuation Pause)
[2023-12-20T09:10:01.389-0800][56751834ms] GC(4017) Using 10 workers of 10 for evacuation
[2023-12-20T09:10:01.421-0800][56751866ms] GC(4017)   Pre Evacuate Collection Set: 0.0ms
[2023-12-20T09:10:01.421-0800][56751866ms] GC(4017)   Evacuate Collection Set: 29.2ms
[2023-12-20T09:10:01.421-0800][56751866ms] GC(4017)   Post Evacuate Collection Set: 2.8ms
[2023-12-20T09:10:01.421-0800][56751866ms] GC(4017)   Other: 0.4ms
[2023-12-20T09:10:01.421-0800][56751866ms] GC(4017) Eden regions: 753->0(753)
[2023-12-20T09:10:01.421-0800][56751866ms] GC(4017) Survivor regions: 30->30(98)
[2023-12-20T09:10:01.421-0800][56751866ms] GC(4017) Old regions: 194->194
[2023-12-20T09:10:01.421-0800][56751866ms] GC(4017) Humongous regions: 5->5
[2023-12-20T09:10:01.421-0800][56751866ms] GC(4017) Metaspace: 256603K->256603K(1294336K)
[2023-12-20T09:10:01.421-0800][56751866ms] GC(4017) Pause Young (Normal) (G1 Evacuation Pause) 1962M->455M(2612M) 32.586ms
[2023-12-20T09:10:01.423-0800][56751868ms] GC(4017) User=0.22s Sys=0.00s Real=0.03s
[2023-12-20T09:10:02.278-0800][56752723ms] GC(4018) Pause Young (Normal) (G1 Evacuation Pause)
[2023-12-20T09:10:02.278-0800][56752723ms] GC(4018) Using 10 workers of 10 for evacuation
[2023-12-20T09:10:02.309-0800][56752754ms] GC(4018)   Pre Evacuate Collection Set: 0.0ms
[2023-12-20T09:10:02.309-0800][56752754ms] GC(4018)   Evacuate Collection Set: 28.0ms
[2023-12-20T09:10:02.309-0800][56752754ms] GC(4018)   Post Evacuate Collection Set: 2.6ms
[2023-12-20T09:10:02.309-0800][56752754ms] GC(4018)   Other: 0.4ms
[2023-12-20T09:10:02.309-0800][56752754ms] GC(4018) Eden regions: 753->0(753)
[2023-12-20T09:10:02.309-0800][56752754ms] GC(4018) Survivor regions: 30->30(98)
[2023-12-20T09:10:02.309-0800][56752754ms] GC(4018) Old regions: 194->194
[2023-12-20T09:10:02.309-0800][56752754ms] GC(4018) Humongous regions: 5->5
[2023-12-20T09:10:02.309-0800][56752754ms] GC(4018) Metaspace: 256603K->256603K(1294336K)
[2023-12-20T09:10:02.309-0800][56752754ms] GC(4018) Pause Young (Normal) (G1 Evacuation Pause) 1961M->456M(2612M) 31.136ms
[2023-12-20T09:10:02.309-0800][56752754ms] GC(4018) User=0.16s Sys=0.00s Real=0.03s
[2023-12-20T09:10:03.166-0800][56753611ms] GC(4019) Pause Young (Normal) (G1 Evacuation Pause)
[2023-12-20T09:10:03.166-0800][56753611ms] GC(4019) Using 10 workers of 10 for evacuation
[2023-12-20T09:10:03.195-0800][56753640ms] GC(4019)   Pre Evacuate Collection Set: 0.0ms
[2023-12-20T09:10:03.195-0800][56753640ms] GC(4019)   Evacuate Collection Set: 27.0ms
[2023-12-20T09:10:03.195-0800][56753640ms] GC(4019)   Post Evacuate Collection Set: 2.6ms
[2023-12-20T09:10:03.195-0800][56753640ms] GC(4019)   Other: 0.4ms
[2023-12-20T09:10:03.195-0800][56753640ms] GC(4019) Eden regions: 753->0(753)
[2023-12-20T09:10:03.195-0800][56753640ms] GC(4019) Survivor regions: 30->30(98)
[2023-12-20T09:10:03.195-0800][56753640ms] GC(4019) Old regions: 194->194
[2023-12-20T09:10:03.195-0800][56753640ms] GC(4019) Humongous regions: 5->5
[2023-12-20T09:10:03.195-0800][56753640ms] GC(4019) Metaspace: 256603K->256603K(1294336K)
[2023-12-20T09:10:03.195-0800][56753640ms] GC(4019) Pause Young (Normal) (G1 Evacuation Pause) 1962M->455M(2612M) 30.183ms
[2023-12-20T09:10:03.195-0800][56753640ms] GC(4019) User=0.08s Sys=0.00s Real=0.03s
[2023-12-20T09:10:04.078-0800][56754523ms] GC(4020) Pause Young (Normal) (G1 Evacuation Pause)
[2023-12-20T09:10:04.078-0800][56754523ms] GC(4020) Using 10 workers of 10 for evacuation
[2023-12-20T09:10:04.108-0800][56754553ms] GC(4020)   Pre Evacuate Collection Set: 0.0ms
[2023-12-20T09:10:04.108-0800][56754553ms] GC(4020)   Evacuate Collection Set: 27.5ms
[2023-12-20T09:10:04.108-0800][56754553ms] GC(4020)   Post Evacuate Collection Set: 2.4ms
[2023-12-20T09:10:04.109-0800][56754554ms] GC(4020)   Other: 0.4ms
[2023-12-20T09:10:04.109-0800][56754554ms] GC(4020) Eden regions: 753->0(753)
[2023-12-20T09:10:04.109-0800][56754554ms] GC(4020) Survivor regions: 30->30(98)
[2023-12-20T09:10:04.109-0800][56754554ms] GC(4020) Old regions: 194->194
[2023-12-20T09:10:04.109-0800][56754554ms] GC(4020) Humongous regions: 5->5
[2023-12-20T09:10:04.109-0800][56754554ms] GC(4020) Metaspace: 256603K->256603K(1294336K)
[2023-12-20T09:10:04.109-0800][56754554ms] GC(4020) Pause Young (Normal) (G1 Evacuation Pause) 1961M->455M(2612M) 30.532ms
[2023-12-20T09:10:04.109-0800][56754554ms] GC(4020) User=0.09s Sys=0.00s Real=0.03s
[2023-12-20T09:10:05.056-0800][56755501ms] GC(4021) Pause Young (Normal) (G1 Evacuation Pause)
[2023-12-20T09:10:05.056-0800][56755501ms] GC(4021) Using 10 workers of 10 for evacuation
[2023-12-20T09:10:05.087-0800][56755532ms] GC(4021)   Pre Evacuate Collection Set: 0.0ms
[2023-12-20T09:10:05.087-0800][56755532ms] GC(4021)   Evacuate Collection Set: 28.7ms
[2023-12-20T09:10:05.087-0800][56755532ms] GC(4021)   Post Evacuate Collection Set: 2.5ms
[2023-12-20T09:10:05.087-0800][56755532ms] GC(4021)   Other: 0.4ms
[2023-12-20T09:10:05.087-0800][56755532ms] GC(4021) Eden regions: 753->0(753)
[2023-12-20T09:10:05.087-0800][56755532ms] GC(4021) Survivor regions: 30->30(98)
[2023-12-20T09:10:05.087-0800][56755532ms] GC(4021) Old regions: 194->194
[2023-12-20T09:10:05.087-0800][56755532ms] GC(4021) Humongous regions: 5->5
[2023-12-20T09:10:05.087-0800][56755532ms] GC(4021) Metaspace: 256603K->256603K(1294336K)
[2023-12-20T09:10:05.087-0800][56755532ms] GC(4021) Pause Young (Normal) (G1 Evacuation Pause) 1961M->456M(2612M) 31.680ms
[2023-12-20T09:10:05.087-0800][56755532ms] GC(4021) User=0.16s Sys=0.00s Real=0.03s
[2023-12-20T09:10:05.980-0800][56756425ms] GC(4022) Pause Young (Normal) (G1 Evacuation Pause)
[2023-12-20T09:10:05.980-0800][56756425ms] GC(4022) Using 10 workers of 10 for evacuation
[2023-12-20T09:10:06.010-0800][56756455ms] GC(4022)   Pre Evacuate Collection Set: 0.0ms
[2023-12-20T09:10:06.010-0800][56756455ms] GC(4022)   Evacuate Collection Set: 27.5ms
[2023-12-20T09:10:06.010-0800][56756455ms] GC(4022)   Post Evacuate Collection Set: 2.4ms
[2023-12-20T09:10:06.010-0800][56756455ms] GC(4022)   Other: 0.4ms
[2023-12-20T09:10:06.010-0800][56756455ms] GC(4022) Eden regions: 753->0(753)
[2023-12-20T09:10:06.010-0800][56756455ms] GC(4022) Survivor regions: 30->30(98)
[2023-12-20T09:10:06.010-0800][56756455ms] GC(4022) Old regions: 194->194
[2023-12-20T09:10:06.010-0800][56756455ms] GC(4022) Humongous regions: 5->5
[2023-12-20T09:10:06.010-0800][56756455ms] GC(4022) Metaspace: 256603K->256603K(1294336K)
[2023-12-20T09:10:06.010-0800][56756455ms] GC(4022) Pause Young (Normal) (G1 Evacuation Pause) 1962M->455M(2612M) 30.451ms
[2023-12-20T09:10:06.010-0800][56756455ms] GC(4022) User=0.14s Sys=0.00s Real=0.03s
[2023-12-20T09:10:06.890-0800][56757335ms] GC(4023) Pause Young (Normal) (G1 Evacuation Pause)
[2023-12-20T09:10:06.890-0800][56757335ms] GC(4023) Using 10 workers of 10 for evacuation
[2023-12-20T09:10:06.921-0800][56757366ms] GC(4023)   Pre Evacuate Collection Set: 0.0ms
[2023-12-20T09:10:06.921-0800][56757366ms] GC(4023)   Evacuate Collection Set: 27.7ms
[2023-12-20T09:10:06.921-0800][56757366ms] GC(4023)   Post Evacuate Collection Set: 2.5ms
[2023-12-20T09:10:06.921-0800][56757366ms] GC(4023)   Other: 0.4ms
[2023-12-20T09:10:06.921-0800][56757366ms] GC(4023) Eden regions: 753->0(753)
[2023-12-20T09:10:06.921-0800][56757366ms] GC(4023) Survivor regions: 30->30(98)
[2023-12-20T09:10:06.921-0800][56757366ms] GC(4023) Old regions: 194->194
[2023-12-20T09:10:06.921-0800][56757366ms] GC(4023) Humongous regions: 5->5
[2023-12-20T09:10:06.921-0800][56757366ms] GC(4023) Metaspace: 256603K->256603K(1294336K)
[2023-12-20T09:10:06.921-0800][56757366ms] GC(4023) Pause Young (Normal) (G1 Evacuation Pause) 1961M->456M(2612M) 30.797ms
[2023-12-20T09:10:06.921-0800][56757366ms] GC(4023) User=0.19s Sys=0.00s Real=0.03s
[2023-12-20T09:10:07.829-0800][56758274ms] GC(4024) Pause Young (Normal) (G1 Evacuation Pause)
[2023-12-20T09:10:07.829-0800][56758274ms] GC(4024) Using 10 workers of 10 for evacuation
[2023-12-20T09:10:07.861-0800][56758306ms] GC(4024)   Pre Evacuate Collection Set: 0.0ms
[2023-12-20T09:10:07.861-0800][56758306ms] GC(4024)   Evacuate Collection Set: 27.8ms
[2023-12-20T09:10:07.861-0800][56758306ms] GC(4024)   Post Evacuate Collection Set: 3.4ms
[2023-12-20T09:10:07.861-0800][56758306ms] GC(4024)   Other: 0.4ms
[2023-12-20T09:10:07.861-0800][56758306ms] GC(4024) Eden regions: 753->0(753)
[2023-12-20T09:10:07.861-0800][56758306ms] GC(4024) Survivor regions: 30->30(98)
[2023-12-20T09:10:07.861-0800][56758306ms] GC(4024) Old regions: 194->194
[2023-12-20T09:10:07.861-0800][56758306ms] GC(4024) Humongous regions: 5->5
[2023-12-20T09:10:07.861-0800][56758306ms] GC(4024) Metaspace: 256603K->256603K(1294336K)
[2023-12-20T09:10:07.861-0800][56758306ms] GC(4024) Pause Young (Normal) (G1 Evacuation Pause) 1962M->455M(2612M) 31.757ms
[2023-12-20T09:10:07.861-0800][56758306ms] GC(4024) User=0.13s Sys=0.00s Real=0.03s
[2023-12-20T09:10:08.804-0800][56759249ms] GC(4025) Pause Young (Normal) (G1 Evacuation Pause)
[2023-12-20T09:10:08.804-0800][56759249ms] GC(4025) Using 10 workers of 10 for evacuation
[2023-12-20T09:10:08.835-0800][56759280ms] GC(4025)   Pre Evacuate Collection Set: 0.1ms
[2023-12-20T09:10:08.835-0800][56759280ms] GC(4025)   Evacuate Collection Set: 26.9ms
[2023-12-20T09:10:08.835-0800][56759280ms] GC(4025)   Post Evacuate Collection Set: 3.0ms
[2023-12-20T09:10:08.835-0800][56759280ms] GC(4025)   Other: 0.4ms
[2023-12-20T09:10:08.835-0800][56759280ms] GC(4025) Eden regions: 753->0(753)
[2023-12-20T09:10:08.835-0800][56759280ms] GC(4025) Survivor regions: 30->30(98)
[2023-12-20T09:10:08.835-0800][56759280ms] GC(4025) Old regions: 194->194
[2023-12-20T09:10:08.835-0800][56759280ms] GC(4025) Humongous regions: 5->5
[2023-12-20T09:10:08.835-0800][56759280ms] GC(4025) Metaspace: 256603K->256603K(1294336K)
[2023-12-20T09:10:08.835-0800][56759280ms] GC(4025) Pause Young (Normal) (G1 Evacuation Pause) 1961M->455M(2612M) 30.509ms
[2023-12-20T09:10:08.835-0800][56759280ms] GC(4025) User=0.13s Sys=0.00s Real=0.03s
[2023-12-20T09:10:09.698-0800][56760143ms] GC(4026) Pause Young (Normal) (G1 Evacuation Pause)
[2023-12-20T09:10:09.698-0800][56760143ms] GC(4026) Using 10 workers of 10 for evacuation
[2023-12-20T09:10:09.728-0800][56760173ms] GC(4026)   Pre Evacuate Collection Set: 0.0ms
[2023-12-20T09:10:09.728-0800][56760173ms] GC(4026)   Evacuate Collection Set: 27.2ms
[2023-12-20T09:10:09.728-0800][56760173ms] GC(4026)   Post Evacuate Collection Set: 2.5ms
[2023-12-20T09:10:09.728-0800][56760173ms] GC(4026)   Other: 0.4ms
[2023-12-20T09:10:09.728-0800][56760173ms] GC(4026) Eden regions: 753->0(753)
[2023-12-20T09:10:09.728-0800][56760173ms] GC(4026) Survivor regions: 30->30(98)
[2023-12-20T09:10:09.728-0800][56760173ms] GC(4026) Old regions: 194->194
[2023-12-20T09:10:09.728-0800][56760173ms] GC(4026) Humongous regions: 5->5
[2023-12-20T09:10:09.728-0800][56760173ms] GC(4026) Metaspace: 256603K->256603K(1294336K)
[2023-12-20T09:10:09.728-0800][56760173ms] GC(4026) Pause Young (Normal) (G1 Evacuation Pause) 1961M->455M(2612M) 30.215ms
[2023-12-20T09:10:09.728-0800][56760173ms] GC(4026) User=0.05s Sys=0.00s Real=0.03s
[2023-12-20T09:10:10.657-0800][56761102ms] GC(4027) Pause Young (Normal) (G1 Evacuation Pause)
[2023-12-20T09:10:10.657-0800][56761102ms] GC(4027) Using 10 workers of 10 for evacuation
[2023-12-20T09:10:10.688-0800][56761133ms] GC(4027)   Pre Evacuate Collection Set: 0.1ms
[2023-12-20T09:10:10.688-0800][56761133ms] GC(4027)   Evacuate Collection Set: 27.1ms
[2023-12-20T09:10:10.688-0800][56761133ms] GC(4027)   Post Evacuate Collection Set: 3.0ms
[2023-12-20T09:10:10.688-0800][56761133ms] GC(4027)   Other: 0.4ms
[2023-12-20T09:10:10.688-0800][56761133ms] GC(4027) Eden regions: 753->0(753)
[2023-12-20T09:10:10.688-0800][56761133ms] GC(4027) Survivor regions: 30->30(98)
[2023-12-20T09:10:10.688-0800][56761133ms] GC(4027) Old regions: 194->194
[2023-12-20T09:10:10.688-0800][56761133ms] GC(4027) Humongous regions: 5->5
[2023-12-20T09:10:10.688-0800][56761133ms] GC(4027) Metaspace: 256603K->256603K(1294336K)
[2023-12-20T09:10:10.688-0800][56761133ms] GC(4027) Pause Young (Normal) (G1 Evacuation Pause) 1961M->455M(2612M) 30.673ms
[2023-12-20T09:10:10.688-0800][56761133ms] GC(4027) User=0.03s Sys=0.00s Real=0.03s
[2023-12-20T09:10:11.586-0800][56762031ms] GC(4028) Pause Young (Normal) (G1 Evacuation Pause)
[2023-12-20T09:10:11.586-0800][56762031ms] GC(4028) Using 10 workers of 10 for evacuation
[2023-12-20T09:10:11.615-0800][56762060ms] GC(4028)   Pre Evacuate Collection Set: 0.0ms
[2023-12-20T09:10:11.615-0800][56762060ms] GC(4028)   Evacuate Collection Set: 26.5ms
[2023-12-20T09:10:11.615-0800][56762060ms] GC(4028)   Post Evacuate Collection Set: 2.6ms
[2023-12-20T09:10:11.615-0800][56762060ms] GC(4028)   Other: 0.4ms
[2023-12-20T09:10:11.615-0800][56762060ms] GC(4028) Eden regions: 753->0(753)
[2023-12-20T09:10:11.615-0800][56762060ms] GC(4028) Survivor regions: 30->30(98)
[2023-12-20T09:10:11.615-0800][56762060ms] GC(4028) Old regions: 194->194
[2023-12-20T09:10:11.615-0800][56762060ms] GC(4028) Humongous regions: 5->5
[2023-12-20T09:10:11.615-0800][56762060ms] GC(4028) Metaspace: 256603K->256603K(1294336K)
[2023-12-20T09:10:11.615-0800][56762060ms] GC(4028) Pause Young (Normal) (G1 Evacuation Pause) 1961M->457M(2612M) 29.617ms
[2023-12-20T09:10:11.615-0800][56762060ms] GC(4028) User=0.09s Sys=0.00s Real=0.03s
[2023-12-20T09:10:12.509-0800][56762954ms] GC(4029) Pause Young (Normal) (G1 Evacuation Pause)
[2023-12-20T09:10:12.509-0800][56762954ms] GC(4029) Using 10 workers of 10 for evacuation
[2023-12-20T09:10:12.539-0800][56762984ms] GC(4029)   Pre Evacuate Collection Set: 0.0ms
[2023-12-20T09:10:12.539-0800][56762984ms] GC(4029)   Evacuate Collection Set: 27.4ms
[2023-12-20T09:10:12.539-0800][56762984ms] GC(4029)   Post Evacuate Collection Set: 2.4ms
[2023-12-20T09:10:12.539-0800][56762984ms] GC(4029)   Other: 0.4ms
[2023-12-20T09:10:12.539-0800][56762984ms] GC(4029) Eden regions: 753->0(753)
[2023-12-20T09:10:12.539-0800][56762984ms] GC(4029) Survivor regions: 30->30(98)
[2023-12-20T09:10:12.539-0800][56762984ms] GC(4029) Old regions: 194->194
[2023-12-20T09:10:12.539-0800][56762984ms] GC(4029) Humongous regions: 5->5
[2023-12-20T09:10:12.539-0800][56762984ms] GC(4029) Metaspace: 256603K->256603K(1294336K)
[2023-12-20T09:10:12.539-0800][56762984ms] GC(4029) Pause Young (Normal) (G1 Evacuation Pause) 1963M->457M(2612M) 30.286ms
[2023-12-20T09:10:12.539-0800][56762984ms] GC(4029) User=0.11s Sys=0.00s Real=0.03s
[2023-12-20T09:10:13.453-0800][56763898ms] GC(4030) Pause Young (Normal) (G1 Evacuation Pause)
[2023-12-20T09:10:13.454-0800][56763899ms] GC(4030) Using 10 workers of 10 for evacuation
[2023-12-20T09:10:13.484-0800][56763929ms] GC(4030)   Pre Evacuate Collection Set: 0.1ms
[2023-12-20T09:10:13.484-0800][56763929ms] GC(4030)   Evacuate Collection Set: 27.7ms
[2023-12-20T09:10:13.484-0800][56763929ms] GC(4030)   Post Evacuate Collection Set: 2.7ms
[2023-12-20T09:10:13.484-0800][56763929ms] GC(4030)   Other: 0.4ms
[2023-12-20T09:10:13.484-0800][56763929ms] GC(4030) Eden regions: 753->0(753)
[2023-12-20T09:10:13.484-0800][56763929ms] GC(4030) Survivor regions: 30->30(98)
[2023-12-20T09:10:13.484-0800][56763929ms] GC(4030) Old regions: 194->194
[2023-12-20T09:10:13.484-0800][56763929ms] GC(4030) Humongous regions: 5->5
[2023-12-20T09:10:13.484-0800][56763929ms] GC(4030) Metaspace: 256603K->256603K(1294336K)
[2023-12-20T09:10:13.484-0800][56763929ms] GC(4030) Pause Young (Normal) (G1 Evacuation Pause) 1963M->456M(2612M) 31.048ms
[2023-12-20T09:10:13.484-0800][56763929ms] GC(4030) User=0.13s Sys=0.00s Real=0.03s
[2023-12-20T09:10:14.426-0800][56764871ms] GC(4031) Pause Young (Normal) (G1 Evacuation Pause)
[2023-12-20T09:10:14.426-0800][56764871ms] GC(4031) Using 10 workers of 10 for evacuation
[2023-12-20T09:10:14.457-0800][56764902ms] GC(4031)   Pre Evacuate Collection Set: 0.0ms
[2023-12-20T09:10:14.457-0800][56764902ms] GC(4031)   Evacuate Collection Set: 26.8ms
[2023-12-20T09:10:14.457-0800][56764902ms] GC(4031)   Post Evacuate Collection Set: 3.4ms
[2023-12-20T09:10:14.457-0800][56764902ms] GC(4031)   Other: 0.4ms
[2023-12-20T09:10:14.457-0800][56764902ms] GC(4031) Eden regions: 753->0(753)
[2023-12-20T09:10:14.457-0800][56764902ms] GC(4031) Survivor regions: 30->30(98)
[2023-12-20T09:10:14.457-0800][56764902ms] GC(4031) Old regions: 194->194
[2023-12-20T09:10:14.457-0800][56764902ms] GC(4031) Humongous regions: 5->5
[2023-12-20T09:10:14.457-0800][56764902ms] GC(4031) Metaspace: 256603K->256603K(1294336K)
[2023-12-20T09:10:14.457-0800][56764902ms] GC(4031) Pause Young (Normal) (G1 Evacuation Pause) 1962M->456M(2612M) 30.760ms
[2023-12-20T09:10:14.457-0800][56764902ms] GC(4031) User=0.16s Sys=0.00s Real=0.03s
[2023-12-20T09:10:15.388-0800][56765833ms] GC(4032) Pause Young (Normal) (G1 Evacuation Pause)
[2023-12-20T09:10:15.388-0800][56765833ms] GC(4032) Using 10 workers of 10 for evacuation
[2023-12-20T09:10:15.419-0800][56765864ms] GC(4032)   Pre Evacuate Collection Set: 0.0ms
[2023-12-20T09:10:15.419-0800][56765864ms] GC(4032)   Evacuate Collection Set: 27.8ms
[2023-12-20T09:10:15.419-0800][56765864ms] GC(4032)   Post Evacuate Collection Set: 2.2ms
[2023-12-20T09:10:15.419-0800][56765864ms] GC(4032)   Other: 0.4ms
[2023-12-20T09:10:15.419-0800][56765864ms] GC(4032) Eden regions: 753->0(753)
[2023-12-20T09:10:15.419-0800][56765864ms] GC(4032) Survivor regions: 30->30(98)
[2023-12-20T09:10:15.419-0800][56765864ms] GC(4032) Old regions: 194->194
[2023-12-20T09:10:15.419-0800][56765864ms] GC(4032) Humongous regions: 5->5
[2023-12-20T09:10:15.419-0800][56765864ms] GC(4032) Metaspace: 256603K->256603K(1294336K)
[2023-12-20T09:10:15.419-0800][56765864ms] GC(4032) Pause Young (Normal) (G1 Evacuation Pause) 1962M->456M(2612M) 30.589ms
[2023-12-20T09:10:15.419-0800][56765864ms] GC(4032) User=0.06s Sys=0.00s Real=0.03s
[2023-12-20T09:10:16.408-0800][56766853ms] GC(4033) Pause Young (Normal) (G1 Evacuation Pause)
[2023-12-20T09:10:16.408-0800][56766853ms] GC(4033) Using 10 workers of 10 for evacuation
[2023-12-20T09:10:16.440-0800][56766885ms] GC(4033)   Pre Evacuate Collection Set: 0.1ms
[2023-12-20T09:10:16.440-0800][56766885ms] GC(4033)   Evacuate Collection Set: 28.5ms
[2023-12-20T09:10:16.440-0800][56766885ms] GC(4033)   Post Evacuate Collection Set: 2.9ms
[2023-12-20T09:10:16.440-0800][56766885ms] GC(4033)   Other: 0.4ms
[2023-12-20T09:10:16.440-0800][56766885ms] GC(4033) Eden regions: 753->0(754)
[2023-12-20T09:10:16.440-0800][56766885ms] GC(4033) Survivor regions: 30->29(98)
[2023-12-20T09:10:16.440-0800][56766885ms] GC(4033) Old regions: 194->194
[2023-12-20T09:10:16.440-0800][56766885ms] GC(4033) Humongous regions: 5->5
[2023-12-20T09:10:16.440-0800][56766885ms] GC(4033) Metaspace: 256603K->256603K(1294336K)
[2023-12-20T09:10:16.440-0800][56766885ms] GC(4033) Pause Young (Normal) (G1 Evacuation Pause) 1962M->455M(2612M) 32.034ms
[2023-12-20T09:10:16.440-0800][56766885ms] GC(4033) User=0.14s Sys=0.00s Real=0.03s
[2023-12-20T09:10:17.360-0800][56767805ms] GC(4034) Pause Young (Normal) (G1 Evacuation Pause)
[2023-12-20T09:10:17.360-0800][56767805ms] GC(4034) Using 10 workers of 10 for evacuation
[2023-12-20T09:10:17.390-0800][56767835ms] GC(4034)   Pre Evacuate Collection Set: 0.0ms
[2023-12-20T09:10:17.390-0800][56767835ms] GC(4034)   Evacuate Collection Set: 27.0ms
[2023-12-20T09:10:17.390-0800][56767835ms] GC(4034)   Post Evacuate Collection Set: 2.9ms
[2023-12-20T09:10:17.390-0800][56767835ms] GC(4034)   Other: 0.4ms
[2023-12-20T09:10:17.390-0800][56767835ms] GC(4034) Eden regions: 754->0(753)
[2023-12-20T09:10:17.390-0800][56767835ms] GC(4034) Survivor regions: 29->30(98)
[2023-12-20T09:10:17.390-0800][56767835ms] GC(4034) Old regions: 194->194
[2023-12-20T09:10:17.390-0800][56767835ms] GC(4034) Humongous regions: 5->5
[2023-12-20T09:10:17.390-0800][56767835ms] GC(4034) Metaspace: 256603K->256603K(1294336K)
[2023-12-20T09:10:17.390-0800][56767835ms] GC(4034) Pause Young (Normal) (G1 Evacuation Pause) 1963M->457M(2612M) 30.359ms
[2023-12-20T09:10:17.390-0800][56767835ms] GC(4034) User=0.08s Sys=0.00s Real=0.03s
[2023-12-20T09:10:18.364-0800][56768809ms] GC(4035) Pause Young (Normal) (GCLocker Initiated GC)
[2023-12-20T09:10:18.364-0800][56768809ms] GC(4035) Using 10 workers of 10 for evacuation
[2023-12-20T09:10:18.395-0800][56768840ms] GC(4035)   Pre Evacuate Collection Set: 0.0ms
[2023-12-20T09:10:18.395-0800][56768840ms] GC(4035)   Evacuate Collection Set: 27.4ms
[2023-12-20T09:10:18.395-0800][56768840ms] GC(4035)   Post Evacuate Collection Set: 2.6ms
[2023-12-20T09:10:18.395-0800][56768840ms] GC(4035)   Other: 0.4ms
[2023-12-20T09:10:18.395-0800][56768840ms] GC(4035) Eden regions: 754->0(753)
[2023-12-20T09:10:18.395-0800][56768840ms] GC(4035) Survivor regions: 30->30(98)
[2023-12-20T09:10:18.395-0800][56768840ms] GC(4035) Old regions: 194->194
[2023-12-20T09:10:18.395-0800][56768840ms] GC(4035) Humongous regions: 5->5
[2023-12-20T09:10:18.395-0800][56768840ms] GC(4035) Metaspace: 256603K->256603K(1294336K)
[2023-12-20T09:10:18.395-0800][56768840ms] GC(4035) Pause Young (Normal) (GCLocker Initiated GC) 1964M->457M(2612M) 30.585ms
[2023-12-20T09:10:18.395-0800][56768840ms] GC(4035) User=0.19s Sys=0.00s Real=0.03s
[2023-12-20T09:10:19.427-0800][56769872ms] GC(4036) Pause Young (Normal) (GCLocker Initiated GC)
[2023-12-20T09:10:19.427-0800][56769872ms] GC(4036) Using 10 workers of 10 for evacuation
[2023-12-20T09:10:19.457-0800][56769902ms] GC(4036)   Pre Evacuate Collection Set: 0.0ms
[2023-12-20T09:10:19.457-0800][56769902ms] GC(4036)   Evacuate Collection Set: 27.5ms
[2023-12-20T09:10:19.457-0800][56769902ms] GC(4036)   Post Evacuate Collection Set: 2.9ms
[2023-12-20T09:10:19.457-0800][56769902ms] GC(4036)   Other: 0.4ms
[2023-12-20T09:10:19.457-0800][56769902ms] GC(4036) Eden regions: 754->0(753)
[2023-12-20T09:10:19.457-0800][56769902ms] GC(4036) Survivor regions: 30->30(98)
[2023-12-20T09:10:19.457-0800][56769902ms] GC(4036) Old regions: 194->194
[2023-12-20T09:10:19.457-0800][56769902ms] GC(4036) Humongous regions: 5->5
[2023-12-20T09:10:19.457-0800][56769902ms] GC(4036) Metaspace: 256603K->256603K(1294336K)
[2023-12-20T09:10:19.457-0800][56769902ms] GC(4036) Pause Young (Normal) (GCLocker Initiated GC) 1963M->456M(2612M) 30.842ms
[2023-12-20T09:10:19.457-0800][56769902ms] GC(4036) User=0.13s Sys=0.00s Real=0.03s
[2023-12-20T09:10:20.430-0800][56770875ms] GC(4037) Pause Young (Normal) (G1 Evacuation Pause)
[2023-12-20T09:10:20.430-0800][56770875ms] GC(4037) Using 10 workers of 10 for evacuation
[2023-12-20T09:10:20.463-0800][56770908ms] GC(4037)   Pre Evacuate Collection Set: 0.0ms
[2023-12-20T09:10:20.463-0800][56770908ms] GC(4037)   Evacuate Collection Set: 28.8ms
[2023-12-20T09:10:20.463-0800][56770908ms] GC(4037)   Post Evacuate Collection Set: 3.3ms
[2023-12-20T09:10:20.463-0800][56770908ms] GC(4037)   Other: 0.4ms
[2023-12-20T09:10:20.463-0800][56770908ms] GC(4037) Eden regions: 753->0(753)
[2023-12-20T09:10:20.463-0800][56770908ms] GC(4037) Survivor regions: 30->30(98)
[2023-12-20T09:10:20.463-0800][56770908ms] GC(4037) Old regions: 194->194
[2023-12-20T09:10:20.463-0800][56770908ms] GC(4037) Humongous regions: 5->5
[2023-12-20T09:10:20.463-0800][56770908ms] GC(4037) Metaspace: 256603K->256603K(1294336K)
[2023-12-20T09:10:20.463-0800][56770908ms] GC(4037) Pause Young (Normal) (G1 Evacuation Pause) 1962M->456M(2612M) 32.641ms
[2023-12-20T09:10:20.463-0800][56770908ms] GC(4037) User=0.11s Sys=0.00s Real=0.03s
[2023-12-20T09:10:21.375-0800][56771820ms] GC(4038) Pause Young (Normal) (G1 Evacuation Pause)
[2023-12-20T09:10:21.375-0800][56771820ms] GC(4038) Using 10 workers of 10 for evacuation
[2023-12-20T09:10:21.407-0800][56771852ms] GC(4038)   Pre Evacuate Collection Set: 0.1ms
[2023-12-20T09:10:21.407-0800][56771852ms] GC(4038)   Evacuate Collection Set: 28.5ms
[2023-12-20T09:10:21.407-0800][56771852ms] GC(4038)   Post Evacuate Collection Set: 3.2ms
[2023-12-20T09:10:21.407-0800][56771852ms] GC(4038)   Other: 0.5ms
[2023-12-20T09:10:21.407-0800][56771852ms] GC(4038) Eden regions: 753->0(754)
[2023-12-20T09:10:21.407-0800][56771852ms] GC(4038) Survivor regions: 30->29(98)
[2023-12-20T09:10:21.407-0800][56771852ms] GC(4038) Old regions: 194->194
[2023-12-20T09:10:21.407-0800][56771852ms] GC(4038) Humongous regions: 5->5
[2023-12-20T09:10:21.407-0800][56771852ms] GC(4038) Metaspace: 256603K->256603K(1294336K)
[2023-12-20T09:10:21.407-0800][56771852ms] GC(4038) Pause Young (Normal) (G1 Evacuation Pause) 1962M->455M(2612M) 32.416ms
[2023-12-20T09:10:21.407-0800][56771852ms] GC(4038) User=0.14s Sys=0.00s Real=0.03s
[2023-12-20T09:10:22.264-0800][56772709ms] GC(4039) Pause Young (Normal) (G1 Evacuation Pause)
[2023-12-20T09:10:22.264-0800][56772709ms] GC(4039) Using 10 workers of 10 for evacuation
[2023-12-20T09:10:22.294-0800][56772739ms] GC(4039)   Pre Evacuate Collection Set: 0.0ms
[2023-12-20T09:10:22.294-0800][56772739ms] GC(4039)   Evacuate Collection Set: 27.7ms
[2023-12-20T09:10:22.294-0800][56772739ms] GC(4039)   Post Evacuate Collection Set: 3.0ms
[2023-12-20T09:10:22.294-0800][56772739ms] GC(4039)   Other: 0.4ms
[2023-12-20T09:10:22.294-0800][56772739ms] GC(4039) Eden regions: 754->0(753)
[2023-12-20T09:10:22.294-0800][56772739ms] GC(4039) Survivor regions: 29->30(98)
[2023-12-20T09:10:22.294-0800][56772739ms] GC(4039) Old regions: 194->194
[2023-12-20T09:10:22.294-0800][56772739ms] GC(4039) Humongous regions: 5->5
[2023-12-20T09:10:22.294-0800][56772739ms] GC(4039) Metaspace: 256603K->256603K(1294336K)
[2023-12-20T09:10:22.294-0800][56772739ms] GC(4039) Pause Young (Normal) (G1 Evacuation Pause) 1963M->456M(2612M) 31.184ms
[2023-12-20T09:10:22.294-0800][56772739ms] GC(4039) User=0.17s Sys=0.00s Real=0.03s
[2023-12-20T09:10:23.176-0800][56773621ms] GC(4040) Pause Young (Normal) (G1 Evacuation Pause)
[2023-12-20T09:10:23.176-0800][56773621ms] GC(4040) Using 10 workers of 10 for evacuation
[2023-12-20T09:10:23.206-0800][56773651ms] GC(4040)   Pre Evacuate Collection Set: 0.1ms
[2023-12-20T09:10:23.206-0800][56773651ms] GC(4040)   Evacuate Collection Set: 27.2ms
[2023-12-20T09:10:23.206-0800][56773651ms] GC(4040)   Post Evacuate Collection Set: 2.5ms
[2023-12-20T09:10:23.206-0800][56773651ms] GC(4040)   Other: 0.4ms
[2023-12-20T09:10:23.206-0800][56773651ms] GC(4040) Eden regions: 753->0(754)
[2023-12-20T09:10:23.206-0800][56773651ms] GC(4040) Survivor regions: 30->29(98)
[2023-12-20T09:10:23.206-0800][56773651ms] GC(4040) Old regions: 194->194
[2023-12-20T09:10:23.206-0800][56773651ms] GC(4040) Humongous regions: 5->5
[2023-12-20T09:10:23.206-0800][56773651ms] GC(4040) Metaspace: 256603K->256603K(1294336K)
[2023-12-20T09:10:23.206-0800][56773651ms] GC(4040) Pause Young (Normal) (G1 Evacuation Pause) 1962M->455M(2612M) 30.207ms
[2023-12-20T09:10:23.206-0800][56773651ms] GC(4040) User=0.13s Sys=0.00s Real=0.03s
[2023-12-20T09:10:24.060-0800][56774505ms] GC(4041) Pause Young (Normal) (G1 Evacuation Pause)
[2023-12-20T09:10:24.060-0800][56774505ms] GC(4041) Using 10 workers of 10 for evacuation
[2023-12-20T09:10:24.091-0800][56774536ms] GC(4041)   Pre Evacuate Collection Set: 0.0ms
[2023-12-20T09:10:24.091-0800][56774536ms] GC(4041)   Evacuate Collection Set: 26.8ms
[2023-12-20T09:10:24.091-0800][56774536ms] GC(4041)   Post Evacuate Collection Set: 2.6ms
[2023-12-20T09:10:24.091-0800][56774536ms] GC(4041)   Other: 1.4ms
[2023-12-20T09:10:24.091-0800][56774536ms] GC(4041) Eden regions: 754->0(753)
[2023-12-20T09:10:24.091-0800][56774536ms] GC(4041) Survivor regions: 29->30(98)
[2023-12-20T09:10:24.091-0800][56774536ms] GC(4041) Old regions: 194->194
[2023-12-20T09:10:24.091-0800][56774536ms] GC(4041) Humongous regions: 5->5
[2023-12-20T09:10:24.091-0800][56774536ms] GC(4041) Metaspace: 256603K->256603K(1294336K)
[2023-12-20T09:10:24.091-0800][56774536ms] GC(4041) Pause Young (Normal) (G1 Evacuation Pause) 1963M->456M(2612M) 31.100ms
[2023-12-20T09:10:24.091-0800][56774536ms] GC(4041) User=0.06s Sys=0.00s Real=0.03s
[2023-12-20T09:10:25.028-0800][56775473ms] GC(4042) Pause Young (Normal) (G1 Evacuation Pause)
[2023-12-20T09:10:25.028-0800][56775473ms] GC(4042) Using 10 workers of 10 for evacuation
[2023-12-20T09:10:25.060-0800][56775505ms] GC(4042)   Pre Evacuate Collection Set: 0.0ms
[2023-12-20T09:10:25.060-0800][56775505ms] GC(4042)   Evacuate Collection Set: 27.8ms
[2023-12-20T09:10:25.060-0800][56775505ms] GC(4042)   Post Evacuate Collection Set: 4.0ms
[2023-12-20T09:10:25.060-0800][56775505ms] GC(4042)   Other: 0.4ms
[2023-12-20T09:10:25.060-0800][56775505ms] GC(4042) Eden regions: 753->0(753)
[2023-12-20T09:10:25.061-0800][56775506ms] GC(4042) Survivor regions: 30->30(98)
[2023-12-20T09:10:25.061-0800][56775506ms] GC(4042) Old regions: 194->194
[2023-12-20T09:10:25.061-0800][56775506ms] GC(4042) Humongous regions: 5->5
[2023-12-20T09:10:25.061-0800][56775506ms] GC(4042) Metaspace: 256603K->256603K(1294336K)
[2023-12-20T09:10:25.061-0800][56775506ms] GC(4042) Pause Young (Normal) (G1 Evacuation Pause) 1962M->456M(2612M) 32.465ms
[2023-12-20T09:10:25.061-0800][56775506ms] GC(4042) User=0.13s Sys=0.00s Real=0.03s
[2023-12-20T09:10:25.942-0800][56776387ms] GC(4043) Pause Young (Normal) (G1 Evacuation Pause)
[2023-12-20T09:10:25.942-0800][56776387ms] GC(4043) Using 10 workers of 10 for evacuation
[2023-12-20T09:10:25.973-0800][56776418ms] GC(4043)   Pre Evacuate Collection Set: 0.0ms
[2023-12-20T09:10:25.973-0800][56776418ms] GC(4043)   Evacuate Collection Set: 27.4ms
[2023-12-20T09:10:25.973-0800][56776418ms] GC(4043)   Post Evacuate Collection Set: 2.5ms
[2023-12-20T09:10:25.973-0800][56776418ms] GC(4043)   Other: 0.4ms
[2023-12-20T09:10:25.973-0800][56776418ms] GC(4043) Eden regions: 753->0(753)
[2023-12-20T09:10:25.973-0800][56776418ms] GC(4043) Survivor regions: 30->30(98)
[2023-12-20T09:10:25.973-0800][56776418ms] GC(4043) Old regions: 194->194
[2023-12-20T09:10:25.973-0800][56776418ms] GC(4043) Humongous regions: 5->5
[2023-12-20T09:10:25.973-0800][56776418ms] GC(4043) Metaspace: 256603K->256603K(1294336K)
[2023-12-20T09:10:25.973-0800][56776418ms] GC(4043) Pause Young (Normal) (G1 Evacuation Pause) 1962M->456M(2612M) 30.507ms
[2023-12-20T09:10:25.973-0800][56776418ms] GC(4043) User=0.08s Sys=0.00s Real=0.03s
[2023-12-20T09:10:26.831-0800][56777276ms] GC(4044) Pause Young (Normal) (G1 Evacuation Pause)
[2023-12-20T09:10:26.831-0800][56777276ms] GC(4044) Using 10 workers of 10 for evacuation
[2023-12-20T09:10:26.860-0800][56777305ms] GC(4044)   Pre Evacuate Collection Set: 0.0ms
[2023-12-20T09:10:26.860-0800][56777305ms] GC(4044)   Evacuate Collection Set: 26.7ms
[2023-12-20T09:10:26.860-0800][56777305ms] GC(4044)   Post Evacuate Collection Set: 2.7ms
[2023-12-20T09:10:26.860-0800][56777305ms] GC(4044)   Other: 0.4ms
[2023-12-20T09:10:26.860-0800][56777305ms] GC(4044) Eden regions: 753->0(753)
[2023-12-20T09:10:26.860-0800][56777305ms] GC(4044) Survivor regions: 30->30(98)
[2023-12-20T09:10:26.860-0800][56777305ms] GC(4044) Old regions: 194->194
[2023-12-20T09:10:26.860-0800][56777305ms] GC(4044) Humongous regions: 5->5
[2023-12-20T09:10:26.860-0800][56777305ms] GC(4044) Metaspace: 256603K->256603K(1294336K)
[2023-12-20T09:10:26.860-0800][56777305ms] GC(4044) Pause Young (Normal) (G1 Evacuation Pause) 1962M->456M(2612M) 29.949ms
[2023-12-20T09:10:26.860-0800][56777305ms] GC(4044) User=0.13s Sys=0.00s Real=0.03s
[2023-12-20T09:10:27.738-0800][56778183ms] GC(4045) Pause Young (Normal) (G1 Evacuation Pause)
[2023-12-20T09:10:27.738-0800][56778183ms] GC(4045) Using 10 workers of 10 for evacuation
[2023-12-20T09:10:27.769-0800][56778214ms] GC(4045)   Pre Evacuate Collection Set: 0.0ms
[2023-12-20T09:10:27.769-0800][56778214ms] GC(4045)   Evacuate Collection Set: 28.1ms
[2023-12-20T09:10:27.769-0800][56778214ms] GC(4045)   Post Evacuate Collection Set: 2.6ms
[2023-12-20T09:10:27.769-0800][56778214ms] GC(4045)   Other: 0.4ms
[2023-12-20T09:10:27.769-0800][56778214ms] GC(4045) Eden regions: 753->0(753)
[2023-12-20T09:10:27.769-0800][56778214ms] GC(4045) Survivor regions: 30->30(98)
[2023-12-20T09:10:27.769-0800][56778214ms] GC(4045) Old regions: 194->194
[2023-12-20T09:10:27.769-0800][56778214ms] GC(4045) Humongous regions: 5->5
[2023-12-20T09:10:27.769-0800][56778214ms] GC(4045) Metaspace: 256603K->256603K(1294336K)
[2023-12-20T09:10:27.769-0800][56778214ms] GC(4045) Pause Young (Normal) (G1 Evacuation Pause) 1962M->457M(2612M) 31.342ms
[2023-12-20T09:10:27.770-0800][56778215ms] GC(4045) User=0.09s Sys=0.00s Real=0.03s
[2023-12-20T09:10:28.636-0800][56779081ms] GC(4046) Pause Young (Normal) (G1 Evacuation Pause)
[2023-12-20T09:10:28.636-0800][56779081ms] GC(4046) Using 10 workers of 10 for evacuation
[2023-12-20T09:10:28.666-0800][56779111ms] GC(4046)   Pre Evacuate Collection Set: 0.0ms
[2023-12-20T09:10:28.666-0800][56779111ms] GC(4046)   Evacuate Collection Set: 26.9ms
[2023-12-20T09:10:28.666-0800][56779111ms] GC(4046)   Post Evacuate Collection Set: 3.0ms
[2023-12-20T09:10:28.666-0800][56779111ms] GC(4046)   Other: 0.4ms
[2023-12-20T09:10:28.666-0800][56779111ms] GC(4046) Eden regions: 753->0(753)
[2023-12-20T09:10:28.666-0800][56779111ms] GC(4046) Survivor regions: 30->30(98)
[2023-12-20T09:10:28.666-0800][56779111ms] GC(4046) Old regions: 194->194
[2023-12-20T09:10:28.666-0800][56779111ms] GC(4046) Humongous regions: 5->5
[2023-12-20T09:10:28.666-0800][56779111ms] GC(4046) Metaspace: 256603K->256603K(1294336K)
[2023-12-20T09:10:28.666-0800][56779111ms] GC(4046) Pause Young (Normal) (G1 Evacuation Pause) 1963M->457M(2612M) 30.401ms
[2023-12-20T09:10:28.666-0800][56779111ms] GC(4046) User=0.06s Sys=0.00s Real=0.03s
[2023-12-20T09:10:29.539-0800][56779984ms] GC(4047) Pause Young (Normal) (G1 Evacuation Pause)
[2023-12-20T09:10:29.539-0800][56779984ms] GC(4047) Using 10 workers of 10 for evacuation
[2023-12-20T09:10:29.569-0800][56780014ms] GC(4047)   Pre Evacuate Collection Set: 0.0ms
[2023-12-20T09:10:29.569-0800][56780014ms] GC(4047)   Evacuate Collection Set: 27.7ms
[2023-12-20T09:10:29.569-0800][56780014ms] GC(4047)   Post Evacuate Collection Set: 2.4ms
[2023-12-20T09:10:29.569-0800][56780014ms] GC(4047)   Other: 0.4ms
[2023-12-20T09:10:29.569-0800][56780014ms] GC(4047) Eden regions: 753->0(753)
[2023-12-20T09:10:29.569-0800][56780014ms] GC(4047) Survivor regions: 30->30(98)
[2023-12-20T09:10:29.569-0800][56780014ms] GC(4047) Old regions: 194->194
[2023-12-20T09:10:29.569-0800][56780014ms] GC(4047) Humongous regions: 5->5
[2023-12-20T09:10:29.569-0800][56780014ms] GC(4047) Metaspace: 256603K->256603K(1294336K)
[2023-12-20T09:10:29.569-0800][56780014ms] GC(4047) Pause Young (Normal) (G1 Evacuation Pause) 1963M->457M(2612M) 30.577ms
[2023-12-20T09:10:29.569-0800][56780014ms] GC(4047) User=0.11s Sys=0.00s Real=0.03s
[2023-12-20T09:10:30.483-0800][56780928ms] GC(4048) Pause Young (Normal) (G1 Evacuation Pause)
[2023-12-20T09:10:30.483-0800][56780928ms] GC(4048) Using 10 workers of 10 for evacuation
[2023-12-20T09:10:30.514-0800][56780959ms] GC(4048)   Pre Evacuate Collection Set: 0.1ms
[2023-12-20T09:10:30.514-0800][56780959ms] GC(4048)   Evacuate Collection Set: 27.0ms
[2023-12-20T09:10:30.514-0800][56780959ms] GC(4048)   Post Evacuate Collection Set: 3.0ms
[2023-12-20T09:10:30.514-0800][56780959ms] GC(4048)   Other: 0.4ms
[2023-12-20T09:10:30.514-0800][56780959ms] GC(4048) Eden regions: 753->0(752)
[2023-12-20T09:10:30.514-0800][56780959ms] GC(4048) Survivor regions: 30->31(98)
[2023-12-20T09:10:30.514-0800][56780959ms] GC(4048) Old regions: 194->194
[2023-12-20T09:10:30.514-0800][56780959ms] GC(4048) Humongous regions: 5->5
[2023-12-20T09:10:30.514-0800][56780959ms] GC(4048) Metaspace: 256603K->256603K(1294336K)
[2023-12-20T09:10:30.514-0800][56780959ms] GC(4048) Pause Young (Normal) (G1 Evacuation Pause) 1963M->458M(2612M) 30.611ms
[2023-12-20T09:10:30.514-0800][56780959ms] GC(4048) User=0.11s Sys=0.00s Real=0.03s
[2023-12-20T09:10:31.474-0800][56781919ms] GC(4049) Pause Young (Normal) (G1 Evacuation Pause)
[2023-12-20T09:10:31.474-0800][56781919ms] GC(4049) Using 10 workers of 10 for evacuation
[2023-12-20T09:10:31.505-0800][56781950ms] GC(4049)   Pre Evacuate Collection Set: 0.0ms
[2023-12-20T09:10:31.505-0800][56781950ms] GC(4049)   Evacuate Collection Set: 28.0ms
[2023-12-20T09:10:31.505-0800][56781950ms] GC(4049)   Post Evacuate Collection Set: 2.6ms
[2023-12-20T09:10:31.505-0800][56781950ms] GC(4049)   Other: 0.4ms
[2023-12-20T09:10:31.505-0800][56781950ms] GC(4049) Eden regions: 752->0(753)
[2023-12-20T09:10:31.505-0800][56781950ms] GC(4049) Survivor regions: 31->30(98)
[2023-12-20T09:10:31.505-0800][56781950ms] GC(4049) Old regions: 194->194
[2023-12-20T09:10:31.505-0800][56781950ms] GC(4049) Humongous regions: 5->5
[2023-12-20T09:10:31.505-0800][56781950ms] GC(4049) Metaspace: 256603K->256603K(1294336K)
[2023-12-20T09:10:31.505-0800][56781950ms] GC(4049) Pause Young (Normal) (G1 Evacuation Pause) 1962M->457M(2612M) 31.162ms
[2023-12-20T09:10:31.505-0800][56781950ms] GC(4049) User=0.19s Sys=0.00s Real=0.03s
[2023-12-20T09:10:32.424-0800][56782869ms] GC(4050) Pause Young (Normal) (G1 Evacuation Pause)
[2023-12-20T09:10:32.424-0800][56782869ms] GC(4050) Using 10 workers of 10 for evacuation
[2023-12-20T09:10:32.456-0800][56782901ms] GC(4050)   Pre Evacuate Collection Set: 0.0ms
[2023-12-20T09:10:32.456-0800][56782901ms] GC(4050)   Evacuate Collection Set: 28.5ms
[2023-12-20T09:10:32.456-0800][56782901ms] GC(4050)   Post Evacuate Collection Set: 2.8ms
[2023-12-20T09:10:32.456-0800][56782901ms] GC(4050)   Other: 0.4ms
[2023-12-20T09:10:32.456-0800][56782901ms] GC(4050) Eden regions: 753->0(752)
[2023-12-20T09:10:32.456-0800][56782901ms] GC(4050) Survivor regions: 30->31(98)
[2023-12-20T09:10:32.456-0800][56782901ms] GC(4050) Old regions: 194->194
[2023-12-20T09:10:32.456-0800][56782901ms] GC(4050) Humongous regions: 5->5
[2023-12-20T09:10:32.456-0800][56782901ms] GC(4050) Metaspace: 256603K->256603K(1294336K)
[2023-12-20T09:10:32.456-0800][56782901ms] GC(4050) Pause Young (Normal) (G1 Evacuation Pause) 1963M->458M(2612M) 31.861ms
[2023-12-20T09:10:32.456-0800][56782901ms] GC(4050) User=0.14s Sys=0.00s Real=0.03s
[2023-12-20T09:10:33.156-0800][56783601ms] GC(4051) Pause Young (Normal) (G1 Evacuation Pause)
[2023-12-20T09:10:33.156-0800][56783601ms] GC(4051) Using 10 workers of 10 for evacuation
[2023-12-20T09:10:33.186-0800][56783631ms] GC(4051)   Pre Evacuate Collection Set: 0.0ms
[2023-12-20T09:10:33.186-0800][56783631ms] GC(4051)   Evacuate Collection Set: 27.1ms
[2023-12-20T09:10:33.186-0800][56783631ms] GC(4051)   Post Evacuate Collection Set: 3.0ms
[2023-12-20T09:10:33.186-0800][56783631ms] GC(4051)   Other: 0.4ms
[2023-12-20T09:10:33.186-0800][56783631ms] GC(4051) Eden regions: 752->0(753)
[2023-12-20T09:10:33.186-0800][56783631ms] GC(4051) Survivor regions: 31->30(98)
[2023-12-20T09:10:33.186-0800][56783631ms] GC(4051) Old regions: 194->194
[2023-12-20T09:10:33.186-0800][56783631ms] GC(4051) Humongous regions: 5->5
[2023-12-20T09:10:33.186-0800][56783631ms] GC(4051) Metaspace: 256603K->256603K(1294336K)
[2023-12-20T09:10:33.186-0800][56783631ms] GC(4051) Pause Young (Normal) (G1 Evacuation Pause) 1962M->457M(2612M) 30.724ms
[2023-12-20T09:10:33.186-0800][56783631ms] GC(4051) User=0.06s Sys=0.00s Real=0.03s
[2023-12-20T09:10:33.851-0800][56784296ms] GC(4052) Pause Young (Normal) (G1 Evacuation Pause)
[2023-12-20T09:10:33.851-0800][56784296ms] GC(4052) Using 10 workers of 10 for evacuation
[2023-12-20T09:10:33.883-0800][56784328ms] GC(4052)   Pre Evacuate Collection Set: 0.0ms
[2023-12-20T09:10:33.883-0800][56784328ms] GC(4052)   Evacuate Collection Set: 29.0ms
[2023-12-20T09:10:33.883-0800][56784328ms] GC(4052)   Post Evacuate Collection Set: 3.1ms
[2023-12-20T09:10:33.883-0800][56784328ms] GC(4052)   Other: 0.4ms
[2023-12-20T09:10:33.883-0800][56784328ms] GC(4052) Eden regions: 753->0(753)
[2023-12-20T09:10:33.883-0800][56784328ms] GC(4052) Survivor regions: 30->30(98)
[2023-12-20T09:10:33.883-0800][56784328ms] GC(4052) Old regions: 194->194
[2023-12-20T09:10:33.883-0800][56784328ms] GC(4052) Humongous regions: 5->5
[2023-12-20T09:10:33.883-0800][56784328ms] GC(4052) Metaspace: 256603K->256603K(1294336K)
[2023-12-20T09:10:33.883-0800][56784328ms] GC(4052) Pause Young (Normal) (G1 Evacuation Pause) 1963M->457M(2612M) 32.705ms
[2023-12-20T09:10:33.883-0800][56784328ms] GC(4052) User=0.13s Sys=0.00s Real=0.03s
[2023-12-20T09:10:34.543-0800][56784988ms] GC(4053) Pause Young (Normal) (G1 Evacuation Pause)
[2023-12-20T09:10:34.543-0800][56784988ms] GC(4053) Using 10 workers of 10 for evacuation
[2023-12-20T09:10:34.572-0800][56785017ms] GC(4053)   Pre Evacuate Collection Set: 0.0ms
[2023-12-20T09:10:34.572-0800][56785017ms] GC(4053)   Evacuate Collection Set: 27.2ms
[2023-12-20T09:10:34.572-0800][56785017ms] GC(4053)   Post Evacuate Collection Set: 2.8ms
[2023-12-20T09:10:34.572-0800][56785017ms] GC(4053)   Other: 0.4ms
[2023-12-20T09:10:34.572-0800][56785017ms] GC(4053) Eden regions: 753->0(753)
[2023-12-20T09:10:34.572-0800][56785017ms] GC(4053) Survivor regions: 30->30(98)
[2023-12-20T09:10:34.572-0800][56785017ms] GC(4053) Old regions: 194->194
[2023-12-20T09:10:34.572-0800][56785017ms] GC(4053) Humongous regions: 5->5
[2023-12-20T09:10:34.572-0800][56785017ms] GC(4053) Metaspace: 256603K->256603K(1294336K)
[2023-12-20T09:10:34.572-0800][56785017ms] GC(4053) Pause Young (Normal) (G1 Evacuation Pause) 1963M->457M(2612M) 30.556ms
[2023-12-20T09:10:34.572-0800][56785017ms] GC(4053) User=0.08s Sys=0.00s Real=0.03s
[2023-12-20T09:10:35.302-0800][56785747ms] GC(4054) Pause Young (Normal) (G1 Evacuation Pause)
[2023-12-20T09:10:35.302-0800][56785747ms] GC(4054) Using 10 workers of 10 for evacuation
[2023-12-20T09:10:35.334-0800][56785779ms] GC(4054)   Pre Evacuate Collection Set: 0.1ms
[2023-12-20T09:10:35.334-0800][56785779ms] GC(4054)   Evacuate Collection Set: 29.2ms
[2023-12-20T09:10:35.334-0800][56785779ms] GC(4054)   Post Evacuate Collection Set: 3.3ms
[2023-12-20T09:10:35.334-0800][56785779ms] GC(4054)   Other: 0.5ms
[2023-12-20T09:10:35.334-0800][56785779ms] GC(4054) Eden regions: 753->0(752)
[2023-12-20T09:10:35.334-0800][56785779ms] GC(4054) Survivor regions: 30->31(98)
[2023-12-20T09:10:35.334-0800][56785779ms] GC(4054) Old regions: 194->194
[2023-12-20T09:10:35.334-0800][56785779ms] GC(4054) Humongous regions: 5->5
[2023-12-20T09:10:35.335-0800][56785780ms] GC(4054) Metaspace: 256603K->256603K(1294336K)
[2023-12-20T09:10:35.335-0800][56785780ms] GC(4054) Pause Young (Normal) (G1 Evacuation Pause) 1963M->458M(2612M) 33.241ms
[2023-12-20T09:10:35.335-0800][56785780ms] GC(4054) User=0.16s Sys=0.00s Real=0.03s
[2023-12-20T09:10:36.116-0800][56786561ms] GC(4055) Pause Young (Normal) (G1 Evacuation Pause)
[2023-12-20T09:10:36.116-0800][56786561ms] GC(4055) Using 10 workers of 10 for evacuation
[2023-12-20T09:10:36.146-0800][56786591ms] GC(4055)   Pre Evacuate Collection Set: 0.1ms
[2023-12-20T09:10:36.146-0800][56786591ms] GC(4055)   Evacuate Collection Set: 26.3ms
[2023-12-20T09:10:36.146-0800][56786591ms] GC(4055)   Post Evacuate Collection Set: 2.4ms
[2023-12-20T09:10:36.146-0800][56786591ms] GC(4055)   Other: 0.5ms
[2023-12-20T09:10:36.146-0800][56786591ms] GC(4055) Eden regions: 752->0(753)
[2023-12-20T09:10:36.146-0800][56786591ms] GC(4055) Survivor regions: 31->30(98)
[2023-12-20T09:10:36.146-0800][56786591ms] GC(4055) Old regions: 194->194
[2023-12-20T09:10:36.146-0800][56786591ms] GC(4055) Humongous regions: 5->5
[2023-12-20T09:10:36.146-0800][56786591ms] GC(4055) Metaspace: 256603K->256603K(1294336K)
[2023-12-20T09:10:36.146-0800][56786591ms] GC(4055) Pause Young (Normal) (G1 Evacuation Pause) 1962M->457M(2612M) 29.334ms
[2023-12-20T09:10:36.146-0800][56786591ms] GC(4055) User=0.11s Sys=0.00s Real=0.03s
[2023-12-20T09:10:36.907-0800][56787352ms] GC(4056) Pause Young (Normal) (G1 Evacuation Pause)
[2023-12-20T09:10:36.907-0800][56787352ms] GC(4056) Using 10 workers of 10 for evacuation
[2023-12-20T09:10:36.936-0800][56787381ms] GC(4056)   Pre Evacuate Collection Set: 0.1ms
[2023-12-20T09:10:36.936-0800][56787381ms] GC(4056)   Evacuate Collection Set: 26.9ms
[2023-12-20T09:10:36.936-0800][56787381ms] GC(4056)   Post Evacuate Collection Set: 2.7ms
[2023-12-20T09:10:36.937-0800][56787382ms] GC(4056)   Other: 0.4ms
[2023-12-20T09:10:36.937-0800][56787382ms] GC(4056) Eden regions: 753->0(752)
[2023-12-20T09:10:36.937-0800][56787382ms] GC(4056) Survivor regions: 30->31(98)
[2023-12-20T09:10:36.937-0800][56787382ms] GC(4056) Old regions: 194->194
[2023-12-20T09:10:36.937-0800][56787382ms] GC(4056) Humongous regions: 5->5
[2023-12-20T09:10:36.937-0800][56787382ms] GC(4056) Metaspace: 256603K->256603K(1294336K)
[2023-12-20T09:10:36.937-0800][56787382ms] GC(4056) Pause Young (Normal) (G1 Evacuation Pause) 1963M->458M(2612M) 30.234ms
[2023-12-20T09:10:36.937-0800][56787382ms] GC(4056) User=0.09s Sys=0.00s Real=0.03s
[2023-12-20T09:10:37.723-0800][56788168ms] GC(4057) Pause Young (Normal) (G1 Evacuation Pause)
[2023-12-20T09:10:37.723-0800][56788168ms] GC(4057) Using 10 workers of 10 for evacuation
[2023-12-20T09:10:37.753-0800][56788198ms] GC(4057)   Pre Evacuate Collection Set: 0.0ms
[2023-12-20T09:10:37.753-0800][56788198ms] GC(4057)   Evacuate Collection Set: 27.9ms
[2023-12-20T09:10:37.753-0800][56788198ms] GC(4057)   Post Evacuate Collection Set: 2.5ms
[2023-12-20T09:10:37.753-0800][56788198ms] GC(4057)   Other: 0.4ms
[2023-12-20T09:10:37.753-0800][56788198ms] GC(4057) Eden regions: 752->0(753)
[2023-12-20T09:10:37.753-0800][56788198ms] GC(4057) Survivor regions: 31->30(98)
[2023-12-20T09:10:37.753-0800][56788198ms] GC(4057) Old regions: 194->194
[2023-12-20T09:10:37.753-0800][56788198ms] GC(4057) Humongous regions: 5->5
[2023-12-20T09:10:37.753-0800][56788198ms] GC(4057) Metaspace: 256603K->256603K(1294336K)
[2023-12-20T09:10:37.753-0800][56788198ms] GC(4057) Pause Young (Normal) (G1 Evacuation Pause) 1962M->457M(2612M) 30.863ms
[2023-12-20T09:10:37.753-0800][56788198ms] GC(4057) User=0.14s Sys=0.00s Real=0.03s
[2023-12-20T09:10:38.586-0800][56789031ms] GC(4058) Pause Young (Normal) (G1 Evacuation Pause)
[2023-12-20T09:10:38.586-0800][56789031ms] GC(4058) Using 10 workers of 10 for evacuation
[2023-12-20T09:10:38.616-0800][56789061ms] GC(4058)   Pre Evacuate Collection Set: 0.0ms
[2023-12-20T09:10:38.616-0800][56789061ms] GC(4058)   Evacuate Collection Set: 26.8ms
[2023-12-20T09:10:38.616-0800][56789061ms] GC(4058)   Post Evacuate Collection Set: 2.6ms
[2023-12-20T09:10:38.616-0800][56789061ms] GC(4058)   Other: 0.4ms
[2023-12-20T09:10:38.616-0800][56789061ms] GC(4058) Eden regions: 753->0(752)
[2023-12-20T09:10:38.616-0800][56789061ms] GC(4058) Survivor regions: 30->31(98)
[2023-12-20T09:10:38.616-0800][56789061ms] GC(4058) Old regions: 194->194
[2023-12-20T09:10:38.616-0800][56789061ms] GC(4058) Humongous regions: 5->5
[2023-12-20T09:10:38.616-0800][56789061ms] GC(4058) Metaspace: 256603K->256603K(1294336K)
[2023-12-20T09:10:38.616-0800][56789061ms] GC(4058) Pause Young (Normal) (G1 Evacuation Pause) 1963M->458M(2612M) 29.910ms
[2023-12-20T09:10:38.616-0800][56789061ms] GC(4058) User=0.13s Sys=0.00s Real=0.03s
[2023-12-20T09:10:39.462-0800][56789907ms] GC(4059) Pause Young (Normal) (G1 Evacuation Pause)
[2023-12-20T09:10:39.462-0800][56789907ms] GC(4059) Using 10 workers of 10 for evacuation
[2023-12-20T09:10:39.492-0800][56789937ms] GC(4059)   Pre Evacuate Collection Set: 0.0ms
[2023-12-20T09:10:39.492-0800][56789937ms] GC(4059)   Evacuate Collection Set: 27.6ms
[2023-12-20T09:10:39.492-0800][56789937ms] GC(4059)   Post Evacuate Collection Set: 2.3ms
[2023-12-20T09:10:39.492-0800][56789937ms] GC(4059)   Other: 0.4ms
[2023-12-20T09:10:39.492-0800][56789937ms] GC(4059) Eden regions: 752->0(752)
[2023-12-20T09:10:39.492-0800][56789937ms] GC(4059) Survivor regions: 31->31(98)
[2023-12-20T09:10:39.492-0800][56789937ms] GC(4059) Old regions: 194->194
[2023-12-20T09:10:39.492-0800][56789937ms] GC(4059) Humongous regions: 5->5
[2023-12-20T09:10:39.492-0800][56789937ms] GC(4059) Metaspace: 256603K->256603K(1294336K)
[2023-12-20T09:10:39.492-0800][56789937ms] GC(4059) Pause Young (Normal) (G1 Evacuation Pause) 1962M->458M(2612M) 30.394ms
[2023-12-20T09:10:39.492-0800][56789937ms] GC(4059) User=0.08s Sys=0.00s Real=0.03s
[2023-12-20T09:10:40.324-0800][56790769ms] GC(4060) Pause Young (Normal) (G1 Evacuation Pause)
[2023-12-20T09:10:40.324-0800][56790769ms] GC(4060) Using 10 workers of 10 for evacuation
[2023-12-20T09:10:40.356-0800][56790801ms] GC(4060)   Pre Evacuate Collection Set: 0.0ms
[2023-12-20T09:10:40.356-0800][56790801ms] GC(4060)   Evacuate Collection Set: 28.8ms
[2023-12-20T09:10:40.356-0800][56790801ms] GC(4060)   Post Evacuate Collection Set: 3.0ms
[2023-12-20T09:10:40.356-0800][56790801ms] GC(4060)   Other: 0.5ms
[2023-12-20T09:10:40.356-0800][56790801ms] GC(4060) Eden regions: 752->0(753)
[2023-12-20T09:10:40.356-0800][56790801ms] GC(4060) Survivor regions: 31->30(98)
[2023-12-20T09:10:40.356-0800][56790801ms] GC(4060) Old regions: 194->194
[2023-12-20T09:10:40.356-0800][56790801ms] GC(4060) Humongous regions: 5->5
[2023-12-20T09:10:40.356-0800][56790801ms] GC(4060) Metaspace: 256603K->256603K(1294336K)
[2023-12-20T09:10:40.356-0800][56790801ms] GC(4060) Pause Young (Normal) (G1 Evacuation Pause) 1962M->456M(2612M) 32.395ms
[2023-12-20T09:10:40.356-0800][56790801ms] GC(4060) User=0.14s Sys=0.00s Real=0.03s
[2023-12-20T09:10:41.129-0800][56791574ms] GC(4061) Pause Young (Normal) (G1 Evacuation Pause)
[2023-12-20T09:10:41.129-0800][56791574ms] GC(4061) Using 10 workers of 10 for evacuation
[2023-12-20T09:10:41.158-0800][56791603ms] GC(4061)   Pre Evacuate Collection Set: 0.0ms
[2023-12-20T09:10:41.158-0800][56791603ms] GC(4061)   Evacuate Collection Set: 27.0ms
[2023-12-20T09:10:41.158-0800][56791603ms] GC(4061)   Post Evacuate Collection Set: 2.6ms
[2023-12-20T09:10:41.158-0800][56791603ms] GC(4061)   Other: 0.4ms
[2023-12-20T09:10:41.158-0800][56791603ms] GC(4061) Eden regions: 753->0(753)
[2023-12-20T09:10:41.158-0800][56791603ms] GC(4061) Survivor regions: 30->30(98)
[2023-12-20T09:10:41.158-0800][56791603ms] GC(4061) Old regions: 194->194
[2023-12-20T09:10:41.158-0800][56791603ms] GC(4061) Humongous regions: 5->5
[2023-12-20T09:10:41.158-0800][56791603ms] GC(4061) Metaspace: 256603K->256603K(1294336K)
[2023-12-20T09:10:41.158-0800][56791603ms] GC(4061) Pause Young (Normal) (G1 Evacuation Pause) 1962M->457M(2612M) 30.081ms
[2023-12-20T09:10:41.158-0800][56791603ms] GC(4061) User=0.11s Sys=0.00s Real=0.03s
[2023-12-20T09:10:41.878-0800][56792323ms] GC(4062) Pause Young (Normal) (G1 Evacuation Pause)
[2023-12-20T09:10:41.878-0800][56792323ms] GC(4062) Using 10 workers of 10 for evacuation
[2023-12-20T09:10:41.908-0800][56792353ms] GC(4062)   Pre Evacuate Collection Set: 0.0ms
[2023-12-20T09:10:41.908-0800][56792353ms] GC(4062)   Evacuate Collection Set: 26.6ms
[2023-12-20T09:10:41.908-0800][56792353ms] GC(4062)   Post Evacuate Collection Set: 2.5ms
[2023-12-20T09:10:41.908-0800][56792353ms] GC(4062)   Other: 0.4ms
[2023-12-20T09:10:41.908-0800][56792353ms] GC(4062) Eden regions: 753->0(753)
[2023-12-20T09:10:41.908-0800][56792353ms] GC(4062) Survivor regions: 30->30(98)
[2023-12-20T09:10:41.908-0800][56792353ms] GC(4062) Old regions: 194->194
[2023-12-20T09:10:41.908-0800][56792353ms] GC(4062) Humongous regions: 5->5
[2023-12-20T09:10:41.908-0800][56792353ms] GC(4062) Metaspace: 256603K->256603K(1294336K)
[2023-12-20T09:10:41.908-0800][56792353ms] GC(4062) Pause Young (Normal) (G1 Evacuation Pause) 1963M->457M(2612M) 29.631ms
[2023-12-20T09:10:41.908-0800][56792353ms] GC(4062) User=0.22s Sys=0.00s Real=0.03s
[2023-12-20T09:10:42.640-0800][56793085ms] GC(4063) Pause Young (Normal) (G1 Evacuation Pause)
[2023-12-20T09:10:42.640-0800][56793085ms] GC(4063) Using 10 workers of 10 for evacuation
[2023-12-20T09:10:42.669-0800][56793114ms] GC(4063)   Pre Evacuate Collection Set: 0.0ms
[2023-12-20T09:10:42.669-0800][56793114ms] GC(4063)   Evacuate Collection Set: 26.5ms
[2023-12-20T09:10:42.669-0800][56793114ms] GC(4063)   Post Evacuate Collection Set: 2.6ms
[2023-12-20T09:10:42.669-0800][56793114ms] GC(4063)   Other: 0.4ms
[2023-12-20T09:10:42.669-0800][56793114ms] GC(4063) Eden regions: 753->0(753)
[2023-12-20T09:10:42.669-0800][56793114ms] GC(4063) Survivor regions: 30->30(98)
[2023-12-20T09:10:42.669-0800][56793114ms] GC(4063) Old regions: 194->194
[2023-12-20T09:10:42.669-0800][56793114ms] GC(4063) Humongous regions: 5->5
[2023-12-20T09:10:42.669-0800][56793114ms] GC(4063) Metaspace: 256603K->256603K(1294336K)
[2023-12-20T09:10:42.669-0800][56793114ms] GC(4063) Pause Young (Normal) (G1 Evacuation Pause) 1963M->457M(2612M) 29.601ms
[2023-12-20T09:10:42.670-0800][56793115ms] GC(4063) User=0.11s Sys=0.00s Real=0.03s
[2023-12-20T09:10:43.304-0800][56793749ms] GC(4064) Pause Young (Normal) (G1 Evacuation Pause)
[2023-12-20T09:10:43.304-0800][56793749ms] GC(4064) Using 10 workers of 10 for evacuation
[2023-12-20T09:10:43.335-0800][56793780ms] GC(4064)   Pre Evacuate Collection Set: 0.0ms
[2023-12-20T09:10:43.335-0800][56793780ms] GC(4064)   Evacuate Collection Set: 26.6ms
[2023-12-20T09:10:43.335-0800][56793780ms] GC(4064)   Post Evacuate Collection Set: 3.6ms
[2023-12-20T09:10:43.335-0800][56793780ms] GC(4064)   Other: 0.4ms
[2023-12-20T09:10:43.335-0800][56793780ms] GC(4064) Eden regions: 753->0(753)
[2023-12-20T09:10:43.335-0800][56793780ms] GC(4064) Survivor regions: 30->30(98)
[2023-12-20T09:10:43.335-0800][56793780ms] GC(4064) Old regions: 194->194
[2023-12-20T09:10:43.335-0800][56793780ms] GC(4064) Humongous regions: 5->5
[2023-12-20T09:10:43.335-0800][56793780ms] GC(4064) Metaspace: 256603K->256603K(1294336K)
[2023-12-20T09:10:43.335-0800][56793780ms] GC(4064) Pause Young (Normal) (G1 Evacuation Pause) 1963M->457M(2612M) 30.834ms
[2023-12-20T09:10:43.335-0800][56793780ms] GC(4064) User=0.08s Sys=0.00s Real=0.03s
[2023-12-20T09:10:43.984-0800][56794429ms] GC(4065) Pause Young (Normal) (G1 Evacuation Pause)
[2023-12-20T09:10:43.984-0800][56794429ms] GC(4065) Using 10 workers of 10 for evacuation
[2023-12-20T09:10:44.013-0800][56794458ms] GC(4065)   Pre Evacuate Collection Set: 0.1ms
[2023-12-20T09:10:44.013-0800][56794458ms] GC(4065)   Evacuate Collection Set: 26.2ms
[2023-12-20T09:10:44.013-0800][56794458ms] GC(4065)   Post Evacuate Collection Set: 2.6ms
[2023-12-20T09:10:44.013-0800][56794458ms] GC(4065)   Other: 0.4ms
[2023-12-20T09:10:44.013-0800][56794458ms] GC(4065) Eden regions: 753->0(753)
[2023-12-20T09:10:44.013-0800][56794458ms] GC(4065) Survivor regions: 30->30(98)
[2023-12-20T09:10:44.013-0800][56794458ms] GC(4065) Old regions: 194->195
[2023-12-20T09:10:44.013-0800][56794458ms] GC(4065) Humongous regions: 5->5
[2023-12-20T09:10:44.013-0800][56794458ms] GC(4065) Metaspace: 256603K->256603K(1294336K)
[2023-12-20T09:10:44.013-0800][56794458ms] GC(4065) Pause Young (Normal) (G1 Evacuation Pause) 1963M->458M(2612M) 29.376ms
[2023-12-20T09:10:44.013-0800][56794458ms] GC(4065) User=0.09s Sys=0.00s Real=0.03s
[2023-12-20T09:10:44.697-0800][56795142ms] GC(4066) Pause Young (Normal) (G1 Evacuation Pause)
[2023-12-20T09:10:44.697-0800][56795142ms] GC(4066) Using 10 workers of 10 for evacuation
[2023-12-20T09:10:44.727-0800][56795172ms] GC(4066)   Pre Evacuate Collection Set: 0.0ms
[2023-12-20T09:10:44.727-0800][56795172ms] GC(4066)   Evacuate Collection Set: 27.7ms
[2023-12-20T09:10:44.727-0800][56795172ms] GC(4066)   Post Evacuate Collection Set: 2.5ms
[2023-12-20T09:10:44.727-0800][56795172ms] GC(4066)   Other: 0.5ms
[2023-12-20T09:10:44.727-0800][56795172ms] GC(4066) Eden regions: 753->0(753)
[2023-12-20T09:10:44.727-0800][56795172ms] GC(4066) Survivor regions: 30->30(98)
[2023-12-20T09:10:44.727-0800][56795172ms] GC(4066) Old regions: 195->195
[2023-12-20T09:10:44.727-0800][56795172ms] GC(4066) Humongous regions: 5->5
[2023-12-20T09:10:44.727-0800][56795172ms] GC(4066) Metaspace: 256603K->256603K(1294336K)
[2023-12-20T09:10:44.727-0800][56795172ms] GC(4066) Pause Young (Normal) (G1 Evacuation Pause) 1964M->457M(2612M) 30.886ms
[2023-12-20T09:10:44.727-0800][56795172ms] GC(4066) User=0.09s Sys=0.00s Real=0.03s
[2023-12-20T09:10:45.489-0800][56795934ms] GC(4067) Pause Young (Normal) (G1 Evacuation Pause)
[2023-12-20T09:10:45.489-0800][56795934ms] GC(4067) Using 10 workers of 10 for evacuation
[2023-12-20T09:10:45.517-0800][56795962ms] GC(4067)   Pre Evacuate Collection Set: 0.0ms
[2023-12-20T09:10:45.517-0800][56795962ms] GC(4067)   Evacuate Collection Set: 26.3ms
[2023-12-20T09:10:45.517-0800][56795962ms] GC(4067)   Post Evacuate Collection Set: 2.5ms
[2023-12-20T09:10:45.517-0800][56795962ms] GC(4067)   Other: 0.4ms
[2023-12-20T09:10:45.517-0800][56795962ms] GC(4067) Eden regions: 753->0(753)
[2023-12-20T09:10:45.517-0800][56795962ms] GC(4067) Survivor regions: 30->30(98)
[2023-12-20T09:10:45.517-0800][56795962ms] GC(4067) Old regions: 195->195
[2023-12-20T09:10:45.517-0800][56795962ms] GC(4067) Humongous regions: 5->5
[2023-12-20T09:10:45.517-0800][56795962ms] GC(4067) Metaspace: 256603K->256603K(1294336K)
[2023-12-20T09:10:45.517-0800][56795962ms] GC(4067) Pause Young (Normal) (G1 Evacuation Pause) 1963M->458M(2612M) 29.390ms
[2023-12-20T09:10:45.517-0800][56795962ms] GC(4067) User=0.14s Sys=0.00s Real=0.03s
[2023-12-20T09:10:46.180-0800][56796625ms] GC(4068) Pause Young (Normal) (G1 Evacuation Pause)
[2023-12-20T09:10:46.180-0800][56796625ms] GC(4068) Using 10 workers of 10 for evacuation
[2023-12-20T09:10:46.210-0800][56796655ms] GC(4068)   Pre Evacuate Collection Set: 0.0ms
[2023-12-20T09:10:46.210-0800][56796655ms] GC(4068)   Evacuate Collection Set: 28.1ms
[2023-12-20T09:10:46.210-0800][56796655ms] GC(4068)   Post Evacuate Collection Set: 2.4ms
[2023-12-20T09:10:46.210-0800][56796655ms] GC(4068)   Other: 0.3ms
[2023-12-20T09:10:46.210-0800][56796655ms] GC(4068) Eden regions: 753->0(753)
[2023-12-20T09:10:46.210-0800][56796655ms] GC(4068) Survivor regions: 30->30(98)
[2023-12-20T09:10:46.210-0800][56796655ms] GC(4068) Old regions: 195->195
[2023-12-20T09:10:46.210-0800][56796655ms] GC(4068) Humongous regions: 5->5
[2023-12-20T09:10:46.210-0800][56796655ms] GC(4068) Metaspace: 256603K->256603K(1294336K)
[2023-12-20T09:10:46.210-0800][56796655ms] GC(4068) Pause Young (Normal) (G1 Evacuation Pause) 1964M->458M(2612M) 31.025ms
[2023-12-20T09:10:46.210-0800][56796655ms] GC(4068) User=0.11s Sys=0.00s Real=0.03s
[2023-12-20T09:10:46.791-0800][56797236ms] GC(4069) Pause Young (Normal) (G1 Evacuation Pause)
[2023-12-20T09:10:46.791-0800][56797236ms] GC(4069) Using 10 workers of 10 for evacuation
[2023-12-20T09:10:46.819-0800][56797264ms] GC(4069)   Pre Evacuate Collection Set: 0.0ms
[2023-12-20T09:10:46.819-0800][56797264ms] GC(4069)   Evacuate Collection Set: 25.4ms
[2023-12-20T09:10:46.819-0800][56797264ms] GC(4069)   Post Evacuate Collection Set: 2.3ms
[2023-12-20T09:10:46.819-0800][56797264ms] GC(4069)   Other: 0.4ms
[2023-12-20T09:10:46.819-0800][56797264ms] GC(4069) Eden regions: 753->0(753)
[2023-12-20T09:10:46.819-0800][56797264ms] GC(4069) Survivor regions: 30->30(98)
[2023-12-20T09:10:46.819-0800][56797264ms] GC(4069) Old regions: 195->195
[2023-12-20T09:10:46.819-0800][56797264ms] GC(4069) Humongous regions: 5->5
[2023-12-20T09:10:46.819-0800][56797264ms] GC(4069) Metaspace: 256603K->256603K(1294336K)
[2023-12-20T09:10:46.819-0800][56797264ms] GC(4069) Pause Young (Normal) (G1 Evacuation Pause) 1964M->458M(2612M) 28.316ms
[2023-12-20T09:10:46.819-0800][56797264ms] GC(4069) User=0.09s Sys=0.00s Real=0.03s
[2023-12-20T09:10:47.702-0800][56798147ms] GC(4070) Pause Young (Normal) (G1 Evacuation Pause)
[2023-12-20T09:10:47.702-0800][56798147ms] GC(4070) Using 10 workers of 10 for evacuation
[2023-12-20T09:10:47.732-0800][56798177ms] GC(4070)   Pre Evacuate Collection Set: 0.1ms
[2023-12-20T09:10:47.732-0800][56798177ms] GC(4070)   Evacuate Collection Set: 27.6ms
[2023-12-20T09:10:47.732-0800][56798177ms] GC(4070)   Post Evacuate Collection Set: 2.5ms
[2023-12-20T09:10:47.732-0800][56798177ms] GC(4070)   Other: 0.4ms
[2023-12-20T09:10:47.732-0800][56798177ms] GC(4070) Eden regions: 753->0(753)
[2023-12-20T09:10:47.732-0800][56798177ms] GC(4070) Survivor regions: 30->30(98)
[2023-12-20T09:10:47.732-0800][56798177ms] GC(4070) Old regions: 195->195
[2023-12-20T09:10:47.732-0800][56798177ms] GC(4070) Humongous regions: 5->5
[2023-12-20T09:10:47.732-0800][56798177ms] GC(4070) Metaspace: 256603K->256603K(1294336K)
[2023-12-20T09:10:47.732-0800][56798177ms] GC(4070) Pause Young (Normal) (G1 Evacuation Pause) 1964M->458M(2612M) 30.696ms
[2023-12-20T09:10:47.732-0800][56798177ms] GC(4070) User=0.06s Sys=0.00s Real=0.03s
[2023-12-20T09:10:48.768-0800][56799213ms] GC(4071) Pause Young (Normal) (G1 Evacuation Pause)
[2023-12-20T09:10:48.768-0800][56799213ms] GC(4071) Using 10 workers of 10 for evacuation
[2023-12-20T09:10:48.798-0800][56799243ms] GC(4071)   Pre Evacuate Collection Set: 0.0ms
[2023-12-20T09:10:48.798-0800][56799243ms] GC(4071)   Evacuate Collection Set: 27.7ms
[2023-12-20T09:10:48.798-0800][56799243ms] GC(4071)   Post Evacuate Collection Set: 2.4ms
[2023-12-20T09:10:48.798-0800][56799243ms] GC(4071)   Other: 0.4ms
[2023-12-20T09:10:48.798-0800][56799243ms] GC(4071) Eden regions: 753->0(753)
[2023-12-20T09:10:48.798-0800][56799243ms] GC(4071) Survivor regions: 30->30(98)
[2023-12-20T09:10:48.798-0800][56799243ms] GC(4071) Old regions: 195->195
[2023-12-20T09:10:48.798-0800][56799243ms] GC(4071) Humongous regions: 5->5
[2023-12-20T09:10:48.798-0800][56799243ms] GC(4071) Metaspace: 256603K->256603K(1294336K)
[2023-12-20T09:10:48.798-0800][56799243ms] GC(4071) Pause Young (Normal) (G1 Evacuation Pause) 1964M->458M(2612M) 30.729ms
[2023-12-20T09:10:48.798-0800][56799243ms] GC(4071) User=0.08s Sys=0.00s Real=0.03s
[2023-12-20T09:10:49.625-0800][56800070ms] GC(4072) Pause Young (Normal) (G1 Evacuation Pause)
[2023-12-20T09:10:49.626-0800][56800071ms] GC(4072) Using 10 workers of 10 for evacuation
[2023-12-20T09:10:49.655-0800][56800100ms] GC(4072)   Pre Evacuate Collection Set: 0.0ms
[2023-12-20T09:10:49.655-0800][56800100ms] GC(4072)   Evacuate Collection Set: 27.5ms
[2023-12-20T09:10:49.655-0800][56800100ms] GC(4072)   Post Evacuate Collection Set: 2.4ms
[2023-12-20T09:10:49.656-0800][56800101ms] GC(4072)   Other: 0.4ms
[2023-12-20T09:10:49.656-0800][56800101ms] GC(4072) Eden regions: 753->0(753)
[2023-12-20T09:10:49.656-0800][56800101ms] GC(4072) Survivor regions: 30->30(98)
[2023-12-20T09:10:49.656-0800][56800101ms] GC(4072) Old regions: 195->195
[2023-12-20T09:10:49.656-0800][56800101ms] GC(4072) Humongous regions: 5->5
[2023-12-20T09:10:49.656-0800][56800101ms] GC(4072) Metaspace: 256603K->256603K(1294336K)
[2023-12-20T09:10:49.656-0800][56800101ms] GC(4072) Pause Young (Normal) (G1 Evacuation Pause) 1964M->458M(2612M) 30.492ms
[2023-12-20T09:10:49.656-0800][56800101ms] GC(4072) User=0.03s Sys=0.00s Real=0.03s
[2023-12-20T09:10:50.530-0800][56800975ms] GC(4073) Pause Young (Normal) (G1 Evacuation Pause)
[2023-12-20T09:10:50.530-0800][56800975ms] GC(4073) Using 10 workers of 10 for evacuation
[2023-12-20T09:10:50.561-0800][56801006ms] GC(4073)   Pre Evacuate Collection Set: 0.0ms
[2023-12-20T09:10:50.561-0800][56801006ms] GC(4073)   Evacuate Collection Set: 27.6ms
[2023-12-20T09:10:50.561-0800][56801006ms] GC(4073)   Post Evacuate Collection Set: 2.7ms
[2023-12-20T09:10:50.561-0800][56801006ms] GC(4073)   Other: 0.4ms
[2023-12-20T09:10:50.561-0800][56801006ms] GC(4073) Eden regions: 753->0(753)
[2023-12-20T09:10:50.561-0800][56801006ms] GC(4073) Survivor regions: 30->30(98)
[2023-12-20T09:10:50.561-0800][56801006ms] GC(4073) Old regions: 195->195
[2023-12-20T09:10:50.561-0800][56801006ms] GC(4073) Humongous regions: 5->5
[2023-12-20T09:10:50.561-0800][56801006ms] GC(4073) Metaspace: 256603K->256603K(1294336K)
[2023-12-20T09:10:50.561-0800][56801006ms] GC(4073) Pause Young (Normal) (G1 Evacuation Pause) 1964M->457M(2612M) 30.799ms
[2023-12-20T09:10:50.561-0800][56801006ms] GC(4073) User=0.16s Sys=0.00s Real=0.03s
[2023-12-20T09:10:51.456-0800][56801901ms] GC(4074) Pause Young (Normal) (G1 Evacuation Pause)
[2023-12-20T09:10:51.456-0800][56801901ms] GC(4074) Using 10 workers of 10 for evacuation
[2023-12-20T09:10:51.491-0800][56801936ms] GC(4074)   Pre Evacuate Collection Set: 0.0ms
[2023-12-20T09:10:51.491-0800][56801936ms] GC(4074)   Evacuate Collection Set: 32.6ms
[2023-12-20T09:10:51.491-0800][56801936ms] GC(4074)   Post Evacuate Collection Set: 2.9ms
[2023-12-20T09:10:51.491-0800][56801936ms] GC(4074)   Other: 0.4ms
[2023-12-20T09:10:51.491-0800][56801936ms] GC(4074) Eden regions: 753->0(753)
[2023-12-20T09:10:51.491-0800][56801936ms] GC(4074) Survivor regions: 30->30(98)
[2023-12-20T09:10:51.491-0800][56801936ms] GC(4074) Old regions: 195->195
[2023-12-20T09:10:51.491-0800][56801936ms] GC(4074) Humongous regions: 5->5
[2023-12-20T09:10:51.491-0800][56801936ms] GC(4074) Metaspace: 256603K->256603K(1294336K)
[2023-12-20T09:10:51.491-0800][56801936ms] GC(4074) Pause Young (Normal) (G1 Evacuation Pause) 1963M->458M(2612M) 36.120ms
[2023-12-20T09:10:51.491-0800][56801936ms] GC(4074) User=0.11s Sys=0.00s Real=0.03s
[2023-12-20T09:10:52.388-0800][56802833ms] GC(4075) Pause Young (Normal) (G1 Evacuation Pause)
[2023-12-20T09:10:52.388-0800][56802833ms] GC(4075) Using 10 workers of 10 for evacuation
[2023-12-20T09:10:52.420-0800][56802865ms] GC(4075)   Pre Evacuate Collection Set: 0.1ms
[2023-12-20T09:10:52.420-0800][56802865ms] GC(4075)   Evacuate Collection Set: 28.3ms
[2023-12-20T09:10:52.420-0800][56802865ms] GC(4075)   Post Evacuate Collection Set: 2.5ms
[2023-12-20T09:10:52.420-0800][56802865ms] GC(4075)   Other: 0.4ms
[2023-12-20T09:10:52.420-0800][56802865ms] GC(4075) Eden regions: 753->0(753)
[2023-12-20T09:10:52.420-0800][56802865ms] GC(4075) Survivor regions: 30->30(98)
[2023-12-20T09:10:52.420-0800][56802865ms] GC(4075) Old regions: 195->195
[2023-12-20T09:10:52.420-0800][56802865ms] GC(4075) Humongous regions: 5->5
[2023-12-20T09:10:52.420-0800][56802865ms] GC(4075) Metaspace: 256603K->256603K(1294336K)
[2023-12-20T09:10:52.420-0800][56802865ms] GC(4075) Pause Young (Normal) (G1 Evacuation Pause) 1964M->458M(2612M) 31.404ms
[2023-12-20T09:10:52.420-0800][56802865ms] GC(4075) User=0.11s Sys=0.00s Real=0.03s
[2023-12-20T09:10:53.387-0800][56803832ms] GC(4076) Pause Young (Normal) (GCLocker Initiated GC)
[2023-12-20T09:10:53.387-0800][56803832ms] GC(4076) Using 10 workers of 10 for evacuation
[2023-12-20T09:10:53.420-0800][56803865ms] GC(4076)   Pre Evacuate Collection Set: 0.0ms
[2023-12-20T09:10:53.420-0800][56803865ms] GC(4076)   Evacuate Collection Set: 29.4ms
[2023-12-20T09:10:53.420-0800][56803865ms] GC(4076)   Post Evacuate Collection Set: 3.1ms
[2023-12-20T09:10:53.420-0800][56803865ms] GC(4076)   Other: 0.4ms
[2023-12-20T09:10:53.420-0800][56803865ms] GC(4076) Eden regions: 754->0(753)
[2023-12-20T09:10:53.420-0800][56803865ms] GC(4076) Survivor regions: 30->30(98)
[2023-12-20T09:10:53.420-0800][56803865ms] GC(4076) Old regions: 195->195
[2023-12-20T09:10:53.420-0800][56803865ms] GC(4076) Humongous regions: 5->5
[2023-12-20T09:10:53.420-0800][56803865ms] GC(4076) Metaspace: 256603K->256603K(1294336K)
[2023-12-20T09:10:53.420-0800][56803865ms] GC(4076) Pause Young (Normal) (GCLocker Initiated GC) 1965M->458M(2612M) 33.070ms
[2023-12-20T09:10:53.420-0800][56803865ms] GC(4076) User=0.17s Sys=0.00s Real=0.03s
[2023-12-20T09:10:54.251-0800][56804696ms] GC(4077) Pause Young (Normal) (GCLocker Initiated GC)
[2023-12-20T09:10:54.251-0800][56804696ms] GC(4077) Using 10 workers of 10 for evacuation
[2023-12-20T09:10:54.283-0800][56804728ms] GC(4077)   Pre Evacuate Collection Set: 0.1ms
[2023-12-20T09:10:54.283-0800][56804728ms] GC(4077)   Evacuate Collection Set: 28.7ms
[2023-12-20T09:10:54.283-0800][56804728ms] GC(4077)   Post Evacuate Collection Set: 3.0ms
[2023-12-20T09:10:54.283-0800][56804728ms] GC(4077)   Other: 0.4ms
[2023-12-20T09:10:54.283-0800][56804728ms] GC(4077) Eden regions: 754->0(753)
[2023-12-20T09:10:54.283-0800][56804728ms] GC(4077) Survivor regions: 30->30(98)
[2023-12-20T09:10:54.283-0800][56804728ms] GC(4077) Old regions: 195->195
[2023-12-20T09:10:54.283-0800][56804728ms] GC(4077) Humongous regions: 5->5
[2023-12-20T09:10:54.283-0800][56804728ms] GC(4077) Metaspace: 256605K->256605K(1294336K)
[2023-12-20T09:10:54.283-0800][56804728ms] GC(4077) Pause Young (Normal) (GCLocker Initiated GC) 1965M->458M(2612M) 32.214ms
[2023-12-20T09:10:54.283-0800][56804728ms] GC(4077) User=0.14s Sys=0.00s Real=0.03s
[2023-12-20T09:10:55.150-0800][56805595ms] GC(4078) Pause Young (Normal) (GCLocker Initiated GC)
[2023-12-20T09:10:55.150-0800][56805595ms] GC(4078) Using 10 workers of 10 for evacuation
[2023-12-20T09:10:55.180-0800][56805625ms] GC(4078)   Pre Evacuate Collection Set: 0.1ms
[2023-12-20T09:10:55.180-0800][56805625ms] GC(4078)   Evacuate Collection Set: 27.4ms
[2023-12-20T09:10:55.180-0800][56805625ms] GC(4078)   Post Evacuate Collection Set: 2.5ms
[2023-12-20T09:10:55.180-0800][56805625ms] GC(4078)   Other: 0.5ms
[2023-12-20T09:10:55.180-0800][56805625ms] GC(4078) Eden regions: 754->0(753)
[2023-12-20T09:10:55.180-0800][56805625ms] GC(4078) Survivor regions: 30->30(98)
[2023-12-20T09:10:55.180-0800][56805625ms] GC(4078) Old regions: 195->195
[2023-12-20T09:10:55.180-0800][56805625ms] GC(4078) Humongous regions: 5->5
[2023-12-20T09:10:55.180-0800][56805625ms] GC(4078) Metaspace: 256605K->256605K(1294336K)
[2023-12-20T09:10:55.180-0800][56805625ms] GC(4078) Pause Young (Normal) (GCLocker Initiated GC) 1965M->458M(2612M) 30.602ms
[2023-12-20T09:10:55.180-0800][56805625ms] GC(4078) User=0.09s Sys=0.00s Real=0.03s
[2023-12-20T09:10:56.122-0800][56806567ms] GC(4079) Pause Young (Normal) (G1 Evacuation Pause)
[2023-12-20T09:10:56.122-0800][56806567ms] GC(4079) Using 10 workers of 10 for evacuation
[2023-12-20T09:10:56.153-0800][56806598ms] GC(4079)   Pre Evacuate Collection Set: 0.1ms
[2023-12-20T09:10:56.153-0800][56806598ms] GC(4079)   Evacuate Collection Set: 27.6ms
[2023-12-20T09:10:56.153-0800][56806598ms] GC(4079)   Post Evacuate Collection Set: 3.0ms
[2023-12-20T09:10:56.153-0800][56806598ms] GC(4079)   Other: 0.4ms
[2023-12-20T09:10:56.153-0800][56806598ms] GC(4079) Eden regions: 753->0(753)
[2023-12-20T09:10:56.153-0800][56806598ms] GC(4079) Survivor regions: 30->30(98)
[2023-12-20T09:10:56.153-0800][56806598ms] GC(4079) Old regions: 195->195
[2023-12-20T09:10:56.153-0800][56806598ms] GC(4079) Humongous regions: 5->5
[2023-12-20T09:10:56.153-0800][56806598ms] GC(4079) Metaspace: 256605K->256605K(1294336K)
[2023-12-20T09:10:56.153-0800][56806598ms] GC(4079) Pause Young (Normal) (G1 Evacuation Pause) 1964M->458M(2612M) 31.207ms
[2023-12-20T09:10:56.153-0800][56806598ms] GC(4079) User=0.13s Sys=0.00s Real=0.03s
[2023-12-20T09:10:57.049-0800][56807494ms] GC(4080) Pause Young (Normal) (G1 Evacuation Pause)
[2023-12-20T09:10:57.049-0800][56807494ms] GC(4080) Using 10 workers of 10 for evacuation
[2023-12-20T09:10:57.086-0800][56807531ms] GC(4080)   Pre Evacuate Collection Set: 0.0ms
[2023-12-20T09:10:57.086-0800][56807531ms] GC(4080)   Evacuate Collection Set: 29.7ms
[2023-12-20T09:10:57.086-0800][56807531ms] GC(4080)   Post Evacuate Collection Set: 6.7ms
[2023-12-20T09:10:57.086-0800][56807531ms] GC(4080)   Other: 0.4ms
[2023-12-20T09:10:57.086-0800][56807531ms] GC(4080) Eden regions: 753->0(753)
[2023-12-20T09:10:57.086-0800][56807531ms] GC(4080) Survivor regions: 30->30(98)
[2023-12-20T09:10:57.086-0800][56807531ms] GC(4080) Old regions: 195->195
[2023-12-20T09:10:57.086-0800][56807531ms] GC(4080) Humongous regions: 5->5
[2023-12-20T09:10:57.086-0800][56807531ms] GC(4080) Metaspace: 256605K->256605K(1294336K)
[2023-12-20T09:10:57.086-0800][56807531ms] GC(4080) Pause Young (Normal) (G1 Evacuation Pause) 1964M->458M(2612M) 37.019ms
[2023-12-20T09:10:57.086-0800][56807531ms] GC(4080) User=0.14s Sys=0.00s Real=0.04s
[2023-12-20T09:10:58.013-0800][56808458ms] GC(4081) Pause Young (Normal) (G1 Evacuation Pause)
[2023-12-20T09:10:58.013-0800][56808458ms] GC(4081) Using 10 workers of 10 for evacuation
[2023-12-20T09:10:58.043-0800][56808488ms] GC(4081)   Pre Evacuate Collection Set: 0.0ms
[2023-12-20T09:10:58.043-0800][56808488ms] GC(4081)   Evacuate Collection Set: 27.2ms
[2023-12-20T09:10:58.043-0800][56808488ms] GC(4081)   Post Evacuate Collection Set: 2.8ms
[2023-12-20T09:10:58.043-0800][56808488ms] GC(4081)   Other: 0.4ms
[2023-12-20T09:10:58.043-0800][56808488ms] GC(4081) Eden regions: 753->0(753)
[2023-12-20T09:10:58.043-0800][56808488ms] GC(4081) Survivor regions: 30->30(98)
[2023-12-20T09:10:58.043-0800][56808488ms] GC(4081) Old regions: 195->195
[2023-12-20T09:10:58.043-0800][56808488ms] GC(4081) Humongous regions: 5->5
[2023-12-20T09:10:58.043-0800][56808488ms] GC(4081) Metaspace: 256605K->256605K(1294336K)
[2023-12-20T09:10:58.043-0800][56808488ms] GC(4081) Pause Young (Normal) (G1 Evacuation Pause) 1964M->457M(2612M) 30.591ms
[2023-12-20T09:10:58.043-0800][56808488ms] GC(4081) User=0.09s Sys=0.00s Real=0.03s
[2023-12-20T09:10:58.949-0800][56809394ms] GC(4082) Pause Young (Normal) (G1 Evacuation Pause)
[2023-12-20T09:10:58.949-0800][56809394ms] GC(4082) Using 10 workers of 10 for evacuation
[2023-12-20T09:10:58.979-0800][56809424ms] GC(4082)   Pre Evacuate Collection Set: 0.0ms
[2023-12-20T09:10:58.979-0800][56809424ms] GC(4082)   Evacuate Collection Set: 26.8ms
[2023-12-20T09:10:58.979-0800][56809424ms] GC(4082)   Post Evacuate Collection Set: 2.9ms
[2023-12-20T09:10:58.979-0800][56809424ms] GC(4082)   Other: 0.4ms
[2023-12-20T09:10:58.979-0800][56809424ms] GC(4082) Eden regions: 753->0(753)
[2023-12-20T09:10:58.979-0800][56809424ms] GC(4082) Survivor regions: 30->30(98)
[2023-12-20T09:10:58.979-0800][56809424ms] GC(4082) Old regions: 195->195
[2023-12-20T09:10:58.979-0800][56809424ms] GC(4082) Humongous regions: 5->5
[2023-12-20T09:10:58.979-0800][56809424ms] GC(4082) Metaspace: 256606K->256606K(1294336K)
[2023-12-20T09:10:58.979-0800][56809424ms] GC(4082) Pause Young (Normal) (G1 Evacuation Pause) 1963M->458M(2612M) 30.237ms
[2023-12-20T09:10:58.979-0800][56809424ms] GC(4082) User=0.13s Sys=0.00s Real=0.03s
[2023-12-20T09:10:59.885-0800][56810330ms] GC(4083) Pause Young (Normal) (G1 Evacuation Pause)
[2023-12-20T09:10:59.885-0800][56810330ms] GC(4083) Using 10 workers of 10 for evacuation
[2023-12-20T09:10:59.915-0800][56810360ms] GC(4083)   Pre Evacuate Collection Set: 0.0ms
[2023-12-20T09:10:59.915-0800][56810360ms] GC(4083)   Evacuate Collection Set: 27.6ms
[2023-12-20T09:10:59.915-0800][56810360ms] GC(4083)   Post Evacuate Collection Set: 2.4ms
[2023-12-20T09:10:59.915-0800][56810360ms] GC(4083)   Other: 0.3ms
[2023-12-20T09:10:59.915-0800][56810360ms] GC(4083) Eden regions: 753->0(753)
[2023-12-20T09:10:59.915-0800][56810360ms] GC(4083) Survivor regions: 30->30(98)
[2023-12-20T09:10:59.915-0800][56810360ms] GC(4083) Old regions: 195->195
[2023-12-20T09:10:59.915-0800][56810360ms] GC(4083) Humongous regions: 5->5
[2023-12-20T09:10:59.915-0800][56810360ms] GC(4083) Metaspace: 256606K->256606K(1294336K)
[2023-12-20T09:10:59.915-0800][56810360ms] GC(4083) Pause Young (Normal) (G1 Evacuation Pause) 1964M->458M(2612M) 30.462ms
[2023-12-20T09:10:59.915-0800][56810360ms] GC(4083) User=0.09s Sys=0.00s Real=0.03s
[2023-12-20T09:11:00.861-0800][56811306ms] GC(4084) Pause Young (Normal) (G1 Evacuation Pause)
[2023-12-20T09:11:00.861-0800][56811306ms] GC(4084) Using 10 workers of 10 for evacuation
[2023-12-20T09:11:00.891-0800][56811336ms] GC(4084)   Pre Evacuate Collection Set: 0.0ms
[2023-12-20T09:11:00.891-0800][56811336ms] GC(4084)   Evacuate Collection Set: 26.7ms
[2023-12-20T09:11:00.891-0800][56811336ms] GC(4084)   Post Evacuate Collection Set: 2.5ms
[2023-12-20T09:11:00.891-0800][56811336ms] GC(4084)   Other: 0.4ms
[2023-12-20T09:11:00.891-0800][56811336ms] GC(4084) Eden regions: 753->0(753)
[2023-12-20T09:11:00.891-0800][56811336ms] GC(4084) Survivor regions: 30->30(98)
[2023-12-20T09:11:00.891-0800][56811336ms] GC(4084) Old regions: 195->195
[2023-12-20T09:11:00.891-0800][56811336ms] GC(4084) Humongous regions: 5->5
[2023-12-20T09:11:00.891-0800][56811336ms] GC(4084) Metaspace: 256606K->256606K(1294336K)
[2023-12-20T09:11:00.891-0800][56811336ms] GC(4084) Pause Young (Normal) (G1 Evacuation Pause) 1964M->458M(2612M) 29.809ms
[2023-12-20T09:11:00.891-0800][56811336ms] GC(4084) User=0.09s Sys=0.00s Real=0.03s
[2023-12-20T09:11:01.802-0800][56812247ms] GC(4085) Pause Young (Normal) (G1 Evacuation Pause)
[2023-12-20T09:11:01.802-0800][56812247ms] GC(4085) Using 10 workers of 10 for evacuation
[2023-12-20T09:11:01.835-0800][56812280ms] GC(4085)   Pre Evacuate Collection Set: 0.1ms
[2023-12-20T09:11:01.835-0800][56812280ms] GC(4085)   Evacuate Collection Set: 29.4ms
[2023-12-20T09:11:01.835-0800][56812280ms] GC(4085)   Post Evacuate Collection Set: 3.4ms
[2023-12-20T09:11:01.835-0800][56812280ms] GC(4085)   Other: 0.5ms
[2023-12-20T09:11:01.835-0800][56812280ms] GC(4085) Eden regions: 753->0(753)
[2023-12-20T09:11:01.835-0800][56812280ms] GC(4085) Survivor regions: 30->30(98)
[2023-12-20T09:11:01.835-0800][56812280ms] GC(4085) Old regions: 195->195
[2023-12-20T09:11:01.835-0800][56812280ms] GC(4085) Humongous regions: 5->5
[2023-12-20T09:11:01.835-0800][56812280ms] GC(4085) Metaspace: 256607K->256607K(1294336K)
[2023-12-20T09:11:01.835-0800][56812280ms] GC(4085) Pause Young (Normal) (G1 Evacuation Pause) 1964M->457M(2612M) 33.498ms
[2023-12-20T09:11:01.835-0800][56812280ms] GC(4085) User=0.14s Sys=0.00s Real=0.03s
[2023-12-20T09:11:02.773-0800][56813218ms] GC(4086) Pause Young (Normal) (G1 Evacuation Pause)
[2023-12-20T09:11:02.773-0800][56813218ms] GC(4086) Using 10 workers of 10 for evacuation
[2023-12-20T09:11:02.804-0800][56813249ms] GC(4086)   Pre Evacuate Collection Set: 0.0ms
[2023-12-20T09:11:02.804-0800][56813249ms] GC(4086)   Evacuate Collection Set: 27.7ms
[2023-12-20T09:11:02.804-0800][56813249ms] GC(4086)   Post Evacuate Collection Set: 2.7ms
[2023-12-20T09:11:02.804-0800][56813249ms] GC(4086)   Other: 0.4ms
[2023-12-20T09:11:02.804-0800][56813249ms] GC(4086) Eden regions: 753->0(753)
[2023-12-20T09:11:02.804-0800][56813249ms] GC(4086) Survivor regions: 30->30(98)
[2023-12-20T09:11:02.804-0800][56813249ms] GC(4086) Old regions: 195->195
[2023-12-20T09:11:02.804-0800][56813249ms] GC(4086) Humongous regions: 5->5
[2023-12-20T09:11:02.804-0800][56813249ms] GC(4086) Metaspace: 256607K->256607K(1294336K)
[2023-12-20T09:11:02.805-0800][56813250ms] GC(4086) Pause Young (Normal) (G1 Evacuation Pause) 1963M->457M(2612M) 30.900ms
[2023-12-20T09:11:02.805-0800][56813250ms] GC(4086) User=0.06s Sys=0.00s Real=0.03s
[2023-12-20T09:11:03.640-0800][56814085ms] GC(4087) Pause Young (Normal) (G1 Evacuation Pause)
[2023-12-20T09:11:03.640-0800][56814085ms] GC(4087) Using 10 workers of 10 for evacuation
[2023-12-20T09:11:03.670-0800][56814115ms] GC(4087)   Pre Evacuate Collection Set: 0.0ms
[2023-12-20T09:11:03.670-0800][56814115ms] GC(4087)   Evacuate Collection Set: 27.6ms
[2023-12-20T09:11:03.670-0800][56814115ms] GC(4087)   Post Evacuate Collection Set: 2.5ms
[2023-12-20T09:11:03.670-0800][56814115ms] GC(4087)   Other: 0.4ms
[2023-12-20T09:11:03.670-0800][56814115ms] GC(4087) Eden regions: 753->0(753)
[2023-12-20T09:11:03.670-0800][56814115ms] GC(4087) Survivor regions: 30->30(98)
[2023-12-20T09:11:03.670-0800][56814115ms] GC(4087) Old regions: 195->195
[2023-12-20T09:11:03.670-0800][56814115ms] GC(4087) Humongous regions: 5->5
[2023-12-20T09:11:03.670-0800][56814115ms] GC(4087) Metaspace: 256607K->256607K(1294336K)
[2023-12-20T09:11:03.670-0800][56814115ms] GC(4087) Pause Young (Normal) (G1 Evacuation Pause) 1963M->457M(2612M) 30.600ms
[2023-12-20T09:11:03.670-0800][56814115ms] GC(4087) User=0.09s Sys=0.00s Real=0.03s
[2023-12-20T09:11:04.525-0800][56814970ms] GC(4088) Pause Young (Normal) (G1 Evacuation Pause)
[2023-12-20T09:11:04.526-0800][56814971ms] GC(4088) Using 10 workers of 10 for evacuation
[2023-12-20T09:11:04.556-0800][56815001ms] GC(4088)   Pre Evacuate Collection Set: 0.0ms
[2023-12-20T09:11:04.556-0800][56815001ms] GC(4088)   Evacuate Collection Set: 28.1ms
[2023-12-20T09:11:04.556-0800][56815001ms] GC(4088)   Post Evacuate Collection Set: 2.5ms
[2023-12-20T09:11:04.556-0800][56815001ms] GC(4088)   Other: 0.4ms
[2023-12-20T09:11:04.556-0800][56815001ms] GC(4088) Eden regions: 753->0(753)
[2023-12-20T09:11:04.556-0800][56815001ms] GC(4088) Survivor regions: 30->30(98)
[2023-12-20T09:11:04.556-0800][56815001ms] GC(4088) Old regions: 195->195
[2023-12-20T09:11:04.556-0800][56815001ms] GC(4088) Humongous regions: 5->5
[2023-12-20T09:11:04.556-0800][56815001ms] GC(4088) Metaspace: 256607K->256607K(1294336K)
[2023-12-20T09:11:04.556-0800][56815001ms] GC(4088) Pause Young (Normal) (G1 Evacuation Pause) 1963M->457M(2612M) 31.039ms
[2023-12-20T09:11:04.556-0800][56815001ms] GC(4088) User=0.09s Sys=0.00s Real=0.03s
[2023-12-20T09:11:05.423-0800][56815868ms] GC(4089) Pause Young (Normal) (G1 Evacuation Pause)
[2023-12-20T09:11:05.423-0800][56815868ms] GC(4089) Using 10 workers of 10 for evacuation
[2023-12-20T09:11:05.453-0800][56815898ms] GC(4089)   Pre Evacuate Collection Set: 0.0ms
[2023-12-20T09:11:05.453-0800][56815898ms] GC(4089)   Evacuate Collection Set: 27.1ms
[2023-12-20T09:11:05.453-0800][56815898ms] GC(4089)   Post Evacuate Collection Set: 2.3ms
[2023-12-20T09:11:05.453-0800][56815898ms] GC(4089)   Other: 0.4ms
[2023-12-20T09:11:05.453-0800][56815898ms] GC(4089) Eden regions: 753->0(754)
[2023-12-20T09:11:05.453-0800][56815898ms] GC(4089) Survivor regions: 30->29(98)
[2023-12-20T09:11:05.453-0800][56815898ms] GC(4089) Old regions: 195->195
[2023-12-20T09:11:05.453-0800][56815898ms] GC(4089) Humongous regions: 5->5
[2023-12-20T09:11:05.453-0800][56815898ms] GC(4089) Metaspace: 256607K->256607K(1294336K)
[2023-12-20T09:11:05.453-0800][56815898ms] GC(4089) Pause Young (Normal) (G1 Evacuation Pause) 1963M->456M(2612M) 29.920ms
[2023-12-20T09:11:05.453-0800][56815898ms] GC(4089) User=0.06s Sys=0.00s Real=0.03s
[2023-12-20T09:11:06.343-0800][56816788ms] GC(4090) Pause Young (Normal) (G1 Evacuation Pause)
[2023-12-20T09:11:06.343-0800][56816788ms] GC(4090) Using 10 workers of 10 for evacuation
[2023-12-20T09:11:06.373-0800][56816818ms] GC(4090)   Pre Evacuate Collection Set: 0.0ms
[2023-12-20T09:11:06.373-0800][56816818ms] GC(4090)   Evacuate Collection Set: 27.7ms
[2023-12-20T09:11:06.373-0800][56816818ms] GC(4090)   Post Evacuate Collection Set: 2.4ms
[2023-12-20T09:11:06.373-0800][56816818ms] GC(4090)   Other: 0.3ms
[2023-12-20T09:11:06.373-0800][56816818ms] GC(4090) Eden regions: 754->0(753)
[2023-12-20T09:11:06.373-0800][56816818ms] GC(4090) Survivor regions: 29->30(98)
[2023-12-20T09:11:06.373-0800][56816818ms] GC(4090) Old regions: 195->195
[2023-12-20T09:11:06.373-0800][56816818ms] GC(4090) Humongous regions: 5->5
[2023-12-20T09:11:06.373-0800][56816818ms] GC(4090) Metaspace: 256607K->256607K(1294336K)
[2023-12-20T09:11:06.373-0800][56816818ms] GC(4090) Pause Young (Normal) (G1 Evacuation Pause) 1964M->458M(2612M) 30.569ms
[2023-12-20T09:11:06.373-0800][56816818ms] GC(4090) User=0.06s Sys=0.00s Real=0.03s
[2023-12-20T09:11:07.250-0800][56817695ms] GC(4091) Pause Young (Normal) (G1 Evacuation Pause)
[2023-12-20T09:11:07.250-0800][56817695ms] GC(4091) Using 10 workers of 10 for evacuation
[2023-12-20T09:11:07.280-0800][56817725ms] GC(4091)   Pre Evacuate Collection Set: 0.0ms
[2023-12-20T09:11:07.280-0800][56817725ms] GC(4091)   Evacuate Collection Set: 26.5ms
[2023-12-20T09:11:07.280-0800][56817725ms] GC(4091)   Post Evacuate Collection Set: 2.8ms
[2023-12-20T09:11:07.280-0800][56817725ms] GC(4091)   Other: 0.4ms
[2023-12-20T09:11:07.280-0800][56817725ms] GC(4091) Eden regions: 753->0(753)
[2023-12-20T09:11:07.280-0800][56817725ms] GC(4091) Survivor regions: 30->30(98)
[2023-12-20T09:11:07.280-0800][56817725ms] GC(4091) Old regions: 195->195
[2023-12-20T09:11:07.280-0800][56817725ms] GC(4091) Humongous regions: 5->5
[2023-12-20T09:11:07.280-0800][56817725ms] GC(4091) Metaspace: 256607K->256607K(1294336K)
[2023-12-20T09:11:07.280-0800][56817725ms] GC(4091) Pause Young (Normal) (G1 Evacuation Pause) 1964M->457M(2612M) 29.849ms
[2023-12-20T09:11:07.280-0800][56817725ms] GC(4091) User=0.08s Sys=0.00s Real=0.03s
[2023-12-20T09:11:08.209-0800][56818654ms] GC(4092) Pause Young (Normal) (G1 Evacuation Pause)
[2023-12-20T09:11:08.209-0800][56818654ms] GC(4092) Using 10 workers of 10 for evacuation
[2023-12-20T09:11:08.240-0800][56818685ms] GC(4092)   Pre Evacuate Collection Set: 0.1ms
[2023-12-20T09:11:08.240-0800][56818686ms] GC(4092)   Evacuate Collection Set: 28.6ms
[2023-12-20T09:11:08.241-0800][56818686ms] GC(4092)   Post Evacuate Collection Set: 2.5ms
[2023-12-20T09:11:08.241-0800][56818686ms] GC(4092)   Other: 0.5ms
[2023-12-20T09:11:08.241-0800][56818686ms] GC(4092) Eden regions: 753->0(754)
[2023-12-20T09:11:08.241-0800][56818686ms] GC(4092) Survivor regions: 30->29(98)
[2023-12-20T09:11:08.241-0800][56818686ms] GC(4092) Old regions: 195->195
[2023-12-20T09:11:08.241-0800][56818686ms] GC(4092) Humongous regions: 5->5
[2023-12-20T09:11:08.241-0800][56818686ms] GC(4092) Metaspace: 256607K->256607K(1294336K)
[2023-12-20T09:11:08.241-0800][56818686ms] GC(4092) Pause Young (Normal) (G1 Evacuation Pause) 1963M->455M(2612M) 31.780ms
[2023-12-20T09:11:08.241-0800][56818686ms] GC(4092) User=0.09s Sys=0.02s Real=0.03s
[2023-12-20T09:11:09.136-0800][56819581ms] GC(4093) Pause Young (Normal) (G1 Evacuation Pause)
[2023-12-20T09:11:09.136-0800][56819581ms] GC(4093) Using 10 workers of 10 for evacuation
[2023-12-20T09:11:09.166-0800][56819611ms] GC(4093)   Pre Evacuate Collection Set: 0.0ms
[2023-12-20T09:11:09.166-0800][56819611ms] GC(4093)   Evacuate Collection Set: 27.2ms
[2023-12-20T09:11:09.166-0800][56819611ms] GC(4093)   Post Evacuate Collection Set: 3.2ms
[2023-12-20T09:11:09.166-0800][56819611ms] GC(4093)   Other: 0.4ms
[2023-12-20T09:11:09.166-0800][56819611ms] GC(4093) Eden regions: 754->0(753)
[2023-12-20T09:11:09.166-0800][56819611ms] GC(4093) Survivor regions: 29->30(98)
[2023-12-20T09:11:09.166-0800][56819611ms] GC(4093) Old regions: 195->195
[2023-12-20T09:11:09.166-0800][56819611ms] GC(4093) Humongous regions: 5->5
[2023-12-20T09:11:09.166-0800][56819611ms] GC(4093) Metaspace: 256607K->256607K(1294336K)
[2023-12-20T09:11:09.166-0800][56819611ms] GC(4093) Pause Young (Normal) (G1 Evacuation Pause) 1963M->457M(2612M) 30.912ms
[2023-12-20T09:11:09.166-0800][56819611ms] GC(4093) User=0.13s Sys=0.00s Real=0.03s
[2023-12-20T09:11:10.062-0800][56820507ms] GC(4094) Pause Young (Normal) (G1 Evacuation Pause)
[2023-12-20T09:11:10.062-0800][56820507ms] GC(4094) Using 10 workers of 10 for evacuation
[2023-12-20T09:11:10.093-0800][56820538ms] GC(4094)   Pre Evacuate Collection Set: 0.1ms
[2023-12-20T09:11:10.093-0800][56820538ms] GC(4094)   Evacuate Collection Set: 28.7ms
[2023-12-20T09:11:10.093-0800][56820538ms] GC(4094)   Post Evacuate Collection Set: 2.4ms
[2023-12-20T09:11:10.093-0800][56820538ms] GC(4094)   Other: 0.4ms
[2023-12-20T09:11:10.093-0800][56820538ms] GC(4094) Eden regions: 753->0(753)
[2023-12-20T09:11:10.093-0800][56820538ms] GC(4094) Survivor regions: 30->30(98)
[2023-12-20T09:11:10.093-0800][56820538ms] GC(4094) Old regions: 195->195
[2023-12-20T09:11:10.093-0800][56820538ms] GC(4094) Humongous regions: 5->5
[2023-12-20T09:11:10.093-0800][56820538ms] GC(4094) Metaspace: 256607K->256607K(1294336K)
[2023-12-20T09:11:10.093-0800][56820538ms] GC(4094) Pause Young (Normal) (G1 Evacuation Pause) 1963M->457M(2612M) 31.785ms
[2023-12-20T09:11:10.093-0800][56820538ms] GC(4094) User=0.05s Sys=0.00s Real=0.03s
[2023-12-20T09:11:11.115-0800][56821560ms] GC(4095) Pause Young (Normal) (G1 Evacuation Pause)
[2023-12-20T09:11:11.115-0800][56821560ms] GC(4095) Using 10 workers of 10 for evacuation
[2023-12-20T09:11:11.144-0800][56821589ms] GC(4095)   Pre Evacuate Collection Set: 0.1ms
[2023-12-20T09:11:11.145-0800][56821590ms] GC(4095)   Evacuate Collection Set: 27.5ms
[2023-12-20T09:11:11.145-0800][56821590ms] GC(4095)   Post Evacuate Collection Set: 2.3ms
[2023-12-20T09:11:11.145-0800][56821590ms] GC(4095)   Other: 0.4ms
[2023-12-20T09:11:11.145-0800][56821590ms] GC(4095) Eden regions: 753->0(753)
[2023-12-20T09:11:11.145-0800][56821590ms] GC(4095) Survivor regions: 30->30(98)
[2023-12-20T09:11:11.145-0800][56821590ms] GC(4095) Old regions: 195->195
[2023-12-20T09:11:11.145-0800][56821590ms] GC(4095) Humongous regions: 5->5
[2023-12-20T09:11:11.145-0800][56821590ms] GC(4095) Metaspace: 256607K->256607K(1294336K)
[2023-12-20T09:11:11.145-0800][56821590ms] GC(4095) Pause Young (Normal) (G1 Evacuation Pause) 1963M->457M(2612M) 30.372ms
[2023-12-20T09:11:11.145-0800][56821590ms] GC(4095) User=0.11s Sys=0.00s Real=0.03s
[2023-12-20T09:11:12.084-0800][56822529ms] GC(4096) Pause Young (Normal) (G1 Evacuation Pause)
[2023-12-20T09:11:12.084-0800][56822529ms] GC(4096) Using 10 workers of 10 for evacuation
[2023-12-20T09:11:12.114-0800][56822559ms] GC(4096)   Pre Evacuate Collection Set: 0.0ms
[2023-12-20T09:11:12.114-0800][56822559ms] GC(4096)   Evacuate Collection Set: 27.6ms
[2023-12-20T09:11:12.114-0800][56822559ms] GC(4096)   Post Evacuate Collection Set: 2.6ms
[2023-12-20T09:11:12.114-0800][56822559ms] GC(4096)   Other: 0.4ms
[2023-12-20T09:11:12.114-0800][56822559ms] GC(4096) Eden regions: 753->0(754)
[2023-12-20T09:11:12.114-0800][56822559ms] GC(4096) Survivor regions: 30->29(98)
[2023-12-20T09:11:12.114-0800][56822559ms] GC(4096) Old regions: 195->195
[2023-12-20T09:11:12.114-0800][56822559ms] GC(4096) Humongous regions: 5->5
[2023-12-20T09:11:12.114-0800][56822559ms] GC(4096) Metaspace: 256607K->256607K(1294336K)
[2023-12-20T09:11:12.114-0800][56822559ms] GC(4096) Pause Young (Normal) (G1 Evacuation Pause) 1963M->456M(2612M) 30.834ms
[2023-12-20T09:11:12.114-0800][56822559ms] GC(4096) User=0.16s Sys=0.00s Real=0.03s
[2023-12-20T09:11:12.970-0800][56823415ms] GC(4097) Pause Young (Normal) (G1 Evacuation Pause)
[2023-12-20T09:11:12.970-0800][56823415ms] GC(4097) Using 10 workers of 10 for evacuation
[2023-12-20T09:11:13.000-0800][56823445ms] GC(4097)   Pre Evacuate Collection Set: 0.0ms
[2023-12-20T09:11:13.000-0800][56823445ms] GC(4097)   Evacuate Collection Set: 27.8ms
[2023-12-20T09:11:13.000-0800][56823445ms] GC(4097)   Post Evacuate Collection Set: 2.8ms
[2023-12-20T09:11:13.000-0800][56823445ms] GC(4097)   Other: 0.4ms
[2023-12-20T09:11:13.000-0800][56823445ms] GC(4097) Eden regions: 754->0(754)
[2023-12-20T09:11:13.000-0800][56823445ms] GC(4097) Survivor regions: 29->29(98)
[2023-12-20T09:11:13.000-0800][56823445ms] GC(4097) Old regions: 195->195
[2023-12-20T09:11:13.000-0800][56823445ms] GC(4097) Humongous regions: 5->5
[2023-12-20T09:11:13.001-0800][56823446ms] GC(4097) Metaspace: 256607K->256607K(1294336K)
[2023-12-20T09:11:13.001-0800][56823446ms] GC(4097) Pause Young (Normal) (G1 Evacuation Pause) 1964M->456M(2612M) 31.065ms
[2023-12-20T09:11:13.001-0800][56823446ms] GC(4097) User=0.08s Sys=0.02s Real=0.03s
[2023-12-20T09:11:13.895-0800][56824340ms] GC(4098) Pause Young (Normal) (G1 Evacuation Pause)
[2023-12-20T09:11:13.895-0800][56824340ms] GC(4098) Using 10 workers of 10 for evacuation
[2023-12-20T09:11:13.926-0800][56824371ms] GC(4098)   Pre Evacuate Collection Set: 0.0ms
[2023-12-20T09:11:13.926-0800][56824371ms] GC(4098)   Evacuate Collection Set: 27.6ms
[2023-12-20T09:11:13.926-0800][56824371ms] GC(4098)   Post Evacuate Collection Set: 2.9ms
[2023-12-20T09:11:13.926-0800][56824371ms] GC(4098)   Other: 0.4ms
[2023-12-20T09:11:13.926-0800][56824371ms] GC(4098) Eden regions: 754->0(753)
[2023-12-20T09:11:13.926-0800][56824371ms] GC(4098) Survivor regions: 29->30(98)
[2023-12-20T09:11:13.926-0800][56824371ms] GC(4098) Old regions: 195->195
[2023-12-20T09:11:13.926-0800][56824371ms] GC(4098) Humongous regions: 5->5
[2023-12-20T09:11:13.926-0800][56824371ms] GC(4098) Metaspace: 256607K->256607K(1294336K)
[2023-12-20T09:11:13.926-0800][56824371ms] GC(4098) Pause Young (Normal) (G1 Evacuation Pause) 1964M->457M(2612M) 31.005ms
[2023-12-20T09:11:13.926-0800][56824371ms] GC(4098) User=0.17s Sys=0.00s Real=0.03s
[2023-12-20T09:11:14.769-0800][56825214ms] GC(4099) Pause Young (Normal) (G1 Evacuation Pause)
[2023-12-20T09:11:14.769-0800][56825214ms] GC(4099) Using 10 workers of 10 for evacuation
[2023-12-20T09:11:14.803-0800][56825248ms] GC(4099)   Pre Evacuate Collection Set: 0.1ms
[2023-12-20T09:11:14.803-0800][56825248ms] GC(4099)   Evacuate Collection Set: 29.9ms
[2023-12-20T09:11:14.803-0800][56825248ms] GC(4099)   Post Evacuate Collection Set: 2.7ms
[2023-12-20T09:11:14.803-0800][56825248ms] GC(4099)   Other: 0.4ms
[2023-12-20T09:11:14.803-0800][56825248ms] GC(4099) Eden regions: 753->0(753)
[2023-12-20T09:11:14.803-0800][56825248ms] GC(4099) Survivor regions: 30->30(98)
[2023-12-20T09:11:14.803-0800][56825248ms] GC(4099) Old regions: 195->195
[2023-12-20T09:11:14.803-0800][56825248ms] GC(4099) Humongous regions: 5->5
[2023-12-20T09:11:14.803-0800][56825248ms] GC(4099) Metaspace: 256607K->256607K(1294336K)
[2023-12-20T09:11:14.803-0800][56825248ms] GC(4099) Pause Young (Normal) (G1 Evacuation Pause) 1963M->457M(2612M) 33.214ms
[2023-12-20T09:11:14.803-0800][56825248ms] GC(4099) User=0.09s Sys=0.00s Real=0.03s
[2023-12-20T09:11:15.804-0800][56826249ms] GC(4100) Pause Young (Normal) (G1 Evacuation Pause)
[2023-12-20T09:11:15.804-0800][56826249ms] GC(4100) Using 10 workers of 10 for evacuation
[2023-12-20T09:11:15.834-0800][56826279ms] GC(4100)   Pre Evacuate Collection Set: 0.0ms
[2023-12-20T09:11:15.834-0800][56826279ms] GC(4100)   Evacuate Collection Set: 26.8ms
[2023-12-20T09:11:15.834-0800][56826279ms] GC(4100)   Post Evacuate Collection Set: 2.6ms
[2023-12-20T09:11:15.834-0800][56826279ms] GC(4100)   Other: 0.4ms
[2023-12-20T09:11:15.834-0800][56826279ms] GC(4100) Eden regions: 753->0(754)
[2023-12-20T09:11:15.834-0800][56826279ms] GC(4100) Survivor regions: 30->29(98)
[2023-12-20T09:11:15.834-0800][56826279ms] GC(4100) Old regions: 195->195
[2023-12-20T09:11:15.834-0800][56826279ms] GC(4100) Humongous regions: 5->5
[2023-12-20T09:11:15.834-0800][56826279ms] GC(4100) Metaspace: 256607K->256607K(1294336K)
[2023-12-20T09:11:15.834-0800][56826279ms] GC(4100) Pause Young (Normal) (G1 Evacuation Pause) 1963M->456M(2612M) 29.883ms
[2023-12-20T09:11:15.834-0800][56826279ms] GC(4100) User=0.08s Sys=0.00s Real=0.03s
[2023-12-20T09:11:16.732-0800][56827177ms] GC(4101) Pause Young (Normal) (G1 Evacuation Pause)
[2023-12-20T09:11:16.732-0800][56827177ms] GC(4101) Using 10 workers of 10 for evacuation
[2023-12-20T09:11:16.765-0800][56827210ms] GC(4101)   Pre Evacuate Collection Set: 0.1ms
[2023-12-20T09:11:16.765-0800][56827210ms] GC(4101)   Evacuate Collection Set: 28.8ms
[2023-12-20T09:11:16.765-0800][56827210ms] GC(4101)   Post Evacuate Collection Set: 2.5ms
[2023-12-20T09:11:16.765-0800][56827210ms] GC(4101)   Other: 0.4ms
[2023-12-20T09:11:16.765-0800][56827210ms] GC(4101) Eden regions: 754->0(754)
[2023-12-20T09:11:16.765-0800][56827210ms] GC(4101) Survivor regions: 29->29(98)
[2023-12-20T09:11:16.765-0800][56827210ms] GC(4101) Old regions: 195->195
[2023-12-20T09:11:16.765-0800][56827210ms] GC(4101) Humongous regions: 5->5
[2023-12-20T09:11:16.765-0800][56827210ms] GC(4101) Metaspace: 256607K->256607K(1294336K)
[2023-12-20T09:11:16.765-0800][56827210ms] GC(4101) Pause Young (Normal) (G1 Evacuation Pause) 1964M->456M(2612M) 32.026ms
[2023-12-20T09:11:16.765-0800][56827210ms] GC(4101) User=0.08s Sys=0.00s Real=0.03s
[2023-12-20T09:11:17.708-0800][56828153ms] GC(4102) Pause Young (Normal) (G1 Evacuation Pause)
[2023-12-20T09:11:17.708-0800][56828153ms] GC(4102) Using 10 workers of 10 for evacuation
[2023-12-20T09:11:17.738-0800][56828183ms] GC(4102)   Pre Evacuate Collection Set: 0.0ms
[2023-12-20T09:11:17.738-0800][56828183ms] GC(4102)   Evacuate Collection Set: 26.6ms
[2023-12-20T09:11:17.738-0800][56828183ms] GC(4102)   Post Evacuate Collection Set: 2.3ms
[2023-12-20T09:11:17.738-0800][56828183ms] GC(4102)   Other: 0.4ms
[2023-12-20T09:11:17.738-0800][56828183ms] GC(4102) Eden regions: 754->0(753)
[2023-12-20T09:11:17.738-0800][56828183ms] GC(4102) Survivor regions: 29->30(98)
[2023-12-20T09:11:17.738-0800][56828183ms] GC(4102) Old regions: 195->195
[2023-12-20T09:11:17.738-0800][56828183ms] GC(4102) Humongous regions: 5->5
[2023-12-20T09:11:17.738-0800][56828183ms] GC(4102) Metaspace: 256607K->256607K(1294336K)
[2023-12-20T09:11:17.738-0800][56828183ms] GC(4102) Pause Young (Normal) (G1 Evacuation Pause) 1964M->458M(2612M) 29.503ms
[2023-12-20T09:11:17.738-0800][56828183ms] GC(4102) User=0.13s Sys=0.00s Real=0.03s
[2023-12-20T09:11:18.646-0800][56829091ms] GC(4103) Pause Young (Normal) (G1 Evacuation Pause)
[2023-12-20T09:11:18.646-0800][56829091ms] GC(4103) Using 10 workers of 10 for evacuation
[2023-12-20T09:11:18.676-0800][56829121ms] GC(4103)   Pre Evacuate Collection Set: 0.0ms
[2023-12-20T09:11:18.676-0800][56829121ms] GC(4103)   Evacuate Collection Set: 27.3ms
[2023-12-20T09:11:18.676-0800][56829121ms] GC(4103)   Post Evacuate Collection Set: 2.5ms
[2023-12-20T09:11:18.676-0800][56829121ms] GC(4103)   Other: 0.4ms
[2023-12-20T09:11:18.676-0800][56829121ms] GC(4103) Eden regions: 753->0(753)
[2023-12-20T09:11:18.676-0800][56829121ms] GC(4103) Survivor regions: 30->30(98)
[2023-12-20T09:11:18.676-0800][56829121ms] GC(4103) Old regions: 195->195
[2023-12-20T09:11:18.676-0800][56829121ms] GC(4103) Humongous regions: 5->5
[2023-12-20T09:11:18.676-0800][56829121ms] GC(4103) Metaspace: 256607K->256607K(1294336K)
[2023-12-20T09:11:18.676-0800][56829121ms] GC(4103) Pause Young (Normal) (G1 Evacuation Pause) 1964M->457M(2612M) 30.403ms
[2023-12-20T09:11:18.676-0800][56829121ms] GC(4103) User=0.14s Sys=0.00s Real=0.03s
[2023-12-20T09:11:19.577-0800][56830022ms] GC(4104) Pause Young (Normal) (G1 Evacuation Pause)
[2023-12-20T09:11:19.577-0800][56830022ms] GC(4104) Using 10 workers of 10 for evacuation
[2023-12-20T09:11:19.607-0800][56830052ms] GC(4104)   Pre Evacuate Collection Set: 0.0ms
[2023-12-20T09:11:19.607-0800][56830052ms] GC(4104)   Evacuate Collection Set: 27.3ms
[2023-12-20T09:11:19.607-0800][56830052ms] GC(4104)   Post Evacuate Collection Set: 2.6ms
[2023-12-20T09:11:19.607-0800][56830052ms] GC(4104)   Other: 0.4ms
[2023-12-20T09:11:19.607-0800][56830052ms] GC(4104) Eden regions: 753->0(754)
[2023-12-20T09:11:19.607-0800][56830052ms] GC(4104) Survivor regions: 30->29(98)
[2023-12-20T09:11:19.607-0800][56830052ms] GC(4104) Old regions: 195->195
[2023-12-20T09:11:19.607-0800][56830052ms] GC(4104) Humongous regions: 5->5
[2023-12-20T09:11:19.607-0800][56830052ms] GC(4104) Metaspace: 256607K->256607K(1294336K)
[2023-12-20T09:11:19.607-0800][56830052ms] GC(4104) Pause Young (Normal) (G1 Evacuation Pause) 1963M->455M(2612M) 30.438ms
[2023-12-20T09:11:19.607-0800][56830052ms] GC(4104) User=0.08s Sys=0.00s Real=0.03s
[2023-12-20T09:11:20.439-0800][56830884ms] GC(4105) Pause Young (Normal) (G1 Evacuation Pause)
[2023-12-20T09:11:20.439-0800][56830884ms] GC(4105) Using 10 workers of 10 for evacuation
[2023-12-20T09:11:20.468-0800][56830913ms] GC(4105)   Pre Evacuate Collection Set: 0.0ms
[2023-12-20T09:11:20.468-0800][56830913ms] GC(4105)   Evacuate Collection Set: 26.9ms
[2023-12-20T09:11:20.468-0800][56830913ms] GC(4105)   Post Evacuate Collection Set: 2.5ms
[2023-12-20T09:11:20.468-0800][56830913ms] GC(4105)   Other: 0.4ms
[2023-12-20T09:11:20.468-0800][56830913ms] GC(4105) Eden regions: 754->0(753)
[2023-12-20T09:11:20.468-0800][56830914ms] GC(4105) Survivor regions: 29->30(98)
[2023-12-20T09:11:20.469-0800][56830914ms] GC(4105) Old regions: 195->195
[2023-12-20T09:11:20.469-0800][56830914ms] GC(4105) Humongous regions: 5->5
[2023-12-20T09:11:20.469-0800][56830914ms] GC(4105) Metaspace: 256607K->256607K(1294336K)
[2023-12-20T09:11:20.469-0800][56830914ms] GC(4105) Pause Young (Normal) (G1 Evacuation Pause) 1963M->457M(2612M) 29.948ms
[2023-12-20T09:11:20.469-0800][56830914ms] GC(4105) User=0.08s Sys=0.00s Real=0.03s
[2023-12-20T09:11:21.391-0800][56831836ms] GC(4106) Pause Young (Normal) (G1 Evacuation Pause)
[2023-12-20T09:11:21.391-0800][56831836ms] GC(4106) Using 10 workers of 10 for evacuation
[2023-12-20T09:11:21.423-0800][56831868ms] GC(4106)   Pre Evacuate Collection Set: 0.1ms
[2023-12-20T09:11:21.423-0800][56831868ms] GC(4106)   Evacuate Collection Set: 28.4ms
[2023-12-20T09:11:21.423-0800][56831868ms] GC(4106)   Post Evacuate Collection Set: 3.5ms
[2023-12-20T09:11:21.423-0800][56831868ms] GC(4106)   Other: 0.4ms
[2023-12-20T09:11:21.423-0800][56831868ms] GC(4106) Eden regions: 753->0(753)
[2023-12-20T09:11:21.423-0800][56831868ms] GC(4106) Survivor regions: 30->30(98)
[2023-12-20T09:11:21.423-0800][56831868ms] GC(4106) Old regions: 195->195
[2023-12-20T09:11:21.423-0800][56831868ms] GC(4106) Humongous regions: 5->5
[2023-12-20T09:11:21.423-0800][56831868ms] GC(4106) Metaspace: 256607K->256607K(1294336K)
[2023-12-20T09:11:21.423-0800][56831868ms] GC(4106) Pause Young (Normal) (G1 Evacuation Pause) 1963M->457M(2612M) 32.480ms
[2023-12-20T09:11:21.423-0800][56831868ms] GC(4106) User=0.06s Sys=0.00s Real=0.03s
[2023-12-20T09:11:22.401-0800][56832846ms] GC(4107) Pause Young (Normal) (G1 Evacuation Pause)
[2023-12-20T09:11:22.401-0800][56832846ms] GC(4107) Using 10 workers of 10 for evacuation
[2023-12-20T09:11:22.431-0800][56832876ms] GC(4107)   Pre Evacuate Collection Set: 0.0ms
[2023-12-20T09:11:22.431-0800][56832876ms] GC(4107)   Evacuate Collection Set: 28.2ms
[2023-12-20T09:11:22.433-0800][56832878ms] GC(4107)   Post Evacuate Collection Set: 2.4ms
[2023-12-20T09:11:22.433-0800][56832878ms] GC(4107)   Other: 0.4ms
[2023-12-20T09:11:22.433-0800][56832878ms] GC(4107) Eden regions: 753->0(753)
[2023-12-20T09:11:22.433-0800][56832878ms] GC(4107) Survivor regions: 30->30(98)
[2023-12-20T09:11:22.433-0800][56832878ms] GC(4107) Old regions: 195->195
[2023-12-20T09:11:22.433-0800][56832878ms] GC(4107) Humongous regions: 5->5
[2023-12-20T09:11:22.433-0800][56832878ms] GC(4107) Metaspace: 256607K->256607K(1294336K)
[2023-12-20T09:11:22.433-0800][56832878ms] GC(4107) Pause Young (Normal) (G1 Evacuation Pause) 1963M->457M(2612M) 31.105ms
[2023-12-20T09:11:22.433-0800][56832878ms] GC(4107) User=0.11s Sys=0.00s Real=0.03s
[2023-12-20T09:11:23.268-0800][56833713ms] GC(4108) Pause Young (Normal) (G1 Evacuation Pause)
[2023-12-20T09:11:23.268-0800][56833713ms] GC(4108) Using 10 workers of 10 for evacuation
[2023-12-20T09:11:23.298-0800][56833743ms] GC(4108)   Pre Evacuate Collection Set: 0.0ms
[2023-12-20T09:11:23.299-0800][56833744ms] GC(4108)   Evacuate Collection Set: 27.9ms
[2023-12-20T09:11:23.299-0800][56833744ms] GC(4108)   Post Evacuate Collection Set: 2.6ms
[2023-12-20T09:11:23.299-0800][56833744ms] GC(4108)   Other: 0.3ms
[2023-12-20T09:11:23.299-0800][56833744ms] GC(4108) Eden regions: 753->0(753)
[2023-12-20T09:11:23.299-0800][56833744ms] GC(4108) Survivor regions: 30->30(98)
[2023-12-20T09:11:23.299-0800][56833744ms] GC(4108) Old regions: 195->195
[2023-12-20T09:11:23.299-0800][56833744ms] GC(4108) Humongous regions: 5->5
[2023-12-20T09:11:23.299-0800][56833744ms] GC(4108) Metaspace: 256607K->256607K(1294336K)
[2023-12-20T09:11:23.299-0800][56833744ms] GC(4108) Pause Young (Normal) (G1 Evacuation Pause) 1963M->457M(2612M) 31.004ms
[2023-12-20T09:11:23.299-0800][56833744ms] GC(4108) User=0.13s Sys=0.00s Real=0.03s
[2023-12-20T09:11:24.200-0800][56834645ms] GC(4109) Pause Young (Normal) (G1 Evacuation Pause)
[2023-12-20T09:11:24.200-0800][56834645ms] GC(4109) Using 10 workers of 10 for evacuation
[2023-12-20T09:11:24.230-0800][56834675ms] GC(4109)   Pre Evacuate Collection Set: 0.0ms
[2023-12-20T09:11:24.230-0800][56834675ms] GC(4109)   Evacuate Collection Set: 27.7ms
[2023-12-20T09:11:24.230-0800][56834675ms] GC(4109)   Post Evacuate Collection Set: 2.6ms
[2023-12-20T09:11:24.230-0800][56834675ms] GC(4109)   Other: 0.4ms
[2023-12-20T09:11:24.230-0800][56834675ms] GC(4109) Eden regions: 753->0(753)
[2023-12-20T09:11:24.230-0800][56834675ms] GC(4109) Survivor regions: 30->30(98)
[2023-12-20T09:11:24.230-0800][56834675ms] GC(4109) Old regions: 195->195
[2023-12-20T09:11:24.230-0800][56834675ms] GC(4109) Humongous regions: 5->5
[2023-12-20T09:11:24.230-0800][56834675ms] GC(4109) Metaspace: 256607K->256607K(1294336K)
[2023-12-20T09:11:24.230-0800][56834675ms] GC(4109) Pause Young (Normal) (G1 Evacuation Pause) 1963M->457M(2612M) 30.798ms
[2023-12-20T09:11:24.230-0800][56834675ms] GC(4109) User=0.09s Sys=0.00s Real=0.03s
[2023-12-20T09:11:25.087-0800][56835532ms] GC(4110) Pause Young (Normal) (G1 Evacuation Pause)
[2023-12-20T09:11:25.087-0800][56835532ms] GC(4110) Using 10 workers of 10 for evacuation
[2023-12-20T09:11:25.118-0800][56835563ms] GC(4110)   Pre Evacuate Collection Set: 0.1ms
[2023-12-20T09:11:25.118-0800][56835563ms] GC(4110)   Evacuate Collection Set: 27.0ms
[2023-12-20T09:11:25.118-0800][56835563ms] GC(4110)   Post Evacuate Collection Set: 2.5ms
[2023-12-20T09:11:25.118-0800][56835563ms] GC(4110)   Other: 0.5ms
[2023-12-20T09:11:25.118-0800][56835563ms] GC(4110) Eden regions: 753->0(753)
[2023-12-20T09:11:25.118-0800][56835563ms] GC(4110) Survivor regions: 30->30(98)
[2023-12-20T09:11:25.118-0800][56835563ms] GC(4110) Old regions: 195->195
[2023-12-20T09:11:25.118-0800][56835563ms] GC(4110) Humongous regions: 5->5
[2023-12-20T09:11:25.118-0800][56835563ms] GC(4110) Metaspace: 256607K->256607K(1294336K)
[2023-12-20T09:11:25.118-0800][56835563ms] GC(4110) Pause Young (Normal) (G1 Evacuation Pause) 1963M->457M(2612M) 30.163ms
[2023-12-20T09:11:25.118-0800][56835563ms] GC(4110) User=0.08s Sys=0.00s Real=0.03s
[2023-12-20T09:11:26.077-0800][56836522ms] GC(4111) Pause Young (Normal) (GCLocker Initiated GC)
[2023-12-20T09:11:26.077-0800][56836522ms] GC(4111) Using 10 workers of 10 for evacuation
[2023-12-20T09:11:26.109-0800][56836554ms] GC(4111)   Pre Evacuate Collection Set: 0.0ms
[2023-12-20T09:11:26.109-0800][56836554ms] GC(4111)   Evacuate Collection Set: 27.2ms
[2023-12-20T09:11:26.109-0800][56836554ms] GC(4111)   Post Evacuate Collection Set: 3.0ms
[2023-12-20T09:11:26.109-0800][56836554ms] GC(4111)   Other: 0.3ms
[2023-12-20T09:11:26.109-0800][56836554ms] GC(4111) Eden regions: 754->0(753)
[2023-12-20T09:11:26.109-0800][56836554ms] GC(4111) Survivor regions: 30->30(98)
[2023-12-20T09:11:26.109-0800][56836554ms] GC(4111) Old regions: 195->195
[2023-12-20T09:11:26.109-0800][56836554ms] GC(4111) Humongous regions: 5->5
[2023-12-20T09:11:26.109-0800][56836554ms] GC(4111) Metaspace: 256607K->256607K(1294336K)
[2023-12-20T09:11:26.109-0800][56836554ms] GC(4111) Pause Young (Normal) (GCLocker Initiated GC) 1964M->458M(2612M) 30.693ms
[2023-12-20T09:11:26.109-0800][56836554ms] GC(4111) User=0.11s Sys=0.00s Real=0.03s
[2023-12-20T09:11:27.037-0800][56837482ms] GC(4112) Pause Young (Normal) (G1 Evacuation Pause)
[2023-12-20T09:11:27.037-0800][56837482ms] GC(4112) Using 10 workers of 10 for evacuation
[2023-12-20T09:11:27.067-0800][56837512ms] GC(4112)   Pre Evacuate Collection Set: 0.0ms
[2023-12-20T09:11:27.067-0800][56837512ms] GC(4112)   Evacuate Collection Set: 27.0ms
[2023-12-20T09:11:27.067-0800][56837512ms] GC(4112)   Post Evacuate Collection Set: 2.6ms
[2023-12-20T09:11:27.067-0800][56837512ms] GC(4112)   Other: 0.4ms
[2023-12-20T09:11:27.067-0800][56837512ms] GC(4112) Eden regions: 753->0(754)
[2023-12-20T09:11:27.067-0800][56837512ms] GC(4112) Survivor regions: 30->29(98)
[2023-12-20T09:11:27.067-0800][56837512ms] GC(4112) Old regions: 195->195
[2023-12-20T09:11:27.067-0800][56837512ms] GC(4112) Humongous regions: 5->5
[2023-12-20T09:11:27.067-0800][56837512ms] GC(4112) Metaspace: 256607K->256607K(1294336K)
[2023-12-20T09:11:27.067-0800][56837512ms] GC(4112) Pause Young (Normal) (G1 Evacuation Pause) 1964M->456M(2612M) 30.150ms
[2023-12-20T09:11:27.067-0800][56837512ms] GC(4112) User=0.19s Sys=0.00s Real=0.03s
[2023-12-20T09:11:28.018-0800][56838463ms] GC(4113) Pause Young (Normal) (GCLocker Initiated GC)
[2023-12-20T09:11:28.018-0800][56838463ms] GC(4113) Using 10 workers of 10 for evacuation
[2023-12-20T09:11:28.048-0800][56838493ms] GC(4113)   Pre Evacuate Collection Set: 0.0ms
[2023-12-20T09:11:28.048-0800][56838493ms] GC(4113)   Evacuate Collection Set: 27.3ms
[2023-12-20T09:11:28.048-0800][56838493ms] GC(4113)   Post Evacuate Collection Set: 2.5ms
[2023-12-20T09:11:28.048-0800][56838493ms] GC(4113)   Other: 0.4ms
[2023-12-20T09:11:28.048-0800][56838493ms] GC(4113) Eden regions: 754->0(752)
[2023-12-20T09:11:28.048-0800][56838493ms] GC(4113) Survivor regions: 29->31(98)
[2023-12-20T09:11:28.048-0800][56838493ms] GC(4113) Old regions: 195->195
[2023-12-20T09:11:28.048-0800][56838493ms] GC(4113) Humongous regions: 5->5
[2023-12-20T09:11:28.048-0800][56838493ms] GC(4113) Metaspace: 256607K->256607K(1294336K)
[2023-12-20T09:11:28.048-0800][56838493ms] GC(4113) Pause Young (Normal) (GCLocker Initiated GC) 1964M->459M(2612M) 30.401ms
[2023-12-20T09:11:28.048-0800][56838493ms] GC(4113) User=0.11s Sys=0.00s Real=0.03s
[2023-12-20T09:11:28.969-0800][56839414ms] GC(4114) Pause Young (Normal) (G1 Evacuation Pause)
[2023-12-20T09:11:28.969-0800][56839414ms] GC(4114) Using 10 workers of 10 for evacuation
[2023-12-20T09:11:29.000-0800][56839445ms] GC(4114)   Pre Evacuate Collection Set: 0.0ms
[2023-12-20T09:11:29.000-0800][56839445ms] GC(4114)   Evacuate Collection Set: 28.0ms
[2023-12-20T09:11:29.000-0800][56839445ms] GC(4114)   Post Evacuate Collection Set: 2.6ms
[2023-12-20T09:11:29.000-0800][56839445ms] GC(4114)   Other: 0.4ms
[2023-12-20T09:11:29.000-0800][56839445ms] GC(4114) Eden regions: 752->0(753)
[2023-12-20T09:11:29.000-0800][56839445ms] GC(4114) Survivor regions: 31->30(98)
[2023-12-20T09:11:29.000-0800][56839445ms] GC(4114) Old regions: 195->195
[2023-12-20T09:11:29.000-0800][56839445ms] GC(4114) Humongous regions: 5->5
[2023-12-20T09:11:29.000-0800][56839445ms] GC(4114) Metaspace: 256609K->256609K(1294336K)
[2023-12-20T09:11:29.000-0800][56839445ms] GC(4114) Pause Young (Normal) (G1 Evacuation Pause) 1963M->458M(2612M) 31.062ms
[2023-12-20T09:11:29.000-0800][56839445ms] GC(4114) User=0.11s Sys=0.00s Real=0.03s
[2023-12-20T09:11:29.957-0800][56840403ms] GC(4115) Pause Young (Normal) (G1 Evacuation Pause)
[2023-12-20T09:11:29.958-0800][56840403ms] GC(4115) Using 10 workers of 10 for evacuation
[2023-12-20T09:11:29.988-0800][56840433ms] GC(4115)   Pre Evacuate Collection Set: 0.1ms
[2023-12-20T09:11:29.988-0800][56840433ms] GC(4115)   Evacuate Collection Set: 27.3ms
[2023-12-20T09:11:29.988-0800][56840433ms] GC(4115)   Post Evacuate Collection Set: 2.4ms
[2023-12-20T09:11:29.988-0800][56840433ms] GC(4115)   Other: 0.5ms
[2023-12-20T09:11:29.988-0800][56840433ms] GC(4115) Eden regions: 753->0(752)
[2023-12-20T09:11:29.988-0800][56840433ms] GC(4115) Survivor regions: 30->31(98)
[2023-12-20T09:11:29.988-0800][56840433ms] GC(4115) Old regions: 195->195
[2023-12-20T09:11:29.988-0800][56840433ms] GC(4115) Humongous regions: 5->5
[2023-12-20T09:11:29.988-0800][56840433ms] GC(4115) Metaspace: 256609K->256609K(1294336K)
[2023-12-20T09:11:29.988-0800][56840433ms] GC(4115) Pause Young (Normal) (G1 Evacuation Pause) 1964M->460M(2612M) 30.351ms
[2023-12-20T09:11:29.988-0800][56840433ms] GC(4115) User=0.08s Sys=0.00s Real=0.03s
[2023-12-20T09:11:30.885-0800][56841330ms] GC(4116) Pause Young (Normal) (G1 Evacuation Pause)
[2023-12-20T09:11:30.885-0800][56841330ms] GC(4116) Using 10 workers of 10 for evacuation
[2023-12-20T09:11:30.916-0800][56841361ms] GC(4116)   Pre Evacuate Collection Set: 0.1ms
[2023-12-20T09:11:30.916-0800][56841361ms] GC(4116)   Evacuate Collection Set: 28.4ms
[2023-12-20T09:11:30.916-0800][56841361ms] GC(4116)   Post Evacuate Collection Set: 2.5ms
[2023-12-20T09:11:30.916-0800][56841361ms] GC(4116)   Other: 0.4ms
[2023-12-20T09:11:30.916-0800][56841361ms] GC(4116) Eden regions: 752->0(752)
[2023-12-20T09:11:30.916-0800][56841361ms] GC(4116) Survivor regions: 31->31(98)
[2023-12-20T09:11:30.916-0800][56841361ms] GC(4116) Old regions: 195->195
[2023-12-20T09:11:30.916-0800][56841361ms] GC(4116) Humongous regions: 5->5
[2023-12-20T09:11:30.916-0800][56841361ms] GC(4116) Metaspace: 256609K->256609K(1294336K)
[2023-12-20T09:11:30.916-0800][56841361ms] GC(4116) Pause Young (Normal) (G1 Evacuation Pause) 1964M->459M(2612M) 31.475ms
[2023-12-20T09:11:30.916-0800][56841361ms] GC(4116) User=0.05s Sys=0.00s Real=0.03s
[2023-12-20T09:11:31.651-0800][56842096ms] GC(4117) Pause Young (Normal) (GCLocker Initiated GC)
[2023-12-20T09:11:31.651-0800][56842096ms] GC(4117) Using 10 workers of 10 for evacuation
[2023-12-20T09:11:31.681-0800][56842126ms] GC(4117)   Pre Evacuate Collection Set: 0.0ms
[2023-12-20T09:11:31.681-0800][56842126ms] GC(4117)   Evacuate Collection Set: 26.2ms
[2023-12-20T09:11:31.681-0800][56842126ms] GC(4117)   Post Evacuate Collection Set: 2.6ms
[2023-12-20T09:11:31.681-0800][56842126ms] GC(4117)   Other: 0.4ms
[2023-12-20T09:11:31.681-0800][56842126ms] GC(4117) Eden regions: 753->0(752)
[2023-12-20T09:11:31.681-0800][56842126ms] GC(4117) Survivor regions: 31->31(98)
[2023-12-20T09:11:31.681-0800][56842126ms] GC(4117) Old regions: 195->195
[2023-12-20T09:11:31.681-0800][56842126ms] GC(4117) Humongous regions: 5->5
[2023-12-20T09:11:31.681-0800][56842126ms] GC(4117) Metaspace: 256609K->256609K(1294336K)
[2023-12-20T09:11:31.681-0800][56842126ms] GC(4117) Pause Young (Normal) (GCLocker Initiated GC) 1964M->459M(2612M) 29.303ms
[2023-12-20T09:11:31.681-0800][56842126ms] GC(4117) User=0.06s Sys=0.00s Real=0.03s
[2023-12-20T09:11:32.496-0800][56842941ms] GC(4118) Pause Young (Normal) (GCLocker Initiated GC)
[2023-12-20T09:11:32.496-0800][56842941ms] GC(4118) Using 10 workers of 10 for evacuation
[2023-12-20T09:11:32.526-0800][56842971ms] GC(4118)   Pre Evacuate Collection Set: 0.0ms
[2023-12-20T09:11:32.526-0800][56842971ms] GC(4118)   Evacuate Collection Set: 27.5ms
[2023-12-20T09:11:32.526-0800][56842971ms] GC(4118)   Post Evacuate Collection Set: 3.1ms
[2023-12-20T09:11:32.526-0800][56842971ms] GC(4118)   Other: 0.4ms
[2023-12-20T09:11:32.526-0800][56842971ms] GC(4118) Eden regions: 753->0(753)
[2023-12-20T09:11:32.526-0800][56842971ms] GC(4118) Survivor regions: 31->30(98)
[2023-12-20T09:11:32.526-0800][56842971ms] GC(4118) Old regions: 195->195
[2023-12-20T09:11:32.526-0800][56842971ms] GC(4118) Humongous regions: 5->5
[2023-12-20T09:11:32.526-0800][56842971ms] GC(4118) Metaspace: 256609K->256609K(1294336K)
[2023-12-20T09:11:32.526-0800][56842971ms] GC(4118) Pause Young (Normal) (GCLocker Initiated GC) 1964M->458M(2612M) 31.164ms
[2023-12-20T09:11:32.526-0800][56842971ms] GC(4118) User=0.14s Sys=0.00s Real=0.03s
[2023-12-20T09:11:33.202-0800][56843647ms] GC(4119) Pause Young (Normal) (GCLocker Initiated GC)
[2023-12-20T09:11:33.202-0800][56843647ms] GC(4119) Using 10 workers of 10 for evacuation
[2023-12-20T09:11:33.233-0800][56843678ms] GC(4119)   Pre Evacuate Collection Set: 0.0ms
[2023-12-20T09:11:33.233-0800][56843678ms] GC(4119)   Evacuate Collection Set: 28.1ms
[2023-12-20T09:11:33.233-0800][56843678ms] GC(4119)   Post Evacuate Collection Set: 3.1ms
[2023-12-20T09:11:33.233-0800][56843678ms] GC(4119)   Other: 0.4ms
[2023-12-20T09:11:33.233-0800][56843678ms] GC(4119) Eden regions: 754->0(753)
[2023-12-20T09:11:33.233-0800][56843678ms] GC(4119) Survivor regions: 30->30(98)
[2023-12-20T09:11:33.233-0800][56843678ms] GC(4119) Old regions: 195->195
[2023-12-20T09:11:33.233-0800][56843678ms] GC(4119) Humongous regions: 5->5
[2023-12-20T09:11:33.233-0800][56843678ms] GC(4119) Metaspace: 256609K->256609K(1294336K)
[2023-12-20T09:11:33.233-0800][56843678ms] GC(4119) Pause Young (Normal) (GCLocker Initiated GC) 1965M->458M(2612M) 31.764ms
[2023-12-20T09:11:33.233-0800][56843678ms] GC(4119) User=0.13s Sys=0.00s Real=0.03s
[2023-12-20T09:11:33.983-0800][56844428ms] GC(4120) Pause Young (Normal) (G1 Evacuation Pause)
[2023-12-20T09:11:33.983-0800][56844428ms] GC(4120) Using 10 workers of 10 for evacuation
[2023-12-20T09:11:34.012-0800][56844457ms] GC(4120)   Pre Evacuate Collection Set: 0.0ms
[2023-12-20T09:11:34.012-0800][56844457ms] GC(4120)   Evacuate Collection Set: 26.9ms
[2023-12-20T09:11:34.012-0800][56844457ms] GC(4120)   Post Evacuate Collection Set: 2.4ms
[2023-12-20T09:11:34.012-0800][56844457ms] GC(4120)   Other: 0.4ms
[2023-12-20T09:11:34.012-0800][56844457ms] GC(4120) Eden regions: 753->0(752)
[2023-12-20T09:11:34.012-0800][56844457ms] GC(4120) Survivor regions: 30->31(98)
[2023-12-20T09:11:34.012-0800][56844457ms] GC(4120) Old regions: 195->195
[2023-12-20T09:11:34.012-0800][56844457ms] GC(4120) Humongous regions: 5->5
[2023-12-20T09:11:34.012-0800][56844457ms] GC(4120) Metaspace: 256610K->256610K(1294336K)
[2023-12-20T09:11:34.012-0800][56844457ms] GC(4120) Pause Young (Normal) (G1 Evacuation Pause) 1964M->459M(2612M) 29.870ms
[2023-12-20T09:11:34.014-0800][56844459ms] GC(4120) User=0.13s Sys=0.02s Real=0.03s
[2023-12-20T09:11:34.785-0800][56845230ms] GC(4121) Pause Young (Normal) (G1 Evacuation Pause)
[2023-12-20T09:11:34.785-0800][56845230ms] GC(4121) Using 10 workers of 10 for evacuation
[2023-12-20T09:11:34.816-0800][56845261ms] GC(4121)   Pre Evacuate Collection Set: 0.0ms
[2023-12-20T09:11:34.816-0800][56845261ms] GC(4121)   Evacuate Collection Set: 27.6ms
[2023-12-20T09:11:34.816-0800][56845261ms] GC(4121)   Post Evacuate Collection Set: 3.1ms
[2023-12-20T09:11:34.816-0800][56845261ms] GC(4121)   Other: 0.4ms
[2023-12-20T09:11:34.816-0800][56845261ms] GC(4121) Eden regions: 752->0(753)
[2023-12-20T09:11:34.816-0800][56845261ms] GC(4121) Survivor regions: 31->30(98)
[2023-12-20T09:11:34.816-0800][56845261ms] GC(4121) Old regions: 195->195
[2023-12-20T09:11:34.816-0800][56845261ms] GC(4121) Humongous regions: 5->5
[2023-12-20T09:11:34.816-0800][56845261ms] GC(4121) Metaspace: 256610K->256610K(1294336K)
[2023-12-20T09:11:34.817-0800][56845262ms] GC(4121) Pause Young (Normal) (G1 Evacuation Pause) 1963M->458M(2612M) 31.190ms
[2023-12-20T09:11:34.817-0800][56845262ms] GC(4121) User=0.11s Sys=0.00s Real=0.03s
[2023-12-20T09:11:35.578-0800][56846023ms] GC(4122) Pause Young (Normal) (G1 Evacuation Pause)
[2023-12-20T09:11:35.578-0800][56846023ms] GC(4122) Using 10 workers of 10 for evacuation
[2023-12-20T09:11:35.607-0800][56846052ms] GC(4122)   Pre Evacuate Collection Set: 0.0ms
[2023-12-20T09:11:35.607-0800][56846052ms] GC(4122)   Evacuate Collection Set: 26.7ms
[2023-12-20T09:11:35.607-0800][56846052ms] GC(4122)   Post Evacuate Collection Set: 2.6ms
[2023-12-20T09:11:35.607-0800][56846052ms] GC(4122)   Other: 0.4ms
[2023-12-20T09:11:35.607-0800][56846052ms] GC(4122) Eden regions: 753->0(752)
[2023-12-20T09:11:35.607-0800][56846052ms] GC(4122) Survivor regions: 30->31(98)
[2023-12-20T09:11:35.607-0800][56846052ms] GC(4122) Old regions: 195->195
[2023-12-20T09:11:35.607-0800][56846052ms] GC(4122) Humongous regions: 5->5
[2023-12-20T09:11:35.607-0800][56846052ms] GC(4122) Metaspace: 256610K->256610K(1294336K)
[2023-12-20T09:11:35.607-0800][56846052ms] GC(4122) Pause Young (Normal) (G1 Evacuation Pause) 1964M->459M(2612M) 29.863ms
[2023-12-20T09:11:35.607-0800][56846052ms] GC(4122) User=0.11s Sys=0.00s Real=0.03s
[2023-12-20T09:11:36.401-0800][56846846ms] GC(4123) Pause Young (Normal) (G1 Evacuation Pause)
[2023-12-20T09:11:36.401-0800][56846846ms] GC(4123) Using 10 workers of 10 for evacuation
[2023-12-20T09:11:36.436-0800][56846881ms] GC(4123)   Pre Evacuate Collection Set: 0.1ms
[2023-12-20T09:11:36.436-0800][56846881ms] GC(4123)   Evacuate Collection Set: 27.0ms
[2023-12-20T09:11:36.436-0800][56846881ms] GC(4123)   Post Evacuate Collection Set: 8.6ms
[2023-12-20T09:11:36.436-0800][56846881ms] GC(4123)   Other: 0.4ms
[2023-12-20T09:11:36.436-0800][56846881ms] GC(4123) Eden regions: 752->0(753)
[2023-12-20T09:11:36.436-0800][56846881ms] GC(4123) Survivor regions: 31->30(98)
[2023-12-20T09:11:36.436-0800][56846881ms] GC(4123) Old regions: 195->195
[2023-12-20T09:11:36.436-0800][56846881ms] GC(4123) Humongous regions: 5->5
[2023-12-20T09:11:36.436-0800][56846881ms] GC(4123) Metaspace: 256610K->256610K(1294336K)
[2023-12-20T09:11:36.436-0800][56846881ms] GC(4123) Pause Young (Normal) (G1 Evacuation Pause) 1963M->458M(2612M) 36.227ms
[2023-12-20T09:11:36.436-0800][56846881ms] GC(4123) User=0.05s Sys=0.00s Real=0.04s
[2023-12-20T09:11:37.216-0800][56847661ms] GC(4124) Pause Young (Normal) (G1 Evacuation Pause)
[2023-12-20T09:11:37.216-0800][56847661ms] GC(4124) Using 10 workers of 10 for evacuation
[2023-12-20T09:11:37.247-0800][56847692ms] GC(4124)   Pre Evacuate Collection Set: 0.0ms
[2023-12-20T09:11:37.247-0800][56847692ms] GC(4124)   Evacuate Collection Set: 31.4ms
[2023-12-20T09:11:37.247-0800][56847692ms] GC(4124)   Post Evacuate Collection Set: 3.0ms
[2023-12-20T09:11:37.247-0800][56847692ms] GC(4124)   Other: 0.4ms
[2023-12-20T09:11:37.247-0800][56847692ms] GC(4124) Eden regions: 753->0(753)
[2023-12-20T09:11:37.247-0800][56847692ms] GC(4124) Survivor regions: 30->30(98)
[2023-12-20T09:11:37.247-0800][56847692ms] GC(4124) Old regions: 195->195
[2023-12-20T09:11:37.247-0800][56847692ms] GC(4124) Humongous regions: 5->5
[2023-12-20T09:11:37.247-0800][56847692ms] GC(4124) Metaspace: 256610K->256610K(1294336K)
[2023-12-20T09:11:37.247-0800][56847692ms] GC(4124) Pause Young (Normal) (G1 Evacuation Pause) 1964M->457M(2612M) 35.029ms
[2023-12-20T09:11:37.247-0800][56847692ms] GC(4124) User=0.19s Sys=0.00s Real=0.03s
[2023-12-20T09:11:38.180-0800][56848625ms] GC(4125) Pause Young (Normal) (G1 Evacuation Pause)
[2023-12-20T09:11:38.181-0800][56848626ms] GC(4125) Using 10 workers of 10 for evacuation
[2023-12-20T09:11:38.209-0800][56848654ms] GC(4125)   Pre Evacuate Collection Set: 0.0ms
[2023-12-20T09:11:38.209-0800][56848654ms] GC(4125)   Evacuate Collection Set: 26.8ms
[2023-12-20T09:11:38.209-0800][56848654ms] GC(4125)   Post Evacuate Collection Set: 2.7ms
[2023-12-20T09:11:38.209-0800][56848654ms] GC(4125)   Other: 0.4ms
[2023-12-20T09:11:38.209-0800][56848654ms] GC(4125) Eden regions: 753->0(752)
[2023-12-20T09:11:38.209-0800][56848654ms] GC(4125) Survivor regions: 30->31(98)
[2023-12-20T09:11:38.209-0800][56848654ms] GC(4125) Old regions: 195->195
[2023-12-20T09:11:38.209-0800][56848654ms] GC(4125) Humongous regions: 5->5
[2023-12-20T09:11:38.209-0800][56848654ms] GC(4125) Metaspace: 256610K->256610K(1294336K)
[2023-12-20T09:11:38.209-0800][56848654ms] GC(4125) Pause Young (Normal) (G1 Evacuation Pause) 1963M->459M(2612M) 30.004ms
[2023-12-20T09:11:38.211-0800][56848656ms] GC(4125) User=0.05s Sys=0.00s Real=0.03s
[2023-12-20T09:11:39.004-0800][56849449ms] GC(4126) Pause Young (Normal) (G1 Evacuation Pause)
[2023-12-20T09:11:39.004-0800][56849449ms] GC(4126) Using 10 workers of 10 for evacuation
[2023-12-20T09:11:39.032-0800][56849478ms] GC(4126)   Pre Evacuate Collection Set: 0.1ms
[2023-12-20T09:11:39.033-0800][56849478ms] GC(4126)   Evacuate Collection Set: 26.4ms
[2023-12-20T09:11:39.033-0800][56849478ms] GC(4126)   Post Evacuate Collection Set: 2.5ms
[2023-12-20T09:11:39.033-0800][56849478ms] GC(4126)   Other: 0.4ms
[2023-12-20T09:11:39.033-0800][56849478ms] GC(4126) Eden regions: 752->0(752)
[2023-12-20T09:11:39.033-0800][56849478ms] GC(4126) Survivor regions: 31->31(98)
[2023-12-20T09:11:39.033-0800][56849478ms] GC(4126) Old regions: 195->195
[2023-12-20T09:11:39.033-0800][56849478ms] GC(4126) Humongous regions: 5->5
[2023-12-20T09:11:39.033-0800][56849478ms] GC(4126) Metaspace: 256610K->256610K(1294336K)
[2023-12-20T09:11:39.033-0800][56849478ms] GC(4126) Pause Young (Normal) (G1 Evacuation Pause) 1963M->459M(2612M) 29.539ms
[2023-12-20T09:11:39.033-0800][56849478ms] GC(4126) User=0.09s Sys=0.00s Real=0.03s
[2023-12-20T09:11:39.790-0800][56850235ms] GC(4127) Pause Young (Normal) (G1 Evacuation Pause)
[2023-12-20T09:11:39.790-0800][56850235ms] GC(4127) Using 10 workers of 10 for evacuation
[2023-12-20T09:11:39.820-0800][56850265ms] GC(4127)   Pre Evacuate Collection Set: 0.0ms
[2023-12-20T09:11:39.820-0800][56850265ms] GC(4127)   Evacuate Collection Set: 27.6ms
[2023-12-20T09:11:39.820-0800][56850265ms] GC(4127)   Post Evacuate Collection Set: 2.6ms
[2023-12-20T09:11:39.820-0800][56850265ms] GC(4127)   Other: 0.4ms
[2023-12-20T09:11:39.820-0800][56850265ms] GC(4127) Eden regions: 752->0(753)
[2023-12-20T09:11:39.820-0800][56850265ms] GC(4127) Survivor regions: 31->30(98)
[2023-12-20T09:11:39.820-0800][56850265ms] GC(4127) Old regions: 195->195
[2023-12-20T09:11:39.820-0800][56850265ms] GC(4127) Humongous regions: 5->5
[2023-12-20T09:11:39.820-0800][56850265ms] GC(4127) Metaspace: 256610K->256610K(1294336K)
[2023-12-20T09:11:39.820-0800][56850265ms] GC(4127) Pause Young (Normal) (G1 Evacuation Pause) 1963M->459M(2612M) 30.813ms
[2023-12-20T09:11:39.820-0800][56850265ms] GC(4127) User=0.09s Sys=0.00s Real=0.03s
[2023-12-20T09:11:40.572-0800][56851017ms] GC(4128) Pause Young (Normal) (G1 Evacuation Pause)
[2023-12-20T09:11:40.572-0800][56851017ms] GC(4128) Using 10 workers of 10 for evacuation
[2023-12-20T09:11:40.601-0800][56851046ms] GC(4128)   Pre Evacuate Collection Set: 0.0ms
[2023-12-20T09:11:40.601-0800][56851046ms] GC(4128)   Evacuate Collection Set: 26.9ms
[2023-12-20T09:11:40.601-0800][56851046ms] GC(4128)   Post Evacuate Collection Set: 2.7ms
[2023-12-20T09:11:40.602-0800][56851047ms] GC(4128)   Other: 0.4ms
[2023-12-20T09:11:40.602-0800][56851047ms] GC(4128) Eden regions: 753->0(753)
[2023-12-20T09:11:40.602-0800][56851047ms] GC(4128) Survivor regions: 30->30(98)
[2023-12-20T09:11:40.602-0800][56851047ms] GC(4128) Old regions: 195->195
[2023-12-20T09:11:40.602-0800][56851047ms] GC(4128) Humongous regions: 5->5
[2023-12-20T09:11:40.602-0800][56851047ms] GC(4128) Metaspace: 256610K->256610K(1294336K)
[2023-12-20T09:11:40.602-0800][56851047ms] GC(4128) Pause Young (Normal) (G1 Evacuation Pause) 1965M->459M(2612M) 30.087ms
[2023-12-20T09:11:40.602-0800][56851047ms] GC(4128) User=0.03s Sys=0.00s Real=0.03s
[2023-12-20T09:11:41.352-0800][56851797ms] GC(4129) Pause Young (Normal) (G1 Evacuation Pause)
[2023-12-20T09:11:41.352-0800][56851797ms] GC(4129) Using 10 workers of 10 for evacuation
[2023-12-20T09:11:41.384-0800][56851829ms] GC(4129)   Pre Evacuate Collection Set: 0.0ms
[2023-12-20T09:11:41.384-0800][56851829ms] GC(4129)   Evacuate Collection Set: 29.2ms
[2023-12-20T09:11:41.384-0800][56851829ms] GC(4129)   Post Evacuate Collection Set: 2.5ms
[2023-12-20T09:11:41.384-0800][56851829ms] GC(4129)   Other: 0.4ms
[2023-12-20T09:11:41.384-0800][56851829ms] GC(4129) Eden regions: 753->0(753)
[2023-12-20T09:11:41.384-0800][56851829ms] GC(4129) Survivor regions: 30->30(98)
[2023-12-20T09:11:41.384-0800][56851829ms] GC(4129) Old regions: 195->195
[2023-12-20T09:11:41.384-0800][56851829ms] GC(4129) Humongous regions: 5->5
[2023-12-20T09:11:41.384-0800][56851829ms] GC(4129) Metaspace: 256610K->256610K(1294336K)
[2023-12-20T09:11:41.384-0800][56851829ms] GC(4129) Pause Young (Normal) (G1 Evacuation Pause) 1965M->459M(2612M) 32.257ms
[2023-12-20T09:11:41.384-0800][56851829ms] GC(4129) User=0.09s Sys=0.00s Real=0.03s
[2023-12-20T09:11:41.987-0800][56852432ms] GC(4130) Pause Young (Normal) (G1 Evacuation Pause)
[2023-12-20T09:11:41.987-0800][56852432ms] GC(4130) Using 10 workers of 10 for evacuation
[2023-12-20T09:11:42.017-0800][56852462ms] GC(4130)   Pre Evacuate Collection Set: 0.0ms
[2023-12-20T09:11:42.017-0800][56852462ms] GC(4130)   Evacuate Collection Set: 26.5ms
[2023-12-20T09:11:42.017-0800][56852462ms] GC(4130)   Post Evacuate Collection Set: 2.9ms
[2023-12-20T09:11:42.017-0800][56852462ms] GC(4130)   Other: 0.4ms
[2023-12-20T09:11:42.017-0800][56852462ms] GC(4130) Eden regions: 753->0(753)
[2023-12-20T09:11:42.017-0800][56852462ms] GC(4130) Survivor regions: 30->30(98)
[2023-12-20T09:11:42.017-0800][56852462ms] GC(4130) Old regions: 195->195
[2023-12-20T09:11:42.017-0800][56852462ms] GC(4130) Humongous regions: 5->5
[2023-12-20T09:11:42.017-0800][56852462ms] GC(4130) Metaspace: 256610K->256610K(1294336K)
[2023-12-20T09:11:42.017-0800][56852462ms] GC(4130) Pause Young (Normal) (G1 Evacuation Pause) 1965M->459M(2612M) 29.899ms
[2023-12-20T09:11:42.017-0800][56852462ms] GC(4130) User=0.06s Sys=0.00s Real=0.03s
[2023-12-20T09:11:42.696-0800][56853141ms] GC(4131) Pause Young (Normal) (G1 Evacuation Pause)
[2023-12-20T09:11:42.696-0800][56853141ms] GC(4131) Using 10 workers of 10 for evacuation
[2023-12-20T09:11:42.725-0800][56853170ms] GC(4131)   Pre Evacuate Collection Set: 0.1ms
[2023-12-20T09:11:42.725-0800][56853170ms] GC(4131)   Evacuate Collection Set: 25.9ms
[2023-12-20T09:11:42.725-0800][56853170ms] GC(4131)   Post Evacuate Collection Set: 2.6ms
[2023-12-20T09:11:42.725-0800][56853170ms] GC(4131)   Other: 0.4ms
[2023-12-20T09:11:42.725-0800][56853170ms] GC(4131) Eden regions: 753->0(753)
[2023-12-20T09:11:42.725-0800][56853170ms] GC(4131) Survivor regions: 30->30(98)
[2023-12-20T09:11:42.725-0800][56853170ms] GC(4131) Old regions: 195->195
[2023-12-20T09:11:42.725-0800][56853170ms] GC(4131) Humongous regions: 5->5
[2023-12-20T09:11:42.725-0800][56853170ms] GC(4131) Metaspace: 256610K->256610K(1294336K)
[2023-12-20T09:11:42.725-0800][56853170ms] GC(4131) Pause Young (Normal) (G1 Evacuation Pause) 1965M->458M(2612M) 29.194ms
[2023-12-20T09:11:42.725-0800][56853170ms] GC(4131) User=0.05s Sys=0.00s Real=0.03s
[2023-12-20T09:11:43.364-0800][56853809ms] GC(4132) Pause Young (Normal) (G1 Evacuation Pause)
[2023-12-20T09:11:43.364-0800][56853809ms] GC(4132) Using 10 workers of 10 for evacuation
[2023-12-20T09:11:43.394-0800][56853839ms] GC(4132)   Pre Evacuate Collection Set: 0.0ms
[2023-12-20T09:11:43.394-0800][56853839ms] GC(4132)   Evacuate Collection Set: 27.9ms
[2023-12-20T09:11:43.394-0800][56853839ms] GC(4132)   Post Evacuate Collection Set: 2.4ms
[2023-12-20T09:11:43.394-0800][56853839ms] GC(4132)   Other: 0.4ms
[2023-12-20T09:11:43.394-0800][56853839ms] GC(4132) Eden regions: 753->0(753)
[2023-12-20T09:11:43.394-0800][56853839ms] GC(4132) Survivor regions: 30->30(98)
[2023-12-20T09:11:43.394-0800][56853839ms] GC(4132) Old regions: 195->195
[2023-12-20T09:11:43.394-0800][56853839ms] GC(4132) Humongous regions: 5->5
[2023-12-20T09:11:43.394-0800][56853839ms] GC(4132) Metaspace: 256610K->256610K(1294336K)
[2023-12-20T09:11:43.394-0800][56853839ms] GC(4132) Pause Young (Normal) (G1 Evacuation Pause) 1964M->458M(2612M) 30.831ms
[2023-12-20T09:11:43.394-0800][56853839ms] GC(4132) User=0.11s Sys=0.00s Real=0.03s
[2023-12-20T09:11:44.128-0800][56854573ms] GC(4133) Pause Young (Normal) (G1 Evacuation Pause)
[2023-12-20T09:11:44.128-0800][56854573ms] GC(4133) Using 10 workers of 10 for evacuation
[2023-12-20T09:11:44.157-0800][56854602ms] GC(4133)   Pre Evacuate Collection Set: 0.0ms
[2023-12-20T09:11:44.157-0800][56854602ms] GC(4133)   Evacuate Collection Set: 26.8ms
[2023-12-20T09:11:44.157-0800][56854602ms] GC(4133)   Post Evacuate Collection Set: 2.5ms
[2023-12-20T09:11:44.157-0800][56854602ms] GC(4133)   Other: 0.4ms
[2023-12-20T09:11:44.157-0800][56854602ms] GC(4133) Eden regions: 753->0(753)
[2023-12-20T09:11:44.157-0800][56854602ms] GC(4133) Survivor regions: 30->30(98)
[2023-12-20T09:11:44.157-0800][56854602ms] GC(4133) Old regions: 195->195
[2023-12-20T09:11:44.157-0800][56854602ms] GC(4133) Humongous regions: 5->5
[2023-12-20T09:11:44.157-0800][56854602ms] GC(4133) Metaspace: 256610K->256610K(1294336K)
[2023-12-20T09:11:44.157-0800][56854602ms] GC(4133) Pause Young (Normal) (G1 Evacuation Pause) 1964M->459M(2612M) 29.867ms
[2023-12-20T09:11:44.157-0800][56854602ms] GC(4133) User=0.14s Sys=0.00s Real=0.03s
[2023-12-20T09:11:44.961-0800][56855406ms] GC(4134) Pause Young (Normal) (G1 Evacuation Pause)
[2023-12-20T09:11:44.961-0800][56855406ms] GC(4134) Using 10 workers of 10 for evacuation
[2023-12-20T09:11:44.991-0800][56855436ms] GC(4134)   Pre Evacuate Collection Set: 0.0ms
[2023-12-20T09:11:44.991-0800][56855436ms] GC(4134)   Evacuate Collection Set: 27.3ms
[2023-12-20T09:11:44.991-0800][56855436ms] GC(4134)   Post Evacuate Collection Set: 2.3ms
[2023-12-20T09:11:44.991-0800][56855436ms] GC(4134)   Other: 0.4ms
[2023-12-20T09:11:44.991-0800][56855436ms] GC(4134) Eden regions: 753->0(753)
[2023-12-20T09:11:44.991-0800][56855436ms] GC(4134) Survivor regions: 30->30(98)
[2023-12-20T09:11:44.991-0800][56855436ms] GC(4134) Old regions: 195->195
[2023-12-20T09:11:44.991-0800][56855436ms] GC(4134) Humongous regions: 5->5
[2023-12-20T09:11:44.991-0800][56855436ms] GC(4134) Metaspace: 256610K->256610K(1294336K)
[2023-12-20T09:11:44.991-0800][56855436ms] GC(4134) Pause Young (Normal) (G1 Evacuation Pause) 1965M->459M(2612M) 30.226ms
[2023-12-20T09:11:44.991-0800][56855436ms] GC(4134) User=0.09s Sys=0.02s Real=0.03s
[2023-12-20T09:11:45.541-0800][56855986ms] GC(4135) Pause Young (Normal) (G1 Evacuation Pause)
[2023-12-20T09:11:45.541-0800][56855986ms] GC(4135) Using 10 workers of 10 for evacuation
[2023-12-20T09:11:45.571-0800][56856016ms] GC(4135)   Pre Evacuate Collection Set: 0.0ms
[2023-12-20T09:11:45.571-0800][56856016ms] GC(4135)   Evacuate Collection Set: 26.6ms
[2023-12-20T09:11:45.571-0800][56856016ms] GC(4135)   Post Evacuate Collection Set: 2.6ms
[2023-12-20T09:11:45.571-0800][56856016ms] GC(4135)   Other: 0.4ms
[2023-12-20T09:11:45.571-0800][56856016ms] GC(4135) Eden regions: 753->0(753)
[2023-12-20T09:11:45.571-0800][56856016ms] GC(4135) Survivor regions: 30->30(98)
[2023-12-20T09:11:45.571-0800][56856016ms] GC(4135) Old regions: 195->195
[2023-12-20T09:11:45.571-0800][56856016ms] GC(4135) Humongous regions: 5->5
[2023-12-20T09:11:45.571-0800][56856016ms] GC(4135) Metaspace: 256610K->256610K(1294336K)
[2023-12-20T09:11:45.571-0800][56856016ms] GC(4135) Pause Young (Normal) (G1 Evacuation Pause) 1965M->458M(2612M) 29.734ms
[2023-12-20T09:11:45.571-0800][56856016ms] GC(4135) User=0.09s Sys=0.00s Real=0.03s
[2023-12-20T09:11:46.358-0800][56856803ms] GC(4136) Pause Young (Normal) (G1 Evacuation Pause)
[2023-12-20T09:11:46.358-0800][56856803ms] GC(4136) Using 10 workers of 10 for evacuation
[2023-12-20T09:11:46.388-0800][56856833ms] GC(4136)   Pre Evacuate Collection Set: 0.0ms
[2023-12-20T09:11:46.388-0800][56856833ms] GC(4136)   Evacuate Collection Set: 26.9ms
[2023-12-20T09:11:46.388-0800][56856833ms] GC(4136)   Post Evacuate Collection Set: 2.9ms
[2023-12-20T09:11:46.388-0800][56856833ms] GC(4136)   Other: 0.5ms
[2023-12-20T09:11:46.388-0800][56856833ms] GC(4136) Eden regions: 753->0(753)
[2023-12-20T09:11:46.388-0800][56856833ms] GC(4136) Survivor regions: 30->30(98)
[2023-12-20T09:11:46.388-0800][56856833ms] GC(4136) Old regions: 195->195
[2023-12-20T09:11:46.388-0800][56856833ms] GC(4136) Humongous regions: 5->5
[2023-12-20T09:11:46.388-0800][56856833ms] GC(4136) Metaspace: 256610K->256610K(1294336K)
[2023-12-20T09:11:46.388-0800][56856833ms] GC(4136) Pause Young (Normal) (G1 Evacuation Pause) 1964M->459M(2612M) 30.397ms
[2023-12-20T09:11:46.388-0800][56856833ms] GC(4136) User=0.05s Sys=0.02s Real=0.03s
[2023-12-20T09:11:47.305-0800][56857750ms] GC(4137) Pause Young (Normal) (G1 Evacuation Pause)
[2023-12-20T09:11:47.305-0800][56857750ms] GC(4137) Using 10 workers of 10 for evacuation
[2023-12-20T09:11:47.335-0800][56857780ms] GC(4137)   Pre Evacuate Collection Set: 0.0ms
[2023-12-20T09:11:47.335-0800][56857780ms] GC(4137)   Evacuate Collection Set: 27.3ms
[2023-12-20T09:11:47.335-0800][56857780ms] GC(4137)   Post Evacuate Collection Set: 3.2ms
[2023-12-20T09:11:47.335-0800][56857780ms] GC(4137)   Other: 0.4ms
[2023-12-20T09:11:47.335-0800][56857780ms] GC(4137) Eden regions: 753->0(753)
[2023-12-20T09:11:47.335-0800][56857780ms] GC(4137) Survivor regions: 30->30(98)
[2023-12-20T09:11:47.335-0800][56857780ms] GC(4137) Old regions: 195->195
[2023-12-20T09:11:47.335-0800][56857780ms] GC(4137) Humongous regions: 5->5
[2023-12-20T09:11:47.335-0800][56857780ms] GC(4137) Metaspace: 256610K->256610K(1294336K)
[2023-12-20T09:11:47.335-0800][56857780ms] GC(4137) Pause Young (Normal) (G1 Evacuation Pause) 1965M->459M(2612M) 31.086ms
[2023-12-20T09:11:47.335-0800][56857780ms] GC(4137) User=0.13s Sys=0.00s Real=0.03s
[2023-12-20T09:11:48.100-0800][56858545ms] GC(4138) Pause Young (Normal) (G1 Evacuation Pause)
[2023-12-20T09:11:48.100-0800][56858545ms] GC(4138) Using 10 workers of 10 for evacuation
[2023-12-20T09:11:48.129-0800][56858574ms] GC(4138)   Pre Evacuate Collection Set: 0.0ms
[2023-12-20T09:11:48.129-0800][56858574ms] GC(4138)   Evacuate Collection Set: 26.3ms
[2023-12-20T09:11:48.129-0800][56858574ms] GC(4138)   Post Evacuate Collection Set: 2.5ms
[2023-12-20T09:11:48.129-0800][56858574ms] GC(4138)   Other: 0.4ms
[2023-12-20T09:11:48.129-0800][56858574ms] GC(4138) Eden regions: 753->0(753)
[2023-12-20T09:11:48.129-0800][56858574ms] GC(4138) Survivor regions: 30->30(98)
[2023-12-20T09:11:48.129-0800][56858574ms] GC(4138) Old regions: 195->195
[2023-12-20T09:11:48.129-0800][56858574ms] GC(4138) Humongous regions: 5->5
[2023-12-20T09:11:48.129-0800][56858574ms] GC(4138) Metaspace: 256610K->256610K(1294336K)
[2023-12-20T09:11:48.129-0800][56858574ms] GC(4138) Pause Young (Normal) (G1 Evacuation Pause) 1965M->458M(2612M) 29.362ms
[2023-12-20T09:11:48.129-0800][56858574ms] GC(4138) User=0.16s Sys=0.00s Real=0.03s
[2023-12-20T09:11:48.891-0800][56859336ms] GC(4139) Pause Young (Normal) (G1 Evacuation Pause)
[2023-12-20T09:11:48.891-0800][56859336ms] GC(4139) Using 10 workers of 10 for evacuation
[2023-12-20T09:11:48.920-0800][56859365ms] GC(4139)   Pre Evacuate Collection Set: 0.0ms
[2023-12-20T09:11:48.920-0800][56859365ms] GC(4139)   Evacuate Collection Set: 26.6ms
[2023-12-20T09:11:48.920-0800][56859365ms] GC(4139)   Post Evacuate Collection Set: 2.9ms
[2023-12-20T09:11:48.920-0800][56859365ms] GC(4139)   Other: 0.4ms
[2023-12-20T09:11:48.920-0800][56859365ms] GC(4139) Eden regions: 753->0(753)
[2023-12-20T09:11:48.920-0800][56859365ms] GC(4139) Survivor regions: 30->30(98)
[2023-12-20T09:11:48.920-0800][56859365ms] GC(4139) Old regions: 195->195
[2023-12-20T09:11:48.920-0800][56859365ms] GC(4139) Humongous regions: 5->5
[2023-12-20T09:11:48.920-0800][56859365ms] GC(4139) Metaspace: 256610K->256610K(1294336K)
[2023-12-20T09:11:48.920-0800][56859365ms] GC(4139) Pause Young (Normal) (G1 Evacuation Pause) 1964M->458M(2612M) 30.095ms
[2023-12-20T09:11:48.920-0800][56859365ms] GC(4139) User=0.09s Sys=0.00s Real=0.03s
[2023-12-20T09:11:49.710-0800][56860155ms] GC(4140) Pause Young (Normal) (G1 Evacuation Pause)
[2023-12-20T09:11:49.710-0800][56860155ms] GC(4140) Using 10 workers of 10 for evacuation
[2023-12-20T09:11:49.741-0800][56860186ms] GC(4140)   Pre Evacuate Collection Set: 0.0ms
[2023-12-20T09:11:49.741-0800][56860186ms] GC(4140)   Evacuate Collection Set: 28.0ms
[2023-12-20T09:11:49.741-0800][56860186ms] GC(4140)   Post Evacuate Collection Set: 2.4ms
[2023-12-20T09:11:49.741-0800][56860186ms] GC(4140)   Other: 0.4ms
[2023-12-20T09:11:49.741-0800][56860186ms] GC(4140) Eden regions: 753->0(753)
[2023-12-20T09:11:49.741-0800][56860186ms] GC(4140) Survivor regions: 30->30(98)
[2023-12-20T09:11:49.741-0800][56860186ms] GC(4140) Old regions: 195->195
[2023-12-20T09:11:49.741-0800][56860186ms] GC(4140) Humongous regions: 5->5
[2023-12-20T09:11:49.741-0800][56860186ms] GC(4140) Metaspace: 256610K->256610K(1294336K)
[2023-12-20T09:11:49.741-0800][56860186ms] GC(4140) Pause Young (Normal) (G1 Evacuation Pause) 1964M->458M(2612M) 30.918ms
[2023-12-20T09:11:49.741-0800][56860186ms] GC(4140) User=0.06s Sys=0.00s Real=0.03s
[2023-12-20T09:11:50.622-0800][56861067ms] GC(4141) Pause Young (Normal) (G1 Evacuation Pause)
[2023-12-20T09:11:50.622-0800][56861067ms] GC(4141) Using 10 workers of 10 for evacuation
[2023-12-20T09:11:50.653-0800][56861098ms] GC(4141)   Pre Evacuate Collection Set: 0.0ms
[2023-12-20T09:11:50.653-0800][56861098ms] GC(4141)   Evacuate Collection Set: 26.7ms
[2023-12-20T09:11:50.653-0800][56861098ms] GC(4141)   Post Evacuate Collection Set: 3.5ms
[2023-12-20T09:11:50.653-0800][56861098ms] GC(4141)   Other: 0.4ms
[2023-12-20T09:11:50.653-0800][56861098ms] GC(4141) Eden regions: 753->0(753)
[2023-12-20T09:11:50.653-0800][56861098ms] GC(4141) Survivor regions: 30->30(98)
[2023-12-20T09:11:50.653-0800][56861098ms] GC(4141) Old regions: 195->195
[2023-12-20T09:11:50.653-0800][56861098ms] GC(4141) Humongous regions: 5->5
[2023-12-20T09:11:50.653-0800][56861098ms] GC(4141) Metaspace: 256610K->256610K(1294336K)
[2023-12-20T09:11:50.653-0800][56861098ms] GC(4141) Pause Young (Normal) (G1 Evacuation Pause) 1964M->459M(2612M) 30.689ms
[2023-12-20T09:11:50.653-0800][56861098ms] GC(4141) User=0.08s Sys=0.00s Real=0.03s
[2023-12-20T09:11:51.606-0800][56862051ms] GC(4142) Pause Young (Normal) (G1 Evacuation Pause)
[2023-12-20T09:11:51.606-0800][56862051ms] GC(4142) Using 10 workers of 10 for evacuation
[2023-12-20T09:11:51.636-0800][56862081ms] GC(4142)   Pre Evacuate Collection Set: 0.0ms
[2023-12-20T09:11:51.636-0800][56862081ms] GC(4142)   Evacuate Collection Set: 27.4ms
[2023-12-20T09:11:51.636-0800][56862081ms] GC(4142)   Post Evacuate Collection Set: 2.9ms
[2023-12-20T09:11:51.636-0800][56862081ms] GC(4142)   Other: 0.4ms
[2023-12-20T09:11:51.636-0800][56862081ms] GC(4142) Eden regions: 753->0(753)
[2023-12-20T09:11:51.636-0800][56862081ms] GC(4142) Survivor regions: 30->30(98)
[2023-12-20T09:11:51.636-0800][56862081ms] GC(4142) Old regions: 195->195
[2023-12-20T09:11:51.636-0800][56862081ms] GC(4142) Humongous regions: 5->5
[2023-12-20T09:11:51.636-0800][56862081ms] GC(4142) Metaspace: 256610K->256610K(1294336K)
[2023-12-20T09:11:51.636-0800][56862081ms] GC(4142) Pause Young (Normal) (G1 Evacuation Pause) 1965M->458M(2612M) 30.807ms
[2023-12-20T09:11:51.636-0800][56862081ms] GC(4142) User=0.11s Sys=0.00s Real=0.03s
[2023-12-20T09:11:52.493-0800][56862938ms] GC(4143) Pause Young (Normal) (G1 Evacuation Pause)
[2023-12-20T09:11:52.493-0800][56862938ms] GC(4143) Using 10 workers of 10 for evacuation
[2023-12-20T09:11:52.523-0800][56862968ms] GC(4143)   Pre Evacuate Collection Set: 0.1ms
[2023-12-20T09:11:52.523-0800][56862968ms] GC(4143)   Evacuate Collection Set: 26.7ms
[2023-12-20T09:11:52.523-0800][56862968ms] GC(4143)   Post Evacuate Collection Set: 2.6ms
[2023-12-20T09:11:52.523-0800][56862968ms] GC(4143)   Other: 0.8ms
[2023-12-20T09:11:52.523-0800][56862968ms] GC(4143) Eden regions: 753->0(753)
[2023-12-20T09:11:52.523-0800][56862968ms] GC(4143) Survivor regions: 30->30(98)
[2023-12-20T09:11:52.523-0800][56862968ms] GC(4143) Old regions: 195->195
[2023-12-20T09:11:52.523-0800][56862968ms] GC(4143) Humongous regions: 5->5
[2023-12-20T09:11:52.523-0800][56862968ms] GC(4143) Metaspace: 256610K->256610K(1294336K)
[2023-12-20T09:11:52.523-0800][56862968ms] GC(4143) Pause Young (Normal) (G1 Evacuation Pause) 1964M->458M(2612M) 30.308ms
[2023-12-20T09:11:52.523-0800][56862968ms] GC(4143) User=0.08s Sys=0.00s Real=0.03s
[2023-12-20T09:11:53.307-0800][56863752ms] GC(4144) Pause Young (Normal) (G1 Evacuation Pause)
[2023-12-20T09:11:53.307-0800][56863752ms] GC(4144) Using 10 workers of 10 for evacuation
[2023-12-20T09:11:53.339-0800][56863784ms] GC(4144)   Pre Evacuate Collection Set: 0.0ms
[2023-12-20T09:11:53.339-0800][56863784ms] GC(4144)   Evacuate Collection Set: 27.1ms
[2023-12-20T09:11:53.339-0800][56863784ms] GC(4144)   Post Evacuate Collection Set: 4.0ms
[2023-12-20T09:11:53.339-0800][56863784ms] GC(4144)   Other: 0.4ms
[2023-12-20T09:11:53.339-0800][56863784ms] GC(4144) Eden regions: 753->0(753)
[2023-12-20T09:11:53.339-0800][56863784ms] GC(4144) Survivor regions: 30->30(98)
[2023-12-20T09:11:53.339-0800][56863784ms] GC(4144) Old regions: 195->195
[2023-12-20T09:11:53.339-0800][56863784ms] GC(4144) Humongous regions: 5->5
[2023-12-20T09:11:53.339-0800][56863784ms] GC(4144) Metaspace: 256610K->256610K(1294336K)
[2023-12-20T09:11:53.339-0800][56863784ms] GC(4144) Pause Young (Normal) (G1 Evacuation Pause) 1964M->458M(2612M) 31.646ms
[2023-12-20T09:11:53.339-0800][56863784ms] GC(4144) User=0.06s Sys=0.00s Real=0.03s
[2023-12-20T09:11:54.100-0800][56864545ms] GC(4145) Pause Young (Normal) (G1 Evacuation Pause)
[2023-12-20T09:11:54.101-0800][56864546ms] GC(4145) Using 10 workers of 10 for evacuation
[2023-12-20T09:11:54.130-0800][56864575ms] GC(4145)   Pre Evacuate Collection Set: 0.0ms
[2023-12-20T09:11:54.130-0800][56864575ms] GC(4145)   Evacuate Collection Set: 27.5ms
[2023-12-20T09:11:54.130-0800][56864575ms] GC(4145)   Post Evacuate Collection Set: 2.5ms
[2023-12-20T09:11:54.130-0800][56864575ms] GC(4145)   Other: 0.4ms
[2023-12-20T09:11:54.130-0800][56864575ms] GC(4145) Eden regions: 753->0(753)
[2023-12-20T09:11:54.130-0800][56864575ms] GC(4145) Survivor regions: 30->30(98)
[2023-12-20T09:11:54.130-0800][56864575ms] GC(4145) Old regions: 195->195
[2023-12-20T09:11:54.130-0800][56864575ms] GC(4145) Humongous regions: 5->5
[2023-12-20T09:11:54.130-0800][56864575ms] GC(4145) Metaspace: 256610K->256610K(1294336K)
[2023-12-20T09:11:54.130-0800][56864575ms] GC(4145) Pause Young (Normal) (G1 Evacuation Pause) 1964M->459M(2612M) 30.553ms
[2023-12-20T09:11:54.130-0800][56864575ms] GC(4145) User=0.09s Sys=0.00s Real=0.03s
[2023-12-20T09:11:54.991-0800][56865436ms] GC(4146) Pause Young (Normal) (G1 Evacuation Pause)
[2023-12-20T09:11:54.991-0800][56865436ms] GC(4146) Using 10 workers of 10 for evacuation
[2023-12-20T09:11:55.022-0800][56865467ms] GC(4146)   Pre Evacuate Collection Set: 0.0ms
[2023-12-20T09:11:55.022-0800][56865467ms] GC(4146)   Evacuate Collection Set: 27.2ms
[2023-12-20T09:11:55.022-0800][56865467ms] GC(4146)   Post Evacuate Collection Set: 3.1ms
[2023-12-20T09:11:55.022-0800][56865467ms] GC(4146)   Other: 0.4ms
[2023-12-20T09:11:55.022-0800][56865467ms] GC(4146) Eden regions: 753->0(753)
[2023-12-20T09:11:55.022-0800][56865467ms] GC(4146) Survivor regions: 30->30(98)
[2023-12-20T09:11:55.022-0800][56865467ms] GC(4146) Old regions: 195->195
[2023-12-20T09:11:55.022-0800][56865467ms] GC(4146) Humongous regions: 5->5
[2023-12-20T09:11:55.022-0800][56865467ms] GC(4146) Metaspace: 256610K->256610K(1294336K)
[2023-12-20T09:11:55.022-0800][56865467ms] GC(4146) Pause Young (Normal) (G1 Evacuation Pause) 1965M->459M(2612M) 30.833ms
[2023-12-20T09:11:55.022-0800][56865467ms] GC(4146) User=0.09s Sys=0.00s Real=0.03s
[2023-12-20T09:11:55.948-0800][56866393ms] GC(4147) Pause Young (Normal) (G1 Evacuation Pause)
[2023-12-20T09:11:55.948-0800][56866393ms] GC(4147) Using 10 workers of 10 for evacuation
[2023-12-20T09:11:55.979-0800][56866424ms] GC(4147)   Pre Evacuate Collection Set: 0.0ms
[2023-12-20T09:11:55.979-0800][56866424ms] GC(4147)   Evacuate Collection Set: 28.9ms
[2023-12-20T09:11:55.979-0800][56866424ms] GC(4147)   Post Evacuate Collection Set: 2.3ms
[2023-12-20T09:11:55.979-0800][56866424ms] GC(4147)   Other: 0.4ms
[2023-12-20T09:11:55.979-0800][56866424ms] GC(4147) Eden regions: 753->0(753)
[2023-12-20T09:11:55.979-0800][56866424ms] GC(4147) Survivor regions: 30->30(98)
[2023-12-20T09:11:55.979-0800][56866424ms] GC(4147) Old regions: 195->195
[2023-12-20T09:11:55.979-0800][56866424ms] GC(4147) Humongous regions: 5->5
[2023-12-20T09:11:55.979-0800][56866424ms] GC(4147) Metaspace: 256610K->256610K(1294336K)
[2023-12-20T09:11:55.979-0800][56866424ms] GC(4147) Pause Young (Normal) (G1 Evacuation Pause) 1965M->458M(2612M) 31.674ms
[2023-12-20T09:11:55.979-0800][56866424ms] GC(4147) User=0.09s Sys=0.00s Real=0.03s
[2023-12-20T09:11:56.861-0800][56867306ms] GC(4148) Pause Young (Normal) (G1 Evacuation Pause)
[2023-12-20T09:11:56.861-0800][56867306ms] GC(4148) Using 10 workers of 10 for evacuation
[2023-12-20T09:11:56.891-0800][56867336ms] GC(4148)   Pre Evacuate Collection Set: 0.0ms
[2023-12-20T09:11:56.891-0800][56867336ms] GC(4148)   Evacuate Collection Set: 27.2ms
[2023-12-20T09:11:56.891-0800][56867336ms] GC(4148)   Post Evacuate Collection Set: 2.7ms
[2023-12-20T09:11:56.891-0800][56867336ms] GC(4148)   Other: 0.4ms
[2023-12-20T09:11:56.891-0800][56867336ms] GC(4148) Eden regions: 753->0(753)
[2023-12-20T09:11:56.891-0800][56867336ms] GC(4148) Survivor regions: 30->30(98)
[2023-12-20T09:11:56.891-0800][56867336ms] GC(4148) Old regions: 195->195
[2023-12-20T09:11:56.891-0800][56867336ms] GC(4148) Humongous regions: 5->5
[2023-12-20T09:11:56.891-0800][56867336ms] GC(4148) Metaspace: 256610K->256610K(1294336K)
[2023-12-20T09:11:56.891-0800][56867336ms] GC(4148) Pause Young (Normal) (G1 Evacuation Pause) 1964M->459M(2612M) 30.428ms
[2023-12-20T09:11:56.891-0800][56867336ms] GC(4148) User=0.13s Sys=0.00s Real=0.03s
[2023-12-20T09:11:57.773-0800][56868218ms] GC(4149) Pause Young (Normal) (G1 Evacuation Pause)
[2023-12-20T09:11:57.773-0800][56868218ms] GC(4149) Using 10 workers of 10 for evacuation
[2023-12-20T09:11:57.803-0800][56868248ms] GC(4149)   Pre Evacuate Collection Set: 0.0ms
[2023-12-20T09:11:57.803-0800][56868248ms] GC(4149)   Evacuate Collection Set: 27.0ms
[2023-12-20T09:11:57.803-0800][56868248ms] GC(4149)   Post Evacuate Collection Set: 2.5ms
[2023-12-20T09:11:57.803-0800][56868248ms] GC(4149)   Other: 0.4ms
[2023-12-20T09:11:57.803-0800][56868248ms] GC(4149) Eden regions: 753->0(753)
[2023-12-20T09:11:57.803-0800][56868248ms] GC(4149) Survivor regions: 30->30(98)
[2023-12-20T09:11:57.803-0800][56868248ms] GC(4149) Old regions: 195->195
[2023-12-20T09:11:57.803-0800][56868248ms] GC(4149) Humongous regions: 5->5
[2023-12-20T09:11:57.803-0800][56868248ms] GC(4149) Metaspace: 256610K->256610K(1294336K)
[2023-12-20T09:11:57.803-0800][56868248ms] GC(4149) Pause Young (Normal) (G1 Evacuation Pause) 1965M->458M(2612M) 30.101ms
[2023-12-20T09:11:57.803-0800][56868248ms] GC(4149) User=0.09s Sys=0.00s Real=0.03s
[2023-12-20T09:11:58.763-0800][56869208ms] GC(4150) Pause Young (Normal) (G1 Evacuation Pause)
[2023-12-20T09:11:58.763-0800][56869208ms] GC(4150) Using 10 workers of 10 for evacuation
[2023-12-20T09:11:58.792-0800][56869237ms] GC(4150)   Pre Evacuate Collection Set: 0.1ms
[2023-12-20T09:11:58.792-0800][56869237ms] GC(4150)   Evacuate Collection Set: 27.3ms
[2023-12-20T09:11:58.792-0800][56869237ms] GC(4150)   Post Evacuate Collection Set: 2.5ms
[2023-12-20T09:11:58.792-0800][56869237ms] GC(4150)   Other: 0.4ms
[2023-12-20T09:11:58.792-0800][56869237ms] GC(4150) Eden regions: 753->0(753)
[2023-12-20T09:11:58.792-0800][56869237ms] GC(4150) Survivor regions: 30->30(98)
[2023-12-20T09:11:58.792-0800][56869237ms] GC(4150) Old regions: 195->195
[2023-12-20T09:11:58.792-0800][56869237ms] GC(4150) Humongous regions: 5->5
[2023-12-20T09:11:58.792-0800][56869237ms] GC(4150) Metaspace: 256610K->256610K(1294336K)
[2023-12-20T09:11:58.792-0800][56869237ms] GC(4150) Pause Young (Normal) (G1 Evacuation Pause) 1964M->459M(2612M) 30.561ms
[2023-12-20T09:11:58.792-0800][56869237ms] GC(4150) User=0.14s Sys=0.00s Real=0.03s
[2023-12-20T09:11:59.719-0800][56870164ms] GC(4151) Pause Young (Normal) (G1 Evacuation Pause)
[2023-12-20T09:11:59.719-0800][56870164ms] GC(4151) Using 10 workers of 10 for evacuation
[2023-12-20T09:11:59.751-0800][56870196ms] GC(4151)   Pre Evacuate Collection Set: 0.0ms
[2023-12-20T09:11:59.751-0800][56870196ms] GC(4151)   Evacuate Collection Set: 28.9ms
[2023-12-20T09:11:59.751-0800][56870196ms] GC(4151)   Post Evacuate Collection Set: 2.3ms
[2023-12-20T09:11:59.751-0800][56870196ms] GC(4151)   Other: 0.4ms
[2023-12-20T09:11:59.751-0800][56870196ms] GC(4151) Eden regions: 753->0(753)
[2023-12-20T09:11:59.751-0800][56870196ms] GC(4151) Survivor regions: 30->30(98)
[2023-12-20T09:11:59.751-0800][56870196ms] GC(4151) Old regions: 195->195
[2023-12-20T09:11:59.751-0800][56870196ms] GC(4151) Humongous regions: 5->5
[2023-12-20T09:11:59.751-0800][56870196ms] GC(4151) Metaspace: 256610K->256610K(1294336K)
[2023-12-20T09:11:59.751-0800][56870196ms] GC(4151) Pause Young (Normal) (G1 Evacuation Pause) 1965M->459M(2612M) 31.654ms
[2023-12-20T09:11:59.751-0800][56870196ms] GC(4151) User=0.09s Sys=0.00s Real=0.03s
[2023-12-20T09:12:00.682-0800][56871127ms] GC(4152) Pause Young (Normal) (G1 Evacuation Pause)
[2023-12-20T09:12:00.682-0800][56871127ms] GC(4152) Using 10 workers of 10 for evacuation
[2023-12-20T09:12:00.714-0800][56871159ms] GC(4152)   Pre Evacuate Collection Set: 0.0ms
[2023-12-20T09:12:00.714-0800][56871159ms] GC(4152)   Evacuate Collection Set: 28.7ms
[2023-12-20T09:12:00.714-0800][56871159ms] GC(4152)   Post Evacuate Collection Set: 2.4ms
[2023-12-20T09:12:00.714-0800][56871159ms] GC(4152)   Other: 0.4ms
[2023-12-20T09:12:00.714-0800][56871159ms] GC(4152) Eden regions: 753->0(753)
[2023-12-20T09:12:00.714-0800][56871159ms] GC(4152) Survivor regions: 30->30(98)
[2023-12-20T09:12:00.714-0800][56871159ms] GC(4152) Old regions: 195->195
[2023-12-20T09:12:00.714-0800][56871159ms] GC(4152) Humongous regions: 5->5
[2023-12-20T09:12:00.714-0800][56871159ms] GC(4152) Metaspace: 256610K->256610K(1294336K)
[2023-12-20T09:12:00.714-0800][56871159ms] GC(4152) Pause Young (Normal) (G1 Evacuation Pause) 1965M->458M(2612M) 31.637ms
[2023-12-20T09:12:00.714-0800][56871159ms] GC(4152) User=0.16s Sys=0.00s Real=0.03s
[2023-12-20T09:12:01.629-0800][56872074ms] GC(4153) Pause Young (Normal) (GCLocker Initiated GC)
[2023-12-20T09:12:01.629-0800][56872074ms] GC(4153) Using 10 workers of 10 for evacuation
[2023-12-20T09:12:01.659-0800][56872104ms] GC(4153)   Pre Evacuate Collection Set: 0.0ms
[2023-12-20T09:12:01.659-0800][56872104ms] GC(4153)   Evacuate Collection Set: 27.1ms
[2023-12-20T09:12:01.659-0800][56872104ms] GC(4153)   Post Evacuate Collection Set: 2.7ms
[2023-12-20T09:12:01.659-0800][56872104ms] GC(4153)   Other: 0.4ms
[2023-12-20T09:12:01.659-0800][56872104ms] GC(4153) Eden regions: 753->0(753)
[2023-12-20T09:12:01.659-0800][56872104ms] GC(4153) Survivor regions: 30->30(98)
[2023-12-20T09:12:01.659-0800][56872104ms] GC(4153) Old regions: 195->195
[2023-12-20T09:12:01.659-0800][56872104ms] GC(4153) Humongous regions: 5->5
[2023-12-20T09:12:01.659-0800][56872104ms] GC(4153) Metaspace: 256610K->256610K(1294336K)
[2023-12-20T09:12:01.659-0800][56872104ms] GC(4153) Pause Young (Normal) (GCLocker Initiated GC) 1964M->458M(2612M) 30.377ms
[2023-12-20T09:12:01.659-0800][56872104ms] GC(4153) User=0.13s Sys=0.00s Real=0.03s
[2023-12-20T09:12:02.676-0800][56873121ms] GC(4154) Pause Young (Normal) (G1 Evacuation Pause)
[2023-12-20T09:12:02.676-0800][56873121ms] GC(4154) Using 10 workers of 10 for evacuation
[2023-12-20T09:12:02.708-0800][56873153ms] GC(4154)   Pre Evacuate Collection Set: 0.0ms
[2023-12-20T09:12:02.708-0800][56873153ms] GC(4154)   Evacuate Collection Set: 28.5ms
[2023-12-20T09:12:02.708-0800][56873153ms] GC(4154)   Post Evacuate Collection Set: 3.0ms
[2023-12-20T09:12:02.708-0800][56873153ms] GC(4154)   Other: 0.4ms
[2023-12-20T09:12:02.708-0800][56873153ms] GC(4154) Eden regions: 753->0(753)
[2023-12-20T09:12:02.708-0800][56873153ms] GC(4154) Survivor regions: 30->30(98)
[2023-12-20T09:12:02.708-0800][56873153ms] GC(4154) Old regions: 195->195
[2023-12-20T09:12:02.708-0800][56873153ms] GC(4154) Humongous regions: 5->5
[2023-12-20T09:12:02.708-0800][56873153ms] GC(4154) Metaspace: 256610K->256610K(1294336K)
[2023-12-20T09:12:02.708-0800][56873153ms] GC(4154) Pause Young (Normal) (G1 Evacuation Pause) 1964M->459M(2612M) 32.163ms
[2023-12-20T09:12:02.708-0800][56873153ms] GC(4154) User=0.08s Sys=0.00s Real=0.03s
[2023-12-20T09:12:03.628-0800][56874073ms] GC(4155) Pause Young (Normal) (G1 Evacuation Pause)
[2023-12-20T09:12:03.628-0800][56874073ms] GC(4155) Using 10 workers of 10 for evacuation
[2023-12-20T09:12:03.660-0800][56874105ms] GC(4155)   Pre Evacuate Collection Set: 0.0ms
[2023-12-20T09:12:03.660-0800][56874105ms] GC(4155)   Evacuate Collection Set: 29.1ms
[2023-12-20T09:12:03.660-0800][56874105ms] GC(4155)   Post Evacuate Collection Set: 2.6ms
[2023-12-20T09:12:03.660-0800][56874105ms] GC(4155)   Other: 0.4ms
[2023-12-20T09:12:03.660-0800][56874105ms] GC(4155) Eden regions: 753->0(754)
[2023-12-20T09:12:03.660-0800][56874105ms] GC(4155) Survivor regions: 30->29(98)
[2023-12-20T09:12:03.660-0800][56874105ms] GC(4155) Old regions: 195->195
[2023-12-20T09:12:03.660-0800][56874105ms] GC(4155) Humongous regions: 5->5
[2023-12-20T09:12:03.660-0800][56874105ms] GC(4155) Metaspace: 256610K->256610K(1294336K)
[2023-12-20T09:12:03.660-0800][56874105ms] GC(4155) Pause Young (Normal) (G1 Evacuation Pause) 1965M->457M(2612M) 32.204ms
[2023-12-20T09:12:03.660-0800][56874105ms] GC(4155) User=0.08s Sys=0.00s Real=0.03s
[2023-12-20T09:12:04.579-0800][56875024ms] GC(4156) Pause Young (Normal) (G1 Evacuation Pause)
[2023-12-20T09:12:04.579-0800][56875024ms] GC(4156) Using 10 workers of 10 for evacuation
[2023-12-20T09:12:04.612-0800][56875057ms] GC(4156)   Pre Evacuate Collection Set: 0.0ms
[2023-12-20T09:12:04.612-0800][56875057ms] GC(4156)   Evacuate Collection Set: 29.2ms
[2023-12-20T09:12:04.612-0800][56875057ms] GC(4156)   Post Evacuate Collection Set: 2.7ms
[2023-12-20T09:12:04.612-0800][56875057ms] GC(4156)   Other: 0.4ms
[2023-12-20T09:12:04.612-0800][56875057ms] GC(4156) Eden regions: 754->0(753)
[2023-12-20T09:12:04.612-0800][56875057ms] GC(4156) Survivor regions: 29->30(98)
[2023-12-20T09:12:04.612-0800][56875057ms] GC(4156) Old regions: 195->195
[2023-12-20T09:12:04.612-0800][56875057ms] GC(4156) Humongous regions: 5->5
[2023-12-20T09:12:04.612-0800][56875057ms] GC(4156) Metaspace: 256610K->256610K(1294336K)
[2023-12-20T09:12:04.612-0800][56875057ms] GC(4156) Pause Young (Normal) (G1 Evacuation Pause) 1965M->458M(2612M) 32.413ms
[2023-12-20T09:12:04.612-0800][56875057ms] GC(4156) User=0.11s Sys=0.00s Real=0.03s
[2023-12-20T09:12:05.638-0800][56876083ms] GC(4157) Pause Young (Normal) (G1 Evacuation Pause)
[2023-12-20T09:12:05.638-0800][56876083ms] GC(4157) Using 10 workers of 10 for evacuation
[2023-12-20T09:12:05.671-0800][56876116ms] GC(4157)   Pre Evacuate Collection Set: 0.0ms
[2023-12-20T09:12:05.671-0800][56876116ms] GC(4157)   Evacuate Collection Set: 29.0ms
[2023-12-20T09:12:05.671-0800][56876116ms] GC(4157)   Post Evacuate Collection Set: 3.1ms
[2023-12-20T09:12:05.671-0800][56876116ms] GC(4157)   Other: 0.4ms
[2023-12-20T09:12:05.671-0800][56876116ms] GC(4157) Eden regions: 753->0(753)
[2023-12-20T09:12:05.671-0800][56876116ms] GC(4157) Survivor regions: 30->30(98)
[2023-12-20T09:12:05.671-0800][56876116ms] GC(4157) Old regions: 195->195
[2023-12-20T09:12:05.671-0800][56876116ms] GC(4157) Humongous regions: 5->5
[2023-12-20T09:12:05.671-0800][56876116ms] GC(4157) Metaspace: 256610K->256610K(1294336K)
[2023-12-20T09:12:05.671-0800][56876116ms] GC(4157) Pause Young (Normal) (G1 Evacuation Pause) 1964M->458M(2612M) 32.701ms
[2023-12-20T09:12:05.671-0800][56876116ms] GC(4157) User=0.17s Sys=0.00s Real=0.03s
[2023-12-20T09:12:06.578-0800][56877023ms] GC(4158) Pause Young (Normal) (G1 Evacuation Pause)
[2023-12-20T09:12:06.582-0800][56877027ms] GC(4158) Using 10 workers of 10 for evacuation
[2023-12-20T09:12:06.617-0800][56877062ms] GC(4158)   Pre Evacuate Collection Set: 0.1ms
[2023-12-20T09:12:06.617-0800][56877062ms] GC(4158)   Evacuate Collection Set: 30.2ms
[2023-12-20T09:12:06.617-0800][56877062ms] GC(4158)   Post Evacuate Collection Set: 2.9ms
[2023-12-20T09:12:06.617-0800][56877062ms] GC(4158)   Other: 5.2ms
[2023-12-20T09:12:06.617-0800][56877062ms] GC(4158) Eden regions: 753->0(753)
[2023-12-20T09:12:06.617-0800][56877062ms] GC(4158) Survivor regions: 30->30(98)
[2023-12-20T09:12:06.617-0800][56877062ms] GC(4158) Old regions: 195->195
[2023-12-20T09:12:06.617-0800][56877062ms] GC(4158) Humongous regions: 5->5
[2023-12-20T09:12:06.617-0800][56877062ms] GC(4158) Metaspace: 256610K->256610K(1294336K)
[2023-12-20T09:12:06.617-0800][56877062ms] GC(4158) Pause Young (Normal) (G1 Evacuation Pause) 1964M->459M(2612M) 38.523ms
[2023-12-20T09:12:06.617-0800][56877062ms] GC(4158) User=0.17s Sys=0.00s Real=0.04s
[2023-12-20T09:12:07.545-0800][56877990ms] GC(4159) Pause Young (Normal) (G1 Evacuation Pause)
[2023-12-20T09:12:07.545-0800][56877990ms] GC(4159) Using 10 workers of 10 for evacuation
[2023-12-20T09:12:07.578-0800][56878023ms] GC(4159)   Pre Evacuate Collection Set: 0.1ms
[2023-12-20T09:12:07.578-0800][56878023ms] GC(4159)   Evacuate Collection Set: 28.7ms
[2023-12-20T09:12:07.578-0800][56878023ms] GC(4159)   Post Evacuate Collection Set: 2.9ms
[2023-12-20T09:12:07.578-0800][56878023ms] GC(4159)   Other: 0.5ms
[2023-12-20T09:12:07.578-0800][56878023ms] GC(4159) Eden regions: 753->0(754)
[2023-12-20T09:12:07.578-0800][56878023ms] GC(4159) Survivor regions: 30->29(98)
[2023-12-20T09:12:07.578-0800][56878023ms] GC(4159) Old regions: 195->195
[2023-12-20T09:12:07.578-0800][56878023ms] GC(4159) Humongous regions: 5->5
[2023-12-20T09:12:07.578-0800][56878023ms] GC(4159) Metaspace: 256610K->256610K(1294336K)
[2023-12-20T09:12:07.578-0800][56878023ms] GC(4159) Pause Young (Normal) (G1 Evacuation Pause) 1965M->457M(2612M) 32.261ms
[2023-12-20T09:12:07.578-0800][56878023ms] GC(4159) User=0.14s Sys=0.00s Real=0.03s
[2023-12-20T09:12:08.486-0800][56878931ms] GC(4160) Pause Young (Normal) (G1 Evacuation Pause)
[2023-12-20T09:12:08.486-0800][56878931ms] GC(4160) Using 10 workers of 10 for evacuation
[2023-12-20T09:12:08.516-0800][56878961ms] GC(4160)   Pre Evacuate Collection Set: 0.0ms
[2023-12-20T09:12:08.516-0800][56878961ms] GC(4160)   Evacuate Collection Set: 27.7ms
[2023-12-20T09:12:08.516-0800][56878961ms] GC(4160)   Post Evacuate Collection Set: 2.4ms
[2023-12-20T09:12:08.516-0800][56878961ms] GC(4160)   Other: 0.5ms
[2023-12-20T09:12:08.516-0800][56878961ms] GC(4160) Eden regions: 754->0(753)
[2023-12-20T09:12:08.516-0800][56878961ms] GC(4160) Survivor regions: 29->30(98)
[2023-12-20T09:12:08.516-0800][56878961ms] GC(4160) Old regions: 195->195
[2023-12-20T09:12:08.516-0800][56878961ms] GC(4160) Humongous regions: 5->5
[2023-12-20T09:12:08.516-0800][56878961ms] GC(4160) Metaspace: 256610K->256610K(1294336K)
[2023-12-20T09:12:08.516-0800][56878961ms] GC(4160) Pause Young (Normal) (G1 Evacuation Pause) 1965M->458M(2612M) 30.694ms
[2023-12-20T09:12:08.516-0800][56878961ms] GC(4160) User=0.16s Sys=0.00s Real=0.03s
[2023-12-20T09:12:09.379-0800][56879824ms] GC(4161) Pause Young (Normal) (G1 Evacuation Pause)
[2023-12-20T09:12:09.380-0800][56879825ms] GC(4161) Using 10 workers of 10 for evacuation
[2023-12-20T09:12:09.414-0800][56879859ms] GC(4161)   Pre Evacuate Collection Set: 0.0ms
[2023-12-20T09:12:09.414-0800][56879859ms] GC(4161)   Evacuate Collection Set: 31.8ms
[2023-12-20T09:12:09.415-0800][56879860ms] GC(4161)   Post Evacuate Collection Set: 2.7ms
[2023-12-20T09:12:09.415-0800][56879860ms] GC(4161)   Other: 0.4ms
[2023-12-20T09:12:09.415-0800][56879860ms] GC(4161) Eden regions: 753->0(753)
[2023-12-20T09:12:09.415-0800][56879860ms] GC(4161) Survivor regions: 30->30(98)
[2023-12-20T09:12:09.415-0800][56879860ms] GC(4161) Old regions: 195->195
[2023-12-20T09:12:09.415-0800][56879860ms] GC(4161) Humongous regions: 5->5
[2023-12-20T09:12:09.415-0800][56879860ms] GC(4161) Metaspace: 256610K->256610K(1294336K)
[2023-12-20T09:12:09.415-0800][56879860ms] GC(4161) Pause Young (Normal) (G1 Evacuation Pause) 1964M->459M(2612M) 35.038ms
[2023-12-20T09:12:09.415-0800][56879860ms] GC(4161) User=0.16s Sys=0.00s Real=0.04s
[2023-12-20T09:12:10.270-0800][56880715ms] GC(4162) Pause Young (Normal) (G1 Evacuation Pause)
[2023-12-20T09:12:10.270-0800][56880715ms] GC(4162) Using 10 workers of 10 for evacuation
[2023-12-20T09:12:10.303-0800][56880748ms] GC(4162)   Pre Evacuate Collection Set: 0.0ms
[2023-12-20T09:12:10.303-0800][56880748ms] GC(4162)   Evacuate Collection Set: 28.8ms
[2023-12-20T09:12:10.303-0800][56880748ms] GC(4162)   Post Evacuate Collection Set: 3.4ms
[2023-12-20T09:12:10.303-0800][56880748ms] GC(4162)   Other: 0.5ms
[2023-12-20T09:12:10.303-0800][56880748ms] GC(4162) Eden regions: 753->0(753)
[2023-12-20T09:12:10.303-0800][56880748ms] GC(4162) Survivor regions: 30->30(98)
[2023-12-20T09:12:10.303-0800][56880748ms] GC(4162) Old regions: 195->195
[2023-12-20T09:12:10.303-0800][56880748ms] GC(4162) Humongous regions: 5->5
[2023-12-20T09:12:10.303-0800][56880748ms] GC(4162) Metaspace: 256610K->256610K(1294336K)
[2023-12-20T09:12:10.303-0800][56880748ms] GC(4162) Pause Young (Normal) (G1 Evacuation Pause) 1965M->458M(2612M) 32.902ms
[2023-12-20T09:12:10.303-0800][56880748ms] GC(4162) User=0.11s Sys=0.00s Real=0.03s
[2023-12-20T09:12:11.194-0800][56881639ms] GC(4163) Pause Young (Normal) (G1 Evacuation Pause)
[2023-12-20T09:12:11.194-0800][56881639ms] GC(4163) Using 10 workers of 10 for evacuation
[2023-12-20T09:12:11.223-0800][56881668ms] GC(4163)   Pre Evacuate Collection Set: 0.1ms
[2023-12-20T09:12:11.223-0800][56881668ms] GC(4163)   Evacuate Collection Set: 27.3ms
[2023-12-20T09:12:11.223-0800][56881668ms] GC(4163)   Post Evacuate Collection Set: 2.3ms
[2023-12-20T09:12:11.223-0800][56881668ms] GC(4163)   Other: 0.4ms
[2023-12-20T09:12:11.223-0800][56881668ms] GC(4163) Eden regions: 753->0(753)
[2023-12-20T09:12:11.223-0800][56881668ms] GC(4163) Survivor regions: 30->30(98)
[2023-12-20T09:12:11.223-0800][56881668ms] GC(4163) Old regions: 195->195
[2023-12-20T09:12:11.223-0800][56881668ms] GC(4163) Humongous regions: 5->5
[2023-12-20T09:12:11.223-0800][56881668ms] GC(4163) Metaspace: 256610K->256610K(1294336K)
[2023-12-20T09:12:11.223-0800][56881668ms] GC(4163) Pause Young (Normal) (G1 Evacuation Pause) 1964M->458M(2612M) 30.177ms
[2023-12-20T09:12:11.223-0800][56881668ms] GC(4163) User=0.20s Sys=0.00s Real=0.03s
[2023-12-20T09:12:12.090-0800][56882535ms] GC(4164) Pause Young (Normal) (G1 Evacuation Pause)
[2023-12-20T09:12:12.090-0800][56882535ms] GC(4164) Using 10 workers of 10 for evacuation
[2023-12-20T09:12:12.119-0800][56882564ms] GC(4164)   Pre Evacuate Collection Set: 0.0ms
[2023-12-20T09:12:12.119-0800][56882564ms] GC(4164)   Evacuate Collection Set: 26.8ms
[2023-12-20T09:12:12.119-0800][56882564ms] GC(4164)   Post Evacuate Collection Set: 2.5ms
[2023-12-20T09:12:12.119-0800][56882564ms] GC(4164)   Other: 0.4ms
[2023-12-20T09:12:12.119-0800][56882564ms] GC(4164) Eden regions: 753->0(753)
[2023-12-20T09:12:12.119-0800][56882564ms] GC(4164) Survivor regions: 30->30(98)
[2023-12-20T09:12:12.119-0800][56882564ms] GC(4164) Old regions: 195->195
[2023-12-20T09:12:12.119-0800][56882564ms] GC(4164) Humongous regions: 5->5
[2023-12-20T09:12:12.119-0800][56882564ms] GC(4164) Metaspace: 256610K->256610K(1294336K)
[2023-12-20T09:12:12.119-0800][56882564ms] GC(4164) Pause Young (Normal) (G1 Evacuation Pause) 1964M->458M(2612M) 29.813ms
[2023-12-20T09:12:12.121-0800][56882566ms] GC(4164) User=0.09s Sys=0.00s Real=0.03s
[2023-12-20T09:12:12.960-0800][56883405ms] GC(4165) Pause Young (Normal) (G1 Evacuation Pause)
[2023-12-20T09:12:12.960-0800][56883405ms] GC(4165) Using 10 workers of 10 for evacuation
[2023-12-20T09:12:12.990-0800][56883435ms] GC(4165)   Pre Evacuate Collection Set: 0.0ms
[2023-12-20T09:12:12.990-0800][56883435ms] GC(4165)   Evacuate Collection Set: 27.5ms
[2023-12-20T09:12:12.990-0800][56883435ms] GC(4165)   Post Evacuate Collection Set: 2.6ms
[2023-12-20T09:12:12.990-0800][56883435ms] GC(4165)   Other: 0.4ms
[2023-12-20T09:12:12.990-0800][56883435ms] GC(4165) Eden regions: 753->0(753)
[2023-12-20T09:12:12.990-0800][56883435ms] GC(4165) Survivor regions: 30->30(98)
[2023-12-20T09:12:12.990-0800][56883435ms] GC(4165) Old regions: 195->195
[2023-12-20T09:12:12.990-0800][56883435ms] GC(4165) Humongous regions: 5->5
[2023-12-20T09:12:12.990-0800][56883435ms] GC(4165) Metaspace: 256610K->256610K(1294336K)
[2023-12-20T09:12:12.990-0800][56883435ms] GC(4165) Pause Young (Normal) (G1 Evacuation Pause) 1964M->458M(2612M) 30.629ms
[2023-12-20T09:12:12.990-0800][56883435ms] GC(4165) User=0.11s Sys=0.00s Real=0.03s
[2023-12-20T09:12:13.821-0800][56884266ms] GC(4166) Pause Young (Normal) (G1 Evacuation Pause)
[2023-12-20T09:12:13.822-0800][56884267ms] GC(4166) Using 10 workers of 10 for evacuation
[2023-12-20T09:12:13.852-0800][56884297ms] GC(4166)   Pre Evacuate Collection Set: 0.0ms
[2023-12-20T09:12:13.852-0800][56884297ms] GC(4166)   Evacuate Collection Set: 27.5ms
[2023-12-20T09:12:13.852-0800][56884297ms] GC(4166)   Post Evacuate Collection Set: 2.3ms
[2023-12-20T09:12:13.852-0800][56884297ms] GC(4166)   Other: 0.4ms
[2023-12-20T09:12:13.852-0800][56884297ms] GC(4166) Eden regions: 753->0(753)
[2023-12-20T09:12:13.852-0800][56884297ms] GC(4166) Survivor regions: 30->30(98)
[2023-12-20T09:12:13.852-0800][56884297ms] GC(4166) Old regions: 195->195
[2023-12-20T09:12:13.852-0800][56884297ms] GC(4166) Humongous regions: 5->5
[2023-12-20T09:12:13.852-0800][56884297ms] GC(4166) Metaspace: 256610K->256610K(1294336K)
[2023-12-20T09:12:13.852-0800][56884297ms] GC(4166) Pause Young (Normal) (G1 Evacuation Pause) 1964M->458M(2612M) 30.370ms
[2023-12-20T09:12:13.852-0800][56884297ms] GC(4166) User=0.13s Sys=0.00s Real=0.03s
[2023-12-20T09:12:14.708-0800][56885153ms] GC(4167) Pause Young (Normal) (G1 Evacuation Pause)
[2023-12-20T09:12:14.708-0800][56885153ms] GC(4167) Using 10 workers of 10 for evacuation
[2023-12-20T09:12:14.740-0800][56885185ms] GC(4167)   Pre Evacuate Collection Set: 0.0ms
[2023-12-20T09:12:14.740-0800][56885185ms] GC(4167)   Evacuate Collection Set: 28.8ms
[2023-12-20T09:12:14.740-0800][56885185ms] GC(4167)   Post Evacuate Collection Set: 2.4ms
[2023-12-20T09:12:14.740-0800][56885185ms] GC(4167)   Other: 0.3ms
[2023-12-20T09:12:14.740-0800][56885185ms] GC(4167) Eden regions: 753->0(754)
[2023-12-20T09:12:14.740-0800][56885185ms] GC(4167) Survivor regions: 30->29(98)
[2023-12-20T09:12:14.740-0800][56885185ms] GC(4167) Old regions: 195->195
[2023-12-20T09:12:14.740-0800][56885185ms] GC(4167) Humongous regions: 5->5
[2023-12-20T09:12:14.740-0800][56885185ms] GC(4167) Metaspace: 256610K->256610K(1294336K)
[2023-12-20T09:12:14.740-0800][56885185ms] GC(4167) Pause Young (Normal) (G1 Evacuation Pause) 1964M->456M(2612M) 31.721ms
[2023-12-20T09:12:14.740-0800][56885185ms] GC(4167) User=0.19s Sys=0.00s Real=0.03s
[2023-12-20T09:12:15.675-0800][56886120ms] GC(4168) Pause Young (Normal) (G1 Evacuation Pause)
[2023-12-20T09:12:15.675-0800][56886120ms] GC(4168) Using 10 workers of 10 for evacuation
[2023-12-20T09:12:15.706-0800][56886151ms] GC(4168)   Pre Evacuate Collection Set: 0.0ms
[2023-12-20T09:12:15.706-0800][56886151ms] GC(4168)   Evacuate Collection Set: 27.5ms
[2023-12-20T09:12:15.706-0800][56886151ms] GC(4168)   Post Evacuate Collection Set: 3.4ms
[2023-12-20T09:12:15.706-0800][56886151ms] GC(4168)   Other: 0.4ms
[2023-12-20T09:12:15.706-0800][56886151ms] GC(4168) Eden regions: 754->0(753)
[2023-12-20T09:12:15.706-0800][56886151ms] GC(4168) Survivor regions: 29->30(98)
[2023-12-20T09:12:15.706-0800][56886151ms] GC(4168) Old regions: 195->195
[2023-12-20T09:12:15.706-0800][56886151ms] GC(4168) Humongous regions: 5->5
[2023-12-20T09:12:15.706-0800][56886151ms] GC(4168) Metaspace: 256610K->256610K(1294336K)
[2023-12-20T09:12:15.706-0800][56886151ms] GC(4168) Pause Young (Normal) (G1 Evacuation Pause) 1964M->458M(2612M) 31.447ms
[2023-12-20T09:12:15.706-0800][56886151ms] GC(4168) User=0.05s Sys=0.00s Real=0.03s
[2023-12-20T09:12:16.588-0800][56887033ms] GC(4169) Pause Young (Normal) (G1 Evacuation Pause)
[2023-12-20T09:12:16.588-0800][56887033ms] GC(4169) Using 10 workers of 10 for evacuation
[2023-12-20T09:12:16.621-0800][56887066ms] GC(4169)   Pre Evacuate Collection Set: 0.1ms
[2023-12-20T09:12:16.622-0800][56887067ms] GC(4169)   Evacuate Collection Set: 29.2ms
[2023-12-20T09:12:16.622-0800][56887067ms] GC(4169)   Post Evacuate Collection Set: 3.5ms
[2023-12-20T09:12:16.622-0800][56887067ms] GC(4169)   Other: 0.5ms
[2023-12-20T09:12:16.622-0800][56887067ms] GC(4169) Eden regions: 753->0(754)
[2023-12-20T09:12:16.622-0800][56887067ms] GC(4169) Survivor regions: 30->29(98)
[2023-12-20T09:12:16.622-0800][56887067ms] GC(4169) Old regions: 195->195
[2023-12-20T09:12:16.622-0800][56887067ms] GC(4169) Humongous regions: 5->5
[2023-12-20T09:12:16.622-0800][56887067ms] GC(4169) Metaspace: 256610K->256610K(1294336K)
[2023-12-20T09:12:16.622-0800][56887067ms] GC(4169) Pause Young (Normal) (G1 Evacuation Pause) 1964M->457M(2612M) 33.440ms
[2023-12-20T09:12:16.622-0800][56887067ms] GC(4169) User=0.20s Sys=0.00s Real=0.03s
[2023-12-20T09:12:17.583-0800][56888028ms] GC(4170) Pause Young (Normal) (G1 Evacuation Pause)
[2023-12-20T09:12:17.583-0800][56888028ms] GC(4170) Using 10 workers of 10 for evacuation
[2023-12-20T09:12:17.613-0800][56888058ms] GC(4170)   Pre Evacuate Collection Set: 0.0ms
[2023-12-20T09:12:17.613-0800][56888058ms] GC(4170)   Evacuate Collection Set: 26.1ms
[2023-12-20T09:12:17.613-0800][56888058ms] GC(4170)   Post Evacuate Collection Set: 2.7ms
[2023-12-20T09:12:17.613-0800][56888058ms] GC(4170)   Other: 0.4ms
[2023-12-20T09:12:17.613-0800][56888058ms] GC(4170) Eden regions: 754->0(753)
[2023-12-20T09:12:17.613-0800][56888058ms] GC(4170) Survivor regions: 29->30(98)
[2023-12-20T09:12:17.613-0800][56888058ms] GC(4170) Old regions: 195->195
[2023-12-20T09:12:17.613-0800][56888058ms] GC(4170) Humongous regions: 5->5
[2023-12-20T09:12:17.613-0800][56888058ms] GC(4170) Metaspace: 256610K->256610K(1294336K)
[2023-12-20T09:12:17.613-0800][56888058ms] GC(4170) Pause Young (Normal) (G1 Evacuation Pause) 1965M->459M(2612M) 29.280ms
[2023-12-20T09:12:17.613-0800][56888058ms] GC(4170) User=0.05s Sys=0.00s Real=0.03s
[2023-12-20T09:12:18.450-0800][56888895ms] GC(4171) Pause Young (Normal) (G1 Evacuation Pause)
[2023-12-20T09:12:18.450-0800][56888895ms] GC(4171) Using 10 workers of 10 for evacuation
[2023-12-20T09:12:18.479-0800][56888924ms] GC(4171)   Pre Evacuate Collection Set: 0.0ms
[2023-12-20T09:12:18.479-0800][56888924ms] GC(4171)   Evacuate Collection Set: 26.8ms
[2023-12-20T09:12:18.479-0800][56888924ms] GC(4171)   Post Evacuate Collection Set: 2.6ms
[2023-12-20T09:12:18.479-0800][56888924ms] GC(4171)   Other: 0.4ms
[2023-12-20T09:12:18.479-0800][56888924ms] GC(4171) Eden regions: 753->0(753)
[2023-12-20T09:12:18.479-0800][56888924ms] GC(4171) Survivor regions: 30->30(98)
[2023-12-20T09:12:18.479-0800][56888924ms] GC(4171) Old regions: 195->195
[2023-12-20T09:12:18.479-0800][56888924ms] GC(4171) Humongous regions: 5->5
[2023-12-20T09:12:18.479-0800][56888924ms] GC(4171) Metaspace: 256610K->256610K(1294336K)
[2023-12-20T09:12:18.479-0800][56888924ms] GC(4171) Pause Young (Normal) (G1 Evacuation Pause) 1965M->458M(2612M) 30.099ms
[2023-12-20T09:12:18.479-0800][56888924ms] GC(4171) User=0.09s Sys=0.00s Real=0.03s
[2023-12-20T09:12:19.369-0800][56889814ms] GC(4172) Pause Young (Normal) (G1 Evacuation Pause)
[2023-12-20T09:12:19.369-0800][56889814ms] GC(4172) Using 10 workers of 10 for evacuation
[2023-12-20T09:12:19.399-0800][56889844ms] GC(4172)   Pre Evacuate Collection Set: 0.0ms
[2023-12-20T09:12:19.399-0800][56889844ms] GC(4172)   Evacuate Collection Set: 26.4ms
[2023-12-20T09:12:19.399-0800][56889844ms] GC(4172)   Post Evacuate Collection Set: 4.0ms
[2023-12-20T09:12:19.399-0800][56889844ms] GC(4172)   Other: 0.4ms
[2023-12-20T09:12:19.399-0800][56889844ms] GC(4172) Eden regions: 753->0(753)
[2023-12-20T09:12:19.399-0800][56889844ms] GC(4172) Survivor regions: 30->30(98)
[2023-12-20T09:12:19.399-0800][56889844ms] GC(4172) Old regions: 195->195
[2023-12-20T09:12:19.399-0800][56889844ms] GC(4172) Humongous regions: 5->5
[2023-12-20T09:12:19.399-0800][56889844ms] GC(4172) Metaspace: 256610K->256610K(1294336K)
[2023-12-20T09:12:19.399-0800][56889844ms] GC(4172) Pause Young (Normal) (G1 Evacuation Pause) 1964M->459M(2612M) 30.934ms
[2023-12-20T09:12:19.399-0800][56889844ms] GC(4172) User=0.06s Sys=0.00s Real=0.03s
[2023-12-20T09:12:20.298-0800][56890743ms] GC(4173) Pause Young (Normal) (G1 Evacuation Pause)
[2023-12-20T09:12:20.298-0800][56890743ms] GC(4173) Using 10 workers of 10 for evacuation
[2023-12-20T09:12:20.329-0800][56890774ms] GC(4173)   Pre Evacuate Collection Set: 0.1ms
[2023-12-20T09:12:20.329-0800][56890774ms] GC(4173)   Evacuate Collection Set: 28.2ms
[2023-12-20T09:12:20.329-0800][56890774ms] GC(4173)   Post Evacuate Collection Set: 2.8ms
[2023-12-20T09:12:20.329-0800][56890774ms] GC(4173)   Other: 0.6ms
[2023-12-20T09:12:20.329-0800][56890774ms] GC(4173) Eden regions: 753->0(753)
[2023-12-20T09:12:20.329-0800][56890774ms] GC(4173) Survivor regions: 30->30(98)
[2023-12-20T09:12:20.329-0800][56890774ms] GC(4173) Old regions: 195->195
[2023-12-20T09:12:20.329-0800][56890774ms] GC(4173) Humongous regions: 5->5
[2023-12-20T09:12:20.329-0800][56890774ms] GC(4173) Metaspace: 256610K->256610K(1294336K)
[2023-12-20T09:12:20.329-0800][56890774ms] GC(4173) Pause Young (Normal) (G1 Evacuation Pause) 1965M->458M(2612M) 31.874ms
[2023-12-20T09:12:20.329-0800][56890774ms] GC(4173) User=0.09s Sys=0.00s Real=0.03s
[2023-12-20T09:12:21.215-0800][56891660ms] GC(4174) Pause Young (Normal) (G1 Evacuation Pause)
[2023-12-20T09:12:21.215-0800][56891660ms] GC(4174) Using 10 workers of 10 for evacuation
[2023-12-20T09:12:21.245-0800][56891690ms] GC(4174)   Pre Evacuate Collection Set: 0.0ms
[2023-12-20T09:12:21.245-0800][56891690ms] GC(4174)   Evacuate Collection Set: 27.1ms
[2023-12-20T09:12:21.245-0800][56891690ms] GC(4174)   Post Evacuate Collection Set: 2.6ms
[2023-12-20T09:12:21.245-0800][56891690ms] GC(4174)   Other: 0.4ms
[2023-12-20T09:12:21.245-0800][56891690ms] GC(4174) Eden regions: 753->0(753)
[2023-12-20T09:12:21.245-0800][56891690ms] GC(4174) Survivor regions: 30->30(98)
[2023-12-20T09:12:21.245-0800][56891690ms] GC(4174) Old regions: 195->195
[2023-12-20T09:12:21.245-0800][56891690ms] GC(4174) Humongous regions: 5->5
[2023-12-20T09:12:21.245-0800][56891690ms] GC(4174) Metaspace: 256610K->256610K(1294336K)
[2023-12-20T09:12:21.245-0800][56891690ms] GC(4174) Pause Young (Normal) (G1 Evacuation Pause) 1964M->459M(2612M) 30.139ms
[2023-12-20T09:12:21.245-0800][56891690ms] GC(4174) User=0.08s Sys=0.00s Real=0.03s
[2023-12-20T09:12:22.104-0800][56892549ms] GC(4175) Pause Young (Normal) (G1 Evacuation Pause)
[2023-12-20T09:12:22.104-0800][56892549ms] GC(4175) Using 10 workers of 10 for evacuation
[2023-12-20T09:12:22.134-0800][56892579ms] GC(4175)   Pre Evacuate Collection Set: 0.0ms
[2023-12-20T09:12:22.134-0800][56892579ms] GC(4175)   Evacuate Collection Set: 26.9ms
[2023-12-20T09:12:22.134-0800][56892579ms] GC(4175)   Post Evacuate Collection Set: 3.0ms
[2023-12-20T09:12:22.134-0800][56892579ms] GC(4175)   Other: 0.4ms
[2023-12-20T09:12:22.134-0800][56892579ms] GC(4175) Eden regions: 753->0(753)
[2023-12-20T09:12:22.134-0800][56892579ms] GC(4175) Survivor regions: 30->30(98)
[2023-12-20T09:12:22.134-0800][56892579ms] GC(4175) Old regions: 195->195
[2023-12-20T09:12:22.134-0800][56892579ms] GC(4175) Humongous regions: 5->5
[2023-12-20T09:12:22.134-0800][56892579ms] GC(4175) Metaspace: 256610K->256610K(1294336K)
[2023-12-20T09:12:22.134-0800][56892579ms] GC(4175) Pause Young (Normal) (G1 Evacuation Pause) 1965M->459M(2612M) 30.506ms
[2023-12-20T09:12:22.134-0800][56892579ms] GC(4175) User=0.11s Sys=0.00s Real=0.03s
[2023-12-20T09:12:22.999-0800][56893444ms] GC(4176) Pause Young (Normal) (G1 Evacuation Pause)
[2023-12-20T09:12:22.999-0800][56893444ms] GC(4176) Using 10 workers of 10 for evacuation
[2023-12-20T09:12:23.028-0800][56893473ms] GC(4176)   Pre Evacuate Collection Set: 0.1ms
[2023-12-20T09:12:23.028-0800][56893473ms] GC(4176)   Evacuate Collection Set: 27.2ms
[2023-12-20T09:12:23.028-0800][56893473ms] GC(4176)   Post Evacuate Collection Set: 2.5ms
[2023-12-20T09:12:23.028-0800][56893473ms] GC(4176)   Other: 0.4ms
[2023-12-20T09:12:23.028-0800][56893473ms] GC(4176) Eden regions: 753->0(753)
[2023-12-20T09:12:23.028-0800][56893473ms] GC(4176) Survivor regions: 30->30(98)
[2023-12-20T09:12:23.028-0800][56893473ms] GC(4176) Old regions: 195->195
[2023-12-20T09:12:23.028-0800][56893473ms] GC(4176) Humongous regions: 5->5
[2023-12-20T09:12:23.028-0800][56893473ms] GC(4176) Metaspace: 256610K->256610K(1294336K)
[2023-12-20T09:12:23.028-0800][56893473ms] GC(4176) Pause Young (Normal) (G1 Evacuation Pause) 1965M->458M(2612M) 30.347ms
[2023-12-20T09:12:23.028-0800][56893473ms] GC(4176) User=0.08s Sys=0.00s Real=0.03s
[2023-12-20T09:12:23.920-0800][56894365ms] GC(4177) Pause Young (Normal) (G1 Evacuation Pause)
[2023-12-20T09:12:23.920-0800][56894365ms] GC(4177) Using 10 workers of 10 for evacuation
[2023-12-20T09:12:23.950-0800][56894395ms] GC(4177)   Pre Evacuate Collection Set: 0.0ms
[2023-12-20T09:12:23.950-0800][56894395ms] GC(4177)   Evacuate Collection Set: 27.3ms
[2023-12-20T09:12:23.950-0800][56894395ms] GC(4177)   Post Evacuate Collection Set: 3.0ms
[2023-12-20T09:12:23.950-0800][56894395ms] GC(4177)   Other: 0.4ms
[2023-12-20T09:12:23.950-0800][56894395ms] GC(4177) Eden regions: 753->0(754)
[2023-12-20T09:12:23.950-0800][56894395ms] GC(4177) Survivor regions: 30->29(98)
[2023-12-20T09:12:23.950-0800][56894395ms] GC(4177) Old regions: 195->195
[2023-12-20T09:12:23.950-0800][56894395ms] GC(4177) Humongous regions: 5->5
[2023-12-20T09:12:23.950-0800][56894395ms] GC(4177) Metaspace: 256610K->256610K(1294336K)
[2023-12-20T09:12:23.950-0800][56894395ms] GC(4177) Pause Young (Normal) (G1 Evacuation Pause) 1964M->457M(2612M) 30.867ms
[2023-12-20T09:12:23.950-0800][56894395ms] GC(4177) User=0.17s Sys=0.02s Real=0.03s
[2023-12-20T09:12:24.833-0800][56895278ms] GC(4178) Pause Young (Normal) (G1 Evacuation Pause)
[2023-12-20T09:12:24.833-0800][56895278ms] GC(4178) Using 10 workers of 10 for evacuation
[2023-12-20T09:12:24.863-0800][56895308ms] GC(4178)   Pre Evacuate Collection Set: 0.0ms
[2023-12-20T09:12:24.863-0800][56895308ms] GC(4178)   Evacuate Collection Set: 28.2ms
[2023-12-20T09:12:24.863-0800][56895308ms] GC(4178)   Post Evacuate Collection Set: 2.5ms
[2023-12-20T09:12:24.863-0800][56895308ms] GC(4178)   Other: 0.4ms
[2023-12-20T09:12:24.863-0800][56895308ms] GC(4178) Eden regions: 754->0(753)
[2023-12-20T09:12:24.863-0800][56895308ms] GC(4178) Survivor regions: 29->30(98)
[2023-12-20T09:12:24.863-0800][56895308ms] GC(4178) Old regions: 195->195
[2023-12-20T09:12:24.863-0800][56895308ms] GC(4178) Humongous regions: 5->5
[2023-12-20T09:12:24.863-0800][56895308ms] GC(4178) Metaspace: 256610K->256610K(1294336K)
[2023-12-20T09:12:24.863-0800][56895308ms] GC(4178) Pause Young (Normal) (G1 Evacuation Pause) 1965M->459M(2612M) 31.300ms
[2023-12-20T09:12:24.863-0800][56895308ms] GC(4178) User=0.08s Sys=0.00s Real=0.03s
[2023-12-20T09:12:25.705-0800][56896150ms] GC(4179) Pause Young (Normal) (G1 Evacuation Pause)
[2023-12-20T09:12:25.705-0800][56896150ms] GC(4179) Using 10 workers of 10 for evacuation
[2023-12-20T09:12:25.735-0800][56896180ms] GC(4179)   Pre Evacuate Collection Set: 0.0ms
[2023-12-20T09:12:25.735-0800][56896180ms] GC(4179)   Evacuate Collection Set: 26.5ms
[2023-12-20T09:12:25.735-0800][56896180ms] GC(4179)   Post Evacuate Collection Set: 3.2ms
[2023-12-20T09:12:25.735-0800][56896180ms] GC(4179)   Other: 0.4ms
[2023-12-20T09:12:25.735-0800][56896180ms] GC(4179) Eden regions: 753->0(752)
[2023-12-20T09:12:25.735-0800][56896180ms] GC(4179) Survivor regions: 30->31(98)
[2023-12-20T09:12:25.735-0800][56896180ms] GC(4179) Old regions: 195->195
[2023-12-20T09:12:25.735-0800][56896180ms] GC(4179) Humongous regions: 5->5
[2023-12-20T09:12:25.735-0800][56896180ms] GC(4179) Metaspace: 256610K->256610K(1294336K)
[2023-12-20T09:12:25.735-0800][56896180ms] GC(4179) Pause Young (Normal) (G1 Evacuation Pause) 1965M->460M(2612M) 30.140ms
[2023-12-20T09:12:25.735-0800][56896180ms] GC(4179) User=0.13s Sys=0.00s Real=0.03s
[2023-12-20T09:12:26.692-0800][56897137ms] GC(4180) Pause Young (Normal) (G1 Evacuation Pause)
[2023-12-20T09:12:26.692-0800][56897137ms] GC(4180) Using 10 workers of 10 for evacuation
[2023-12-20T09:12:26.722-0800][56897167ms] GC(4180)   Pre Evacuate Collection Set: 0.0ms
[2023-12-20T09:12:26.722-0800][56897167ms] GC(4180)   Evacuate Collection Set: 27.4ms
[2023-12-20T09:12:26.722-0800][56897167ms] GC(4180)   Post Evacuate Collection Set: 2.4ms
[2023-12-20T09:12:26.722-0800][56897167ms] GC(4180)   Other: 0.4ms
[2023-12-20T09:12:26.722-0800][56897167ms] GC(4180) Eden regions: 752->0(752)
[2023-12-20T09:12:26.722-0800][56897167ms] GC(4180) Survivor regions: 31->31(98)
[2023-12-20T09:12:26.722-0800][56897167ms] GC(4180) Old regions: 195->195
[2023-12-20T09:12:26.722-0800][56897167ms] GC(4180) Humongous regions: 5->5
[2023-12-20T09:12:26.722-0800][56897167ms] GC(4180) Metaspace: 256610K->256610K(1294336K)
[2023-12-20T09:12:26.722-0800][56897167ms] GC(4180) Pause Young (Normal) (G1 Evacuation Pause) 1964M->460M(2612M) 30.378ms
[2023-12-20T09:12:26.722-0800][56897167ms] GC(4180) User=0.13s Sys=0.00s Real=0.03s
[2023-12-20T09:12:27.608-0800][56898053ms] GC(4181) Pause Young (Normal) (G1 Evacuation Pause)
[2023-12-20T09:12:27.608-0800][56898053ms] GC(4181) Using 10 workers of 10 for evacuation
[2023-12-20T09:12:27.639-0800][56898084ms] GC(4181)   Pre Evacuate Collection Set: 0.0ms
[2023-12-20T09:12:27.639-0800][56898084ms] GC(4181)   Evacuate Collection Set: 28.1ms
[2023-12-20T09:12:27.639-0800][56898084ms] GC(4181)   Post Evacuate Collection Set: 2.4ms
[2023-12-20T09:12:27.639-0800][56898084ms] GC(4181)   Other: 0.4ms
[2023-12-20T09:12:27.639-0800][56898084ms] GC(4181) Eden regions: 752->0(752)
[2023-12-20T09:12:27.639-0800][56898084ms] GC(4181) Survivor regions: 31->31(98)
[2023-12-20T09:12:27.639-0800][56898084ms] GC(4181) Old regions: 195->195
[2023-12-20T09:12:27.639-0800][56898084ms] GC(4181) Humongous regions: 5->5
[2023-12-20T09:12:27.639-0800][56898084ms] GC(4181) Metaspace: 256610K->256610K(1294336K)
[2023-12-20T09:12:27.639-0800][56898084ms] GC(4181) Pause Young (Normal) (G1 Evacuation Pause) 1964M->460M(2612M) 31.091ms
[2023-12-20T09:12:27.639-0800][56898084ms] GC(4181) User=0.03s Sys=0.00s Real=0.03s
[2023-12-20T09:12:28.585-0800][56899030ms] GC(4182) Pause Young (Normal) (G1 Evacuation Pause)
[2023-12-20T09:12:28.585-0800][56899030ms] GC(4182) Using 10 workers of 10 for evacuation
[2023-12-20T09:12:28.615-0800][56899060ms] GC(4182)   Pre Evacuate Collection Set: 0.0ms
[2023-12-20T09:12:28.615-0800][56899060ms] GC(4182)   Evacuate Collection Set: 27.4ms
[2023-12-20T09:12:28.615-0800][56899060ms] GC(4182)   Post Evacuate Collection Set: 2.4ms
[2023-12-20T09:12:28.615-0800][56899060ms] GC(4182)   Other: 0.4ms
[2023-12-20T09:12:28.615-0800][56899060ms] GC(4182) Eden regions: 752->0(752)
[2023-12-20T09:12:28.615-0800][56899060ms] GC(4182) Survivor regions: 31->31(98)
[2023-12-20T09:12:28.615-0800][56899060ms] GC(4182) Old regions: 195->195
[2023-12-20T09:12:28.615-0800][56899060ms] GC(4182) Humongous regions: 5->5
[2023-12-20T09:12:28.615-0800][56899060ms] GC(4182) Metaspace: 256610K->256610K(1294336K)
[2023-12-20T09:12:28.615-0800][56899060ms] GC(4182) Pause Young (Normal) (G1 Evacuation Pause) 1964M->460M(2612M) 30.360ms
[2023-12-20T09:12:28.615-0800][56899060ms] GC(4182) User=0.06s Sys=0.00s Real=0.03s
[2023-12-20T09:12:29.395-0800][56899840ms] GC(4183) Pause Young (Normal) (G1 Evacuation Pause)
[2023-12-20T09:12:29.395-0800][56899840ms] GC(4183) Using 10 workers of 10 for evacuation
[2023-12-20T09:12:29.425-0800][56899870ms] GC(4183)   Pre Evacuate Collection Set: 0.0ms
[2023-12-20T09:12:29.425-0800][56899870ms] GC(4183)   Evacuate Collection Set: 27.5ms
[2023-12-20T09:12:29.425-0800][56899870ms] GC(4183)   Post Evacuate Collection Set: 2.7ms
[2023-12-20T09:12:29.425-0800][56899870ms] GC(4183)   Other: 0.4ms
[2023-12-20T09:12:29.425-0800][56899870ms] GC(4183) Eden regions: 752->0(752)
[2023-12-20T09:12:29.425-0800][56899870ms] GC(4183) Survivor regions: 31->31(98)
[2023-12-20T09:12:29.425-0800][56899870ms] GC(4183) Old regions: 195->195
[2023-12-20T09:12:29.425-0800][56899870ms] GC(4183) Humongous regions: 5->5
[2023-12-20T09:12:29.425-0800][56899870ms] GC(4183) Metaspace: 256610K->256610K(1294336K)
[2023-12-20T09:12:29.425-0800][56899870ms] GC(4183) Pause Young (Normal) (G1 Evacuation Pause) 1964M->460M(2612M) 30.806ms
[2023-12-20T09:12:29.425-0800][56899870ms] GC(4183) User=0.09s Sys=0.00s Real=0.03s
[2023-12-20T09:12:30.116-0800][56900561ms] GC(4184) Pause Young (Normal) (G1 Evacuation Pause)
[2023-12-20T09:12:30.116-0800][56900561ms] GC(4184) Using 10 workers of 10 for evacuation
[2023-12-20T09:12:30.146-0800][56900591ms] GC(4184)   Pre Evacuate Collection Set: 0.0ms
[2023-12-20T09:12:30.146-0800][56900592ms] GC(4184)   Evacuate Collection Set: 27.0ms
[2023-12-20T09:12:30.147-0800][56900592ms] GC(4184)   Post Evacuate Collection Set: 3.2ms
[2023-12-20T09:12:30.147-0800][56900592ms] GC(4184)   Other: 0.4ms
[2023-12-20T09:12:30.147-0800][56900592ms] GC(4184) Eden regions: 752->0(752)
[2023-12-20T09:12:30.147-0800][56900592ms] GC(4184) Survivor regions: 31->31(98)
[2023-12-20T09:12:30.147-0800][56900592ms] GC(4184) Old regions: 195->195
[2023-12-20T09:12:30.147-0800][56900592ms] GC(4184) Humongous regions: 5->5
[2023-12-20T09:12:30.147-0800][56900592ms] GC(4184) Metaspace: 256610K->256610K(1294336K)
[2023-12-20T09:12:30.147-0800][56900592ms] GC(4184) Pause Young (Normal) (G1 Evacuation Pause) 1964M->460M(2612M) 30.768ms
[2023-12-20T09:12:30.147-0800][56900592ms] GC(4184) User=0.25s Sys=0.00s Real=0.03s
[2023-12-20T09:12:30.824-0800][56901269ms] GC(4185) Pause Young (Normal) (G1 Evacuation Pause)
[2023-12-20T09:12:30.824-0800][56901269ms] GC(4185) Using 10 workers of 10 for evacuation
[2023-12-20T09:12:30.855-0800][56901300ms] GC(4185)   Pre Evacuate Collection Set: 0.1ms
[2023-12-20T09:12:30.855-0800][56901300ms] GC(4185)   Evacuate Collection Set: 26.6ms
[2023-12-20T09:12:30.855-0800][56901300ms] GC(4185)   Post Evacuate Collection Set: 2.7ms
[2023-12-20T09:12:30.855-0800][56901300ms] GC(4185)   Other: 0.4ms
[2023-12-20T09:12:30.855-0800][56901300ms] GC(4185) Eden regions: 752->0(752)
[2023-12-20T09:12:30.855-0800][56901300ms] GC(4185) Survivor regions: 31->31(98)
[2023-12-20T09:12:30.855-0800][56901300ms] GC(4185) Old regions: 195->195
[2023-12-20T09:12:30.855-0800][56901300ms] GC(4185) Humongous regions: 5->5
[2023-12-20T09:12:30.855-0800][56901300ms] GC(4185) Metaspace: 256610K->256610K(1294336K)
[2023-12-20T09:12:30.855-0800][56901300ms] GC(4185) Pause Young (Normal) (G1 Evacuation Pause) 1964M->460M(2612M) 29.806ms
[2023-12-20T09:12:30.856-0800][56901301ms] GC(4185) User=0.16s Sys=0.00s Real=0.03s
[2023-12-20T09:12:31.601-0800][56902046ms] GC(4186) Pause Young (Normal) (G1 Evacuation Pause)
[2023-12-20T09:12:31.601-0800][56902046ms] GC(4186) Using 10 workers of 10 for evacuation
[2023-12-20T09:12:31.630-0800][56902075ms] GC(4186)   Pre Evacuate Collection Set: 0.0ms
[2023-12-20T09:12:31.630-0800][56902075ms] GC(4186)   Evacuate Collection Set: 26.7ms
[2023-12-20T09:12:31.630-0800][56902075ms] GC(4186)   Post Evacuate Collection Set: 2.5ms
[2023-12-20T09:12:31.630-0800][56902075ms] GC(4186)   Other: 0.4ms
[2023-12-20T09:12:31.630-0800][56902075ms] GC(4186) Eden regions: 752->0(753)
[2023-12-20T09:12:31.630-0800][56902075ms] GC(4186) Survivor regions: 31->30(98)
[2023-12-20T09:12:31.630-0800][56902075ms] GC(4186) Old regions: 195->195
[2023-12-20T09:12:31.630-0800][56902075ms] GC(4186) Humongous regions: 5->5
[2023-12-20T09:12:31.630-0800][56902075ms] GC(4186) Metaspace: 256610K->256610K(1294336K)
[2023-12-20T09:12:31.630-0800][56902075ms] GC(4186) Pause Young (Normal) (G1 Evacuation Pause) 1964M->459M(2612M) 29.657ms
[2023-12-20T09:12:31.630-0800][56902075ms] GC(4186) User=0.05s Sys=0.00s Real=0.03s
[2023-12-20T09:12:32.429-0800][56902874ms] GC(4187) Pause Young (Normal) (G1 Evacuation Pause)
[2023-12-20T09:12:32.429-0800][56902874ms] GC(4187) Using 10 workers of 10 for evacuation
[2023-12-20T09:12:32.461-0800][56902906ms] GC(4187)   Pre Evacuate Collection Set: 0.0ms
[2023-12-20T09:12:32.461-0800][56902906ms] GC(4187)   Evacuate Collection Set: 28.7ms
[2023-12-20T09:12:32.461-0800][56902906ms] GC(4187)   Post Evacuate Collection Set: 3.0ms
[2023-12-20T09:12:32.461-0800][56902906ms] GC(4187)   Other: 0.5ms
[2023-12-20T09:12:32.461-0800][56902906ms] GC(4187) Eden regions: 753->0(753)
[2023-12-20T09:12:32.461-0800][56902906ms] GC(4187) Survivor regions: 30->30(98)
[2023-12-20T09:12:32.461-0800][56902906ms] GC(4187) Old regions: 195->196
[2023-12-20T09:12:32.461-0800][56902906ms] GC(4187) Humongous regions: 5->5
[2023-12-20T09:12:32.461-0800][56902906ms] GC(4187) Metaspace: 256610K->256610K(1294336K)
[2023-12-20T09:12:32.461-0800][56902906ms] GC(4187) Pause Young (Normal) (G1 Evacuation Pause) 1965M->459M(2612M) 32.276ms
[2023-12-20T09:12:32.461-0800][56902906ms] GC(4187) User=0.13s Sys=0.00s Real=0.03s
[2023-12-20T09:12:33.250-0800][56903695ms] GC(4188) Pause Young (Normal) (G1 Evacuation Pause)
[2023-12-20T09:12:33.250-0800][56903695ms] GC(4188) Using 10 workers of 10 for evacuation
[2023-12-20T09:12:33.279-0800][56903724ms] GC(4188)   Pre Evacuate Collection Set: 0.0ms
[2023-12-20T09:12:33.280-0800][56903725ms] GC(4188)   Evacuate Collection Set: 27.2ms
[2023-12-20T09:12:33.280-0800][56903725ms] GC(4188)   Post Evacuate Collection Set: 2.4ms
[2023-12-20T09:12:33.280-0800][56903725ms] GC(4188)   Other: 0.4ms
[2023-12-20T09:12:33.280-0800][56903725ms] GC(4188) Eden regions: 753->0(753)
[2023-12-20T09:12:33.280-0800][56903725ms] GC(4188) Survivor regions: 30->30(98)
[2023-12-20T09:12:33.280-0800][56903725ms] GC(4188) Old regions: 196->196
[2023-12-20T09:12:33.280-0800][56903725ms] GC(4188) Humongous regions: 5->5
[2023-12-20T09:12:33.280-0800][56903725ms] GC(4188) Metaspace: 256610K->256610K(1294336K)
[2023-12-20T09:12:33.280-0800][56903725ms] GC(4188) Pause Young (Normal) (G1 Evacuation Pause) 1965M->460M(2612M) 30.171ms
[2023-12-20T09:12:33.280-0800][56903725ms] GC(4188) User=0.09s Sys=0.00s Real=0.03s
[2023-12-20T09:12:34.028-0800][56904473ms] GC(4189) Pause Young (Normal) (G1 Evacuation Pause)
[2023-12-20T09:12:34.028-0800][56904473ms] GC(4189) Using 10 workers of 10 for evacuation
[2023-12-20T09:12:34.057-0800][56904502ms] GC(4189)   Pre Evacuate Collection Set: 0.0ms
[2023-12-20T09:12:34.057-0800][56904502ms] GC(4189)   Evacuate Collection Set: 27.3ms
[2023-12-20T09:12:34.057-0800][56904502ms] GC(4189)   Post Evacuate Collection Set: 2.5ms
[2023-12-20T09:12:34.057-0800][56904502ms] GC(4189)   Other: 0.4ms
[2023-12-20T09:12:34.057-0800][56904502ms] GC(4189) Eden regions: 753->0(752)
[2023-12-20T09:12:34.057-0800][56904502ms] GC(4189) Survivor regions: 30->31(98)
[2023-12-20T09:12:34.059-0800][56904504ms] GC(4189) Old regions: 196->196
[2023-12-20T09:12:34.059-0800][56904504ms] GC(4189) Humongous regions: 5->5
[2023-12-20T09:12:34.059-0800][56904504ms] GC(4189) Metaspace: 256610K->256610K(1294336K)
[2023-12-20T09:12:34.059-0800][56904504ms] GC(4189) Pause Young (Normal) (G1 Evacuation Pause) 1966M->461M(2612M) 30.457ms
[2023-12-20T09:12:34.059-0800][56904504ms] GC(4189) User=0.08s Sys=0.00s Real=0.03s
[2023-12-20T09:12:34.892-0800][56905337ms] GC(4190) Pause Young (Normal) (GCLocker Initiated GC)
[2023-12-20T09:12:34.892-0800][56905337ms] GC(4190) Using 10 workers of 10 for evacuation
[2023-12-20T09:12:34.922-0800][56905367ms] GC(4190)   Pre Evacuate Collection Set: 0.0ms
[2023-12-20T09:12:34.922-0800][56905367ms] GC(4190)   Evacuate Collection Set: 26.5ms
[2023-12-20T09:12:34.922-0800][56905367ms] GC(4190)   Post Evacuate Collection Set: 2.9ms
[2023-12-20T09:12:34.922-0800][56905367ms] GC(4190)   Other: 0.4ms
[2023-12-20T09:12:34.922-0800][56905367ms] GC(4190) Eden regions: 753->0(752)
[2023-12-20T09:12:34.922-0800][56905367ms] GC(4190) Survivor regions: 31->31(98)
[2023-12-20T09:12:34.922-0800][56905367ms] GC(4190) Old regions: 196->196
[2023-12-20T09:12:34.922-0800][56905367ms] GC(4190) Humongous regions: 5->5
[2023-12-20T09:12:34.922-0800][56905367ms] GC(4190) Metaspace: 256610K->256610K(1294336K)
[2023-12-20T09:12:34.922-0800][56905367ms] GC(4190) Pause Young (Normal) (GCLocker Initiated GC) 1966M->461M(2612M) 30.013ms
[2023-12-20T09:12:34.922-0800][56905367ms] GC(4190) User=0.08s Sys=0.00s Real=0.03s
[2023-12-20T09:12:35.840-0800][56906285ms] GC(4191) Pause Young (Normal) (GCLocker Initiated GC)
[2023-12-20T09:12:35.840-0800][56906285ms] GC(4191) Using 10 workers of 10 for evacuation
[2023-12-20T09:12:35.870-0800][56906315ms] GC(4191)   Pre Evacuate Collection Set: 0.0ms
[2023-12-20T09:12:35.870-0800][56906315ms] GC(4191)   Evacuate Collection Set: 26.5ms
[2023-12-20T09:12:35.870-0800][56906315ms] GC(4191)   Post Evacuate Collection Set: 2.5ms
[2023-12-20T09:12:35.870-0800][56906315ms] GC(4191)   Other: 0.4ms
[2023-12-20T09:12:35.870-0800][56906315ms] GC(4191) Eden regions: 753->0(752)
[2023-12-20T09:12:35.870-0800][56906315ms] GC(4191) Survivor regions: 31->31(98)
[2023-12-20T09:12:35.870-0800][56906315ms] GC(4191) Old regions: 196->196
[2023-12-20T09:12:35.870-0800][56906315ms] GC(4191) Humongous regions: 5->5
[2023-12-20T09:12:35.870-0800][56906315ms] GC(4191) Metaspace: 256610K->256610K(1294336K)
[2023-12-20T09:12:35.870-0800][56906315ms] GC(4191) Pause Young (Normal) (GCLocker Initiated GC) 1966M->461M(2612M) 29.584ms
[2023-12-20T09:12:35.870-0800][56906315ms] GC(4191) User=0.09s Sys=0.00s Real=0.03s
[2023-12-20T09:12:36.841-0800][56907286ms] GC(4192) Pause Young (Normal) (GCLocker Initiated GC)
[2023-12-20T09:12:36.841-0800][56907286ms] GC(4192) Using 10 workers of 10 for evacuation
[2023-12-20T09:12:36.871-0800][56907316ms] GC(4192)   Pre Evacuate Collection Set: 0.0ms
[2023-12-20T09:12:36.871-0800][56907316ms] GC(4192)   Evacuate Collection Set: 26.8ms
[2023-12-20T09:12:36.871-0800][56907316ms] GC(4192)   Post Evacuate Collection Set: 2.4ms
[2023-12-20T09:12:36.871-0800][56907316ms] GC(4192)   Other: 0.4ms
[2023-12-20T09:12:36.871-0800][56907316ms] GC(4192) Eden regions: 753->0(752)
[2023-12-20T09:12:36.871-0800][56907316ms] GC(4192) Survivor regions: 31->31(98)
[2023-12-20T09:12:36.871-0800][56907316ms] GC(4192) Old regions: 196->196
[2023-12-20T09:12:36.871-0800][56907316ms] GC(4192) Humongous regions: 5->5
[2023-12-20T09:12:36.871-0800][56907316ms] GC(4192) Metaspace: 256610K->256610K(1294336K)
[2023-12-20T09:12:36.871-0800][56907316ms] GC(4192) Pause Young (Normal) (GCLocker Initiated GC) 1966M->461M(2612M) 29.839ms
[2023-12-20T09:12:36.871-0800][56907316ms] GC(4192) User=0.11s Sys=0.00s Real=0.03s
[2023-12-20T09:12:37.767-0800][56908212ms] GC(4193) Pause Young (Normal) (G1 Evacuation Pause)
[2023-12-20T09:12:37.767-0800][56908212ms] GC(4193) Using 10 workers of 10 for evacuation
[2023-12-20T09:12:37.818-0800][56908263ms] GC(4193)   Pre Evacuate Collection Set: 0.0ms
[2023-12-20T09:12:37.818-0800][56908263ms] GC(4193)   Evacuate Collection Set: 48.5ms
[2023-12-20T09:12:37.818-0800][56908263ms] GC(4193)   Post Evacuate Collection Set: 2.4ms
[2023-12-20T09:12:37.818-0800][56908263ms] GC(4193)   Other: 0.4ms
[2023-12-20T09:12:37.818-0800][56908263ms] GC(4193) Eden regions: 752->0(753)
[2023-12-20T09:12:37.818-0800][56908263ms] GC(4193) Survivor regions: 31->30(98)
[2023-12-20T09:12:37.818-0800][56908263ms] GC(4193) Old regions: 196->196
[2023-12-20T09:12:37.818-0800][56908263ms] GC(4193) Humongous regions: 5->5
[2023-12-20T09:12:37.818-0800][56908263ms] GC(4193) Metaspace: 256610K->256610K(1294336K)
[2023-12-20T09:12:37.818-0800][56908263ms] GC(4193) Pause Young (Normal) (G1 Evacuation Pause) 1965M->460M(2612M) 51.466ms
[2023-12-20T09:12:37.818-0800][56908263ms] GC(4193) User=0.08s Sys=0.00s Real=0.05s
[2023-12-20T09:12:38.591-0800][56909036ms] GC(4194) Pause Young (Normal) (G1 Evacuation Pause)
[2023-12-20T09:12:38.591-0800][56909036ms] GC(4194) Using 10 workers of 10 for evacuation
[2023-12-20T09:12:38.620-0800][56909065ms] GC(4194)   Pre Evacuate Collection Set: 0.0ms
[2023-12-20T09:12:38.620-0800][56909065ms] GC(4194)   Evacuate Collection Set: 26.2ms
[2023-12-20T09:12:38.620-0800][56909065ms] GC(4194)   Post Evacuate Collection Set: 2.5ms
[2023-12-20T09:12:38.620-0800][56909065ms] GC(4194)   Other: 0.4ms
[2023-12-20T09:12:38.620-0800][56909065ms] GC(4194) Eden regions: 753->0(753)
[2023-12-20T09:12:38.620-0800][56909065ms] GC(4194) Survivor regions: 30->30(98)
[2023-12-20T09:12:38.620-0800][56909065ms] GC(4194) Old regions: 196->196
[2023-12-20T09:12:38.620-0800][56909065ms] GC(4194) Humongous regions: 5->5
[2023-12-20T09:12:38.620-0800][56909065ms] GC(4194) Metaspace: 256610K->256610K(1294336K)
[2023-12-20T09:12:38.620-0800][56909065ms] GC(4194) Pause Young (Normal) (G1 Evacuation Pause) 1966M->460M(2612M) 29.194ms
[2023-12-20T09:12:38.620-0800][56909065ms] GC(4194) User=0.09s Sys=0.00s Real=0.03s
[2023-12-20T09:12:39.450-0800][56909895ms] GC(4195) Pause Young (Normal) (G1 Evacuation Pause)
[2023-12-20T09:12:39.450-0800][56909895ms] GC(4195) Using 10 workers of 10 for evacuation
[2023-12-20T09:12:39.481-0800][56909926ms] GC(4195)   Pre Evacuate Collection Set: 0.1ms
[2023-12-20T09:12:39.481-0800][56909926ms] GC(4195)   Evacuate Collection Set: 28.2ms
[2023-12-20T09:12:39.481-0800][56909926ms] GC(4195)   Post Evacuate Collection Set: 3.1ms
[2023-12-20T09:12:39.482-0800][56909927ms] GC(4195)   Other: 0.5ms
[2023-12-20T09:12:39.482-0800][56909927ms] GC(4195) Eden regions: 753->0(753)
[2023-12-20T09:12:39.482-0800][56909927ms] GC(4195) Survivor regions: 30->30(98)
[2023-12-20T09:12:39.482-0800][56909927ms] GC(4195) Old regions: 196->196
[2023-12-20T09:12:39.482-0800][56909927ms] GC(4195) Humongous regions: 5->5
[2023-12-20T09:12:39.482-0800][56909927ms] GC(4195) Metaspace: 256610K->256610K(1294336K)
[2023-12-20T09:12:39.482-0800][56909927ms] GC(4195) Pause Young (Normal) (G1 Evacuation Pause) 1966M->459M(2612M) 31.964ms
[2023-12-20T09:12:39.482-0800][56909927ms] GC(4195) User=0.13s Sys=0.00s Real=0.03s
[2023-12-20T09:12:40.191-0800][56910636ms] GC(4196) Pause Young (Normal) (G1 Evacuation Pause)
[2023-12-20T09:12:40.191-0800][56910636ms] GC(4196) Using 10 workers of 10 for evacuation
[2023-12-20T09:12:40.220-0800][56910665ms] GC(4196)   Pre Evacuate Collection Set: 0.1ms
[2023-12-20T09:12:40.220-0800][56910665ms] GC(4196)   Evacuate Collection Set: 25.9ms
[2023-12-20T09:12:40.220-0800][56910665ms] GC(4196)   Post Evacuate Collection Set: 2.9ms
[2023-12-20T09:12:40.220-0800][56910665ms] GC(4196)   Other: 0.4ms
[2023-12-20T09:12:40.220-0800][56910665ms] GC(4196) Eden regions: 753->0(753)
[2023-12-20T09:12:40.220-0800][56910665ms] GC(4196) Survivor regions: 30->30(98)
[2023-12-20T09:12:40.220-0800][56910665ms] GC(4196) Old regions: 196->196
[2023-12-20T09:12:40.220-0800][56910665ms] GC(4196) Humongous regions: 5->5
[2023-12-20T09:12:40.220-0800][56910665ms] GC(4196) Metaspace: 256610K->256610K(1294336K)
[2023-12-20T09:12:40.220-0800][56910665ms] GC(4196) Pause Young (Normal) (G1 Evacuation Pause) 1965M->459M(2612M) 29.372ms
[2023-12-20T09:12:40.220-0800][56910665ms] GC(4196) User=0.06s Sys=0.00s Real=0.03s
[2023-12-20T09:12:40.901-0800][56911346ms] GC(4197) Pause Young (Normal) (G1 Evacuation Pause)
[2023-12-20T09:12:40.901-0800][56911346ms] GC(4197) Using 10 workers of 10 for evacuation
[2023-12-20T09:12:40.929-0800][56911374ms] GC(4197)   Pre Evacuate Collection Set: 0.0ms
[2023-12-20T09:12:40.929-0800][56911374ms] GC(4197)   Evacuate Collection Set: 26.4ms
[2023-12-20T09:12:40.929-0800][56911374ms] GC(4197)   Post Evacuate Collection Set: 2.5ms
[2023-12-20T09:12:40.929-0800][56911374ms] GC(4197)   Other: 0.4ms
[2023-12-20T09:12:40.929-0800][56911374ms] GC(4197) Eden regions: 753->0(753)
[2023-12-20T09:12:40.929-0800][56911374ms] GC(4197) Survivor regions: 30->30(98)
[2023-12-20T09:12:40.929-0800][56911374ms] GC(4197) Old regions: 196->196
[2023-12-20T09:12:40.929-0800][56911374ms] GC(4197) Humongous regions: 5->5
[2023-12-20T09:12:40.931-0800][56911376ms] GC(4197) Metaspace: 256610K->256610K(1294336K)
[2023-12-20T09:12:40.931-0800][56911376ms] GC(4197) Pause Young (Normal) (G1 Evacuation Pause) 1965M->460M(2612M) 29.418ms
[2023-12-20T09:12:40.931-0800][56911376ms] GC(4197) User=0.05s Sys=0.00s Real=0.03s
[2023-12-20T09:12:41.548-0800][56911993ms] GC(4198) Pause Young (Normal) (G1 Evacuation Pause)
[2023-12-20T09:12:41.548-0800][56911993ms] GC(4198) Using 10 workers of 10 for evacuation
[2023-12-20T09:12:41.576-0800][56912021ms] GC(4198)   Pre Evacuate Collection Set: 0.0ms
[2023-12-20T09:12:41.576-0800][56912021ms] GC(4198)   Evacuate Collection Set: 25.3ms
[2023-12-20T09:12:41.576-0800][56912021ms] GC(4198)   Post Evacuate Collection Set: 2.6ms
[2023-12-20T09:12:41.576-0800][56912021ms] GC(4198)   Other: 0.4ms
[2023-12-20T09:12:41.576-0800][56912021ms] GC(4198) Eden regions: 753->0(753)
[2023-12-20T09:12:41.576-0800][56912021ms] GC(4198) Survivor regions: 30->30(98)
[2023-12-20T09:12:41.576-0800][56912021ms] GC(4198) Old regions: 196->196
[2023-12-20T09:12:41.576-0800][56912021ms] GC(4198) Humongous regions: 5->5
[2023-12-20T09:12:41.576-0800][56912021ms] GC(4198) Metaspace: 256610K->256610K(1294336K)
[2023-12-20T09:12:41.576-0800][56912021ms] GC(4198) Pause Young (Normal) (G1 Evacuation Pause) 1966M->460M(2612M) 28.460ms
[2023-12-20T09:12:41.576-0800][56912021ms] GC(4198) User=0.06s Sys=0.00s Real=0.03s
[2023-12-20T09:12:42.261-0800][56912706ms] GC(4199) Pause Young (Normal) (G1 Evacuation Pause)
[2023-12-20T09:12:42.261-0800][56912706ms] GC(4199) Using 10 workers of 10 for evacuation
[2023-12-20T09:12:42.290-0800][56912735ms] GC(4199)   Pre Evacuate Collection Set: 0.1ms
[2023-12-20T09:12:42.290-0800][56912735ms] GC(4199)   Evacuate Collection Set: 26.2ms
[2023-12-20T09:12:42.290-0800][56912735ms] GC(4199)   Post Evacuate Collection Set: 2.6ms
[2023-12-20T09:12:42.290-0800][56912735ms] GC(4199)   Other: 0.4ms
[2023-12-20T09:12:42.290-0800][56912735ms] GC(4199) Eden regions: 753->0(753)
[2023-12-20T09:12:42.290-0800][56912735ms] GC(4199) Survivor regions: 30->30(98)
[2023-12-20T09:12:42.290-0800][56912735ms] GC(4199) Old regions: 196->196
[2023-12-20T09:12:42.290-0800][56912735ms] GC(4199) Humongous regions: 5->5
[2023-12-20T09:12:42.290-0800][56912735ms] GC(4199) Metaspace: 256610K->256610K(1294336K)
[2023-12-20T09:12:42.290-0800][56912735ms] GC(4199) Pause Young (Normal) (G1 Evacuation Pause) 1966M->459M(2612M) 29.453ms
[2023-12-20T09:12:42.290-0800][56912735ms] GC(4199) User=0.08s Sys=0.00s Real=0.03s
[2023-12-20T09:12:43.061-0800][56913506ms] GC(4200) Pause Young (Normal) (G1 Evacuation Pause)
[2023-12-20T09:12:43.061-0800][56913506ms] GC(4200) Using 10 workers of 10 for evacuation
[2023-12-20T09:12:43.090-0800][56913535ms] GC(4200)   Pre Evacuate Collection Set: 0.0ms
[2023-12-20T09:12:43.090-0800][56913535ms] GC(4200)   Evacuate Collection Set: 26.9ms
[2023-12-20T09:12:43.090-0800][56913535ms] GC(4200)   Post Evacuate Collection Set: 2.4ms
[2023-12-20T09:12:43.090-0800][56913535ms] GC(4200)   Other: 0.4ms
[2023-12-20T09:12:43.090-0800][56913535ms] GC(4200) Eden regions: 753->0(753)
[2023-12-20T09:12:43.090-0800][56913535ms] GC(4200) Survivor regions: 30->30(98)
[2023-12-20T09:12:43.090-0800][56913535ms] GC(4200) Old regions: 196->196
[2023-12-20T09:12:43.090-0800][56913535ms] GC(4200) Humongous regions: 5->5
[2023-12-20T09:12:43.090-0800][56913535ms] GC(4200) Metaspace: 256610K->256610K(1294336K)
[2023-12-20T09:12:43.090-0800][56913535ms] GC(4200) Pause Young (Normal) (G1 Evacuation Pause) 1965M->460M(2612M) 29.833ms
[2023-12-20T09:12:43.090-0800][56913535ms] GC(4200) User=0.06s Sys=0.00s Real=0.03s
[2023-12-20T09:12:43.757-0800][56914202ms] GC(4201) Pause Young (Normal) (G1 Evacuation Pause)
[2023-12-20T09:12:43.757-0800][56914202ms] GC(4201) Using 10 workers of 10 for evacuation
[2023-12-20T09:12:43.785-0800][56914230ms] GC(4201)   Pre Evacuate Collection Set: 0.0ms
[2023-12-20T09:12:43.785-0800][56914230ms] GC(4201)   Evacuate Collection Set: 25.9ms
[2023-12-20T09:12:43.785-0800][56914230ms] GC(4201)   Post Evacuate Collection Set: 2.3ms
[2023-12-20T09:12:43.785-0800][56914230ms] GC(4201)   Other: 0.4ms
[2023-12-20T09:12:43.785-0800][56914230ms] GC(4201) Eden regions: 753->0(753)
[2023-12-20T09:12:43.785-0800][56914230ms] GC(4201) Survivor regions: 30->30(98)
[2023-12-20T09:12:43.785-0800][56914230ms] GC(4201) Old regions: 196->196
[2023-12-20T09:12:43.785-0800][56914230ms] GC(4201) Humongous regions: 5->5
[2023-12-20T09:12:43.785-0800][56914230ms] GC(4201) Metaspace: 256610K->256610K(1294336K)
[2023-12-20T09:12:43.785-0800][56914230ms] GC(4201) Pause Young (Normal) (G1 Evacuation Pause) 1966M->459M(2612M) 28.748ms
[2023-12-20T09:12:43.785-0800][56914230ms] GC(4201) User=0.06s Sys=0.00s Real=0.03s
[2023-12-20T09:12:44.457-0800][56914902ms] GC(4202) Pause Young (Normal) (G1 Evacuation Pause)
[2023-12-20T09:12:44.457-0800][56914902ms] GC(4202) Using 10 workers of 10 for evacuation
[2023-12-20T09:12:44.488-0800][56914933ms] GC(4202)   Pre Evacuate Collection Set: 0.1ms
[2023-12-20T09:12:44.488-0800][56914933ms] GC(4202)   Evacuate Collection Set: 27.5ms
[2023-12-20T09:12:44.488-0800][56914933ms] GC(4202)   Post Evacuate Collection Set: 2.5ms
[2023-12-20T09:12:44.488-0800][56914933ms] GC(4202)   Other: 0.4ms
[2023-12-20T09:12:44.488-0800][56914933ms] GC(4202) Eden regions: 753->0(753)
[2023-12-20T09:12:44.488-0800][56914933ms] GC(4202) Survivor regions: 30->30(98)
[2023-12-20T09:12:44.488-0800][56914933ms] GC(4202) Old regions: 196->196
[2023-12-20T09:12:44.488-0800][56914933ms] GC(4202) Humongous regions: 5->5
[2023-12-20T09:12:44.488-0800][56914933ms] GC(4202) Metaspace: 256610K->256610K(1294336K)
[2023-12-20T09:12:44.488-0800][56914933ms] GC(4202) Pause Young (Normal) (G1 Evacuation Pause) 1965M->460M(2612M) 30.616ms
[2023-12-20T09:12:44.488-0800][56914933ms] GC(4202) User=0.08s Sys=0.00s Real=0.03s
[2023-12-20T09:12:45.460-0800][56915905ms] GC(4203) Pause Young (Normal) (G1 Evacuation Pause)
[2023-12-20T09:12:45.460-0800][56915905ms] GC(4203) Using 10 workers of 10 for evacuation
[2023-12-20T09:12:45.491-0800][56915936ms] GC(4203)   Pre Evacuate Collection Set: 0.1ms
[2023-12-20T09:12:45.491-0800][56915936ms] GC(4203)   Evacuate Collection Set: 28.3ms
[2023-12-20T09:12:45.491-0800][56915936ms] GC(4203)   Post Evacuate Collection Set: 2.4ms
[2023-12-20T09:12:45.491-0800][56915936ms] GC(4203)   Other: 0.4ms
[2023-12-20T09:12:45.491-0800][56915936ms] GC(4203) Eden regions: 753->0(753)
[2023-12-20T09:12:45.491-0800][56915936ms] GC(4203) Survivor regions: 30->30(98)
[2023-12-20T09:12:45.491-0800][56915936ms] GC(4203) Old regions: 196->196
[2023-12-20T09:12:45.491-0800][56915936ms] GC(4203) Humongous regions: 5->5
[2023-12-20T09:12:45.491-0800][56915936ms] GC(4203) Metaspace: 256610K->256610K(1294336K)
[2023-12-20T09:12:45.491-0800][56915936ms] GC(4203) Pause Young (Normal) (G1 Evacuation Pause) 1966M->459M(2612M) 31.394ms
[2023-12-20T09:12:45.491-0800][56915936ms] GC(4203) User=0.11s Sys=0.00s Real=0.03s
[2023-12-20T09:12:46.429-0800][56916874ms] GC(4204) Pause Young (Normal) (G1 Evacuation Pause)
[2023-12-20T09:12:46.429-0800][56916874ms] GC(4204) Using 10 workers of 10 for evacuation
[2023-12-20T09:12:46.458-0800][56916903ms] GC(4204)   Pre Evacuate Collection Set: 0.0ms
[2023-12-20T09:12:46.458-0800][56916903ms] GC(4204)   Evacuate Collection Set: 26.1ms
[2023-12-20T09:12:46.458-0800][56916903ms] GC(4204)   Post Evacuate Collection Set: 2.4ms
[2023-12-20T09:12:46.458-0800][56916903ms] GC(4204)   Other: 0.4ms
[2023-12-20T09:12:46.458-0800][56916903ms] GC(4204) Eden regions: 753->0(752)
[2023-12-20T09:12:46.458-0800][56916903ms] GC(4204) Survivor regions: 30->31(98)
[2023-12-20T09:12:46.458-0800][56916903ms] GC(4204) Old regions: 196->196
[2023-12-20T09:12:46.458-0800][56916903ms] GC(4204) Humongous regions: 5->5
[2023-12-20T09:12:46.458-0800][56916903ms] GC(4204) Metaspace: 256610K->256610K(1294336K)
[2023-12-20T09:12:46.458-0800][56916903ms] GC(4204) Pause Young (Normal) (G1 Evacuation Pause) 1965M->461M(2612M) 29.034ms
[2023-12-20T09:12:46.458-0800][56916903ms] GC(4204) User=0.03s Sys=0.00s Real=0.03s
[2023-12-20T09:12:47.219-0800][56917664ms] GC(4205) Pause Young (Normal) (G1 Evacuation Pause)
[2023-12-20T09:12:47.219-0800][56917664ms] GC(4205) Using 10 workers of 10 for evacuation
[2023-12-20T09:12:47.254-0800][56917699ms] GC(4205)   Pre Evacuate Collection Set: 0.0ms
[2023-12-20T09:12:47.254-0800][56917699ms] GC(4205)   Evacuate Collection Set: 27.4ms
[2023-12-20T09:12:47.254-0800][56917699ms] GC(4205)   Post Evacuate Collection Set: 7.5ms
[2023-12-20T09:12:47.254-0800][56917699ms] GC(4205)   Other: 0.4ms
[2023-12-20T09:12:47.254-0800][56917699ms] GC(4205) Eden regions: 752->0(753)
[2023-12-20T09:12:47.254-0800][56917699ms] GC(4205) Survivor regions: 31->30(98)
[2023-12-20T09:12:47.254-0800][56917699ms] GC(4205) Old regions: 196->196
[2023-12-20T09:12:47.254-0800][56917699ms] GC(4205) Humongous regions: 5->5
[2023-12-20T09:12:47.254-0800][56917699ms] GC(4205) Metaspace: 256610K->256610K(1294336K)
[2023-12-20T09:12:47.254-0800][56917699ms] GC(4205) Pause Young (Normal) (G1 Evacuation Pause) 1965M->460M(2612M) 35.479ms
[2023-12-20T09:12:47.254-0800][56917699ms] GC(4205) User=0.13s Sys=0.00s Real=0.03s
[2023-12-20T09:12:48.113-0800][56918558ms] GC(4206) Pause Young (Normal) (G1 Evacuation Pause)
[2023-12-20T09:12:48.113-0800][56918558ms] GC(4206) Using 10 workers of 10 for evacuation
[2023-12-20T09:12:48.143-0800][56918588ms] GC(4206)   Pre Evacuate Collection Set: 0.0ms
[2023-12-20T09:12:48.143-0800][56918588ms] GC(4206)   Evacuate Collection Set: 27.6ms
[2023-12-20T09:12:48.143-0800][56918588ms] GC(4206)   Post Evacuate Collection Set: 2.4ms
[2023-12-20T09:12:48.143-0800][56918588ms] GC(4206)   Other: 0.4ms
[2023-12-20T09:12:48.143-0800][56918588ms] GC(4206) Eden regions: 753->0(753)
[2023-12-20T09:12:48.143-0800][56918588ms] GC(4206) Survivor regions: 30->30(98)
[2023-12-20T09:12:48.143-0800][56918588ms] GC(4206) Old regions: 196->196
[2023-12-20T09:12:48.143-0800][56918588ms] GC(4206) Humongous regions: 5->5
[2023-12-20T09:12:48.143-0800][56918588ms] GC(4206) Metaspace: 256610K->256610K(1294336K)
[2023-12-20T09:12:48.143-0800][56918588ms] GC(4206) Pause Young (Normal) (G1 Evacuation Pause) 1966M->459M(2612M) 30.472ms
[2023-12-20T09:12:48.143-0800][56918588ms] GC(4206) User=0.14s Sys=0.00s Real=0.03s
[2023-12-20T09:12:48.977-0800][56919422ms] GC(4207) Pause Young (Normal) (G1 Evacuation Pause)
[2023-12-20T09:12:48.977-0800][56919422ms] GC(4207) Using 10 workers of 10 for evacuation
[2023-12-20T09:12:49.006-0800][56919451ms] GC(4207)   Pre Evacuate Collection Set: 0.0ms
[2023-12-20T09:12:49.006-0800][56919451ms] GC(4207)   Evacuate Collection Set: 27.1ms
[2023-12-20T09:12:49.006-0800][56919451ms] GC(4207)   Post Evacuate Collection Set: 2.3ms
[2023-12-20T09:12:49.006-0800][56919451ms] GC(4207)   Other: 0.4ms
[2023-12-20T09:12:49.006-0800][56919451ms] GC(4207) Eden regions: 753->0(753)
[2023-12-20T09:12:49.006-0800][56919451ms] GC(4207) Survivor regions: 30->30(98)
[2023-12-20T09:12:49.006-0800][56919451ms] GC(4207) Old regions: 196->196
[2023-12-20T09:12:49.006-0800][56919451ms] GC(4207) Humongous regions: 5->5
[2023-12-20T09:12:49.006-0800][56919451ms] GC(4207) Metaspace: 256610K->256610K(1294336K)
[2023-12-20T09:12:49.006-0800][56919451ms] GC(4207) Pause Young (Normal) (G1 Evacuation Pause) 1965M->460M(2612M) 29.918ms
[2023-12-20T09:12:49.008-0800][56919453ms] GC(4207) User=0.08s Sys=0.00s Real=0.03s
[2023-12-20T09:12:49.961-0800][56920406ms] GC(4208) Pause Young (Normal) (G1 Evacuation Pause)
[2023-12-20T09:12:49.961-0800][56920406ms] GC(4208) Using 10 workers of 10 for evacuation
[2023-12-20T09:12:49.992-0800][56920437ms] GC(4208)   Pre Evacuate Collection Set: 0.1ms
[2023-12-20T09:12:49.992-0800][56920437ms] GC(4208)   Evacuate Collection Set: 28.2ms
[2023-12-20T09:12:49.992-0800][56920437ms] GC(4208)   Post Evacuate Collection Set: 2.5ms
[2023-12-20T09:12:49.992-0800][56920437ms] GC(4208)   Other: 0.5ms
[2023-12-20T09:12:49.992-0800][56920437ms] GC(4208) Eden regions: 753->0(753)
[2023-12-20T09:12:49.992-0800][56920437ms] GC(4208) Survivor regions: 30->30(98)
[2023-12-20T09:12:49.992-0800][56920437ms] GC(4208) Old regions: 196->196
[2023-12-20T09:12:49.992-0800][56920437ms] GC(4208) Humongous regions: 5->5
[2023-12-20T09:12:49.992-0800][56920437ms] GC(4208) Metaspace: 256610K->256610K(1294336K)
[2023-12-20T09:12:49.992-0800][56920437ms] GC(4208) Pause Young (Normal) (G1 Evacuation Pause) 1966M->460M(2612M) 31.376ms
[2023-12-20T09:12:49.992-0800][56920437ms] GC(4208) User=0.11s Sys=0.00s Real=0.03s
[2023-12-20T09:12:51.001-0800][56921446ms] GC(4209) Pause Young (Normal) (G1 Evacuation Pause)
[2023-12-20T09:12:51.001-0800][56921446ms] GC(4209) Using 10 workers of 10 for evacuation
[2023-12-20T09:12:51.034-0800][56921479ms] GC(4209)   Pre Evacuate Collection Set: 0.0ms
[2023-12-20T09:12:51.034-0800][56921479ms] GC(4209)   Evacuate Collection Set: 29.3ms
[2023-12-20T09:12:51.034-0800][56921479ms] GC(4209)   Post Evacuate Collection Set: 3.0ms
[2023-12-20T09:12:51.034-0800][56921479ms] GC(4209)   Other: 0.4ms
[2023-12-20T09:12:51.034-0800][56921479ms] GC(4209) Eden regions: 753->0(753)
[2023-12-20T09:12:51.034-0800][56921479ms] GC(4209) Survivor regions: 30->30(98)
[2023-12-20T09:12:51.034-0800][56921479ms] GC(4209) Old regions: 196->196
[2023-12-20T09:12:51.034-0800][56921479ms] GC(4209) Humongous regions: 5->5
[2023-12-20T09:12:51.034-0800][56921479ms] GC(4209) Metaspace: 256610K->256610K(1294336K)
[2023-12-20T09:12:51.034-0800][56921479ms] GC(4209) Pause Young (Normal) (G1 Evacuation Pause) 1966M->459M(2612M) 32.927ms
[2023-12-20T09:12:51.034-0800][56921479ms] GC(4209) User=0.13s Sys=0.02s Real=0.03s
[2023-12-20T09:12:51.949-0800][56922394ms] GC(4210) Pause Young (Normal) (G1 Evacuation Pause)
[2023-12-20T09:12:51.949-0800][56922394ms] GC(4210) Using 10 workers of 10 for evacuation
[2023-12-20T09:12:51.979-0800][56922424ms] GC(4210)   Pre Evacuate Collection Set: 0.0ms
[2023-12-20T09:12:51.979-0800][56922424ms] GC(4210)   Evacuate Collection Set: 26.7ms
[2023-12-20T09:12:51.979-0800][56922424ms] GC(4210)   Post Evacuate Collection Set: 2.5ms
[2023-12-20T09:12:51.979-0800][56922424ms] GC(4210)   Other: 0.5ms
[2023-12-20T09:12:51.979-0800][56922424ms] GC(4210) Eden regions: 753->0(753)
[2023-12-20T09:12:51.979-0800][56922424ms] GC(4210) Survivor regions: 30->30(98)
[2023-12-20T09:12:51.979-0800][56922424ms] GC(4210) Old regions: 196->196
[2023-12-20T09:12:51.979-0800][56922424ms] GC(4210) Humongous regions: 5->5
[2023-12-20T09:12:51.979-0800][56922424ms] GC(4210) Metaspace: 256610K->256610K(1294336K)
[2023-12-20T09:12:51.979-0800][56922424ms] GC(4210) Pause Young (Normal) (G1 Evacuation Pause) 1965M->460M(2612M) 29.921ms
[2023-12-20T09:12:51.979-0800][56922424ms] GC(4210) User=0.08s Sys=0.02s Real=0.03s
[2023-12-20T09:12:52.736-0800][56923181ms] GC(4211) Pause Young (Normal) (G1 Evacuation Pause)
[2023-12-20T09:12:52.736-0800][56923181ms] GC(4211) Using 10 workers of 10 for evacuation
[2023-12-20T09:12:52.766-0800][56923211ms] GC(4211)   Pre Evacuate Collection Set: 0.0ms
[2023-12-20T09:12:52.766-0800][56923211ms] GC(4211)   Evacuate Collection Set: 27.6ms
[2023-12-20T09:12:52.766-0800][56923211ms] GC(4211)   Post Evacuate Collection Set: 2.4ms
[2023-12-20T09:12:52.766-0800][56923211ms] GC(4211)   Other: 0.4ms
[2023-12-20T09:12:52.766-0800][56923211ms] GC(4211) Eden regions: 753->0(753)
[2023-12-20T09:12:52.766-0800][56923211ms] GC(4211) Survivor regions: 30->30(98)
[2023-12-20T09:12:52.766-0800][56923211ms] GC(4211) Old regions: 196->196
[2023-12-20T09:12:52.766-0800][56923211ms] GC(4211) Humongous regions: 5->5
[2023-12-20T09:12:52.766-0800][56923211ms] GC(4211) Metaspace: 256610K->256610K(1294336K)
[2023-12-20T09:12:52.766-0800][56923211ms] GC(4211) Pause Young (Normal) (G1 Evacuation Pause) 1966M->459M(2612M) 30.578ms
[2023-12-20T09:12:52.766-0800][56923211ms] GC(4211) User=0.09s Sys=0.00s Real=0.03s
[2023-12-20T09:12:53.478-0800][56923923ms] GC(4212) Pause Young (Normal) (G1 Evacuation Pause)
[2023-12-20T09:12:53.478-0800][56923923ms] GC(4212) Using 10 workers of 10 for evacuation
[2023-12-20T09:12:53.508-0800][56923953ms] GC(4212)   Pre Evacuate Collection Set: 0.0ms
[2023-12-20T09:12:53.508-0800][56923953ms] GC(4212)   Evacuate Collection Set: 27.7ms
[2023-12-20T09:12:53.508-0800][56923953ms] GC(4212)   Post Evacuate Collection Set: 2.4ms
[2023-12-20T09:12:53.508-0800][56923953ms] GC(4212)   Other: 0.4ms
[2023-12-20T09:12:53.508-0800][56923953ms] GC(4212) Eden regions: 753->0(753)
[2023-12-20T09:12:53.508-0800][56923953ms] GC(4212) Survivor regions: 30->30(98)
[2023-12-20T09:12:53.508-0800][56923953ms] GC(4212) Old regions: 196->196
[2023-12-20T09:12:53.508-0800][56923953ms] GC(4212) Humongous regions: 5->5
[2023-12-20T09:12:53.508-0800][56923953ms] GC(4212) Metaspace: 256610K->256610K(1294336K)
[2023-12-20T09:12:53.508-0800][56923953ms] GC(4212) Pause Young (Normal) (G1 Evacuation Pause) 1965M->459M(2612M) 30.600ms
[2023-12-20T09:12:53.508-0800][56923953ms] GC(4212) User=0.08s Sys=0.00s Real=0.03s
[2023-12-20T09:12:54.302-0800][56924747ms] GC(4213) Pause Young (Normal) (G1 Evacuation Pause)
[2023-12-20T09:12:54.302-0800][56924747ms] GC(4213) Using 10 workers of 10 for evacuation
[2023-12-20T09:12:54.335-0800][56924780ms] GC(4213)   Pre Evacuate Collection Set: 0.1ms
[2023-12-20T09:12:54.335-0800][56924780ms] GC(4213)   Evacuate Collection Set: 29.5ms
[2023-12-20T09:12:54.335-0800][56924780ms] GC(4213)   Post Evacuate Collection Set: 2.9ms
[2023-12-20T09:12:54.335-0800][56924780ms] GC(4213)   Other: 0.4ms
[2023-12-20T09:12:54.335-0800][56924780ms] GC(4213) Eden regions: 753->0(753)
[2023-12-20T09:12:54.335-0800][56924780ms] GC(4213) Survivor regions: 30->30(98)
[2023-12-20T09:12:54.335-0800][56924780ms] GC(4213) Old regions: 196->196
[2023-12-20T09:12:54.335-0800][56924780ms] GC(4213) Humongous regions: 5->5
[2023-12-20T09:12:54.335-0800][56924780ms] GC(4213) Metaspace: 256610K->256610K(1294336K)
[2023-12-20T09:12:54.335-0800][56924780ms] GC(4213) Pause Young (Normal) (G1 Evacuation Pause) 1965M->459M(2612M) 33.002ms
[2023-12-20T09:12:54.335-0800][56924780ms] GC(4213) User=0.19s Sys=0.00s Real=0.03s
[2023-12-20T09:12:55.142-0800][56925587ms] GC(4214) Pause Young (Normal) (G1 Evacuation Pause)
[2023-12-20T09:12:55.142-0800][56925587ms] GC(4214) Using 10 workers of 10 for evacuation
[2023-12-20T09:12:55.173-0800][56925618ms] GC(4214)   Pre Evacuate Collection Set: 0.0ms
[2023-12-20T09:12:55.173-0800][56925618ms] GC(4214)   Evacuate Collection Set: 28.9ms
[2023-12-20T09:12:55.173-0800][56925618ms] GC(4214)   Post Evacuate Collection Set: 2.7ms
[2023-12-20T09:12:55.173-0800][56925618ms] GC(4214)   Other: 0.4ms
[2023-12-20T09:12:55.173-0800][56925618ms] GC(4214) Eden regions: 753->0(753)
[2023-12-20T09:12:55.173-0800][56925618ms] GC(4214) Survivor regions: 30->30(98)
[2023-12-20T09:12:55.173-0800][56925618ms] GC(4214) Old regions: 196->196
[2023-12-20T09:12:55.173-0800][56925619ms] GC(4214) Humongous regions: 5->5
[2023-12-20T09:12:55.174-0800][56925619ms] GC(4214) Metaspace: 256610K->256610K(1294336K)
[2023-12-20T09:12:55.174-0800][56925619ms] GC(4214) Pause Young (Normal) (G1 Evacuation Pause) 1965M->459M(2612M) 32.195ms
[2023-12-20T09:12:55.174-0800][56925619ms] GC(4214) User=0.09s Sys=0.00s Real=0.03s
[2023-12-20T09:12:56.023-0800][56926468ms] GC(4215) Pause Young (Normal) (G1 Evacuation Pause)
[2023-12-20T09:12:56.023-0800][56926468ms] GC(4215) Using 10 workers of 10 for evacuation
[2023-12-20T09:12:56.053-0800][56926498ms] GC(4215)   Pre Evacuate Collection Set: 0.0ms
[2023-12-20T09:12:56.053-0800][56926498ms] GC(4215)   Evacuate Collection Set: 26.9ms
[2023-12-20T09:12:56.053-0800][56926498ms] GC(4215)   Post Evacuate Collection Set: 2.6ms
[2023-12-20T09:12:56.053-0800][56926498ms] GC(4215)   Other: 0.4ms
[2023-12-20T09:12:56.053-0800][56926498ms] GC(4215) Eden regions: 753->0(753)
[2023-12-20T09:12:56.053-0800][56926498ms] GC(4215) Survivor regions: 30->30(98)
[2023-12-20T09:12:56.053-0800][56926498ms] GC(4215) Old regions: 196->196
[2023-12-20T09:12:56.053-0800][56926498ms] GC(4215) Humongous regions: 5->5
[2023-12-20T09:12:56.053-0800][56926498ms] GC(4215) Metaspace: 256610K->256610K(1294336K)
[2023-12-20T09:12:56.053-0800][56926498ms] GC(4215) Pause Young (Normal) (G1 Evacuation Pause) 1965M->459M(2612M) 30.041ms
[2023-12-20T09:12:56.053-0800][56926498ms] GC(4215) User=0.08s Sys=0.00s Real=0.03s
[2023-12-20T09:12:56.924-0800][56927369ms] GC(4216) Pause Young (Normal) (G1 Evacuation Pause)
[2023-12-20T09:12:56.924-0800][56927369ms] GC(4216) Using 10 workers of 10 for evacuation
[2023-12-20T09:12:56.956-0800][56927401ms] GC(4216)   Pre Evacuate Collection Set: 0.0ms
[2023-12-20T09:12:56.956-0800][56927401ms] GC(4216)   Evacuate Collection Set: 28.7ms
[2023-12-20T09:12:56.956-0800][56927401ms] GC(4216)   Post Evacuate Collection Set: 2.8ms
[2023-12-20T09:12:56.956-0800][56927401ms] GC(4216)   Other: 0.4ms
[2023-12-20T09:12:56.956-0800][56927401ms] GC(4216) Eden regions: 753->0(754)
[2023-12-20T09:12:56.956-0800][56927401ms] GC(4216) Survivor regions: 30->29(98)
[2023-12-20T09:12:56.956-0800][56927401ms] GC(4216) Old regions: 196->196
[2023-12-20T09:12:56.956-0800][56927401ms] GC(4216) Humongous regions: 5->5
[2023-12-20T09:12:56.956-0800][56927401ms] GC(4216) Metaspace: 256610K->256610K(1294336K)
[2023-12-20T09:12:56.956-0800][56927401ms] GC(4216) Pause Young (Normal) (G1 Evacuation Pause) 1965M->458M(2612M) 32.058ms
[2023-12-20T09:12:56.956-0800][56927401ms] GC(4216) User=0.13s Sys=0.00s Real=0.03s
[2023-12-20T09:12:57.831-0800][56928276ms] GC(4217) Pause Young (Normal) (G1 Evacuation Pause)
[2023-12-20T09:12:57.831-0800][56928276ms] GC(4217) Using 10 workers of 10 for evacuation
[2023-12-20T09:12:57.862-0800][56928307ms] GC(4217)   Pre Evacuate Collection Set: 0.0ms
[2023-12-20T09:12:57.862-0800][56928307ms] GC(4217)   Evacuate Collection Set: 28.3ms
[2023-12-20T09:12:57.862-0800][56928307ms] GC(4217)   Post Evacuate Collection Set: 2.5ms
[2023-12-20T09:12:57.862-0800][56928307ms] GC(4217)   Other: 0.4ms
[2023-12-20T09:12:57.862-0800][56928307ms] GC(4217) Eden regions: 754->0(753)
[2023-12-20T09:12:57.862-0800][56928307ms] GC(4217) Survivor regions: 29->30(98)
[2023-12-20T09:12:57.862-0800][56928307ms] GC(4217) Old regions: 196->196
[2023-12-20T09:12:57.862-0800][56928307ms] GC(4217) Humongous regions: 5->5
[2023-12-20T09:12:57.862-0800][56928307ms] GC(4217) Metaspace: 256610K->256610K(1294336K)
[2023-12-20T09:12:57.862-0800][56928307ms] GC(4217) Pause Young (Normal) (G1 Evacuation Pause) 1966M->459M(2612M) 31.374ms
[2023-12-20T09:12:57.862-0800][56928307ms] GC(4217) User=0.08s Sys=0.00s Real=0.03s
[2023-12-20T09:12:58.727-0800][56929172ms] GC(4218) Pause Young (Normal) (G1 Evacuation Pause)
[2023-12-20T09:12:58.727-0800][56929172ms] GC(4218) Using 10 workers of 10 for evacuation
[2023-12-20T09:12:58.757-0800][56929202ms] GC(4218)   Pre Evacuate Collection Set: 0.0ms
[2023-12-20T09:12:58.757-0800][56929202ms] GC(4218)   Evacuate Collection Set: 27.7ms
[2023-12-20T09:12:58.757-0800][56929202ms] GC(4218)   Post Evacuate Collection Set: 2.7ms
[2023-12-20T09:12:58.757-0800][56929202ms] GC(4218)   Other: 0.4ms
[2023-12-20T09:12:58.757-0800][56929202ms] GC(4218) Eden regions: 753->0(753)
[2023-12-20T09:12:58.757-0800][56929202ms] GC(4218) Survivor regions: 30->30(98)
[2023-12-20T09:12:58.757-0800][56929202ms] GC(4218) Old regions: 196->196
[2023-12-20T09:12:58.757-0800][56929202ms] GC(4218) Humongous regions: 5->5
[2023-12-20T09:12:58.758-0800][56929203ms] GC(4218) Metaspace: 256610K->256610K(1294336K)
[2023-12-20T09:12:58.758-0800][56929203ms] GC(4218) Pause Young (Normal) (G1 Evacuation Pause) 1965M->459M(2612M) 30.913ms
[2023-12-20T09:12:58.758-0800][56929203ms] GC(4218) User=0.09s Sys=0.00s Real=0.03s
[2023-12-20T09:12:59.722-0800][56930167ms] GC(4219) Pause Young (Normal) (G1 Evacuation Pause)
[2023-12-20T09:12:59.722-0800][56930167ms] GC(4219) Using 10 workers of 10 for evacuation
[2023-12-20T09:12:59.753-0800][56930198ms] GC(4219)   Pre Evacuate Collection Set: 0.0ms
[2023-12-20T09:12:59.753-0800][56930198ms] GC(4219)   Evacuate Collection Set: 27.5ms
[2023-12-20T09:12:59.753-0800][56930198ms] GC(4219)   Post Evacuate Collection Set: 3.0ms
[2023-12-20T09:12:59.753-0800][56930198ms] GC(4219)   Other: 0.4ms
[2023-12-20T09:12:59.753-0800][56930198ms] GC(4219) Eden regions: 753->0(754)
[2023-12-20T09:12:59.753-0800][56930198ms] GC(4219) Survivor regions: 30->29(98)
[2023-12-20T09:12:59.753-0800][56930198ms] GC(4219) Old regions: 196->196
[2023-12-20T09:12:59.753-0800][56930198ms] GC(4219) Humongous regions: 5->5
[2023-12-20T09:12:59.753-0800][56930198ms] GC(4219) Metaspace: 256610K->256610K(1294336K)
[2023-12-20T09:12:59.753-0800][56930198ms] GC(4219) Pause Young (Normal) (G1 Evacuation Pause) 1965M->458M(2612M) 30.995ms
[2023-12-20T09:12:59.753-0800][56930198ms] GC(4219) User=0.09s Sys=0.00s Real=0.03s
[2023-12-20T09:13:00.710-0800][56931155ms] GC(4220) Pause Young (Normal) (G1 Evacuation Pause)
[2023-12-20T09:13:00.710-0800][56931155ms] GC(4220) Using 10 workers of 10 for evacuation
[2023-12-20T09:13:00.742-0800][56931187ms] GC(4220)   Pre Evacuate Collection Set: 0.0ms
[2023-12-20T09:13:00.742-0800][56931187ms] GC(4220)   Evacuate Collection Set: 28.2ms
[2023-12-20T09:13:00.742-0800][56931187ms] GC(4220)   Post Evacuate Collection Set: 2.7ms
[2023-12-20T09:13:00.742-0800][56931187ms] GC(4220)   Other: 0.4ms
[2023-12-20T09:13:00.742-0800][56931187ms] GC(4220) Eden regions: 754->0(754)
[2023-12-20T09:13:00.742-0800][56931187ms] GC(4220) Survivor regions: 29->29(98)
[2023-12-20T09:13:00.742-0800][56931187ms] GC(4220) Old regions: 196->196
[2023-12-20T09:13:00.742-0800][56931187ms] GC(4220) Humongous regions: 5->5
[2023-12-20T09:13:00.742-0800][56931187ms] GC(4220) Metaspace: 256610K->256610K(1294336K)
[2023-12-20T09:13:00.742-0800][56931187ms] GC(4220) Pause Young (Normal) (G1 Evacuation Pause) 1966M->458M(2612M) 31.489ms
[2023-12-20T09:13:00.742-0800][56931187ms] GC(4220) User=0.09s Sys=0.00s Real=0.03s
[2023-12-20T09:13:01.686-0800][56932131ms] GC(4221) Pause Young (Normal) (G1 Evacuation Pause)
[2023-12-20T09:13:01.686-0800][56932131ms] GC(4221) Using 10 workers of 10 for evacuation
[2023-12-20T09:13:01.715-0800][56932160ms] GC(4221)   Pre Evacuate Collection Set: 0.0ms
[2023-12-20T09:13:01.715-0800][56932160ms] GC(4221)   Evacuate Collection Set: 26.5ms
[2023-12-20T09:13:01.715-0800][56932160ms] GC(4221)   Post Evacuate Collection Set: 2.5ms
[2023-12-20T09:13:01.715-0800][56932160ms] GC(4221)   Other: 0.4ms
[2023-12-20T09:13:01.715-0800][56932160ms] GC(4221) Eden regions: 754->0(753)
[2023-12-20T09:13:01.715-0800][56932160ms] GC(4221) Survivor regions: 29->30(98)
[2023-12-20T09:13:01.715-0800][56932160ms] GC(4221) Old regions: 196->196
[2023-12-20T09:13:01.715-0800][56932160ms] GC(4221) Humongous regions: 5->5
[2023-12-20T09:13:01.715-0800][56932160ms] GC(4221) Metaspace: 256610K->256610K(1294336K)
[2023-12-20T09:13:01.715-0800][56932160ms] GC(4221) Pause Young (Normal) (G1 Evacuation Pause) 1966M->460M(2612M) 29.471ms
[2023-12-20T09:13:01.715-0800][56932160ms] GC(4221) User=0.09s Sys=0.00s Real=0.03s
[2023-12-20T09:13:02.577-0800][56933022ms] GC(4222) Pause Young (Normal) (G1 Evacuation Pause)
[2023-12-20T09:13:02.577-0800][56933022ms] GC(4222) Using 10 workers of 10 for evacuation
[2023-12-20T09:13:02.607-0800][56933052ms] GC(4222)   Pre Evacuate Collection Set: 0.0ms
[2023-12-20T09:13:02.607-0800][56933052ms] GC(4222)   Evacuate Collection Set: 27.6ms
[2023-12-20T09:13:02.607-0800][56933052ms] GC(4222)   Post Evacuate Collection Set: 2.3ms
[2023-12-20T09:13:02.607-0800][56933052ms] GC(4222)   Other: 0.4ms
[2023-12-20T09:13:02.607-0800][56933052ms] GC(4222) Eden regions: 753->0(753)
[2023-12-20T09:13:02.607-0800][56933052ms] GC(4222) Survivor regions: 30->30(98)
[2023-12-20T09:13:02.607-0800][56933052ms] GC(4222) Old regions: 196->196
[2023-12-20T09:13:02.607-0800][56933052ms] GC(4222) Humongous regions: 5->5
[2023-12-20T09:13:02.607-0800][56933052ms] GC(4222) Metaspace: 256610K->256610K(1294336K)
[2023-12-20T09:13:02.607-0800][56933052ms] GC(4222) Pause Young (Normal) (G1 Evacuation Pause) 1966M->459M(2612M) 30.466ms
[2023-12-20T09:13:02.607-0800][56933052ms] GC(4222) User=0.09s Sys=0.00s Real=0.03s
[2023-12-20T09:13:03.471-0800][56933916ms] GC(4223) Pause Young (Normal) (G1 Evacuation Pause)
[2023-12-20T09:13:03.471-0800][56933916ms] GC(4223) Using 10 workers of 10 for evacuation
[2023-12-20T09:13:03.502-0800][56933947ms] GC(4223)   Pre Evacuate Collection Set: 0.0ms
[2023-12-20T09:13:03.502-0800][56933947ms] GC(4223)   Evacuate Collection Set: 27.4ms
[2023-12-20T09:13:03.502-0800][56933947ms] GC(4223)   Post Evacuate Collection Set: 3.0ms
[2023-12-20T09:13:03.502-0800][56933947ms] GC(4223)   Other: 0.4ms
[2023-12-20T09:13:03.502-0800][56933947ms] GC(4223) Eden regions: 753->0(754)
[2023-12-20T09:13:03.502-0800][56933947ms] GC(4223) Survivor regions: 30->29(98)
[2023-12-20T09:13:03.502-0800][56933947ms] GC(4223) Old regions: 196->196
[2023-12-20T09:13:03.502-0800][56933947ms] GC(4223) Humongous regions: 5->5
[2023-12-20T09:13:03.502-0800][56933947ms] GC(4223) Metaspace: 256610K->256610K(1294336K)
[2023-12-20T09:13:03.502-0800][56933947ms] GC(4223) Pause Young (Normal) (G1 Evacuation Pause) 1965M->458M(2612M) 30.988ms
[2023-12-20T09:13:03.502-0800][56933947ms] GC(4223) User=0.05s Sys=0.00s Real=0.03s
[2023-12-20T09:13:04.311-0800][56934756ms] GC(4224) Pause Young (Normal) (G1 Evacuation Pause)
[2023-12-20T09:13:04.311-0800][56934756ms] GC(4224) Using 10 workers of 10 for evacuation
[2023-12-20T09:13:04.349-0800][56934794ms] GC(4224)   Pre Evacuate Collection Set: 0.0ms
[2023-12-20T09:13:04.349-0800][56934794ms] GC(4224)   Evacuate Collection Set: 34.7ms
[2023-12-20T09:13:04.349-0800][56934794ms] GC(4224)   Post Evacuate Collection Set: 3.1ms
[2023-12-20T09:13:04.349-0800][56934794ms] GC(4224)   Other: 0.5ms
[2023-12-20T09:13:04.349-0800][56934794ms] GC(4224) Eden regions: 754->0(754)
[2023-12-20T09:13:04.349-0800][56934794ms] GC(4224) Survivor regions: 29->29(98)
[2023-12-20T09:13:04.349-0800][56934794ms] GC(4224) Old regions: 196->196
[2023-12-20T09:13:04.349-0800][56934794ms] GC(4224) Humongous regions: 5->5
[2023-12-20T09:13:04.349-0800][56934794ms] GC(4224) Metaspace: 256610K->256610K(1294336K)
[2023-12-20T09:13:04.349-0800][56934794ms] GC(4224) Pause Young (Normal) (G1 Evacuation Pause) 1966M->458M(2612M) 38.489ms
[2023-12-20T09:13:04.349-0800][56934794ms] GC(4224) User=0.20s Sys=0.00s Real=0.04s
[2023-12-20T09:13:05.275-0800][56935720ms] GC(4225) Pause Young (Normal) (G1 Evacuation Pause)
[2023-12-20T09:13:05.275-0800][56935720ms] GC(4225) Using 10 workers of 10 for evacuation
[2023-12-20T09:13:05.305-0800][56935750ms] GC(4225)   Pre Evacuate Collection Set: 0.0ms
[2023-12-20T09:13:05.305-0800][56935750ms] GC(4225)   Evacuate Collection Set: 27.7ms
[2023-12-20T09:13:05.305-0800][56935750ms] GC(4225)   Post Evacuate Collection Set: 2.9ms
[2023-12-20T09:13:05.305-0800][56935750ms] GC(4225)   Other: 0.4ms
[2023-12-20T09:13:05.306-0800][56935751ms] GC(4225) Eden regions: 754->0(754)
[2023-12-20T09:13:05.306-0800][56935751ms] GC(4225) Survivor regions: 29->29(98)
[2023-12-20T09:13:05.306-0800][56935751ms] GC(4225) Old regions: 196->196
[2023-12-20T09:13:05.306-0800][56935751ms] GC(4225) Humongous regions: 5->5
[2023-12-20T09:13:05.306-0800][56935751ms] GC(4225) Metaspace: 256610K->256610K(1294336K)
[2023-12-20T09:13:05.306-0800][56935751ms] GC(4225) Pause Young (Normal) (G1 Evacuation Pause) 1966M->459M(2612M) 31.260ms
[2023-12-20T09:13:05.306-0800][56935751ms] GC(4225) User=0.09s Sys=0.00s Real=0.03s
[2023-12-20T09:13:06.195-0800][56936640ms] GC(4226) Pause Young (Normal) (G1 Evacuation Pause)
[2023-12-20T09:13:06.195-0800][56936640ms] GC(4226) Using 10 workers of 10 for evacuation
[2023-12-20T09:13:06.224-0800][56936669ms] GC(4226)   Pre Evacuate Collection Set: 0.0ms
[2023-12-20T09:13:06.224-0800][56936669ms] GC(4226)   Evacuate Collection Set: 26.7ms
[2023-12-20T09:13:06.224-0800][56936669ms] GC(4226)   Post Evacuate Collection Set: 2.8ms
[2023-12-20T09:13:06.224-0800][56936669ms] GC(4226)   Other: 0.4ms
[2023-12-20T09:13:06.224-0800][56936669ms] GC(4226) Eden regions: 754->0(753)
[2023-12-20T09:13:06.224-0800][56936669ms] GC(4226) Survivor regions: 29->30(98)
[2023-12-20T09:13:06.224-0800][56936669ms] GC(4226) Old regions: 196->196
[2023-12-20T09:13:06.224-0800][56936669ms] GC(4226) Humongous regions: 5->5
[2023-12-20T09:13:06.224-0800][56936669ms] GC(4226) Metaspace: 256610K->256610K(1294336K)
[2023-12-20T09:13:06.224-0800][56936669ms] GC(4226) Pause Young (Normal) (G1 Evacuation Pause) 1967M->461M(2612M) 30.077ms
[2023-12-20T09:13:06.224-0800][56936669ms] GC(4226) User=0.09s Sys=0.00s Real=0.03s
[2023-12-20T09:13:07.118-0800][56937563ms] GC(4227) Pause Young (Normal) (G1 Evacuation Pause)
[2023-12-20T09:13:07.118-0800][56937563ms] GC(4227) Using 10 workers of 10 for evacuation
[2023-12-20T09:13:07.148-0800][56937593ms] GC(4227)   Pre Evacuate Collection Set: 0.0ms
[2023-12-20T09:13:07.148-0800][56937593ms] GC(4227)   Evacuate Collection Set: 27.7ms
[2023-12-20T09:13:07.148-0800][56937593ms] GC(4227)   Post Evacuate Collection Set: 2.4ms
[2023-12-20T09:13:07.148-0800][56937593ms] GC(4227)   Other: 0.3ms
[2023-12-20T09:13:07.148-0800][56937593ms] GC(4227) Eden regions: 753->0(754)
[2023-12-20T09:13:07.148-0800][56937593ms] GC(4227) Survivor regions: 30->29(98)
[2023-12-20T09:13:07.148-0800][56937593ms] GC(4227) Old regions: 196->196
[2023-12-20T09:13:07.148-0800][56937593ms] GC(4227) Humongous regions: 5->5
[2023-12-20T09:13:07.148-0800][56937593ms] GC(4227) Metaspace: 256610K->256610K(1294336K)
[2023-12-20T09:13:07.148-0800][56937593ms] GC(4227) Pause Young (Normal) (G1 Evacuation Pause) 1967M->458M(2612M) 30.639ms
[2023-12-20T09:13:07.148-0800][56937593ms] GC(4227) User=0.16s Sys=0.00s Real=0.03s
[2023-12-20T09:13:08.051-0800][56938496ms] GC(4228) Pause Young (Normal) (G1 Evacuation Pause)
[2023-12-20T09:13:08.051-0800][56938496ms] GC(4228) Using 10 workers of 10 for evacuation
[2023-12-20T09:13:08.081-0800][56938526ms] GC(4228)   Pre Evacuate Collection Set: 0.0ms
[2023-12-20T09:13:08.081-0800][56938526ms] GC(4228)   Evacuate Collection Set: 27.2ms
[2023-12-20T09:13:08.081-0800][56938526ms] GC(4228)   Post Evacuate Collection Set: 2.4ms
[2023-12-20T09:13:08.081-0800][56938526ms] GC(4228)   Other: 0.4ms
[2023-12-20T09:13:08.081-0800][56938526ms] GC(4228) Eden regions: 754->0(753)
[2023-12-20T09:13:08.081-0800][56938526ms] GC(4228) Survivor regions: 29->30(98)
[2023-12-20T09:13:08.081-0800][56938526ms] GC(4228) Old regions: 196->196
[2023-12-20T09:13:08.081-0800][56938526ms] GC(4228) Humongous regions: 5->5
[2023-12-20T09:13:08.081-0800][56938526ms] GC(4228) Metaspace: 256610K->256610K(1294336K)
[2023-12-20T09:13:08.081-0800][56938526ms] GC(4228) Pause Young (Normal) (G1 Evacuation Pause) 1966M->460M(2612M) 30.111ms
[2023-12-20T09:13:08.081-0800][56938526ms] GC(4228) User=0.14s Sys=0.00s Real=0.03s
[2023-12-20T09:13:08.943-0800][56939388ms] GC(4229) Pause Young (Normal) (G1 Evacuation Pause)
[2023-12-20T09:13:08.943-0800][56939388ms] GC(4229) Using 10 workers of 10 for evacuation
[2023-12-20T09:13:08.973-0800][56939418ms] GC(4229)   Pre Evacuate Collection Set: 0.1ms
[2023-12-20T09:13:08.973-0800][56939418ms] GC(4229)   Evacuate Collection Set: 26.5ms
[2023-12-20T09:13:08.973-0800][56939418ms] GC(4229)   Post Evacuate Collection Set: 2.6ms
[2023-12-20T09:13:08.973-0800][56939418ms] GC(4229)   Other: 0.4ms
[2023-12-20T09:13:08.973-0800][56939418ms] GC(4229) Eden regions: 753->0(753)
[2023-12-20T09:13:08.973-0800][56939418ms] GC(4229) Survivor regions: 30->30(98)
[2023-12-20T09:13:08.973-0800][56939418ms] GC(4229) Old regions: 196->196
[2023-12-20T09:13:08.973-0800][56939418ms] GC(4229) Humongous regions: 5->5
[2023-12-20T09:13:08.973-0800][56939418ms] GC(4229) Metaspace: 256610K->256610K(1294336K)
[2023-12-20T09:13:08.973-0800][56939418ms] GC(4229) Pause Young (Normal) (G1 Evacuation Pause) 1966M->461M(2612M) 29.698ms
[2023-12-20T09:13:08.973-0800][56939418ms] GC(4229) User=0.09s Sys=0.00s Real=0.03s
[2023-12-20T09:13:09.987-0800][56940432ms] GC(4230) Pause Young (Normal) (GCLocker Initiated GC)
[2023-12-20T09:13:09.987-0800][56940432ms] GC(4230) Using 10 workers of 10 for evacuation
[2023-12-20T09:13:10.022-0800][56940467ms] GC(4230)   Pre Evacuate Collection Set: 0.0ms
[2023-12-20T09:13:10.022-0800][56940467ms] GC(4230)   Evacuate Collection Set: 31.3ms
[2023-12-20T09:13:10.022-0800][56940467ms] GC(4230)   Post Evacuate Collection Set: 3.8ms
[2023-12-20T09:13:10.022-0800][56940467ms] GC(4230)   Other: 0.4ms
[2023-12-20T09:13:10.022-0800][56940467ms] GC(4230) Eden regions: 754->0(754)
[2023-12-20T09:13:10.022-0800][56940467ms] GC(4230) Survivor regions: 30->29(98)
[2023-12-20T09:13:10.022-0800][56940467ms] GC(4230) Old regions: 196->196
[2023-12-20T09:13:10.022-0800][56940467ms] GC(4230) Humongous regions: 5->5
[2023-12-20T09:13:10.022-0800][56940467ms] GC(4230) Metaspace: 256610K->256610K(1294336K)
[2023-12-20T09:13:10.022-0800][56940467ms] GC(4230) Pause Young (Normal) (GCLocker Initiated GC) 1968M->458M(2612M) 35.665ms
[2023-12-20T09:13:10.022-0800][56940467ms] GC(4230) User=0.14s Sys=0.00s Real=0.04s
[2023-12-20T09:13:11.017-0800][56941462ms] GC(4231) Pause Young (Normal) (GCLocker Initiated GC)
[2023-12-20T09:13:11.017-0800][56941462ms] GC(4231) Using 10 workers of 10 for evacuation
[2023-12-20T09:13:11.047-0800][56941492ms] GC(4231)   Pre Evacuate Collection Set: 0.0ms
[2023-12-20T09:13:11.047-0800][56941492ms] GC(4231)   Evacuate Collection Set: 27.4ms
[2023-12-20T09:13:11.047-0800][56941492ms] GC(4231)   Post Evacuate Collection Set: 2.4ms
[2023-12-20T09:13:11.047-0800][56941492ms] GC(4231)   Other: 0.4ms
[2023-12-20T09:13:11.047-0800][56941492ms] GC(4231) Eden regions: 755->0(753)
[2023-12-20T09:13:11.047-0800][56941492ms] GC(4231) Survivor regions: 29->30(98)
[2023-12-20T09:13:11.047-0800][56941492ms] GC(4231) Old regions: 196->196
[2023-12-20T09:13:11.047-0800][56941492ms] GC(4231) Humongous regions: 5->5
[2023-12-20T09:13:11.047-0800][56941492ms] GC(4231) Metaspace: 256610K->256610K(1294336K)
[2023-12-20T09:13:11.047-0800][56941492ms] GC(4231) Pause Young (Normal) (GCLocker Initiated GC) 1967M->460M(2612M) 30.356ms
[2023-12-20T09:13:11.047-0800][56941492ms] GC(4231) User=0.11s Sys=0.00s Real=0.03s
[2023-12-20T09:13:12.064-0800][56942509ms] GC(4232) Pause Young (Normal) (G1 Evacuation Pause)
[2023-12-20T09:13:12.064-0800][56942509ms] GC(4232) Using 10 workers of 10 for evacuation
[2023-12-20T09:13:12.096-0800][56942541ms] GC(4232)   Pre Evacuate Collection Set: 0.0ms
[2023-12-20T09:13:12.096-0800][56942541ms] GC(4232)   Evacuate Collection Set: 28.7ms
[2023-12-20T09:13:12.096-0800][56942541ms] GC(4232)   Post Evacuate Collection Set: 2.7ms
[2023-12-20T09:13:12.096-0800][56942541ms] GC(4232)   Other: 0.4ms
[2023-12-20T09:13:12.096-0800][56942541ms] GC(4232) Eden regions: 753->0(753)
[2023-12-20T09:13:12.096-0800][56942541ms] GC(4232) Survivor regions: 30->30(98)
[2023-12-20T09:13:12.096-0800][56942541ms] GC(4232) Old regions: 196->196
[2023-12-20T09:13:12.096-0800][56942541ms] GC(4232) Humongous regions: 5->5
[2023-12-20T09:13:12.096-0800][56942541ms] GC(4232) Metaspace: 256610K->256610K(1294336K)
[2023-12-20T09:13:12.096-0800][56942541ms] GC(4232) Pause Young (Normal) (G1 Evacuation Pause) 1966M->460M(2612M) 31.981ms
[2023-12-20T09:13:12.096-0800][56942541ms] GC(4232) User=0.11s Sys=0.00s Real=0.03s
[2023-12-20T09:13:13.046-0800][56943491ms] GC(4233) Pause Young (Normal) (G1 Evacuation Pause)
[2023-12-20T09:13:13.047-0800][56943492ms] GC(4233) Using 10 workers of 10 for evacuation
[2023-12-20T09:13:13.078-0800][56943523ms] GC(4233)   Pre Evacuate Collection Set: 0.0ms
[2023-12-20T09:13:13.078-0800][56943523ms] GC(4233)   Evacuate Collection Set: 27.2ms
[2023-12-20T09:13:13.078-0800][56943523ms] GC(4233)   Post Evacuate Collection Set: 3.1ms
[2023-12-20T09:13:13.078-0800][56943523ms] GC(4233)   Other: 0.4ms
[2023-12-20T09:13:13.078-0800][56943523ms] GC(4233) Eden regions: 753->0(753)
[2023-12-20T09:13:13.078-0800][56943523ms] GC(4233) Survivor regions: 30->30(98)
[2023-12-20T09:13:13.078-0800][56943523ms] GC(4233) Old regions: 196->196
[2023-12-20T09:13:13.078-0800][56943523ms] GC(4233) Humongous regions: 5->5
[2023-12-20T09:13:13.078-0800][56943523ms] GC(4233) Metaspace: 256610K->256610K(1294336K)
[2023-12-20T09:13:13.078-0800][56943523ms] GC(4233) Pause Young (Normal) (G1 Evacuation Pause) 1966M->460M(2612M) 30.769ms
[2023-12-20T09:13:13.078-0800][56943523ms] GC(4233) User=0.11s Sys=0.00s Real=0.03s
[2023-12-20T09:13:13.968-0800][56944413ms] GC(4234) Pause Young (Normal) (G1 Evacuation Pause)
[2023-12-20T09:13:13.968-0800][56944413ms] GC(4234) Using 10 workers of 10 for evacuation
[2023-12-20T09:13:13.997-0800][56944442ms] GC(4234)   Pre Evacuate Collection Set: 0.0ms
[2023-12-20T09:13:13.997-0800][56944442ms] GC(4234)   Evacuate Collection Set: 27.3ms
[2023-12-20T09:13:13.997-0800][56944442ms] GC(4234)   Post Evacuate Collection Set: 2.6ms
[2023-12-20T09:13:13.997-0800][56944442ms] GC(4234)   Other: 0.4ms
[2023-12-20T09:13:13.997-0800][56944442ms] GC(4234) Eden regions: 753->0(753)
[2023-12-20T09:13:13.997-0800][56944442ms] GC(4234) Survivor regions: 30->30(98)
[2023-12-20T09:13:13.997-0800][56944442ms] GC(4234) Old regions: 196->196
[2023-12-20T09:13:13.997-0800][56944442ms] GC(4234) Humongous regions: 5->5
[2023-12-20T09:13:13.997-0800][56944442ms] GC(4234) Metaspace: 256610K->256610K(1294336K)
[2023-12-20T09:13:13.997-0800][56944442ms] GC(4234) Pause Young (Normal) (G1 Evacuation Pause) 1966M->461M(2612M) 30.410ms
[2023-12-20T09:13:13.999-0800][56944444ms] GC(4234) User=0.08s Sys=0.00s Real=0.03s
[2023-12-20T09:13:14.925-0800][56945370ms] GC(4235) Pause Young (Normal) (G1 Evacuation Pause)
[2023-12-20T09:13:14.925-0800][56945370ms] GC(4235) Using 10 workers of 10 for evacuation
[2023-12-20T09:13:14.954-0800][56945399ms] GC(4235)   Pre Evacuate Collection Set: 0.0ms
[2023-12-20T09:13:14.954-0800][56945399ms] GC(4235)   Evacuate Collection Set: 26.8ms
[2023-12-20T09:13:14.954-0800][56945399ms] GC(4235)   Post Evacuate Collection Set: 2.4ms
[2023-12-20T09:13:14.954-0800][56945399ms] GC(4235)   Other: 0.4ms
[2023-12-20T09:13:14.954-0800][56945399ms] GC(4235) Eden regions: 753->0(753)
[2023-12-20T09:13:14.954-0800][56945399ms] GC(4235) Survivor regions: 30->30(98)
[2023-12-20T09:13:14.954-0800][56945399ms] GC(4235) Old regions: 196->196
[2023-12-20T09:13:14.954-0800][56945399ms] GC(4235) Humongous regions: 5->5
[2023-12-20T09:13:14.954-0800][56945399ms] GC(4235) Metaspace: 256610K->256610K(1294336K)
[2023-12-20T09:13:14.954-0800][56945399ms] GC(4235) Pause Young (Normal) (G1 Evacuation Pause) 1967M->461M(2612M) 29.747ms
[2023-12-20T09:13:14.954-0800][56945399ms] GC(4235) User=0.03s Sys=0.00s Real=0.03s
[2023-12-20T09:13:15.850-0800][56946295ms] GC(4236) Pause Young (Normal) (G1 Evacuation Pause)
[2023-12-20T09:13:15.850-0800][56946295ms] GC(4236) Using 10 workers of 10 for evacuation
[2023-12-20T09:13:15.880-0800][56946325ms] GC(4236)   Pre Evacuate Collection Set: 0.0ms
[2023-12-20T09:13:15.880-0800][56946325ms] GC(4236)   Evacuate Collection Set: 26.7ms
[2023-12-20T09:13:15.880-0800][56946325ms] GC(4236)   Post Evacuate Collection Set: 2.7ms
[2023-12-20T09:13:15.880-0800][56946325ms] GC(4236)   Other: 0.4ms
[2023-12-20T09:13:15.880-0800][56946325ms] GC(4236) Eden regions: 753->0(753)
[2023-12-20T09:13:15.880-0800][56946325ms] GC(4236) Survivor regions: 30->30(98)
[2023-12-20T09:13:15.880-0800][56946325ms] GC(4236) Old regions: 196->196
[2023-12-20T09:13:15.880-0800][56946325ms] GC(4236) Humongous regions: 5->5
[2023-12-20T09:13:15.880-0800][56946325ms] GC(4236) Metaspace: 256610K->256610K(1294336K)
[2023-12-20T09:13:15.880-0800][56946325ms] GC(4236) Pause Young (Normal) (G1 Evacuation Pause) 1967M->460M(2612M) 29.932ms
[2023-12-20T09:13:15.880-0800][56946325ms] GC(4236) User=0.17s Sys=0.00s Real=0.03s
[2023-12-20T09:13:16.758-0800][56947203ms] GC(4237) Pause Young (Normal) (G1 Evacuation Pause)
[2023-12-20T09:13:16.758-0800][56947203ms] GC(4237) Using 10 workers of 10 for evacuation
[2023-12-20T09:13:16.789-0800][56947234ms] GC(4237)   Pre Evacuate Collection Set: 0.0ms
[2023-12-20T09:13:16.789-0800][56947234ms] GC(4237)   Evacuate Collection Set: 27.3ms
[2023-12-20T09:13:16.789-0800][56947234ms] GC(4237)   Post Evacuate Collection Set: 2.5ms
[2023-12-20T09:13:16.789-0800][56947234ms] GC(4237)   Other: 0.4ms
[2023-12-20T09:13:16.789-0800][56947234ms] GC(4237) Eden regions: 753->0(753)
[2023-12-20T09:13:16.789-0800][56947234ms] GC(4237) Survivor regions: 30->30(98)
[2023-12-20T09:13:16.789-0800][56947234ms] GC(4237) Old regions: 196->196
[2023-12-20T09:13:16.789-0800][56947234ms] GC(4237) Humongous regions: 5->5
[2023-12-20T09:13:16.789-0800][56947234ms] GC(4237) Metaspace: 256610K->256610K(1294336K)
[2023-12-20T09:13:16.789-0800][56947234ms] GC(4237) Pause Young (Normal) (G1 Evacuation Pause) 1966M->460M(2612M) 30.303ms
[2023-12-20T09:13:16.789-0800][56947234ms] GC(4237) User=0.09s Sys=0.00s Real=0.03s
[2023-12-20T09:13:17.656-0800][56948101ms] GC(4238) Pause Young (Normal) (G1 Evacuation Pause)
[2023-12-20T09:13:17.656-0800][56948101ms] GC(4238) Using 10 workers of 10 for evacuation
[2023-12-20T09:13:17.688-0800][56948133ms] GC(4238)   Pre Evacuate Collection Set: 0.0ms
[2023-12-20T09:13:17.688-0800][56948133ms] GC(4238)   Evacuate Collection Set: 28.0ms
[2023-12-20T09:13:17.688-0800][56948133ms] GC(4238)   Post Evacuate Collection Set: 2.6ms
[2023-12-20T09:13:17.688-0800][56948133ms] GC(4238)   Other: 0.4ms
[2023-12-20T09:13:17.688-0800][56948133ms] GC(4238) Eden regions: 753->0(754)
[2023-12-20T09:13:17.688-0800][56948133ms] GC(4238) Survivor regions: 30->29(98)
[2023-12-20T09:13:17.688-0800][56948133ms] GC(4238) Old regions: 196->196
[2023-12-20T09:13:17.688-0800][56948133ms] GC(4238) Humongous regions: 5->5
[2023-12-20T09:13:17.688-0800][56948133ms] GC(4238) Metaspace: 256610K->256610K(1294336K)
[2023-12-20T09:13:17.688-0800][56948133ms] GC(4238) Pause Young (Normal) (G1 Evacuation Pause) 1966M->459M(2612M) 31.119ms
[2023-12-20T09:13:17.688-0800][56948133ms] GC(4238) User=0.09s Sys=0.00s Real=0.03s
[2023-12-20T09:13:18.600-0800][56949045ms] GC(4239) Pause Young (Normal) (G1 Evacuation Pause)
[2023-12-20T09:13:18.600-0800][56949045ms] GC(4239) Using 10 workers of 10 for evacuation
[2023-12-20T09:13:18.630-0800][56949075ms] GC(4239)   Pre Evacuate Collection Set: 0.0ms
[2023-12-20T09:13:18.630-0800][56949075ms] GC(4239)   Evacuate Collection Set: 27.0ms
[2023-12-20T09:13:18.630-0800][56949075ms] GC(4239)   Post Evacuate Collection Set: 2.5ms
[2023-12-20T09:13:18.630-0800][56949075ms] GC(4239)   Other: 0.4ms
[2023-12-20T09:13:18.630-0800][56949075ms] GC(4239) Eden regions: 754->0(754)
[2023-12-20T09:13:18.630-0800][56949075ms] GC(4239) Survivor regions: 29->29(98)
[2023-12-20T09:13:18.630-0800][56949075ms] GC(4239) Old regions: 196->196
[2023-12-20T09:13:18.630-0800][56949075ms] GC(4239) Humongous regions: 5->5
[2023-12-20T09:13:18.630-0800][56949075ms] GC(4239) Metaspace: 256610K->256610K(1294336K)
[2023-12-20T09:13:18.630-0800][56949075ms] GC(4239) Pause Young (Normal) (G1 Evacuation Pause) 1967M->459M(2612M) 30.021ms
[2023-12-20T09:13:18.630-0800][56949075ms] GC(4239) User=0.16s Sys=0.02s Real=0.03s
[2023-12-20T09:13:19.575-0800][56950020ms] GC(4240) Pause Young (Normal) (G1 Evacuation Pause)
[2023-12-20T09:13:19.575-0800][56950020ms] GC(4240) Using 10 workers of 10 for evacuation
[2023-12-20T09:13:19.607-0800][56950052ms] GC(4240)   Pre Evacuate Collection Set: 0.0ms
[2023-12-20T09:13:19.607-0800][56950052ms] GC(4240)   Evacuate Collection Set: 28.9ms
[2023-12-20T09:13:19.607-0800][56950052ms] GC(4240)   Post Evacuate Collection Set: 2.5ms
[2023-12-20T09:13:19.607-0800][56950052ms] GC(4240)   Other: 0.4ms
[2023-12-20T09:13:19.607-0800][56950052ms] GC(4240) Eden regions: 754->0(753)
[2023-12-20T09:13:19.607-0800][56950052ms] GC(4240) Survivor regions: 29->30(98)
[2023-12-20T09:13:19.607-0800][56950052ms] GC(4240) Old regions: 196->196
[2023-12-20T09:13:19.607-0800][56950052ms] GC(4240) Humongous regions: 5->5
[2023-12-20T09:13:19.607-0800][56950052ms] GC(4240) Metaspace: 256610K->256610K(1294336K)
[2023-12-20T09:13:19.607-0800][56950052ms] GC(4240) Pause Young (Normal) (G1 Evacuation Pause) 1967M->460M(2612M) 31.994ms
[2023-12-20T09:13:19.607-0800][56950052ms] GC(4240) User=0.08s Sys=0.00s Real=0.03s
[2023-12-20T09:13:20.521-0800][56950966ms] GC(4241) Pause Young (Normal) (G1 Evacuation Pause)
[2023-12-20T09:13:20.521-0800][56950966ms] GC(4241) Using 10 workers of 10 for evacuation
[2023-12-20T09:13:20.551-0800][56950996ms] GC(4241)   Pre Evacuate Collection Set: 0.0ms
[2023-12-20T09:13:20.551-0800][56950996ms] GC(4241)   Evacuate Collection Set: 27.3ms
[2023-12-20T09:13:20.551-0800][56950996ms] GC(4241)   Post Evacuate Collection Set: 2.4ms
[2023-12-20T09:13:20.551-0800][56950996ms] GC(4241)   Other: 0.4ms
[2023-12-20T09:13:20.551-0800][56950996ms] GC(4241) Eden regions: 753->0(754)
[2023-12-20T09:13:20.551-0800][56950996ms] GC(4241) Survivor regions: 30->29(98)
[2023-12-20T09:13:20.551-0800][56950996ms] GC(4241) Old regions: 196->196
[2023-12-20T09:13:20.551-0800][56950996ms] GC(4241) Humongous regions: 5->5
[2023-12-20T09:13:20.551-0800][56950996ms] GC(4241) Metaspace: 256610K->256610K(1294336K)
[2023-12-20T09:13:20.551-0800][56950996ms] GC(4241) Pause Young (Normal) (G1 Evacuation Pause) 1966M->459M(2612M) 30.201ms
[2023-12-20T09:13:20.551-0800][56950996ms] GC(4241) User=0.25s Sys=0.00s Real=0.03s
[2023-12-20T09:13:21.456-0800][56951901ms] GC(4242) Pause Young (Normal) (G1 Evacuation Pause)
[2023-12-20T09:13:21.456-0800][56951901ms] GC(4242) Using 10 workers of 10 for evacuation
[2023-12-20T09:13:21.487-0800][56951932ms] GC(4242)   Pre Evacuate Collection Set: 0.0ms
[2023-12-20T09:13:21.487-0800][56951932ms] GC(4242)   Evacuate Collection Set: 28.6ms
[2023-12-20T09:13:21.487-0800][56951932ms] GC(4242)   Post Evacuate Collection Set: 2.7ms
[2023-12-20T09:13:21.487-0800][56951932ms] GC(4242)   Other: 0.4ms
[2023-12-20T09:13:21.487-0800][56951932ms] GC(4242) Eden regions: 754->0(754)
[2023-12-20T09:13:21.487-0800][56951932ms] GC(4242) Survivor regions: 29->29(98)
[2023-12-20T09:13:21.487-0800][56951932ms] GC(4242) Old regions: 196->196
[2023-12-20T09:13:21.487-0800][56951932ms] GC(4242) Humongous regions: 5->5
[2023-12-20T09:13:21.487-0800][56951932ms] GC(4242) Metaspace: 256610K->256610K(1294336K)
[2023-12-20T09:13:21.487-0800][56951932ms] GC(4242) Pause Young (Normal) (G1 Evacuation Pause) 1967M->458M(2612M) 31.897ms
[2023-12-20T09:13:21.487-0800][56951932ms] GC(4242) User=0.05s Sys=0.00s Real=0.03s
[2023-12-20T09:13:22.386-0800][56952831ms] GC(4243) Pause Young (Normal) (G1 Evacuation Pause)
[2023-12-20T09:13:22.386-0800][56952831ms] GC(4243) Using 10 workers of 10 for evacuation
[2023-12-20T09:13:22.416-0800][56952861ms] GC(4243)   Pre Evacuate Collection Set: 0.0ms
[2023-12-20T09:13:22.416-0800][56952861ms] GC(4243)   Evacuate Collection Set: 27.1ms
[2023-12-20T09:13:22.416-0800][56952861ms] GC(4243)   Post Evacuate Collection Set: 2.5ms
[2023-12-20T09:13:22.416-0800][56952861ms] GC(4243)   Other: 0.4ms
[2023-12-20T09:13:22.416-0800][56952861ms] GC(4243) Eden regions: 754->0(754)
[2023-12-20T09:13:22.416-0800][56952861ms] GC(4243) Survivor regions: 29->29(98)
[2023-12-20T09:13:22.416-0800][56952861ms] GC(4243) Old regions: 196->196
[2023-12-20T09:13:22.416-0800][56952861ms] GC(4243) Humongous regions: 5->5
[2023-12-20T09:13:22.416-0800][56952861ms] GC(4243) Metaspace: 256610K->256610K(1294336K)
[2023-12-20T09:13:22.416-0800][56952861ms] GC(4243) Pause Young (Normal) (G1 Evacuation Pause) 1966M->459M(2612M) 30.132ms
[2023-12-20T09:13:22.416-0800][56952861ms] GC(4243) User=0.09s Sys=0.00s Real=0.03s
[2023-12-20T09:13:23.333-0800][56953778ms] GC(4244) Pause Young (Normal) (G1 Evacuation Pause)
[2023-12-20T09:13:23.333-0800][56953778ms] GC(4244) Using 10 workers of 10 for evacuation
[2023-12-20T09:13:23.362-0800][56953807ms] GC(4244)   Pre Evacuate Collection Set: 0.0ms
[2023-12-20T09:13:23.362-0800][56953807ms] GC(4244)   Evacuate Collection Set: 26.4ms
[2023-12-20T09:13:23.362-0800][56953807ms] GC(4244)   Post Evacuate Collection Set: 2.7ms
[2023-12-20T09:13:23.362-0800][56953807ms] GC(4244)   Other: 0.4ms
[2023-12-20T09:13:23.362-0800][56953807ms] GC(4244) Eden regions: 754->0(753)
[2023-12-20T09:13:23.362-0800][56953807ms] GC(4244) Survivor regions: 29->30(98)
[2023-12-20T09:13:23.362-0800][56953807ms] GC(4244) Old regions: 196->196
[2023-12-20T09:13:23.362-0800][56953807ms] GC(4244) Humongous regions: 5->5
[2023-12-20T09:13:23.362-0800][56953807ms] GC(4244) Metaspace: 256610K->256610K(1294336K)
[2023-12-20T09:13:23.362-0800][56953807ms] GC(4244) Pause Young (Normal) (G1 Evacuation Pause) 1967M->460M(2612M) 29.597ms
[2023-12-20T09:13:23.362-0800][56953807ms] GC(4244) User=0.16s Sys=0.00s Real=0.03s
[2023-12-20T09:13:24.230-0800][56954675ms] GC(4245) Pause Young (Normal) (G1 Evacuation Pause)
[2023-12-20T09:13:24.230-0800][56954675ms] GC(4245) Using 10 workers of 10 for evacuation
[2023-12-20T09:13:24.259-0800][56954704ms] GC(4245)   Pre Evacuate Collection Set: 0.0ms
[2023-12-20T09:13:24.259-0800][56954704ms] GC(4245)   Evacuate Collection Set: 26.6ms
[2023-12-20T09:13:24.259-0800][56954704ms] GC(4245)   Post Evacuate Collection Set: 2.4ms
[2023-12-20T09:13:24.259-0800][56954704ms] GC(4245)   Other: 0.4ms
[2023-12-20T09:13:24.259-0800][56954704ms] GC(4245) Eden regions: 753->0(753)
[2023-12-20T09:13:24.259-0800][56954704ms] GC(4245) Survivor regions: 30->30(98)
[2023-12-20T09:13:24.259-0800][56954704ms] GC(4245) Old regions: 196->196
[2023-12-20T09:13:24.259-0800][56954704ms] GC(4245) Humongous regions: 5->5
[2023-12-20T09:13:24.259-0800][56954704ms] GC(4245) Metaspace: 256610K->256610K(1294336K)
[2023-12-20T09:13:24.259-0800][56954704ms] GC(4245) Pause Young (Normal) (G1 Evacuation Pause) 1966M->461M(2612M) 29.651ms
[2023-12-20T09:13:24.259-0800][56954704ms] GC(4245) User=0.11s Sys=0.00s Real=0.03s
[2023-12-20T09:13:25.134-0800][56955579ms] GC(4246) Pause Young (Normal) (G1 Evacuation Pause)
[2023-12-20T09:13:25.134-0800][56955579ms] GC(4246) Using 10 workers of 10 for evacuation
[2023-12-20T09:13:25.164-0800][56955609ms] GC(4246)   Pre Evacuate Collection Set: 0.0ms
[2023-12-20T09:13:25.164-0800][56955609ms] GC(4246)   Evacuate Collection Set: 26.1ms
[2023-12-20T09:13:25.164-0800][56955609ms] GC(4246)   Post Evacuate Collection Set: 3.2ms
[2023-12-20T09:13:25.164-0800][56955609ms] GC(4246)   Other: 0.4ms
[2023-12-20T09:13:25.164-0800][56955609ms] GC(4246) Eden regions: 753->0(752)
[2023-12-20T09:13:25.164-0800][56955609ms] GC(4246) Survivor regions: 30->31(98)
[2023-12-20T09:13:25.164-0800][56955609ms] GC(4246) Old regions: 196->196
[2023-12-20T09:13:25.164-0800][56955609ms] GC(4246) Humongous regions: 5->5
[2023-12-20T09:13:25.164-0800][56955609ms] GC(4246) Metaspace: 256610K->256610K(1294336K)
[2023-12-20T09:13:25.164-0800][56955609ms] GC(4246) Pause Young (Normal) (G1 Evacuation Pause) 1967M->462M(2612M) 29.893ms
[2023-12-20T09:13:25.164-0800][56955609ms] GC(4246) User=0.09s Sys=0.00s Real=0.03s
[2023-12-20T09:13:26.088-0800][56956533ms] GC(4247) Pause Young (Normal) (G1 Evacuation Pause)
[2023-12-20T09:13:26.088-0800][56956533ms] GC(4247) Using 10 workers of 10 for evacuation
[2023-12-20T09:13:26.118-0800][56956563ms] GC(4247)   Pre Evacuate Collection Set: 0.0ms
[2023-12-20T09:13:26.118-0800][56956563ms] GC(4247)   Evacuate Collection Set: 27.7ms
[2023-12-20T09:13:26.118-0800][56956563ms] GC(4247)   Post Evacuate Collection Set: 2.2ms
[2023-12-20T09:13:26.118-0800][56956563ms] GC(4247)   Other: 0.4ms
[2023-12-20T09:13:26.118-0800][56956563ms] GC(4247) Eden regions: 752->0(752)
[2023-12-20T09:13:26.118-0800][56956563ms] GC(4247) Survivor regions: 31->31(98)
[2023-12-20T09:13:26.118-0800][56956563ms] GC(4247) Old regions: 196->196
[2023-12-20T09:13:26.118-0800][56956563ms] GC(4247) Humongous regions: 5->5
[2023-12-20T09:13:26.118-0800][56956563ms] GC(4247) Metaspace: 256610K->256610K(1294336K)
[2023-12-20T09:13:26.118-0800][56956563ms] GC(4247) Pause Young (Normal) (G1 Evacuation Pause) 1966M->462M(2612M) 30.491ms
[2023-12-20T09:13:26.118-0800][56956563ms] GC(4247) User=0.09s Sys=0.00s Real=0.03s
[2023-12-20T09:13:27.055-0800][56957500ms] GC(4248) Pause Young (Normal) (G1 Evacuation Pause)
[2023-12-20T09:13:27.055-0800][56957500ms] GC(4248) Using 10 workers of 10 for evacuation
[2023-12-20T09:13:27.084-0800][56957529ms] GC(4248)   Pre Evacuate Collection Set: 0.0ms
[2023-12-20T09:13:27.084-0800][56957529ms] GC(4248)   Evacuate Collection Set: 27.4ms
[2023-12-20T09:13:27.084-0800][56957529ms] GC(4248)   Post Evacuate Collection Set: 3.0ms
[2023-12-20T09:13:27.084-0800][56957529ms] GC(4248)   Other: 0.4ms
[2023-12-20T09:13:27.084-0800][56957529ms] GC(4248) Eden regions: 752->0(752)
[2023-12-20T09:13:27.084-0800][56957529ms] GC(4248) Survivor regions: 31->31(98)
[2023-12-20T09:13:27.084-0800][56957529ms] GC(4248) Old regions: 196->196
[2023-12-20T09:13:27.084-0800][56957529ms] GC(4248) Humongous regions: 5->5
[2023-12-20T09:13:27.084-0800][56957529ms] GC(4248) Metaspace: 256610K->256610K(1294336K)
[2023-12-20T09:13:27.084-0800][56957529ms] GC(4248) Pause Young (Normal) (G1 Evacuation Pause) 1966M->462M(2612M) 30.912ms
[2023-12-20T09:13:27.084-0800][56957529ms] GC(4248) User=0.09s Sys=0.00s Real=0.03s
[2023-12-20T09:13:28.140-0800][56958585ms] GC(4249) Pause Young (Normal) (G1 Evacuation Pause)
[2023-12-20T09:13:28.140-0800][56958585ms] GC(4249) Using 10 workers of 10 for evacuation
[2023-12-20T09:13:28.171-0800][56958616ms] GC(4249)   Pre Evacuate Collection Set: 0.0ms
[2023-12-20T09:13:28.171-0800][56958616ms] GC(4249)   Evacuate Collection Set: 28.2ms
[2023-12-20T09:13:28.171-0800][56958616ms] GC(4249)   Post Evacuate Collection Set: 2.9ms
[2023-12-20T09:13:28.171-0800][56958616ms] GC(4249)   Other: 0.4ms
[2023-12-20T09:13:28.171-0800][56958616ms] GC(4249) Eden regions: 752->0(752)
[2023-12-20T09:13:28.171-0800][56958616ms] GC(4249) Survivor regions: 31->31(98)
[2023-12-20T09:13:28.171-0800][56958616ms] GC(4249) Old regions: 196->196
[2023-12-20T09:13:28.171-0800][56958616ms] GC(4249) Humongous regions: 5->5
[2023-12-20T09:13:28.171-0800][56958616ms] GC(4249) Metaspace: 256610K->256610K(1294336K)
[2023-12-20T09:13:28.171-0800][56958616ms] GC(4249) Pause Young (Normal) (G1 Evacuation Pause) 1966M->462M(2612M) 31.763ms
[2023-12-20T09:13:28.171-0800][56958616ms] GC(4249) User=0.13s Sys=0.00s Real=0.03s
[2023-12-20T09:13:28.919-0800][56959364ms] GC(4250) Pause Young (Normal) (G1 Evacuation Pause)
[2023-12-20T09:13:28.919-0800][56959364ms] GC(4250) Using 10 workers of 10 for evacuation
[2023-12-20T09:13:28.948-0800][56959393ms] GC(4250)   Pre Evacuate Collection Set: 0.0ms
[2023-12-20T09:13:28.948-0800][56959393ms] GC(4250)   Evacuate Collection Set: 25.7ms
[2023-12-20T09:13:28.948-0800][56959393ms] GC(4250)   Post Evacuate Collection Set: 2.8ms
[2023-12-20T09:13:28.948-0800][56959393ms] GC(4250)   Other: 0.4ms
[2023-12-20T09:13:28.948-0800][56959393ms] GC(4250) Eden regions: 752->0(752)
[2023-12-20T09:13:28.948-0800][56959393ms] GC(4250) Survivor regions: 31->31(98)
[2023-12-20T09:13:28.948-0800][56959393ms] GC(4250) Old regions: 196->196
[2023-12-20T09:13:28.948-0800][56959393ms] GC(4250) Humongous regions: 5->5
[2023-12-20T09:13:28.948-0800][56959393ms] GC(4250) Metaspace: 256610K->256610K(1294336K)
[2023-12-20T09:13:28.948-0800][56959393ms] GC(4250) Pause Young (Normal) (G1 Evacuation Pause) 1966M->462M(2612M) 29.017ms
[2023-12-20T09:13:28.948-0800][56959393ms] GC(4250) User=0.06s Sys=0.00s Real=0.03s
[2023-12-20T09:13:29.643-0800][56960088ms] GC(4251) Pause Young (Normal) (G1 Evacuation Pause)
[2023-12-20T09:13:29.643-0800][56960088ms] GC(4251) Using 10 workers of 10 for evacuation
[2023-12-20T09:13:29.674-0800][56960120ms] GC(4251)   Pre Evacuate Collection Set: 0.0ms
[2023-12-20T09:13:29.675-0800][56960120ms] GC(4251)   Evacuate Collection Set: 29.1ms
[2023-12-20T09:13:29.675-0800][56960120ms] GC(4251)   Post Evacuate Collection Set: 2.9ms
[2023-12-20T09:13:29.675-0800][56960120ms] GC(4251)   Other: 0.4ms
[2023-12-20T09:13:29.675-0800][56960120ms] GC(4251) Eden regions: 752->0(753)
[2023-12-20T09:13:29.675-0800][56960120ms] GC(4251) Survivor regions: 31->30(98)
[2023-12-20T09:13:29.675-0800][56960120ms] GC(4251) Old regions: 196->196
[2023-12-20T09:13:29.675-0800][56960120ms] GC(4251) Humongous regions: 5->5
[2023-12-20T09:13:29.675-0800][56960120ms] GC(4251) Metaspace: 256610K->256610K(1294336K)
[2023-12-20T09:13:29.675-0800][56960120ms] GC(4251) Pause Young (Normal) (G1 Evacuation Pause) 1966M->460M(2612M) 32.646ms
[2023-12-20T09:13:29.675-0800][56960120ms] GC(4251) User=0.13s Sys=0.00s Real=0.03s
[2023-12-20T09:13:30.391-0800][56960836ms] GC(4252) Pause Young (Normal) (G1 Evacuation Pause)
[2023-12-20T09:13:30.391-0800][56960836ms] GC(4252) Using 10 workers of 10 for evacuation
[2023-12-20T09:13:30.419-0800][56960864ms] GC(4252)   Pre Evacuate Collection Set: 0.0ms
[2023-12-20T09:13:30.419-0800][56960864ms] GC(4252)   Evacuate Collection Set: 25.8ms
[2023-12-20T09:13:30.419-0800][56960864ms] GC(4252)   Post Evacuate Collection Set: 2.7ms
[2023-12-20T09:13:30.419-0800][56960864ms] GC(4252)   Other: 0.4ms
[2023-12-20T09:13:30.419-0800][56960864ms] GC(4252) Eden regions: 753->0(752)
[2023-12-20T09:13:30.419-0800][56960864ms] GC(4252) Survivor regions: 30->31(98)
[2023-12-20T09:13:30.419-0800][56960864ms] GC(4252) Old regions: 196->196
[2023-12-20T09:13:30.419-0800][56960864ms] GC(4252) Humongous regions: 5->5
[2023-12-20T09:13:30.419-0800][56960864ms] GC(4252) Metaspace: 256610K->256610K(1294336K)
[2023-12-20T09:13:30.419-0800][56960864ms] GC(4252) Pause Young (Normal) (G1 Evacuation Pause) 1966M->462M(2612M) 29.131ms
[2023-12-20T09:13:30.419-0800][56960864ms] GC(4252) User=0.06s Sys=0.00s Real=0.03s
[2023-12-20T09:13:31.147-0800][56961592ms] GC(4253) Pause Young (Normal) (G1 Evacuation Pause)
[2023-12-20T09:13:31.147-0800][56961592ms] GC(4253) Using 10 workers of 10 for evacuation
[2023-12-20T09:13:31.176-0800][56961621ms] GC(4253)   Pre Evacuate Collection Set: 0.0ms
[2023-12-20T09:13:31.176-0800][56961621ms] GC(4253)   Evacuate Collection Set: 26.7ms
[2023-12-20T09:13:31.176-0800][56961621ms] GC(4253)   Post Evacuate Collection Set: 2.4ms
[2023-12-20T09:13:31.176-0800][56961621ms] GC(4253)   Other: 0.4ms
[2023-12-20T09:13:31.176-0800][56961621ms] GC(4253) Eden regions: 752->0(752)
[2023-12-20T09:13:31.176-0800][56961621ms] GC(4253) Survivor regions: 31->31(98)
[2023-12-20T09:13:31.176-0800][56961621ms] GC(4253) Old regions: 196->196
[2023-12-20T09:13:31.176-0800][56961621ms] GC(4253) Humongous regions: 5->5
[2023-12-20T09:13:31.176-0800][56961621ms] GC(4253) Metaspace: 256610K->256610K(1294336K)
[2023-12-20T09:13:31.176-0800][56961621ms] GC(4253) Pause Young (Normal) (G1 Evacuation Pause) 1966M->462M(2612M) 29.611ms
[2023-12-20T09:13:31.176-0800][56961621ms] GC(4253) User=0.20s Sys=0.00s Real=0.03s
[2023-12-20T09:13:32.051-0800][56962496ms] GC(4254) Pause Young (Normal) (G1 Evacuation Pause)
[2023-12-20T09:13:32.051-0800][56962496ms] GC(4254) Using 10 workers of 10 for evacuation
[2023-12-20T09:13:32.081-0800][56962526ms] GC(4254)   Pre Evacuate Collection Set: 0.0ms
[2023-12-20T09:13:32.081-0800][56962526ms] GC(4254)   Evacuate Collection Set: 28.0ms
[2023-12-20T09:13:32.081-0800][56962526ms] GC(4254)   Post Evacuate Collection Set: 2.7ms
[2023-12-20T09:13:32.081-0800][56962526ms] GC(4254)   Other: 0.4ms
[2023-12-20T09:13:32.081-0800][56962526ms] GC(4254) Eden regions: 752->0(752)
[2023-12-20T09:13:32.081-0800][56962526ms] GC(4254) Survivor regions: 31->31(98)
[2023-12-20T09:13:32.081-0800][56962526ms] GC(4254) Old regions: 196->196
[2023-12-20T09:13:32.081-0800][56962526ms] GC(4254) Humongous regions: 5->5
[2023-12-20T09:13:32.081-0800][56962526ms] GC(4254) Metaspace: 256610K->256610K(1294336K)
[2023-12-20T09:13:32.081-0800][56962526ms] GC(4254) Pause Young (Normal) (G1 Evacuation Pause) 1966M->462M(2612M) 31.211ms
[2023-12-20T09:13:32.082-0800][56962527ms] GC(4254) User=0.11s Sys=0.00s Real=0.03s
[2023-12-20T09:13:32.921-0800][56963366ms] GC(4255) Pause Young (Normal) (G1 Evacuation Pause)
[2023-12-20T09:13:32.921-0800][56963366ms] GC(4255) Using 10 workers of 10 for evacuation
[2023-12-20T09:13:32.951-0800][56963396ms] GC(4255)   Pre Evacuate Collection Set: 0.0ms
[2023-12-20T09:13:32.951-0800][56963396ms] GC(4255)   Evacuate Collection Set: 27.0ms
[2023-12-20T09:13:32.951-0800][56963396ms] GC(4255)   Post Evacuate Collection Set: 2.9ms
[2023-12-20T09:13:32.951-0800][56963396ms] GC(4255)   Other: 0.4ms
[2023-12-20T09:13:32.951-0800][56963396ms] GC(4255) Eden regions: 752->0(753)
[2023-12-20T09:13:32.951-0800][56963396ms] GC(4255) Survivor regions: 31->30(98)
[2023-12-20T09:13:32.951-0800][56963396ms] GC(4255) Old regions: 196->196
[2023-12-20T09:13:32.951-0800][56963396ms] GC(4255) Humongous regions: 5->5
[2023-12-20T09:13:32.951-0800][56963396ms] GC(4255) Metaspace: 256610K->256610K(1294336K)
[2023-12-20T09:13:32.951-0800][56963396ms] GC(4255) Pause Young (Normal) (G1 Evacuation Pause) 1966M->461M(2612M) 30.488ms
[2023-12-20T09:13:32.951-0800][56963396ms] GC(4255) User=0.09s Sys=0.00s Real=0.03s
[2023-12-20T09:13:33.765-0800][56964210ms] GC(4256) Pause Young (Normal) (G1 Evacuation Pause)
[2023-12-20T09:13:33.765-0800][56964210ms] GC(4256) Using 10 workers of 10 for evacuation
[2023-12-20T09:13:33.795-0800][56964240ms] GC(4256)   Pre Evacuate Collection Set: 0.1ms
[2023-12-20T09:13:33.795-0800][56964240ms] GC(4256)   Evacuate Collection Set: 26.9ms
[2023-12-20T09:13:33.795-0800][56964240ms] GC(4256)   Post Evacuate Collection Set: 2.5ms
[2023-12-20T09:13:33.795-0800][56964240ms] GC(4256)   Other: 0.5ms
[2023-12-20T09:13:33.795-0800][56964240ms] GC(4256) Eden regions: 753->0(752)
[2023-12-20T09:13:33.795-0800][56964240ms] GC(4256) Survivor regions: 30->31(98)
[2023-12-20T09:13:33.795-0800][56964240ms] GC(4256) Old regions: 196->196
[2023-12-20T09:13:33.795-0800][56964240ms] GC(4256) Humongous regions: 5->5
[2023-12-20T09:13:33.795-0800][56964240ms] GC(4256) Metaspace: 256610K->256610K(1294336K)
[2023-12-20T09:13:33.795-0800][56964240ms] GC(4256) Pause Young (Normal) (G1 Evacuation Pause) 1967M->463M(2612M) 30.066ms
[2023-12-20T09:13:33.795-0800][56964240ms] GC(4256) User=0.11s Sys=0.00s Real=0.03s
[2023-12-20T09:13:34.607-0800][56965052ms] GC(4257) Pause Young (Normal) (G1 Evacuation Pause)
[2023-12-20T09:13:34.607-0800][56965052ms] GC(4257) Using 10 workers of 10 for evacuation
[2023-12-20T09:13:34.637-0800][56965082ms] GC(4257)   Pre Evacuate Collection Set: 0.0ms
[2023-12-20T09:13:34.637-0800][56965082ms] GC(4257)   Evacuate Collection Set: 27.4ms
[2023-12-20T09:13:34.637-0800][56965082ms] GC(4257)   Post Evacuate Collection Set: 3.0ms
[2023-12-20T09:13:34.637-0800][56965082ms] GC(4257)   Other: 0.4ms
[2023-12-20T09:13:34.637-0800][56965082ms] GC(4257) Eden regions: 752->0(752)
[2023-12-20T09:13:34.637-0800][56965082ms] GC(4257) Survivor regions: 31->31(98)
[2023-12-20T09:13:34.637-0800][56965082ms] GC(4257) Old regions: 196->196
[2023-12-20T09:13:34.637-0800][56965082ms] GC(4257) Humongous regions: 5->5
[2023-12-20T09:13:34.637-0800][56965082ms] GC(4257) Metaspace: 256610K->256610K(1294336K)
[2023-12-20T09:13:34.637-0800][56965082ms] GC(4257) Pause Young (Normal) (G1 Evacuation Pause) 1967M->462M(2612M) 30.953ms
[2023-12-20T09:13:34.637-0800][56965082ms] GC(4257) User=0.14s Sys=0.00s Real=0.03s
[2023-12-20T09:13:35.565-0800][56966010ms] GC(4258) Pause Young (Normal) (G1 Evacuation Pause)
[2023-12-20T09:13:35.565-0800][56966010ms] GC(4258) Using 10 workers of 10 for evacuation
[2023-12-20T09:13:35.595-0800][56966040ms] GC(4258)   Pre Evacuate Collection Set: 0.0ms
[2023-12-20T09:13:35.595-0800][56966040ms] GC(4258)   Evacuate Collection Set: 27.7ms
[2023-12-20T09:13:35.595-0800][56966040ms] GC(4258)   Post Evacuate Collection Set: 2.4ms
[2023-12-20T09:13:35.595-0800][56966040ms] GC(4258)   Other: 0.4ms
[2023-12-20T09:13:35.595-0800][56966040ms] GC(4258) Eden regions: 752->0(753)
[2023-12-20T09:13:35.595-0800][56966040ms] GC(4258) Survivor regions: 31->30(98)
[2023-12-20T09:13:35.595-0800][56966040ms] GC(4258) Old regions: 196->196
[2023-12-20T09:13:35.595-0800][56966040ms] GC(4258) Humongous regions: 5->5
[2023-12-20T09:13:35.595-0800][56966040ms] GC(4258) Metaspace: 256610K->256610K(1294336K)
[2023-12-20T09:13:35.595-0800][56966040ms] GC(4258) Pause Young (Normal) (G1 Evacuation Pause) 1966M->461M(2612M) 30.604ms
[2023-12-20T09:13:35.595-0800][56966040ms] GC(4258) User=0.09s Sys=0.00s Real=0.03s
[2023-12-20T09:13:36.514-0800][56966959ms] GC(4259) Pause Young (Normal) (G1 Evacuation Pause)
[2023-12-20T09:13:36.514-0800][56966959ms] GC(4259) Using 10 workers of 10 for evacuation
[2023-12-20T09:13:36.543-0800][56966988ms] GC(4259)   Pre Evacuate Collection Set: 0.0ms
[2023-12-20T09:13:36.543-0800][56966988ms] GC(4259)   Evacuate Collection Set: 27.2ms
[2023-12-20T09:13:36.543-0800][56966988ms] GC(4259)   Post Evacuate Collection Set: 2.4ms
[2023-12-20T09:13:36.543-0800][56966988ms] GC(4259)   Other: 0.4ms
[2023-12-20T09:13:36.543-0800][56966988ms] GC(4259) Eden regions: 753->0(753)
[2023-12-20T09:13:36.543-0800][56966988ms] GC(4259) Survivor regions: 30->30(98)
[2023-12-20T09:13:36.543-0800][56966988ms] GC(4259) Old regions: 196->196
[2023-12-20T09:13:36.543-0800][56966988ms] GC(4259) Humongous regions: 5->5
[2023-12-20T09:13:36.543-0800][56966988ms] GC(4259) Metaspace: 256610K->256610K(1294336K)
[2023-12-20T09:13:36.543-0800][56966988ms] GC(4259) Pause Young (Normal) (G1 Evacuation Pause) 1967M->461M(2612M) 30.139ms
[2023-12-20T09:13:36.543-0800][56966988ms] GC(4259) User=0.09s Sys=0.00s Real=0.03s
[2023-12-20T09:13:37.354-0800][56967799ms] GC(4260) Pause Young (Normal) (G1 Evacuation Pause)
[2023-12-20T09:13:37.354-0800][56967799ms] GC(4260) Using 10 workers of 10 for evacuation
[2023-12-20T09:13:37.387-0800][56967832ms] GC(4260)   Pre Evacuate Collection Set: 0.1ms
[2023-12-20T09:13:37.387-0800][56967832ms] GC(4260)   Evacuate Collection Set: 29.3ms
[2023-12-20T09:13:37.387-0800][56967832ms] GC(4260)   Post Evacuate Collection Set: 3.2ms
[2023-12-20T09:13:37.387-0800][56967832ms] GC(4260)   Other: 0.5ms
[2023-12-20T09:13:37.387-0800][56967832ms] GC(4260) Eden regions: 753->0(752)
[2023-12-20T09:13:37.387-0800][56967832ms] GC(4260) Survivor regions: 30->31(98)
[2023-12-20T09:13:37.387-0800][56967832ms] GC(4260) Old regions: 196->197
[2023-12-20T09:13:37.387-0800][56967832ms] GC(4260) Humongous regions: 5->5
[2023-12-20T09:13:37.387-0800][56967832ms] GC(4260) Metaspace: 256610K->256610K(1294336K)
[2023-12-20T09:13:37.387-0800][56967832ms] GC(4260) Pause Young (Normal) (G1 Evacuation Pause) 1967M->463M(2612M) 33.127ms
[2023-12-20T09:13:37.387-0800][56967832ms] GC(4260) User=0.11s Sys=0.00s Real=0.03s
[2023-12-20T09:13:38.193-0800][56968638ms] GC(4261) Pause Young (Normal) (G1 Evacuation Pause)
[2023-12-20T09:13:38.193-0800][56968638ms] GC(4261) Using 10 workers of 10 for evacuation
[2023-12-20T09:13:38.223-0800][56968668ms] GC(4261)   Pre Evacuate Collection Set: 0.0ms
[2023-12-20T09:13:38.223-0800][56968668ms] GC(4261)   Evacuate Collection Set: 27.6ms
[2023-12-20T09:13:38.223-0800][56968668ms] GC(4261)   Post Evacuate Collection Set: 2.7ms
[2023-12-20T09:13:38.223-0800][56968668ms] GC(4261)   Other: 0.4ms
[2023-12-20T09:13:38.223-0800][56968668ms] GC(4261) Eden regions: 752->0(753)
[2023-12-20T09:13:38.223-0800][56968668ms] GC(4261) Survivor regions: 31->30(98)
[2023-12-20T09:13:38.223-0800][56968668ms] GC(4261) Old regions: 197->197
[2023-12-20T09:13:38.223-0800][56968668ms] GC(4261) Humongous regions: 5->5
[2023-12-20T09:13:38.223-0800][56968668ms] GC(4261) Metaspace: 256610K->256610K(1294336K)
[2023-12-20T09:13:38.223-0800][56968668ms] GC(4261) Pause Young (Normal) (G1 Evacuation Pause) 1967M->462M(2612M) 30.822ms
[2023-12-20T09:13:38.223-0800][56968668ms] GC(4261) User=0.22s Sys=0.00s Real=0.03s
[2023-12-20T09:13:39.006-0800][56969451ms] GC(4262) Pause Young (Normal) (G1 Evacuation Pause)
[2023-12-20T09:13:39.006-0800][56969451ms] GC(4262) Using 10 workers of 10 for evacuation
[2023-12-20T09:13:39.035-0800][56969480ms] GC(4262)   Pre Evacuate Collection Set: 0.0ms
[2023-12-20T09:13:39.035-0800][56969480ms] GC(4262)   Evacuate Collection Set: 25.6ms
[2023-12-20T09:13:39.035-0800][56969480ms] GC(4262)   Post Evacuate Collection Set: 2.8ms
[2023-12-20T09:13:39.035-0800][56969480ms] GC(4262)   Other: 0.4ms
[2023-12-20T09:13:39.035-0800][56969480ms] GC(4262) Eden regions: 753->0(752)
[2023-12-20T09:13:39.035-0800][56969480ms] GC(4262) Survivor regions: 30->31(98)
[2023-12-20T09:13:39.035-0800][56969480ms] GC(4262) Old regions: 197->197
[2023-12-20T09:13:39.035-0800][56969480ms] GC(4262) Humongous regions: 5->5
[2023-12-20T09:13:39.035-0800][56969480ms] GC(4262) Metaspace: 256610K->256610K(1294336K)
[2023-12-20T09:13:39.035-0800][56969480ms] GC(4262) Pause Young (Normal) (G1 Evacuation Pause) 1968M->463M(2612M) 28.945ms
[2023-12-20T09:13:39.035-0800][56969480ms] GC(4262) User=0.09s Sys=0.00s Real=0.03s
[2023-12-20T09:13:39.742-0800][56970187ms] GC(4263) Pause Young (Normal) (G1 Evacuation Pause)
[2023-12-20T09:13:39.742-0800][56970187ms] GC(4263) Using 10 workers of 10 for evacuation
[2023-12-20T09:13:39.771-0800][56970216ms] GC(4263)   Pre Evacuate Collection Set: 0.0ms
[2023-12-20T09:13:39.771-0800][56970216ms] GC(4263)   Evacuate Collection Set: 26.5ms
[2023-12-20T09:13:39.771-0800][56970216ms] GC(4263)   Post Evacuate Collection Set: 2.5ms
[2023-12-20T09:13:39.771-0800][56970216ms] GC(4263)   Other: 0.4ms
[2023-12-20T09:13:39.771-0800][56970216ms] GC(4263) Eden regions: 752->0(753)
[2023-12-20T09:13:39.771-0800][56970216ms] GC(4263) Survivor regions: 31->30(98)
[2023-12-20T09:13:39.771-0800][56970216ms] GC(4263) Old regions: 197->197
[2023-12-20T09:13:39.771-0800][56970216ms] GC(4263) Humongous regions: 5->5
[2023-12-20T09:13:39.771-0800][56970216ms] GC(4263) Metaspace: 256610K->256610K(1294336K)
[2023-12-20T09:13:39.771-0800][56970216ms] GC(4263) Pause Young (Normal) (G1 Evacuation Pause) 1967M->462M(2612M) 29.589ms
[2023-12-20T09:13:39.771-0800][56970216ms] GC(4263) User=0.09s Sys=0.02s Real=0.03s
[2023-12-20T09:13:40.399-0800][56970844ms] GC(4264) Pause Young (Normal) (G1 Evacuation Pause)
[2023-12-20T09:13:40.399-0800][56970844ms] GC(4264) Using 10 workers of 10 for evacuation
[2023-12-20T09:13:40.428-0800][56970873ms] GC(4264)   Pre Evacuate Collection Set: 0.0ms
[2023-12-20T09:13:40.428-0800][56970873ms] GC(4264)   Evacuate Collection Set: 27.2ms
[2023-12-20T09:13:40.428-0800][56970873ms] GC(4264)   Post Evacuate Collection Set: 2.7ms
[2023-12-20T09:13:40.428-0800][56970873ms] GC(4264)   Other: 0.4ms
[2023-12-20T09:13:40.428-0800][56970873ms] GC(4264) Eden regions: 753->0(753)
[2023-12-20T09:13:40.428-0800][56970873ms] GC(4264) Survivor regions: 30->30(98)
[2023-12-20T09:13:40.428-0800][56970873ms] GC(4264) Old regions: 197->197
[2023-12-20T09:13:40.428-0800][56970873ms] GC(4264) Humongous regions: 5->5
[2023-12-20T09:13:40.428-0800][56970873ms] GC(4264) Metaspace: 256610K->256610K(1294336K)
[2023-12-20T09:13:40.428-0800][56970873ms] GC(4264) Pause Young (Normal) (G1 Evacuation Pause) 1968M->462M(2612M) 30.453ms
[2023-12-20T09:13:40.428-0800][56970873ms] GC(4264) User=0.13s Sys=0.00s Real=0.03s
[2023-12-20T09:13:41.117-0800][56971562ms] GC(4265) Pause Young (Normal) (G1 Evacuation Pause)
[2023-12-20T09:13:41.117-0800][56971562ms] GC(4265) Using 10 workers of 10 for evacuation
[2023-12-20T09:13:41.147-0800][56971592ms] GC(4265)   Pre Evacuate Collection Set: 0.0ms
[2023-12-20T09:13:41.147-0800][56971592ms] GC(4265)   Evacuate Collection Set: 26.8ms
[2023-12-20T09:13:41.147-0800][56971592ms] GC(4265)   Post Evacuate Collection Set: 2.5ms
[2023-12-20T09:13:41.147-0800][56971592ms] GC(4265)   Other: 0.4ms
[2023-12-20T09:13:41.147-0800][56971592ms] GC(4265) Eden regions: 753->0(753)
[2023-12-20T09:13:41.147-0800][56971592ms] GC(4265) Survivor regions: 30->30(98)
[2023-12-20T09:13:41.147-0800][56971592ms] GC(4265) Old regions: 197->197
[2023-12-20T09:13:41.147-0800][56971592ms] GC(4265) Humongous regions: 5->5
[2023-12-20T09:13:41.147-0800][56971592ms] GC(4265) Metaspace: 256610K->256610K(1294336K)
[2023-12-20T09:13:41.147-0800][56971592ms] GC(4265) Pause Young (Normal) (G1 Evacuation Pause) 1968M->462M(2612M) 29.798ms
[2023-12-20T09:13:41.147-0800][56971592ms] GC(4265) User=0.08s Sys=0.00s Real=0.03s
[2023-12-20T09:13:41.935-0800][56972380ms] GC(4266) Pause Young (Normal) (G1 Evacuation Pause)
[2023-12-20T09:13:41.935-0800][56972380ms] GC(4266) Using 10 workers of 10 for evacuation
[2023-12-20T09:13:41.965-0800][56972410ms] GC(4266)   Pre Evacuate Collection Set: 0.0ms
[2023-12-20T09:13:41.965-0800][56972410ms] GC(4266)   Evacuate Collection Set: 27.3ms
[2023-12-20T09:13:41.965-0800][56972410ms] GC(4266)   Post Evacuate Collection Set: 2.6ms
[2023-12-20T09:13:41.965-0800][56972410ms] GC(4266)   Other: 0.4ms
[2023-12-20T09:13:41.965-0800][56972410ms] GC(4266) Eden regions: 753->0(753)
[2023-12-20T09:13:41.965-0800][56972410ms] GC(4266) Survivor regions: 30->30(98)
[2023-12-20T09:13:41.965-0800][56972410ms] GC(4266) Old regions: 197->197
[2023-12-20T09:13:41.965-0800][56972410ms] GC(4266) Humongous regions: 5->5
[2023-12-20T09:13:41.965-0800][56972410ms] GC(4266) Metaspace: 256610K->256610K(1294336K)
[2023-12-20T09:13:41.965-0800][56972410ms] GC(4266) Pause Young (Normal) (G1 Evacuation Pause) 1968M->462M(2612M) 30.469ms
[2023-12-20T09:13:41.965-0800][56972410ms] GC(4266) User=0.09s Sys=0.00s Real=0.03s
[2023-12-20T09:13:42.650-0800][56973095ms] GC(4267) Pause Young (Normal) (G1 Evacuation Pause)
[2023-12-20T09:13:42.650-0800][56973095ms] GC(4267) Using 10 workers of 10 for evacuation
[2023-12-20T09:13:42.679-0800][56973124ms] GC(4267)   Pre Evacuate Collection Set: 0.0ms
[2023-12-20T09:13:42.679-0800][56973124ms] GC(4267)   Evacuate Collection Set: 26.7ms
[2023-12-20T09:13:42.679-0800][56973124ms] GC(4267)   Post Evacuate Collection Set: 2.5ms
[2023-12-20T09:13:42.679-0800][56973124ms] GC(4267)   Other: 0.4ms
[2023-12-20T09:13:42.679-0800][56973124ms] GC(4267) Eden regions: 753->0(753)
[2023-12-20T09:13:42.679-0800][56973124ms] GC(4267) Survivor regions: 30->30(98)
[2023-12-20T09:13:42.679-0800][56973124ms] GC(4267) Old regions: 197->197
[2023-12-20T09:13:42.679-0800][56973124ms] GC(4267) Humongous regions: 5->5
[2023-12-20T09:13:42.679-0800][56973124ms] GC(4267) Metaspace: 256610K->256610K(1294336K)
[2023-12-20T09:13:42.679-0800][56973124ms] GC(4267) Pause Young (Normal) (G1 Evacuation Pause) 1968M->462M(2612M) 29.790ms
[2023-12-20T09:13:42.679-0800][56973124ms] GC(4267) User=0.06s Sys=0.00s Real=0.03s
[2023-12-20T09:13:43.271-0800][56973716ms] GC(4268) Pause Young (Normal) (G1 Evacuation Pause)
[2023-12-20T09:13:43.271-0800][56973716ms] GC(4268) Using 10 workers of 10 for evacuation
[2023-12-20T09:13:43.301-0800][56973746ms] GC(4268)   Pre Evacuate Collection Set: 0.1ms
[2023-12-20T09:13:43.301-0800][56973746ms] GC(4268)   Evacuate Collection Set: 26.5ms
[2023-12-20T09:13:43.301-0800][56973746ms] GC(4268)   Post Evacuate Collection Set: 2.6ms
[2023-12-20T09:13:43.301-0800][56973746ms] GC(4268)   Other: 0.4ms
[2023-12-20T09:13:43.301-0800][56973746ms] GC(4268) Eden regions: 753->0(753)
[2023-12-20T09:13:43.301-0800][56973746ms] GC(4268) Survivor regions: 30->30(98)
[2023-12-20T09:13:43.301-0800][56973746ms] GC(4268) Old regions: 197->197
[2023-12-20T09:13:43.301-0800][56973746ms] GC(4268) Humongous regions: 5->5
[2023-12-20T09:13:43.301-0800][56973746ms] GC(4268) Metaspace: 256610K->256610K(1294336K)
[2023-12-20T09:13:43.301-0800][56973746ms] GC(4268) Pause Young (Normal) (G1 Evacuation Pause) 1968M->462M(2612M) 29.703ms
[2023-12-20T09:13:43.301-0800][56973746ms] GC(4268) User=0.08s Sys=0.00s Real=0.03s
[2023-12-20T09:13:44.174-0800][56974619ms] GC(4269) Pause Young (Normal) (G1 Evacuation Pause)
[2023-12-20T09:13:44.174-0800][56974619ms] GC(4269) Using 10 workers of 10 for evacuation
[2023-12-20T09:13:44.203-0800][56974648ms] GC(4269)   Pre Evacuate Collection Set: 0.0ms
[2023-12-20T09:13:44.203-0800][56974648ms] GC(4269)   Evacuate Collection Set: 26.6ms
[2023-12-20T09:13:44.203-0800][56974648ms] GC(4269)   Post Evacuate Collection Set: 2.4ms
[2023-12-20T09:13:44.203-0800][56974648ms] GC(4269)   Other: 0.4ms
[2023-12-20T09:13:44.203-0800][56974648ms] GC(4269) Eden regions: 753->0(753)
[2023-12-20T09:13:44.203-0800][56974648ms] GC(4269) Survivor regions: 30->30(98)
[2023-12-20T09:13:44.203-0800][56974648ms] GC(4269) Old regions: 197->197
[2023-12-20T09:13:44.203-0800][56974648ms] GC(4269) Humongous regions: 5->5
[2023-12-20T09:13:44.203-0800][56974648ms] GC(4269) Metaspace: 256610K->256610K(1294336K)
[2023-12-20T09:13:44.203-0800][56974648ms] GC(4269) Pause Young (Normal) (G1 Evacuation Pause) 1968M->461M(2612M) 29.566ms
[2023-12-20T09:13:44.203-0800][56974648ms] GC(4269) User=0.11s Sys=0.00s Real=0.03s
[2023-12-20T09:13:45.191-0800][56975636ms] GC(4270) Pause Young (Normal) (GCLocker Initiated GC)
[2023-12-20T09:13:45.191-0800][56975636ms] GC(4270) Using 10 workers of 10 for evacuation
[2023-12-20T09:13:45.223-0800][56975668ms] GC(4270)   Pre Evacuate Collection Set: 0.0ms
[2023-12-20T09:13:45.223-0800][56975668ms] GC(4270)   Evacuate Collection Set: 28.3ms
[2023-12-20T09:13:45.223-0800][56975668ms] GC(4270)   Post Evacuate Collection Set: 2.9ms
[2023-12-20T09:13:45.223-0800][56975668ms] GC(4270)   Other: 0.4ms
[2023-12-20T09:13:45.223-0800][56975668ms] GC(4270) Eden regions: 754->0(753)
[2023-12-20T09:13:45.223-0800][56975668ms] GC(4270) Survivor regions: 30->30(98)
[2023-12-20T09:13:45.223-0800][56975668ms] GC(4270) Old regions: 197->197
[2023-12-20T09:13:45.223-0800][56975668ms] GC(4270) Humongous regions: 5->5
[2023-12-20T09:13:45.223-0800][56975668ms] GC(4270) Metaspace: 256610K->256610K(1294336K)
[2023-12-20T09:13:45.223-0800][56975668ms] GC(4270) Pause Young (Normal) (GCLocker Initiated GC) 1968M->462M(2612M) 31.792ms
[2023-12-20T09:13:45.223-0800][56975668ms] GC(4270) User=0.13s Sys=0.00s Real=0.03s
[2023-12-20T09:13:46.070-0800][56976515ms] GC(4271) Pause Young (Normal) (GCLocker Initiated GC)
[2023-12-20T09:13:46.070-0800][56976515ms] GC(4271) Using 10 workers of 10 for evacuation
[2023-12-20T09:13:46.099-0800][56976544ms] GC(4271)   Pre Evacuate Collection Set: 0.0ms
[2023-12-20T09:13:46.099-0800][56976544ms] GC(4271)   Evacuate Collection Set: 26.9ms
[2023-12-20T09:13:46.099-0800][56976544ms] GC(4271)   Post Evacuate Collection Set: 2.4ms
[2023-12-20T09:13:46.099-0800][56976544ms] GC(4271)   Other: 0.4ms
[2023-12-20T09:13:46.099-0800][56976544ms] GC(4271) Eden regions: 754->0(753)
[2023-12-20T09:13:46.099-0800][56976544ms] GC(4271) Survivor regions: 30->30(98)
[2023-12-20T09:13:46.099-0800][56976544ms] GC(4271) Old regions: 197->197
[2023-12-20T09:13:46.099-0800][56976544ms] GC(4271) Humongous regions: 5->5
[2023-12-20T09:13:46.099-0800][56976544ms] GC(4271) Metaspace: 256610K->256610K(1294336K)
[2023-12-20T09:13:46.099-0800][56976544ms] GC(4271) Pause Young (Normal) (GCLocker Initiated GC) 1969M->461M(2612M) 29.818ms
[2023-12-20T09:13:46.099-0800][56976544ms] GC(4271) User=0.11s Sys=0.00s Real=0.03s
[2023-12-20T09:13:46.946-0800][56977391ms] GC(4272) Pause Young (Normal) (GCLocker Initiated GC)
[2023-12-20T09:13:46.946-0800][56977391ms] GC(4272) Using 10 workers of 10 for evacuation
[2023-12-20T09:13:46.977-0800][56977422ms] GC(4272)   Pre Evacuate Collection Set: 0.0ms
[2023-12-20T09:13:46.977-0800][56977422ms] GC(4272)   Evacuate Collection Set: 27.2ms
[2023-12-20T09:13:46.977-0800][56977422ms] GC(4272)   Post Evacuate Collection Set: 2.5ms
[2023-12-20T09:13:46.977-0800][56977422ms] GC(4272)   Other: 0.4ms
[2023-12-20T09:13:46.977-0800][56977422ms] GC(4272) Eden regions: 754->0(753)
[2023-12-20T09:13:46.977-0800][56977422ms] GC(4272) Survivor regions: 30->30(98)
[2023-12-20T09:13:46.977-0800][56977422ms] GC(4272) Old regions: 197->197
[2023-12-20T09:13:46.977-0800][56977422ms] GC(4272) Humongous regions: 5->5
[2023-12-20T09:13:46.977-0800][56977422ms] GC(4272) Metaspace: 256610K->256610K(1294336K)
[2023-12-20T09:13:46.977-0800][56977422ms] GC(4272) Pause Young (Normal) (GCLocker Initiated GC) 1968M->462M(2612M) 30.254ms
[2023-12-20T09:13:46.977-0800][56977422ms] GC(4272) User=0.11s Sys=0.00s Real=0.03s
[2023-12-20T09:13:47.791-0800][56978236ms] GC(4273) Pause Young (Normal) (G1 Evacuation Pause)
[2023-12-20T09:13:47.791-0800][56978236ms] GC(4273) Using 10 workers of 10 for evacuation
[2023-12-20T09:13:47.821-0800][56978266ms] GC(4273)   Pre Evacuate Collection Set: 0.0ms
[2023-12-20T09:13:47.821-0800][56978266ms] GC(4273)   Evacuate Collection Set: 26.4ms
[2023-12-20T09:13:47.821-0800][56978266ms] GC(4273)   Post Evacuate Collection Set: 2.6ms
[2023-12-20T09:13:47.821-0800][56978266ms] GC(4273)   Other: 0.4ms
[2023-12-20T09:13:47.821-0800][56978266ms] GC(4273) Eden regions: 753->0(753)
[2023-12-20T09:13:47.821-0800][56978266ms] GC(4273) Survivor regions: 30->30(98)
[2023-12-20T09:13:47.821-0800][56978266ms] GC(4273) Old regions: 197->197
[2023-12-20T09:13:47.821-0800][56978266ms] GC(4273) Humongous regions: 5->5
[2023-12-20T09:13:47.821-0800][56978266ms] GC(4273) Metaspace: 256610K->256610K(1294336K)
[2023-12-20T09:13:47.821-0800][56978266ms] GC(4273) Pause Young (Normal) (G1 Evacuation Pause) 1968M->462M(2612M) 29.615ms
[2023-12-20T09:13:47.821-0800][56978266ms] GC(4273) User=0.06s Sys=0.00s Real=0.03s
[2023-12-20T09:13:48.553-0800][56978998ms] GC(4274) Pause Young (Normal) (G1 Evacuation Pause)
[2023-12-20T09:13:48.553-0800][56978998ms] GC(4274) Using 10 workers of 10 for evacuation
[2023-12-20T09:13:48.583-0800][56979028ms] GC(4274)   Pre Evacuate Collection Set: 0.0ms
[2023-12-20T09:13:48.583-0800][56979028ms] GC(4274)   Evacuate Collection Set: 27.4ms
[2023-12-20T09:13:48.583-0800][56979028ms] GC(4274)   Post Evacuate Collection Set: 2.3ms
[2023-12-20T09:13:48.583-0800][56979028ms] GC(4274)   Other: 0.4ms
[2023-12-20T09:13:48.583-0800][56979028ms] GC(4274) Eden regions: 753->0(753)
[2023-12-20T09:13:48.583-0800][56979028ms] GC(4274) Survivor regions: 30->30(98)
[2023-12-20T09:13:48.583-0800][56979028ms] GC(4274) Old regions: 197->197
[2023-12-20T09:13:48.583-0800][56979028ms] GC(4274) Humongous regions: 5->5
[2023-12-20T09:13:48.583-0800][56979028ms] GC(4274) Metaspace: 256610K->256610K(1294336K)
[2023-12-20T09:13:48.583-0800][56979028ms] GC(4274) Pause Young (Normal) (G1 Evacuation Pause) 1968M->461M(2612M) 30.252ms
[2023-12-20T09:13:48.583-0800][56979028ms] GC(4274) User=0.22s Sys=0.00s Real=0.03s
[2023-12-20T09:13:49.522-0800][56979967ms] GC(4275) Pause Young (Normal) (G1 Evacuation Pause)
[2023-12-20T09:13:49.522-0800][56979967ms] GC(4275) Using 10 workers of 10 for evacuation
[2023-12-20T09:13:49.555-0800][56980000ms] GC(4275)   Pre Evacuate Collection Set: 0.1ms
[2023-12-20T09:13:49.555-0800][56980000ms] GC(4275)   Evacuate Collection Set: 29.8ms
[2023-12-20T09:13:49.555-0800][56980000ms] GC(4275)   Post Evacuate Collection Set: 2.3ms
[2023-12-20T09:13:49.555-0800][56980000ms] GC(4275)   Other: 0.4ms
[2023-12-20T09:13:49.555-0800][56980000ms] GC(4275) Eden regions: 753->0(752)
[2023-12-20T09:13:49.555-0800][56980000ms] GC(4275) Survivor regions: 30->31(98)
[2023-12-20T09:13:49.555-0800][56980000ms] GC(4275) Old regions: 197->197
[2023-12-20T09:13:49.555-0800][56980000ms] GC(4275) Humongous regions: 5->5
[2023-12-20T09:13:49.555-0800][56980000ms] GC(4275) Metaspace: 256610K->256610K(1294336K)
[2023-12-20T09:13:49.555-0800][56980000ms] GC(4275) Pause Young (Normal) (G1 Evacuation Pause) 1967M->463M(2612M) 32.646ms
[2023-12-20T09:13:49.555-0800][56980000ms] GC(4275) User=0.11s Sys=0.00s Real=0.03s
[2023-12-20T09:13:50.396-0800][56980841ms] GC(4276) Pause Young (Normal) (G1 Evacuation Pause)
[2023-12-20T09:13:50.396-0800][56980841ms] GC(4276) Using 10 workers of 10 for evacuation
[2023-12-20T09:13:50.427-0800][56980872ms] GC(4276)   Pre Evacuate Collection Set: 0.0ms
[2023-12-20T09:13:50.427-0800][56980872ms] GC(4276)   Evacuate Collection Set: 27.3ms
[2023-12-20T09:13:50.427-0800][56980872ms] GC(4276)   Post Evacuate Collection Set: 3.1ms
[2023-12-20T09:13:50.427-0800][56980872ms] GC(4276)   Other: 0.4ms
[2023-12-20T09:13:50.427-0800][56980872ms] GC(4276) Eden regions: 752->0(753)
[2023-12-20T09:13:50.427-0800][56980872ms] GC(4276) Survivor regions: 31->30(98)
[2023-12-20T09:13:50.427-0800][56980872ms] GC(4276) Old regions: 197->197
[2023-12-20T09:13:50.427-0800][56980872ms] GC(4276) Humongous regions: 5->5
[2023-12-20T09:13:50.427-0800][56980872ms] GC(4276) Metaspace: 256610K->256610K(1294336K)
[2023-12-20T09:13:50.427-0800][56980872ms] GC(4276) Pause Young (Normal) (G1 Evacuation Pause) 1967M->462M(2612M) 30.921ms
[2023-12-20T09:13:50.427-0800][56980872ms] GC(4276) User=0.13s Sys=0.00s Real=0.03s
[2023-12-20T09:13:51.103-0800][56981548ms] GC(4277) Pause Young (Normal) (G1 Evacuation Pause)
[2023-12-20T09:13:51.103-0800][56981548ms] GC(4277) Using 10 workers of 10 for evacuation
[2023-12-20T09:13:51.135-0800][56981580ms] GC(4277)   Pre Evacuate Collection Set: 0.0ms
[2023-12-20T09:13:51.135-0800][56981580ms] GC(4277)   Evacuate Collection Set: 28.4ms
[2023-12-20T09:13:51.135-0800][56981580ms] GC(4277)   Post Evacuate Collection Set: 2.5ms
[2023-12-20T09:13:51.135-0800][56981580ms] GC(4277)   Other: 0.4ms
[2023-12-20T09:13:51.135-0800][56981580ms] GC(4277) Eden regions: 753->0(753)
[2023-12-20T09:13:51.135-0800][56981580ms] GC(4277) Survivor regions: 30->30(98)
[2023-12-20T09:13:51.135-0800][56981580ms] GC(4277) Old regions: 197->197
[2023-12-20T09:13:51.135-0800][56981580ms] GC(4277) Humongous regions: 5->5
[2023-12-20T09:13:51.135-0800][56981580ms] GC(4277) Metaspace: 256610K->256610K(1294336K)
[2023-12-20T09:13:51.135-0800][56981580ms] GC(4277) Pause Young (Normal) (G1 Evacuation Pause) 1968M->461M(2612M) 31.383ms
[2023-12-20T09:13:51.135-0800][56981580ms] GC(4277) User=0.14s Sys=0.00s Real=0.03s
[2023-12-20T09:13:51.830-0800][56982275ms] GC(4278) Pause Young (Normal) (G1 Evacuation Pause)
[2023-12-20T09:13:51.830-0800][56982275ms] GC(4278) Using 10 workers of 10 for evacuation
[2023-12-20T09:13:51.860-0800][56982305ms] GC(4278)   Pre Evacuate Collection Set: 0.0ms
[2023-12-20T09:13:51.860-0800][56982305ms] GC(4278)   Evacuate Collection Set: 26.5ms
[2023-12-20T09:13:51.860-0800][56982305ms] GC(4278)   Post Evacuate Collection Set: 2.8ms
[2023-12-20T09:13:51.860-0800][56982305ms] GC(4278)   Other: 0.4ms
[2023-12-20T09:13:51.860-0800][56982305ms] GC(4278) Eden regions: 753->0(753)
[2023-12-20T09:13:51.860-0800][56982305ms] GC(4278) Survivor regions: 30->30(98)
[2023-12-20T09:13:51.860-0800][56982305ms] GC(4278) Old regions: 197->197
[2023-12-20T09:13:51.860-0800][56982305ms] GC(4278) Humongous regions: 5->5
[2023-12-20T09:13:51.860-0800][56982305ms] GC(4278) Metaspace: 256610K->256610K(1294336K)
[2023-12-20T09:13:51.860-0800][56982305ms] GC(4278) Pause Young (Normal) (G1 Evacuation Pause) 1967M->462M(2612M) 29.872ms
[2023-12-20T09:13:51.860-0800][56982305ms] GC(4278) User=0.14s Sys=0.00s Real=0.03s
[2023-12-20T09:13:52.681-0800][56983126ms] GC(4279) Pause Young (Normal) (G1 Evacuation Pause)
[2023-12-20T09:13:52.681-0800][56983126ms] GC(4279) Using 10 workers of 10 for evacuation
[2023-12-20T09:13:52.711-0800][56983156ms] GC(4279)   Pre Evacuate Collection Set: 0.0ms
[2023-12-20T09:13:52.711-0800][56983156ms] GC(4279)   Evacuate Collection Set: 26.3ms
[2023-12-20T09:13:52.711-0800][56983156ms] GC(4279)   Post Evacuate Collection Set: 4.1ms
[2023-12-20T09:13:52.711-0800][56983156ms] GC(4279)   Other: 0.4ms
[2023-12-20T09:13:52.711-0800][56983156ms] GC(4279) Eden regions: 753->0(753)
[2023-12-20T09:13:52.711-0800][56983156ms] GC(4279) Survivor regions: 30->30(98)
[2023-12-20T09:13:52.711-0800][56983156ms] GC(4279) Old regions: 197->197
[2023-12-20T09:13:52.711-0800][56983156ms] GC(4279) Humongous regions: 5->5
[2023-12-20T09:13:52.711-0800][56983156ms] GC(4279) Metaspace: 256610K->256610K(1294336K)
[2023-12-20T09:13:52.711-0800][56983156ms] GC(4279) Pause Young (Normal) (G1 Evacuation Pause) 1968M->461M(2612M) 30.846ms
[2023-12-20T09:13:52.711-0800][56983156ms] GC(4279) User=0.08s Sys=0.00s Real=0.03s
[2023-12-20T09:13:53.523-0800][56983968ms] GC(4280) Pause Young (Normal) (G1 Evacuation Pause)
[2023-12-20T09:13:53.523-0800][56983968ms] GC(4280) Using 10 workers of 10 for evacuation
[2023-12-20T09:13:53.553-0800][56983998ms] GC(4280)   Pre Evacuate Collection Set: 0.0ms
[2023-12-20T09:13:53.553-0800][56983998ms] GC(4280)   Evacuate Collection Set: 27.6ms
[2023-12-20T09:13:53.553-0800][56983998ms] GC(4280)   Post Evacuate Collection Set: 2.6ms
[2023-12-20T09:13:53.553-0800][56983998ms] GC(4280)   Other: 0.4ms
[2023-12-20T09:13:53.553-0800][56983998ms] GC(4280) Eden regions: 753->0(753)
[2023-12-20T09:13:53.553-0800][56983998ms] GC(4280) Survivor regions: 30->30(98)
[2023-12-20T09:13:53.553-0800][56983998ms] GC(4280) Old regions: 197->197
[2023-12-20T09:13:53.553-0800][56983998ms] GC(4280) Humongous regions: 5->5
[2023-12-20T09:13:53.553-0800][56983998ms] GC(4280) Metaspace: 256610K->256610K(1294336K)
[2023-12-20T09:13:53.553-0800][56983998ms] GC(4280) Pause Young (Normal) (G1 Evacuation Pause) 1967M->462M(2612M) 30.704ms
[2023-12-20T09:13:53.553-0800][56983998ms] GC(4280) User=0.09s Sys=0.00s Real=0.03s
[2023-12-20T09:13:54.401-0800][56984846ms] GC(4281) Pause Young (Normal) (G1 Evacuation Pause)
[2023-12-20T09:13:54.401-0800][56984846ms] GC(4281) Using 10 workers of 10 for evacuation
[2023-12-20T09:13:54.433-0800][56984878ms] GC(4281)   Pre Evacuate Collection Set: 0.0ms
[2023-12-20T09:13:54.433-0800][56984878ms] GC(4281)   Evacuate Collection Set: 28.7ms
[2023-12-20T09:13:54.433-0800][56984878ms] GC(4281)   Post Evacuate Collection Set: 3.3ms
[2023-12-20T09:13:54.433-0800][56984878ms] GC(4281)   Other: 0.4ms
[2023-12-20T09:13:54.433-0800][56984878ms] GC(4281) Eden regions: 753->0(754)
[2023-12-20T09:13:54.433-0800][56984878ms] GC(4281) Survivor regions: 30->29(98)
[2023-12-20T09:13:54.433-0800][56984878ms] GC(4281) Old regions: 197->197
[2023-12-20T09:13:54.433-0800][56984878ms] GC(4281) Humongous regions: 5->5
[2023-12-20T09:13:54.433-0800][56984878ms] GC(4281) Metaspace: 256610K->256610K(1294336K)
[2023-12-20T09:13:54.433-0800][56984878ms] GC(4281) Pause Young (Normal) (G1 Evacuation Pause) 1968M->460M(2612M) 32.616ms
[2023-12-20T09:13:54.433-0800][56984878ms] GC(4281) User=0.17s Sys=0.00s Real=0.03s
[2023-12-20T09:13:55.440-0800][56985885ms] GC(4282) Pause Young (Normal) (G1 Evacuation Pause)
[2023-12-20T09:13:55.440-0800][56985885ms] GC(4282) Using 10 workers of 10 for evacuation
[2023-12-20T09:13:55.471-0800][56985916ms] GC(4282)   Pre Evacuate Collection Set: 0.0ms
[2023-12-20T09:13:55.471-0800][56985916ms] GC(4282)   Evacuate Collection Set: 27.4ms
[2023-12-20T09:13:55.471-0800][56985916ms] GC(4282)   Post Evacuate Collection Set: 2.5ms
[2023-12-20T09:13:55.471-0800][56985916ms] GC(4282)   Other: 0.4ms
[2023-12-20T09:13:55.471-0800][56985916ms] GC(4282) Eden regions: 754->0(753)
[2023-12-20T09:13:55.471-0800][56985916ms] GC(4282) Survivor regions: 29->30(98)
[2023-12-20T09:13:55.471-0800][56985916ms] GC(4282) Old regions: 197->197
[2023-12-20T09:13:55.471-0800][56985916ms] GC(4282) Humongous regions: 5->5
[2023-12-20T09:13:55.471-0800][56985916ms] GC(4282) Metaspace: 256610K->256610K(1294336K)
[2023-12-20T09:13:55.471-0800][56985916ms] GC(4282) Pause Young (Normal) (G1 Evacuation Pause) 1968M->461M(2612M) 30.401ms
[2023-12-20T09:13:55.471-0800][56985916ms] GC(4282) User=0.09s Sys=0.00s Real=0.03s
[2023-12-20T09:13:56.320-0800][56986765ms] GC(4283) Pause Young (Normal) (G1 Evacuation Pause)
[2023-12-20T09:13:56.320-0800][56986765ms] GC(4283) Using 10 workers of 10 for evacuation
[2023-12-20T09:13:56.353-0800][56986798ms] GC(4283)   Pre Evacuate Collection Set: 0.0ms
[2023-12-20T09:13:56.353-0800][56986798ms] GC(4283)   Evacuate Collection Set: 29.1ms
[2023-12-20T09:13:56.353-0800][56986798ms] GC(4283)   Post Evacuate Collection Set: 2.8ms
[2023-12-20T09:13:56.353-0800][56986798ms] GC(4283)   Other: 0.4ms
[2023-12-20T09:13:56.353-0800][56986798ms] GC(4283) Eden regions: 753->0(754)
[2023-12-20T09:13:56.353-0800][56986798ms] GC(4283) Survivor regions: 30->29(98)
[2023-12-20T09:13:56.353-0800][56986798ms] GC(4283) Old regions: 197->197
[2023-12-20T09:13:56.353-0800][56986798ms] GC(4283) Humongous regions: 5->5
[2023-12-20T09:13:56.353-0800][56986798ms] GC(4283) Metaspace: 256610K->256610K(1294336K)
[2023-12-20T09:13:56.353-0800][56986798ms] GC(4283) Pause Young (Normal) (G1 Evacuation Pause) 1967M->460M(2612M) 32.452ms
[2023-12-20T09:13:56.353-0800][56986798ms] GC(4283) User=0.11s Sys=0.00s Real=0.03s
[2023-12-20T09:13:57.230-0800][56987675ms] GC(4284) Pause Young (Normal) (G1 Evacuation Pause)
[2023-12-20T09:13:57.230-0800][56987675ms] GC(4284) Using 10 workers of 10 for evacuation
[2023-12-20T09:13:57.261-0800][56987706ms] GC(4284)   Pre Evacuate Collection Set: 0.0ms
[2023-12-20T09:13:57.261-0800][56987706ms] GC(4284)   Evacuate Collection Set: 27.5ms
[2023-12-20T09:13:57.261-0800][56987706ms] GC(4284)   Post Evacuate Collection Set: 2.7ms
[2023-12-20T09:13:57.261-0800][56987706ms] GC(4284)   Other: 0.5ms
[2023-12-20T09:13:57.261-0800][56987706ms] GC(4284) Eden regions: 754->0(754)
[2023-12-20T09:13:57.261-0800][56987706ms] GC(4284) Survivor regions: 29->29(98)
[2023-12-20T09:13:57.261-0800][56987706ms] GC(4284) Old regions: 197->197
[2023-12-20T09:13:57.261-0800][56987706ms] GC(4284) Humongous regions: 5->5
[2023-12-20T09:13:57.261-0800][56987706ms] GC(4284) Metaspace: 256610K->256610K(1294336K)
[2023-12-20T09:13:57.261-0800][56987706ms] GC(4284) Pause Young (Normal) (G1 Evacuation Pause) 1968M->460M(2612M) 30.813ms
[2023-12-20T09:13:57.261-0800][56987706ms] GC(4284) User=0.08s Sys=0.00s Real=0.03s
[2023-12-20T09:13:58.105-0800][56988550ms] GC(4285) Pause Young (Normal) (G1 Evacuation Pause)
[2023-12-20T09:13:58.105-0800][56988550ms] GC(4285) Using 10 workers of 10 for evacuation
[2023-12-20T09:13:58.135-0800][56988580ms] GC(4285)   Pre Evacuate Collection Set: 0.0ms
[2023-12-20T09:13:58.135-0800][56988580ms] GC(4285)   Evacuate Collection Set: 26.8ms
[2023-12-20T09:13:58.135-0800][56988580ms] GC(4285)   Post Evacuate Collection Set: 3.0ms
[2023-12-20T09:13:58.135-0800][56988580ms] GC(4285)   Other: 0.4ms
[2023-12-20T09:13:58.135-0800][56988580ms] GC(4285) Eden regions: 754->0(753)
[2023-12-20T09:13:58.135-0800][56988580ms] GC(4285) Survivor regions: 29->30(98)
[2023-12-20T09:13:58.135-0800][56988580ms] GC(4285) Old regions: 197->197
[2023-12-20T09:13:58.135-0800][56988580ms] GC(4285) Humongous regions: 5->5
[2023-12-20T09:13:58.135-0800][56988580ms] GC(4285) Metaspace: 256610K->256610K(1294336K)
[2023-12-20T09:13:58.135-0800][56988580ms] GC(4285) Pause Young (Normal) (G1 Evacuation Pause) 1968M->461M(2612M) 30.337ms
[2023-12-20T09:13:58.135-0800][56988580ms] GC(4285) User=0.08s Sys=0.00s Real=0.03s
[2023-12-20T09:13:59.082-0800][56989527ms] GC(4286) Pause Young (Normal) (G1 Evacuation Pause)
[2023-12-20T09:13:59.082-0800][56989527ms] GC(4286) Using 10 workers of 10 for evacuation
[2023-12-20T09:13:59.114-0800][56989559ms] GC(4286)   Pre Evacuate Collection Set: 0.1ms
[2023-12-20T09:13:59.114-0800][56989559ms] GC(4286)   Evacuate Collection Set: 28.8ms
[2023-12-20T09:13:59.114-0800][56989559ms] GC(4286)   Post Evacuate Collection Set: 3.2ms
[2023-12-20T09:13:59.114-0800][56989559ms] GC(4286)   Other: 0.4ms
[2023-12-20T09:13:59.114-0800][56989559ms] GC(4286) Eden regions: 753->0(753)
[2023-12-20T09:13:59.114-0800][56989559ms] GC(4286) Survivor regions: 30->30(98)
[2023-12-20T09:13:59.114-0800][56989559ms] GC(4286) Old regions: 197->197
[2023-12-20T09:13:59.114-0800][56989559ms] GC(4286) Humongous regions: 5->5
[2023-12-20T09:13:59.114-0800][56989559ms] GC(4286) Metaspace: 256610K->256610K(1294336K)
[2023-12-20T09:13:59.114-0800][56989559ms] GC(4286) Pause Young (Normal) (G1 Evacuation Pause) 1967M->462M(2612M) 32.649ms
[2023-12-20T09:13:59.114-0800][56989559ms] GC(4286) User=0.11s Sys=0.00s Real=0.03s
[2023-12-20T09:14:00.051-0800][56990496ms] GC(4287) Pause Young (Normal) (G1 Evacuation Pause)
[2023-12-20T09:14:00.051-0800][56990496ms] GC(4287) Using 10 workers of 10 for evacuation
[2023-12-20T09:14:00.082-0800][56990527ms] GC(4287)   Pre Evacuate Collection Set: 0.1ms
[2023-12-20T09:14:00.082-0800][56990527ms] GC(4287)   Evacuate Collection Set: 27.6ms
[2023-12-20T09:14:00.082-0800][56990527ms] GC(4287)   Post Evacuate Collection Set: 2.9ms
[2023-12-20T09:14:00.082-0800][56990527ms] GC(4287)   Other: 0.4ms
[2023-12-20T09:14:00.082-0800][56990527ms] GC(4287) Eden regions: 753->0(753)
[2023-12-20T09:14:00.082-0800][56990527ms] GC(4287) Survivor regions: 30->30(98)
[2023-12-20T09:14:00.082-0800][56990527ms] GC(4287) Old regions: 197->197
[2023-12-20T09:14:00.082-0800][56990527ms] GC(4287) Humongous regions: 5->5
[2023-12-20T09:14:00.082-0800][56990527ms] GC(4287) Metaspace: 256610K->256610K(1294336K)
[2023-12-20T09:14:00.082-0800][56990527ms] GC(4287) Pause Young (Normal) (G1 Evacuation Pause) 1968M->462M(2612M) 31.060ms
[2023-12-20T09:14:00.082-0800][56990527ms] GC(4287) User=0.13s Sys=0.00s Real=0.03s
[2023-12-20T09:14:00.968-0800][56991413ms] GC(4288) Pause Young (Normal) (G1 Evacuation Pause)
[2023-12-20T09:14:00.968-0800][56991413ms] GC(4288) Using 10 workers of 10 for evacuation
[2023-12-20T09:14:00.998-0800][56991443ms] GC(4288)   Pre Evacuate Collection Set: 0.0ms
[2023-12-20T09:14:00.998-0800][56991443ms] GC(4288)   Evacuate Collection Set: 26.3ms
[2023-12-20T09:14:00.998-0800][56991443ms] GC(4288)   Post Evacuate Collection Set: 2.7ms
[2023-12-20T09:14:00.998-0800][56991443ms] GC(4288)   Other: 0.4ms
[2023-12-20T09:14:00.998-0800][56991443ms] GC(4288) Eden regions: 753->0(753)
[2023-12-20T09:14:00.998-0800][56991443ms] GC(4288) Survivor regions: 30->30(98)
[2023-12-20T09:14:00.998-0800][56991443ms] GC(4288) Old regions: 197->197
[2023-12-20T09:14:00.998-0800][56991443ms] GC(4288) Humongous regions: 5->5
[2023-12-20T09:14:00.998-0800][56991443ms] GC(4288) Metaspace: 256610K->256610K(1294336K)
[2023-12-20T09:14:00.998-0800][56991443ms] GC(4288) Pause Young (Normal) (G1 Evacuation Pause) 1968M->461M(2612M) 29.590ms
[2023-12-20T09:14:00.998-0800][56991443ms] GC(4288) User=0.11s Sys=0.00s Real=0.03s
[2023-12-20T09:14:01.819-0800][56992264ms] GC(4289) Pause Young (Normal) (G1 Evacuation Pause)
[2023-12-20T09:14:01.819-0800][56992264ms] GC(4289) Using 10 workers of 10 for evacuation
[2023-12-20T09:14:01.852-0800][56992297ms] GC(4289)   Pre Evacuate Collection Set: 0.0ms
[2023-12-20T09:14:01.852-0800][56992297ms] GC(4289)   Evacuate Collection Set: 29.5ms
[2023-12-20T09:14:01.852-0800][56992297ms] GC(4289)   Post Evacuate Collection Set: 2.7ms
[2023-12-20T09:14:01.852-0800][56992297ms] GC(4289)   Other: 0.4ms
[2023-12-20T09:14:01.852-0800][56992297ms] GC(4289) Eden regions: 753->0(753)
[2023-12-20T09:14:01.852-0800][56992297ms] GC(4289) Survivor regions: 30->30(98)
[2023-12-20T09:14:01.852-0800][56992297ms] GC(4289) Old regions: 197->197
[2023-12-20T09:14:01.852-0800][56992297ms] GC(4289) Humongous regions: 5->5
[2023-12-20T09:14:01.852-0800][56992297ms] GC(4289) Metaspace: 256610K->256610K(1294336K)
[2023-12-20T09:14:01.852-0800][56992297ms] GC(4289) Pause Young (Normal) (G1 Evacuation Pause) 1967M->461M(2612M) 32.746ms
[2023-12-20T09:14:01.852-0800][56992297ms] GC(4289) User=0.09s Sys=0.00s Real=0.03s
[2023-12-20T09:14:02.711-0800][56993156ms] GC(4290) Pause Young (Normal) (G1 Evacuation Pause)
[2023-12-20T09:14:02.711-0800][56993156ms] GC(4290) Using 10 workers of 10 for evacuation
[2023-12-20T09:14:02.742-0800][56993187ms] GC(4290)   Pre Evacuate Collection Set: 0.0ms
[2023-12-20T09:14:02.742-0800][56993187ms] GC(4290)   Evacuate Collection Set: 27.5ms
[2023-12-20T09:14:02.742-0800][56993187ms] GC(4290)   Post Evacuate Collection Set: 2.6ms
[2023-12-20T09:14:02.742-0800][56993187ms] GC(4290)   Other: 0.4ms
[2023-12-20T09:14:02.742-0800][56993187ms] GC(4290) Eden regions: 753->0(754)
[2023-12-20T09:14:02.742-0800][56993187ms] GC(4290) Survivor regions: 30->29(98)
[2023-12-20T09:14:02.742-0800][56993187ms] GC(4290) Old regions: 197->197
[2023-12-20T09:14:02.742-0800][56993187ms] GC(4290) Humongous regions: 5->5
[2023-12-20T09:14:02.742-0800][56993187ms] GC(4290) Metaspace: 256610K->256610K(1294336K)
[2023-12-20T09:14:02.742-0800][56993187ms] GC(4290) Pause Young (Normal) (G1 Evacuation Pause) 1967M->460M(2612M) 30.660ms
[2023-12-20T09:14:02.742-0800][56993187ms] GC(4290) User=0.08s Sys=0.00s Real=0.03s
[2023-12-20T09:14:03.603-0800][56994048ms] GC(4291) Pause Young (Normal) (G1 Evacuation Pause)
[2023-12-20T09:14:03.604-0800][56994049ms] GC(4291) Using 10 workers of 10 for evacuation
[2023-12-20T09:14:03.634-0800][56994079ms] GC(4291)   Pre Evacuate Collection Set: 0.0ms
[2023-12-20T09:14:03.634-0800][56994079ms] GC(4291)   Evacuate Collection Set: 27.4ms
[2023-12-20T09:14:03.634-0800][56994079ms] GC(4291)   Post Evacuate Collection Set: 2.6ms
[2023-12-20T09:14:03.634-0800][56994079ms] GC(4291)   Other: 0.4ms
[2023-12-20T09:14:03.634-0800][56994079ms] GC(4291) Eden regions: 754->0(753)
[2023-12-20T09:14:03.634-0800][56994079ms] GC(4291) Survivor regions: 29->30(98)
[2023-12-20T09:14:03.634-0800][56994079ms] GC(4291) Old regions: 197->197
[2023-12-20T09:14:03.634-0800][56994079ms] GC(4291) Humongous regions: 5->5
[2023-12-20T09:14:03.634-0800][56994079ms] GC(4291) Metaspace: 256610K->256610K(1294336K)
[2023-12-20T09:14:03.634-0800][56994079ms] GC(4291) Pause Young (Normal) (G1 Evacuation Pause) 1968M->462M(2612M) 30.499ms
[2023-12-20T09:14:03.634-0800][56994079ms] GC(4291) User=0.13s Sys=0.00s Real=0.03s
[2023-12-20T09:14:04.512-0800][56994957ms] GC(4292) Pause Young (Normal) (G1 Evacuation Pause)
[2023-12-20T09:14:04.512-0800][56994957ms] GC(4292) Using 10 workers of 10 for evacuation
[2023-12-20T09:14:04.546-0800][56994991ms] GC(4292)   Pre Evacuate Collection Set: 0.0ms
[2023-12-20T09:14:04.546-0800][56994991ms] GC(4292)   Evacuate Collection Set: 31.4ms
[2023-12-20T09:14:04.546-0800][56994991ms] GC(4292)   Post Evacuate Collection Set: 2.5ms
[2023-12-20T09:14:04.546-0800][56994991ms] GC(4292)   Other: 1.2ms
[2023-12-20T09:14:04.546-0800][56994991ms] GC(4292) Eden regions: 753->0(754)
[2023-12-20T09:14:04.546-0800][56994991ms] GC(4292) Survivor regions: 30->29(98)
[2023-12-20T09:14:04.546-0800][56994991ms] GC(4292) Old regions: 197->197
[2023-12-20T09:14:04.546-0800][56994991ms] GC(4292) Humongous regions: 5->5
[2023-12-20T09:14:04.546-0800][56994991ms] GC(4292) Metaspace: 256610K->256610K(1294336K)
[2023-12-20T09:14:04.546-0800][56994991ms] GC(4292) Pause Young (Normal) (G1 Evacuation Pause) 1968M->460M(2612M) 35.274ms
[2023-12-20T09:14:04.546-0800][56994991ms] GC(4292) User=0.03s Sys=0.00s Real=0.03s
[2023-12-20T09:14:05.446-0800][56995891ms] GC(4293) Pause Young (Normal) (G1 Evacuation Pause)
[2023-12-20T09:14:05.446-0800][56995891ms] GC(4293) Using 10 workers of 10 for evacuation
[2023-12-20T09:14:05.478-0800][56995923ms] GC(4293)   Pre Evacuate Collection Set: 0.1ms
[2023-12-20T09:14:05.478-0800][56995923ms] GC(4293)   Evacuate Collection Set: 28.8ms
[2023-12-20T09:14:05.478-0800][56995923ms] GC(4293)   Post Evacuate Collection Set: 2.4ms
[2023-12-20T09:14:05.478-0800][56995923ms] GC(4293)   Other: 0.4ms
[2023-12-20T09:14:05.478-0800][56995923ms] GC(4293) Eden regions: 754->0(754)
[2023-12-20T09:14:05.478-0800][56995923ms] GC(4293) Survivor regions: 29->29(98)
[2023-12-20T09:14:05.478-0800][56995923ms] GC(4293) Old regions: 197->197
[2023-12-20T09:14:05.478-0800][56995923ms] GC(4293) Humongous regions: 5->5
[2023-12-20T09:14:05.478-0800][56995923ms] GC(4293) Metaspace: 256610K->256610K(1294336K)
[2023-12-20T09:14:05.478-0800][56995923ms] GC(4293) Pause Young (Normal) (G1 Evacuation Pause) 1968M->459M(2612M) 31.704ms
[2023-12-20T09:14:05.478-0800][56995923ms] GC(4293) User=0.09s Sys=0.00s Real=0.03s
[2023-12-20T09:14:06.349-0800][56996794ms] GC(4294) Pause Young (Normal) (G1 Evacuation Pause)
[2023-12-20T09:14:06.349-0800][56996794ms] GC(4294) Using 10 workers of 10 for evacuation
[2023-12-20T09:14:06.380-0800][56996825ms] GC(4294)   Pre Evacuate Collection Set: 0.0ms
[2023-12-20T09:14:06.380-0800][56996825ms] GC(4294)   Evacuate Collection Set: 27.2ms
[2023-12-20T09:14:06.380-0800][56996825ms] GC(4294)   Post Evacuate Collection Set: 2.5ms
[2023-12-20T09:14:06.380-0800][56996825ms] GC(4294)   Other: 0.4ms
[2023-12-20T09:14:06.380-0800][56996825ms] GC(4294) Eden regions: 754->0(753)
[2023-12-20T09:14:06.380-0800][56996825ms] GC(4294) Survivor regions: 29->30(98)
[2023-12-20T09:14:06.380-0800][56996825ms] GC(4294) Old regions: 197->197
[2023-12-20T09:14:06.380-0800][56996825ms] GC(4294) Humongous regions: 5->5
[2023-12-20T09:14:06.380-0800][56996825ms] GC(4294) Metaspace: 256610K->256610K(1294336K)
[2023-12-20T09:14:06.380-0800][56996825ms] GC(4294) Pause Young (Normal) (G1 Evacuation Pause) 1967M->461M(2612M) 30.196ms
[2023-12-20T09:14:06.380-0800][56996825ms] GC(4294) User=0.05s Sys=0.00s Real=0.03s
[2023-12-20T09:14:07.334-0800][56997779ms] GC(4295) Pause Young (Normal) (G1 Evacuation Pause)
[2023-12-20T09:14:07.334-0800][56997779ms] GC(4295) Using 10 workers of 10 for evacuation
[2023-12-20T09:14:07.364-0800][56997809ms] GC(4295)   Pre Evacuate Collection Set: 0.0ms
[2023-12-20T09:14:07.364-0800][56997809ms] GC(4295)   Evacuate Collection Set: 26.8ms
[2023-12-20T09:14:07.364-0800][56997809ms] GC(4295)   Post Evacuate Collection Set: 2.4ms
[2023-12-20T09:14:07.364-0800][56997809ms] GC(4295)   Other: 0.4ms
[2023-12-20T09:14:07.364-0800][56997809ms] GC(4295) Eden regions: 753->0(753)
[2023-12-20T09:14:07.364-0800][56997809ms] GC(4295) Survivor regions: 30->30(98)
[2023-12-20T09:14:07.364-0800][56997809ms] GC(4295) Old regions: 197->197
[2023-12-20T09:14:07.364-0800][56997809ms] GC(4295) Humongous regions: 5->5
[2023-12-20T09:14:07.364-0800][56997809ms] GC(4295) Metaspace: 256610K->256610K(1294336K)
[2023-12-20T09:14:07.364-0800][56997809ms] GC(4295) Pause Young (Normal) (G1 Evacuation Pause) 1967M->462M(2612M) 29.824ms
[2023-12-20T09:14:07.364-0800][56997809ms] GC(4295) User=0.17s Sys=0.00s Real=0.03s
[2023-12-20T09:14:08.219-0800][56998664ms] GC(4296) Pause Young (Normal) (G1 Evacuation Pause)
[2023-12-20T09:14:08.219-0800][56998664ms] GC(4296) Using 10 workers of 10 for evacuation
[2023-12-20T09:14:08.250-0800][56998695ms] GC(4296)   Pre Evacuate Collection Set: 0.1ms
[2023-12-20T09:14:08.250-0800][56998695ms] GC(4296)   Evacuate Collection Set: 28.3ms
[2023-12-20T09:14:08.250-0800][56998695ms] GC(4296)   Post Evacuate Collection Set: 3.2ms
[2023-12-20T09:14:08.250-0800][56998695ms] GC(4296)   Other: 0.4ms
[2023-12-20T09:14:08.250-0800][56998695ms] GC(4296) Eden regions: 753->0(754)
[2023-12-20T09:14:08.250-0800][56998695ms] GC(4296) Survivor regions: 30->29(98)
[2023-12-20T09:14:08.250-0800][56998695ms] GC(4296) Old regions: 197->197
[2023-12-20T09:14:08.250-0800][56998695ms] GC(4296) Humongous regions: 5->5
[2023-12-20T09:14:08.250-0800][56998695ms] GC(4296) Metaspace: 256610K->256610K(1294336K)
[2023-12-20T09:14:08.250-0800][56998695ms] GC(4296) Pause Young (Normal) (G1 Evacuation Pause) 1968M->460M(2612M) 32.132ms
[2023-12-20T09:14:08.250-0800][56998695ms] GC(4296) User=0.13s Sys=0.00s Real=0.03s
[2023-12-20T09:14:09.167-0800][56999612ms] GC(4297) Pause Young (Normal) (G1 Evacuation Pause)
[2023-12-20T09:14:09.167-0800][56999612ms] GC(4297) Using 10 workers of 10 for evacuation
[2023-12-20T09:14:09.203-0800][56999648ms] GC(4297)   Pre Evacuate Collection Set: 0.0ms
[2023-12-20T09:14:09.203-0800][56999648ms] GC(4297)   Evacuate Collection Set: 29.5ms
[2023-12-20T09:14:09.203-0800][56999648ms] GC(4297)   Post Evacuate Collection Set: 6.6ms
[2023-12-20T09:14:09.203-0800][56999648ms] GC(4297)   Other: 0.4ms
[2023-12-20T09:14:09.203-0800][56999648ms] GC(4297) Eden regions: 754->0(754)
[2023-12-20T09:14:09.203-0800][56999648ms] GC(4297) Survivor regions: 29->29(98)
[2023-12-20T09:14:09.203-0800][56999648ms] GC(4297) Old regions: 197->197
[2023-12-20T09:14:09.203-0800][56999648ms] GC(4297) Humongous regions: 5->5
[2023-12-20T09:14:09.203-0800][56999648ms] GC(4297) Metaspace: 256610K->256610K(1294336K)
[2023-12-20T09:14:09.203-0800][56999648ms] GC(4297) Pause Young (Normal) (G1 Evacuation Pause) 1968M->460M(2612M) 36.833ms
[2023-12-20T09:14:09.203-0800][56999648ms] GC(4297) User=0.05s Sys=0.00s Real=0.04s
[2023-12-20T09:14:10.100-0800][57000545ms] GC(4298) Pause Young (Normal) (G1 Evacuation Pause)
[2023-12-20T09:14:10.100-0800][57000545ms] GC(4298) Using 10 workers of 10 for evacuation
[2023-12-20T09:14:10.130-0800][57000575ms] GC(4298)   Pre Evacuate Collection Set: 0.0ms
[2023-12-20T09:14:10.130-0800][57000575ms] GC(4298)   Evacuate Collection Set: 27.5ms
[2023-12-20T09:14:10.130-0800][57000575ms] GC(4298)   Post Evacuate Collection Set: 2.5ms
[2023-12-20T09:14:10.130-0800][57000575ms] GC(4298)   Other: 0.4ms
[2023-12-20T09:14:10.130-0800][57000575ms] GC(4298) Eden regions: 754->0(754)
[2023-12-20T09:14:10.130-0800][57000575ms] GC(4298) Survivor regions: 29->29(98)
[2023-12-20T09:14:10.130-0800][57000575ms] GC(4298) Old regions: 197->197
[2023-12-20T09:14:10.130-0800][57000575ms] GC(4298) Humongous regions: 5->5
[2023-12-20T09:14:10.130-0800][57000575ms] GC(4298) Metaspace: 256610K->256610K(1294336K)
[2023-12-20T09:14:10.130-0800][57000575ms] GC(4298) Pause Young (Normal) (G1 Evacuation Pause) 1968M->460M(2612M) 30.524ms
[2023-12-20T09:14:10.130-0800][57000575ms] GC(4298) User=0.06s Sys=0.00s Real=0.03s
[2023-12-20T09:14:11.003-0800][57001448ms] GC(4299) Pause Young (Normal) (G1 Evacuation Pause)
[2023-12-20T09:14:11.003-0800][57001448ms] GC(4299) Using 10 workers of 10 for evacuation
[2023-12-20T09:14:11.033-0800][57001478ms] GC(4299)   Pre Evacuate Collection Set: 0.0ms
[2023-12-20T09:14:11.033-0800][57001478ms] GC(4299)   Evacuate Collection Set: 26.2ms
[2023-12-20T09:14:11.033-0800][57001478ms] GC(4299)   Post Evacuate Collection Set: 2.7ms
[2023-12-20T09:14:11.033-0800][57001478ms] GC(4299)   Other: 0.4ms
[2023-12-20T09:14:11.033-0800][57001478ms] GC(4299) Eden regions: 754->0(753)
[2023-12-20T09:14:11.033-0800][57001478ms] GC(4299) Survivor regions: 29->30(98)
[2023-12-20T09:14:11.033-0800][57001478ms] GC(4299) Old regions: 197->197
[2023-12-20T09:14:11.033-0800][57001478ms] GC(4299) Humongous regions: 5->5
[2023-12-20T09:14:11.033-0800][57001478ms] GC(4299) Metaspace: 256610K->256610K(1294336K)
[2023-12-20T09:14:11.033-0800][57001478ms] GC(4299) Pause Young (Normal) (G1 Evacuation Pause) 1968M->461M(2612M) 29.576ms
[2023-12-20T09:14:11.033-0800][57001478ms] GC(4299) User=0.09s Sys=0.00s Real=0.03s
[2023-12-20T09:14:11.952-0800][57002397ms] GC(4300) Pause Young (Normal) (G1 Evacuation Pause)
[2023-12-20T09:14:11.952-0800][57002397ms] GC(4300) Using 10 workers of 10 for evacuation
[2023-12-20T09:14:11.982-0800][57002427ms] GC(4300)   Pre Evacuate Collection Set: 0.0ms
[2023-12-20T09:14:11.982-0800][57002427ms] GC(4300)   Evacuate Collection Set: 26.6ms
[2023-12-20T09:14:11.982-0800][57002427ms] GC(4300)   Post Evacuate Collection Set: 2.4ms
[2023-12-20T09:14:11.982-0800][57002427ms] GC(4300)   Other: 0.4ms
[2023-12-20T09:14:11.982-0800][57002427ms] GC(4300) Eden regions: 753->0(753)
[2023-12-20T09:14:11.982-0800][57002427ms] GC(4300) Survivor regions: 30->30(98)
[2023-12-20T09:14:11.982-0800][57002427ms] GC(4300) Old regions: 197->197
[2023-12-20T09:14:11.982-0800][57002427ms] GC(4300) Humongous regions: 5->5
[2023-12-20T09:14:11.982-0800][57002427ms] GC(4300) Metaspace: 256610K->256610K(1294336K)
[2023-12-20T09:14:11.982-0800][57002427ms] GC(4300) Pause Young (Normal) (G1 Evacuation Pause) 1967M->461M(2612M) 29.504ms
[2023-12-20T09:14:11.982-0800][57002427ms] GC(4300) User=0.11s Sys=0.00s Real=0.03s
[2023-12-20T09:14:12.859-0800][57003304ms] GC(4301) Pause Young (Normal) (G1 Evacuation Pause)
[2023-12-20T09:14:12.859-0800][57003304ms] GC(4301) Using 10 workers of 10 for evacuation
[2023-12-20T09:14:12.889-0800][57003334ms] GC(4301)   Pre Evacuate Collection Set: 0.0ms
[2023-12-20T09:14:12.889-0800][57003334ms] GC(4301)   Evacuate Collection Set: 26.3ms
[2023-12-20T09:14:12.889-0800][57003334ms] GC(4301)   Post Evacuate Collection Set: 2.5ms
[2023-12-20T09:14:12.889-0800][57003334ms] GC(4301)   Other: 0.5ms
[2023-12-20T09:14:12.889-0800][57003334ms] GC(4301) Eden regions: 753->0(753)
[2023-12-20T09:14:12.889-0800][57003334ms] GC(4301) Survivor regions: 30->30(98)
[2023-12-20T09:14:12.889-0800][57003334ms] GC(4301) Old regions: 197->197
[2023-12-20T09:14:12.889-0800][57003334ms] GC(4301) Humongous regions: 5->5
[2023-12-20T09:14:12.889-0800][57003334ms] GC(4301) Metaspace: 256610K->256610K(1294336K)
[2023-12-20T09:14:12.889-0800][57003334ms] GC(4301) Pause Young (Normal) (G1 Evacuation Pause) 1967M->461M(2612M) 29.452ms
[2023-12-20T09:14:12.889-0800][57003334ms] GC(4301) User=0.09s Sys=0.00s Real=0.03s
[2023-12-20T09:14:13.735-0800][57004180ms] GC(4302) Pause Young (Normal) (G1 Evacuation Pause)
[2023-12-20T09:14:13.735-0800][57004180ms] GC(4302) Using 10 workers of 10 for evacuation
[2023-12-20T09:14:13.765-0800][57004210ms] GC(4302)   Pre Evacuate Collection Set: 0.1ms
[2023-12-20T09:14:13.765-0800][57004210ms] GC(4302)   Evacuate Collection Set: 26.5ms
[2023-12-20T09:14:13.765-0800][57004210ms] GC(4302)   Post Evacuate Collection Set: 2.5ms
[2023-12-20T09:14:13.765-0800][57004210ms] GC(4302)   Other: 0.4ms
[2023-12-20T09:14:13.765-0800][57004210ms] GC(4302) Eden regions: 753->0(753)
[2023-12-20T09:14:13.765-0800][57004210ms] GC(4302) Survivor regions: 30->30(98)
[2023-12-20T09:14:13.765-0800][57004210ms] GC(4302) Old regions: 197->197
[2023-12-20T09:14:13.765-0800][57004210ms] GC(4302) Humongous regions: 5->5
[2023-12-20T09:14:13.765-0800][57004210ms] GC(4302) Metaspace: 256610K->256610K(1294336K)
[2023-12-20T09:14:13.765-0800][57004210ms] GC(4302) Pause Young (Normal) (G1 Evacuation Pause) 1967M->461M(2612M) 29.649ms
[2023-12-20T09:14:13.765-0800][57004210ms] GC(4302) User=0.08s Sys=0.00s Real=0.03s
[2023-12-20T09:14:14.642-0800][57005087ms] GC(4303) Pause Young (Normal) (G1 Evacuation Pause)
[2023-12-20T09:14:14.642-0800][57005087ms] GC(4303) Using 10 workers of 10 for evacuation
[2023-12-20T09:14:14.673-0800][57005118ms] GC(4303)   Pre Evacuate Collection Set: 0.0ms
[2023-12-20T09:14:14.673-0800][57005118ms] GC(4303)   Evacuate Collection Set: 26.7ms
[2023-12-20T09:14:14.673-0800][57005118ms] GC(4303)   Post Evacuate Collection Set: 3.4ms
[2023-12-20T09:14:14.673-0800][57005118ms] GC(4303)   Other: 0.4ms
[2023-12-20T09:14:14.673-0800][57005118ms] GC(4303) Eden regions: 753->0(753)
[2023-12-20T09:14:14.673-0800][57005118ms] GC(4303) Survivor regions: 30->30(98)
[2023-12-20T09:14:14.673-0800][57005118ms] GC(4303) Old regions: 197->197
[2023-12-20T09:14:14.673-0800][57005118ms] GC(4303) Humongous regions: 5->5
[2023-12-20T09:14:14.673-0800][57005118ms] GC(4303) Metaspace: 256610K->256610K(1294336K)
[2023-12-20T09:14:14.673-0800][57005118ms] GC(4303) Pause Young (Normal) (G1 Evacuation Pause) 1967M->462M(2612M) 30.778ms
[2023-12-20T09:14:14.673-0800][57005118ms] GC(4303) User=0.11s Sys=0.00s Real=0.03s
[2023-12-20T09:14:15.549-0800][57005994ms] GC(4304) Pause Young (Normal) (G1 Evacuation Pause)
[2023-12-20T09:14:15.549-0800][57005994ms] GC(4304) Using 10 workers of 10 for evacuation
[2023-12-20T09:14:15.580-0800][57006025ms] GC(4304)   Pre Evacuate Collection Set: 0.0ms
[2023-12-20T09:14:15.580-0800][57006025ms] GC(4304)   Evacuate Collection Set: 27.3ms
[2023-12-20T09:14:15.580-0800][57006025ms] GC(4304)   Post Evacuate Collection Set: 2.5ms
[2023-12-20T09:14:15.580-0800][57006025ms] GC(4304)   Other: 0.4ms
[2023-12-20T09:14:15.580-0800][57006025ms] GC(4304) Eden regions: 753->0(754)
[2023-12-20T09:14:15.580-0800][57006025ms] GC(4304) Survivor regions: 30->29(98)
[2023-12-20T09:14:15.580-0800][57006025ms] GC(4304) Old regions: 197->197
[2023-12-20T09:14:15.580-0800][57006025ms] GC(4304) Humongous regions: 5->5
[2023-12-20T09:14:15.580-0800][57006025ms] GC(4304) Metaspace: 256610K->256610K(1294336K)
[2023-12-20T09:14:15.580-0800][57006025ms] GC(4304) Pause Young (Normal) (G1 Evacuation Pause) 1968M->460M(2612M) 30.276ms
[2023-12-20T09:14:15.580-0800][57006025ms] GC(4304) User=0.11s Sys=0.00s Real=0.03s
[2023-12-20T09:14:16.434-0800][57006879ms] GC(4305) Pause Young (Normal) (G1 Evacuation Pause)
[2023-12-20T09:14:16.434-0800][57006879ms] GC(4305) Using 10 workers of 10 for evacuation
[2023-12-20T09:14:16.465-0800][57006910ms] GC(4305)   Pre Evacuate Collection Set: 0.0ms
[2023-12-20T09:14:16.465-0800][57006910ms] GC(4305)   Evacuate Collection Set: 27.8ms
[2023-12-20T09:14:16.465-0800][57006910ms] GC(4305)   Post Evacuate Collection Set: 2.4ms
[2023-12-20T09:14:16.465-0800][57006910ms] GC(4305)   Other: 0.4ms
[2023-12-20T09:14:16.465-0800][57006910ms] GC(4305) Eden regions: 754->0(753)
[2023-12-20T09:14:16.465-0800][57006910ms] GC(4305) Survivor regions: 29->30(98)
[2023-12-20T09:14:16.465-0800][57006910ms] GC(4305) Old regions: 197->197
[2023-12-20T09:14:16.465-0800][57006910ms] GC(4305) Humongous regions: 5->5
[2023-12-20T09:14:16.465-0800][57006910ms] GC(4305) Metaspace: 256610K->256610K(1294336K)
[2023-12-20T09:14:16.465-0800][57006910ms] GC(4305) Pause Young (Normal) (G1 Evacuation Pause) 1968M->462M(2612M) 30.791ms
[2023-12-20T09:14:16.465-0800][57006910ms] GC(4305) User=0.13s Sys=0.00s Real=0.03s
[2023-12-20T09:14:17.456-0800][57007901ms] GC(4306) Pause Young (Normal) (GCLocker Initiated GC)
[2023-12-20T09:14:17.456-0800][57007901ms] GC(4306) Using 10 workers of 10 for evacuation
[2023-12-20T09:14:17.485-0800][57007930ms] GC(4306)   Pre Evacuate Collection Set: 0.1ms
[2023-12-20T09:14:17.485-0800][57007930ms] GC(4306)   Evacuate Collection Set: 26.4ms
[2023-12-20T09:14:17.486-0800][57007931ms] GC(4306)   Post Evacuate Collection Set: 2.4ms
[2023-12-20T09:14:17.486-0800][57007931ms] GC(4306)   Other: 0.4ms
[2023-12-20T09:14:17.486-0800][57007931ms] GC(4306) Eden regions: 754->0(753)
[2023-12-20T09:14:17.486-0800][57007931ms] GC(4306) Survivor regions: 30->30(98)
[2023-12-20T09:14:17.486-0800][57007931ms] GC(4306) Old regions: 197->197
[2023-12-20T09:14:17.486-0800][57007931ms] GC(4306) Humongous regions: 5->5
[2023-12-20T09:14:17.486-0800][57007931ms] GC(4306) Metaspace: 256610K->256610K(1294336K)
[2023-12-20T09:14:17.486-0800][57007931ms] GC(4306) Pause Young (Normal) (GCLocker Initiated GC) 1969M->461M(2612M) 29.364ms
[2023-12-20T09:14:17.486-0800][57007931ms] GC(4306) User=0.11s Sys=0.00s Real=0.03s
[2023-12-20T09:14:18.419-0800][57008864ms] GC(4307) Pause Young (Normal) (GCLocker Initiated GC)
[2023-12-20T09:14:18.419-0800][57008864ms] GC(4307) Using 10 workers of 10 for evacuation
[2023-12-20T09:14:18.450-0800][57008895ms] GC(4307)   Pre Evacuate Collection Set: 0.1ms
[2023-12-20T09:14:18.450-0800][57008895ms] GC(4307)   Evacuate Collection Set: 27.9ms
[2023-12-20T09:14:18.450-0800][57008895ms] GC(4307)   Post Evacuate Collection Set: 2.4ms
[2023-12-20T09:14:18.450-0800][57008895ms] GC(4307)   Other: 0.4ms
[2023-12-20T09:14:18.450-0800][57008895ms] GC(4307) Eden regions: 754->0(753)
[2023-12-20T09:14:18.450-0800][57008895ms] GC(4307) Survivor regions: 30->30(98)
[2023-12-20T09:14:18.450-0800][57008895ms] GC(4307) Old regions: 197->197
[2023-12-20T09:14:18.450-0800][57008895ms] GC(4307) Humongous regions: 5->5
[2023-12-20T09:14:18.450-0800][57008895ms] GC(4307) Metaspace: 256610K->256610K(1294336K)
[2023-12-20T09:14:18.450-0800][57008895ms] GC(4307) Pause Young (Normal) (GCLocker Initiated GC) 1968M->461M(2612M) 30.959ms
[2023-12-20T09:14:18.450-0800][57008895ms] GC(4307) User=0.09s Sys=0.00s Real=0.03s
[2023-12-20T09:14:19.423-0800][57009868ms] GC(4308) Pause Young (Normal) (G1 Evacuation Pause)
[2023-12-20T09:14:19.423-0800][57009868ms] GC(4308) Using 10 workers of 10 for evacuation
[2023-12-20T09:14:19.454-0800][57009899ms] GC(4308)   Pre Evacuate Collection Set: 0.1ms
[2023-12-20T09:14:19.454-0800][57009899ms] GC(4308)   Evacuate Collection Set: 27.7ms
[2023-12-20T09:14:19.454-0800][57009899ms] GC(4308)   Post Evacuate Collection Set: 3.4ms
[2023-12-20T09:14:19.454-0800][57009899ms] GC(4308)   Other: 0.5ms
[2023-12-20T09:14:19.454-0800][57009899ms] GC(4308) Eden regions: 753->0(753)
[2023-12-20T09:14:19.454-0800][57009899ms] GC(4308) Survivor regions: 30->30(98)
[2023-12-20T09:14:19.454-0800][57009899ms] GC(4308) Old regions: 197->197
[2023-12-20T09:14:19.454-0800][57009899ms] GC(4308) Humongous regions: 5->5
[2023-12-20T09:14:19.454-0800][57009899ms] GC(4308) Metaspace: 256610K->256610K(1294336K)
[2023-12-20T09:14:19.454-0800][57009899ms] GC(4308) Pause Young (Normal) (G1 Evacuation Pause) 1967M->461M(2612M) 31.788ms
[2023-12-20T09:14:19.454-0800][57009899ms] GC(4308) User=0.11s Sys=0.00s Real=0.03s
[2023-12-20T09:14:20.324-0800][57010769ms] GC(4309) Pause Young (Normal) (G1 Evacuation Pause)
[2023-12-20T09:14:20.324-0800][57010769ms] GC(4309) Using 10 workers of 10 for evacuation
[2023-12-20T09:14:20.355-0800][57010800ms] GC(4309)   Pre Evacuate Collection Set: 0.1ms
[2023-12-20T09:14:20.355-0800][57010800ms] GC(4309)   Evacuate Collection Set: 27.7ms
[2023-12-20T09:14:20.355-0800][57010800ms] GC(4309)   Post Evacuate Collection Set: 2.8ms
[2023-12-20T09:14:20.355-0800][57010800ms] GC(4309)   Other: 0.5ms
[2023-12-20T09:14:20.355-0800][57010800ms] GC(4309) Eden regions: 753->0(754)
[2023-12-20T09:14:20.355-0800][57010800ms] GC(4309) Survivor regions: 30->29(98)
[2023-12-20T09:14:20.355-0800][57010800ms] GC(4309) Old regions: 197->197
[2023-12-20T09:14:20.355-0800][57010800ms] GC(4309) Humongous regions: 5->5
[2023-12-20T09:14:20.355-0800][57010800ms] GC(4309) Metaspace: 256610K->256610K(1294336K)
[2023-12-20T09:14:20.355-0800][57010800ms] GC(4309) Pause Young (Normal) (G1 Evacuation Pause) 1967M->460M(2612M) 31.181ms
[2023-12-20T09:14:20.355-0800][57010800ms] GC(4309) User=0.14s Sys=0.00s Real=0.03s
[2023-12-20T09:14:21.218-0800][57011663ms] GC(4310) Pause Young (Normal) (G1 Evacuation Pause)
[2023-12-20T09:14:21.218-0800][57011663ms] GC(4310) Using 10 workers of 10 for evacuation
[2023-12-20T09:14:21.246-0800][57011691ms] GC(4310)   Pre Evacuate Collection Set: 0.0ms
[2023-12-20T09:14:21.246-0800][57011691ms] GC(4310)   Evacuate Collection Set: 26.4ms
[2023-12-20T09:14:21.246-0800][57011691ms] GC(4310)   Post Evacuate Collection Set: 2.6ms
[2023-12-20T09:14:21.246-0800][57011691ms] GC(4310)   Other: 0.4ms
[2023-12-20T09:14:21.246-0800][57011691ms] GC(4310) Eden regions: 754->0(753)
[2023-12-20T09:14:21.246-0800][57011691ms] GC(4310) Survivor regions: 29->30(98)
[2023-12-20T09:14:21.246-0800][57011691ms] GC(4310) Old regions: 197->197
[2023-12-20T09:14:21.246-0800][57011691ms] GC(4310) Humongous regions: 5->5
[2023-12-20T09:14:21.246-0800][57011691ms] GC(4310) Metaspace: 256610K->256610K(1294336K)
[2023-12-20T09:14:21.246-0800][57011691ms] GC(4310) Pause Young (Normal) (G1 Evacuation Pause) 1968M->462M(2612M) 29.569ms
[2023-12-20T09:14:21.246-0800][57011691ms] GC(4310) User=0.14s Sys=0.00s Real=0.03s
[2023-12-20T09:14:22.151-0800][57012596ms] GC(4311) Pause Young (Normal) (G1 Evacuation Pause)
[2023-12-20T09:14:22.151-0800][57012596ms] GC(4311) Using 10 workers of 10 for evacuation
[2023-12-20T09:14:22.181-0800][57012626ms] GC(4311)   Pre Evacuate Collection Set: 0.0ms
[2023-12-20T09:14:22.181-0800][57012626ms] GC(4311)   Evacuate Collection Set: 27.3ms
[2023-12-20T09:14:22.181-0800][57012626ms] GC(4311)   Post Evacuate Collection Set: 2.5ms
[2023-12-20T09:14:22.181-0800][57012626ms] GC(4311)   Other: 0.4ms
[2023-12-20T09:14:22.181-0800][57012626ms] GC(4311) Eden regions: 753->0(753)
[2023-12-20T09:14:22.181-0800][57012626ms] GC(4311) Survivor regions: 30->30(98)
[2023-12-20T09:14:22.181-0800][57012626ms] GC(4311) Old regions: 197->197
[2023-12-20T09:14:22.181-0800][57012626ms] GC(4311) Humongous regions: 5->5
[2023-12-20T09:14:22.181-0800][57012626ms] GC(4311) Metaspace: 256610K->256610K(1294336K)
[2023-12-20T09:14:22.181-0800][57012626ms] GC(4311) Pause Young (Normal) (G1 Evacuation Pause) 1968M->461M(2612M) 30.343ms
[2023-12-20T09:14:22.181-0800][57012626ms] GC(4311) User=0.09s Sys=0.00s Real=0.03s
[2023-12-20T09:14:23.017-0800][57013462ms] GC(4312) Pause Young (Normal) (G1 Evacuation Pause)
[2023-12-20T09:14:23.017-0800][57013462ms] GC(4312) Using 10 workers of 10 for evacuation
[2023-12-20T09:14:23.047-0800][57013492ms] GC(4312)   Pre Evacuate Collection Set: 0.0ms
[2023-12-20T09:14:23.047-0800][57013492ms] GC(4312)   Evacuate Collection Set: 27.0ms
[2023-12-20T09:14:23.047-0800][57013492ms] GC(4312)   Post Evacuate Collection Set: 2.4ms
[2023-12-20T09:14:23.047-0800][57013492ms] GC(4312)   Other: 0.4ms
[2023-12-20T09:14:23.047-0800][57013492ms] GC(4312) Eden regions: 753->0(752)
[2023-12-20T09:14:23.047-0800][57013492ms] GC(4312) Survivor regions: 30->31(98)
[2023-12-20T09:14:23.047-0800][57013492ms] GC(4312) Old regions: 197->197
[2023-12-20T09:14:23.047-0800][57013492ms] GC(4312) Humongous regions: 5->5
[2023-12-20T09:14:23.047-0800][57013492ms] GC(4312) Metaspace: 256610K->256610K(1294336K)
[2023-12-20T09:14:23.047-0800][57013492ms] GC(4312) Pause Young (Normal) (G1 Evacuation Pause) 1967M->463M(2612M) 29.973ms
[2023-12-20T09:14:23.047-0800][57013492ms] GC(4312) User=0.03s Sys=0.00s Real=0.03s
[2023-12-20T09:14:23.984-0800][57014429ms] GC(4313) Pause Young (Normal) (G1 Evacuation Pause)
[2023-12-20T09:14:23.984-0800][57014429ms] GC(4313) Using 10 workers of 10 for evacuation
[2023-12-20T09:14:24.014-0800][57014459ms] GC(4313)   Pre Evacuate Collection Set: 0.0ms
[2023-12-20T09:14:24.014-0800][57014459ms] GC(4313)   Evacuate Collection Set: 27.4ms
[2023-12-20T09:14:24.014-0800][57014459ms] GC(4313)   Post Evacuate Collection Set: 2.4ms
[2023-12-20T09:14:24.014-0800][57014459ms] GC(4313)   Other: 0.4ms
[2023-12-20T09:14:24.014-0800][57014459ms] GC(4313) Eden regions: 752->0(752)
[2023-12-20T09:14:24.014-0800][57014459ms] GC(4313) Survivor regions: 31->31(98)
[2023-12-20T09:14:24.014-0800][57014459ms] GC(4313) Old regions: 197->197
[2023-12-20T09:14:24.014-0800][57014459ms] GC(4313) Humongous regions: 5->5
[2023-12-20T09:14:24.014-0800][57014459ms] GC(4313) Metaspace: 256610K->256610K(1294336K)
[2023-12-20T09:14:24.014-0800][57014459ms] GC(4313) Pause Young (Normal) (G1 Evacuation Pause) 1967M->463M(2612M) 30.345ms
[2023-12-20T09:14:24.014-0800][57014459ms] GC(4313) User=0.13s Sys=0.00s Real=0.03s
[2023-12-20T09:14:24.916-0800][57015361ms] GC(4314) Pause Young (Normal) (G1 Evacuation Pause)
[2023-12-20T09:14:24.916-0800][57015361ms] GC(4314) Using 10 workers of 10 for evacuation
[2023-12-20T09:14:24.945-0800][57015390ms] GC(4314)   Pre Evacuate Collection Set: 0.0ms
[2023-12-20T09:14:24.945-0800][57015390ms] GC(4314)   Evacuate Collection Set: 27.5ms
[2023-12-20T09:14:24.945-0800][57015390ms] GC(4314)   Post Evacuate Collection Set: 2.5ms
[2023-12-20T09:14:24.945-0800][57015390ms] GC(4314)   Other: 0.4ms
[2023-12-20T09:14:24.945-0800][57015390ms] GC(4314) Eden regions: 752->0(752)
[2023-12-20T09:14:24.945-0800][57015390ms] GC(4314) Survivor regions: 31->31(98)
[2023-12-20T09:14:24.945-0800][57015390ms] GC(4314) Old regions: 197->197
[2023-12-20T09:14:24.945-0800][57015390ms] GC(4314) Humongous regions: 5->5
[2023-12-20T09:14:24.945-0800][57015390ms] GC(4314) Metaspace: 256610K->256610K(1294336K)
[2023-12-20T09:14:24.945-0800][57015390ms] GC(4314) Pause Young (Normal) (G1 Evacuation Pause) 1967M->463M(2612M) 30.519ms
[2023-12-20T09:14:24.945-0800][57015390ms] GC(4314) User=0.14s Sys=0.00s Real=0.03s
[2023-12-20T09:14:25.893-0800][57016338ms] GC(4315) Pause Young (Normal) (G1 Evacuation Pause)
[2023-12-20T09:14:25.893-0800][57016338ms] GC(4315) Using 10 workers of 10 for evacuation
[2023-12-20T09:14:25.923-0800][57016368ms] GC(4315)   Pre Evacuate Collection Set: 0.0ms
[2023-12-20T09:14:25.923-0800][57016368ms] GC(4315)   Evacuate Collection Set: 27.1ms
[2023-12-20T09:14:25.923-0800][57016368ms] GC(4315)   Post Evacuate Collection Set: 2.6ms
[2023-12-20T09:14:25.923-0800][57016368ms] GC(4315)   Other: 0.3ms
[2023-12-20T09:14:25.923-0800][57016368ms] GC(4315) Eden regions: 752->0(752)
[2023-12-20T09:14:25.923-0800][57016368ms] GC(4315) Survivor regions: 31->31(98)
[2023-12-20T09:14:25.923-0800][57016368ms] GC(4315) Old regions: 197->197
[2023-12-20T09:14:25.923-0800][57016368ms] GC(4315) Humongous regions: 5->5
[2023-12-20T09:14:25.923-0800][57016368ms] GC(4315) Metaspace: 256610K->256610K(1294336K)
[2023-12-20T09:14:25.923-0800][57016368ms] GC(4315) Pause Young (Normal) (G1 Evacuation Pause) 1967M->463M(2612M) 30.156ms
[2023-12-20T09:14:25.923-0800][57016368ms] GC(4315) User=0.08s Sys=0.00s Real=0.03s
[2023-12-20T09:14:26.815-0800][57017260ms] GC(4316) Pause Young (Normal) (G1 Evacuation Pause)
[2023-12-20T09:14:26.815-0800][57017260ms] GC(4316) Using 10 workers of 10 for evacuation
[2023-12-20T09:14:26.845-0800][57017290ms] GC(4316)   Pre Evacuate Collection Set: 0.0ms
[2023-12-20T09:14:26.845-0800][57017290ms] GC(4316)   Evacuate Collection Set: 26.5ms
[2023-12-20T09:14:26.845-0800][57017290ms] GC(4316)   Post Evacuate Collection Set: 2.5ms
[2023-12-20T09:14:26.845-0800][57017290ms] GC(4316)   Other: 0.4ms
[2023-12-20T09:14:26.845-0800][57017290ms] GC(4316) Eden regions: 752->0(752)
[2023-12-20T09:14:26.845-0800][57017290ms] GC(4316) Survivor regions: 31->31(98)
[2023-12-20T09:14:26.845-0800][57017290ms] GC(4316) Old regions: 197->197
[2023-12-20T09:14:26.845-0800][57017290ms] GC(4316) Humongous regions: 5->5
[2023-12-20T09:14:26.845-0800][57017290ms] GC(4316) Metaspace: 256610K->256610K(1294336K)
[2023-12-20T09:14:26.845-0800][57017290ms] GC(4316) Pause Young (Normal) (G1 Evacuation Pause) 1967M->463M(2612M) 29.558ms
[2023-12-20T09:14:26.845-0800][57017290ms] GC(4316) User=0.09s Sys=0.00s Real=0.03s
[2023-12-20T09:14:27.528-0800][57017973ms] GC(4317) Pause Young (Normal) (G1 Evacuation Pause)
[2023-12-20T09:14:27.528-0800][57017973ms] GC(4317) Using 10 workers of 10 for evacuation
[2023-12-20T09:14:27.560-0800][57018005ms] GC(4317)   Pre Evacuate Collection Set: 0.0ms
[2023-12-20T09:14:27.560-0800][57018005ms] GC(4317)   Evacuate Collection Set: 28.3ms
[2023-12-20T09:14:27.560-0800][57018005ms] GC(4317)   Post Evacuate Collection Set: 3.1ms
[2023-12-20T09:14:27.560-0800][57018005ms] GC(4317)   Other: 0.4ms
[2023-12-20T09:14:27.560-0800][57018005ms] GC(4317) Eden regions: 752->0(753)
[2023-12-20T09:14:27.560-0800][57018005ms] GC(4317) Survivor regions: 31->30(98)
[2023-12-20T09:14:27.560-0800][57018005ms] GC(4317) Old regions: 197->197
[2023-12-20T09:14:27.560-0800][57018005ms] GC(4317) Humongous regions: 5->5
[2023-12-20T09:14:27.560-0800][57018005ms] GC(4317) Metaspace: 256610K->256610K(1294336K)
[2023-12-20T09:14:27.560-0800][57018005ms] GC(4317) Pause Young (Normal) (G1 Evacuation Pause) 1967M->462M(2612M) 31.982ms
[2023-12-20T09:14:27.560-0800][57018005ms] GC(4317) User=0.08s Sys=0.00s Real=0.03s
[2023-12-20T09:14:28.204-0800][57018649ms] GC(4318) Pause Young (Normal) (G1 Evacuation Pause)
[2023-12-20T09:14:28.204-0800][57018649ms] GC(4318) Using 10 workers of 10 for evacuation
[2023-12-20T09:14:28.234-0800][57018679ms] GC(4318)   Pre Evacuate Collection Set: 0.1ms
[2023-12-20T09:14:28.234-0800][57018679ms] GC(4318)   Evacuate Collection Set: 26.6ms
[2023-12-20T09:14:28.234-0800][57018679ms] GC(4318)   Post Evacuate Collection Set: 3.4ms
[2023-12-20T09:14:28.234-0800][57018679ms] GC(4318)   Other: 0.4ms
[2023-12-20T09:14:28.234-0800][57018679ms] GC(4318) Eden regions: 753->0(752)
[2023-12-20T09:14:28.234-0800][57018679ms] GC(4318) Survivor regions: 30->31(98)
[2023-12-20T09:14:28.234-0800][57018679ms] GC(4318) Old regions: 197->197
[2023-12-20T09:14:28.234-0800][57018679ms] GC(4318) Humongous regions: 5->5
[2023-12-20T09:14:28.234-0800][57018679ms] GC(4318) Metaspace: 256610K->256610K(1294336K)
[2023-12-20T09:14:28.234-0800][57018679ms] GC(4318) Pause Young (Normal) (G1 Evacuation Pause) 1968M->463M(2612M) 30.740ms
[2023-12-20T09:14:28.234-0800][57018679ms] GC(4318) User=0.09s Sys=0.02s Real=0.03s
[2023-12-20T09:14:28.879-0800][57019324ms] GC(4319) Pause Young (Normal) (G1 Evacuation Pause)
[2023-12-20T09:14:28.879-0800][57019324ms] GC(4319) Using 10 workers of 10 for evacuation
[2023-12-20T09:14:28.910-0800][57019355ms] GC(4319)   Pre Evacuate Collection Set: 0.0ms
[2023-12-20T09:14:28.910-0800][57019355ms] GC(4319)   Evacuate Collection Set: 27.2ms
[2023-12-20T09:14:28.910-0800][57019355ms] GC(4319)   Post Evacuate Collection Set: 3.1ms
[2023-12-20T09:14:28.910-0800][57019355ms] GC(4319)   Other: 0.4ms
[2023-12-20T09:14:28.910-0800][57019355ms] GC(4319) Eden regions: 752->0(754)
[2023-12-20T09:14:28.910-0800][57019355ms] GC(4319) Survivor regions: 31->29(98)
[2023-12-20T09:14:28.910-0800][57019355ms] GC(4319) Old regions: 197->197
[2023-12-20T09:14:28.910-0800][57019355ms] GC(4319) Humongous regions: 5->5
[2023-12-20T09:14:28.910-0800][57019355ms] GC(4319) Metaspace: 256610K->256610K(1294336K)
[2023-12-20T09:14:28.910-0800][57019355ms] GC(4319) Pause Young (Normal) (G1 Evacuation Pause) 1967M->460M(2612M) 30.860ms
[2023-12-20T09:14:28.910-0800][57019355ms] GC(4319) User=0.03s Sys=0.00s Real=0.03s
[2023-12-20T09:14:29.657-0800][57020102ms] GC(4320) Pause Young (Normal) (G1 Evacuation Pause)
[2023-12-20T09:14:29.657-0800][57020102ms] GC(4320) Using 10 workers of 10 for evacuation
[2023-12-20T09:14:29.686-0800][57020131ms] GC(4320)   Pre Evacuate Collection Set: 0.0ms
[2023-12-20T09:14:29.686-0800][57020131ms] GC(4320)   Evacuate Collection Set: 26.7ms
[2023-12-20T09:14:29.686-0800][57020131ms] GC(4320)   Post Evacuate Collection Set: 2.6ms
[2023-12-20T09:14:29.686-0800][57020131ms] GC(4320)   Other: 0.4ms
[2023-12-20T09:14:29.686-0800][57020131ms] GC(4320) Eden regions: 754->0(753)
[2023-12-20T09:14:29.686-0800][57020131ms] GC(4320) Survivor regions: 29->30(98)
[2023-12-20T09:14:29.686-0800][57020131ms] GC(4320) Old regions: 197->197
[2023-12-20T09:14:29.686-0800][57020131ms] GC(4320) Humongous regions: 5->5
[2023-12-20T09:14:29.686-0800][57020131ms] GC(4320) Metaspace: 256610K->256610K(1294336K)
[2023-12-20T09:14:29.686-0800][57020131ms] GC(4320) Pause Young (Normal) (G1 Evacuation Pause) 1968M->462M(2612M) 29.872ms
[2023-12-20T09:14:29.686-0800][57020131ms] GC(4320) User=0.06s Sys=0.00s Real=0.03s
[2023-12-20T09:14:30.459-0800][57020904ms] GC(4321) Pause Young (Normal) (G1 Evacuation Pause)
[2023-12-20T09:14:30.459-0800][57020904ms] GC(4321) Using 10 workers of 10 for evacuation
[2023-12-20T09:14:30.488-0800][57020933ms] GC(4321)   Pre Evacuate Collection Set: 0.0ms
[2023-12-20T09:14:30.488-0800][57020933ms] GC(4321)   Evacuate Collection Set: 27.2ms
[2023-12-20T09:14:30.488-0800][57020933ms] GC(4321)   Post Evacuate Collection Set: 2.5ms
[2023-12-20T09:14:30.488-0800][57020933ms] GC(4321)   Other: 0.4ms
[2023-12-20T09:14:30.488-0800][57020933ms] GC(4321) Eden regions: 753->0(752)
[2023-12-20T09:14:30.488-0800][57020933ms] GC(4321) Survivor regions: 30->31(98)
[2023-12-20T09:14:30.488-0800][57020933ms] GC(4321) Old regions: 197->197
[2023-12-20T09:14:30.488-0800][57020933ms] GC(4321) Humongous regions: 5->5
[2023-12-20T09:14:30.488-0800][57020933ms] GC(4321) Metaspace: 256610K->256610K(1294336K)
[2023-12-20T09:14:30.488-0800][57020933ms] GC(4321) Pause Young (Normal) (G1 Evacuation Pause) 1968M->463M(2612M) 30.233ms
[2023-12-20T09:14:30.488-0800][57020933ms] GC(4321) User=0.16s Sys=0.00s Real=0.03s
[2023-12-20T09:14:31.250-0800][57021695ms] GC(4322) Pause Young (Normal) (G1 Evacuation Pause)
[2023-12-20T09:14:31.250-0800][57021695ms] GC(4322) Using 10 workers of 10 for evacuation
[2023-12-20T09:14:31.281-0800][57021726ms] GC(4322)   Pre Evacuate Collection Set: 0.0ms
[2023-12-20T09:14:31.281-0800][57021726ms] GC(4322)   Evacuate Collection Set: 27.5ms
[2023-12-20T09:14:31.281-0800][57021726ms] GC(4322)   Post Evacuate Collection Set: 2.8ms
[2023-12-20T09:14:31.281-0800][57021726ms] GC(4322)   Other: 0.4ms
[2023-12-20T09:14:31.281-0800][57021726ms] GC(4322) Eden regions: 752->0(753)
[2023-12-20T09:14:31.281-0800][57021726ms] GC(4322) Survivor regions: 31->30(98)
[2023-12-20T09:14:31.281-0800][57021726ms] GC(4322) Old regions: 197->197
[2023-12-20T09:14:31.281-0800][57021726ms] GC(4322) Humongous regions: 5->5
[2023-12-20T09:14:31.281-0800][57021726ms] GC(4322) Metaspace: 256610K->256610K(1294336K)
[2023-12-20T09:14:31.281-0800][57021726ms] GC(4322) Pause Young (Normal) (G1 Evacuation Pause) 1967M->461M(2612M) 30.821ms
[2023-12-20T09:14:31.281-0800][57021726ms] GC(4322) User=0.14s Sys=0.00s Real=0.03s
[2023-12-20T09:14:32.064-0800][57022509ms] GC(4323) Pause Young (Normal) (G1 Evacuation Pause)
[2023-12-20T09:14:32.064-0800][57022509ms] GC(4323) Using 10 workers of 10 for evacuation
[2023-12-20T09:14:32.092-0800][57022537ms] GC(4323)   Pre Evacuate Collection Set: 0.0ms
[2023-12-20T09:14:32.092-0800][57022537ms] GC(4323)   Evacuate Collection Set: 26.2ms
[2023-12-20T09:14:32.092-0800][57022537ms] GC(4323)   Post Evacuate Collection Set: 2.6ms
[2023-12-20T09:14:32.092-0800][57022537ms] GC(4323)   Other: 0.4ms
[2023-12-20T09:14:32.092-0800][57022537ms] GC(4323) Eden regions: 753->0(753)
[2023-12-20T09:14:32.092-0800][57022537ms] GC(4323) Survivor regions: 30->30(98)
[2023-12-20T09:14:32.092-0800][57022537ms] GC(4323) Old regions: 197->197
[2023-12-20T09:14:32.092-0800][57022537ms] GC(4323) Humongous regions: 5->5
[2023-12-20T09:14:32.092-0800][57022537ms] GC(4323) Metaspace: 256610K->256610K(1294336K)
[2023-12-20T09:14:32.092-0800][57022537ms] GC(4323) Pause Young (Normal) (G1 Evacuation Pause) 1967M->462M(2612M) 29.378ms
[2023-12-20T09:14:32.092-0800][57022537ms] GC(4323) User=0.08s Sys=0.00s Real=0.03s
[2023-12-20T09:14:32.866-0800][57023311ms] GC(4324) Pause Young (Normal) (G1 Evacuation Pause)
[2023-12-20T09:14:32.866-0800][57023311ms] GC(4324) Using 10 workers of 10 for evacuation
[2023-12-20T09:14:32.895-0800][57023340ms] GC(4324)   Pre Evacuate Collection Set: 0.0ms
[2023-12-20T09:14:32.895-0800][57023340ms] GC(4324)   Evacuate Collection Set: 26.3ms
[2023-12-20T09:14:32.895-0800][57023340ms] GC(4324)   Post Evacuate Collection Set: 2.8ms
[2023-12-20T09:14:32.895-0800][57023340ms] GC(4324)   Other: 0.4ms
[2023-12-20T09:14:32.895-0800][57023340ms] GC(4324) Eden regions: 753->0(752)
[2023-12-20T09:14:32.895-0800][57023340ms] GC(4324) Survivor regions: 30->31(98)
[2023-12-20T09:14:32.895-0800][57023340ms] GC(4324) Old regions: 197->197
[2023-12-20T09:14:32.895-0800][57023340ms] GC(4324) Humongous regions: 5->5
[2023-12-20T09:14:32.895-0800][57023340ms] GC(4324) Metaspace: 256610K->256610K(1294336K)
[2023-12-20T09:14:32.895-0800][57023340ms] GC(4324) Pause Young (Normal) (G1 Evacuation Pause) 1968M->463M(2612M) 29.576ms
[2023-12-20T09:14:32.895-0800][57023340ms] GC(4324) User=0.22s Sys=0.00s Real=0.03s
[2023-12-20T09:14:33.719-0800][57024164ms] GC(4325) Pause Young (Normal) (G1 Evacuation Pause)
[2023-12-20T09:14:33.719-0800][57024164ms] GC(4325) Using 10 workers of 10 for evacuation
[2023-12-20T09:14:33.749-0800][57024194ms] GC(4325)   Pre Evacuate Collection Set: 0.1ms
[2023-12-20T09:14:33.749-0800][57024194ms] GC(4325)   Evacuate Collection Set: 27.0ms
[2023-12-20T09:14:33.749-0800][57024194ms] GC(4325)   Post Evacuate Collection Set: 2.5ms
[2023-12-20T09:14:33.749-0800][57024194ms] GC(4325)   Other: 0.4ms
[2023-12-20T09:14:33.749-0800][57024194ms] GC(4325) Eden regions: 752->0(752)
[2023-12-20T09:14:33.749-0800][57024194ms] GC(4325) Survivor regions: 31->31(98)
[2023-12-20T09:14:33.749-0800][57024194ms] GC(4325) Old regions: 197->197
[2023-12-20T09:14:33.749-0800][57024194ms] GC(4325) Humongous regions: 5->5
[2023-12-20T09:14:33.749-0800][57024194ms] GC(4325) Metaspace: 256610K->256610K(1294336K)
[2023-12-20T09:14:33.749-0800][57024194ms] GC(4325) Pause Young (Normal) (G1 Evacuation Pause) 1967M->463M(2612M) 29.977ms
[2023-12-20T09:14:33.749-0800][57024194ms] GC(4325) User=0.06s Sys=0.00s Real=0.03s
[2023-12-20T09:14:34.512-0800][57024957ms] GC(4326) Pause Young (Normal) (G1 Evacuation Pause)
[2023-12-20T09:14:34.512-0800][57024957ms] GC(4326) Using 10 workers of 10 for evacuation
[2023-12-20T09:14:34.541-0800][57024986ms] GC(4326)   Pre Evacuate Collection Set: 0.1ms
[2023-12-20T09:14:34.541-0800][57024986ms] GC(4326)   Evacuate Collection Set: 26.4ms
[2023-12-20T09:14:34.541-0800][57024986ms] GC(4326)   Post Evacuate Collection Set: 2.4ms
[2023-12-20T09:14:34.541-0800][57024986ms] GC(4326)   Other: 0.4ms
[2023-12-20T09:14:34.541-0800][57024986ms] GC(4326) Eden regions: 752->0(753)
[2023-12-20T09:14:34.541-0800][57024986ms] GC(4326) Survivor regions: 31->30(98)
[2023-12-20T09:14:34.541-0800][57024986ms] GC(4326) Old regions: 197->197
[2023-12-20T09:14:34.541-0800][57024986ms] GC(4326) Humongous regions: 5->5
[2023-12-20T09:14:34.541-0800][57024986ms] GC(4326) Metaspace: 256610K->256610K(1294336K)
[2023-12-20T09:14:34.541-0800][57024986ms] GC(4326) Pause Young (Normal) (G1 Evacuation Pause) 1967M->462M(2612M) 29.438ms
[2023-12-20T09:14:34.541-0800][57024986ms] GC(4326) User=0.11s Sys=0.00s Real=0.03s
[2023-12-20T09:14:35.283-0800][57025728ms] GC(4327) Pause Young (Normal) (G1 Evacuation Pause)
[2023-12-20T09:14:35.283-0800][57025728ms] GC(4327) Using 10 workers of 10 for evacuation
[2023-12-20T09:14:35.312-0800][57025757ms] GC(4327)   Pre Evacuate Collection Set: 0.0ms
[2023-12-20T09:14:35.312-0800][57025757ms] GC(4327)   Evacuate Collection Set: 27.0ms
[2023-12-20T09:14:35.312-0800][57025757ms] GC(4327)   Post Evacuate Collection Set: 3.2ms
[2023-12-20T09:14:35.312-0800][57025757ms] GC(4327)   Other: 0.4ms
[2023-12-20T09:14:35.312-0800][57025757ms] GC(4327) Eden regions: 753->0(753)
[2023-12-20T09:14:35.312-0800][57025757ms] GC(4327) Survivor regions: 30->30(98)
[2023-12-20T09:14:35.312-0800][57025757ms] GC(4327) Old regions: 197->197
[2023-12-20T09:14:35.312-0800][57025757ms] GC(4327) Humongous regions: 5->5
[2023-12-20T09:14:35.312-0800][57025757ms] GC(4327) Metaspace: 256610K->256610K(1294336K)
[2023-12-20T09:14:35.312-0800][57025757ms] GC(4327) Pause Young (Normal) (G1 Evacuation Pause) 1968M->463M(2612M) 30.828ms
[2023-12-20T09:14:35.312-0800][57025757ms] GC(4327) User=0.08s Sys=0.00s Real=0.03s
[2023-12-20T09:14:36.078-0800][57026523ms] GC(4328) Pause Young (Normal) (G1 Evacuation Pause)
[2023-12-20T09:14:36.078-0800][57026523ms] GC(4328) Using 10 workers of 10 for evacuation
[2023-12-20T09:14:36.108-0800][57026553ms] GC(4328)   Pre Evacuate Collection Set: 0.0ms
[2023-12-20T09:14:36.108-0800][57026553ms] GC(4328)   Evacuate Collection Set: 27.3ms
[2023-12-20T09:14:36.108-0800][57026553ms] GC(4328)   Post Evacuate Collection Set: 3.3ms
[2023-12-20T09:14:36.108-0800][57026553ms] GC(4328)   Other: 0.4ms
[2023-12-20T09:14:36.108-0800][57026553ms] GC(4328) Eden regions: 753->0(753)
[2023-12-20T09:14:36.108-0800][57026553ms] GC(4328) Survivor regions: 30->30(98)
[2023-12-20T09:14:36.108-0800][57026553ms] GC(4328) Old regions: 197->197
[2023-12-20T09:14:36.108-0800][57026553ms] GC(4328) Humongous regions: 5->5
[2023-12-20T09:14:36.108-0800][57026553ms] GC(4328) Metaspace: 256610K->256610K(1294336K)
[2023-12-20T09:14:36.108-0800][57026553ms] GC(4328) Pause Young (Normal) (G1 Evacuation Pause) 1969M->462M(2612M) 31.252ms
[2023-12-20T09:14:36.108-0800][57026553ms] GC(4328) User=0.16s Sys=0.00s Real=0.03s
[2023-12-20T09:14:36.903-0800][57027348ms] GC(4329) Pause Young (Normal) (G1 Evacuation Pause)
[2023-12-20T09:14:36.903-0800][57027348ms] GC(4329) Using 10 workers of 10 for evacuation
[2023-12-20T09:14:36.931-0800][57027376ms] GC(4329)   Pre Evacuate Collection Set: 0.0ms
[2023-12-20T09:14:36.931-0800][57027376ms] GC(4329)   Evacuate Collection Set: 26.0ms
[2023-12-20T09:14:36.931-0800][57027376ms] GC(4329)   Post Evacuate Collection Set: 2.4ms
[2023-12-20T09:14:36.931-0800][57027376ms] GC(4329)   Other: 0.4ms
[2023-12-20T09:14:36.931-0800][57027376ms] GC(4329) Eden regions: 753->0(753)
[2023-12-20T09:14:36.931-0800][57027376ms] GC(4329) Survivor regions: 30->30(98)
[2023-12-20T09:14:36.931-0800][57027376ms] GC(4329) Old regions: 197->197
[2023-12-20T09:14:36.931-0800][57027376ms] GC(4329) Humongous regions: 5->5
[2023-12-20T09:14:36.931-0800][57027376ms] GC(4329) Metaspace: 256610K->256610K(1294336K)
[2023-12-20T09:14:36.931-0800][57027376ms] GC(4329) Pause Young (Normal) (G1 Evacuation Pause) 1968M->463M(2612M) 29.045ms
[2023-12-20T09:14:36.931-0800][57027376ms] GC(4329) User=0.08s Sys=0.02s Real=0.03s
[2023-12-20T09:14:37.602-0800][57028047ms] GC(4330) Pause Young (Normal) (G1 Evacuation Pause)
[2023-12-20T09:14:37.602-0800][57028047ms] GC(4330) Using 10 workers of 10 for evacuation
[2023-12-20T09:14:37.633-0800][57028078ms] GC(4330)   Pre Evacuate Collection Set: 0.1ms
[2023-12-20T09:14:37.633-0800][57028078ms] GC(4330)   Evacuate Collection Set: 26.2ms
[2023-12-20T09:14:37.633-0800][57028078ms] GC(4330)   Post Evacuate Collection Set: 3.4ms
[2023-12-20T09:14:37.633-0800][57028078ms] GC(4330)   Other: 0.4ms
[2023-12-20T09:14:37.633-0800][57028078ms] GC(4330) Eden regions: 753->0(753)
[2023-12-20T09:14:37.633-0800][57028078ms] GC(4330) Survivor regions: 30->30(98)
[2023-12-20T09:14:37.633-0800][57028078ms] GC(4330) Old regions: 197->197
[2023-12-20T09:14:37.633-0800][57028078ms] GC(4330) Humongous regions: 5->5
[2023-12-20T09:14:37.633-0800][57028078ms] GC(4330) Metaspace: 256610K->256610K(1294336K)
[2023-12-20T09:14:37.633-0800][57028078ms] GC(4330) Pause Young (Normal) (G1 Evacuation Pause) 1969M->462M(2612M) 30.194ms
[2023-12-20T09:14:37.633-0800][57028078ms] GC(4330) User=0.11s Sys=0.00s Real=0.03s
[2023-12-20T09:14:38.366-0800][57028811ms] GC(4331) Pause Young (Normal) (G1 Evacuation Pause)
[2023-12-20T09:14:38.366-0800][57028811ms] GC(4331) Using 10 workers of 10 for evacuation
[2023-12-20T09:14:38.396-0800][57028841ms] GC(4331)   Pre Evacuate Collection Set: 0.1ms
[2023-12-20T09:14:38.396-0800][57028841ms] GC(4331)   Evacuate Collection Set: 28.0ms
[2023-12-20T09:14:38.398-0800][57028843ms] GC(4331)   Post Evacuate Collection Set: 2.5ms
[2023-12-20T09:14:38.398-0800][57028843ms] GC(4331)   Other: 0.6ms
[2023-12-20T09:14:38.398-0800][57028843ms] GC(4331) Eden regions: 753->0(753)
[2023-12-20T09:14:38.398-0800][57028843ms] GC(4331) Survivor regions: 30->30(98)
[2023-12-20T09:14:38.398-0800][57028843ms] GC(4331) Old regions: 197->197
[2023-12-20T09:14:38.398-0800][57028843ms] GC(4331) Humongous regions: 5->5
[2023-12-20T09:14:38.398-0800][57028843ms] GC(4331) Metaspace: 256610K->256610K(1294336K)
[2023-12-20T09:14:38.398-0800][57028843ms] GC(4331) Pause Young (Normal) (G1 Evacuation Pause) 1968M->462M(2612M) 31.267ms
[2023-12-20T09:14:38.398-0800][57028843ms] GC(4331) User=0.08s Sys=0.00s Real=0.03s
[2023-12-20T09:14:39.150-0800][57029595ms] GC(4332) Pause Young (Normal) (G1 Evacuation Pause)
[2023-12-20T09:14:39.150-0800][57029595ms] GC(4332) Using 10 workers of 10 for evacuation
[2023-12-20T09:14:39.182-0800][57029627ms] GC(4332)   Pre Evacuate Collection Set: 0.0ms
[2023-12-20T09:14:39.182-0800][57029627ms] GC(4332)   Evacuate Collection Set: 28.5ms
[2023-12-20T09:14:39.182-0800][57029627ms] GC(4332)   Post Evacuate Collection Set: 3.1ms
[2023-12-20T09:14:39.182-0800][57029627ms] GC(4332)   Other: 0.4ms
[2023-12-20T09:14:39.182-0800][57029627ms] GC(4332) Eden regions: 753->0(753)
[2023-12-20T09:14:39.182-0800][57029627ms] GC(4332) Survivor regions: 30->30(98)
[2023-12-20T09:14:39.182-0800][57029627ms] GC(4332) Old regions: 197->197
[2023-12-20T09:14:39.182-0800][57029627ms] GC(4332) Humongous regions: 5->5
[2023-12-20T09:14:39.182-0800][57029627ms] GC(4332) Metaspace: 256610K->256610K(1294336K)
[2023-12-20T09:14:39.182-0800][57029627ms] GC(4332) Pause Young (Normal) (G1 Evacuation Pause) 1968M->463M(2612M) 32.170ms
[2023-12-20T09:14:39.182-0800][57029627ms] GC(4332) User=0.08s Sys=0.00s Real=0.03s
[2023-12-20T09:14:39.957-0800][57030402ms] GC(4333) Pause Young (Normal) (G1 Evacuation Pause)
[2023-12-20T09:14:39.957-0800][57030402ms] GC(4333) Using 10 workers of 10 for evacuation
[2023-12-20T09:14:39.987-0800][57030432ms] GC(4333)   Pre Evacuate Collection Set: 0.0ms
[2023-12-20T09:14:39.987-0800][57030432ms] GC(4333)   Evacuate Collection Set: 27.6ms
[2023-12-20T09:14:39.987-0800][57030432ms] GC(4333)   Post Evacuate Collection Set: 2.9ms
[2023-12-20T09:14:39.987-0800][57030432ms] GC(4333)   Other: 0.4ms
[2023-12-20T09:14:39.987-0800][57030432ms] GC(4333) Eden regions: 753->0(753)
[2023-12-20T09:14:39.987-0800][57030432ms] GC(4333) Survivor regions: 30->30(98)
[2023-12-20T09:14:39.987-0800][57030432ms] GC(4333) Old regions: 197->197
[2023-12-20T09:14:39.987-0800][57030432ms] GC(4333) Humongous regions: 5->5
[2023-12-20T09:14:39.987-0800][57030432ms] GC(4333) Metaspace: 256610K->256610K(1294336K)
[2023-12-20T09:14:39.987-0800][57030432ms] GC(4333) Pause Young (Normal) (G1 Evacuation Pause) 1969M->463M(2612M) 31.031ms
[2023-12-20T09:14:39.988-0800][57030433ms] GC(4333) User=0.14s Sys=0.00s Real=0.03s
[2023-12-20T09:14:40.716-0800][57031161ms] GC(4334) Pause Young (Normal) (G1 Evacuation Pause)
[2023-12-20T09:14:40.716-0800][57031161ms] GC(4334) Using 10 workers of 10 for evacuation
[2023-12-20T09:14:40.744-0800][57031189ms] GC(4334)   Pre Evacuate Collection Set: 0.1ms
[2023-12-20T09:14:40.744-0800][57031189ms] GC(4334)   Evacuate Collection Set: 26.0ms
[2023-12-20T09:14:40.744-0800][57031189ms] GC(4334)   Post Evacuate Collection Set: 2.6ms
[2023-12-20T09:14:40.744-0800][57031189ms] GC(4334)   Other: 0.4ms
[2023-12-20T09:14:40.744-0800][57031189ms] GC(4334) Eden regions: 753->0(753)
[2023-12-20T09:14:40.744-0800][57031189ms] GC(4334) Survivor regions: 30->30(98)
[2023-12-20T09:14:40.744-0800][57031189ms] GC(4334) Old regions: 197->197
[2023-12-20T09:14:40.744-0800][57031189ms] GC(4334) Humongous regions: 5->5
[2023-12-20T09:14:40.744-0800][57031189ms] GC(4334) Metaspace: 256610K->256610K(1294336K)
[2023-12-20T09:14:40.744-0800][57031189ms] GC(4334) Pause Young (Normal) (G1 Evacuation Pause) 1969M->463M(2612M) 29.172ms
[2023-12-20T09:14:40.744-0800][57031189ms] GC(4334) User=0.06s Sys=0.00s Real=0.03s
[2023-12-20T09:14:41.298-0800][57031743ms] GC(4335) Pause Young (Normal) (G1 Evacuation Pause)
[2023-12-20T09:14:41.298-0800][57031743ms] GC(4335) Using 10 workers of 10 for evacuation
[2023-12-20T09:14:41.326-0800][57031771ms] GC(4335)   Pre Evacuate Collection Set: 0.1ms
[2023-12-20T09:14:41.326-0800][57031771ms] GC(4335)   Evacuate Collection Set: 25.7ms
[2023-12-20T09:14:41.326-0800][57031771ms] GC(4335)   Post Evacuate Collection Set: 2.5ms
[2023-12-20T09:14:41.326-0800][57031771ms] GC(4335)   Other: 0.4ms
[2023-12-20T09:14:41.326-0800][57031771ms] GC(4335) Eden regions: 753->0(753)
[2023-12-20T09:14:41.326-0800][57031771ms] GC(4335) Survivor regions: 30->30(98)
[2023-12-20T09:14:41.326-0800][57031771ms] GC(4335) Old regions: 197->197
[2023-12-20T09:14:41.326-0800][57031771ms] GC(4335) Humongous regions: 5->5
[2023-12-20T09:14:41.326-0800][57031771ms] GC(4335) Metaspace: 256610K->256610K(1294336K)
[2023-12-20T09:14:41.327-0800][57031772ms] GC(4335) Pause Young (Normal) (G1 Evacuation Pause) 1969M->463M(2612M) 28.820ms
[2023-12-20T09:14:41.327-0800][57031772ms] GC(4335) User=0.08s Sys=0.00s Real=0.03s
[2023-12-20T09:14:42.164-0800][57032609ms] GC(4336) Pause Young (Normal) (G1 Evacuation Pause)
[2023-12-20T09:14:42.164-0800][57032609ms] GC(4336) Using 10 workers of 10 for evacuation
[2023-12-20T09:14:42.195-0800][57032640ms] GC(4336)   Pre Evacuate Collection Set: 0.0ms
[2023-12-20T09:14:42.195-0800][57032640ms] GC(4336)   Evacuate Collection Set: 27.9ms
[2023-12-20T09:14:42.195-0800][57032640ms] GC(4336)   Post Evacuate Collection Set: 2.7ms
[2023-12-20T09:14:42.195-0800][57032640ms] GC(4336)   Other: 0.4ms
[2023-12-20T09:14:42.195-0800][57032640ms] GC(4336) Eden regions: 753->0(753)
[2023-12-20T09:14:42.195-0800][57032640ms] GC(4336) Survivor regions: 30->30(98)
[2023-12-20T09:14:42.195-0800][57032640ms] GC(4336) Old regions: 197->197
[2023-12-20T09:14:42.195-0800][57032640ms] GC(4336) Humongous regions: 5->5
[2023-12-20T09:14:42.195-0800][57032640ms] GC(4336) Metaspace: 256610K->256610K(1294336K)
[2023-12-20T09:14:42.195-0800][57032640ms] GC(4336) Pause Young (Normal) (G1 Evacuation Pause) 1969M->462M(2612M) 31.304ms
[2023-12-20T09:14:42.195-0800][57032640ms] GC(4336) User=0.14s Sys=0.02s Real=0.03s
[2023-12-20T09:14:43.189-0800][57033634ms] GC(4337) Pause Young (Normal) (G1 Evacuation Pause)
[2023-12-20T09:14:43.189-0800][57033634ms] GC(4337) Using 10 workers of 10 for evacuation
[2023-12-20T09:14:43.220-0800][57033665ms] GC(4337)   Pre Evacuate Collection Set: 0.0ms
[2023-12-20T09:14:43.220-0800][57033665ms] GC(4337)   Evacuate Collection Set: 27.8ms
[2023-12-20T09:14:43.220-0800][57033665ms] GC(4337)   Post Evacuate Collection Set: 2.9ms
[2023-12-20T09:14:43.220-0800][57033665ms] GC(4337)   Other: 0.4ms
[2023-12-20T09:14:43.220-0800][57033665ms] GC(4337) Eden regions: 753->0(753)
[2023-12-20T09:14:43.220-0800][57033665ms] GC(4337) Survivor regions: 30->30(98)
[2023-12-20T09:14:43.220-0800][57033665ms] GC(4337) Old regions: 197->197
[2023-12-20T09:14:43.220-0800][57033665ms] GC(4337) Humongous regions: 5->5
[2023-12-20T09:14:43.220-0800][57033665ms] GC(4337) Metaspace: 256610K->256610K(1294336K)
[2023-12-20T09:14:43.220-0800][57033665ms] GC(4337) Pause Young (Normal) (G1 Evacuation Pause) 1968M->462M(2612M) 31.262ms
[2023-12-20T09:14:43.220-0800][57033665ms] GC(4337) User=0.08s Sys=0.00s Real=0.03s
[2023-12-20T09:14:43.988-0800][57034433ms] GC(4338) Pause Young (Normal) (G1 Evacuation Pause)
[2023-12-20T09:14:43.988-0800][57034433ms] GC(4338) Using 10 workers of 10 for evacuation
[2023-12-20T09:14:44.017-0800][57034462ms] GC(4338)   Pre Evacuate Collection Set: 0.1ms
[2023-12-20T09:14:44.017-0800][57034462ms] GC(4338)   Evacuate Collection Set: 27.0ms
[2023-12-20T09:14:44.017-0800][57034462ms] GC(4338)   Post Evacuate Collection Set: 2.9ms
[2023-12-20T09:14:44.017-0800][57034462ms] GC(4338)   Other: 0.4ms
[2023-12-20T09:14:44.017-0800][57034462ms] GC(4338) Eden regions: 753->0(753)
[2023-12-20T09:14:44.017-0800][57034462ms] GC(4338) Survivor regions: 30->30(98)
[2023-12-20T09:14:44.017-0800][57034462ms] GC(4338) Old regions: 197->197
[2023-12-20T09:14:44.017-0800][57034462ms] GC(4338) Humongous regions: 5->5
[2023-12-20T09:14:44.017-0800][57034462ms] GC(4338) Metaspace: 256610K->256610K(1294336K)
[2023-12-20T09:14:44.017-0800][57034462ms] GC(4338) Pause Young (Normal) (G1 Evacuation Pause) 1968M->463M(2612M) 30.621ms
[2023-12-20T09:14:44.017-0800][57034462ms] GC(4338) User=0.08s Sys=0.00s Real=0.03s
[2023-12-20T09:14:44.791-0800][57035236ms] GC(4339) Pause Young (Normal) (G1 Evacuation Pause)
[2023-12-20T09:14:44.791-0800][57035236ms] GC(4339) Using 10 workers of 10 for evacuation
[2023-12-20T09:14:44.822-0800][57035267ms] GC(4339)   Pre Evacuate Collection Set: 0.1ms
[2023-12-20T09:14:44.822-0800][57035267ms] GC(4339)   Evacuate Collection Set: 27.9ms
[2023-12-20T09:14:44.822-0800][57035267ms] GC(4339)   Post Evacuate Collection Set: 2.9ms
[2023-12-20T09:14:44.822-0800][57035267ms] GC(4339)   Other: 0.4ms
[2023-12-20T09:14:44.822-0800][57035267ms] GC(4339) Eden regions: 753->0(753)
[2023-12-20T09:14:44.822-0800][57035267ms] GC(4339) Survivor regions: 30->30(98)
[2023-12-20T09:14:44.822-0800][57035267ms] GC(4339) Old regions: 197->197
[2023-12-20T09:14:44.822-0800][57035267ms] GC(4339) Humongous regions: 5->5
[2023-12-20T09:14:44.822-0800][57035267ms] GC(4339) Metaspace: 256610K->256610K(1294336K)
[2023-12-20T09:14:44.822-0800][57035267ms] GC(4339) Pause Young (Normal) (G1 Evacuation Pause) 1969M->463M(2612M) 31.361ms
[2023-12-20T09:14:44.822-0800][57035267ms] GC(4339) User=0.19s Sys=0.00s Real=0.03s
[2023-12-20T09:14:45.670-0800][57036115ms] GC(4340) Pause Young (Normal) (G1 Evacuation Pause)
[2023-12-20T09:14:45.670-0800][57036115ms] GC(4340) Using 10 workers of 10 for evacuation
[2023-12-20T09:14:45.699-0800][57036144ms] GC(4340)   Pre Evacuate Collection Set: 0.0ms
[2023-12-20T09:14:45.699-0800][57036144ms] GC(4340)   Evacuate Collection Set: 26.5ms
[2023-12-20T09:14:45.699-0800][57036144ms] GC(4340)   Post Evacuate Collection Set: 2.5ms
[2023-12-20T09:14:45.699-0800][57036144ms] GC(4340)   Other: 0.4ms
[2023-12-20T09:14:45.699-0800][57036144ms] GC(4340) Eden regions: 753->0(753)
[2023-12-20T09:14:45.699-0800][57036144ms] GC(4340) Survivor regions: 30->30(98)
[2023-12-20T09:14:45.699-0800][57036144ms] GC(4340) Old regions: 197->197
[2023-12-20T09:14:45.699-0800][57036144ms] GC(4340) Humongous regions: 5->5
[2023-12-20T09:14:45.699-0800][57036144ms] GC(4340) Metaspace: 256610K->256610K(1294336K)
[2023-12-20T09:14:45.699-0800][57036144ms] GC(4340) Pause Young (Normal) (G1 Evacuation Pause) 1969M->463M(2612M) 29.677ms
[2023-12-20T09:14:45.699-0800][57036144ms] GC(4340) User=0.08s Sys=0.00s Real=0.03s
[2023-12-20T09:14:46.529-0800][57036974ms] GC(4341) Pause Young (Normal) (G1 Evacuation Pause)
[2023-12-20T09:14:46.529-0800][57036974ms] GC(4341) Using 10 workers of 10 for evacuation
[2023-12-20T09:14:46.559-0800][57037004ms] GC(4341)   Pre Evacuate Collection Set: 0.0ms
[2023-12-20T09:14:46.559-0800][57037004ms] GC(4341)   Evacuate Collection Set: 26.8ms
[2023-12-20T09:14:46.559-0800][57037004ms] GC(4341)   Post Evacuate Collection Set: 2.5ms
[2023-12-20T09:14:46.559-0800][57037004ms] GC(4341)   Other: 0.5ms
[2023-12-20T09:14:46.559-0800][57037004ms] GC(4341) Eden regions: 753->0(753)
[2023-12-20T09:14:46.559-0800][57037004ms] GC(4341) Survivor regions: 30->30(98)
[2023-12-20T09:14:46.559-0800][57037004ms] GC(4341) Old regions: 197->197
[2023-12-20T09:14:46.559-0800][57037004ms] GC(4341) Humongous regions: 5->5
[2023-12-20T09:14:46.559-0800][57037004ms] GC(4341) Metaspace: 256610K->256610K(1294336K)
[2023-12-20T09:14:46.559-0800][57037004ms] GC(4341) Pause Young (Normal) (G1 Evacuation Pause) 1969M->462M(2612M) 29.991ms
[2023-12-20T09:14:46.559-0800][57037004ms] GC(4341) User=0.05s Sys=0.00s Real=0.03s
[2023-12-20T09:14:47.531-0800][57037976ms] GC(4342) Pause Young (Normal) (G1 Evacuation Pause)
[2023-12-20T09:14:47.531-0800][57037976ms] GC(4342) Using 10 workers of 10 for evacuation
[2023-12-20T09:14:47.560-0800][57038005ms] GC(4342)   Pre Evacuate Collection Set: 0.0ms
[2023-12-20T09:14:47.560-0800][57038005ms] GC(4342)   Evacuate Collection Set: 27.4ms
[2023-12-20T09:14:47.560-0800][57038005ms] GC(4342)   Post Evacuate Collection Set: 2.3ms
[2023-12-20T09:14:47.560-0800][57038005ms] GC(4342)   Other: 0.4ms
[2023-12-20T09:14:47.560-0800][57038005ms] GC(4342) Eden regions: 753->0(753)
[2023-12-20T09:14:47.560-0800][57038005ms] GC(4342) Survivor regions: 30->30(98)
[2023-12-20T09:14:47.560-0800][57038005ms] GC(4342) Old regions: 197->197
[2023-12-20T09:14:47.560-0800][57038005ms] GC(4342) Humongous regions: 5->5
[2023-12-20T09:14:47.560-0800][57038005ms] GC(4342) Metaspace: 256610K->256610K(1294336K)
[2023-12-20T09:14:47.560-0800][57038005ms] GC(4342) Pause Young (Normal) (G1 Evacuation Pause) 1968M->463M(2612M) 30.226ms
[2023-12-20T09:14:47.560-0800][57038005ms] GC(4342) User=0.09s Sys=0.00s Real=0.03s
[2023-12-20T09:14:48.372-0800][57038817ms] GC(4343) Pause Young (Normal) (G1 Evacuation Pause)
[2023-12-20T09:14:48.372-0800][57038817ms] GC(4343) Using 10 workers of 10 for evacuation
[2023-12-20T09:14:48.401-0800][57038846ms] GC(4343)   Pre Evacuate Collection Set: 0.1ms
[2023-12-20T09:14:48.401-0800][57038846ms] GC(4343)   Evacuate Collection Set: 26.5ms
[2023-12-20T09:14:48.401-0800][57038846ms] GC(4343)   Post Evacuate Collection Set: 2.4ms
[2023-12-20T09:14:48.401-0800][57038846ms] GC(4343)   Other: 0.4ms
[2023-12-20T09:14:48.401-0800][57038846ms] GC(4343) Eden regions: 753->0(753)
[2023-12-20T09:14:48.401-0800][57038846ms] GC(4343) Survivor regions: 30->30(98)
[2023-12-20T09:14:48.401-0800][57038846ms] GC(4343) Old regions: 197->197
[2023-12-20T09:14:48.401-0800][57038846ms] GC(4343) Humongous regions: 5->5
[2023-12-20T09:14:48.401-0800][57038846ms] GC(4343) Metaspace: 256610K->256610K(1294336K)
[2023-12-20T09:14:48.401-0800][57038846ms] GC(4343) Pause Young (Normal) (G1 Evacuation Pause) 1969M->463M(2612M) 29.566ms
[2023-12-20T09:14:48.401-0800][57038846ms] GC(4343) User=0.13s Sys=0.00s Real=0.03s
[2023-12-20T09:14:49.190-0800][57039635ms] GC(4344) Pause Young (Normal) (G1 Evacuation Pause)
[2023-12-20T09:14:49.190-0800][57039635ms] GC(4344) Using 10 workers of 10 for evacuation
[2023-12-20T09:14:49.220-0800][57039665ms] GC(4344)   Pre Evacuate Collection Set: 0.0ms
[2023-12-20T09:14:49.220-0800][57039665ms] GC(4344)   Evacuate Collection Set: 26.2ms
[2023-12-20T09:14:49.220-0800][57039665ms] GC(4344)   Post Evacuate Collection Set: 3.0ms
[2023-12-20T09:14:49.220-0800][57039665ms] GC(4344)   Other: 0.4ms
[2023-12-20T09:14:49.220-0800][57039665ms] GC(4344) Eden regions: 753->0(753)
[2023-12-20T09:14:49.220-0800][57039665ms] GC(4344) Survivor regions: 30->30(98)
[2023-12-20T09:14:49.220-0800][57039665ms] GC(4344) Old regions: 197->197
[2023-12-20T09:14:49.220-0800][57039665ms] GC(4344) Humongous regions: 5->5
[2023-12-20T09:14:49.220-0800][57039665ms] GC(4344) Metaspace: 256610K->256610K(1294336K)
[2023-12-20T09:14:49.220-0800][57039665ms] GC(4344) Pause Young (Normal) (G1 Evacuation Pause) 1969M->463M(2612M) 29.715ms
[2023-12-20T09:14:49.220-0800][57039665ms] GC(4344) User=0.11s Sys=0.00s Real=0.03s
[2023-12-20T09:14:50.109-0800][57040554ms] GC(4345) Pause Young (Normal) (G1 Evacuation Pause)
[2023-12-20T09:14:50.109-0800][57040554ms] GC(4345) Using 10 workers of 10 for evacuation
[2023-12-20T09:14:50.138-0800][57040583ms] GC(4345)   Pre Evacuate Collection Set: 0.0ms
[2023-12-20T09:14:50.138-0800][57040583ms] GC(4345)   Evacuate Collection Set: 26.4ms
[2023-12-20T09:14:50.138-0800][57040583ms] GC(4345)   Post Evacuate Collection Set: 2.7ms
[2023-12-20T09:14:50.138-0800][57040583ms] GC(4345)   Other: 0.4ms
[2023-12-20T09:14:50.138-0800][57040583ms] GC(4345) Eden regions: 753->0(753)
[2023-12-20T09:14:50.138-0800][57040583ms] GC(4345) Survivor regions: 30->30(98)
[2023-12-20T09:14:50.138-0800][57040583ms] GC(4345) Old regions: 197->197
[2023-12-20T09:14:50.138-0800][57040583ms] GC(4345) Humongous regions: 5->5
[2023-12-20T09:14:50.138-0800][57040583ms] GC(4345) Metaspace: 256610K->256610K(1294336K)
[2023-12-20T09:14:50.138-0800][57040583ms] GC(4345) Pause Young (Normal) (G1 Evacuation Pause) 1969M->463M(2612M) 29.677ms
[2023-12-20T09:14:50.138-0800][57040583ms] GC(4345) User=0.14s Sys=0.00s Real=0.03s
[2023-12-20T09:14:50.992-0800][57041437ms] GC(4346) Pause Young (Normal) (G1 Evacuation Pause)
[2023-12-20T09:14:50.992-0800][57041437ms] GC(4346) Using 10 workers of 10 for evacuation
[2023-12-20T09:14:51.021-0800][57041466ms] GC(4346)   Pre Evacuate Collection Set: 0.0ms
[2023-12-20T09:14:51.021-0800][57041466ms] GC(4346)   Evacuate Collection Set: 26.9ms
[2023-12-20T09:14:51.021-0800][57041466ms] GC(4346)   Post Evacuate Collection Set: 2.7ms
[2023-12-20T09:14:51.021-0800][57041466ms] GC(4346)   Other: 0.4ms
[2023-12-20T09:14:51.021-0800][57041466ms] GC(4346) Eden regions: 753->0(753)
[2023-12-20T09:14:51.021-0800][57041466ms] GC(4346) Survivor regions: 30->30(98)
[2023-12-20T09:14:51.021-0800][57041466ms] GC(4346) Old regions: 197->197
[2023-12-20T09:14:51.021-0800][57041466ms] GC(4346) Humongous regions: 5->5
[2023-12-20T09:14:51.021-0800][57041466ms] GC(4346) Metaspace: 256610K->256610K(1294336K)
[2023-12-20T09:14:51.021-0800][57041466ms] GC(4346) Pause Young (Normal) (G1 Evacuation Pause) 1969M->463M(2612M) 30.172ms
[2023-12-20T09:14:51.021-0800][57041466ms] GC(4346) User=0.08s Sys=0.00s Real=0.03s
[2023-12-20T09:14:51.889-0800][57042334ms] GC(4347) Pause Young (Normal) (G1 Evacuation Pause)
[2023-12-20T09:14:51.889-0800][57042334ms] GC(4347) Using 10 workers of 10 for evacuation
[2023-12-20T09:14:51.918-0800][57042363ms] GC(4347)   Pre Evacuate Collection Set: 0.0ms
[2023-12-20T09:14:51.918-0800][57042363ms] GC(4347)   Evacuate Collection Set: 27.0ms
[2023-12-20T09:14:51.918-0800][57042363ms] GC(4347)   Post Evacuate Collection Set: 2.5ms
[2023-12-20T09:14:51.918-0800][57042363ms] GC(4347)   Other: 0.4ms
[2023-12-20T09:14:51.918-0800][57042363ms] GC(4347) Eden regions: 753->0(753)
[2023-12-20T09:14:51.918-0800][57042363ms] GC(4347) Survivor regions: 30->30(98)
[2023-12-20T09:14:51.918-0800][57042363ms] GC(4347) Old regions: 197->197
[2023-12-20T09:14:51.918-0800][57042363ms] GC(4347) Humongous regions: 5->5
[2023-12-20T09:14:51.918-0800][57042363ms] GC(4347) Metaspace: 256610K->256610K(1294336K)
[2023-12-20T09:14:51.918-0800][57042363ms] GC(4347) Pause Young (Normal) (G1 Evacuation Pause) 1969M->463M(2612M) 30.068ms
[2023-12-20T09:14:51.918-0800][57042363ms] GC(4347) User=0.06s Sys=0.00s Real=0.03s
[2023-12-20T09:14:52.848-0800][57043293ms] GC(4348) Pause Young (Normal) (GCLocker Initiated GC)
[2023-12-20T09:14:52.848-0800][57043293ms] GC(4348) Using 10 workers of 10 for evacuation
[2023-12-20T09:14:52.879-0800][57043324ms] GC(4348)   Pre Evacuate Collection Set: 0.0ms
[2023-12-20T09:14:52.879-0800][57043324ms] GC(4348)   Evacuate Collection Set: 27.5ms
[2023-12-20T09:14:52.879-0800][57043324ms] GC(4348)   Post Evacuate Collection Set: 2.4ms
[2023-12-20T09:14:52.879-0800][57043324ms] GC(4348)   Other: 0.4ms
[2023-12-20T09:14:52.879-0800][57043324ms] GC(4348) Eden regions: 754->0(753)
[2023-12-20T09:14:52.879-0800][57043324ms] GC(4348) Survivor regions: 30->30(98)
[2023-12-20T09:14:52.879-0800][57043324ms] GC(4348) Old regions: 197->197
[2023-12-20T09:14:52.879-0800][57043324ms] GC(4348) Humongous regions: 5->5
[2023-12-20T09:14:52.879-0800][57043324ms] GC(4348) Metaspace: 256616K->256616K(1294336K)
[2023-12-20T09:14:52.879-0800][57043324ms] GC(4348) Pause Young (Normal) (GCLocker Initiated GC) 1970M->463M(2612M) 30.471ms
[2023-12-20T09:14:52.879-0800][57043324ms] GC(4348) User=0.08s Sys=0.00s Real=0.03s
[2023-12-20T09:14:53.851-0800][57044296ms] GC(4349) Pause Young (Normal) (GCLocker Initiated GC)
[2023-12-20T09:14:53.851-0800][57044296ms] GC(4349) Using 10 workers of 10 for evacuation
[2023-12-20T09:14:53.883-0800][57044328ms] GC(4349)   Pre Evacuate Collection Set: 0.0ms
[2023-12-20T09:14:53.883-0800][57044328ms] GC(4349)   Evacuate Collection Set: 27.6ms
[2023-12-20T09:14:53.883-0800][57044328ms] GC(4349)   Post Evacuate Collection Set: 2.6ms
[2023-12-20T09:14:53.883-0800][57044328ms] GC(4349)   Other: 0.4ms
[2023-12-20T09:14:53.883-0800][57044328ms] GC(4349) Eden regions: 754->0(753)
[2023-12-20T09:14:53.883-0800][57044328ms] GC(4349) Survivor regions: 30->30(98)
[2023-12-20T09:14:53.883-0800][57044328ms] GC(4349) Old regions: 197->197
[2023-12-20T09:14:53.883-0800][57044328ms] GC(4349) Humongous regions: 5->5
[2023-12-20T09:14:53.883-0800][57044328ms] GC(4349) Metaspace: 256616K->256616K(1294336K)
[2023-12-20T09:14:53.883-0800][57044328ms] GC(4349) Pause Young (Normal) (GCLocker Initiated GC) 1970M->462M(2612M) 30.712ms
[2023-12-20T09:14:53.883-0800][57044328ms] GC(4349) User=0.13s Sys=0.00s Real=0.03s
[2023-12-20T09:14:54.885-0800][57045330ms] GC(4350) Pause Young (Normal) (GCLocker Initiated GC)
[2023-12-20T09:14:54.885-0800][57045330ms] GC(4350) Using 10 workers of 10 for evacuation
[2023-12-20T09:14:54.916-0800][57045361ms] GC(4350)   Pre Evacuate Collection Set: 0.0ms
[2023-12-20T09:14:54.916-0800][57045361ms] GC(4350)   Evacuate Collection Set: 27.2ms
[2023-12-20T09:14:54.916-0800][57045361ms] GC(4350)   Post Evacuate Collection Set: 2.5ms
[2023-12-20T09:14:54.916-0800][57045361ms] GC(4350)   Other: 0.4ms
[2023-12-20T09:14:54.916-0800][57045361ms] GC(4350) Eden regions: 754->0(753)
[2023-12-20T09:14:54.916-0800][57045361ms] GC(4350) Survivor regions: 30->30(98)
[2023-12-20T09:14:54.916-0800][57045361ms] GC(4350) Old regions: 197->197
[2023-12-20T09:14:54.916-0800][57045361ms] GC(4350) Humongous regions: 5->5
[2023-12-20T09:14:54.916-0800][57045361ms] GC(4350) Metaspace: 256616K->256616K(1294336K)
[2023-12-20T09:14:54.916-0800][57045361ms] GC(4350) Pause Young (Normal) (GCLocker Initiated GC) 1969M->462M(2612M) 30.242ms
[2023-12-20T09:14:54.916-0800][57045361ms] GC(4350) User=0.14s Sys=0.00s Real=0.03s
[2023-12-20T09:14:55.897-0800][57046342ms] GC(4351) Pause Young (Normal) (G1 Evacuation Pause)
[2023-12-20T09:14:55.897-0800][57046342ms] GC(4351) Using 10 workers of 10 for evacuation
[2023-12-20T09:14:55.927-0800][57046372ms] GC(4351)   Pre Evacuate Collection Set: 0.0ms
[2023-12-20T09:14:55.927-0800][57046372ms] GC(4351)   Evacuate Collection Set: 27.6ms
[2023-12-20T09:14:55.927-0800][57046372ms] GC(4351)   Post Evacuate Collection Set: 2.4ms
[2023-12-20T09:14:55.927-0800][57046372ms] GC(4351)   Other: 0.3ms
[2023-12-20T09:14:55.927-0800][57046372ms] GC(4351) Eden regions: 753->0(753)
[2023-12-20T09:14:55.927-0800][57046372ms] GC(4351) Survivor regions: 30->30(98)
[2023-12-20T09:14:55.927-0800][57046372ms] GC(4351) Old regions: 197->197
[2023-12-20T09:14:55.927-0800][57046372ms] GC(4351) Humongous regions: 5->5
[2023-12-20T09:14:55.927-0800][57046372ms] GC(4351) Metaspace: 256616K->256616K(1294336K)
[2023-12-20T09:14:55.927-0800][57046372ms] GC(4351) Pause Young (Normal) (G1 Evacuation Pause) 1968M->462M(2612M) 30.435ms
[2023-12-20T09:14:55.927-0800][57046372ms] GC(4351) User=0.20s Sys=0.00s Real=0.03s
[2023-12-20T09:14:56.762-0800][57047207ms] GC(4352) Pause Young (Normal) (G1 Evacuation Pause)
[2023-12-20T09:14:56.762-0800][57047207ms] GC(4352) Using 10 workers of 10 for evacuation
[2023-12-20T09:14:56.793-0800][57047238ms] GC(4352)   Pre Evacuate Collection Set: 0.0ms
[2023-12-20T09:14:56.793-0800][57047238ms] GC(4352)   Evacuate Collection Set: 28.5ms
[2023-12-20T09:14:56.793-0800][57047238ms] GC(4352)   Post Evacuate Collection Set: 2.6ms
[2023-12-20T09:14:56.793-0800][57047238ms] GC(4352)   Other: 0.4ms
[2023-12-20T09:14:56.793-0800][57047238ms] GC(4352) Eden regions: 753->0(753)
[2023-12-20T09:14:56.793-0800][57047238ms] GC(4352) Survivor regions: 30->30(98)
[2023-12-20T09:14:56.793-0800][57047238ms] GC(4352) Old regions: 197->197
[2023-12-20T09:14:56.793-0800][57047238ms] GC(4352) Humongous regions: 5->5
[2023-12-20T09:14:56.793-0800][57047238ms] GC(4352) Metaspace: 256616K->256616K(1294336K)
[2023-12-20T09:14:56.793-0800][57047238ms] GC(4352) Pause Young (Normal) (G1 Evacuation Pause) 1968M->463M(2612M) 31.627ms
[2023-12-20T09:14:56.793-0800][57047238ms] GC(4352) User=0.14s Sys=0.00s Real=0.03s
[2023-12-20T09:14:57.725-0800][57048170ms] GC(4353) Pause Young (Normal) (G1 Evacuation Pause)
[2023-12-20T09:14:57.725-0800][57048170ms] GC(4353) Using 10 workers of 10 for evacuation
[2023-12-20T09:14:57.755-0800][57048200ms] GC(4353)   Pre Evacuate Collection Set: 0.1ms
[2023-12-20T09:14:57.755-0800][57048200ms] GC(4353)   Evacuate Collection Set: 27.8ms
[2023-12-20T09:14:57.755-0800][57048200ms] GC(4353)   Post Evacuate Collection Set: 2.4ms
[2023-12-20T09:14:57.755-0800][57048200ms] GC(4353)   Other: 0.5ms
[2023-12-20T09:14:57.755-0800][57048200ms] GC(4353) Eden regions: 753->0(754)
[2023-12-20T09:14:57.755-0800][57048200ms] GC(4353) Survivor regions: 30->29(98)
[2023-12-20T09:14:57.755-0800][57048200ms] GC(4353) Old regions: 197->197
[2023-12-20T09:14:57.755-0800][57048200ms] GC(4353) Humongous regions: 5->5
[2023-12-20T09:14:57.755-0800][57048200ms] GC(4353) Metaspace: 256616K->256616K(1294336K)
[2023-12-20T09:14:57.755-0800][57048200ms] GC(4353) Pause Young (Normal) (G1 Evacuation Pause) 1969M->461M(2612M) 30.992ms
[2023-12-20T09:14:57.755-0800][57048200ms] GC(4353) User=0.22s Sys=0.00s Real=0.03s
[2023-12-20T09:14:58.667-0800][57049112ms] GC(4354) Pause Young (Normal) (G1 Evacuation Pause)
[2023-12-20T09:14:58.667-0800][57049112ms] GC(4354) Using 10 workers of 10 for evacuation
[2023-12-20T09:14:58.699-0800][57049144ms] GC(4354)   Pre Evacuate Collection Set: 0.0ms
[2023-12-20T09:14:58.699-0800][57049144ms] GC(4354)   Evacuate Collection Set: 28.7ms
[2023-12-20T09:14:58.699-0800][57049144ms] GC(4354)   Post Evacuate Collection Set: 2.7ms
[2023-12-20T09:14:58.699-0800][57049144ms] GC(4354)   Other: 0.4ms
[2023-12-20T09:14:58.699-0800][57049144ms] GC(4354) Eden regions: 754->0(753)
[2023-12-20T09:14:58.699-0800][57049144ms] GC(4354) Survivor regions: 29->30(98)
[2023-12-20T09:14:58.699-0800][57049144ms] GC(4354) Old regions: 197->197
[2023-12-20T09:14:58.699-0800][57049144ms] GC(4354) Humongous regions: 5->5
[2023-12-20T09:14:58.699-0800][57049144ms] GC(4354) Metaspace: 256616K->256616K(1294336K)
[2023-12-20T09:14:58.699-0800][57049144ms] GC(4354) Pause Young (Normal) (G1 Evacuation Pause) 1969M->462M(2612M) 31.980ms
[2023-12-20T09:14:58.699-0800][57049144ms] GC(4354) User=0.11s Sys=0.00s Real=0.03s
[2023-12-20T09:14:59.621-0800][57050066ms] GC(4355) Pause Young (Normal) (G1 Evacuation Pause)
[2023-12-20T09:14:59.621-0800][57050066ms] GC(4355) Using 10 workers of 10 for evacuation
[2023-12-20T09:14:59.652-0800][57050097ms] GC(4355)   Pre Evacuate Collection Set: 0.0ms
[2023-12-20T09:14:59.653-0800][57050098ms] GC(4355)   Evacuate Collection Set: 28.2ms
[2023-12-20T09:14:59.653-0800][57050098ms] GC(4355)   Post Evacuate Collection Set: 3.6ms
[2023-12-20T09:14:59.653-0800][57050098ms] GC(4355)   Other: 0.4ms
[2023-12-20T09:14:59.653-0800][57050098ms] GC(4355) Eden regions: 753->0(753)
[2023-12-20T09:14:59.653-0800][57050098ms] GC(4355) Survivor regions: 30->30(98)
[2023-12-20T09:14:59.653-0800][57050098ms] GC(4355) Old regions: 197->197
[2023-12-20T09:14:59.653-0800][57050098ms] GC(4355) Humongous regions: 5->5
[2023-12-20T09:14:59.653-0800][57050098ms] GC(4355) Metaspace: 256616K->256616K(1294336K)
[2023-12-20T09:14:59.653-0800][57050098ms] GC(4355) Pause Young (Normal) (G1 Evacuation Pause) 1968M->462M(2612M) 32.348ms
[2023-12-20T09:14:59.653-0800][57050098ms] GC(4355) User=0.09s Sys=0.00s Real=0.03s
[2023-12-20T09:15:00.536-0800][57050981ms] GC(4356) Pause Young (Normal) (G1 Evacuation Pause)
[2023-12-20T09:15:00.536-0800][57050981ms] GC(4356) Using 10 workers of 10 for evacuation
[2023-12-20T09:15:00.568-0800][57051013ms] GC(4356)   Pre Evacuate Collection Set: 0.0ms
[2023-12-20T09:15:00.568-0800][57051013ms] GC(4356)   Evacuate Collection Set: 29.2ms
[2023-12-20T09:15:00.568-0800][57051013ms] GC(4356)   Post Evacuate Collection Set: 2.6ms
[2023-12-20T09:15:00.568-0800][57051013ms] GC(4356)   Other: 0.4ms
[2023-12-20T09:15:00.568-0800][57051013ms] GC(4356) Eden regions: 753->0(754)
[2023-12-20T09:15:00.568-0800][57051013ms] GC(4356) Survivor regions: 30->29(98)
[2023-12-20T09:15:00.568-0800][57051013ms] GC(4356) Old regions: 197->197
[2023-12-20T09:15:00.568-0800][57051013ms] GC(4356) Humongous regions: 5->5
[2023-12-20T09:15:00.568-0800][57051013ms] GC(4356) Metaspace: 256616K->256616K(1294336K)
[2023-12-20T09:15:00.568-0800][57051013ms] GC(4356) Pause Young (Normal) (G1 Evacuation Pause) 1968M->460M(2612M) 32.393ms
[2023-12-20T09:15:00.568-0800][57051013ms] GC(4356) User=0.19s Sys=0.00s Real=0.03s
[2023-12-20T09:15:01.446-0800][57051891ms] GC(4357) Pause Young (Normal) (G1 Evacuation Pause)
[2023-12-20T09:15:01.446-0800][57051891ms] GC(4357) Using 10 workers of 10 for evacuation
[2023-12-20T09:15:01.475-0800][57051920ms] GC(4357)   Pre Evacuate Collection Set: 0.0ms
[2023-12-20T09:15:01.475-0800][57051920ms] GC(4357)   Evacuate Collection Set: 26.6ms
[2023-12-20T09:15:01.475-0800][57051920ms] GC(4357)   Post Evacuate Collection Set: 2.6ms
[2023-12-20T09:15:01.475-0800][57051920ms] GC(4357)   Other: 0.5ms
[2023-12-20T09:15:01.475-0800][57051920ms] GC(4357) Eden regions: 754->0(753)
[2023-12-20T09:15:01.475-0800][57051920ms] GC(4357) Survivor regions: 29->30(98)
[2023-12-20T09:15:01.475-0800][57051920ms] GC(4357) Old regions: 197->197
[2023-12-20T09:15:01.475-0800][57051920ms] GC(4357) Humongous regions: 5->5
[2023-12-20T09:15:01.475-0800][57051920ms] GC(4357) Metaspace: 256616K->256616K(1294336K)
[2023-12-20T09:15:01.475-0800][57051920ms] GC(4357) Pause Young (Normal) (G1 Evacuation Pause) 1968M->462M(2612M) 29.960ms
[2023-12-20T09:15:01.475-0800][57051920ms] GC(4357) User=0.09s Sys=0.00s Real=0.03s
[2023-12-20T09:15:02.353-0800][57052798ms] GC(4358) Pause Young (Normal) (G1 Evacuation Pause)
[2023-12-20T09:15:02.353-0800][57052798ms] GC(4358) Using 10 workers of 10 for evacuation
[2023-12-20T09:15:02.383-0800][57052828ms] GC(4358)   Pre Evacuate Collection Set: 0.0ms
[2023-12-20T09:15:02.383-0800][57052828ms] GC(4358)   Evacuate Collection Set: 27.2ms
[2023-12-20T09:15:02.383-0800][57052828ms] GC(4358)   Post Evacuate Collection Set: 2.4ms
[2023-12-20T09:15:02.383-0800][57052828ms] GC(4358)   Other: 0.3ms
[2023-12-20T09:15:02.383-0800][57052828ms] GC(4358) Eden regions: 753->0(753)
[2023-12-20T09:15:02.383-0800][57052828ms] GC(4358) Survivor regions: 30->30(98)
[2023-12-20T09:15:02.383-0800][57052828ms] GC(4358) Old regions: 197->197
[2023-12-20T09:15:02.383-0800][57052828ms] GC(4358) Humongous regions: 5->5
[2023-12-20T09:15:02.383-0800][57052828ms] GC(4358) Metaspace: 256616K->256616K(1294336K)
[2023-12-20T09:15:02.383-0800][57052828ms] GC(4358) Pause Young (Normal) (G1 Evacuation Pause) 1968M->463M(2612M) 30.089ms
[2023-12-20T09:15:02.383-0800][57052828ms] GC(4358) User=0.09s Sys=0.00s Real=0.03s
[2023-12-20T09:15:03.262-0800][57053707ms] GC(4359) Pause Young (Normal) (G1 Evacuation Pause)
[2023-12-20T09:15:03.262-0800][57053707ms] GC(4359) Using 10 workers of 10 for evacuation
[2023-12-20T09:15:03.293-0800][57053738ms] GC(4359)   Pre Evacuate Collection Set: 0.0ms
[2023-12-20T09:15:03.293-0800][57053738ms] GC(4359)   Evacuate Collection Set: 27.5ms
[2023-12-20T09:15:03.293-0800][57053738ms] GC(4359)   Post Evacuate Collection Set: 3.6ms
[2023-12-20T09:15:03.293-0800][57053738ms] GC(4359)   Other: 0.4ms
[2023-12-20T09:15:03.293-0800][57053738ms] GC(4359) Eden regions: 753->0(753)
[2023-12-20T09:15:03.294-0800][57053739ms] GC(4359) Survivor regions: 30->30(98)
[2023-12-20T09:15:03.294-0800][57053739ms] GC(4359) Old regions: 197->197
[2023-12-20T09:15:03.294-0800][57053739ms] GC(4359) Humongous regions: 5->5
[2023-12-20T09:15:03.294-0800][57053739ms] GC(4359) Metaspace: 256616K->256616K(1294336K)
[2023-12-20T09:15:03.294-0800][57053739ms] GC(4359) Pause Young (Normal) (G1 Evacuation Pause) 1969M->463M(2612M) 31.621ms
[2023-12-20T09:15:03.294-0800][57053739ms] GC(4359) User=0.09s Sys=0.00s Real=0.03s
[2023-12-20T09:15:04.229-0800][57054674ms] GC(4360) Pause Young (Normal) (G1 Evacuation Pause)
[2023-12-20T09:15:04.229-0800][57054674ms] GC(4360) Using 10 workers of 10 for evacuation
[2023-12-20T09:15:04.259-0800][57054704ms] GC(4360)   Pre Evacuate Collection Set: 0.0ms
[2023-12-20T09:15:04.260-0800][57054705ms] GC(4360)   Evacuate Collection Set: 26.9ms
[2023-12-20T09:15:04.260-0800][57054705ms] GC(4360)   Post Evacuate Collection Set: 2.6ms
[2023-12-20T09:15:04.260-0800][57054705ms] GC(4360)   Other: 0.4ms
[2023-12-20T09:15:04.260-0800][57054705ms] GC(4360) Eden regions: 753->0(753)
[2023-12-20T09:15:04.260-0800][57054705ms] GC(4360) Survivor regions: 30->30(98)
[2023-12-20T09:15:04.260-0800][57054705ms] GC(4360) Old regions: 197->197
[2023-12-20T09:15:04.260-0800][57054705ms] GC(4360) Humongous regions: 5->5
[2023-12-20T09:15:04.260-0800][57054705ms] GC(4360) Metaspace: 256616K->256616K(1294336K)
[2023-12-20T09:15:04.260-0800][57054705ms] GC(4360) Pause Young (Normal) (G1 Evacuation Pause) 1969M->462M(2612M) 30.060ms
[2023-12-20T09:15:04.260-0800][57054705ms] GC(4360) User=0.13s Sys=0.00s Real=0.03s
[2023-12-20T09:15:05.151-0800][57055596ms] GC(4361) Pause Young (Normal) (G1 Evacuation Pause)
[2023-12-20T09:15:05.151-0800][57055596ms] GC(4361) Using 10 workers of 10 for evacuation
[2023-12-20T09:15:05.182-0800][57055627ms] GC(4361)   Pre Evacuate Collection Set: 0.0ms
[2023-12-20T09:15:05.182-0800][57055627ms] GC(4361)   Evacuate Collection Set: 27.0ms
[2023-12-20T09:15:05.182-0800][57055627ms] GC(4361)   Post Evacuate Collection Set: 2.7ms
[2023-12-20T09:15:05.182-0800][57055627ms] GC(4361)   Other: 0.4ms
[2023-12-20T09:15:05.182-0800][57055627ms] GC(4361) Eden regions: 753->0(753)
[2023-12-20T09:15:05.182-0800][57055627ms] GC(4361) Survivor regions: 30->30(98)
[2023-12-20T09:15:05.182-0800][57055627ms] GC(4361) Old regions: 197->197
[2023-12-20T09:15:05.182-0800][57055627ms] GC(4361) Humongous regions: 5->5
[2023-12-20T09:15:05.182-0800][57055627ms] GC(4361) Metaspace: 256616K->256616K(1294336K)
[2023-12-20T09:15:05.182-0800][57055627ms] GC(4361) Pause Young (Normal) (G1 Evacuation Pause) 1968M->463M(2612M) 30.229ms
[2023-12-20T09:15:05.182-0800][57055627ms] GC(4361) User=0.05s Sys=0.00s Real=0.03s
[2023-12-20T09:15:06.094-0800][57056539ms] GC(4362) Pause Young (Normal) (G1 Evacuation Pause)
[2023-12-20T09:15:06.094-0800][57056539ms] GC(4362) Using 10 workers of 10 for evacuation
[2023-12-20T09:15:06.124-0800][57056569ms] GC(4362)   Pre Evacuate Collection Set: 0.1ms
[2023-12-20T09:15:06.124-0800][57056569ms] GC(4362)   Evacuate Collection Set: 27.1ms
[2023-12-20T09:15:06.124-0800][57056569ms] GC(4362)   Post Evacuate Collection Set: 2.6ms
[2023-12-20T09:15:06.124-0800][57056569ms] GC(4362)   Other: 0.4ms
[2023-12-20T09:15:06.124-0800][57056569ms] GC(4362) Eden regions: 753->0(753)
[2023-12-20T09:15:06.124-0800][57056569ms] GC(4362) Survivor regions: 30->30(98)
[2023-12-20T09:15:06.124-0800][57056569ms] GC(4362) Old regions: 197->197
[2023-12-20T09:15:06.124-0800][57056569ms] GC(4362) Humongous regions: 5->5
[2023-12-20T09:15:06.124-0800][57056569ms] GC(4362) Metaspace: 256616K->256616K(1294336K)
[2023-12-20T09:15:06.124-0800][57056569ms] GC(4362) Pause Young (Normal) (G1 Evacuation Pause) 1969M->463M(2612M) 30.331ms
[2023-12-20T09:15:06.124-0800][57056569ms] GC(4362) User=0.09s Sys=0.00s Real=0.03s
[2023-12-20T09:15:06.942-0800][57057387ms] GC(4363) Pause Young (Normal) (G1 Evacuation Pause)
[2023-12-20T09:15:06.942-0800][57057387ms] GC(4363) Using 10 workers of 10 for evacuation
[2023-12-20T09:15:06.973-0800][57057418ms] GC(4363)   Pre Evacuate Collection Set: 0.0ms
[2023-12-20T09:15:06.973-0800][57057418ms] GC(4363)   Evacuate Collection Set: 27.5ms
[2023-12-20T09:15:06.973-0800][57057418ms] GC(4363)   Post Evacuate Collection Set: 2.9ms
[2023-12-20T09:15:06.973-0800][57057418ms] GC(4363)   Other: 0.4ms
[2023-12-20T09:15:06.973-0800][57057418ms] GC(4363) Eden regions: 753->0(753)
[2023-12-20T09:15:06.973-0800][57057418ms] GC(4363) Survivor regions: 30->30(98)
[2023-12-20T09:15:06.973-0800][57057418ms] GC(4363) Old regions: 197->197
[2023-12-20T09:15:06.973-0800][57057418ms] GC(4363) Humongous regions: 5->5
[2023-12-20T09:15:06.973-0800][57057418ms] GC(4363) Metaspace: 256616K->256616K(1294336K)
[2023-12-20T09:15:06.973-0800][57057418ms] GC(4363) Pause Young (Normal) (G1 Evacuation Pause) 1969M->462M(2612M) 31.014ms
[2023-12-20T09:15:06.973-0800][57057418ms] GC(4363) User=0.08s Sys=0.00s Real=0.03s
[2023-12-20T09:15:07.826-0800][57058271ms] GC(4364) Pause Young (Normal) (G1 Evacuation Pause)
[2023-12-20T09:15:07.826-0800][57058271ms] GC(4364) Using 10 workers of 10 for evacuation
[2023-12-20T09:15:07.855-0800][57058300ms] GC(4364)   Pre Evacuate Collection Set: 0.0ms
[2023-12-20T09:15:07.855-0800][57058300ms] GC(4364)   Evacuate Collection Set: 27.3ms
[2023-12-20T09:15:07.855-0800][57058300ms] GC(4364)   Post Evacuate Collection Set: 2.4ms
[2023-12-20T09:15:07.855-0800][57058300ms] GC(4364)   Other: 0.4ms
[2023-12-20T09:15:07.855-0800][57058300ms] GC(4364) Eden regions: 753->0(753)
[2023-12-20T09:15:07.855-0800][57058300ms] GC(4364) Survivor regions: 30->30(98)
[2023-12-20T09:15:07.855-0800][57058300ms] GC(4364) Old regions: 197->197
[2023-12-20T09:15:07.855-0800][57058300ms] GC(4364) Humongous regions: 5->5
[2023-12-20T09:15:07.855-0800][57058300ms] GC(4364) Metaspace: 256616K->256616K(1294336K)
[2023-12-20T09:15:07.855-0800][57058300ms] GC(4364) Pause Young (Normal) (G1 Evacuation Pause) 1968M->463M(2612M) 30.222ms
[2023-12-20T09:15:07.855-0800][57058300ms] GC(4364) User=0.09s Sys=0.00s Real=0.03s
[2023-12-20T09:15:08.737-0800][57059182ms] GC(4365) Pause Young (Normal) (G1 Evacuation Pause)
[2023-12-20T09:15:08.737-0800][57059182ms] GC(4365) Using 10 workers of 10 for evacuation
[2023-12-20T09:15:08.767-0800][57059212ms] GC(4365)   Pre Evacuate Collection Set: 0.0ms
[2023-12-20T09:15:08.767-0800][57059212ms] GC(4365)   Evacuate Collection Set: 27.0ms
[2023-12-20T09:15:08.767-0800][57059212ms] GC(4365)   Post Evacuate Collection Set: 2.5ms
[2023-12-20T09:15:08.767-0800][57059212ms] GC(4365)   Other: 0.4ms
[2023-12-20T09:15:08.767-0800][57059212ms] GC(4365) Eden regions: 753->0(753)
[2023-12-20T09:15:08.767-0800][57059212ms] GC(4365) Survivor regions: 30->30(98)
[2023-12-20T09:15:08.767-0800][57059212ms] GC(4365) Old regions: 197->197
[2023-12-20T09:15:08.767-0800][57059212ms] GC(4365) Humongous regions: 5->5
[2023-12-20T09:15:08.767-0800][57059212ms] GC(4365) Metaspace: 256616K->256616K(1294336K)
[2023-12-20T09:15:08.767-0800][57059212ms] GC(4365) Pause Young (Normal) (G1 Evacuation Pause) 1969M->462M(2612M) 29.951ms
[2023-12-20T09:15:08.767-0800][57059212ms] GC(4365) User=0.08s Sys=0.00s Real=0.03s
[2023-12-20T09:15:09.665-0800][57060110ms] GC(4366) Pause Young (Normal) (G1 Evacuation Pause)
[2023-12-20T09:15:09.665-0800][57060110ms] GC(4366) Using 10 workers of 10 for evacuation
[2023-12-20T09:15:09.699-0800][57060144ms] GC(4366)   Pre Evacuate Collection Set: 0.0ms
[2023-12-20T09:15:09.699-0800][57060144ms] GC(4366)   Evacuate Collection Set: 31.2ms
[2023-12-20T09:15:09.699-0800][57060144ms] GC(4366)   Post Evacuate Collection Set: 2.8ms
[2023-12-20T09:15:09.699-0800][57060144ms] GC(4366)   Other: 0.4ms
[2023-12-20T09:15:09.699-0800][57060144ms] GC(4366) Eden regions: 753->0(754)
[2023-12-20T09:15:09.699-0800][57060144ms] GC(4366) Survivor regions: 30->29(98)
[2023-12-20T09:15:09.699-0800][57060144ms] GC(4366) Old regions: 197->197
[2023-12-20T09:15:09.699-0800][57060144ms] GC(4366) Humongous regions: 5->5
[2023-12-20T09:15:09.699-0800][57060144ms] GC(4366) Metaspace: 256616K->256616K(1294336K)
[2023-12-20T09:15:09.699-0800][57060144ms] GC(4366) Pause Young (Normal) (G1 Evacuation Pause) 1968M->460M(2612M) 34.601ms
[2023-12-20T09:15:09.699-0800][57060144ms] GC(4366) User=0.09s Sys=0.00s Real=0.03s
[2023-12-20T09:15:10.688-0800][57061133ms] GC(4367) Pause Young (Normal) (G1 Evacuation Pause)
[2023-12-20T09:15:10.688-0800][57061133ms] GC(4367) Using 10 workers of 10 for evacuation
[2023-12-20T09:15:10.722-0800][57061167ms] GC(4367)   Pre Evacuate Collection Set: 0.0ms
[2023-12-20T09:15:10.722-0800][57061167ms] GC(4367)   Evacuate Collection Set: 29.8ms
[2023-12-20T09:15:10.722-0800][57061167ms] GC(4367)   Post Evacuate Collection Set: 3.0ms
[2023-12-20T09:15:10.722-0800][57061167ms] GC(4367)   Other: 0.4ms
[2023-12-20T09:15:10.722-0800][57061167ms] GC(4367) Eden regions: 754->0(754)
[2023-12-20T09:15:10.722-0800][57061167ms] GC(4367) Survivor regions: 29->29(98)
[2023-12-20T09:15:10.722-0800][57061167ms] GC(4367) Old regions: 197->197
[2023-12-20T09:15:10.722-0800][57061167ms] GC(4367) Humongous regions: 5->5
[2023-12-20T09:15:10.722-0800][57061167ms] GC(4367) Metaspace: 256616K->256616K(1294336K)
[2023-12-20T09:15:10.722-0800][57061167ms] GC(4367) Pause Young (Normal) (G1 Evacuation Pause) 1968M->461M(2612M) 33.299ms
[2023-12-20T09:15:10.722-0800][57061167ms] GC(4367) User=0.09s Sys=0.00s Real=0.03s
[2023-12-20T09:15:11.608-0800][57062053ms] GC(4368) Pause Young (Normal) (G1 Evacuation Pause)
[2023-12-20T09:15:11.608-0800][57062053ms] GC(4368) Using 10 workers of 10 for evacuation
[2023-12-20T09:15:11.638-0800][57062083ms] GC(4368)   Pre Evacuate Collection Set: 0.0ms
[2023-12-20T09:15:11.638-0800][57062083ms] GC(4368)   Evacuate Collection Set: 27.0ms
[2023-12-20T09:15:11.638-0800][57062083ms] GC(4368)   Post Evacuate Collection Set: 2.5ms
[2023-12-20T09:15:11.638-0800][57062083ms] GC(4368)   Other: 0.4ms
[2023-12-20T09:15:11.638-0800][57062083ms] GC(4368) Eden regions: 754->0(753)
[2023-12-20T09:15:11.638-0800][57062083ms] GC(4368) Survivor regions: 29->30(98)
[2023-12-20T09:15:11.638-0800][57062083ms] GC(4368) Old regions: 197->197
[2023-12-20T09:15:11.638-0800][57062083ms] GC(4368) Humongous regions: 5->5
[2023-12-20T09:15:11.638-0800][57062083ms] GC(4368) Metaspace: 256616K->256616K(1294336K)
[2023-12-20T09:15:11.638-0800][57062083ms] GC(4368) Pause Young (Normal) (G1 Evacuation Pause) 1969M->462M(2612M) 30.107ms
[2023-12-20T09:15:11.638-0800][57062083ms] GC(4368) User=0.08s Sys=0.00s Real=0.03s
[2023-12-20T09:15:12.526-0800][57062971ms] GC(4369) Pause Young (Normal) (G1 Evacuation Pause)
[2023-12-20T09:15:12.526-0800][57062971ms] GC(4369) Using 10 workers of 10 for evacuation
[2023-12-20T09:15:12.555-0800][57063000ms] GC(4369)   Pre Evacuate Collection Set: 0.0ms
[2023-12-20T09:15:12.555-0800][57063000ms] GC(4369)   Evacuate Collection Set: 26.8ms
[2023-12-20T09:15:12.555-0800][57063000ms] GC(4369)   Post Evacuate Collection Set: 2.5ms
[2023-12-20T09:15:12.555-0800][57063000ms] GC(4369)   Other: 0.4ms
[2023-12-20T09:15:12.555-0800][57063000ms] GC(4369) Eden regions: 753->0(753)
[2023-12-20T09:15:12.555-0800][57063000ms] GC(4369) Survivor regions: 30->30(98)
[2023-12-20T09:15:12.555-0800][57063000ms] GC(4369) Old regions: 197->197
[2023-12-20T09:15:12.555-0800][57063000ms] GC(4369) Humongous regions: 5->5
[2023-12-20T09:15:12.555-0800][57063000ms] GC(4369) Metaspace: 256616K->256616K(1294336K)
[2023-12-20T09:15:12.555-0800][57063000ms] GC(4369) Pause Young (Normal) (G1 Evacuation Pause) 1968M->462M(2612M) 29.834ms
[2023-12-20T09:15:12.555-0800][57063000ms] GC(4369) User=0.13s Sys=0.00s Real=0.03s
[2023-12-20T09:15:13.505-0800][57063950ms] GC(4370) Pause Young (Normal) (G1 Evacuation Pause)
[2023-12-20T09:15:13.505-0800][57063950ms] GC(4370) Using 10 workers of 10 for evacuation
[2023-12-20T09:15:13.535-0800][57063980ms] GC(4370)   Pre Evacuate Collection Set: 0.0ms
[2023-12-20T09:15:13.535-0800][57063980ms] GC(4370)   Evacuate Collection Set: 28.4ms
[2023-12-20T09:15:13.535-0800][57063980ms] GC(4370)   Post Evacuate Collection Set: 2.6ms
[2023-12-20T09:15:13.535-0800][57063980ms] GC(4370)   Other: 0.4ms
[2023-12-20T09:15:13.535-0800][57063980ms] GC(4370) Eden regions: 753->0(753)
[2023-12-20T09:15:13.535-0800][57063980ms] GC(4370) Survivor regions: 30->30(98)
[2023-12-20T09:15:13.535-0800][57063980ms] GC(4370) Old regions: 197->197
[2023-12-20T09:15:13.535-0800][57063980ms] GC(4370) Humongous regions: 5->5
[2023-12-20T09:15:13.535-0800][57063980ms] GC(4370) Metaspace: 256616K->256616K(1294336K)
[2023-12-20T09:15:13.535-0800][57063980ms] GC(4370) Pause Young (Normal) (G1 Evacuation Pause) 1968M->463M(2612M) 31.547ms
[2023-12-20T09:15:13.535-0800][57063980ms] GC(4370) User=0.08s Sys=0.00s Real=0.03s
[2023-12-20T09:15:14.458-0800][57064903ms] GC(4371) Pause Young (Normal) (G1 Evacuation Pause)
[2023-12-20T09:15:14.458-0800][57064903ms] GC(4371) Using 10 workers of 10 for evacuation
[2023-12-20T09:15:14.490-0800][57064935ms] GC(4371)   Pre Evacuate Collection Set: 0.1ms
[2023-12-20T09:15:14.490-0800][57064935ms] GC(4371)   Evacuate Collection Set: 28.5ms
[2023-12-20T09:15:14.490-0800][57064935ms] GC(4371)   Post Evacuate Collection Set: 2.5ms
[2023-12-20T09:15:14.490-0800][57064935ms] GC(4371)   Other: 0.4ms
[2023-12-20T09:15:14.490-0800][57064935ms] GC(4371) Eden regions: 753->0(754)
[2023-12-20T09:15:14.490-0800][57064935ms] GC(4371) Survivor regions: 30->29(98)
[2023-12-20T09:15:14.490-0800][57064935ms] GC(4371) Old regions: 197->197
[2023-12-20T09:15:14.490-0800][57064935ms] GC(4371) Humongous regions: 5->5
[2023-12-20T09:15:14.490-0800][57064935ms] GC(4371) Metaspace: 256616K->256616K(1294336K)
[2023-12-20T09:15:14.490-0800][57064935ms] GC(4371) Pause Young (Normal) (G1 Evacuation Pause) 1969M->461M(2612M) 31.606ms
[2023-12-20T09:15:14.490-0800][57064935ms] GC(4371) User=0.14s Sys=0.00s Real=0.03s
[2023-12-20T09:15:15.358-0800][57065803ms] GC(4372) Pause Young (Normal) (G1 Evacuation Pause)
[2023-12-20T09:15:15.358-0800][57065803ms] GC(4372) Using 10 workers of 10 for evacuation
[2023-12-20T09:15:15.388-0800][57065833ms] GC(4372)   Pre Evacuate Collection Set: 0.0ms
[2023-12-20T09:15:15.388-0800][57065833ms] GC(4372)   Evacuate Collection Set: 27.6ms
[2023-12-20T09:15:15.388-0800][57065833ms] GC(4372)   Post Evacuate Collection Set: 2.7ms
[2023-12-20T09:15:15.388-0800][57065833ms] GC(4372)   Other: 0.4ms
[2023-12-20T09:15:15.388-0800][57065833ms] GC(4372) Eden regions: 754->0(753)
[2023-12-20T09:15:15.388-0800][57065833ms] GC(4372) Survivor regions: 29->30(98)
[2023-12-20T09:15:15.388-0800][57065833ms] GC(4372) Old regions: 197->197
[2023-12-20T09:15:15.388-0800][57065833ms] GC(4372) Humongous regions: 5->5
[2023-12-20T09:15:15.388-0800][57065833ms] GC(4372) Metaspace: 256616K->256616K(1294336K)
[2023-12-20T09:15:15.388-0800][57065833ms] GC(4372) Pause Young (Normal) (G1 Evacuation Pause) 1969M->462M(2612M) 30.812ms
[2023-12-20T09:15:15.388-0800][57065833ms] GC(4372) User=0.11s Sys=0.00s Real=0.03s
[2023-12-20T09:15:16.268-0800][57066713ms] GC(4373) Pause Young (Normal) (G1 Evacuation Pause)
[2023-12-20T09:15:16.268-0800][57066713ms] GC(4373) Using 10 workers of 10 for evacuation
[2023-12-20T09:15:16.298-0800][57066743ms] GC(4373)   Pre Evacuate Collection Set: 0.0ms
[2023-12-20T09:15:16.298-0800][57066743ms] GC(4373)   Evacuate Collection Set: 27.4ms
[2023-12-20T09:15:16.298-0800][57066743ms] GC(4373)   Post Evacuate Collection Set: 2.4ms
[2023-12-20T09:15:16.298-0800][57066743ms] GC(4373)   Other: 0.4ms
[2023-12-20T09:15:16.298-0800][57066743ms] GC(4373) Eden regions: 753->0(753)
[2023-12-20T09:15:16.298-0800][57066743ms] GC(4373) Survivor regions: 30->30(98)
[2023-12-20T09:15:16.298-0800][57066743ms] GC(4373) Old regions: 197->198
[2023-12-20T09:15:16.298-0800][57066743ms] GC(4373) Humongous regions: 5->5
[2023-12-20T09:15:16.298-0800][57066743ms] GC(4373) Metaspace: 256616K->256616K(1294336K)
[2023-12-20T09:15:16.298-0800][57066743ms] GC(4373) Pause Young (Normal) (G1 Evacuation Pause) 1968M->463M(2612M) 30.456ms
[2023-12-20T09:15:16.298-0800][57066743ms] GC(4373) User=0.11s Sys=0.00s Real=0.03s
[2023-12-20T09:15:17.162-0800][57067607ms] GC(4374) Pause Young (Normal) (G1 Evacuation Pause)
[2023-12-20T09:15:17.162-0800][57067607ms] GC(4374) Using 10 workers of 10 for evacuation
[2023-12-20T09:15:17.192-0800][57067637ms] GC(4374)   Pre Evacuate Collection Set: 0.0ms
[2023-12-20T09:15:17.192-0800][57067637ms] GC(4374)   Evacuate Collection Set: 27.3ms
[2023-12-20T09:15:17.192-0800][57067637ms] GC(4374)   Post Evacuate Collection Set: 2.4ms
[2023-12-20T09:15:17.192-0800][57067637ms] GC(4374)   Other: 0.4ms
[2023-12-20T09:15:17.192-0800][57067637ms] GC(4374) Eden regions: 753->0(753)
[2023-12-20T09:15:17.192-0800][57067637ms] GC(4374) Survivor regions: 30->30(98)
[2023-12-20T09:15:17.192-0800][57067637ms] GC(4374) Old regions: 198->198
[2023-12-20T09:15:17.192-0800][57067637ms] GC(4374) Humongous regions: 5->5
[2023-12-20T09:15:17.192-0800][57067637ms] GC(4374) Metaspace: 256616K->256616K(1294336K)
[2023-12-20T09:15:17.192-0800][57067637ms] GC(4374) Pause Young (Normal) (G1 Evacuation Pause) 1969M->464M(2612M) 30.232ms
[2023-12-20T09:15:17.192-0800][57067637ms] GC(4374) User=0.14s Sys=0.00s Real=0.03s
[2023-12-20T09:15:18.062-0800][57068507ms] GC(4375) Pause Young (Normal) (G1 Evacuation Pause)
[2023-12-20T09:15:18.062-0800][57068507ms] GC(4375) Using 10 workers of 10 for evacuation
[2023-12-20T09:15:18.092-0800][57068537ms] GC(4375)   Pre Evacuate Collection Set: 0.0ms
[2023-12-20T09:15:18.092-0800][57068537ms] GC(4375)   Evacuate Collection Set: 26.9ms
[2023-12-20T09:15:18.092-0800][57068537ms] GC(4375)   Post Evacuate Collection Set: 2.5ms
[2023-12-20T09:15:18.092-0800][57068537ms] GC(4375)   Other: 0.4ms
[2023-12-20T09:15:18.092-0800][57068537ms] GC(4375) Eden regions: 753->0(753)
[2023-12-20T09:15:18.092-0800][57068537ms] GC(4375) Survivor regions: 30->30(98)
[2023-12-20T09:15:18.092-0800][57068537ms] GC(4375) Old regions: 198->198
[2023-12-20T09:15:18.092-0800][57068537ms] GC(4375) Humongous regions: 5->5
[2023-12-20T09:15:18.092-0800][57068537ms] GC(4375) Metaspace: 256616K->256616K(1294336K)
[2023-12-20T09:15:18.092-0800][57068537ms] GC(4375) Pause Young (Normal) (G1 Evacuation Pause) 1970M->464M(2612M) 29.950ms
[2023-12-20T09:15:18.092-0800][57068537ms] GC(4375) User=0.06s Sys=0.00s Real=0.03s
[2023-12-20T09:15:18.985-0800][57069430ms] GC(4376) Pause Young (Normal) (G1 Evacuation Pause)
[2023-12-20T09:15:18.985-0800][57069430ms] GC(4376) Using 10 workers of 10 for evacuation
[2023-12-20T09:15:19.013-0800][57069458ms] GC(4376)   Pre Evacuate Collection Set: 0.0ms
[2023-12-20T09:15:19.013-0800][57069458ms] GC(4376)   Evacuate Collection Set: 25.9ms
[2023-12-20T09:15:19.013-0800][57069458ms] GC(4376)   Post Evacuate Collection Set: 2.7ms
[2023-12-20T09:15:19.013-0800][57069458ms] GC(4376)   Other: 0.4ms
[2023-12-20T09:15:19.013-0800][57069458ms] GC(4376) Eden regions: 753->0(753)
[2023-12-20T09:15:19.013-0800][57069458ms] GC(4376) Survivor regions: 30->30(98)
[2023-12-20T09:15:19.013-0800][57069458ms] GC(4376) Old regions: 198->198
[2023-12-20T09:15:19.013-0800][57069458ms] GC(4376) Humongous regions: 5->5
[2023-12-20T09:15:19.013-0800][57069458ms] GC(4376) Metaspace: 256616K->256616K(1294336K)
[2023-12-20T09:15:19.013-0800][57069458ms] GC(4376) Pause Young (Normal) (G1 Evacuation Pause) 1970M->464M(2612M) 29.139ms
[2023-12-20T09:15:19.013-0800][57069458ms] GC(4376) User=0.09s Sys=0.00s Real=0.03s
[2023-12-20T09:15:19.943-0800][57070388ms] GC(4377) Pause Young (Normal) (G1 Evacuation Pause)
[2023-12-20T09:15:19.943-0800][57070388ms] GC(4377) Using 10 workers of 10 for evacuation
[2023-12-20T09:15:19.974-0800][57070419ms] GC(4377)   Pre Evacuate Collection Set: 0.0ms
[2023-12-20T09:15:19.974-0800][57070419ms] GC(4377)   Evacuate Collection Set: 27.3ms
[2023-12-20T09:15:19.974-0800][57070419ms] GC(4377)   Post Evacuate Collection Set: 2.4ms
[2023-12-20T09:15:19.974-0800][57070419ms] GC(4377)   Other: 0.4ms
[2023-12-20T09:15:19.974-0800][57070419ms] GC(4377) Eden regions: 753->0(753)
[2023-12-20T09:15:19.974-0800][57070419ms] GC(4377) Survivor regions: 30->30(98)
[2023-12-20T09:15:19.974-0800][57070419ms] GC(4377) Old regions: 198->198
[2023-12-20T09:15:19.974-0800][57070419ms] GC(4377) Humongous regions: 5->5
[2023-12-20T09:15:19.974-0800][57070419ms] GC(4377) Metaspace: 256616K->256616K(1294336K)
[2023-12-20T09:15:19.974-0800][57070419ms] GC(4377) Pause Young (Normal) (G1 Evacuation Pause) 1970M->464M(2612M) 30.284ms
[2023-12-20T09:15:19.974-0800][57070419ms] GC(4377) User=0.11s Sys=0.00s Real=0.03s
[2023-12-20T09:15:20.881-0800][57071326ms] GC(4378) Pause Young (Normal) (G1 Evacuation Pause)
[2023-12-20T09:15:20.881-0800][57071326ms] GC(4378) Using 10 workers of 10 for evacuation
[2023-12-20T09:15:20.910-0800][57071355ms] GC(4378)   Pre Evacuate Collection Set: 0.0ms
[2023-12-20T09:15:20.910-0800][57071355ms] GC(4378)   Evacuate Collection Set: 26.8ms
[2023-12-20T09:15:20.910-0800][57071355ms] GC(4378)   Post Evacuate Collection Set: 2.8ms
[2023-12-20T09:15:20.910-0800][57071355ms] GC(4378)   Other: 0.4ms
[2023-12-20T09:15:20.910-0800][57071355ms] GC(4378) Eden regions: 753->0(753)
[2023-12-20T09:15:20.910-0800][57071355ms] GC(4378) Survivor regions: 30->30(98)
[2023-12-20T09:15:20.910-0800][57071355ms] GC(4378) Old regions: 198->198
[2023-12-20T09:15:20.910-0800][57071355ms] GC(4378) Humongous regions: 5->5
[2023-12-20T09:15:20.910-0800][57071355ms] GC(4378) Metaspace: 256616K->256616K(1294336K)
[2023-12-20T09:15:20.910-0800][57071355ms] GC(4378) Pause Young (Normal) (G1 Evacuation Pause) 1970M->464M(2612M) 30.145ms
[2023-12-20T09:15:20.910-0800][57071355ms] GC(4378) User=0.20s Sys=0.00s Real=0.03s
[2023-12-20T09:15:21.743-0800][57072188ms] GC(4379) Pause Young (Normal) (G1 Evacuation Pause)
[2023-12-20T09:15:21.743-0800][57072188ms] GC(4379) Using 10 workers of 10 for evacuation
[2023-12-20T09:15:21.774-0800][57072219ms] GC(4379)   Pre Evacuate Collection Set: 0.0ms
[2023-12-20T09:15:21.774-0800][57072219ms] GC(4379)   Evacuate Collection Set: 26.9ms
[2023-12-20T09:15:21.774-0800][57072219ms] GC(4379)   Post Evacuate Collection Set: 2.9ms
[2023-12-20T09:15:21.774-0800][57072219ms] GC(4379)   Other: 0.4ms
[2023-12-20T09:15:21.774-0800][57072219ms] GC(4379) Eden regions: 753->0(752)
[2023-12-20T09:15:21.774-0800][57072219ms] GC(4379) Survivor regions: 30->31(98)
[2023-12-20T09:15:21.774-0800][57072219ms] GC(4379) Old regions: 198->198
[2023-12-20T09:15:21.774-0800][57072219ms] GC(4379) Humongous regions: 5->5
[2023-12-20T09:15:21.774-0800][57072219ms] GC(4379) Metaspace: 256616K->256616K(1294336K)
[2023-12-20T09:15:21.774-0800][57072219ms] GC(4379) Pause Young (Normal) (G1 Evacuation Pause) 1970M->465M(2612M) 30.325ms
[2023-12-20T09:15:21.774-0800][57072219ms] GC(4379) User=0.11s Sys=0.00s Real=0.03s
[2023-12-20T09:15:22.653-0800][57073098ms] GC(4380) Pause Young (Normal) (G1 Evacuation Pause)
[2023-12-20T09:15:22.653-0800][57073098ms] GC(4380) Using 10 workers of 10 for evacuation
[2023-12-20T09:15:22.682-0800][57073127ms] GC(4380)   Pre Evacuate Collection Set: 0.1ms
[2023-12-20T09:15:22.682-0800][57073127ms] GC(4380)   Evacuate Collection Set: 26.6ms
[2023-12-20T09:15:22.682-0800][57073127ms] GC(4380)   Post Evacuate Collection Set: 2.5ms
[2023-12-20T09:15:22.682-0800][57073127ms] GC(4380)   Other: 0.5ms
[2023-12-20T09:15:22.682-0800][57073127ms] GC(4380) Eden regions: 752->0(753)
[2023-12-20T09:15:22.682-0800][57073127ms] GC(4380) Survivor regions: 31->30(98)
[2023-12-20T09:15:22.682-0800][57073127ms] GC(4380) Old regions: 198->198
[2023-12-20T09:15:22.682-0800][57073127ms] GC(4380) Humongous regions: 5->5
[2023-12-20T09:15:22.682-0800][57073127ms] GC(4380) Metaspace: 256616K->256616K(1294336K)
[2023-12-20T09:15:22.682-0800][57073127ms] GC(4380) Pause Young (Normal) (G1 Evacuation Pause) 1969M->464M(2612M) 29.735ms
[2023-12-20T09:15:22.683-0800][57073128ms] GC(4380) User=0.06s Sys=0.00s Real=0.03s
[2023-12-20T09:15:23.524-0800][57073969ms] GC(4381) Pause Young (Normal) (G1 Evacuation Pause)
[2023-12-20T09:15:23.524-0800][57073969ms] GC(4381) Using 10 workers of 10 for evacuation
[2023-12-20T09:15:23.555-0800][57074000ms] GC(4381)   Pre Evacuate Collection Set: 0.1ms
[2023-12-20T09:15:23.555-0800][57074000ms] GC(4381)   Evacuate Collection Set: 27.8ms
[2023-12-20T09:15:23.555-0800][57074000ms] GC(4381)   Post Evacuate Collection Set: 3.0ms
[2023-12-20T09:15:23.555-0800][57074000ms] GC(4381)   Other: 0.4ms
[2023-12-20T09:15:23.555-0800][57074000ms] GC(4381) Eden regions: 753->0(752)
[2023-12-20T09:15:23.555-0800][57074000ms] GC(4381) Survivor regions: 30->31(98)
[2023-12-20T09:15:23.555-0800][57074000ms] GC(4381) Old regions: 198->198
[2023-12-20T09:15:23.555-0800][57074000ms] GC(4381) Humongous regions: 5->5
[2023-12-20T09:15:23.555-0800][57074000ms] GC(4381) Metaspace: 256616K->256616K(1294336K)
[2023-12-20T09:15:23.555-0800][57074000ms] GC(4381) Pause Young (Normal) (G1 Evacuation Pause) 1970M->465M(2612M) 31.433ms
[2023-12-20T09:15:23.555-0800][57074000ms] GC(4381) User=0.03s Sys=0.02s Real=0.03s
[2023-12-20T09:15:24.560-0800][57075005ms] GC(4382) Pause Young (Normal) (G1 Evacuation Pause)
[2023-12-20T09:15:24.560-0800][57075005ms] GC(4382) Using 10 workers of 10 for evacuation
[2023-12-20T09:15:24.590-0800][57075035ms] GC(4382)   Pre Evacuate Collection Set: 0.0ms
[2023-12-20T09:15:24.591-0800][57075036ms] GC(4382)   Evacuate Collection Set: 27.4ms
[2023-12-20T09:15:24.591-0800][57075036ms] GC(4382)   Post Evacuate Collection Set: 3.0ms
[2023-12-20T09:15:24.591-0800][57075036ms] GC(4382)   Other: 0.4ms
[2023-12-20T09:15:24.591-0800][57075036ms] GC(4382) Eden regions: 752->0(752)
[2023-12-20T09:15:24.591-0800][57075036ms] GC(4382) Survivor regions: 31->31(98)
[2023-12-20T09:15:24.591-0800][57075036ms] GC(4382) Old regions: 198->198
[2023-12-20T09:15:24.591-0800][57075036ms] GC(4382) Humongous regions: 5->5
[2023-12-20T09:15:24.591-0800][57075036ms] GC(4382) Metaspace: 256616K->256616K(1294336K)
[2023-12-20T09:15:24.591-0800][57075036ms] GC(4382) Pause Young (Normal) (G1 Evacuation Pause) 1969M->465M(2612M) 31.054ms
[2023-12-20T09:15:24.591-0800][57075036ms] GC(4382) User=0.08s Sys=0.00s Real=0.03s
[2023-12-20T09:15:25.405-0800][57075850ms] GC(4383) Pause Young (Normal) (GCLocker Initiated GC)
[2023-12-20T09:15:25.405-0800][57075850ms] GC(4383) Using 10 workers of 10 for evacuation
[2023-12-20T09:15:25.434-0800][57075879ms] GC(4383)   Pre Evacuate Collection Set: 0.0ms
[2023-12-20T09:15:25.434-0800][57075879ms] GC(4383)   Evacuate Collection Set: 26.6ms
[2023-12-20T09:15:25.434-0800][57075879ms] GC(4383)   Post Evacuate Collection Set: 2.5ms
[2023-12-20T09:15:25.434-0800][57075879ms] GC(4383)   Other: 0.4ms
[2023-12-20T09:15:25.434-0800][57075879ms] GC(4383) Eden regions: 753->0(752)
[2023-12-20T09:15:25.434-0800][57075879ms] GC(4383) Survivor regions: 31->31(98)
[2023-12-20T09:15:25.434-0800][57075879ms] GC(4383) Old regions: 198->198
[2023-12-20T09:15:25.434-0800][57075879ms] GC(4383) Humongous regions: 5->5
[2023-12-20T09:15:25.434-0800][57075879ms] GC(4383) Metaspace: 256616K->256616K(1294336K)
[2023-12-20T09:15:25.434-0800][57075879ms] GC(4383) Pause Young (Normal) (GCLocker Initiated GC) 1970M->465M(2612M) 29.615ms
[2023-12-20T09:15:25.434-0800][57075879ms] GC(4383) User=0.09s Sys=0.00s Real=0.03s
[2023-12-20T09:15:26.174-0800][57076619ms] GC(4384) Pause Young (Normal) (GCLocker Initiated GC)
[2023-12-20T09:15:26.174-0800][57076619ms] GC(4384) Using 10 workers of 10 for evacuation
[2023-12-20T09:15:26.203-0800][57076648ms] GC(4384)   Pre Evacuate Collection Set: 0.0ms
[2023-12-20T09:15:26.203-0800][57076648ms] GC(4384)   Evacuate Collection Set: 25.9ms
[2023-12-20T09:15:26.203-0800][57076648ms] GC(4384)   Post Evacuate Collection Set: 3.0ms
[2023-12-20T09:15:26.203-0800][57076648ms] GC(4384)   Other: 0.4ms
[2023-12-20T09:15:26.203-0800][57076648ms] GC(4384) Eden regions: 753->0(752)
[2023-12-20T09:15:26.203-0800][57076648ms] GC(4384) Survivor regions: 31->31(98)
[2023-12-20T09:15:26.203-0800][57076648ms] GC(4384) Old regions: 198->198
[2023-12-20T09:15:26.203-0800][57076648ms] GC(4384) Humongous regions: 5->5
[2023-12-20T09:15:26.203-0800][57076648ms] GC(4384) Metaspace: 256616K->256616K(1294336K)
[2023-12-20T09:15:26.203-0800][57076648ms] GC(4384) Pause Young (Normal) (GCLocker Initiated GC) 1970M->465M(2612M) 29.483ms
[2023-12-20T09:15:26.204-0800][57076649ms] GC(4384) User=0.09s Sys=0.00s Real=0.03s
[2023-12-20T09:15:26.836-0800][57077281ms] GC(4385) Pause Young (Normal) (G1 Evacuation Pause)
[2023-12-20T09:15:26.836-0800][57077281ms] GC(4385) Using 10 workers of 10 for evacuation
[2023-12-20T09:15:26.866-0800][57077311ms] GC(4385)   Pre Evacuate Collection Set: 0.0ms
[2023-12-20T09:15:26.866-0800][57077311ms] GC(4385)   Evacuate Collection Set: 26.8ms
[2023-12-20T09:15:26.866-0800][57077311ms] GC(4385)   Post Evacuate Collection Set: 2.5ms
[2023-12-20T09:15:26.866-0800][57077311ms] GC(4385)   Other: 0.4ms
[2023-12-20T09:15:26.866-0800][57077311ms] GC(4385) Eden regions: 752->0(752)
[2023-12-20T09:15:26.866-0800][57077311ms] GC(4385) Survivor regions: 31->31(98)
[2023-12-20T09:15:26.866-0800][57077311ms] GC(4385) Old regions: 198->198
[2023-12-20T09:15:26.866-0800][57077311ms] GC(4385) Humongous regions: 5->5
[2023-12-20T09:15:26.866-0800][57077311ms] GC(4385) Metaspace: 256616K->256616K(1294336K)
[2023-12-20T09:15:26.866-0800][57077311ms] GC(4385) Pause Young (Normal) (G1 Evacuation Pause) 1969M->465M(2612M) 29.872ms
[2023-12-20T09:15:26.866-0800][57077311ms] GC(4385) User=0.08s Sys=0.02s Real=0.03s
[2023-12-20T09:15:27.609-0800][57078054ms] GC(4386) Pause Young (Normal) (G1 Evacuation Pause)
[2023-12-20T09:15:27.609-0800][57078054ms] GC(4386) Using 10 workers of 10 for evacuation
[2023-12-20T09:15:27.638-0800][57078083ms] GC(4386)   Pre Evacuate Collection Set: 0.0ms
[2023-12-20T09:15:27.638-0800][57078083ms] GC(4386)   Evacuate Collection Set: 26.3ms
[2023-12-20T09:15:27.638-0800][57078083ms] GC(4386)   Post Evacuate Collection Set: 3.0ms
[2023-12-20T09:15:27.638-0800][57078083ms] GC(4386)   Other: 0.4ms
[2023-12-20T09:15:27.638-0800][57078083ms] GC(4386) Eden regions: 752->0(752)
[2023-12-20T09:15:27.638-0800][57078083ms] GC(4386) Survivor regions: 31->31(98)
[2023-12-20T09:15:27.638-0800][57078083ms] GC(4386) Old regions: 198->198
[2023-12-20T09:15:27.638-0800][57078083ms] GC(4386) Humongous regions: 5->5
[2023-12-20T09:15:27.638-0800][57078083ms] GC(4386) Metaspace: 256616K->256616K(1294336K)
[2023-12-20T09:15:27.638-0800][57078083ms] GC(4386) Pause Young (Normal) (G1 Evacuation Pause) 1969M->465M(2612M) 30.077ms
[2023-12-20T09:15:27.640-0800][57078085ms] GC(4386) User=0.11s Sys=0.00s Real=0.03s
[2023-12-20T09:15:28.413-0800][57078858ms] GC(4387) Pause Young (Normal) (G1 Evacuation Pause)
[2023-12-20T09:15:28.413-0800][57078858ms] GC(4387) Using 10 workers of 10 for evacuation
[2023-12-20T09:15:28.445-0800][57078890ms] GC(4387)   Pre Evacuate Collection Set: 0.0ms
[2023-12-20T09:15:28.446-0800][57078891ms] GC(4387)   Evacuate Collection Set: 30.1ms
[2023-12-20T09:15:28.446-0800][57078891ms] GC(4387)   Post Evacuate Collection Set: 2.2ms
[2023-12-20T09:15:28.446-0800][57078891ms] GC(4387)   Other: 0.4ms
[2023-12-20T09:15:28.446-0800][57078891ms] GC(4387) Eden regions: 752->0(753)
[2023-12-20T09:15:28.446-0800][57078891ms] GC(4387) Survivor regions: 31->30(98)
[2023-12-20T09:15:28.446-0800][57078891ms] GC(4387) Old regions: 198->198
[2023-12-20T09:15:28.446-0800][57078891ms] GC(4387) Humongous regions: 5->5
[2023-12-20T09:15:28.446-0800][57078891ms] GC(4387) Metaspace: 256616K->256616K(1294336K)
[2023-12-20T09:15:28.446-0800][57078891ms] GC(4387) Pause Young (Normal) (G1 Evacuation Pause) 1969M->464M(2612M) 32.944ms
[2023-12-20T09:15:28.446-0800][57078891ms] GC(4387) User=0.09s Sys=0.00s Real=0.03s
[2023-12-20T09:15:29.209-0800][57079654ms] GC(4388) Pause Young (Normal) (G1 Evacuation Pause)
[2023-12-20T09:15:29.209-0800][57079654ms] GC(4388) Using 10 workers of 10 for evacuation
[2023-12-20T09:15:29.237-0800][57079682ms] GC(4388)   Pre Evacuate Collection Set: 0.0ms
[2023-12-20T09:15:29.238-0800][57079683ms] GC(4388)   Evacuate Collection Set: 26.6ms
[2023-12-20T09:15:29.238-0800][57079683ms] GC(4388)   Post Evacuate Collection Set: 2.6ms
[2023-12-20T09:15:29.238-0800][57079683ms] GC(4388)   Other: 0.4ms
[2023-12-20T09:15:29.238-0800][57079683ms] GC(4388) Eden regions: 753->0(752)
[2023-12-20T09:15:29.238-0800][57079683ms] GC(4388) Survivor regions: 30->31(98)
[2023-12-20T09:15:29.238-0800][57079683ms] GC(4388) Old regions: 198->198
[2023-12-20T09:15:29.238-0800][57079683ms] GC(4388) Humongous regions: 5->5
[2023-12-20T09:15:29.238-0800][57079683ms] GC(4388) Metaspace: 256616K->256616K(1294336K)
[2023-12-20T09:15:29.238-0800][57079683ms] GC(4388) Pause Young (Normal) (G1 Evacuation Pause) 1970M->465M(2612M) 29.795ms
[2023-12-20T09:15:29.238-0800][57079683ms] GC(4388) User=0.14s Sys=0.00s Real=0.03s
[2023-12-20T09:15:30.050-0800][57080495ms] GC(4389) Pause Young (Normal) (G1 Evacuation Pause)
[2023-12-20T09:15:30.050-0800][57080495ms] GC(4389) Using 10 workers of 10 for evacuation
[2023-12-20T09:15:30.080-0800][57080525ms] GC(4389)   Pre Evacuate Collection Set: 0.0ms
[2023-12-20T09:15:30.080-0800][57080525ms] GC(4389)   Evacuate Collection Set: 27.0ms
[2023-12-20T09:15:30.080-0800][57080525ms] GC(4389)   Post Evacuate Collection Set: 3.0ms
[2023-12-20T09:15:30.080-0800][57080525ms] GC(4389)   Other: 0.4ms
[2023-12-20T09:15:30.080-0800][57080525ms] GC(4389) Eden regions: 752->0(752)
[2023-12-20T09:15:30.080-0800][57080525ms] GC(4389) Survivor regions: 31->31(98)
[2023-12-20T09:15:30.080-0800][57080525ms] GC(4389) Old regions: 198->198
[2023-12-20T09:15:30.080-0800][57080525ms] GC(4389) Humongous regions: 5->5
[2023-12-20T09:15:30.080-0800][57080525ms] GC(4389) Metaspace: 256616K->256616K(1294336K)
[2023-12-20T09:15:30.080-0800][57080525ms] GC(4389) Pause Young (Normal) (G1 Evacuation Pause) 1969M->465M(2612M) 30.567ms
[2023-12-20T09:15:30.080-0800][57080525ms] GC(4389) User=0.06s Sys=0.00s Real=0.03s
[2023-12-20T09:15:30.973-0800][57081418ms] GC(4390) Pause Young (Normal) (G1 Evacuation Pause)
[2023-12-20T09:15:30.973-0800][57081418ms] GC(4390) Using 10 workers of 10 for evacuation
[2023-12-20T09:15:31.004-0800][57081449ms] GC(4390)   Pre Evacuate Collection Set: 0.1ms
[2023-12-20T09:15:31.004-0800][57081449ms] GC(4390)   Evacuate Collection Set: 27.8ms
[2023-12-20T09:15:31.004-0800][57081449ms] GC(4390)   Post Evacuate Collection Set: 3.0ms
[2023-12-20T09:15:31.004-0800][57081449ms] GC(4390)   Other: 0.4ms
[2023-12-20T09:15:31.004-0800][57081449ms] GC(4390) Eden regions: 752->0(752)
[2023-12-20T09:15:31.004-0800][57081449ms] GC(4390) Survivor regions: 31->31(98)
[2023-12-20T09:15:31.004-0800][57081449ms] GC(4390) Old regions: 198->198
[2023-12-20T09:15:31.004-0800][57081449ms] GC(4390) Humongous regions: 5->5
[2023-12-20T09:15:31.004-0800][57081449ms] GC(4390) Metaspace: 256616K->256616K(1294336K)
[2023-12-20T09:15:31.004-0800][57081449ms] GC(4390) Pause Young (Normal) (G1 Evacuation Pause) 1969M->465M(2612M) 31.350ms
[2023-12-20T09:15:31.004-0800][57081449ms] GC(4390) User=0.14s Sys=0.00s Real=0.03s
[2023-12-20T09:15:31.946-0800][57082391ms] GC(4391) Pause Young (Normal) (G1 Evacuation Pause)
[2023-12-20T09:15:31.946-0800][57082391ms] GC(4391) Using 10 workers of 10 for evacuation
[2023-12-20T09:15:31.979-0800][57082424ms] GC(4391)   Pre Evacuate Collection Set: 0.0ms
[2023-12-20T09:15:31.979-0800][57082424ms] GC(4391)   Evacuate Collection Set: 29.0ms
[2023-12-20T09:15:31.979-0800][57082424ms] GC(4391)   Post Evacuate Collection Set: 2.9ms
[2023-12-20T09:15:31.979-0800][57082424ms] GC(4391)   Other: 0.4ms
[2023-12-20T09:15:31.979-0800][57082424ms] GC(4391) Eden regions: 752->0(753)
[2023-12-20T09:15:31.979-0800][57082424ms] GC(4391) Survivor regions: 31->30(98)
[2023-12-20T09:15:31.979-0800][57082424ms] GC(4391) Old regions: 198->198
[2023-12-20T09:15:31.979-0800][57082424ms] GC(4391) Humongous regions: 5->5
[2023-12-20T09:15:31.979-0800][57082424ms] GC(4391) Metaspace: 256616K->256616K(1294336K)
[2023-12-20T09:15:31.979-0800][57082424ms] GC(4391) Pause Young (Normal) (G1 Evacuation Pause) 1969M->464M(2612M) 32.514ms
[2023-12-20T09:15:31.979-0800][57082424ms] GC(4391) User=0.09s Sys=0.00s Real=0.03s
[2023-12-20T09:15:32.810-0800][57083255ms] GC(4392) Pause Young (Normal) (G1 Evacuation Pause)
[2023-12-20T09:15:32.810-0800][57083255ms] GC(4392) Using 10 workers of 10 for evacuation
[2023-12-20T09:15:32.839-0800][57083284ms] GC(4392)   Pre Evacuate Collection Set: 0.0ms
[2023-12-20T09:15:32.839-0800][57083284ms] GC(4392)   Evacuate Collection Set: 26.4ms
[2023-12-20T09:15:32.839-0800][57083284ms] GC(4392)   Post Evacuate Collection Set: 2.4ms
[2023-12-20T09:15:32.839-0800][57083284ms] GC(4392)   Other: 0.4ms
[2023-12-20T09:15:32.839-0800][57083284ms] GC(4392) Eden regions: 753->0(752)
[2023-12-20T09:15:32.839-0800][57083284ms] GC(4392) Survivor regions: 30->31(98)
[2023-12-20T09:15:32.839-0800][57083284ms] GC(4392) Old regions: 198->198
[2023-12-20T09:15:32.839-0800][57083284ms] GC(4392) Humongous regions: 5->5
[2023-12-20T09:15:32.839-0800][57083284ms] GC(4392) Metaspace: 256616K->256616K(1294336K)
[2023-12-20T09:15:32.839-0800][57083284ms] GC(4392) Pause Young (Normal) (G1 Evacuation Pause) 1970M->465M(2612M) 29.364ms
[2023-12-20T09:15:32.839-0800][57083284ms] GC(4392) User=0.11s Sys=0.00s Real=0.03s
[2023-12-20T09:15:33.653-0800][57084098ms] GC(4393) Pause Young (Normal) (G1 Evacuation Pause)
[2023-12-20T09:15:33.653-0800][57084098ms] GC(4393) Using 10 workers of 10 for evacuation
[2023-12-20T09:15:33.682-0800][57084127ms] GC(4393)   Pre Evacuate Collection Set: 0.0ms
[2023-12-20T09:15:33.682-0800][57084127ms] GC(4393)   Evacuate Collection Set: 27.1ms
[2023-12-20T09:15:33.682-0800][57084127ms] GC(4393)   Post Evacuate Collection Set: 2.5ms
[2023-12-20T09:15:33.682-0800][57084127ms] GC(4393)   Other: 0.4ms
[2023-12-20T09:15:33.682-0800][57084127ms] GC(4393) Eden regions: 752->0(753)
[2023-12-20T09:15:33.682-0800][57084127ms] GC(4393) Survivor regions: 31->30(98)
[2023-12-20T09:15:33.682-0800][57084127ms] GC(4393) Old regions: 198->198
[2023-12-20T09:15:33.682-0800][57084127ms] GC(4393) Humongous regions: 5->5
[2023-12-20T09:15:33.682-0800][57084127ms] GC(4393) Metaspace: 256616K->256616K(1294336K)
[2023-12-20T09:15:33.683-0800][57084128ms] GC(4393) Pause Young (Normal) (G1 Evacuation Pause) 1969M->464M(2612M) 30.117ms
[2023-12-20T09:15:33.683-0800][57084128ms] GC(4393) User=0.13s Sys=0.00s Real=0.03s
[2023-12-20T09:15:34.406-0800][57084851ms] GC(4394) Pause Young (Normal) (G1 Evacuation Pause)
[2023-12-20T09:15:34.406-0800][57084851ms] GC(4394) Using 10 workers of 10 for evacuation
[2023-12-20T09:15:34.436-0800][57084881ms] GC(4394)   Pre Evacuate Collection Set: 0.1ms
[2023-12-20T09:15:34.436-0800][57084881ms] GC(4394)   Evacuate Collection Set: 26.9ms
[2023-12-20T09:15:34.436-0800][57084881ms] GC(4394)   Post Evacuate Collection Set: 2.4ms
[2023-12-20T09:15:34.436-0800][57084881ms] GC(4394)   Other: 0.5ms
[2023-12-20T09:15:34.436-0800][57084881ms] GC(4394) Eden regions: 753->0(753)
[2023-12-20T09:15:34.436-0800][57084881ms] GC(4394) Survivor regions: 30->30(98)
[2023-12-20T09:15:34.437-0800][57084882ms] GC(4394) Old regions: 198->198
[2023-12-20T09:15:34.437-0800][57084882ms] GC(4394) Humongous regions: 5->5
[2023-12-20T09:15:34.437-0800][57084882ms] GC(4394) Metaspace: 256616K->256616K(1294336K)
[2023-12-20T09:15:34.437-0800][57084882ms] GC(4394) Pause Young (Normal) (G1 Evacuation Pause) 1970M->464M(2612M) 30.060ms
[2023-12-20T09:15:34.437-0800][57084882ms] GC(4394) User=0.06s Sys=0.00s Real=0.03s
[2023-12-20T09:15:35.154-0800][57085599ms] GC(4395) Pause Young (Normal) (G1 Evacuation Pause)
[2023-12-20T09:15:35.154-0800][57085599ms] GC(4395) Using 10 workers of 10 for evacuation
[2023-12-20T09:15:35.183-0800][57085628ms] GC(4395)   Pre Evacuate Collection Set: 0.0ms
[2023-12-20T09:15:35.183-0800][57085628ms] GC(4395)   Evacuate Collection Set: 26.5ms
[2023-12-20T09:15:35.183-0800][57085628ms] GC(4395)   Post Evacuate Collection Set: 2.6ms
[2023-12-20T09:15:35.183-0800][57085628ms] GC(4395)   Other: 0.4ms
[2023-12-20T09:15:35.183-0800][57085628ms] GC(4395) Eden regions: 753->0(753)
[2023-12-20T09:15:35.183-0800][57085628ms] GC(4395) Survivor regions: 30->30(98)
[2023-12-20T09:15:35.183-0800][57085628ms] GC(4395) Old regions: 198->198
[2023-12-20T09:15:35.183-0800][57085628ms] GC(4395) Humongous regions: 5->5
[2023-12-20T09:15:35.183-0800][57085628ms] GC(4395) Metaspace: 256616K->256616K(1294336K)
[2023-12-20T09:15:35.183-0800][57085628ms] GC(4395) Pause Young (Normal) (G1 Evacuation Pause) 1970M->463M(2612M) 29.633ms
[2023-12-20T09:15:35.183-0800][57085628ms] GC(4395) User=0.08s Sys=0.00s Real=0.03s
[2023-12-20T09:15:35.788-0800][57086233ms] GC(4396) Pause Young (Normal) (G1 Evacuation Pause)
[2023-12-20T09:15:35.788-0800][57086233ms] GC(4396) Using 10 workers of 10 for evacuation
[2023-12-20T09:15:35.817-0800][57086262ms] GC(4396)   Pre Evacuate Collection Set: 0.0ms
[2023-12-20T09:15:35.817-0800][57086262ms] GC(4396)   Evacuate Collection Set: 25.5ms
[2023-12-20T09:15:35.817-0800][57086262ms] GC(4396)   Post Evacuate Collection Set: 3.1ms
[2023-12-20T09:15:35.817-0800][57086262ms] GC(4396)   Other: 0.4ms
[2023-12-20T09:15:35.817-0800][57086262ms] GC(4396) Eden regions: 753->0(753)
[2023-12-20T09:15:35.817-0800][57086262ms] GC(4396) Survivor regions: 30->30(98)
[2023-12-20T09:15:35.817-0800][57086262ms] GC(4396) Old regions: 198->198
[2023-12-20T09:15:35.817-0800][57086262ms] GC(4396) Humongous regions: 5->5
[2023-12-20T09:15:35.817-0800][57086262ms] GC(4396) Metaspace: 256616K->256616K(1294336K)
[2023-12-20T09:15:35.817-0800][57086262ms] GC(4396) Pause Young (Normal) (G1 Evacuation Pause) 1969M->464M(2612M) 29.169ms
[2023-12-20T09:15:35.817-0800][57086262ms] GC(4396) User=0.13s Sys=0.00s Real=0.03s
[2023-12-20T09:15:36.609-0800][57087054ms] GC(4397) Pause Young (Normal) (G1 Evacuation Pause)
[2023-12-20T09:15:36.609-0800][57087054ms] GC(4397) Using 10 workers of 10 for evacuation
[2023-12-20T09:15:36.637-0800][57087082ms] GC(4397)   Pre Evacuate Collection Set: 0.1ms
[2023-12-20T09:15:36.637-0800][57087082ms] GC(4397)   Evacuate Collection Set: 25.9ms
[2023-12-20T09:15:36.637-0800][57087082ms] GC(4397)   Post Evacuate Collection Set: 2.2ms
[2023-12-20T09:15:36.637-0800][57087082ms] GC(4397)   Other: 0.4ms
[2023-12-20T09:15:36.637-0800][57087082ms] GC(4397) Eden regions: 753->0(753)
[2023-12-20T09:15:36.637-0800][57087082ms] GC(4397) Survivor regions: 30->30(98)
[2023-12-20T09:15:36.637-0800][57087082ms] GC(4397) Old regions: 198->198
[2023-12-20T09:15:36.637-0800][57087082ms] GC(4397) Humongous regions: 5->5
[2023-12-20T09:15:36.637-0800][57087082ms] GC(4397) Metaspace: 256616K->256616K(1294336K)
[2023-12-20T09:15:36.638-0800][57087083ms] GC(4397) Pause Young (Normal) (G1 Evacuation Pause) 1970M->463M(2612M) 28.659ms
[2023-12-20T09:15:36.638-0800][57087083ms] GC(4397) User=0.11s Sys=0.00s Real=0.03s
[2023-12-20T09:15:37.263-0800][57087708ms] GC(4398) Pause Young (Normal) (G1 Evacuation Pause)
[2023-12-20T09:15:37.264-0800][57087709ms] GC(4398) Using 10 workers of 10 for evacuation
[2023-12-20T09:15:37.293-0800][57087738ms] GC(4398)   Pre Evacuate Collection Set: 0.0ms
[2023-12-20T09:15:37.293-0800][57087738ms] GC(4398)   Evacuate Collection Set: 26.4ms
[2023-12-20T09:15:37.293-0800][57087738ms] GC(4398)   Post Evacuate Collection Set: 3.3ms
[2023-12-20T09:15:37.293-0800][57087739ms] GC(4398)   Other: 0.4ms
[2023-12-20T09:15:37.294-0800][57087739ms] GC(4398) Eden regions: 753->0(753)
[2023-12-20T09:15:37.294-0800][57087739ms] GC(4398) Survivor regions: 30->30(98)
[2023-12-20T09:15:37.294-0800][57087739ms] GC(4398) Old regions: 198->198
[2023-12-20T09:15:37.294-0800][57087739ms] GC(4398) Humongous regions: 5->5
[2023-12-20T09:15:37.294-0800][57087739ms] GC(4398) Metaspace: 256616K->256616K(1294336K)
[2023-12-20T09:15:37.294-0800][57087739ms] GC(4398) Pause Young (Normal) (G1 Evacuation Pause) 1969M->464M(2612M) 30.262ms
[2023-12-20T09:15:37.294-0800][57087739ms] GC(4398) User=0.02s Sys=0.00s Real=0.03s
[2023-12-20T09:15:38.103-0800][57088548ms] GC(4399) Pause Young (Normal) (G1 Evacuation Pause)
[2023-12-20T09:15:38.103-0800][57088548ms] GC(4399) Using 10 workers of 10 for evacuation
[2023-12-20T09:15:38.132-0800][57088577ms] GC(4399)   Pre Evacuate Collection Set: 0.0ms
[2023-12-20T09:15:38.132-0800][57088577ms] GC(4399)   Evacuate Collection Set: 26.6ms
[2023-12-20T09:15:38.133-0800][57088578ms] GC(4399)   Post Evacuate Collection Set: 2.5ms
[2023-12-20T09:15:38.133-0800][57088578ms] GC(4399)   Other: 0.4ms
[2023-12-20T09:15:38.133-0800][57088578ms] GC(4399) Eden regions: 753->0(753)
[2023-12-20T09:15:38.133-0800][57088578ms] GC(4399) Survivor regions: 30->30(98)
[2023-12-20T09:15:38.133-0800][57088578ms] GC(4399) Old regions: 198->198
[2023-12-20T09:15:38.133-0800][57088578ms] GC(4399) Humongous regions: 5->5
[2023-12-20T09:15:38.133-0800][57088578ms] GC(4399) Metaspace: 256616K->256616K(1294336K)
[2023-12-20T09:15:38.133-0800][57088578ms] GC(4399) Pause Young (Normal) (G1 Evacuation Pause) 1970M->464M(2612M) 29.651ms
[2023-12-20T09:15:38.133-0800][57088578ms] GC(4399) User=0.08s Sys=0.00s Real=0.03s
[2023-12-20T09:15:38.847-0800][57089292ms] GC(4400) Pause Young (Normal) (G1 Evacuation Pause)
[2023-12-20T09:15:38.847-0800][57089292ms] GC(4400) Using 10 workers of 10 for evacuation
[2023-12-20T09:15:38.874-0800][57089319ms] GC(4400)   Pre Evacuate Collection Set: 0.0ms
[2023-12-20T09:15:38.874-0800][57089319ms] GC(4400)   Evacuate Collection Set: 25.2ms
[2023-12-20T09:15:38.874-0800][57089319ms] GC(4400)   Post Evacuate Collection Set: 2.4ms
[2023-12-20T09:15:38.874-0800][57089319ms] GC(4400)   Other: 0.3ms
[2023-12-20T09:15:38.874-0800][57089319ms] GC(4400) Eden regions: 753->0(753)
[2023-12-20T09:15:38.874-0800][57089319ms] GC(4400) Survivor regions: 30->30(98)
[2023-12-20T09:15:38.874-0800][57089319ms] GC(4400) Old regions: 198->198
[2023-12-20T09:15:38.874-0800][57089319ms] GC(4400) Humongous regions: 5->5
[2023-12-20T09:15:38.874-0800][57089319ms] GC(4400) Metaspace: 256616K->256616K(1294336K)
[2023-12-20T09:15:38.874-0800][57089319ms] GC(4400) Pause Young (Normal) (G1 Evacuation Pause) 1970M->464M(2612M) 28.070ms
[2023-12-20T09:15:38.874-0800][57089319ms] GC(4400) User=0.16s Sys=0.00s Real=0.03s
[2023-12-20T09:15:39.397-0800][57089842ms] GC(4401) Pause Young (Normal) (G1 Evacuation Pause)
[2023-12-20T09:15:39.397-0800][57089842ms] GC(4401) Using 10 workers of 10 for evacuation
[2023-12-20T09:15:39.425-0800][57089870ms] GC(4401)   Pre Evacuate Collection Set: 0.0ms
[2023-12-20T09:15:39.425-0800][57089870ms] GC(4401)   Evacuate Collection Set: 25.0ms
[2023-12-20T09:15:39.425-0800][57089870ms] GC(4401)   Post Evacuate Collection Set: 2.4ms
[2023-12-20T09:15:39.425-0800][57089870ms] GC(4401)   Other: 0.4ms
[2023-12-20T09:15:39.425-0800][57089870ms] GC(4401) Eden regions: 753->0(753)
[2023-12-20T09:15:39.425-0800][57089870ms] GC(4401) Survivor regions: 30->30(98)
[2023-12-20T09:15:39.425-0800][57089870ms] GC(4401) Old regions: 198->198
[2023-12-20T09:15:39.425-0800][57089870ms] GC(4401) Humongous regions: 5->5
[2023-12-20T09:15:39.425-0800][57089870ms] GC(4401) Metaspace: 256616K->256616K(1294336K)
[2023-12-20T09:15:39.425-0800][57089870ms] GC(4401) Pause Young (Normal) (G1 Evacuation Pause) 1970M->464M(2612M) 27.868ms
[2023-12-20T09:15:39.425-0800][57089870ms] GC(4401) User=0.06s Sys=0.00s Real=0.03s
[2023-12-20T09:15:40.219-0800][57090664ms] GC(4402) Pause Young (Normal) (G1 Evacuation Pause)
[2023-12-20T09:15:40.219-0800][57090664ms] GC(4402) Using 10 workers of 10 for evacuation
[2023-12-20T09:15:40.248-0800][57090693ms] GC(4402)   Pre Evacuate Collection Set: 0.0ms
[2023-12-20T09:15:40.249-0800][57090694ms] GC(4402)   Evacuate Collection Set: 27.2ms
[2023-12-20T09:15:40.249-0800][57090694ms] GC(4402)   Post Evacuate Collection Set: 2.3ms
[2023-12-20T09:15:40.249-0800][57090694ms] GC(4402)   Other: 0.4ms
[2023-12-20T09:15:40.249-0800][57090694ms] GC(4402) Eden regions: 753->0(753)
[2023-12-20T09:15:40.249-0800][57090694ms] GC(4402) Survivor regions: 30->30(98)
[2023-12-20T09:15:40.249-0800][57090694ms] GC(4402) Old regions: 198->198
[2023-12-20T09:15:40.249-0800][57090694ms] GC(4402) Humongous regions: 5->5
[2023-12-20T09:15:40.249-0800][57090694ms] GC(4402) Metaspace: 256616K->256616K(1294336K)
[2023-12-20T09:15:40.249-0800][57090694ms] GC(4402) Pause Young (Normal) (G1 Evacuation Pause) 1970M->463M(2612M) 30.103ms
[2023-12-20T09:15:40.249-0800][57090694ms] GC(4402) User=0.09s Sys=0.00s Real=0.03s
[2023-12-20T09:15:41.180-0800][57091625ms] GC(4403) Pause Young (Normal) (G1 Evacuation Pause)
[2023-12-20T09:15:41.180-0800][57091625ms] GC(4403) Using 10 workers of 10 for evacuation
[2023-12-20T09:15:41.210-0800][57091655ms] GC(4403)   Pre Evacuate Collection Set: 0.0ms
[2023-12-20T09:15:41.210-0800][57091655ms] GC(4403)   Evacuate Collection Set: 27.2ms
[2023-12-20T09:15:41.210-0800][57091655ms] GC(4403)   Post Evacuate Collection Set: 2.4ms
[2023-12-20T09:15:41.210-0800][57091655ms] GC(4403)   Other: 0.4ms
[2023-12-20T09:15:41.210-0800][57091655ms] GC(4403) Eden regions: 753->0(753)
[2023-12-20T09:15:41.210-0800][57091655ms] GC(4403) Survivor regions: 30->30(98)
[2023-12-20T09:15:41.210-0800][57091655ms] GC(4403) Old regions: 198->198
[2023-12-20T09:15:41.210-0800][57091655ms] GC(4403) Humongous regions: 5->5
[2023-12-20T09:15:41.210-0800][57091655ms] GC(4403) Metaspace: 256616K->256616K(1294336K)
[2023-12-20T09:15:41.210-0800][57091655ms] GC(4403) Pause Young (Normal) (G1 Evacuation Pause) 1969M->464M(2612M) 30.210ms
[2023-12-20T09:15:41.210-0800][57091655ms] GC(4403) User=0.09s Sys=0.00s Real=0.03s
[2023-12-20T09:15:41.948-0800][57092393ms] GC(4404) Pause Young (Normal) (G1 Evacuation Pause)
[2023-12-20T09:15:41.948-0800][57092393ms] GC(4404) Using 10 workers of 10 for evacuation
[2023-12-20T09:15:41.976-0800][57092421ms] GC(4404)   Pre Evacuate Collection Set: 0.0ms
[2023-12-20T09:15:41.976-0800][57092421ms] GC(4404)   Evacuate Collection Set: 25.6ms
[2023-12-20T09:15:41.976-0800][57092421ms] GC(4404)   Post Evacuate Collection Set: 2.2ms
[2023-12-20T09:15:41.976-0800][57092421ms] GC(4404)   Other: 0.4ms
[2023-12-20T09:15:41.976-0800][57092421ms] GC(4404) Eden regions: 753->0(753)
[2023-12-20T09:15:41.976-0800][57092421ms] GC(4404) Survivor regions: 30->30(98)
[2023-12-20T09:15:41.976-0800][57092421ms] GC(4404) Old regions: 198->198
[2023-12-20T09:15:41.976-0800][57092421ms] GC(4404) Humongous regions: 5->5
[2023-12-20T09:15:41.976-0800][57092421ms] GC(4404) Metaspace: 256616K->256616K(1294336K)
[2023-12-20T09:15:41.976-0800][57092421ms] GC(4404) Pause Young (Normal) (G1 Evacuation Pause) 1970M->464M(2612M) 28.346ms
[2023-12-20T09:15:41.976-0800][57092421ms] GC(4404) User=0.08s Sys=0.00s Real=0.03s
[2023-12-20T09:15:42.807-0800][57093252ms] GC(4405) Pause Young (Normal) (G1 Evacuation Pause)
[2023-12-20T09:15:42.807-0800][57093252ms] GC(4405) Using 10 workers of 10 for evacuation
[2023-12-20T09:15:42.836-0800][57093281ms] GC(4405)   Pre Evacuate Collection Set: 0.0ms
[2023-12-20T09:15:42.836-0800][57093281ms] GC(4405)   Evacuate Collection Set: 26.9ms
[2023-12-20T09:15:42.836-0800][57093281ms] GC(4405)   Post Evacuate Collection Set: 2.4ms
[2023-12-20T09:15:42.836-0800][57093281ms] GC(4405)   Other: 0.4ms
[2023-12-20T09:15:42.836-0800][57093281ms] GC(4405) Eden regions: 753->0(753)
[2023-12-20T09:15:42.836-0800][57093281ms] GC(4405) Survivor regions: 30->30(98)
[2023-12-20T09:15:42.836-0800][57093281ms] GC(4405) Old regions: 198->198
[2023-12-20T09:15:42.836-0800][57093281ms] GC(4405) Humongous regions: 5->5
[2023-12-20T09:15:42.836-0800][57093281ms] GC(4405) Metaspace: 256616K->256616K(1294336K)
[2023-12-20T09:15:42.836-0800][57093281ms] GC(4405) Pause Young (Normal) (G1 Evacuation Pause) 1970M->463M(2612M) 29.902ms
[2023-12-20T09:15:42.836-0800][57093281ms] GC(4405) User=0.09s Sys=0.00s Real=0.03s
[2023-12-20T09:15:43.652-0800][57094097ms] GC(4406) Pause Young (Normal) (G1 Evacuation Pause)
[2023-12-20T09:15:43.652-0800][57094097ms] GC(4406) Using 10 workers of 10 for evacuation
[2023-12-20T09:15:43.682-0800][57094127ms] GC(4406)   Pre Evacuate Collection Set: 0.0ms
[2023-12-20T09:15:43.682-0800][57094127ms] GC(4406)   Evacuate Collection Set: 26.5ms
[2023-12-20T09:15:43.682-0800][57094127ms] GC(4406)   Post Evacuate Collection Set: 3.3ms
[2023-12-20T09:15:43.682-0800][57094127ms] GC(4406)   Other: 0.4ms
[2023-12-20T09:15:43.682-0800][57094127ms] GC(4406) Eden regions: 753->0(753)
[2023-12-20T09:15:43.682-0800][57094127ms] GC(4406) Survivor regions: 30->30(98)
[2023-12-20T09:15:43.682-0800][57094127ms] GC(4406) Old regions: 198->198
[2023-12-20T09:15:43.682-0800][57094127ms] GC(4406) Humongous regions: 5->5
[2023-12-20T09:15:43.682-0800][57094127ms] GC(4406) Metaspace: 256616K->256616K(1294336K)
[2023-12-20T09:15:43.682-0800][57094127ms] GC(4406) Pause Young (Normal) (G1 Evacuation Pause) 1969M->464M(2612M) 30.347ms
[2023-12-20T09:15:43.682-0800][57094127ms] GC(4406) User=0.09s Sys=0.00s Real=0.03s
[2023-12-20T09:15:44.515-0800][57094960ms] GC(4407) Pause Young (Normal) (G1 Evacuation Pause)
[2023-12-20T09:15:44.515-0800][57094960ms] GC(4407) Using 10 workers of 10 for evacuation
[2023-12-20T09:15:44.547-0800][57094992ms] GC(4407)   Pre Evacuate Collection Set: 0.0ms
[2023-12-20T09:15:44.547-0800][57094992ms] GC(4407)   Evacuate Collection Set: 29.9ms
[2023-12-20T09:15:44.547-0800][57094992ms] GC(4407)   Post Evacuate Collection Set: 3.1ms
[2023-12-20T09:15:44.547-0800][57094992ms] GC(4407)   Other: 0.4ms
[2023-12-20T09:15:44.547-0800][57094992ms] GC(4407) Eden regions: 753->0(753)
[2023-12-20T09:15:44.547-0800][57094992ms] GC(4407) Survivor regions: 30->30(98)
[2023-12-20T09:15:44.547-0800][57094992ms] GC(4407) Old regions: 198->198
[2023-12-20T09:15:44.547-0800][57094992ms] GC(4407) Humongous regions: 5->5
[2023-12-20T09:15:44.547-0800][57094992ms] GC(4407) Metaspace: 256616K->256616K(1294336K)
[2023-12-20T09:15:44.547-0800][57094992ms] GC(4407) Pause Young (Normal) (G1 Evacuation Pause) 1970M->464M(2612M) 33.431ms
[2023-12-20T09:15:44.547-0800][57094992ms] GC(4407) User=0.11s Sys=0.00s Real=0.03s
[2023-12-20T09:15:45.543-0800][57095988ms] GC(4408) Pause Young (Normal) (G1 Evacuation Pause)
[2023-12-20T09:15:45.543-0800][57095988ms] GC(4408) Using 10 workers of 10 for evacuation
[2023-12-20T09:15:45.574-0800][57096019ms] GC(4408)   Pre Evacuate Collection Set: 0.0ms
[2023-12-20T09:15:45.574-0800][57096019ms] GC(4408)   Evacuate Collection Set: 27.9ms
[2023-12-20T09:15:45.574-0800][57096019ms] GC(4408)   Post Evacuate Collection Set: 2.4ms
[2023-12-20T09:15:45.574-0800][57096019ms] GC(4408)   Other: 0.3ms
[2023-12-20T09:15:45.574-0800][57096019ms] GC(4408) Eden regions: 753->0(753)
[2023-12-20T09:15:45.574-0800][57096019ms] GC(4408) Survivor regions: 30->30(98)
[2023-12-20T09:15:45.574-0800][57096019ms] GC(4408) Old regions: 198->198
[2023-12-20T09:15:45.574-0800][57096019ms] GC(4408) Humongous regions: 5->5
[2023-12-20T09:15:45.574-0800][57096019ms] GC(4408) Metaspace: 256616K->256616K(1294336K)
[2023-12-20T09:15:45.574-0800][57096019ms] GC(4408) Pause Young (Normal) (G1 Evacuation Pause) 1970M->464M(2612M) 30.819ms
[2023-12-20T09:15:45.574-0800][57096019ms] GC(4408) User=0.11s Sys=0.00s Real=0.03s
[2023-12-20T09:15:46.374-0800][57096819ms] GC(4409) Pause Young (Normal) (G1 Evacuation Pause)
[2023-12-20T09:15:46.374-0800][57096819ms] GC(4409) Using 10 workers of 10 for evacuation
[2023-12-20T09:15:46.403-0800][57096848ms] GC(4409)   Pre Evacuate Collection Set: 0.0ms
[2023-12-20T09:15:46.403-0800][57096848ms] GC(4409)   Evacuate Collection Set: 26.7ms
[2023-12-20T09:15:46.403-0800][57096848ms] GC(4409)   Post Evacuate Collection Set: 2.7ms
[2023-12-20T09:15:46.403-0800][57096848ms] GC(4409)   Other: 0.4ms
[2023-12-20T09:15:46.403-0800][57096848ms] GC(4409) Eden regions: 753->0(753)
[2023-12-20T09:15:46.403-0800][57096848ms] GC(4409) Survivor regions: 30->30(98)
[2023-12-20T09:15:46.403-0800][57096848ms] GC(4409) Old regions: 198->198
[2023-12-20T09:15:46.403-0800][57096848ms] GC(4409) Humongous regions: 5->5
[2023-12-20T09:15:46.403-0800][57096848ms] GC(4409) Metaspace: 256616K->256616K(1294336K)
[2023-12-20T09:15:46.403-0800][57096848ms] GC(4409) Pause Young (Normal) (G1 Evacuation Pause) 1970M->464M(2612M) 29.895ms
[2023-12-20T09:15:46.403-0800][57096848ms] GC(4409) User=0.05s Sys=0.00s Real=0.03s
[2023-12-20T09:15:47.220-0800][57097665ms] GC(4410) Pause Young (Normal) (G1 Evacuation Pause)
[2023-12-20T09:15:47.220-0800][57097665ms] GC(4410) Using 10 workers of 10 for evacuation
[2023-12-20T09:15:47.249-0800][57097694ms] GC(4410)   Pre Evacuate Collection Set: 0.0ms
[2023-12-20T09:15:47.249-0800][57097694ms] GC(4410)   Evacuate Collection Set: 26.5ms
[2023-12-20T09:15:47.249-0800][57097694ms] GC(4410)   Post Evacuate Collection Set: 2.7ms
[2023-12-20T09:15:47.249-0800][57097694ms] GC(4410)   Other: 0.4ms
[2023-12-20T09:15:47.249-0800][57097694ms] GC(4410) Eden regions: 753->0(753)
[2023-12-20T09:15:47.249-0800][57097694ms] GC(4410) Survivor regions: 30->30(98)
[2023-12-20T09:15:47.249-0800][57097694ms] GC(4410) Old regions: 198->198
[2023-12-20T09:15:47.249-0800][57097694ms] GC(4410) Humongous regions: 5->5
[2023-12-20T09:15:47.249-0800][57097694ms] GC(4410) Metaspace: 256616K->256616K(1294336K)
[2023-12-20T09:15:47.249-0800][57097694ms] GC(4410) Pause Young (Normal) (G1 Evacuation Pause) 1970M->464M(2612M) 29.681ms
[2023-12-20T09:15:47.250-0800][57097695ms] GC(4410) User=0.14s Sys=0.00s Real=0.03s
[2023-12-20T09:15:48.034-0800][57098479ms] GC(4411) Pause Young (Normal) (G1 Evacuation Pause)
[2023-12-20T09:15:48.034-0800][57098479ms] GC(4411) Using 10 workers of 10 for evacuation
[2023-12-20T09:15:48.066-0800][57098511ms] GC(4411)   Pre Evacuate Collection Set: 0.0ms
[2023-12-20T09:15:48.066-0800][57098511ms] GC(4411)   Evacuate Collection Set: 28.0ms
[2023-12-20T09:15:48.066-0800][57098511ms] GC(4411)   Post Evacuate Collection Set: 3.6ms
[2023-12-20T09:15:48.066-0800][57098511ms] GC(4411)   Other: 0.4ms
[2023-12-20T09:15:48.066-0800][57098511ms] GC(4411) Eden regions: 753->0(753)
[2023-12-20T09:15:48.066-0800][57098511ms] GC(4411) Survivor regions: 30->30(98)
[2023-12-20T09:15:48.066-0800][57098511ms] GC(4411) Old regions: 198->198
[2023-12-20T09:15:48.066-0800][57098511ms] GC(4411) Humongous regions: 5->5
[2023-12-20T09:15:48.066-0800][57098511ms] GC(4411) Metaspace: 256616K->256616K(1294336K)
[2023-12-20T09:15:48.066-0800][57098511ms] GC(4411) Pause Young (Normal) (G1 Evacuation Pause) 1970M->464M(2612M) 32.067ms
[2023-12-20T09:15:48.066-0800][57098511ms] GC(4411) User=0.13s Sys=0.00s Real=0.03s
[2023-12-20T09:15:49.038-0800][57099483ms] GC(4412) Pause Young (Normal) (G1 Evacuation Pause)
[2023-12-20T09:15:49.038-0800][57099483ms] GC(4412) Using 10 workers of 10 for evacuation
[2023-12-20T09:15:49.068-0800][57099513ms] GC(4412)   Pre Evacuate Collection Set: 0.0ms
[2023-12-20T09:15:49.068-0800][57099513ms] GC(4412)   Evacuate Collection Set: 27.2ms
[2023-12-20T09:15:49.068-0800][57099513ms] GC(4412)   Post Evacuate Collection Set: 2.7ms
[2023-12-20T09:15:49.068-0800][57099513ms] GC(4412)   Other: 0.4ms
[2023-12-20T09:15:49.068-0800][57099513ms] GC(4412) Eden regions: 753->0(753)
[2023-12-20T09:15:49.068-0800][57099513ms] GC(4412) Survivor regions: 30->30(98)
[2023-12-20T09:15:49.068-0800][57099513ms] GC(4412) Old regions: 198->198
[2023-12-20T09:15:49.068-0800][57099513ms] GC(4412) Humongous regions: 5->5
[2023-12-20T09:15:49.068-0800][57099513ms] GC(4412) Metaspace: 256616K->256616K(1294336K)
[2023-12-20T09:15:49.068-0800][57099513ms] GC(4412) Pause Young (Normal) (G1 Evacuation Pause) 1970M->463M(2612M) 30.383ms
[2023-12-20T09:15:49.068-0800][57099513ms] GC(4412) User=0.08s Sys=0.00s Real=0.03s
[2023-12-20T09:15:49.979-0800][57100424ms] GC(4413) Pause Young (Normal) (G1 Evacuation Pause)
[2023-12-20T09:15:49.979-0800][57100424ms] GC(4413) Using 10 workers of 10 for evacuation
[2023-12-20T09:15:50.010-0800][57100455ms] GC(4413)   Pre Evacuate Collection Set: 0.0ms
[2023-12-20T09:15:50.010-0800][57100455ms] GC(4413)   Evacuate Collection Set: 27.8ms
[2023-12-20T09:15:50.010-0800][57100455ms] GC(4413)   Post Evacuate Collection Set: 2.6ms
[2023-12-20T09:15:50.010-0800][57100455ms] GC(4413)   Other: 0.4ms
[2023-12-20T09:15:50.010-0800][57100455ms] GC(4413) Eden regions: 753->0(753)
[2023-12-20T09:15:50.010-0800][57100455ms] GC(4413) Survivor regions: 30->30(98)
[2023-12-20T09:15:50.010-0800][57100455ms] GC(4413) Old regions: 198->198
[2023-12-20T09:15:50.010-0800][57100455ms] GC(4413) Humongous regions: 5->5
[2023-12-20T09:15:50.010-0800][57100455ms] GC(4413) Metaspace: 256616K->256616K(1294336K)
[2023-12-20T09:15:50.010-0800][57100455ms] GC(4413) Pause Young (Normal) (G1 Evacuation Pause) 1969M->464M(2612M) 30.888ms
[2023-12-20T09:15:50.010-0800][57100455ms] GC(4413) User=0.08s Sys=0.00s Real=0.03s
[2023-12-20T09:15:50.925-0800][57101370ms] GC(4414) Pause Young (Normal) (G1 Evacuation Pause)
[2023-12-20T09:15:50.925-0800][57101370ms] GC(4414) Using 10 workers of 10 for evacuation
[2023-12-20T09:15:50.954-0800][57101399ms] GC(4414)   Pre Evacuate Collection Set: 0.1ms
[2023-12-20T09:15:50.954-0800][57101399ms] GC(4414)   Evacuate Collection Set: 27.5ms
[2023-12-20T09:15:50.954-0800][57101399ms] GC(4414)   Post Evacuate Collection Set: 2.3ms
[2023-12-20T09:15:50.954-0800][57101399ms] GC(4414)   Other: 0.4ms
[2023-12-20T09:15:50.954-0800][57101399ms] GC(4414) Eden regions: 753->0(753)
[2023-12-20T09:15:50.954-0800][57101399ms] GC(4414) Survivor regions: 30->30(98)
[2023-12-20T09:15:50.954-0800][57101399ms] GC(4414) Old regions: 198->198
[2023-12-20T09:15:50.954-0800][57101399ms] GC(4414) Humongous regions: 5->5
[2023-12-20T09:15:50.954-0800][57101399ms] GC(4414) Metaspace: 256616K->256616K(1294336K)
[2023-12-20T09:15:50.954-0800][57101399ms] GC(4414) Pause Young (Normal) (G1 Evacuation Pause) 1970M->463M(2612M) 30.448ms
[2023-12-20T09:15:50.954-0800][57101399ms] GC(4414) User=0.13s Sys=0.00s Real=0.03s
[2023-12-20T09:15:51.910-0800][57102355ms] GC(4415) Pause Young (Normal) (G1 Evacuation Pause)
[2023-12-20T09:15:51.910-0800][57102355ms] GC(4415) Using 10 workers of 10 for evacuation
[2023-12-20T09:15:51.941-0800][57102386ms] GC(4415)   Pre Evacuate Collection Set: 0.0ms
[2023-12-20T09:15:51.941-0800][57102386ms] GC(4415)   Evacuate Collection Set: 28.3ms
[2023-12-20T09:15:51.941-0800][57102386ms] GC(4415)   Post Evacuate Collection Set: 3.1ms
[2023-12-20T09:15:51.941-0800][57102386ms] GC(4415)   Other: 0.4ms
[2023-12-20T09:15:51.941-0800][57102386ms] GC(4415) Eden regions: 753->0(753)
[2023-12-20T09:15:51.941-0800][57102386ms] GC(4415) Survivor regions: 30->30(98)
[2023-12-20T09:15:51.941-0800][57102386ms] GC(4415) Old regions: 198->198
[2023-12-20T09:15:51.941-0800][57102386ms] GC(4415) Humongous regions: 5->5
[2023-12-20T09:15:51.941-0800][57102386ms] GC(4415) Metaspace: 256616K->256616K(1294336K)
[2023-12-20T09:15:51.941-0800][57102386ms] GC(4415) Pause Young (Normal) (G1 Evacuation Pause) 1969M->463M(2612M) 31.894ms
[2023-12-20T09:15:51.941-0800][57102386ms] GC(4415) User=0.11s Sys=0.00s Real=0.03s
[2023-12-20T09:15:52.852-0800][57103297ms] GC(4416) Pause Young (Normal) (G1 Evacuation Pause)
[2023-12-20T09:15:52.852-0800][57103297ms] GC(4416) Using 10 workers of 10 for evacuation
[2023-12-20T09:15:52.885-0800][57103330ms] GC(4416)   Pre Evacuate Collection Set: 0.0ms
[2023-12-20T09:15:52.885-0800][57103330ms] GC(4416)   Evacuate Collection Set: 29.9ms
[2023-12-20T09:15:52.885-0800][57103330ms] GC(4416)   Post Evacuate Collection Set: 3.3ms
[2023-12-20T09:15:52.885-0800][57103330ms] GC(4416)   Other: 0.4ms
[2023-12-20T09:15:52.885-0800][57103330ms] GC(4416) Eden regions: 753->0(754)
[2023-12-20T09:15:52.885-0800][57103330ms] GC(4416) Survivor regions: 30->29(98)
[2023-12-20T09:15:52.885-0800][57103330ms] GC(4416) Old regions: 198->198
[2023-12-20T09:15:52.885-0800][57103330ms] GC(4416) Humongous regions: 5->5
[2023-12-20T09:15:52.885-0800][57103330ms] GC(4416) Metaspace: 256616K->256616K(1294336K)
[2023-12-20T09:15:52.886-0800][57103331ms] GC(4416) Pause Young (Normal) (G1 Evacuation Pause) 1969M->462M(2612M) 33.714ms
[2023-12-20T09:15:52.886-0800][57103331ms] GC(4416) User=0.11s Sys=0.00s Real=0.03s
[2023-12-20T09:15:53.860-0800][57104305ms] GC(4417) Pause Young (Normal) (G1 Evacuation Pause)
[2023-12-20T09:15:53.860-0800][57104305ms] GC(4417) Using 10 workers of 10 for evacuation
[2023-12-20T09:15:53.892-0800][57104337ms] GC(4417)   Pre Evacuate Collection Set: 0.0ms
[2023-12-20T09:15:53.892-0800][57104337ms] GC(4417)   Evacuate Collection Set: 28.7ms
[2023-12-20T09:15:53.892-0800][57104337ms] GC(4417)   Post Evacuate Collection Set: 2.5ms
[2023-12-20T09:15:53.892-0800][57104337ms] GC(4417)   Other: 0.4ms
[2023-12-20T09:15:53.892-0800][57104337ms] GC(4417) Eden regions: 754->0(754)
[2023-12-20T09:15:53.892-0800][57104337ms] GC(4417) Survivor regions: 29->29(98)
[2023-12-20T09:15:53.892-0800][57104337ms] GC(4417) Old regions: 198->198
[2023-12-20T09:15:53.892-0800][57104337ms] GC(4417) Humongous regions: 5->5
[2023-12-20T09:15:53.892-0800][57104337ms] GC(4417) Metaspace: 256616K->256616K(1294336K)
[2023-12-20T09:15:53.892-0800][57104337ms] GC(4417) Pause Young (Normal) (G1 Evacuation Pause) 1970M->461M(2612M) 31.781ms
[2023-12-20T09:15:53.892-0800][57104337ms] GC(4417) User=0.17s Sys=0.00s Real=0.03s
[2023-12-20T09:15:54.752-0800][57105197ms] GC(4418) Pause Young (Normal) (G1 Evacuation Pause)
[2023-12-20T09:15:54.752-0800][57105197ms] GC(4418) Using 10 workers of 10 for evacuation
[2023-12-20T09:15:54.781-0800][57105226ms] GC(4418)   Pre Evacuate Collection Set: 0.0ms
[2023-12-20T09:15:54.781-0800][57105226ms] GC(4418)   Evacuate Collection Set: 26.8ms
[2023-12-20T09:15:54.781-0800][57105226ms] GC(4418)   Post Evacuate Collection Set: 2.5ms
[2023-12-20T09:15:54.781-0800][57105226ms] GC(4418)   Other: 0.4ms
[2023-12-20T09:15:54.781-0800][57105226ms] GC(4418) Eden regions: 754->0(753)
[2023-12-20T09:15:54.781-0800][57105226ms] GC(4418) Survivor regions: 29->30(98)
[2023-12-20T09:15:54.781-0800][57105226ms] GC(4418) Old regions: 198->198
[2023-12-20T09:15:54.781-0800][57105226ms] GC(4418) Humongous regions: 5->5
[2023-12-20T09:15:54.781-0800][57105226ms] GC(4418) Metaspace: 256616K->256616K(1294336K)
[2023-12-20T09:15:54.781-0800][57105226ms] GC(4418) Pause Young (Normal) (G1 Evacuation Pause) 1969M->464M(2612M) 29.870ms
[2023-12-20T09:15:54.781-0800][57105226ms] GC(4418) User=0.09s Sys=0.00s Real=0.03s
[2023-12-20T09:15:55.647-0800][57106092ms] GC(4419) Pause Young (Normal) (G1 Evacuation Pause)
[2023-12-20T09:15:55.647-0800][57106092ms] GC(4419) Using 10 workers of 10 for evacuation
[2023-12-20T09:15:55.680-0800][57106125ms] GC(4419)   Pre Evacuate Collection Set: 0.0ms
[2023-12-20T09:15:55.680-0800][57106125ms] GC(4419)   Evacuate Collection Set: 30.1ms
[2023-12-20T09:15:55.680-0800][57106125ms] GC(4419)   Post Evacuate Collection Set: 2.6ms
[2023-12-20T09:15:55.680-0800][57106125ms] GC(4419)   Other: 0.4ms
[2023-12-20T09:15:55.680-0800][57106125ms] GC(4419) Eden regions: 753->0(753)
[2023-12-20T09:15:55.680-0800][57106125ms] GC(4419) Survivor regions: 30->30(98)
[2023-12-20T09:15:55.680-0800][57106125ms] GC(4419) Old regions: 198->198
[2023-12-20T09:15:55.680-0800][57106125ms] GC(4419) Humongous regions: 5->5
[2023-12-20T09:15:55.680-0800][57106125ms] GC(4419) Metaspace: 256616K->256616K(1294336K)
[2023-12-20T09:15:55.680-0800][57106125ms] GC(4419) Pause Young (Normal) (G1 Evacuation Pause) 1970M->463M(2612M) 33.210ms
[2023-12-20T09:15:55.680-0800][57106125ms] GC(4419) User=0.05s Sys=0.02s Real=0.03s
[2023-12-20T09:15:56.557-0800][57107002ms] GC(4420) Pause Young (Normal) (G1 Evacuation Pause)
[2023-12-20T09:15:56.557-0800][57107002ms] GC(4420) Using 10 workers of 10 for evacuation
[2023-12-20T09:15:56.587-0800][57107032ms] GC(4420)   Pre Evacuate Collection Set: 0.0ms
[2023-12-20T09:15:56.587-0800][57107032ms] GC(4420)   Evacuate Collection Set: 27.1ms
[2023-12-20T09:15:56.587-0800][57107032ms] GC(4420)   Post Evacuate Collection Set: 2.7ms
[2023-12-20T09:15:56.587-0800][57107032ms] GC(4420)   Other: 0.4ms
[2023-12-20T09:15:56.587-0800][57107032ms] GC(4420) Eden regions: 753->0(753)
[2023-12-20T09:15:56.587-0800][57107032ms] GC(4420) Survivor regions: 30->30(98)
[2023-12-20T09:15:56.587-0800][57107032ms] GC(4420) Old regions: 198->198
[2023-12-20T09:15:56.587-0800][57107032ms] GC(4420) Humongous regions: 5->5
[2023-12-20T09:15:56.587-0800][57107032ms] GC(4420) Metaspace: 256616K->256616K(1294336K)
[2023-12-20T09:15:56.587-0800][57107032ms] GC(4420) Pause Young (Normal) (G1 Evacuation Pause) 1969M->463M(2612M) 30.322ms
[2023-12-20T09:15:56.587-0800][57107032ms] GC(4420) User=0.08s Sys=0.00s Real=0.03s
[2023-12-20T09:15:57.409-0800][57107854ms] GC(4421) Pause Young (Normal) (G1 Evacuation Pause)
[2023-12-20T09:15:57.409-0800][57107854ms] GC(4421) Using 10 workers of 10 for evacuation
[2023-12-20T09:15:57.439-0800][57107884ms] GC(4421)   Pre Evacuate Collection Set: 0.0ms
[2023-12-20T09:15:57.439-0800][57107884ms] GC(4421)   Evacuate Collection Set: 27.6ms
[2023-12-20T09:15:57.439-0800][57107884ms] GC(4421)   Post Evacuate Collection Set: 2.7ms
[2023-12-20T09:15:57.439-0800][57107884ms] GC(4421)   Other: 0.4ms
[2023-12-20T09:15:57.439-0800][57107884ms] GC(4421) Eden regions: 753->0(753)
[2023-12-20T09:15:57.439-0800][57107884ms] GC(4421) Survivor regions: 30->30(98)
[2023-12-20T09:15:57.439-0800][57107884ms] GC(4421) Old regions: 198->198
[2023-12-20T09:15:57.439-0800][57107884ms] GC(4421) Humongous regions: 5->5
[2023-12-20T09:15:57.439-0800][57107884ms] GC(4421) Metaspace: 256616K->256616K(1294336K)
[2023-12-20T09:15:57.439-0800][57107884ms] GC(4421) Pause Young (Normal) (G1 Evacuation Pause) 1969M->463M(2612M) 30.830ms
[2023-12-20T09:15:57.439-0800][57107884ms] GC(4421) User=0.05s Sys=0.00s Real=0.03s
[2023-12-20T09:15:58.314-0800][57108759ms] GC(4422) Pause Young (Normal) (G1 Evacuation Pause)
[2023-12-20T09:15:58.314-0800][57108759ms] GC(4422) Using 10 workers of 10 for evacuation
[2023-12-20T09:15:58.346-0800][57108791ms] GC(4422)   Pre Evacuate Collection Set: 0.0ms
[2023-12-20T09:15:58.346-0800][57108791ms] GC(4422)   Evacuate Collection Set: 29.1ms
[2023-12-20T09:15:58.346-0800][57108791ms] GC(4422)   Post Evacuate Collection Set: 2.6ms
[2023-12-20T09:15:58.346-0800][57108791ms] GC(4422)   Other: 0.5ms
[2023-12-20T09:15:58.346-0800][57108791ms] GC(4422) Eden regions: 753->0(753)
[2023-12-20T09:15:58.346-0800][57108791ms] GC(4422) Survivor regions: 30->30(98)
[2023-12-20T09:15:58.346-0800][57108791ms] GC(4422) Old regions: 198->198
[2023-12-20T09:15:58.346-0800][57108791ms] GC(4422) Humongous regions: 5->5
[2023-12-20T09:15:58.346-0800][57108791ms] GC(4422) Metaspace: 256616K->256616K(1294336K)
[2023-12-20T09:15:58.346-0800][57108791ms] GC(4422) Pause Young (Normal) (G1 Evacuation Pause) 1969M->463M(2612M) 32.421ms
[2023-12-20T09:15:58.346-0800][57108791ms] GC(4422) User=0.19s Sys=0.00s Real=0.03s
[2023-12-20T09:15:59.283-0800][57109728ms] GC(4423) Pause Young (Normal) (G1 Evacuation Pause)
[2023-12-20T09:15:59.283-0800][57109728ms] GC(4423) Using 10 workers of 10 for evacuation
[2023-12-20T09:15:59.316-0800][57109761ms] GC(4423)   Pre Evacuate Collection Set: 0.0ms
[2023-12-20T09:15:59.316-0800][57109761ms] GC(4423)   Evacuate Collection Set: 29.1ms
[2023-12-20T09:15:59.316-0800][57109761ms] GC(4423)   Post Evacuate Collection Set: 3.2ms
[2023-12-20T09:15:59.316-0800][57109761ms] GC(4423)   Other: 0.4ms
[2023-12-20T09:15:59.316-0800][57109761ms] GC(4423) Eden regions: 753->0(754)
[2023-12-20T09:15:59.316-0800][57109761ms] GC(4423) Survivor regions: 30->29(98)
[2023-12-20T09:15:59.316-0800][57109761ms] GC(4423) Old regions: 198->198
[2023-12-20T09:15:59.316-0800][57109761ms] GC(4423) Humongous regions: 5->5
[2023-12-20T09:15:59.316-0800][57109761ms] GC(4423) Metaspace: 256616K->256616K(1294336K)
[2023-12-20T09:15:59.316-0800][57109761ms] GC(4423) Pause Young (Normal) (G1 Evacuation Pause) 1969M->461M(2612M) 32.950ms
[2023-12-20T09:15:59.316-0800][57109761ms] GC(4423) User=0.11s Sys=0.00s Real=0.03s
[2023-12-20T09:16:00.240-0800][57110685ms] GC(4424) Pause Young (Normal) (GCLocker Initiated GC)
[2023-12-20T09:16:00.240-0800][57110685ms] GC(4424) Using 10 workers of 10 for evacuation
[2023-12-20T09:16:00.272-0800][57110717ms] GC(4424)   Pre Evacuate Collection Set: 0.0ms
[2023-12-20T09:16:00.272-0800][57110717ms] GC(4424)   Evacuate Collection Set: 27.8ms
[2023-12-20T09:16:00.272-0800][57110717ms] GC(4424)   Post Evacuate Collection Set: 3.2ms
[2023-12-20T09:16:00.272-0800][57110717ms] GC(4424)   Other: 0.4ms
[2023-12-20T09:16:00.272-0800][57110717ms] GC(4424) Eden regions: 755->0(754)
[2023-12-20T09:16:00.272-0800][57110717ms] GC(4424) Survivor regions: 29->29(98)
[2023-12-20T09:16:00.272-0800][57110717ms] GC(4424) Old regions: 198->198
[2023-12-20T09:16:00.272-0800][57110717ms] GC(4424) Humongous regions: 5->5
[2023-12-20T09:16:00.272-0800][57110717ms] GC(4424) Metaspace: 256616K->256616K(1294336K)
[2023-12-20T09:16:00.272-0800][57110717ms] GC(4424) Pause Young (Normal) (GCLocker Initiated GC) 1970M->462M(2612M) 31.678ms
[2023-12-20T09:16:00.272-0800][57110717ms] GC(4424) User=0.08s Sys=0.00s Real=0.03s
[2023-12-20T09:16:01.223-0800][57111668ms] GC(4425) Pause Young (Normal) (GCLocker Initiated GC)
[2023-12-20T09:16:01.223-0800][57111668ms] GC(4425) Using 10 workers of 10 for evacuation
[2023-12-20T09:16:01.253-0800][57111698ms] GC(4425)   Pre Evacuate Collection Set: 0.0ms
[2023-12-20T09:16:01.253-0800][57111698ms] GC(4425)   Evacuate Collection Set: 27.3ms
[2023-12-20T09:16:01.253-0800][57111698ms] GC(4425)   Post Evacuate Collection Set: 2.7ms
[2023-12-20T09:16:01.253-0800][57111698ms] GC(4425)   Other: 0.4ms
[2023-12-20T09:16:01.253-0800][57111698ms] GC(4425) Eden regions: 755->0(753)
[2023-12-20T09:16:01.253-0800][57111698ms] GC(4425) Survivor regions: 29->30(98)
[2023-12-20T09:16:01.253-0800][57111698ms] GC(4425) Old regions: 198->198
[2023-12-20T09:16:01.253-0800][57111698ms] GC(4425) Humongous regions: 5->5
[2023-12-20T09:16:01.253-0800][57111698ms] GC(4425) Metaspace: 256616K->256616K(1294336K)
[2023-12-20T09:16:01.253-0800][57111698ms] GC(4425) Pause Young (Normal) (GCLocker Initiated GC) 1971M->465M(2612M) 30.630ms
[2023-12-20T09:16:01.253-0800][57111698ms] GC(4425) User=0.09s Sys=0.00s Real=0.03s
[2023-12-20T09:16:02.212-0800][57112657ms] GC(4426) Pause Young (Normal) (GCLocker Initiated GC)
[2023-12-20T09:16:02.212-0800][57112657ms] GC(4426) Using 10 workers of 10 for evacuation
[2023-12-20T09:16:02.243-0800][57112688ms] GC(4426)   Pre Evacuate Collection Set: 0.0ms
[2023-12-20T09:16:02.243-0800][57112688ms] GC(4426)   Evacuate Collection Set: 28.1ms
[2023-12-20T09:16:02.243-0800][57112688ms] GC(4426)   Post Evacuate Collection Set: 2.4ms
[2023-12-20T09:16:02.243-0800][57112688ms] GC(4426)   Other: 0.4ms
[2023-12-20T09:16:02.243-0800][57112688ms] GC(4426) Eden regions: 754->0(753)
[2023-12-20T09:16:02.243-0800][57112688ms] GC(4426) Survivor regions: 30->30(98)
[2023-12-20T09:16:02.243-0800][57112688ms] GC(4426) Old regions: 198->198
[2023-12-20T09:16:02.243-0800][57112688ms] GC(4426) Humongous regions: 5->5
[2023-12-20T09:16:02.243-0800][57112688ms] GC(4426) Metaspace: 256616K->256616K(1294336K)
[2023-12-20T09:16:02.243-0800][57112688ms] GC(4426) Pause Young (Normal) (GCLocker Initiated GC) 1972M->464M(2612M) 30.958ms
[2023-12-20T09:16:02.243-0800][57112688ms] GC(4426) User=0.06s Sys=0.00s Real=0.03s
[2023-12-20T09:16:03.131-0800][57113576ms] GC(4427) Pause Young (Normal) (G1 Evacuation Pause)
[2023-12-20T09:16:03.131-0800][57113576ms] GC(4427) Using 10 workers of 10 for evacuation
[2023-12-20T09:16:03.163-0800][57113608ms] GC(4427)   Pre Evacuate Collection Set: 0.0ms
[2023-12-20T09:16:03.163-0800][57113608ms] GC(4427)   Evacuate Collection Set: 28.4ms
[2023-12-20T09:16:03.163-0800][57113608ms] GC(4427)   Post Evacuate Collection Set: 3.0ms
[2023-12-20T09:16:03.163-0800][57113608ms] GC(4427)   Other: 0.4ms
[2023-12-20T09:16:03.163-0800][57113608ms] GC(4427) Eden regions: 753->0(754)
[2023-12-20T09:16:03.163-0800][57113608ms] GC(4427) Survivor regions: 30->29(98)
[2023-12-20T09:16:03.163-0800][57113608ms] GC(4427) Old regions: 198->198
[2023-12-20T09:16:03.163-0800][57113608ms] GC(4427) Humongous regions: 5->5
[2023-12-20T09:16:03.163-0800][57113608ms] GC(4427) Metaspace: 256616K->256616K(1294336K)
[2023-12-20T09:16:03.163-0800][57113608ms] GC(4427) Pause Young (Normal) (G1 Evacuation Pause) 1970M->463M(2612M) 31.910ms
[2023-12-20T09:16:03.163-0800][57113608ms] GC(4427) User=0.19s Sys=0.00s Real=0.03s
[2023-12-20T09:16:04.120-0800][57114565ms] GC(4428) Pause Young (Normal) (G1 Evacuation Pause)
[2023-12-20T09:16:04.120-0800][57114565ms] GC(4428) Using 10 workers of 10 for evacuation
[2023-12-20T09:16:04.151-0800][57114596ms] GC(4428)   Pre Evacuate Collection Set: 0.0ms
[2023-12-20T09:16:04.151-0800][57114596ms] GC(4428)   Evacuate Collection Set: 27.2ms
[2023-12-20T09:16:04.151-0800][57114596ms] GC(4428)   Post Evacuate Collection Set: 2.3ms
[2023-12-20T09:16:04.151-0800][57114596ms] GC(4428)   Other: 0.4ms
[2023-12-20T09:16:04.151-0800][57114596ms] GC(4428) Eden regions: 754->0(753)
[2023-12-20T09:16:04.151-0800][57114596ms] GC(4428) Survivor regions: 29->30(98)
[2023-12-20T09:16:04.151-0800][57114596ms] GC(4428) Old regions: 198->198
[2023-12-20T09:16:04.151-0800][57114596ms] GC(4428) Humongous regions: 5->5
[2023-12-20T09:16:04.151-0800][57114596ms] GC(4428) Metaspace: 256616K->256616K(1294336K)
[2023-12-20T09:16:04.151-0800][57114596ms] GC(4428) Pause Young (Normal) (G1 Evacuation Pause) 1971M->465M(2612M) 30.010ms
[2023-12-20T09:16:04.151-0800][57114596ms] GC(4428) User=0.08s Sys=0.00s Real=0.03s
[2023-12-20T09:16:05.061-0800][57115506ms] GC(4429) Pause Young (Normal) (G1 Evacuation Pause)
[2023-12-20T09:16:05.061-0800][57115506ms] GC(4429) Using 10 workers of 10 for evacuation
[2023-12-20T09:16:05.091-0800][57115536ms] GC(4429)   Pre Evacuate Collection Set: 0.0ms
[2023-12-20T09:16:05.091-0800][57115536ms] GC(4429)   Evacuate Collection Set: 27.3ms
[2023-12-20T09:16:05.091-0800][57115536ms] GC(4429)   Post Evacuate Collection Set: 2.6ms
[2023-12-20T09:16:05.091-0800][57115536ms] GC(4429)   Other: 0.4ms
[2023-12-20T09:16:05.091-0800][57115536ms] GC(4429) Eden regions: 753->0(753)
[2023-12-20T09:16:05.091-0800][57115536ms] GC(4429) Survivor regions: 30->30(98)
[2023-12-20T09:16:05.091-0800][57115536ms] GC(4429) Old regions: 198->198
[2023-12-20T09:16:05.091-0800][57115536ms] GC(4429) Humongous regions: 5->5
[2023-12-20T09:16:05.091-0800][57115536ms] GC(4429) Metaspace: 256616K->256616K(1294336K)
[2023-12-20T09:16:05.091-0800][57115536ms] GC(4429) Pause Young (Normal) (G1 Evacuation Pause) 1971M->464M(2612M) 30.475ms
[2023-12-20T09:16:05.091-0800][57115536ms] GC(4429) User=0.09s Sys=0.00s Real=0.03s
[2023-12-20T09:16:05.972-0800][57116417ms] GC(4430) Pause Young (Normal) (G1 Evacuation Pause)
[2023-12-20T09:16:05.972-0800][57116417ms] GC(4430) Using 10 workers of 10 for evacuation
[2023-12-20T09:16:06.002-0800][57116447ms] GC(4430)   Pre Evacuate Collection Set: 0.1ms
[2023-12-20T09:16:06.002-0800][57116447ms] GC(4430)   Evacuate Collection Set: 26.5ms
[2023-12-20T09:16:06.002-0800][57116447ms] GC(4430)   Post Evacuate Collection Set: 2.7ms
[2023-12-20T09:16:06.002-0800][57116447ms] GC(4430)   Other: 0.4ms
[2023-12-20T09:16:06.002-0800][57116447ms] GC(4430) Eden regions: 753->0(753)
[2023-12-20T09:16:06.002-0800][57116447ms] GC(4430) Survivor regions: 30->30(98)
[2023-12-20T09:16:06.002-0800][57116447ms] GC(4430) Old regions: 198->198
[2023-12-20T09:16:06.002-0800][57116447ms] GC(4430) Humongous regions: 5->5
[2023-12-20T09:16:06.002-0800][57116447ms] GC(4430) Metaspace: 256616K->256616K(1294336K)
[2023-12-20T09:16:06.002-0800][57116447ms] GC(4430) Pause Young (Normal) (G1 Evacuation Pause) 1970M->464M(2612M) 29.793ms
[2023-12-20T09:16:06.002-0800][57116447ms] GC(4430) User=0.08s Sys=0.00s Real=0.03s
[2023-12-20T09:16:06.866-0800][57117311ms] GC(4431) Pause Young (Normal) (G1 Evacuation Pause)
[2023-12-20T09:16:06.866-0800][57117311ms] GC(4431) Using 10 workers of 10 for evacuation
[2023-12-20T09:16:06.896-0800][57117341ms] GC(4431)   Pre Evacuate Collection Set: 0.0ms
[2023-12-20T09:16:06.896-0800][57117341ms] GC(4431)   Evacuate Collection Set: 27.0ms
[2023-12-20T09:16:06.896-0800][57117341ms] GC(4431)   Post Evacuate Collection Set: 2.9ms
[2023-12-20T09:16:06.896-0800][57117341ms] GC(4431)   Other: 0.3ms
[2023-12-20T09:16:06.896-0800][57117341ms] GC(4431) Eden regions: 753->0(753)
[2023-12-20T09:16:06.896-0800][57117341ms] GC(4431) Survivor regions: 30->30(98)
[2023-12-20T09:16:06.896-0800][57117341ms] GC(4431) Old regions: 198->198
[2023-12-20T09:16:06.896-0800][57117341ms] GC(4431) Humongous regions: 5->5
[2023-12-20T09:16:06.896-0800][57117341ms] GC(4431) Metaspace: 256616K->256616K(1294336K)
[2023-12-20T09:16:06.896-0800][57117341ms] GC(4431) Pause Young (Normal) (G1 Evacuation Pause) 1970M->465M(2612M) 30.364ms
[2023-12-20T09:16:06.896-0800][57117341ms] GC(4431) User=0.14s Sys=0.00s Real=0.03s
[2023-12-20T09:16:07.864-0800][57118309ms] GC(4432) Pause Young (Normal) (G1 Evacuation Pause)
[2023-12-20T09:16:07.864-0800][57118309ms] GC(4432) Using 10 workers of 10 for evacuation
[2023-12-20T09:16:07.895-0800][57118340ms] GC(4432)   Pre Evacuate Collection Set: 0.0ms
[2023-12-20T09:16:07.895-0800][57118340ms] GC(4432)   Evacuate Collection Set: 27.8ms
[2023-12-20T09:16:07.895-0800][57118340ms] GC(4432)   Post Evacuate Collection Set: 2.9ms
[2023-12-20T09:16:07.895-0800][57118340ms] GC(4432)   Other: 0.4ms
[2023-12-20T09:16:07.895-0800][57118340ms] GC(4432) Eden regions: 753->0(753)
[2023-12-20T09:16:07.895-0800][57118340ms] GC(4432) Survivor regions: 30->30(98)
[2023-12-20T09:16:07.895-0800][57118340ms] GC(4432) Old regions: 198->198
[2023-12-20T09:16:07.895-0800][57118340ms] GC(4432) Humongous regions: 5->5
[2023-12-20T09:16:07.895-0800][57118340ms] GC(4432) Metaspace: 256616K->256616K(1294336K)
[2023-12-20T09:16:07.895-0800][57118340ms] GC(4432) Pause Young (Normal) (G1 Evacuation Pause) 1971M->465M(2612M) 31.206ms
[2023-12-20T09:16:07.895-0800][57118340ms] GC(4432) User=0.06s Sys=0.00s Real=0.03s
[2023-12-20T09:16:08.821-0800][57119266ms] GC(4433) Pause Young (Normal) (G1 Evacuation Pause)
[2023-12-20T09:16:08.821-0800][57119266ms] GC(4433) Using 10 workers of 10 for evacuation
[2023-12-20T09:16:08.852-0800][57119297ms] GC(4433)   Pre Evacuate Collection Set: 0.1ms
[2023-12-20T09:16:08.852-0800][57119297ms] GC(4433)   Evacuate Collection Set: 28.2ms
[2023-12-20T09:16:08.852-0800][57119297ms] GC(4433)   Post Evacuate Collection Set: 2.4ms
[2023-12-20T09:16:08.852-0800][57119297ms] GC(4433)   Other: 0.4ms
[2023-12-20T09:16:08.852-0800][57119297ms] GC(4433) Eden regions: 753->0(754)
[2023-12-20T09:16:08.852-0800][57119297ms] GC(4433) Survivor regions: 30->29(98)
[2023-12-20T09:16:08.852-0800][57119297ms] GC(4433) Old regions: 198->198
[2023-12-20T09:16:08.852-0800][57119297ms] GC(4433) Humongous regions: 5->5
[2023-12-20T09:16:08.852-0800][57119297ms] GC(4433) Metaspace: 256616K->256616K(1294336K)
[2023-12-20T09:16:08.852-0800][57119297ms] GC(4433) Pause Young (Normal) (G1 Evacuation Pause) 1971M->463M(2612M) 31.119ms
[2023-12-20T09:16:08.852-0800][57119297ms] GC(4433) User=0.17s Sys=0.00s Real=0.03s
[2023-12-20T09:16:09.728-0800][57120173ms] GC(4434) Pause Young (Normal) (G1 Evacuation Pause)
[2023-12-20T09:16:09.728-0800][57120173ms] GC(4434) Using 10 workers of 10 for evacuation
[2023-12-20T09:16:09.758-0800][57120203ms] GC(4434)   Pre Evacuate Collection Set: 0.0ms
[2023-12-20T09:16:09.758-0800][57120203ms] GC(4434)   Evacuate Collection Set: 26.7ms
[2023-12-20T09:16:09.758-0800][57120203ms] GC(4434)   Post Evacuate Collection Set: 2.7ms
[2023-12-20T09:16:09.758-0800][57120203ms] GC(4434)   Other: 0.4ms
[2023-12-20T09:16:09.758-0800][57120203ms] GC(4434) Eden regions: 754->0(753)
[2023-12-20T09:16:09.758-0800][57120203ms] GC(4434) Survivor regions: 29->30(98)
[2023-12-20T09:16:09.758-0800][57120203ms] GC(4434) Old regions: 198->198
[2023-12-20T09:16:09.758-0800][57120203ms] GC(4434) Humongous regions: 5->5
[2023-12-20T09:16:09.758-0800][57120203ms] GC(4434) Metaspace: 256616K->256616K(1294336K)
[2023-12-20T09:16:09.758-0800][57120203ms] GC(4434) Pause Young (Normal) (G1 Evacuation Pause) 1971M->464M(2612M) 30.078ms
[2023-12-20T09:16:09.758-0800][57120203ms] GC(4434) User=0.08s Sys=0.00s Real=0.03s
[2023-12-20T09:16:10.644-0800][57121089ms] GC(4435) Pause Young (Normal) (G1 Evacuation Pause)
[2023-12-20T09:16:10.644-0800][57121089ms] GC(4435) Using 10 workers of 10 for evacuation
[2023-12-20T09:16:10.674-0800][57121119ms] GC(4435)   Pre Evacuate Collection Set: 0.0ms
[2023-12-20T09:16:10.674-0800][57121119ms] GC(4435)   Evacuate Collection Set: 27.2ms
[2023-12-20T09:16:10.674-0800][57121119ms] GC(4435)   Post Evacuate Collection Set: 2.6ms
[2023-12-20T09:16:10.674-0800][57121119ms] GC(4435)   Other: 0.6ms
[2023-12-20T09:16:10.674-0800][57121119ms] GC(4435) Eden regions: 753->0(754)
[2023-12-20T09:16:10.674-0800][57121119ms] GC(4435) Survivor regions: 30->29(98)
[2023-12-20T09:16:10.674-0800][57121119ms] GC(4435) Old regions: 198->198
[2023-12-20T09:16:10.674-0800][57121119ms] GC(4435) Humongous regions: 5->5
[2023-12-20T09:16:10.674-0800][57121119ms] GC(4435) Metaspace: 256616K->256616K(1294336K)
[2023-12-20T09:16:10.674-0800][57121119ms] GC(4435) Pause Young (Normal) (G1 Evacuation Pause) 1970M->462M(2612M) 30.573ms
[2023-12-20T09:16:10.674-0800][57121119ms] GC(4435) User=0.16s Sys=0.00s Real=0.03s
[2023-12-20T09:16:11.559-0800][57122004ms] GC(4436) Pause Young (Normal) (G1 Evacuation Pause)
[2023-12-20T09:16:11.559-0800][57122004ms] GC(4436) Using 10 workers of 10 for evacuation
[2023-12-20T09:16:11.589-0800][57122034ms] GC(4436)   Pre Evacuate Collection Set: 0.0ms
[2023-12-20T09:16:11.589-0800][57122034ms] GC(4436)   Evacuate Collection Set: 26.4ms
[2023-12-20T09:16:11.589-0800][57122034ms] GC(4436)   Post Evacuate Collection Set: 2.4ms
[2023-12-20T09:16:11.589-0800][57122034ms] GC(4436)   Other: 0.4ms
[2023-12-20T09:16:11.589-0800][57122034ms] GC(4436) Eden regions: 754->0(753)
[2023-12-20T09:16:11.589-0800][57122034ms] GC(4436) Survivor regions: 29->30(98)
[2023-12-20T09:16:11.589-0800][57122034ms] GC(4436) Old regions: 198->198
[2023-12-20T09:16:11.589-0800][57122034ms] GC(4436) Humongous regions: 5->5
[2023-12-20T09:16:11.589-0800][57122034ms] GC(4436) Metaspace: 256616K->256616K(1294336K)
[2023-12-20T09:16:11.589-0800][57122034ms] GC(4436) Pause Young (Normal) (G1 Evacuation Pause) 1970M->465M(2612M) 29.305ms
[2023-12-20T09:16:11.589-0800][57122034ms] GC(4436) User=0.06s Sys=0.00s Real=0.03s
[2023-12-20T09:16:12.507-0800][57122952ms] GC(4437) Pause Young (Normal) (G1 Evacuation Pause)
[2023-12-20T09:16:12.507-0800][57122952ms] GC(4437) Using 10 workers of 10 for evacuation
[2023-12-20T09:16:12.536-0800][57122981ms] GC(4437)   Pre Evacuate Collection Set: 0.0ms
[2023-12-20T09:16:12.536-0800][57122981ms] GC(4437)   Evacuate Collection Set: 27.1ms
[2023-12-20T09:16:12.536-0800][57122981ms] GC(4437)   Post Evacuate Collection Set: 2.6ms
[2023-12-20T09:16:12.536-0800][57122981ms] GC(4437)   Other: 0.4ms
[2023-12-20T09:16:12.536-0800][57122981ms] GC(4437) Eden regions: 753->0(754)
[2023-12-20T09:16:12.536-0800][57122981ms] GC(4437) Survivor regions: 30->29(98)
[2023-12-20T09:16:12.536-0800][57122981ms] GC(4437) Old regions: 198->198
[2023-12-20T09:16:12.536-0800][57122981ms] GC(4437) Humongous regions: 5->5
[2023-12-20T09:16:12.536-0800][57122981ms] GC(4437) Metaspace: 256616K->256616K(1294336K)
[2023-12-20T09:16:12.536-0800][57122981ms] GC(4437) Pause Young (Normal) (G1 Evacuation Pause) 1971M->463M(2612M) 30.233ms
[2023-12-20T09:16:12.536-0800][57122981ms] GC(4437) User=0.08s Sys=0.00s Real=0.03s
[2023-12-20T09:16:13.467-0800][57123912ms] GC(4438) Pause Young (Normal) (G1 Evacuation Pause)
[2023-12-20T09:16:13.467-0800][57123912ms] GC(4438) Using 10 workers of 10 for evacuation
[2023-12-20T09:16:13.497-0800][57123942ms] GC(4438)   Pre Evacuate Collection Set: 0.0ms
[2023-12-20T09:16:13.497-0800][57123942ms] GC(4438)   Evacuate Collection Set: 26.9ms
[2023-12-20T09:16:13.497-0800][57123942ms] GC(4438)   Post Evacuate Collection Set: 2.3ms
[2023-12-20T09:16:13.497-0800][57123942ms] GC(4438)   Other: 0.4ms
[2023-12-20T09:16:13.497-0800][57123942ms] GC(4438) Eden regions: 754->0(753)
[2023-12-20T09:16:13.497-0800][57123942ms] GC(4438) Survivor regions: 29->30(98)
[2023-12-20T09:16:13.497-0800][57123942ms] GC(4438) Old regions: 198->198
[2023-12-20T09:16:13.497-0800][57123942ms] GC(4438) Humongous regions: 5->5
[2023-12-20T09:16:13.497-0800][57123942ms] GC(4438) Metaspace: 256616K->256616K(1294336K)
[2023-12-20T09:16:13.497-0800][57123942ms] GC(4438) Pause Young (Normal) (G1 Evacuation Pause) 1971M->464M(2612M) 29.697ms
[2023-12-20T09:16:13.497-0800][57123942ms] GC(4438) User=0.13s Sys=0.02s Real=0.03s
[2023-12-20T09:16:14.378-0800][57124823ms] GC(4439) Pause Young (Normal) (G1 Evacuation Pause)
[2023-12-20T09:16:14.378-0800][57124823ms] GC(4439) Using 10 workers of 10 for evacuation
[2023-12-20T09:16:14.409-0800][57124854ms] GC(4439)   Pre Evacuate Collection Set: 0.1ms
[2023-12-20T09:16:14.409-0800][57124854ms] GC(4439)   Evacuate Collection Set: 27.5ms
[2023-12-20T09:16:14.409-0800][57124854ms] GC(4439)   Post Evacuate Collection Set: 3.0ms
[2023-12-20T09:16:14.409-0800][57124854ms] GC(4439)   Other: 0.5ms
[2023-12-20T09:16:14.409-0800][57124854ms] GC(4439) Eden regions: 753->0(753)
[2023-12-20T09:16:14.409-0800][57124854ms] GC(4439) Survivor regions: 30->30(98)
[2023-12-20T09:16:14.409-0800][57124854ms] GC(4439) Old regions: 198->198
[2023-12-20T09:16:14.409-0800][57124854ms] GC(4439) Humongous regions: 5->5
[2023-12-20T09:16:14.409-0800][57124854ms] GC(4439) Metaspace: 256616K->256616K(1294336K)
[2023-12-20T09:16:14.409-0800][57124854ms] GC(4439) Pause Young (Normal) (G1 Evacuation Pause) 1970M->464M(2612M) 31.110ms
[2023-12-20T09:16:14.409-0800][57124854ms] GC(4439) User=0.13s Sys=0.00s Real=0.03s
[2023-12-20T09:16:15.233-0800][57125678ms] GC(4440) Pause Young (Normal) (G1 Evacuation Pause)
[2023-12-20T09:16:15.233-0800][57125678ms] GC(4440) Using 10 workers of 10 for evacuation
[2023-12-20T09:16:15.262-0800][57125707ms] GC(4440)   Pre Evacuate Collection Set: 0.0ms
[2023-12-20T09:16:15.262-0800][57125707ms] GC(4440)   Evacuate Collection Set: 26.2ms
[2023-12-20T09:16:15.262-0800][57125707ms] GC(4440)   Post Evacuate Collection Set: 2.8ms
[2023-12-20T09:16:15.262-0800][57125707ms] GC(4440)   Other: 0.4ms
[2023-12-20T09:16:15.262-0800][57125707ms] GC(4440) Eden regions: 753->0(753)
[2023-12-20T09:16:15.262-0800][57125707ms] GC(4440) Survivor regions: 30->30(98)
[2023-12-20T09:16:15.262-0800][57125707ms] GC(4440) Old regions: 198->198
[2023-12-20T09:16:15.262-0800][57125707ms] GC(4440) Humongous regions: 5->5
[2023-12-20T09:16:15.262-0800][57125707ms] GC(4440) Metaspace: 256616K->256616K(1294336K)
[2023-12-20T09:16:15.262-0800][57125707ms] GC(4440) Pause Young (Normal) (G1 Evacuation Pause) 1970M->465M(2612M) 29.468ms
[2023-12-20T09:16:15.262-0800][57125707ms] GC(4440) User=0.11s Sys=0.00s Real=0.03s
[2023-12-20T09:16:16.123-0800][57126568ms] GC(4441) Pause Young (Normal) (G1 Evacuation Pause)
[2023-12-20T09:16:16.123-0800][57126568ms] GC(4441) Using 10 workers of 10 for evacuation
[2023-12-20T09:16:16.151-0800][57126596ms] GC(4441)   Pre Evacuate Collection Set: 0.0ms
[2023-12-20T09:16:16.151-0800][57126596ms] GC(4441)   Evacuate Collection Set: 26.8ms
[2023-12-20T09:16:16.151-0800][57126596ms] GC(4441)   Post Evacuate Collection Set: 2.5ms
[2023-12-20T09:16:16.151-0800][57126596ms] GC(4441)   Other: 0.4ms
[2023-12-20T09:16:16.151-0800][57126596ms] GC(4441) Eden regions: 753->0(753)
[2023-12-20T09:16:16.151-0800][57126596ms] GC(4441) Survivor regions: 30->30(98)
[2023-12-20T09:16:16.151-0800][57126596ms] GC(4441) Old regions: 198->198
[2023-12-20T09:16:16.151-0800][57126596ms] GC(4441) Humongous regions: 5->5
[2023-12-20T09:16:16.151-0800][57126596ms] GC(4441) Metaspace: 256616K->256616K(1294336K)
[2023-12-20T09:16:16.151-0800][57126596ms] GC(4441) Pause Young (Normal) (G1 Evacuation Pause) 1971M->464M(2612M) 29.826ms
[2023-12-20T09:16:16.151-0800][57126596ms] GC(4441) User=0.11s Sys=0.00s Real=0.03s
[2023-12-20T09:16:17.002-0800][57127447ms] GC(4442) Pause Young (Normal) (G1 Evacuation Pause)
[2023-12-20T09:16:17.002-0800][57127447ms] GC(4442) Using 10 workers of 10 for evacuation
[2023-12-20T09:16:17.032-0800][57127477ms] GC(4442)   Pre Evacuate Collection Set: 0.0ms
[2023-12-20T09:16:17.032-0800][57127477ms] GC(4442)   Evacuate Collection Set: 26.5ms
[2023-12-20T09:16:17.032-0800][57127477ms] GC(4442)   Post Evacuate Collection Set: 2.6ms
[2023-12-20T09:16:17.032-0800][57127477ms] GC(4442)   Other: 0.4ms
[2023-12-20T09:16:17.032-0800][57127477ms] GC(4442) Eden regions: 753->0(754)
[2023-12-20T09:16:17.032-0800][57127477ms] GC(4442) Survivor regions: 30->29(98)
[2023-12-20T09:16:17.032-0800][57127477ms] GC(4442) Old regions: 198->198
[2023-12-20T09:16:17.032-0800][57127477ms] GC(4442) Humongous regions: 5->5
[2023-12-20T09:16:17.032-0800][57127477ms] GC(4442) Metaspace: 256616K->256616K(1294336K)
[2023-12-20T09:16:17.032-0800][57127477ms] GC(4442) Pause Young (Normal) (G1 Evacuation Pause) 1970M->463M(2612M) 29.660ms
[2023-12-20T09:16:17.032-0800][57127477ms] GC(4442) User=0.11s Sys=0.00s Real=0.03s
[2023-12-20T09:16:17.901-0800][57128346ms] GC(4443) Pause Young (Normal) (G1 Evacuation Pause)
[2023-12-20T09:16:17.901-0800][57128346ms] GC(4443) Using 10 workers of 10 for evacuation
[2023-12-20T09:16:17.931-0800][57128376ms] GC(4443)   Pre Evacuate Collection Set: 0.0ms
[2023-12-20T09:16:17.931-0800][57128376ms] GC(4443)   Evacuate Collection Set: 26.7ms
[2023-12-20T09:16:17.931-0800][57128376ms] GC(4443)   Post Evacuate Collection Set: 2.5ms
[2023-12-20T09:16:17.931-0800][57128376ms] GC(4443)   Other: 0.4ms
[2023-12-20T09:16:17.931-0800][57128376ms] GC(4443) Eden regions: 754->0(753)
[2023-12-20T09:16:17.931-0800][57128376ms] GC(4443) Survivor regions: 29->30(98)
[2023-12-20T09:16:17.931-0800][57128376ms] GC(4443) Old regions: 198->198
[2023-12-20T09:16:17.931-0800][57128376ms] GC(4443) Humongous regions: 5->5
[2023-12-20T09:16:17.931-0800][57128376ms] GC(4443) Metaspace: 256616K->256616K(1294336K)
[2023-12-20T09:16:17.931-0800][57128376ms] GC(4443) Pause Young (Normal) (G1 Evacuation Pause) 1971M->464M(2612M) 29.744ms
[2023-12-20T09:16:17.931-0800][57128376ms] GC(4443) User=0.13s Sys=0.00s Real=0.03s
[2023-12-20T09:16:18.818-0800][57129263ms] GC(4444) Pause Young (Normal) (G1 Evacuation Pause)
[2023-12-20T09:16:18.818-0800][57129263ms] GC(4444) Using 10 workers of 10 for evacuation
[2023-12-20T09:16:18.846-0800][57129291ms] GC(4444)   Pre Evacuate Collection Set: 0.0ms
[2023-12-20T09:16:18.846-0800][57129291ms] GC(4444)   Evacuate Collection Set: 26.0ms
[2023-12-20T09:16:18.846-0800][57129291ms] GC(4444)   Post Evacuate Collection Set: 2.5ms
[2023-12-20T09:16:18.846-0800][57129291ms] GC(4444)   Other: 0.4ms
[2023-12-20T09:16:18.846-0800][57129291ms] GC(4444) Eden regions: 753->0(753)
[2023-12-20T09:16:18.846-0800][57129291ms] GC(4444) Survivor regions: 30->30(98)
[2023-12-20T09:16:18.846-0800][57129291ms] GC(4444) Old regions: 198->198
[2023-12-20T09:16:18.846-0800][57129291ms] GC(4444) Humongous regions: 5->5
[2023-12-20T09:16:18.846-0800][57129291ms] GC(4444) Metaspace: 256616K->256616K(1294336K)
[2023-12-20T09:16:18.846-0800][57129291ms] GC(4444) Pause Young (Normal) (G1 Evacuation Pause) 1970M->465M(2612M) 29.039ms
[2023-12-20T09:16:18.846-0800][57129291ms] GC(4444) User=0.11s Sys=0.00s Real=0.03s
[2023-12-20T09:16:19.709-0800][57130154ms] GC(4445) Pause Young (Normal) (G1 Evacuation Pause)
[2023-12-20T09:16:19.709-0800][57130154ms] GC(4445) Using 10 workers of 10 for evacuation
[2023-12-20T09:16:19.738-0800][57130183ms] GC(4445)   Pre Evacuate Collection Set: 0.0ms
[2023-12-20T09:16:19.738-0800][57130183ms] GC(4445)   Evacuate Collection Set: 26.9ms
[2023-12-20T09:16:19.738-0800][57130183ms] GC(4445)   Post Evacuate Collection Set: 2.5ms
[2023-12-20T09:16:19.738-0800][57130183ms] GC(4445)   Other: 0.3ms
[2023-12-20T09:16:19.738-0800][57130183ms] GC(4445) Eden regions: 753->0(752)
[2023-12-20T09:16:19.738-0800][57130183ms] GC(4445) Survivor regions: 30->31(98)
[2023-12-20T09:16:19.738-0800][57130183ms] GC(4445) Old regions: 198->198
[2023-12-20T09:16:19.738-0800][57130183ms] GC(4445) Humongous regions: 5->5
[2023-12-20T09:16:19.738-0800][57130183ms] GC(4445) Metaspace: 256616K->256616K(1294336K)
[2023-12-20T09:16:19.738-0800][57130183ms] GC(4445) Pause Young (Normal) (G1 Evacuation Pause) 1971M->466M(2612M) 29.853ms
[2023-12-20T09:16:19.738-0800][57130183ms] GC(4445) User=0.16s Sys=0.00s Real=0.03s
[2023-12-20T09:16:20.627-0800][57131072ms] GC(4446) Pause Young (Normal) (G1 Evacuation Pause)
[2023-12-20T09:16:20.627-0800][57131072ms] GC(4446) Using 10 workers of 10 for evacuation
[2023-12-20T09:16:20.658-0800][57131103ms] GC(4446)   Pre Evacuate Collection Set: 0.0ms
[2023-12-20T09:16:20.658-0800][57131103ms] GC(4446)   Evacuate Collection Set: 28.3ms
[2023-12-20T09:16:20.658-0800][57131103ms] GC(4446)   Post Evacuate Collection Set: 2.6ms
[2023-12-20T09:16:20.658-0800][57131103ms] GC(4446)   Other: 0.4ms
[2023-12-20T09:16:20.658-0800][57131103ms] GC(4446) Eden regions: 752->0(752)
[2023-12-20T09:16:20.658-0800][57131103ms] GC(4446) Survivor regions: 31->31(98)
[2023-12-20T09:16:20.658-0800][57131103ms] GC(4446) Old regions: 198->198
[2023-12-20T09:16:20.658-0800][57131103ms] GC(4446) Humongous regions: 5->5
[2023-12-20T09:16:20.658-0800][57131103ms] GC(4446) Metaspace: 256616K->256616K(1294336K)
[2023-12-20T09:16:20.658-0800][57131103ms] GC(4446) Pause Young (Normal) (G1 Evacuation Pause) 1970M->466M(2612M) 31.401ms
[2023-12-20T09:16:20.658-0800][57131103ms] GC(4446) User=0.06s Sys=0.00s Real=0.03s
[2023-12-20T09:16:21.528-0800][57131973ms] GC(4447) Pause Young (Normal) (G1 Evacuation Pause)
[2023-12-20T09:16:21.528-0800][57131973ms] GC(4447) Using 10 workers of 10 for evacuation
[2023-12-20T09:16:21.558-0800][57132003ms] GC(4447)   Pre Evacuate Collection Set: 0.0ms
[2023-12-20T09:16:21.558-0800][57132003ms] GC(4447)   Evacuate Collection Set: 27.0ms
[2023-12-20T09:16:21.558-0800][57132003ms] GC(4447)   Post Evacuate Collection Set: 2.3ms
[2023-12-20T09:16:21.558-0800][57132003ms] GC(4447)   Other: 0.4ms
[2023-12-20T09:16:21.558-0800][57132003ms] GC(4447) Eden regions: 752->0(753)
[2023-12-20T09:16:21.558-0800][57132003ms] GC(4447) Survivor regions: 31->30(98)
[2023-12-20T09:16:21.558-0800][57132003ms] GC(4447) Old regions: 198->198
[2023-12-20T09:16:21.558-0800][57132003ms] GC(4447) Humongous regions: 5->5
[2023-12-20T09:16:21.558-0800][57132003ms] GC(4447) Metaspace: 256616K->256616K(1294336K)
[2023-12-20T09:16:21.558-0800][57132003ms] GC(4447) Pause Young (Normal) (G1 Evacuation Pause) 1970M->465M(2612M) 29.863ms
[2023-12-20T09:16:21.558-0800][57132003ms] GC(4447) User=0.03s Sys=0.00s Real=0.03s
[2023-12-20T09:16:22.446-0800][57132891ms] GC(4448) Pause Young (Normal) (G1 Evacuation Pause)
[2023-12-20T09:16:22.446-0800][57132891ms] GC(4448) Using 10 workers of 10 for evacuation
[2023-12-20T09:16:22.476-0800][57132921ms] GC(4448)   Pre Evacuate Collection Set: 0.0ms
[2023-12-20T09:16:22.476-0800][57132921ms] GC(4448)   Evacuate Collection Set: 27.6ms
[2023-12-20T09:16:22.476-0800][57132921ms] GC(4448)   Post Evacuate Collection Set: 2.5ms
[2023-12-20T09:16:22.476-0800][57132921ms] GC(4448)   Other: 0.4ms
[2023-12-20T09:16:22.476-0800][57132921ms] GC(4448) Eden regions: 753->0(753)
[2023-12-20T09:16:22.476-0800][57132921ms] GC(4448) Survivor regions: 30->30(98)
[2023-12-20T09:16:22.476-0800][57132921ms] GC(4448) Old regions: 198->198
[2023-12-20T09:16:22.476-0800][57132921ms] GC(4448) Humongous regions: 5->5
[2023-12-20T09:16:22.476-0800][57132921ms] GC(4448) Metaspace: 256616K->256616K(1294336K)
[2023-12-20T09:16:22.476-0800][57132921ms] GC(4448) Pause Young (Normal) (G1 Evacuation Pause) 1971M->465M(2612M) 30.575ms
[2023-12-20T09:16:22.476-0800][57132921ms] GC(4448) User=0.13s Sys=0.00s Real=0.03s
[2023-12-20T09:16:23.179-0800][57133624ms] GC(4449) Pause Young (Normal) (G1 Evacuation Pause)
[2023-12-20T09:16:23.179-0800][57133624ms] GC(4449) Using 10 workers of 10 for evacuation
[2023-12-20T09:16:23.208-0800][57133653ms] GC(4449)   Pre Evacuate Collection Set: 0.0ms
[2023-12-20T09:16:23.208-0800][57133653ms] GC(4449)   Evacuate Collection Set: 26.7ms
[2023-12-20T09:16:23.208-0800][57133653ms] GC(4449)   Post Evacuate Collection Set: 2.5ms
[2023-12-20T09:16:23.208-0800][57133653ms] GC(4449)   Other: 0.4ms
[2023-12-20T09:16:23.208-0800][57133653ms] GC(4449) Eden regions: 753->0(752)
[2023-12-20T09:16:23.208-0800][57133653ms] GC(4449) Survivor regions: 30->31(98)
[2023-12-20T09:16:23.208-0800][57133653ms] GC(4449) Old regions: 198->198
[2023-12-20T09:16:23.208-0800][57133653ms] GC(4449) Humongous regions: 5->5
[2023-12-20T09:16:23.208-0800][57133653ms] GC(4449) Metaspace: 256616K->256616K(1294336K)
[2023-12-20T09:16:23.208-0800][57133653ms] GC(4449) Pause Young (Normal) (G1 Evacuation Pause) 1971M->466M(2612M) 29.670ms
[2023-12-20T09:16:23.208-0800][57133653ms] GC(4449) User=0.06s Sys=0.02s Real=0.03s
[2023-12-20T09:16:23.982-0800][57134427ms] GC(4450) Pause Young (Normal) (G1 Evacuation Pause)
[2023-12-20T09:16:23.982-0800][57134427ms] GC(4450) Using 10 workers of 10 for evacuation
[2023-12-20T09:16:24.011-0800][57134456ms] GC(4450)   Pre Evacuate Collection Set: 0.0ms
[2023-12-20T09:16:24.011-0800][57134456ms] GC(4450)   Evacuate Collection Set: 26.2ms
[2023-12-20T09:16:24.011-0800][57134456ms] GC(4450)   Post Evacuate Collection Set: 2.3ms
[2023-12-20T09:16:24.011-0800][57134456ms] GC(4450)   Other: 0.4ms
[2023-12-20T09:16:24.011-0800][57134456ms] GC(4450) Eden regions: 752->0(752)
[2023-12-20T09:16:24.011-0800][57134456ms] GC(4450) Survivor regions: 31->31(98)
[2023-12-20T09:16:24.011-0800][57134456ms] GC(4450) Old regions: 198->198
[2023-12-20T09:16:24.011-0800][57134456ms] GC(4450) Humongous regions: 5->5
[2023-12-20T09:16:24.011-0800][57134456ms] GC(4450) Metaspace: 256616K->256616K(1294336K)
[2023-12-20T09:16:24.011-0800][57134456ms] GC(4450) Pause Young (Normal) (G1 Evacuation Pause) 1970M->466M(2612M) 29.066ms
[2023-12-20T09:16:24.011-0800][57134456ms] GC(4450) User=0.06s Sys=0.00s Real=0.03s
[2023-12-20T09:16:24.635-0800][57135080ms] GC(4451) Pause Young (Normal) (G1 Evacuation Pause)
[2023-12-20T09:16:24.635-0800][57135080ms] GC(4451) Using 10 workers of 10 for evacuation
[2023-12-20T09:16:24.664-0800][57135109ms] GC(4451)   Pre Evacuate Collection Set: 0.0ms
[2023-12-20T09:16:24.664-0800][57135109ms] GC(4451)   Evacuate Collection Set: 25.8ms
[2023-12-20T09:16:24.664-0800][57135109ms] GC(4451)   Post Evacuate Collection Set: 2.6ms
[2023-12-20T09:16:24.664-0800][57135109ms] GC(4451)   Other: 0.4ms
[2023-12-20T09:16:24.664-0800][57135109ms] GC(4451) Eden regions: 752->0(752)
[2023-12-20T09:16:24.664-0800][57135109ms] GC(4451) Survivor regions: 31->31(98)
[2023-12-20T09:16:24.664-0800][57135109ms] GC(4451) Old regions: 198->198
[2023-12-20T09:16:24.664-0800][57135109ms] GC(4451) Humongous regions: 5->5
[2023-12-20T09:16:24.664-0800][57135109ms] GC(4451) Metaspace: 256616K->256616K(1294336K)
[2023-12-20T09:16:24.664-0800][57135109ms] GC(4451) Pause Young (Normal) (G1 Evacuation Pause) 1970M->467M(2612M) 28.901ms
[2023-12-20T09:16:24.664-0800][57135109ms] GC(4451) User=0.11s Sys=0.00s Real=0.03s
[2023-12-20T09:16:25.398-0800][57135843ms] GC(4452) Pause Young (Normal) (G1 Evacuation Pause)
[2023-12-20T09:16:25.398-0800][57135843ms] GC(4452) Using 10 workers of 10 for evacuation
[2023-12-20T09:16:25.429-0800][57135874ms] GC(4452)   Pre Evacuate Collection Set: 0.0ms
[2023-12-20T09:16:25.429-0800][57135874ms] GC(4452)   Evacuate Collection Set: 29.1ms
[2023-12-20T09:16:25.429-0800][57135874ms] GC(4452)   Post Evacuate Collection Set: 2.4ms
[2023-12-20T09:16:25.430-0800][57135875ms] GC(4452)   Other: 0.4ms
[2023-12-20T09:16:25.430-0800][57135875ms] GC(4452) Eden regions: 752->0(752)
[2023-12-20T09:16:25.430-0800][57135875ms] GC(4452) Survivor regions: 31->31(98)
[2023-12-20T09:16:25.430-0800][57135875ms] GC(4452) Old regions: 198->198
[2023-12-20T09:16:25.430-0800][57135875ms] GC(4452) Humongous regions: 5->5
[2023-12-20T09:16:25.430-0800][57135875ms] GC(4452) Metaspace: 256616K->256616K(1294336K)
[2023-12-20T09:16:25.430-0800][57135875ms] GC(4452) Pause Young (Normal) (G1 Evacuation Pause) 1971M->466M(2612M) 32.080ms
[2023-12-20T09:16:25.430-0800][57135875ms] GC(4452) User=0.09s Sys=0.00s Real=0.03s
[2023-12-20T09:16:26.155-0800][57136600ms] GC(4453) Pause Young (Normal) (G1 Evacuation Pause)
[2023-12-20T09:16:26.155-0800][57136600ms] GC(4453) Using 10 workers of 10 for evacuation
[2023-12-20T09:16:26.185-0800][57136630ms] GC(4453)   Pre Evacuate Collection Set: 0.0ms
[2023-12-20T09:16:26.185-0800][57136630ms] GC(4453)   Evacuate Collection Set: 26.0ms
[2023-12-20T09:16:26.185-0800][57136630ms] GC(4453)   Post Evacuate Collection Set: 2.9ms
[2023-12-20T09:16:26.185-0800][57136630ms] GC(4453)   Other: 0.4ms
[2023-12-20T09:16:26.185-0800][57136630ms] GC(4453) Eden regions: 752->0(752)
[2023-12-20T09:16:26.185-0800][57136630ms] GC(4453) Survivor regions: 31->31(98)
[2023-12-20T09:16:26.185-0800][57136630ms] GC(4453) Old regions: 198->198
[2023-12-20T09:16:26.185-0800][57136630ms] GC(4453) Humongous regions: 5->5
[2023-12-20T09:16:26.185-0800][57136630ms] GC(4453) Metaspace: 256616K->256616K(1294336K)
[2023-12-20T09:16:26.185-0800][57136630ms] GC(4453) Pause Young (Normal) (G1 Evacuation Pause) 1970M->466M(2612M) 29.371ms
[2023-12-20T09:16:26.185-0800][57136630ms] GC(4453) User=0.13s Sys=0.00s Real=0.03s
[2023-12-20T09:16:26.965-0800][57137410ms] GC(4454) Pause Young (Normal) (G1 Evacuation Pause)
[2023-12-20T09:16:26.965-0800][57137410ms] GC(4454) Using 10 workers of 10 for evacuation
[2023-12-20T09:16:26.994-0800][57137439ms] GC(4454)   Pre Evacuate Collection Set: 0.0ms
[2023-12-20T09:16:26.994-0800][57137439ms] GC(4454)   Evacuate Collection Set: 27.1ms
[2023-12-20T09:16:26.994-0800][57137439ms] GC(4454)   Post Evacuate Collection Set: 2.5ms
[2023-12-20T09:16:26.994-0800][57137439ms] GC(4454)   Other: 0.4ms
[2023-12-20T09:16:26.994-0800][57137439ms] GC(4454) Eden regions: 752->0(753)
[2023-12-20T09:16:26.994-0800][57137439ms] GC(4454) Survivor regions: 31->30(98)
[2023-12-20T09:16:26.994-0800][57137439ms] GC(4454) Old regions: 198->198
[2023-12-20T09:16:26.994-0800][57137439ms] GC(4454) Humongous regions: 5->5
[2023-12-20T09:16:26.994-0800][57137439ms] GC(4454) Metaspace: 256616K->256616K(1294336K)
[2023-12-20T09:16:26.994-0800][57137439ms] GC(4454) Pause Young (Normal) (G1 Evacuation Pause) 1970M->465M(2612M) 30.079ms
[2023-12-20T09:16:26.994-0800][57137439ms] GC(4454) User=0.05s Sys=0.00s Real=0.03s
[2023-12-20T09:16:27.758-0800][57138203ms] GC(4455) Pause Young (Normal) (G1 Evacuation Pause)
[2023-12-20T09:16:27.758-0800][57138203ms] GC(4455) Using 10 workers of 10 for evacuation
[2023-12-20T09:16:27.786-0800][57138231ms] GC(4455)   Pre Evacuate Collection Set: 0.0ms
[2023-12-20T09:16:27.786-0800][57138231ms] GC(4455)   Evacuate Collection Set: 26.6ms
[2023-12-20T09:16:27.786-0800][57138231ms] GC(4455)   Post Evacuate Collection Set: 3.0ms
[2023-12-20T09:16:27.786-0800][57138231ms] GC(4455)   Other: 0.4ms
[2023-12-20T09:16:27.786-0800][57138231ms] GC(4455) Eden regions: 753->0(753)
[2023-12-20T09:16:27.786-0800][57138231ms] GC(4455) Survivor regions: 30->30(98)
[2023-12-20T09:16:27.786-0800][57138231ms] GC(4455) Old regions: 198->198
[2023-12-20T09:16:27.786-0800][57138231ms] GC(4455) Humongous regions: 5->5
[2023-12-20T09:16:27.786-0800][57138231ms] GC(4455) Metaspace: 256616K->256616K(1294336K)
[2023-12-20T09:16:27.786-0800][57138231ms] GC(4455) Pause Young (Normal) (G1 Evacuation Pause) 1971M->465M(2612M) 30.162ms
[2023-12-20T09:16:27.788-0800][57138233ms] GC(4455) User=0.06s Sys=0.00s Real=0.03s
[2023-12-20T09:16:28.567-0800][57139012ms] GC(4456) Pause Young (Normal) (G1 Evacuation Pause)
[2023-12-20T09:16:28.567-0800][57139012ms] GC(4456) Using 10 workers of 10 for evacuation
[2023-12-20T09:16:28.596-0800][57139041ms] GC(4456)   Pre Evacuate Collection Set: 0.1ms
[2023-12-20T09:16:28.596-0800][57139041ms] GC(4456)   Evacuate Collection Set: 26.3ms
[2023-12-20T09:16:28.596-0800][57139041ms] GC(4456)   Post Evacuate Collection Set: 2.4ms
[2023-12-20T09:16:28.596-0800][57139041ms] GC(4456)   Other: 0.4ms
[2023-12-20T09:16:28.596-0800][57139041ms] GC(4456) Eden regions: 753->0(753)
[2023-12-20T09:16:28.596-0800][57139041ms] GC(4456) Survivor regions: 30->30(98)
[2023-12-20T09:16:28.596-0800][57139041ms] GC(4456) Old regions: 198->198
[2023-12-20T09:16:28.596-0800][57139041ms] GC(4456) Humongous regions: 5->5
[2023-12-20T09:16:28.596-0800][57139041ms] GC(4456) Metaspace: 256616K->256616K(1294336K)
[2023-12-20T09:16:28.596-0800][57139041ms] GC(4456) Pause Young (Normal) (G1 Evacuation Pause) 1971M->465M(2612M) 29.310ms
[2023-12-20T09:16:28.596-0800][57139041ms] GC(4456) User=0.11s Sys=0.00s Real=0.03s
[2023-12-20T09:16:29.450-0800][57139895ms] GC(4457) Pause Young (Normal) (G1 Evacuation Pause)
[2023-12-20T09:16:29.450-0800][57139895ms] GC(4457) Using 10 workers of 10 for evacuation
[2023-12-20T09:16:29.480-0800][57139925ms] GC(4457)   Pre Evacuate Collection Set: 0.0ms
[2023-12-20T09:16:29.480-0800][57139925ms] GC(4457)   Evacuate Collection Set: 28.2ms
[2023-12-20T09:16:29.480-0800][57139925ms] GC(4457)   Post Evacuate Collection Set: 2.5ms
[2023-12-20T09:16:29.480-0800][57139925ms] GC(4457)   Other: 0.4ms
[2023-12-20T09:16:29.480-0800][57139925ms] GC(4457) Eden regions: 753->0(752)
[2023-12-20T09:16:29.480-0800][57139925ms] GC(4457) Survivor regions: 30->31(98)
[2023-12-20T09:16:29.480-0800][57139925ms] GC(4457) Old regions: 198->198
[2023-12-20T09:16:29.480-0800][57139925ms] GC(4457) Humongous regions: 5->5
[2023-12-20T09:16:29.480-0800][57139925ms] GC(4457) Metaspace: 256616K->256616K(1294336K)
[2023-12-20T09:16:29.480-0800][57139925ms] GC(4457) Pause Young (Normal) (G1 Evacuation Pause) 1971M->466M(2612M) 31.348ms
[2023-12-20T09:16:29.480-0800][57139925ms] GC(4457) User=0.14s Sys=0.00s Real=0.03s
[2023-12-20T09:16:30.299-0800][57140744ms] GC(4458) Pause Young (Normal) (G1 Evacuation Pause)
[2023-12-20T09:16:30.299-0800][57140744ms] GC(4458) Using 10 workers of 10 for evacuation
[2023-12-20T09:16:30.331-0800][57140776ms] GC(4458)   Pre Evacuate Collection Set: 0.0ms
[2023-12-20T09:16:30.331-0800][57140776ms] GC(4458)   Evacuate Collection Set: 28.0ms
[2023-12-20T09:16:30.331-0800][57140776ms] GC(4458)   Post Evacuate Collection Set: 2.8ms
[2023-12-20T09:16:30.331-0800][57140776ms] GC(4458)   Other: 0.4ms
[2023-12-20T09:16:30.331-0800][57140776ms] GC(4458) Eden regions: 752->0(753)
[2023-12-20T09:16:30.331-0800][57140776ms] GC(4458) Survivor regions: 31->30(98)
[2023-12-20T09:16:30.331-0800][57140776ms] GC(4458) Old regions: 198->198
[2023-12-20T09:16:30.331-0800][57140776ms] GC(4458) Humongous regions: 5->5
[2023-12-20T09:16:30.331-0800][57140776ms] GC(4458) Metaspace: 256616K->256616K(1294336K)
[2023-12-20T09:16:30.331-0800][57140776ms] GC(4458) Pause Young (Normal) (G1 Evacuation Pause) 1970M->465M(2612M) 31.446ms
[2023-12-20T09:16:30.331-0800][57140776ms] GC(4458) User=0.16s Sys=0.00s Real=0.03s
[2023-12-20T09:16:31.245-0800][57141690ms] GC(4459) Pause Young (Normal) (G1 Evacuation Pause)
[2023-12-20T09:16:31.245-0800][57141690ms] GC(4459) Using 10 workers of 10 for evacuation
[2023-12-20T09:16:31.277-0800][57141722ms] GC(4459)   Pre Evacuate Collection Set: 0.0ms
[2023-12-20T09:16:31.277-0800][57141722ms] GC(4459)   Evacuate Collection Set: 27.8ms
[2023-12-20T09:16:31.277-0800][57141722ms] GC(4459)   Post Evacuate Collection Set: 3.2ms
[2023-12-20T09:16:31.277-0800][57141722ms] GC(4459)   Other: 0.5ms
[2023-12-20T09:16:31.277-0800][57141722ms] GC(4459) Eden regions: 753->0(753)
[2023-12-20T09:16:31.277-0800][57141722ms] GC(4459) Survivor regions: 30->30(98)
[2023-12-20T09:16:31.277-0800][57141722ms] GC(4459) Old regions: 198->199
[2023-12-20T09:16:31.277-0800][57141722ms] GC(4459) Humongous regions: 5->5
[2023-12-20T09:16:31.277-0800][57141722ms] GC(4459) Metaspace: 256616K->256616K(1294336K)
[2023-12-20T09:16:31.277-0800][57141722ms] GC(4459) Pause Young (Normal) (G1 Evacuation Pause) 1971M->466M(2612M) 31.716ms
[2023-12-20T09:16:31.277-0800][57141722ms] GC(4459) User=0.13s Sys=0.00s Real=0.03s
[2023-12-20T09:16:32.109-0800][57142554ms] GC(4460) Pause Young (Normal) (G1 Evacuation Pause)
[2023-12-20T09:16:32.109-0800][57142554ms] GC(4460) Using 10 workers of 10 for evacuation
[2023-12-20T09:16:32.138-0800][57142583ms] GC(4460)   Pre Evacuate Collection Set: 0.0ms
[2023-12-20T09:16:32.138-0800][57142583ms] GC(4460)   Evacuate Collection Set: 26.5ms
[2023-12-20T09:16:32.138-0800][57142583ms] GC(4460)   Post Evacuate Collection Set: 2.9ms
[2023-12-20T09:16:32.138-0800][57142583ms] GC(4460)   Other: 0.4ms
[2023-12-20T09:16:32.138-0800][57142583ms] GC(4460) Eden regions: 753->0(753)
[2023-12-20T09:16:32.138-0800][57142583ms] GC(4460) Survivor regions: 30->30(98)
[2023-12-20T09:16:32.138-0800][57142583ms] GC(4460) Old regions: 199->199
[2023-12-20T09:16:32.138-0800][57142583ms] GC(4460) Humongous regions: 5->5
[2023-12-20T09:16:32.138-0800][57142583ms] GC(4460) Metaspace: 256616K->256616K(1294336K)
[2023-12-20T09:16:32.138-0800][57142583ms] GC(4460) Pause Young (Normal) (G1 Evacuation Pause) 1972M->466M(2612M) 30.001ms
[2023-12-20T09:16:32.138-0800][57142583ms] GC(4460) User=0.11s Sys=0.00s Real=0.03s
[2023-12-20T09:16:33.026-0800][57143471ms] GC(4461) Pause Young (Normal) (G1 Evacuation Pause)
[2023-12-20T09:16:33.026-0800][57143471ms] GC(4461) Using 10 workers of 10 for evacuation
[2023-12-20T09:16:33.056-0800][57143501ms] GC(4461)   Pre Evacuate Collection Set: 0.1ms
[2023-12-20T09:16:33.056-0800][57143501ms] GC(4461)   Evacuate Collection Set: 26.3ms
[2023-12-20T09:16:33.056-0800][57143501ms] GC(4461)   Post Evacuate Collection Set: 3.1ms
[2023-12-20T09:16:33.056-0800][57143501ms] GC(4461)   Other: 0.4ms
[2023-12-20T09:16:33.056-0800][57143501ms] GC(4461) Eden regions: 753->0(753)
[2023-12-20T09:16:33.056-0800][57143501ms] GC(4461) Survivor regions: 30->30(98)
[2023-12-20T09:16:33.056-0800][57143501ms] GC(4461) Old regions: 199->199
[2023-12-20T09:16:33.056-0800][57143501ms] GC(4461) Humongous regions: 5->5
[2023-12-20T09:16:33.056-0800][57143501ms] GC(4461) Metaspace: 256616K->256616K(1294336K)
[2023-12-20T09:16:33.056-0800][57143501ms] GC(4461) Pause Young (Normal) (G1 Evacuation Pause) 1972M->466M(2612M) 29.956ms
[2023-12-20T09:16:33.056-0800][57143501ms] GC(4461) User=0.09s Sys=0.00s Real=0.03s
[2023-12-20T09:16:33.642-0800][57144087ms] GC(4462) Pause Young (Normal) (G1 Evacuation Pause)
[2023-12-20T09:16:33.642-0800][57144087ms] GC(4462) Using 10 workers of 10 for evacuation
[2023-12-20T09:16:33.671-0800][57144116ms] GC(4462)   Pre Evacuate Collection Set: 0.0ms
[2023-12-20T09:16:33.671-0800][57144116ms] GC(4462)   Evacuate Collection Set: 25.7ms
[2023-12-20T09:16:33.671-0800][57144116ms] GC(4462)   Post Evacuate Collection Set: 3.4ms
[2023-12-20T09:16:33.671-0800][57144116ms] GC(4462)   Other: 0.6ms
[2023-12-20T09:16:33.671-0800][57144116ms] GC(4462) Eden regions: 753->0(753)
[2023-12-20T09:16:33.671-0800][57144116ms] GC(4462) Survivor regions: 30->30(98)
[2023-12-20T09:16:33.671-0800][57144116ms] GC(4462) Old regions: 199->199
[2023-12-20T09:16:33.671-0800][57144116ms] GC(4462) Humongous regions: 5->5
[2023-12-20T09:16:33.671-0800][57144116ms] GC(4462) Metaspace: 256616K->256616K(1294336K)
[2023-12-20T09:16:33.671-0800][57144116ms] GC(4462) Pause Young (Normal) (G1 Evacuation Pause) 1972M->466M(2612M) 29.811ms
[2023-12-20T09:16:33.671-0800][57144116ms] GC(4462) User=0.13s Sys=0.00s Real=0.03s
[2023-12-20T09:16:34.439-0800][57144884ms] GC(4463) Pause Young (Normal) (GCLocker Initiated GC)
[2023-12-20T09:16:34.439-0800][57144884ms] GC(4463) Using 10 workers of 10 for evacuation
[2023-12-20T09:16:34.469-0800][57144914ms] GC(4463)   Pre Evacuate Collection Set: 0.0ms
[2023-12-20T09:16:34.469-0800][57144914ms] GC(4463)   Evacuate Collection Set: 27.5ms
[2023-12-20T09:16:34.469-0800][57144914ms] GC(4463)   Post Evacuate Collection Set: 2.5ms
[2023-12-20T09:16:34.469-0800][57144914ms] GC(4463)   Other: 0.4ms
[2023-12-20T09:16:34.469-0800][57144914ms] GC(4463) Eden regions: 753->0(753)
[2023-12-20T09:16:34.470-0800][57144915ms] GC(4463) Survivor regions: 30->30(98)
[2023-12-20T09:16:34.470-0800][57144915ms] GC(4463) Old regions: 199->199
[2023-12-20T09:16:34.470-0800][57144915ms] GC(4463) Humongous regions: 5->5
[2023-12-20T09:16:34.470-0800][57144915ms] GC(4463) Metaspace: 256616K->256616K(1294336K)
[2023-12-20T09:16:34.470-0800][57144915ms] GC(4463) Pause Young (Normal) (GCLocker Initiated GC) 1972M->465M(2612M) 30.576ms
[2023-12-20T09:16:34.470-0800][57144915ms] GC(4463) User=0.14s Sys=0.00s Real=0.03s
[2023-12-20T09:16:35.170-0800][57145615ms] GC(4464) Pause Young (Normal) (GCLocker Initiated GC)
[2023-12-20T09:16:35.170-0800][57145615ms] GC(4464) Using 10 workers of 10 for evacuation
[2023-12-20T09:16:35.205-0800][57145650ms] GC(4464)   Pre Evacuate Collection Set: 0.1ms
[2023-12-20T09:16:35.205-0800][57145650ms] GC(4464)   Evacuate Collection Set: 26.3ms
[2023-12-20T09:16:35.205-0800][57145650ms] GC(4464)   Post Evacuate Collection Set: 7.9ms
[2023-12-20T09:16:35.205-0800][57145650ms] GC(4464)   Other: 0.4ms
[2023-12-20T09:16:35.205-0800][57145650ms] GC(4464) Eden regions: 753->0(753)
[2023-12-20T09:16:35.205-0800][57145650ms] GC(4464) Survivor regions: 30->30(98)
[2023-12-20T09:16:35.205-0800][57145650ms] GC(4464) Old regions: 199->199
[2023-12-20T09:16:35.205-0800][57145650ms] GC(4464) Humongous regions: 5->5
[2023-12-20T09:16:35.205-0800][57145650ms] GC(4464) Metaspace: 256616K->256616K(1294336K)
[2023-12-20T09:16:35.205-0800][57145650ms] GC(4464) Pause Young (Normal) (GCLocker Initiated GC) 1971M->465M(2612M) 34.780ms
[2023-12-20T09:16:35.205-0800][57145650ms] GC(4464) User=0.06s Sys=0.00s Real=0.03s
[2023-12-20T09:16:35.996-0800][57146441ms] GC(4465) Pause Young (Normal) (G1 Evacuation Pause)
[2023-12-20T09:16:35.996-0800][57146441ms] GC(4465) Using 10 workers of 10 for evacuation
[2023-12-20T09:16:36.025-0800][57146470ms] GC(4465)   Pre Evacuate Collection Set: 0.0ms
[2023-12-20T09:16:36.025-0800][57146470ms] GC(4465)   Evacuate Collection Set: 26.7ms
[2023-12-20T09:16:36.025-0800][57146470ms] GC(4465)   Post Evacuate Collection Set: 2.5ms
[2023-12-20T09:16:36.025-0800][57146470ms] GC(4465)   Other: 0.4ms
[2023-12-20T09:16:36.025-0800][57146470ms] GC(4465) Eden regions: 753->0(753)
[2023-12-20T09:16:36.025-0800][57146470ms] GC(4465) Survivor regions: 30->30(98)
[2023-12-20T09:16:36.025-0800][57146470ms] GC(4465) Old regions: 199->199
[2023-12-20T09:16:36.025-0800][57146470ms] GC(4465) Humongous regions: 5->5
[2023-12-20T09:16:36.025-0800][57146470ms] GC(4465) Metaspace: 256616K->256616K(1294336K)
[2023-12-20T09:16:36.025-0800][57146470ms] GC(4465) Pause Young (Normal) (G1 Evacuation Pause) 1971M->465M(2612M) 29.715ms
[2023-12-20T09:16:36.025-0800][57146470ms] GC(4465) User=0.11s Sys=0.00s Real=0.03s
[2023-12-20T09:16:36.977-0800][57147422ms] GC(4466) Pause Young (Normal) (G1 Evacuation Pause)
[2023-12-20T09:16:36.977-0800][57147422ms] GC(4466) Using 10 workers of 10 for evacuation
[2023-12-20T09:16:37.008-0800][57147453ms] GC(4466)   Pre Evacuate Collection Set: 0.0ms
[2023-12-20T09:16:37.008-0800][57147453ms] GC(4466)   Evacuate Collection Set: 27.2ms
[2023-12-20T09:16:37.008-0800][57147453ms] GC(4466)   Post Evacuate Collection Set: 3.8ms
[2023-12-20T09:16:37.008-0800][57147453ms] GC(4466)   Other: 0.4ms
[2023-12-20T09:16:37.008-0800][57147453ms] GC(4466) Eden regions: 753->0(753)
[2023-12-20T09:16:37.008-0800][57147453ms] GC(4466) Survivor regions: 30->30(98)
[2023-12-20T09:16:37.008-0800][57147453ms] GC(4466) Old regions: 199->199
[2023-12-20T09:16:37.008-0800][57147453ms] GC(4466) Humongous regions: 5->5
[2023-12-20T09:16:37.008-0800][57147453ms] GC(4466) Metaspace: 256616K->256616K(1294336K)
[2023-12-20T09:16:37.008-0800][57147453ms] GC(4466) Pause Young (Normal) (G1 Evacuation Pause) 1971M->465M(2612M) 31.575ms
[2023-12-20T09:16:37.008-0800][57147453ms] GC(4466) User=0.11s Sys=0.00s Real=0.03s
[2023-12-20T09:16:37.552-0800][57147997ms] GC(4467) Pause Young (Normal) (G1 Evacuation Pause)
[2023-12-20T09:16:37.552-0800][57147997ms] GC(4467) Using 10 workers of 10 for evacuation
[2023-12-20T09:16:37.588-0800][57148033ms] GC(4467)   Pre Evacuate Collection Set: 0.1ms
[2023-12-20T09:16:37.588-0800][57148033ms] GC(4467)   Evacuate Collection Set: 32.0ms
[2023-12-20T09:16:37.588-0800][57148033ms] GC(4467)   Post Evacuate Collection Set: 3.3ms
[2023-12-20T09:16:37.588-0800][57148033ms] GC(4467)   Other: 0.5ms
[2023-12-20T09:16:37.588-0800][57148033ms] GC(4467) Eden regions: 753->0(753)
[2023-12-20T09:16:37.588-0800][57148033ms] GC(4467) Survivor regions: 30->30(98)
[2023-12-20T09:16:37.588-0800][57148033ms] GC(4467) Old regions: 199->199
[2023-12-20T09:16:37.588-0800][57148033ms] GC(4467) Humongous regions: 5->5
[2023-12-20T09:16:37.588-0800][57148033ms] GC(4467) Metaspace: 256616K->256616K(1294336K)
[2023-12-20T09:16:37.588-0800][57148033ms] GC(4467) Pause Young (Normal) (G1 Evacuation Pause) 1971M->466M(2612M) 36.110ms
[2023-12-20T09:16:37.588-0800][57148033ms] GC(4467) User=0.19s Sys=0.00s Real=0.04s
[2023-12-20T09:16:38.386-0800][57148831ms] GC(4468) Pause Young (Normal) (G1 Evacuation Pause)
[2023-12-20T09:16:38.386-0800][57148831ms] GC(4468) Using 10 workers of 10 for evacuation
[2023-12-20T09:16:38.423-0800][57148868ms] GC(4468)   Pre Evacuate Collection Set: 0.0ms
[2023-12-20T09:16:38.423-0800][57148868ms] GC(4468)   Evacuate Collection Set: 34.6ms
[2023-12-20T09:16:38.423-0800][57148868ms] GC(4468)   Post Evacuate Collection Set: 2.5ms
[2023-12-20T09:16:38.423-0800][57148868ms] GC(4468)   Other: 0.4ms
[2023-12-20T09:16:38.423-0800][57148868ms] GC(4468) Eden regions: 753->0(753)
[2023-12-20T09:16:38.423-0800][57148868ms] GC(4468) Survivor regions: 30->30(98)
[2023-12-20T09:16:38.423-0800][57148868ms] GC(4468) Old regions: 199->199
[2023-12-20T09:16:38.423-0800][57148868ms] GC(4468) Humongous regions: 5->5
[2023-12-20T09:16:38.423-0800][57148868ms] GC(4468) Metaspace: 256616K->256616K(1294336K)
[2023-12-20T09:16:38.424-0800][57148869ms] GC(4468) Pause Young (Normal) (G1 Evacuation Pause) 1972M->465M(2612M) 37.665ms
[2023-12-20T09:16:38.424-0800][57148869ms] GC(4468) User=0.06s Sys=0.00s Real=0.04s
[2023-12-20T09:16:39.423-0800][57149868ms] GC(4469) Pause Young (Normal) (G1 Evacuation Pause)
[2023-12-20T09:16:39.423-0800][57149868ms] GC(4469) Using 10 workers of 10 for evacuation
[2023-12-20T09:16:39.453-0800][57149898ms] GC(4469)   Pre Evacuate Collection Set: 0.0ms
[2023-12-20T09:16:39.453-0800][57149898ms] GC(4469)   Evacuate Collection Set: 27.4ms
[2023-12-20T09:16:39.453-0800][57149898ms] GC(4469)   Post Evacuate Collection Set: 2.4ms
[2023-12-20T09:16:39.453-0800][57149898ms] GC(4469)   Other: 0.4ms
[2023-12-20T09:16:39.453-0800][57149898ms] GC(4469) Eden regions: 753->0(753)
[2023-12-20T09:16:39.453-0800][57149898ms] GC(4469) Survivor regions: 30->30(98)
[2023-12-20T09:16:39.453-0800][57149898ms] GC(4469) Old regions: 199->199
[2023-12-20T09:16:39.453-0800][57149898ms] GC(4469) Humongous regions: 5->5
[2023-12-20T09:16:39.453-0800][57149898ms] GC(4469) Metaspace: 256616K->256616K(1294336K)
[2023-12-20T09:16:39.453-0800][57149898ms] GC(4469) Pause Young (Normal) (G1 Evacuation Pause) 1971M->466M(2612M) 30.457ms
[2023-12-20T09:16:39.453-0800][57149898ms] GC(4469) User=0.09s Sys=0.00s Real=0.03s
[2023-12-20T09:16:40.307-0800][57150752ms] GC(4470) Pause Young (Normal) (G1 Evacuation Pause)
[2023-12-20T09:16:40.307-0800][57150752ms] GC(4470) Using 10 workers of 10 for evacuation
[2023-12-20T09:16:40.339-0800][57150784ms] GC(4470)   Pre Evacuate Collection Set: 0.1ms
[2023-12-20T09:16:40.339-0800][57150784ms] GC(4470)   Evacuate Collection Set: 28.1ms
[2023-12-20T09:16:40.339-0800][57150784ms] GC(4470)   Post Evacuate Collection Set: 3.4ms
[2023-12-20T09:16:40.339-0800][57150784ms] GC(4470)   Other: 0.5ms
[2023-12-20T09:16:40.339-0800][57150784ms] GC(4470) Eden regions: 753->0(753)
[2023-12-20T09:16:40.339-0800][57150784ms] GC(4470) Survivor regions: 30->30(98)
[2023-12-20T09:16:40.339-0800][57150784ms] GC(4470) Old regions: 199->199
[2023-12-20T09:16:40.339-0800][57150784ms] GC(4470) Humongous regions: 5->5
[2023-12-20T09:16:40.339-0800][57150784ms] GC(4470) Metaspace: 256616K->256616K(1294336K)
[2023-12-20T09:16:40.339-0800][57150784ms] GC(4470) Pause Young (Normal) (G1 Evacuation Pause) 1972M->466M(2612M) 32.224ms
[2023-12-20T09:16:40.339-0800][57150784ms] GC(4470) User=0.13s Sys=0.00s Real=0.03s
[2023-12-20T09:16:41.199-0800][57151644ms] GC(4471) Pause Young (Normal) (G1 Evacuation Pause)
[2023-12-20T09:16:41.199-0800][57151644ms] GC(4471) Using 10 workers of 10 for evacuation
[2023-12-20T09:16:41.228-0800][57151673ms] GC(4471)   Pre Evacuate Collection Set: 0.0ms
[2023-12-20T09:16:41.228-0800][57151673ms] GC(4471)   Evacuate Collection Set: 26.2ms
[2023-12-20T09:16:41.228-0800][57151673ms] GC(4471)   Post Evacuate Collection Set: 2.8ms
[2023-12-20T09:16:41.228-0800][57151673ms] GC(4471)   Other: 0.4ms
[2023-12-20T09:16:41.228-0800][57151673ms] GC(4471) Eden regions: 753->0(753)
[2023-12-20T09:16:41.228-0800][57151673ms] GC(4471) Survivor regions: 30->30(98)
[2023-12-20T09:16:41.228-0800][57151673ms] GC(4471) Old regions: 199->199
[2023-12-20T09:16:41.228-0800][57151673ms] GC(4471) Humongous regions: 5->5
[2023-12-20T09:16:41.228-0800][57151673ms] GC(4471) Metaspace: 256616K->256616K(1294336K)
[2023-12-20T09:16:41.228-0800][57151673ms] GC(4471) Pause Young (Normal) (G1 Evacuation Pause) 1972M->465M(2612M) 29.559ms
[2023-12-20T09:16:41.228-0800][57151673ms] GC(4471) User=0.03s Sys=0.00s Real=0.03s
[2023-12-20T09:16:42.021-0800][57152466ms] GC(4472) Pause Young (Normal) (G1 Evacuation Pause)
[2023-12-20T09:16:42.021-0800][57152466ms] GC(4472) Using 10 workers of 10 for evacuation
[2023-12-20T09:16:42.053-0800][57152498ms] GC(4472)   Pre Evacuate Collection Set: 0.0ms
[2023-12-20T09:16:42.053-0800][57152498ms] GC(4472)   Evacuate Collection Set: 28.6ms
[2023-12-20T09:16:42.053-0800][57152498ms] GC(4472)   Post Evacuate Collection Set: 3.6ms
[2023-12-20T09:16:42.053-0800][57152498ms] GC(4472)   Other: 0.4ms
[2023-12-20T09:16:42.053-0800][57152498ms] GC(4472) Eden regions: 753->0(753)
[2023-12-20T09:16:42.053-0800][57152498ms] GC(4472) Survivor regions: 30->30(98)
[2023-12-20T09:16:42.053-0800][57152498ms] GC(4472) Old regions: 199->199
[2023-12-20T09:16:42.053-0800][57152498ms] GC(4472) Humongous regions: 5->5
[2023-12-20T09:16:42.053-0800][57152498ms] GC(4472) Metaspace: 256616K->256616K(1294336K)
[2023-12-20T09:16:42.053-0800][57152498ms] GC(4472) Pause Young (Normal) (G1 Evacuation Pause) 1971M->466M(2612M) 32.708ms
[2023-12-20T09:16:42.053-0800][57152498ms] GC(4472) User=0.13s Sys=0.00s Real=0.03s
[2023-12-20T09:16:42.956-0800][57153401ms] GC(4473) Pause Young (Normal) (G1 Evacuation Pause)
[2023-12-20T09:16:42.956-0800][57153401ms] GC(4473) Using 10 workers of 10 for evacuation
[2023-12-20T09:16:42.988-0800][57153433ms] GC(4473)   Pre Evacuate Collection Set: 0.0ms
[2023-12-20T09:16:42.988-0800][57153433ms] GC(4473)   Evacuate Collection Set: 28.1ms
[2023-12-20T09:16:42.988-0800][57153433ms] GC(4473)   Post Evacuate Collection Set: 3.3ms
[2023-12-20T09:16:42.988-0800][57153433ms] GC(4473)   Other: 0.4ms
[2023-12-20T09:16:42.988-0800][57153433ms] GC(4473) Eden regions: 753->0(753)
[2023-12-20T09:16:42.988-0800][57153433ms] GC(4473) Survivor regions: 30->30(98)
[2023-12-20T09:16:42.988-0800][57153433ms] GC(4473) Old regions: 199->199
[2023-12-20T09:16:42.988-0800][57153433ms] GC(4473) Humongous regions: 5->5
[2023-12-20T09:16:42.988-0800][57153433ms] GC(4473) Metaspace: 256616K->256616K(1294336K)
[2023-12-20T09:16:42.988-0800][57153433ms] GC(4473) Pause Young (Normal) (G1 Evacuation Pause) 1972M->465M(2612M) 32.005ms
[2023-12-20T09:16:42.988-0800][57153433ms] GC(4473) User=0.05s Sys=0.00s Real=0.03s
[2023-12-20T09:16:43.977-0800][57154422ms] GC(4474) Pause Young (Normal) (G1 Evacuation Pause)
[2023-12-20T09:16:43.977-0800][57154422ms] GC(4474) Using 10 workers of 10 for evacuation
[2023-12-20T09:16:44.007-0800][57154452ms] GC(4474)   Pre Evacuate Collection Set: 0.0ms
[2023-12-20T09:16:44.007-0800][57154452ms] GC(4474)   Evacuate Collection Set: 27.3ms
[2023-12-20T09:16:44.007-0800][57154452ms] GC(4474)   Post Evacuate Collection Set: 2.5ms
[2023-12-20T09:16:44.007-0800][57154452ms] GC(4474)   Other: 0.4ms
[2023-12-20T09:16:44.007-0800][57154452ms] GC(4474) Eden regions: 753->0(753)
[2023-12-20T09:16:44.007-0800][57154452ms] GC(4474) Survivor regions: 30->30(98)
[2023-12-20T09:16:44.007-0800][57154452ms] GC(4474) Old regions: 199->199
[2023-12-20T09:16:44.007-0800][57154452ms] GC(4474) Humongous regions: 5->5
[2023-12-20T09:16:44.007-0800][57154452ms] GC(4474) Metaspace: 256616K->256616K(1294336K)
[2023-12-20T09:16:44.007-0800][57154452ms] GC(4474) Pause Young (Normal) (G1 Evacuation Pause) 1971M->465M(2612M) 30.313ms
[2023-12-20T09:16:44.007-0800][57154452ms] GC(4474) User=0.11s Sys=0.00s Real=0.03s
[2023-12-20T09:16:44.848-0800][57155293ms] GC(4475) Pause Young (Normal) (G1 Evacuation Pause)
[2023-12-20T09:16:44.848-0800][57155293ms] GC(4475) Using 10 workers of 10 for evacuation
[2023-12-20T09:16:44.878-0800][57155323ms] GC(4475)   Pre Evacuate Collection Set: 0.0ms
[2023-12-20T09:16:44.878-0800][57155323ms] GC(4475)   Evacuate Collection Set: 27.7ms
[2023-12-20T09:16:44.878-0800][57155323ms] GC(4475)   Post Evacuate Collection Set: 2.5ms
[2023-12-20T09:16:44.878-0800][57155323ms] GC(4475)   Other: 0.4ms
[2023-12-20T09:16:44.878-0800][57155323ms] GC(4475) Eden regions: 753->0(753)
[2023-12-20T09:16:44.878-0800][57155323ms] GC(4475) Survivor regions: 30->30(98)
[2023-12-20T09:16:44.878-0800][57155323ms] GC(4475) Old regions: 199->199
[2023-12-20T09:16:44.878-0800][57155323ms] GC(4475) Humongous regions: 5->5
[2023-12-20T09:16:44.878-0800][57155323ms] GC(4475) Metaspace: 256616K->256616K(1294336K)
[2023-12-20T09:16:44.878-0800][57155323ms] GC(4475) Pause Young (Normal) (G1 Evacuation Pause) 1971M->465M(2612M) 30.638ms
[2023-12-20T09:16:44.878-0800][57155323ms] GC(4475) User=0.13s Sys=0.00s Real=0.03s
[2023-12-20T09:16:45.616-0800][57156061ms] GC(4476) Pause Young (Normal) (G1 Evacuation Pause)
[2023-12-20T09:16:45.616-0800][57156061ms] GC(4476) Using 10 workers of 10 for evacuation
[2023-12-20T09:16:45.645-0800][57156090ms] GC(4476)   Pre Evacuate Collection Set: 0.0ms
[2023-12-20T09:16:45.645-0800][57156090ms] GC(4476)   Evacuate Collection Set: 26.2ms
[2023-12-20T09:16:45.645-0800][57156090ms] GC(4476)   Post Evacuate Collection Set: 2.3ms
[2023-12-20T09:16:45.645-0800][57156090ms] GC(4476)   Other: 0.4ms
[2023-12-20T09:16:45.645-0800][57156090ms] GC(4476) Eden regions: 753->0(753)
[2023-12-20T09:16:45.645-0800][57156090ms] GC(4476) Survivor regions: 30->30(98)
[2023-12-20T09:16:45.645-0800][57156090ms] GC(4476) Old regions: 199->199
[2023-12-20T09:16:45.645-0800][57156090ms] GC(4476) Humongous regions: 5->5
[2023-12-20T09:16:45.645-0800][57156090ms] GC(4476) Metaspace: 256616K->256616K(1294336K)
[2023-12-20T09:16:45.645-0800][57156090ms] GC(4476) Pause Young (Normal) (G1 Evacuation Pause) 1971M->466M(2612M) 29.028ms
[2023-12-20T09:16:45.645-0800][57156090ms] GC(4476) User=0.05s Sys=0.00s Real=0.03s
[2023-12-20T09:16:46.411-0800][57156856ms] GC(4477) Pause Young (Normal) (G1 Evacuation Pause)
[2023-12-20T09:16:46.411-0800][57156856ms] GC(4477) Using 10 workers of 10 for evacuation
[2023-12-20T09:16:46.440-0800][57156885ms] GC(4477)   Pre Evacuate Collection Set: 0.0ms
[2023-12-20T09:16:46.440-0800][57156885ms] GC(4477)   Evacuate Collection Set: 26.4ms
[2023-12-20T09:16:46.440-0800][57156885ms] GC(4477)   Post Evacuate Collection Set: 2.6ms
[2023-12-20T09:16:46.440-0800][57156885ms] GC(4477)   Other: 0.4ms
[2023-12-20T09:16:46.440-0800][57156885ms] GC(4477) Eden regions: 753->0(753)
[2023-12-20T09:16:46.440-0800][57156885ms] GC(4477) Survivor regions: 30->30(98)
[2023-12-20T09:16:46.440-0800][57156885ms] GC(4477) Old regions: 199->199
[2023-12-20T09:16:46.440-0800][57156885ms] GC(4477) Humongous regions: 5->5
[2023-12-20T09:16:46.440-0800][57156885ms] GC(4477) Metaspace: 256616K->256616K(1294336K)
[2023-12-20T09:16:46.440-0800][57156885ms] GC(4477) Pause Young (Normal) (G1 Evacuation Pause) 1972M->466M(2612M) 29.638ms
[2023-12-20T09:16:46.440-0800][57156885ms] GC(4477) User=0.03s Sys=0.00s Real=0.03s
[2023-12-20T09:16:47.270-0800][57157715ms] GC(4478) Pause Young (Normal) (G1 Evacuation Pause)
[2023-12-20T09:16:47.270-0800][57157715ms] GC(4478) Using 10 workers of 10 for evacuation
[2023-12-20T09:16:47.301-0800][57157746ms] GC(4478)   Pre Evacuate Collection Set: 0.0ms
[2023-12-20T09:16:47.301-0800][57157746ms] GC(4478)   Evacuate Collection Set: 28.0ms
[2023-12-20T09:16:47.301-0800][57157746ms] GC(4478)   Post Evacuate Collection Set: 2.4ms
[2023-12-20T09:16:47.301-0800][57157746ms] GC(4478)   Other: 0.5ms
[2023-12-20T09:16:47.301-0800][57157746ms] GC(4478) Eden regions: 753->0(753)
[2023-12-20T09:16:47.301-0800][57157746ms] GC(4478) Survivor regions: 30->30(98)
[2023-12-20T09:16:47.301-0800][57157746ms] GC(4478) Old regions: 199->199
[2023-12-20T09:16:47.301-0800][57157746ms] GC(4478) Humongous regions: 5->5
[2023-12-20T09:16:47.301-0800][57157746ms] GC(4478) Metaspace: 256616K->256616K(1294336K)
[2023-12-20T09:16:47.301-0800][57157746ms] GC(4478) Pause Young (Normal) (G1 Evacuation Pause) 1972M->466M(2612M) 30.988ms
[2023-12-20T09:16:47.301-0800][57157746ms] GC(4478) User=0.13s Sys=0.00s Real=0.03s
[2023-12-20T09:16:48.152-0800][57158597ms] GC(4479) Pause Young (Normal) (G1 Evacuation Pause)
[2023-12-20T09:16:48.152-0800][57158597ms] GC(4479) Using 10 workers of 10 for evacuation
[2023-12-20T09:16:48.182-0800][57158627ms] GC(4479)   Pre Evacuate Collection Set: 0.0ms
[2023-12-20T09:16:48.182-0800][57158627ms] GC(4479)   Evacuate Collection Set: 27.2ms
[2023-12-20T09:16:48.182-0800][57158627ms] GC(4479)   Post Evacuate Collection Set: 2.5ms
[2023-12-20T09:16:48.182-0800][57158627ms] GC(4479)   Other: 0.4ms
[2023-12-20T09:16:48.182-0800][57158627ms] GC(4479) Eden regions: 753->0(753)
[2023-12-20T09:16:48.182-0800][57158627ms] GC(4479) Survivor regions: 30->30(98)
[2023-12-20T09:16:48.182-0800][57158627ms] GC(4479) Old regions: 199->199
[2023-12-20T09:16:48.182-0800][57158627ms] GC(4479) Humongous regions: 5->5
[2023-12-20T09:16:48.182-0800][57158627ms] GC(4479) Metaspace: 256616K->256616K(1294336K)
[2023-12-20T09:16:48.182-0800][57158627ms] GC(4479) Pause Young (Normal) (G1 Evacuation Pause) 1972M->465M(2612M) 30.195ms
[2023-12-20T09:16:48.182-0800][57158627ms] GC(4479) User=0.11s Sys=0.00s Real=0.03s
[2023-12-20T09:16:49.058-0800][57159503ms] GC(4480) Pause Young (Normal) (G1 Evacuation Pause)
[2023-12-20T09:16:49.058-0800][57159503ms] GC(4480) Using 10 workers of 10 for evacuation
[2023-12-20T09:16:49.089-0800][57159534ms] GC(4480)   Pre Evacuate Collection Set: 0.0ms
[2023-12-20T09:16:49.089-0800][57159534ms] GC(4480)   Evacuate Collection Set: 27.9ms
[2023-12-20T09:16:49.089-0800][57159534ms] GC(4480)   Post Evacuate Collection Set: 2.9ms
[2023-12-20T09:16:49.089-0800][57159534ms] GC(4480)   Other: 0.4ms
[2023-12-20T09:16:49.089-0800][57159534ms] GC(4480) Eden regions: 753->0(753)
[2023-12-20T09:16:49.089-0800][57159534ms] GC(4480) Survivor regions: 30->30(98)
[2023-12-20T09:16:49.089-0800][57159534ms] GC(4480) Old regions: 199->199
[2023-12-20T09:16:49.089-0800][57159534ms] GC(4480) Humongous regions: 5->5
[2023-12-20T09:16:49.089-0800][57159534ms] GC(4480) Metaspace: 256616K->256616K(1294336K)
[2023-12-20T09:16:49.089-0800][57159534ms] GC(4480) Pause Young (Normal) (G1 Evacuation Pause) 1971M->465M(2612M) 31.451ms
[2023-12-20T09:16:49.089-0800][57159534ms] GC(4480) User=0.13s Sys=0.00s Real=0.03s
[2023-12-20T09:16:49.987-0800][57160432ms] GC(4481) Pause Young (Normal) (G1 Evacuation Pause)
[2023-12-20T09:16:49.987-0800][57160432ms] GC(4481) Using 10 workers of 10 for evacuation
[2023-12-20T09:16:50.016-0800][57160461ms] GC(4481)   Pre Evacuate Collection Set: 0.0ms
[2023-12-20T09:16:50.016-0800][57160461ms] GC(4481)   Evacuate Collection Set: 26.4ms
[2023-12-20T09:16:50.016-0800][57160461ms] GC(4481)   Post Evacuate Collection Set: 2.6ms
[2023-12-20T09:16:50.016-0800][57160461ms] GC(4481)   Other: 0.4ms
[2023-12-20T09:16:50.016-0800][57160461ms] GC(4481) Eden regions: 753->0(753)
[2023-12-20T09:16:50.016-0800][57160461ms] GC(4481) Survivor regions: 30->30(98)
[2023-12-20T09:16:50.016-0800][57160461ms] GC(4481) Old regions: 199->199
[2023-12-20T09:16:50.016-0800][57160461ms] GC(4481) Humongous regions: 5->5
[2023-12-20T09:16:50.016-0800][57160461ms] GC(4481) Metaspace: 256616K->256616K(1294336K)
[2023-12-20T09:16:50.016-0800][57160461ms] GC(4481) Pause Young (Normal) (G1 Evacuation Pause) 1971M->465M(2612M) 29.624ms
[2023-12-20T09:16:50.016-0800][57160461ms] GC(4481) User=0.09s Sys=0.00s Real=0.03s
[2023-12-20T09:16:50.872-0800][57161317ms] GC(4482) Pause Young (Normal) (G1 Evacuation Pause)
[2023-12-20T09:16:50.872-0800][57161317ms] GC(4482) Using 10 workers of 10 for evacuation
[2023-12-20T09:16:50.902-0800][57161347ms] GC(4482)   Pre Evacuate Collection Set: 0.0ms
[2023-12-20T09:16:50.902-0800][57161347ms] GC(4482)   Evacuate Collection Set: 26.9ms
[2023-12-20T09:16:50.902-0800][57161347ms] GC(4482)   Post Evacuate Collection Set: 2.5ms
[2023-12-20T09:16:50.902-0800][57161347ms] GC(4482)   Other: 0.4ms
[2023-12-20T09:16:50.902-0800][57161347ms] GC(4482) Eden regions: 753->0(753)
[2023-12-20T09:16:50.902-0800][57161347ms] GC(4482) Survivor regions: 30->30(98)
[2023-12-20T09:16:50.902-0800][57161347ms] GC(4482) Old regions: 199->199
[2023-12-20T09:16:50.902-0800][57161347ms] GC(4482) Humongous regions: 5->5
[2023-12-20T09:16:50.902-0800][57161347ms] GC(4482) Metaspace: 256616K->256616K(1294336K)
[2023-12-20T09:16:50.902-0800][57161347ms] GC(4482) Pause Young (Normal) (G1 Evacuation Pause) 1971M->466M(2612M) 29.985ms
[2023-12-20T09:16:50.902-0800][57161347ms] GC(4482) User=0.13s Sys=0.00s Real=0.03s
[2023-12-20T09:16:51.781-0800][57162226ms] GC(4483) Pause Young (Normal) (G1 Evacuation Pause)
[2023-12-20T09:16:51.781-0800][57162226ms] GC(4483) Using 10 workers of 10 for evacuation
[2023-12-20T09:16:51.810-0800][57162255ms] GC(4483)   Pre Evacuate Collection Set: 0.0ms
[2023-12-20T09:16:51.810-0800][57162255ms] GC(4483)   Evacuate Collection Set: 26.7ms
[2023-12-20T09:16:51.810-0800][57162255ms] GC(4483)   Post Evacuate Collection Set: 2.4ms
[2023-12-20T09:16:51.810-0800][57162255ms] GC(4483)   Other: 0.4ms
[2023-12-20T09:16:51.810-0800][57162255ms] GC(4483) Eden regions: 753->0(754)
[2023-12-20T09:16:51.810-0800][57162255ms] GC(4483) Survivor regions: 30->29(98)
[2023-12-20T09:16:51.810-0800][57162255ms] GC(4483) Old regions: 199->199
[2023-12-20T09:16:51.810-0800][57162255ms] GC(4483) Humongous regions: 5->5
[2023-12-20T09:16:51.810-0800][57162255ms] GC(4483) Metaspace: 256616K->256616K(1294336K)
[2023-12-20T09:16:51.810-0800][57162255ms] GC(4483) Pause Young (Normal) (G1 Evacuation Pause) 1972M->464M(2612M) 29.642ms
[2023-12-20T09:16:51.810-0800][57162255ms] GC(4483) User=0.09s Sys=0.00s Real=0.03s
[2023-12-20T09:16:52.705-0800][57163150ms] GC(4484) Pause Young (Normal) (G1 Evacuation Pause)
[2023-12-20T09:16:52.705-0800][57163150ms] GC(4484) Using 10 workers of 10 for evacuation
[2023-12-20T09:16:52.735-0800][57163180ms] GC(4484)   Pre Evacuate Collection Set: 0.0ms
[2023-12-20T09:16:52.735-0800][57163180ms] GC(4484)   Evacuate Collection Set: 27.1ms
[2023-12-20T09:16:52.735-0800][57163180ms] GC(4484)   Post Evacuate Collection Set: 2.4ms
[2023-12-20T09:16:52.735-0800][57163180ms] GC(4484)   Other: 0.4ms
[2023-12-20T09:16:52.735-0800][57163180ms] GC(4484) Eden regions: 754->0(753)
[2023-12-20T09:16:52.735-0800][57163180ms] GC(4484) Survivor regions: 29->30(98)
[2023-12-20T09:16:52.735-0800][57163180ms] GC(4484) Old regions: 199->199
[2023-12-20T09:16:52.735-0800][57163180ms] GC(4484) Humongous regions: 5->5
[2023-12-20T09:16:52.735-0800][57163180ms] GC(4484) Metaspace: 256623K->256623K(1294336K)
[2023-12-20T09:16:52.735-0800][57163180ms] GC(4484) Pause Young (Normal) (G1 Evacuation Pause) 1972M->466M(2612M) 30.003ms
[2023-12-20T09:16:52.735-0800][57163180ms] GC(4484) User=0.06s Sys=0.00s Real=0.03s
[2023-12-20T09:16:53.696-0800][57164141ms] GC(4485) Pause Young (Normal) (G1 Evacuation Pause)
[2023-12-20T09:16:53.696-0800][57164141ms] GC(4485) Using 10 workers of 10 for evacuation
[2023-12-20T09:16:53.726-0800][57164171ms] GC(4485)   Pre Evacuate Collection Set: 0.1ms
[2023-12-20T09:16:53.726-0800][57164171ms] GC(4485)   Evacuate Collection Set: 27.2ms
[2023-12-20T09:16:53.726-0800][57164171ms] GC(4485)   Post Evacuate Collection Set: 2.5ms
[2023-12-20T09:16:53.726-0800][57164171ms] GC(4485)   Other: 0.4ms
[2023-12-20T09:16:53.726-0800][57164171ms] GC(4485) Eden regions: 753->0(754)
[2023-12-20T09:16:53.726-0800][57164171ms] GC(4485) Survivor regions: 30->29(98)
[2023-12-20T09:16:53.726-0800][57164171ms] GC(4485) Old regions: 199->199
[2023-12-20T09:16:53.726-0800][57164171ms] GC(4485) Humongous regions: 5->5
[2023-12-20T09:16:53.726-0800][57164171ms] GC(4485) Metaspace: 256623K->256623K(1294336K)
[2023-12-20T09:16:53.726-0800][57164171ms] GC(4485) Pause Young (Normal) (G1 Evacuation Pause) 1972M->464M(2612M) 30.322ms
[2023-12-20T09:16:53.726-0800][57164171ms] GC(4485) User=0.11s Sys=0.02s Real=0.03s
[2023-12-20T09:16:54.648-0800][57165093ms] GC(4486) Pause Young (Normal) (G1 Evacuation Pause)
[2023-12-20T09:16:54.648-0800][57165093ms] GC(4486) Using 10 workers of 10 for evacuation
[2023-12-20T09:16:54.680-0800][57165125ms] GC(4486)   Pre Evacuate Collection Set: 0.1ms
[2023-12-20T09:16:54.680-0800][57165125ms] GC(4486)   Evacuate Collection Set: 27.6ms
[2023-12-20T09:16:54.680-0800][57165125ms] GC(4486)   Post Evacuate Collection Set: 3.4ms
[2023-12-20T09:16:54.680-0800][57165125ms] GC(4486)   Other: 0.4ms
[2023-12-20T09:16:54.680-0800][57165125ms] GC(4486) Eden regions: 754->0(754)
[2023-12-20T09:16:54.680-0800][57165125ms] GC(4486) Survivor regions: 29->29(98)
[2023-12-20T09:16:54.680-0800][57165125ms] GC(4486) Old regions: 199->199
[2023-12-20T09:16:54.680-0800][57165125ms] GC(4486) Humongous regions: 5->5
[2023-12-20T09:16:54.680-0800][57165125ms] GC(4486) Metaspace: 256623K->256623K(1294336K)
[2023-12-20T09:16:54.680-0800][57165125ms] GC(4486) Pause Young (Normal) (G1 Evacuation Pause) 1972M->464M(2612M) 31.520ms
[2023-12-20T09:16:54.680-0800][57165125ms] GC(4486) User=0.09s Sys=0.00s Real=0.03s
[2023-12-20T09:16:55.583-0800][57166028ms] GC(4487) Pause Young (Normal) (G1 Evacuation Pause)
[2023-12-20T09:16:55.583-0800][57166028ms] GC(4487) Using 10 workers of 10 for evacuation
[2023-12-20T09:16:55.611-0800][57166056ms] GC(4487)   Pre Evacuate Collection Set: 0.0ms
[2023-12-20T09:16:55.611-0800][57166056ms] GC(4487)   Evacuate Collection Set: 25.8ms
[2023-12-20T09:16:55.611-0800][57166056ms] GC(4487)   Post Evacuate Collection Set: 2.4ms
[2023-12-20T09:16:55.611-0800][57166056ms] GC(4487)   Other: 0.4ms
[2023-12-20T09:16:55.611-0800][57166056ms] GC(4487) Eden regions: 754->0(753)
[2023-12-20T09:16:55.611-0800][57166056ms] GC(4487) Survivor regions: 29->30(98)
[2023-12-20T09:16:55.611-0800][57166056ms] GC(4487) Old regions: 199->199
[2023-12-20T09:16:55.611-0800][57166056ms] GC(4487) Humongous regions: 5->5
[2023-12-20T09:16:55.611-0800][57166056ms] GC(4487) Metaspace: 256623K->256623K(1294336K)
[2023-12-20T09:16:55.611-0800][57166056ms] GC(4487) Pause Young (Normal) (G1 Evacuation Pause) 1972M->465M(2612M) 28.768ms
[2023-12-20T09:16:55.611-0800][57166056ms] GC(4487) User=0.17s Sys=0.00s Real=0.03s
[2023-12-20T09:16:56.472-0800][57166917ms] GC(4488) Pause Young (Normal) (G1 Evacuation Pause)
[2023-12-20T09:16:56.472-0800][57166917ms] GC(4488) Using 10 workers of 10 for evacuation
[2023-12-20T09:16:56.504-0800][57166949ms] GC(4488)   Pre Evacuate Collection Set: 0.0ms
[2023-12-20T09:16:56.504-0800][57166949ms] GC(4488)   Evacuate Collection Set: 27.6ms
[2023-12-20T09:16:56.504-0800][57166949ms] GC(4488)   Post Evacuate Collection Set: 2.8ms
[2023-12-20T09:16:56.504-0800][57166949ms] GC(4488)   Other: 0.4ms
[2023-12-20T09:16:56.504-0800][57166949ms] GC(4488) Eden regions: 753->0(754)
[2023-12-20T09:16:56.504-0800][57166949ms] GC(4488) Survivor regions: 30->29(98)
[2023-12-20T09:16:56.504-0800][57166949ms] GC(4488) Old regions: 199->199
[2023-12-20T09:16:56.504-0800][57166949ms] GC(4488) Humongous regions: 5->5
[2023-12-20T09:16:56.504-0800][57166949ms] GC(4488) Metaspace: 256623K->256623K(1294336K)
[2023-12-20T09:16:56.504-0800][57166949ms] GC(4488) Pause Young (Normal) (G1 Evacuation Pause) 1971M->464M(2612M) 31.010ms
[2023-12-20T09:16:56.504-0800][57166949ms] GC(4488) User=0.13s Sys=0.00s Real=0.03s
[2023-12-20T09:16:57.361-0800][57167806ms] GC(4489) Pause Young (Normal) (G1 Evacuation Pause)
[2023-12-20T09:16:57.361-0800][57167806ms] GC(4489) Using 10 workers of 10 for evacuation
[2023-12-20T09:16:57.392-0800][57167837ms] GC(4489)   Pre Evacuate Collection Set: 0.0ms
[2023-12-20T09:16:57.392-0800][57167837ms] GC(4489)   Evacuate Collection Set: 27.8ms
[2023-12-20T09:16:57.392-0800][57167837ms] GC(4489)   Post Evacuate Collection Set: 2.6ms
[2023-12-20T09:16:57.392-0800][57167837ms] GC(4489)   Other: 0.4ms
[2023-12-20T09:16:57.392-0800][57167837ms] GC(4489) Eden regions: 754->0(753)
[2023-12-20T09:16:57.392-0800][57167837ms] GC(4489) Survivor regions: 29->30(98)
[2023-12-20T09:16:57.392-0800][57167837ms] GC(4489) Old regions: 199->199
[2023-12-20T09:16:57.392-0800][57167837ms] GC(4489) Humongous regions: 5->5
[2023-12-20T09:16:57.392-0800][57167837ms] GC(4489) Metaspace: 256623K->256623K(1294336K)
[2023-12-20T09:16:57.392-0800][57167837ms] GC(4489) Pause Young (Normal) (G1 Evacuation Pause) 1972M->465M(2612M) 30.907ms
[2023-12-20T09:16:57.392-0800][57167837ms] GC(4489) User=0.14s Sys=0.00s Real=0.03s
[2023-12-20T09:16:58.311-0800][57168756ms] GC(4490) Pause Young (Normal) (G1 Evacuation Pause)
[2023-12-20T09:16:58.311-0800][57168756ms] GC(4490) Using 10 workers of 10 for evacuation
[2023-12-20T09:16:58.343-0800][57168788ms] GC(4490)   Pre Evacuate Collection Set: 0.0ms
[2023-12-20T09:16:58.343-0800][57168788ms] GC(4490)   Evacuate Collection Set: 29.0ms
[2023-12-20T09:16:58.343-0800][57168788ms] GC(4490)   Post Evacuate Collection Set: 3.2ms
[2023-12-20T09:16:58.343-0800][57168788ms] GC(4490)   Other: 0.4ms
[2023-12-20T09:16:58.343-0800][57168788ms] GC(4490) Eden regions: 753->0(753)
[2023-12-20T09:16:58.343-0800][57168788ms] GC(4490) Survivor regions: 30->30(98)
[2023-12-20T09:16:58.343-0800][57168788ms] GC(4490) Old regions: 199->199
[2023-12-20T09:16:58.343-0800][57168788ms] GC(4490) Humongous regions: 5->5
[2023-12-20T09:16:58.343-0800][57168788ms] GC(4490) Metaspace: 256623K->256623K(1294336K)
[2023-12-20T09:16:58.343-0800][57168788ms] GC(4490) Pause Young (Normal) (G1 Evacuation Pause) 1971M->465M(2612M) 32.697ms
[2023-12-20T09:16:58.343-0800][57168788ms] GC(4490) User=0.14s Sys=0.00s Real=0.03s
[2023-12-20T09:16:59.196-0800][57169641ms] GC(4491) Pause Young (Normal) (G1 Evacuation Pause)
[2023-12-20T09:16:59.196-0800][57169641ms] GC(4491) Using 10 workers of 10 for evacuation
[2023-12-20T09:16:59.227-0800][57169672ms] GC(4491)   Pre Evacuate Collection Set: 0.0ms
[2023-12-20T09:16:59.227-0800][57169672ms] GC(4491)   Evacuate Collection Set: 27.5ms
[2023-12-20T09:16:59.227-0800][57169672ms] GC(4491)   Post Evacuate Collection Set: 2.6ms
[2023-12-20T09:16:59.227-0800][57169672ms] GC(4491)   Other: 0.4ms
[2023-12-20T09:16:59.227-0800][57169672ms] GC(4491) Eden regions: 753->0(753)
[2023-12-20T09:16:59.227-0800][57169672ms] GC(4491) Survivor regions: 30->30(98)
[2023-12-20T09:16:59.227-0800][57169672ms] GC(4491) Old regions: 199->199
[2023-12-20T09:16:59.227-0800][57169672ms] GC(4491) Humongous regions: 5->5
[2023-12-20T09:16:59.227-0800][57169672ms] GC(4491) Metaspace: 256623K->256623K(1294336K)
[2023-12-20T09:16:59.227-0800][57169672ms] GC(4491) Pause Young (Normal) (G1 Evacuation Pause) 1971M->465M(2612M) 30.646ms
[2023-12-20T09:16:59.227-0800][57169672ms] GC(4491) User=0.08s Sys=0.00s Real=0.03s
[2023-12-20T09:17:00.084-0800][57170529ms] GC(4492) Pause Young (Normal) (G1 Evacuation Pause)
[2023-12-20T09:17:00.084-0800][57170529ms] GC(4492) Using 10 workers of 10 for evacuation
[2023-12-20T09:17:00.114-0800][57170559ms] GC(4492)   Pre Evacuate Collection Set: 0.1ms
[2023-12-20T09:17:00.114-0800][57170559ms] GC(4492)   Evacuate Collection Set: 26.4ms
[2023-12-20T09:17:00.114-0800][57170559ms] GC(4492)   Post Evacuate Collection Set: 3.1ms
[2023-12-20T09:17:00.114-0800][57170559ms] GC(4492)   Other: 0.4ms
[2023-12-20T09:17:00.114-0800][57170559ms] GC(4492) Eden regions: 753->0(753)
[2023-12-20T09:17:00.114-0800][57170559ms] GC(4492) Survivor regions: 30->30(98)
[2023-12-20T09:17:00.114-0800][57170559ms] GC(4492) Old regions: 199->199
[2023-12-20T09:17:00.114-0800][57170559ms] GC(4492) Humongous regions: 5->5
[2023-12-20T09:17:00.114-0800][57170559ms] GC(4492) Metaspace: 256623K->256623K(1294336K)
[2023-12-20T09:17:00.114-0800][57170559ms] GC(4492) Pause Young (Normal) (G1 Evacuation Pause) 1971M->466M(2612M) 30.053ms
[2023-12-20T09:17:00.114-0800][57170559ms] GC(4492) User=0.20s Sys=0.00s Real=0.03s
[2023-12-20T09:17:00.989-0800][57171434ms] GC(4493) Pause Young (Normal) (G1 Evacuation Pause)
[2023-12-20T09:17:00.989-0800][57171434ms] GC(4493) Using 10 workers of 10 for evacuation
[2023-12-20T09:17:01.019-0800][57171464ms] GC(4493)   Pre Evacuate Collection Set: 0.0ms
[2023-12-20T09:17:01.019-0800][57171464ms] GC(4493)   Evacuate Collection Set: 27.1ms
[2023-12-20T09:17:01.019-0800][57171464ms] GC(4493)   Post Evacuate Collection Set: 2.6ms
[2023-12-20T09:17:01.019-0800][57171464ms] GC(4493)   Other: 0.4ms
[2023-12-20T09:17:01.019-0800][57171464ms] GC(4493) Eden regions: 753->0(753)
[2023-12-20T09:17:01.019-0800][57171464ms] GC(4493) Survivor regions: 30->30(98)
[2023-12-20T09:17:01.019-0800][57171464ms] GC(4493) Old regions: 199->199
[2023-12-20T09:17:01.019-0800][57171464ms] GC(4493) Humongous regions: 5->5
[2023-12-20T09:17:01.019-0800][57171464ms] GC(4493) Metaspace: 256623K->256623K(1294336K)
[2023-12-20T09:17:01.019-0800][57171464ms] GC(4493) Pause Young (Normal) (G1 Evacuation Pause) 1972M->466M(2612M) 30.258ms
[2023-12-20T09:17:01.019-0800][57171464ms] GC(4493) User=0.09s Sys=0.00s Real=0.03s
[2023-12-20T09:17:01.970-0800][57172415ms] GC(4494) Pause Young (Normal) (G1 Evacuation Pause)
[2023-12-20T09:17:01.970-0800][57172415ms] GC(4494) Using 10 workers of 10 for evacuation
[2023-12-20T09:17:02.000-0800][57172445ms] GC(4494)   Pre Evacuate Collection Set: 0.0ms
[2023-12-20T09:17:02.000-0800][57172445ms] GC(4494)   Evacuate Collection Set: 27.2ms
[2023-12-20T09:17:02.000-0800][57172445ms] GC(4494)   Post Evacuate Collection Set: 2.5ms
[2023-12-20T09:17:02.000-0800][57172445ms] GC(4494)   Other: 0.4ms
[2023-12-20T09:17:02.000-0800][57172445ms] GC(4494) Eden regions: 753->0(753)
[2023-12-20T09:17:02.000-0800][57172445ms] GC(4494) Survivor regions: 30->30(98)
[2023-12-20T09:17:02.000-0800][57172445ms] GC(4494) Old regions: 199->199
[2023-12-20T09:17:02.000-0800][57172445ms] GC(4494) Humongous regions: 5->5
[2023-12-20T09:17:02.000-0800][57172445ms] GC(4494) Metaspace: 256623K->256623K(1294336K)
[2023-12-20T09:17:02.000-0800][57172445ms] GC(4494) Pause Young (Normal) (G1 Evacuation Pause) 1972M->465M(2612M) 30.255ms
[2023-12-20T09:17:02.000-0800][57172445ms] GC(4494) User=0.19s Sys=0.00s Real=0.03s
[2023-12-20T09:17:02.919-0800][57173364ms] GC(4495) Pause Young (Normal) (G1 Evacuation Pause)
[2023-12-20T09:17:02.919-0800][57173364ms] GC(4495) Using 10 workers of 10 for evacuation
[2023-12-20T09:17:02.948-0800][57173393ms] GC(4495)   Pre Evacuate Collection Set: 0.0ms
[2023-12-20T09:17:02.948-0800][57173393ms] GC(4495)   Evacuate Collection Set: 26.5ms
[2023-12-20T09:17:02.948-0800][57173393ms] GC(4495)   Post Evacuate Collection Set: 2.6ms
[2023-12-20T09:17:02.948-0800][57173393ms] GC(4495)   Other: 0.4ms
[2023-12-20T09:17:02.948-0800][57173393ms] GC(4495) Eden regions: 753->0(753)
[2023-12-20T09:17:02.948-0800][57173393ms] GC(4495) Survivor regions: 30->30(98)
[2023-12-20T09:17:02.948-0800][57173393ms] GC(4495) Old regions: 199->199
[2023-12-20T09:17:02.948-0800][57173393ms] GC(4495) Humongous regions: 5->5
[2023-12-20T09:17:02.948-0800][57173393ms] GC(4495) Metaspace: 256623K->256623K(1294336K)
[2023-12-20T09:17:02.948-0800][57173393ms] GC(4495) Pause Young (Normal) (G1 Evacuation Pause) 1971M->466M(2612M) 29.573ms
[2023-12-20T09:17:02.948-0800][57173393ms] GC(4495) User=0.13s Sys=0.00s Real=0.03s
[2023-12-20T09:17:03.829-0800][57174274ms] GC(4496) Pause Young (Normal) (G1 Evacuation Pause)
[2023-12-20T09:17:03.829-0800][57174274ms] GC(4496) Using 10 workers of 10 for evacuation
[2023-12-20T09:17:03.858-0800][57174303ms] GC(4496)   Pre Evacuate Collection Set: 0.0ms
[2023-12-20T09:17:03.858-0800][57174303ms] GC(4496)   Evacuate Collection Set: 27.2ms
[2023-12-20T09:17:03.858-0800][57174303ms] GC(4496)   Post Evacuate Collection Set: 2.2ms
[2023-12-20T09:17:03.858-0800][57174303ms] GC(4496)   Other: 0.4ms
[2023-12-20T09:17:03.858-0800][57174303ms] GC(4496) Eden regions: 753->0(753)
[2023-12-20T09:17:03.858-0800][57174303ms] GC(4496) Survivor regions: 30->30(98)
[2023-12-20T09:17:03.858-0800][57174303ms] GC(4496) Old regions: 199->199
[2023-12-20T09:17:03.858-0800][57174303ms] GC(4496) Humongous regions: 5->5
[2023-12-20T09:17:03.858-0800][57174303ms] GC(4496) Metaspace: 256623K->256623K(1294336K)
[2023-12-20T09:17:03.858-0800][57174303ms] GC(4496) Pause Young (Normal) (G1 Evacuation Pause) 1972M->465M(2612M) 29.961ms
[2023-12-20T09:17:03.858-0800][57174303ms] GC(4496) User=0.06s Sys=0.00s Real=0.03s
[2023-12-20T09:17:04.834-0800][57175279ms] GC(4497) Pause Young (Normal) (G1 Evacuation Pause)
[2023-12-20T09:17:04.834-0800][57175279ms] GC(4497) Using 10 workers of 10 for evacuation
[2023-12-20T09:17:04.864-0800][57175309ms] GC(4497)   Pre Evacuate Collection Set: 0.0ms
[2023-12-20T09:17:04.864-0800][57175309ms] GC(4497)   Evacuate Collection Set: 26.7ms
[2023-12-20T09:17:04.864-0800][57175309ms] GC(4497)   Post Evacuate Collection Set: 2.4ms
[2023-12-20T09:17:04.864-0800][57175309ms] GC(4497)   Other: 0.4ms
[2023-12-20T09:17:04.864-0800][57175309ms] GC(4497) Eden regions: 753->0(753)
[2023-12-20T09:17:04.864-0800][57175309ms] GC(4497) Survivor regions: 30->30(98)
[2023-12-20T09:17:04.864-0800][57175309ms] GC(4497) Old regions: 199->199
[2023-12-20T09:17:04.864-0800][57175309ms] GC(4497) Humongous regions: 5->5
[2023-12-20T09:17:04.864-0800][57175309ms] GC(4497) Metaspace: 256623K->256623K(1294336K)
[2023-12-20T09:17:04.864-0800][57175309ms] GC(4497) Pause Young (Normal) (G1 Evacuation Pause) 1971M->465M(2612M) 29.615ms
[2023-12-20T09:17:04.864-0800][57175309ms] GC(4497) User=0.11s Sys=0.00s Real=0.03s
[2023-12-20T09:17:05.718-0800][57176163ms] GC(4498) Pause Young (Normal) (G1 Evacuation Pause)
[2023-12-20T09:17:05.718-0800][57176163ms] GC(4498) Using 10 workers of 10 for evacuation
[2023-12-20T09:17:05.748-0800][57176193ms] GC(4498)   Pre Evacuate Collection Set: 0.1ms
[2023-12-20T09:17:05.748-0800][57176193ms] GC(4498)   Evacuate Collection Set: 27.6ms
[2023-12-20T09:17:05.748-0800][57176193ms] GC(4498)   Post Evacuate Collection Set: 2.7ms
[2023-12-20T09:17:05.748-0800][57176193ms] GC(4498)   Other: 0.4ms
[2023-12-20T09:17:05.748-0800][57176193ms] GC(4498) Eden regions: 753->0(753)
[2023-12-20T09:17:05.748-0800][57176193ms] GC(4498) Survivor regions: 30->30(98)
[2023-12-20T09:17:05.748-0800][57176193ms] GC(4498) Old regions: 199->199
[2023-12-20T09:17:05.748-0800][57176193ms] GC(4498) Humongous regions: 5->5
[2023-12-20T09:17:05.748-0800][57176193ms] GC(4498) Metaspace: 256623K->256623K(1294336K)
[2023-12-20T09:17:05.748-0800][57176193ms] GC(4498) Pause Young (Normal) (G1 Evacuation Pause) 1971M->465M(2612M) 30.884ms
[2023-12-20T09:17:05.748-0800][57176193ms] GC(4498) User=0.11s Sys=0.00s Real=0.03s
[2023-12-20T09:17:06.670-0800][57177115ms] GC(4499) Pause Young (Normal) (G1 Evacuation Pause)
[2023-12-20T09:17:06.670-0800][57177115ms] GC(4499) Using 10 workers of 10 for evacuation
[2023-12-20T09:17:06.700-0800][57177145ms] GC(4499)   Pre Evacuate Collection Set: 0.0ms
[2023-12-20T09:17:06.700-0800][57177145ms] GC(4499)   Evacuate Collection Set: 26.4ms
[2023-12-20T09:17:06.700-0800][57177145ms] GC(4499)   Post Evacuate Collection Set: 2.5ms
[2023-12-20T09:17:06.700-0800][57177145ms] GC(4499)   Other: 0.4ms
[2023-12-20T09:17:06.700-0800][57177145ms] GC(4499) Eden regions: 753->0(753)
[2023-12-20T09:17:06.700-0800][57177145ms] GC(4499) Survivor regions: 30->30(98)
[2023-12-20T09:17:06.700-0800][57177145ms] GC(4499) Old regions: 199->199
[2023-12-20T09:17:06.700-0800][57177145ms] GC(4499) Humongous regions: 5->5
[2023-12-20T09:17:06.700-0800][57177145ms] GC(4499) Metaspace: 256623K->256623K(1294336K)
[2023-12-20T09:17:06.700-0800][57177145ms] GC(4499) Pause Young (Normal) (G1 Evacuation Pause) 1971M->465M(2612M) 29.421ms
[2023-12-20T09:17:06.700-0800][57177145ms] GC(4499) User=0.08s Sys=0.00s Real=0.03s
[2023-12-20T09:17:07.636-0800][57178081ms] GC(4500) Pause Young (Normal) (G1 Evacuation Pause)
[2023-12-20T09:17:07.636-0800][57178081ms] GC(4500) Using 10 workers of 10 for evacuation
[2023-12-20T09:17:07.668-0800][57178113ms] GC(4500)   Pre Evacuate Collection Set: 0.1ms
[2023-12-20T09:17:07.668-0800][57178113ms] GC(4500)   Evacuate Collection Set: 29.9ms
[2023-12-20T09:17:07.668-0800][57178113ms] GC(4500)   Post Evacuate Collection Set: 2.5ms
[2023-12-20T09:17:07.668-0800][57178113ms] GC(4500)   Other: 0.5ms
[2023-12-20T09:17:07.668-0800][57178113ms] GC(4500) Eden regions: 753->0(753)
[2023-12-20T09:17:07.668-0800][57178113ms] GC(4500) Survivor regions: 30->30(98)
[2023-12-20T09:17:07.668-0800][57178113ms] GC(4500) Old regions: 199->199
[2023-12-20T09:17:07.668-0800][57178113ms] GC(4500) Humongous regions: 5->5
[2023-12-20T09:17:07.668-0800][57178113ms] GC(4500) Metaspace: 256623K->256623K(1294336K)
[2023-12-20T09:17:07.668-0800][57178113ms] GC(4500) Pause Young (Normal) (G1 Evacuation Pause) 1971M->465M(2612M) 33.032ms
[2023-12-20T09:17:07.668-0800][57178113ms] GC(4500) User=0.06s Sys=0.00s Real=0.03s
[2023-12-20T09:17:08.754-0800][57179199ms] GC(4501) Pause Young (Normal) (GCLocker Initiated GC)
[2023-12-20T09:17:08.754-0800][57179199ms] GC(4501) Using 10 workers of 10 for evacuation
[2023-12-20T09:17:08.785-0800][57179230ms] GC(4501)   Pre Evacuate Collection Set: 0.1ms
[2023-12-20T09:17:08.785-0800][57179230ms] GC(4501)   Evacuate Collection Set: 27.9ms
[2023-12-20T09:17:08.785-0800][57179230ms] GC(4501)   Post Evacuate Collection Set: 2.7ms
[2023-12-20T09:17:08.785-0800][57179230ms] GC(4501)   Other: 0.5ms
[2023-12-20T09:17:08.785-0800][57179230ms] GC(4501) Eden regions: 754->0(753)
[2023-12-20T09:17:08.785-0800][57179230ms] GC(4501) Survivor regions: 30->30(98)
[2023-12-20T09:17:08.785-0800][57179230ms] GC(4501) Old regions: 199->199
[2023-12-20T09:17:08.785-0800][57179230ms] GC(4501) Humongous regions: 5->5
[2023-12-20T09:17:08.785-0800][57179230ms] GC(4501) Metaspace: 256623K->256623K(1294336K)
[2023-12-20T09:17:08.785-0800][57179230ms] GC(4501) Pause Young (Normal) (GCLocker Initiated GC) 1972M->465M(2612M) 31.306ms
[2023-12-20T09:17:08.785-0800][57179230ms] GC(4501) User=0.08s Sys=0.00s Real=0.03s
[2023-12-20T09:17:09.763-0800][57180208ms] GC(4502) Pause Young (Normal) (GCLocker Initiated GC)
[2023-12-20T09:17:09.763-0800][57180208ms] GC(4502) Using 10 workers of 10 for evacuation
[2023-12-20T09:17:09.792-0800][57180237ms] GC(4502)   Pre Evacuate Collection Set: 0.0ms
[2023-12-20T09:17:09.792-0800][57180237ms] GC(4502)   Evacuate Collection Set: 26.9ms
[2023-12-20T09:17:09.792-0800][57180237ms] GC(4502)   Post Evacuate Collection Set: 2.6ms
[2023-12-20T09:17:09.792-0800][57180237ms] GC(4502)   Other: 0.4ms
[2023-12-20T09:17:09.792-0800][57180237ms] GC(4502) Eden regions: 754->0(753)
[2023-12-20T09:17:09.792-0800][57180237ms] GC(4502) Survivor regions: 30->30(98)
[2023-12-20T09:17:09.792-0800][57180237ms] GC(4502) Old regions: 199->199
[2023-12-20T09:17:09.792-0800][57180237ms] GC(4502) Humongous regions: 5->5
[2023-12-20T09:17:09.792-0800][57180237ms] GC(4502) Metaspace: 256623K->256623K(1294336K)
[2023-12-20T09:17:09.792-0800][57180237ms] GC(4502) Pause Young (Normal) (GCLocker Initiated GC) 1972M->466M(2612M) 30.012ms
[2023-12-20T09:17:09.792-0800][57180237ms] GC(4502) User=0.11s Sys=0.00s Real=0.03s
[2023-12-20T09:17:10.950-0800][57181395ms] GC(4503) Pause Young (Normal) (G1 Evacuation Pause)
[2023-12-20T09:17:10.950-0800][57181395ms] GC(4503) Using 10 workers of 10 for evacuation
[2023-12-20T09:17:10.983-0800][57181428ms] GC(4503)   Pre Evacuate Collection Set: 0.1ms
[2023-12-20T09:17:10.983-0800][57181428ms] GC(4503)   Evacuate Collection Set: 29.2ms
[2023-12-20T09:17:10.983-0800][57181428ms] GC(4503)   Post Evacuate Collection Set: 3.6ms
[2023-12-20T09:17:10.983-0800][57181428ms] GC(4503)   Other: 0.4ms
[2023-12-20T09:17:10.983-0800][57181428ms] GC(4503) Eden regions: 753->0(753)
[2023-12-20T09:17:10.983-0800][57181428ms] GC(4503) Survivor regions: 30->30(98)
[2023-12-20T09:17:10.983-0800][57181428ms] GC(4503) Old regions: 199->199
[2023-12-20T09:17:10.983-0800][57181428ms] GC(4503) Humongous regions: 5->5
[2023-12-20T09:17:10.983-0800][57181428ms] GC(4503) Metaspace: 256623K->256623K(1294336K)
[2023-12-20T09:17:10.983-0800][57181428ms] GC(4503) Pause Young (Normal) (G1 Evacuation Pause) 1972M->465M(2612M) 33.454ms
[2023-12-20T09:17:10.984-0800][57181429ms] GC(4503) User=0.09s Sys=0.00s Real=0.03s
[2023-12-20T09:17:11.958-0800][57182403ms] GC(4504) Pause Young (Normal) (G1 Evacuation Pause)
[2023-12-20T09:17:11.958-0800][57182403ms] GC(4504) Using 10 workers of 10 for evacuation
[2023-12-20T09:17:11.987-0800][57182432ms] GC(4504)   Pre Evacuate Collection Set: 0.0ms
[2023-12-20T09:17:11.987-0800][57182432ms] GC(4504)   Evacuate Collection Set: 26.7ms
[2023-12-20T09:17:11.987-0800][57182432ms] GC(4504)   Post Evacuate Collection Set: 2.6ms
[2023-12-20T09:17:11.987-0800][57182432ms] GC(4504)   Other: 0.4ms
[2023-12-20T09:17:11.987-0800][57182432ms] GC(4504) Eden regions: 753->0(753)
[2023-12-20T09:17:11.987-0800][57182432ms] GC(4504) Survivor regions: 30->30(98)
[2023-12-20T09:17:11.987-0800][57182432ms] GC(4504) Old regions: 199->199
[2023-12-20T09:17:11.987-0800][57182432ms] GC(4504) Humongous regions: 5->5
[2023-12-20T09:17:11.987-0800][57182432ms] GC(4504) Metaspace: 256623K->256623K(1294336K)
[2023-12-20T09:17:11.987-0800][57182432ms] GC(4504) Pause Young (Normal) (G1 Evacuation Pause) 1971M->465M(2612M) 29.897ms
[2023-12-20T09:17:11.987-0800][57182432ms] GC(4504) User=0.09s Sys=0.00s Real=0.03s
[2023-12-20T09:17:12.919-0800][57183364ms] GC(4505) Pause Young (Normal) (G1 Evacuation Pause)
[2023-12-20T09:17:12.919-0800][57183364ms] GC(4505) Using 10 workers of 10 for evacuation
[2023-12-20T09:17:12.950-0800][57183395ms] GC(4505)   Pre Evacuate Collection Set: 0.0ms
[2023-12-20T09:17:12.950-0800][57183395ms] GC(4505)   Evacuate Collection Set: 28.2ms
[2023-12-20T09:17:12.950-0800][57183395ms] GC(4505)   Post Evacuate Collection Set: 2.5ms
[2023-12-20T09:17:12.950-0800][57183395ms] GC(4505)   Other: 0.4ms
[2023-12-20T09:17:12.950-0800][57183395ms] GC(4505) Eden regions: 753->0(753)
[2023-12-20T09:17:12.950-0800][57183395ms] GC(4505) Survivor regions: 30->30(98)
[2023-12-20T09:17:12.950-0800][57183395ms] GC(4505) Old regions: 199->199
[2023-12-20T09:17:12.950-0800][57183395ms] GC(4505) Humongous regions: 5->5
[2023-12-20T09:17:12.950-0800][57183395ms] GC(4505) Metaspace: 256623K->256623K(1294336K)
[2023-12-20T09:17:12.950-0800][57183395ms] GC(4505) Pause Young (Normal) (G1 Evacuation Pause) 1971M->465M(2612M) 31.237ms
[2023-12-20T09:17:12.950-0800][57183395ms] GC(4505) User=0.16s Sys=0.00s Real=0.03s
[2023-12-20T09:17:13.905-0800][57184350ms] GC(4506) Pause Young (Normal) (G1 Evacuation Pause)
[2023-12-20T09:17:13.905-0800][57184350ms] GC(4506) Using 10 workers of 10 for evacuation
[2023-12-20T09:17:13.935-0800][57184380ms] GC(4506)   Pre Evacuate Collection Set: 0.0ms
[2023-12-20T09:17:13.935-0800][57184380ms] GC(4506)   Evacuate Collection Set: 27.2ms
[2023-12-20T09:17:13.935-0800][57184380ms] GC(4506)   Post Evacuate Collection Set: 2.9ms
[2023-12-20T09:17:13.935-0800][57184380ms] GC(4506)   Other: 0.4ms
[2023-12-20T09:17:13.935-0800][57184380ms] GC(4506) Eden regions: 753->0(753)
[2023-12-20T09:17:13.935-0800][57184380ms] GC(4506) Survivor regions: 30->30(98)
[2023-12-20T09:17:13.935-0800][57184380ms] GC(4506) Old regions: 199->199
[2023-12-20T09:17:13.935-0800][57184380ms] GC(4506) Humongous regions: 5->5
[2023-12-20T09:17:13.935-0800][57184380ms] GC(4506) Metaspace: 256623K->256623K(1294336K)
[2023-12-20T09:17:13.935-0800][57184380ms] GC(4506) Pause Young (Normal) (G1 Evacuation Pause) 1971M->466M(2612M) 30.664ms
[2023-12-20T09:17:13.935-0800][57184380ms] GC(4506) User=0.16s Sys=0.00s Real=0.03s
[2023-12-20T09:17:14.820-0800][57185265ms] GC(4507) Pause Young (Normal) (G1 Evacuation Pause)
[2023-12-20T09:17:14.820-0800][57185265ms] GC(4507) Using 10 workers of 10 for evacuation
[2023-12-20T09:17:14.850-0800][57185295ms] GC(4507)   Pre Evacuate Collection Set: 0.0ms
[2023-12-20T09:17:14.850-0800][57185295ms] GC(4507)   Evacuate Collection Set: 27.2ms
[2023-12-20T09:17:14.850-0800][57185295ms] GC(4507)   Post Evacuate Collection Set: 2.4ms
[2023-12-20T09:17:14.850-0800][57185295ms] GC(4507)   Other: 0.4ms
[2023-12-20T09:17:14.850-0800][57185295ms] GC(4507) Eden regions: 753->0(753)
[2023-12-20T09:17:14.850-0800][57185295ms] GC(4507) Survivor regions: 30->30(98)
[2023-12-20T09:17:14.850-0800][57185295ms] GC(4507) Old regions: 199->199
[2023-12-20T09:17:14.850-0800][57185295ms] GC(4507) Humongous regions: 5->5
[2023-12-20T09:17:14.850-0800][57185295ms] GC(4507) Metaspace: 256623K->256623K(1294336K)
[2023-12-20T09:17:14.850-0800][57185295ms] GC(4507) Pause Young (Normal) (G1 Evacuation Pause) 1972M->465M(2612M) 30.062ms
[2023-12-20T09:17:14.850-0800][57185295ms] GC(4507) User=0.09s Sys=0.00s Real=0.03s
[2023-12-20T09:17:15.777-0800][57186222ms] GC(4508) Pause Young (Normal) (G1 Evacuation Pause)
[2023-12-20T09:17:15.777-0800][57186222ms] GC(4508) Using 10 workers of 10 for evacuation
[2023-12-20T09:17:15.813-0800][57186258ms] GC(4508)   Pre Evacuate Collection Set: 0.0ms
[2023-12-20T09:17:15.813-0800][57186258ms] GC(4508)   Evacuate Collection Set: 31.0ms
[2023-12-20T09:17:15.813-0800][57186258ms] GC(4508)   Post Evacuate Collection Set: 3.9ms
[2023-12-20T09:17:15.813-0800][57186258ms] GC(4508)   Other: 0.4ms
[2023-12-20T09:17:15.813-0800][57186258ms] GC(4508) Eden regions: 753->0(754)
[2023-12-20T09:17:15.813-0800][57186258ms] GC(4508) Survivor regions: 30->29(98)
[2023-12-20T09:17:15.813-0800][57186258ms] GC(4508) Old regions: 199->199
[2023-12-20T09:17:15.813-0800][57186258ms] GC(4508) Humongous regions: 5->5
[2023-12-20T09:17:15.813-0800][57186258ms] GC(4508) Metaspace: 256623K->256623K(1294336K)
[2023-12-20T09:17:15.813-0800][57186258ms] GC(4508) Pause Young (Normal) (G1 Evacuation Pause) 1971M->464M(2612M) 35.459ms
[2023-12-20T09:17:15.813-0800][57186258ms] GC(4508) User=0.19s Sys=0.00s Real=0.04s
[2023-12-20T09:17:16.661-0800][57187106ms] GC(4509) Pause Young (Normal) (G1 Evacuation Pause)
[2023-12-20T09:17:16.661-0800][57187106ms] GC(4509) Using 10 workers of 10 for evacuation
[2023-12-20T09:17:16.690-0800][57187135ms] GC(4509)   Pre Evacuate Collection Set: 0.0ms
[2023-12-20T09:17:16.690-0800][57187135ms] GC(4509)   Evacuate Collection Set: 27.0ms
[2023-12-20T09:17:16.690-0800][57187135ms] GC(4509)   Post Evacuate Collection Set: 2.7ms
[2023-12-20T09:17:16.690-0800][57187135ms] GC(4509)   Other: 0.4ms
[2023-12-20T09:17:16.690-0800][57187135ms] GC(4509) Eden regions: 754->0(753)
[2023-12-20T09:17:16.690-0800][57187135ms] GC(4509) Survivor regions: 29->30(98)
[2023-12-20T09:17:16.690-0800][57187135ms] GC(4509) Old regions: 199->199
[2023-12-20T09:17:16.690-0800][57187135ms] GC(4509) Humongous regions: 5->5
[2023-12-20T09:17:16.690-0800][57187135ms] GC(4509) Metaspace: 256623K->256623K(1294336K)
[2023-12-20T09:17:16.690-0800][57187135ms] GC(4509) Pause Young (Normal) (G1 Evacuation Pause) 1972M->466M(2612M) 30.167ms
[2023-12-20T09:17:16.690-0800][57187135ms] GC(4509) User=0.13s Sys=0.00s Real=0.03s
[2023-12-20T09:17:17.493-0800][57187938ms] GC(4510) Pause Young (Normal) (G1 Evacuation Pause)
[2023-12-20T09:17:17.493-0800][57187938ms] GC(4510) Using 10 workers of 10 for evacuation
[2023-12-20T09:17:17.523-0800][57187968ms] GC(4510)   Pre Evacuate Collection Set: 0.0ms
[2023-12-20T09:17:17.523-0800][57187968ms] GC(4510)   Evacuate Collection Set: 26.6ms
[2023-12-20T09:17:17.523-0800][57187968ms] GC(4510)   Post Evacuate Collection Set: 2.7ms
[2023-12-20T09:17:17.523-0800][57187968ms] GC(4510)   Other: 0.4ms
[2023-12-20T09:17:17.523-0800][57187968ms] GC(4510) Eden regions: 753->0(752)
[2023-12-20T09:17:17.523-0800][57187968ms] GC(4510) Survivor regions: 30->31(98)
[2023-12-20T09:17:17.523-0800][57187968ms] GC(4510) Old regions: 199->199
[2023-12-20T09:17:17.523-0800][57187968ms] GC(4510) Humongous regions: 5->5
[2023-12-20T09:17:17.523-0800][57187968ms] GC(4510) Metaspace: 256623K->256623K(1294336K)
[2023-12-20T09:17:17.523-0800][57187968ms] GC(4510) Pause Young (Normal) (G1 Evacuation Pause) 1972M->467M(2612M) 29.772ms
[2023-12-20T09:17:17.523-0800][57187968ms] GC(4510) User=0.09s Sys=0.00s Real=0.03s
[2023-12-20T09:17:18.379-0800][57188824ms] GC(4511) Pause Young (Normal) (G1 Evacuation Pause)
[2023-12-20T09:17:18.379-0800][57188824ms] GC(4511) Using 10 workers of 10 for evacuation
[2023-12-20T09:17:18.409-0800][57188854ms] GC(4511)   Pre Evacuate Collection Set: 0.0ms
[2023-12-20T09:17:18.409-0800][57188854ms] GC(4511)   Evacuate Collection Set: 27.1ms
[2023-12-20T09:17:18.409-0800][57188854ms] GC(4511)   Post Evacuate Collection Set: 3.0ms
[2023-12-20T09:17:18.409-0800][57188854ms] GC(4511)   Other: 0.4ms
[2023-12-20T09:17:18.409-0800][57188854ms] GC(4511) Eden regions: 752->0(753)
[2023-12-20T09:17:18.409-0800][57188854ms] GC(4511) Survivor regions: 31->30(98)
[2023-12-20T09:17:18.409-0800][57188854ms] GC(4511) Old regions: 199->199
[2023-12-20T09:17:18.409-0800][57188854ms] GC(4511) Humongous regions: 5->5
[2023-12-20T09:17:18.409-0800][57188854ms] GC(4511) Metaspace: 256623K->256623K(1294336K)
[2023-12-20T09:17:18.409-0800][57188854ms] GC(4511) Pause Young (Normal) (G1 Evacuation Pause) 1971M->466M(2612M) 30.616ms
[2023-12-20T09:17:18.409-0800][57188854ms] GC(4511) User=0.11s Sys=0.00s Real=0.03s
[2023-12-20T09:17:19.347-0800][57189792ms] GC(4512) Pause Young (Normal) (G1 Evacuation Pause)
[2023-12-20T09:17:19.347-0800][57189792ms] GC(4512) Using 10 workers of 10 for evacuation
[2023-12-20T09:17:19.378-0800][57189823ms] GC(4512)   Pre Evacuate Collection Set: 0.1ms
[2023-12-20T09:17:19.378-0800][57189823ms] GC(4512)   Evacuate Collection Set: 27.8ms
[2023-12-20T09:17:19.378-0800][57189823ms] GC(4512)   Post Evacuate Collection Set: 2.5ms
[2023-12-20T09:17:19.378-0800][57189823ms] GC(4512)   Other: 0.4ms
[2023-12-20T09:17:19.378-0800][57189823ms] GC(4512) Eden regions: 753->0(752)
[2023-12-20T09:17:19.378-0800][57189823ms] GC(4512) Survivor regions: 30->31(98)
[2023-12-20T09:17:19.378-0800][57189823ms] GC(4512) Old regions: 199->199
[2023-12-20T09:17:19.378-0800][57189823ms] GC(4512) Humongous regions: 5->5
[2023-12-20T09:17:19.378-0800][57189823ms] GC(4512) Metaspace: 256623K->256623K(1294336K)
[2023-12-20T09:17:19.378-0800][57189823ms] GC(4512) Pause Young (Normal) (G1 Evacuation Pause) 1972M->467M(2612M) 30.861ms
[2023-12-20T09:17:19.378-0800][57189823ms] GC(4512) User=0.14s Sys=0.00s Real=0.03s
[2023-12-20T09:17:20.268-0800][57190713ms] GC(4513) Pause Young (Normal) (G1 Evacuation Pause)
[2023-12-20T09:17:20.268-0800][57190713ms] GC(4513) Using 10 workers of 10 for evacuation
[2023-12-20T09:17:20.297-0800][57190742ms] GC(4513)   Pre Evacuate Collection Set: 0.0ms
[2023-12-20T09:17:20.297-0800][57190742ms] GC(4513)   Evacuate Collection Set: 27.4ms
[2023-12-20T09:17:20.297-0800][57190742ms] GC(4513)   Post Evacuate Collection Set: 2.5ms
[2023-12-20T09:17:20.298-0800][57190743ms] GC(4513)   Other: 0.4ms
[2023-12-20T09:17:20.298-0800][57190743ms] GC(4513) Eden regions: 752->0(752)
[2023-12-20T09:17:20.298-0800][57190743ms] GC(4513) Survivor regions: 31->31(98)
[2023-12-20T09:17:20.298-0800][57190743ms] GC(4513) Old regions: 199->199
[2023-12-20T09:17:20.298-0800][57190743ms] GC(4513) Humongous regions: 5->5
[2023-12-20T09:17:20.298-0800][57190743ms] GC(4513) Metaspace: 256623K->256623K(1294336K)
[2023-12-20T09:17:20.298-0800][57190743ms] GC(4513) Pause Young (Normal) (G1 Evacuation Pause) 1971M->467M(2612M) 30.524ms
[2023-12-20T09:17:20.298-0800][57190743ms] GC(4513) User=0.14s Sys=0.00s Real=0.03s
[2023-12-20T09:17:21.175-0800][57191620ms] GC(4514) Pause Young (Normal) (G1 Evacuation Pause)
[2023-12-20T09:17:21.175-0800][57191620ms] GC(4514) Using 10 workers of 10 for evacuation
[2023-12-20T09:17:21.205-0800][57191650ms] GC(4514)   Pre Evacuate Collection Set: 0.0ms
[2023-12-20T09:17:21.205-0800][57191650ms] GC(4514)   Evacuate Collection Set: 27.2ms
[2023-12-20T09:17:21.205-0800][57191650ms] GC(4514)   Post Evacuate Collection Set: 2.6ms
[2023-12-20T09:17:21.205-0800][57191650ms] GC(4514)   Other: 0.4ms
[2023-12-20T09:17:21.205-0800][57191650ms] GC(4514) Eden regions: 752->0(753)
[2023-12-20T09:17:21.205-0800][57191650ms] GC(4514) Survivor regions: 31->30(98)
[2023-12-20T09:17:21.205-0800][57191650ms] GC(4514) Old regions: 199->199
[2023-12-20T09:17:21.205-0800][57191650ms] GC(4514) Humongous regions: 5->5
[2023-12-20T09:17:21.205-0800][57191650ms] GC(4514) Metaspace: 256623K->256623K(1294336K)
[2023-12-20T09:17:21.205-0800][57191650ms] GC(4514) Pause Young (Normal) (G1 Evacuation Pause) 1971M->465M(2612M) 30.339ms
[2023-12-20T09:17:21.205-0800][57191650ms] GC(4514) User=0.11s Sys=0.00s Real=0.03s
[2023-12-20T09:17:21.877-0800][57192322ms] GC(4515) Pause Young (Normal) (G1 Evacuation Pause)
[2023-12-20T09:17:21.877-0800][57192322ms] GC(4515) Using 10 workers of 10 for evacuation
[2023-12-20T09:17:21.906-0800][57192351ms] GC(4515)   Pre Evacuate Collection Set: 0.0ms
[2023-12-20T09:17:21.906-0800][57192351ms] GC(4515)   Evacuate Collection Set: 26.3ms
[2023-12-20T09:17:21.906-0800][57192351ms] GC(4515)   Post Evacuate Collection Set: 2.4ms
[2023-12-20T09:17:21.906-0800][57192351ms] GC(4515)   Other: 0.4ms
[2023-12-20T09:17:21.906-0800][57192351ms] GC(4515) Eden regions: 753->0(752)
[2023-12-20T09:17:21.906-0800][57192351ms] GC(4515) Survivor regions: 30->31(98)
[2023-12-20T09:17:21.906-0800][57192351ms] GC(4515) Old regions: 199->199
[2023-12-20T09:17:21.906-0800][57192351ms] GC(4515) Humongous regions: 5->5
[2023-12-20T09:17:21.906-0800][57192351ms] GC(4515) Metaspace: 256623K->256623K(1294336K)
[2023-12-20T09:17:21.906-0800][57192351ms] GC(4515) Pause Young (Normal) (G1 Evacuation Pause) 1971M->467M(2612M) 29.250ms
[2023-12-20T09:17:21.906-0800][57192351ms] GC(4515) User=0.05s Sys=0.02s Real=0.03s
[2023-12-20T09:17:22.581-0800][57193026ms] GC(4516) Pause Young (Normal) (G1 Evacuation Pause)
[2023-12-20T09:17:22.581-0800][57193026ms] GC(4516) Using 10 workers of 10 for evacuation
[2023-12-20T09:17:22.613-0800][57193058ms] GC(4516)   Pre Evacuate Collection Set: 0.0ms
[2023-12-20T09:17:22.613-0800][57193058ms] GC(4516)   Evacuate Collection Set: 28.6ms
[2023-12-20T09:17:22.613-0800][57193058ms] GC(4516)   Post Evacuate Collection Set: 3.7ms
[2023-12-20T09:17:22.613-0800][57193058ms] GC(4516)   Other: 0.4ms
[2023-12-20T09:17:22.613-0800][57193058ms] GC(4516) Eden regions: 752->0(753)
[2023-12-20T09:17:22.613-0800][57193058ms] GC(4516) Survivor regions: 31->30(98)
[2023-12-20T09:17:22.613-0800][57193058ms] GC(4516) Old regions: 199->199
[2023-12-20T09:17:22.613-0800][57193058ms] GC(4516) Humongous regions: 5->5
[2023-12-20T09:17:22.613-0800][57193058ms] GC(4516) Metaspace: 256623K->256623K(1294336K)
[2023-12-20T09:17:22.613-0800][57193058ms] GC(4516) Pause Young (Normal) (G1 Evacuation Pause) 1971M->466M(2612M) 32.865ms
[2023-12-20T09:17:22.613-0800][57193058ms] GC(4516) User=0.13s Sys=0.00s Real=0.03s
[2023-12-20T09:17:23.182-0800][57193627ms] GC(4517) Pause Young (Normal) (G1 Evacuation Pause)
[2023-12-20T09:17:23.182-0800][57193627ms] GC(4517) Using 10 workers of 10 for evacuation
[2023-12-20T09:17:23.210-0800][57193655ms] GC(4517)   Pre Evacuate Collection Set: 0.0ms
[2023-12-20T09:17:23.210-0800][57193655ms] GC(4517)   Evacuate Collection Set: 25.4ms
[2023-12-20T09:17:23.210-0800][57193655ms] GC(4517)   Post Evacuate Collection Set: 2.8ms
[2023-12-20T09:17:23.210-0800][57193655ms] GC(4517)   Other: 0.4ms
[2023-12-20T09:17:23.210-0800][57193655ms] GC(4517) Eden regions: 753->0(753)
[2023-12-20T09:17:23.210-0800][57193655ms] GC(4517) Survivor regions: 30->30(98)
[2023-12-20T09:17:23.210-0800][57193655ms] GC(4517) Old regions: 199->199
[2023-12-20T09:17:23.210-0800][57193655ms] GC(4517) Humongous regions: 5->5
[2023-12-20T09:17:23.210-0800][57193655ms] GC(4517) Metaspace: 256623K->256623K(1294336K)
[2023-12-20T09:17:23.210-0800][57193655ms] GC(4517) Pause Young (Normal) (G1 Evacuation Pause) 1972M->466M(2612M) 28.692ms
[2023-12-20T09:17:23.210-0800][57193655ms] GC(4517) User=0.09s Sys=0.00s Real=0.03s
[2023-12-20T09:17:23.949-0800][57194394ms] GC(4518) Pause Young (Normal) (G1 Evacuation Pause)
[2023-12-20T09:17:23.949-0800][57194394ms] GC(4518) Using 10 workers of 10 for evacuation
[2023-12-20T09:17:23.982-0800][57194427ms] GC(4518)   Pre Evacuate Collection Set: 0.0ms
[2023-12-20T09:17:23.982-0800][57194427ms] GC(4518)   Evacuate Collection Set: 30.3ms
[2023-12-20T09:17:23.982-0800][57194427ms] GC(4518)   Post Evacuate Collection Set: 2.8ms
[2023-12-20T09:17:23.982-0800][57194427ms] GC(4518)   Other: 0.4ms
[2023-12-20T09:17:23.982-0800][57194427ms] GC(4518) Eden regions: 753->0(752)
[2023-12-20T09:17:23.982-0800][57194427ms] GC(4518) Survivor regions: 30->31(98)
[2023-12-20T09:17:23.982-0800][57194427ms] GC(4518) Old regions: 199->199
[2023-12-20T09:17:23.982-0800][57194427ms] GC(4518) Humongous regions: 5->5
[2023-12-20T09:17:23.982-0800][57194427ms] GC(4518) Metaspace: 256623K->256623K(1294336K)
[2023-12-20T09:17:23.982-0800][57194427ms] GC(4518) Pause Young (Normal) (G1 Evacuation Pause) 1972M->468M(2612M) 33.724ms
[2023-12-20T09:17:23.982-0800][57194427ms] GC(4518) User=0.09s Sys=0.00s Real=0.03s
[2023-12-20T09:17:24.826-0800][57195271ms] GC(4519) Pause Young (Normal) (G1 Evacuation Pause)
[2023-12-20T09:17:24.826-0800][57195271ms] GC(4519) Using 10 workers of 10 for evacuation
[2023-12-20T09:17:24.856-0800][57195301ms] GC(4519)   Pre Evacuate Collection Set: 0.0ms
[2023-12-20T09:17:24.856-0800][57195301ms] GC(4519)   Evacuate Collection Set: 27.2ms
[2023-12-20T09:17:24.856-0800][57195301ms] GC(4519)   Post Evacuate Collection Set: 2.5ms
[2023-12-20T09:17:24.856-0800][57195301ms] GC(4519)   Other: 0.4ms
[2023-12-20T09:17:24.856-0800][57195301ms] GC(4519) Eden regions: 752->0(752)
[2023-12-20T09:17:24.856-0800][57195301ms] GC(4519) Survivor regions: 31->31(98)
[2023-12-20T09:17:24.856-0800][57195301ms] GC(4519) Old regions: 199->199
[2023-12-20T09:17:24.856-0800][57195301ms] GC(4519) Humongous regions: 5->5
[2023-12-20T09:17:24.856-0800][57195301ms] GC(4519) Metaspace: 256623K->256623K(1294336K)
[2023-12-20T09:17:24.856-0800][57195301ms] GC(4519) Pause Young (Normal) (G1 Evacuation Pause) 1972M->467M(2612M) 30.246ms
[2023-12-20T09:17:24.856-0800][57195301ms] GC(4519) User=0.11s Sys=0.00s Real=0.03s
[2023-12-20T09:17:25.668-0800][57196113ms] GC(4520) Pause Young (Normal) (G1 Evacuation Pause)
[2023-12-20T09:17:25.668-0800][57196113ms] GC(4520) Using 10 workers of 10 for evacuation
[2023-12-20T09:17:25.702-0800][57196147ms] GC(4520)   Pre Evacuate Collection Set: 0.0ms
[2023-12-20T09:17:25.702-0800][57196147ms] GC(4520)   Evacuate Collection Set: 31.1ms
[2023-12-20T09:17:25.702-0800][57196147ms] GC(4520)   Post Evacuate Collection Set: 2.5ms
[2023-12-20T09:17:25.702-0800][57196147ms] GC(4520)   Other: 0.4ms
[2023-12-20T09:17:25.702-0800][57196147ms] GC(4520) Eden regions: 752->0(753)
[2023-12-20T09:17:25.702-0800][57196147ms] GC(4520) Survivor regions: 31->30(98)
[2023-12-20T09:17:25.702-0800][57196147ms] GC(4520) Old regions: 199->199
[2023-12-20T09:17:25.702-0800][57196147ms] GC(4520) Humongous regions: 5->5
[2023-12-20T09:17:25.702-0800][57196147ms] GC(4520) Metaspace: 256623K->256623K(1294336K)
[2023-12-20T09:17:25.702-0800][57196147ms] GC(4520) Pause Young (Normal) (G1 Evacuation Pause) 1971M->465M(2612M) 34.216ms
[2023-12-20T09:17:25.702-0800][57196147ms] GC(4520) User=0.16s Sys=0.00s Real=0.03s
[2023-12-20T09:17:26.593-0800][57197038ms] GC(4521) Pause Young (Normal) (G1 Evacuation Pause)
[2023-12-20T09:17:26.593-0800][57197038ms] GC(4521) Using 10 workers of 10 for evacuation
[2023-12-20T09:17:26.623-0800][57197068ms] GC(4521)   Pre Evacuate Collection Set: 0.1ms
[2023-12-20T09:17:26.623-0800][57197068ms] GC(4521)   Evacuate Collection Set: 27.9ms
[2023-12-20T09:17:26.623-0800][57197068ms] GC(4521)   Post Evacuate Collection Set: 2.6ms
[2023-12-20T09:17:26.623-0800][57197068ms] GC(4521)   Other: 0.4ms
[2023-12-20T09:17:26.623-0800][57197068ms] GC(4521) Eden regions: 753->0(753)
[2023-12-20T09:17:26.623-0800][57197068ms] GC(4521) Survivor regions: 30->30(98)
[2023-12-20T09:17:26.623-0800][57197068ms] GC(4521) Old regions: 199->199
[2023-12-20T09:17:26.623-0800][57197068ms] GC(4521) Humongous regions: 5->5
[2023-12-20T09:17:26.623-0800][57197068ms] GC(4521) Metaspace: 256623K->256623K(1294336K)
[2023-12-20T09:17:26.623-0800][57197068ms] GC(4521) Pause Young (Normal) (G1 Evacuation Pause) 1971M->465M(2612M) 31.251ms
[2023-12-20T09:17:26.623-0800][57197068ms] GC(4521) User=0.16s Sys=0.00s Real=0.03s
[2023-12-20T09:17:27.493-0800][57197938ms] GC(4522) Pause Young (Normal) (G1 Evacuation Pause)
[2023-12-20T09:17:27.493-0800][57197938ms] GC(4522) Using 10 workers of 10 for evacuation
[2023-12-20T09:17:27.522-0800][57197967ms] GC(4522)   Pre Evacuate Collection Set: 0.0ms
[2023-12-20T09:17:27.522-0800][57197967ms] GC(4522)   Evacuate Collection Set: 26.8ms
[2023-12-20T09:17:27.522-0800][57197967ms] GC(4522)   Post Evacuate Collection Set: 2.4ms
[2023-12-20T09:17:27.522-0800][57197967ms] GC(4522)   Other: 0.4ms
[2023-12-20T09:17:27.522-0800][57197967ms] GC(4522) Eden regions: 753->0(753)
[2023-12-20T09:17:27.522-0800][57197967ms] GC(4522) Survivor regions: 30->30(98)
[2023-12-20T09:17:27.522-0800][57197967ms] GC(4522) Old regions: 199->199
[2023-12-20T09:17:27.522-0800][57197967ms] GC(4522) Humongous regions: 5->5
[2023-12-20T09:17:27.522-0800][57197967ms] GC(4522) Metaspace: 256623K->256623K(1294336K)
[2023-12-20T09:17:27.522-0800][57197967ms] GC(4522) Pause Young (Normal) (G1 Evacuation Pause) 1971M->466M(2612M) 29.689ms
[2023-12-20T09:17:27.522-0800][57197967ms] GC(4522) User=0.09s Sys=0.00s Real=0.03s
[2023-12-20T09:17:28.411-0800][57198856ms] GC(4523) Pause Young (Normal) (G1 Evacuation Pause)
[2023-12-20T09:17:28.411-0800][57198856ms] GC(4523) Using 10 workers of 10 for evacuation
[2023-12-20T09:17:28.443-0800][57198888ms] GC(4523)   Pre Evacuate Collection Set: 0.0ms
[2023-12-20T09:17:28.443-0800][57198888ms] GC(4523)   Evacuate Collection Set: 28.5ms
[2023-12-20T09:17:28.443-0800][57198888ms] GC(4523)   Post Evacuate Collection Set: 2.9ms
[2023-12-20T09:17:28.443-0800][57198888ms] GC(4523)   Other: 0.4ms
[2023-12-20T09:17:28.443-0800][57198888ms] GC(4523) Eden regions: 753->0(753)
[2023-12-20T09:17:28.443-0800][57198888ms] GC(4523) Survivor regions: 30->30(98)
[2023-12-20T09:17:28.443-0800][57198888ms] GC(4523) Old regions: 199->199
[2023-12-20T09:17:28.443-0800][57198888ms] GC(4523) Humongous regions: 5->5
[2023-12-20T09:17:28.443-0800][57198888ms] GC(4523) Metaspace: 256623K->256623K(1294336K)
[2023-12-20T09:17:28.443-0800][57198888ms] GC(4523) Pause Young (Normal) (G1 Evacuation Pause) 1972M->466M(2612M) 31.886ms
[2023-12-20T09:17:28.443-0800][57198888ms] GC(4523) User=0.09s Sys=0.00s Real=0.03s
[2023-12-20T09:17:29.264-0800][57199709ms] GC(4524) Pause Young (Normal) (G1 Evacuation Pause)
[2023-12-20T09:17:29.265-0800][57199710ms] GC(4524) Using 10 workers of 10 for evacuation
[2023-12-20T09:17:29.294-0800][57199739ms] GC(4524)   Pre Evacuate Collection Set: 0.1ms
[2023-12-20T09:17:29.294-0800][57199739ms] GC(4524)   Evacuate Collection Set: 26.5ms
[2023-12-20T09:17:29.294-0800][57199739ms] GC(4524)   Post Evacuate Collection Set: 2.4ms
[2023-12-20T09:17:29.294-0800][57199739ms] GC(4524)   Other: 0.4ms
[2023-12-20T09:17:29.294-0800][57199739ms] GC(4524) Eden regions: 753->0(752)
[2023-12-20T09:17:29.294-0800][57199739ms] GC(4524) Survivor regions: 30->31(98)
[2023-12-20T09:17:29.294-0800][57199739ms] GC(4524) Old regions: 199->199
[2023-12-20T09:17:29.294-0800][57199739ms] GC(4524) Humongous regions: 5->5
[2023-12-20T09:17:29.294-0800][57199739ms] GC(4524) Metaspace: 256623K->256623K(1294336K)
[2023-12-20T09:17:29.294-0800][57199739ms] GC(4524) Pause Young (Normal) (G1 Evacuation Pause) 1972M->467M(2612M) 29.506ms
[2023-12-20T09:17:29.294-0800][57199739ms] GC(4524) User=0.06s Sys=0.00s Real=0.03s
[2023-12-20T09:17:30.139-0800][57200584ms] GC(4525) Pause Young (Normal) (G1 Evacuation Pause)
[2023-12-20T09:17:30.139-0800][57200584ms] GC(4525) Using 10 workers of 10 for evacuation
[2023-12-20T09:17:30.170-0800][57200615ms] GC(4525)   Pre Evacuate Collection Set: 0.0ms
[2023-12-20T09:17:30.170-0800][57200615ms] GC(4525)   Evacuate Collection Set: 27.6ms
[2023-12-20T09:17:30.170-0800][57200615ms] GC(4525)   Post Evacuate Collection Set: 3.1ms
[2023-12-20T09:17:30.170-0800][57200615ms] GC(4525)   Other: 0.4ms
[2023-12-20T09:17:30.170-0800][57200615ms] GC(4525) Eden regions: 752->0(753)
[2023-12-20T09:17:30.170-0800][57200615ms] GC(4525) Survivor regions: 31->30(98)
[2023-12-20T09:17:30.170-0800][57200615ms] GC(4525) Old regions: 199->199
[2023-12-20T09:17:30.170-0800][57200615ms] GC(4525) Humongous regions: 5->5
[2023-12-20T09:17:30.170-0800][57200615ms] GC(4525) Metaspace: 256623K->256623K(1294336K)
[2023-12-20T09:17:30.170-0800][57200615ms] GC(4525) Pause Young (Normal) (G1 Evacuation Pause) 1971M->466M(2612M) 31.261ms
[2023-12-20T09:17:30.170-0800][57200615ms] GC(4525) User=0.16s Sys=0.00s Real=0.03s
[2023-12-20T09:17:30.969-0800][57201414ms] GC(4526) Pause Young (Normal) (G1 Evacuation Pause)
[2023-12-20T09:17:30.969-0800][57201414ms] GC(4526) Using 10 workers of 10 for evacuation
[2023-12-20T09:17:31.001-0800][57201446ms] GC(4526)   Pre Evacuate Collection Set: 0.0ms
[2023-12-20T09:17:31.001-0800][57201446ms] GC(4526)   Evacuate Collection Set: 29.4ms
[2023-12-20T09:17:31.001-0800][57201446ms] GC(4526)   Post Evacuate Collection Set: 2.6ms
[2023-12-20T09:17:31.001-0800][57201446ms] GC(4526)   Other: 0.4ms
[2023-12-20T09:17:31.001-0800][57201446ms] GC(4526) Eden regions: 753->0(753)
[2023-12-20T09:17:31.001-0800][57201446ms] GC(4526) Survivor regions: 30->30(98)
[2023-12-20T09:17:31.001-0800][57201446ms] GC(4526) Old regions: 199->199
[2023-12-20T09:17:31.001-0800][57201446ms] GC(4526) Humongous regions: 5->5
[2023-12-20T09:17:31.001-0800][57201446ms] GC(4526) Metaspace: 256623K->256623K(1294336K)
[2023-12-20T09:17:31.001-0800][57201446ms] GC(4526) Pause Young (Normal) (G1 Evacuation Pause) 1972M->467M(2612M) 32.599ms
[2023-12-20T09:17:31.001-0800][57201446ms] GC(4526) User=0.14s Sys=0.00s Real=0.03s
[2023-12-20T09:17:31.798-0800][57202243ms] GC(4527) Pause Young (Normal) (G1 Evacuation Pause)
[2023-12-20T09:17:31.798-0800][57202243ms] GC(4527) Using 10 workers of 10 for evacuation
[2023-12-20T09:17:31.831-0800][57202276ms] GC(4527)   Pre Evacuate Collection Set: 0.0ms
[2023-12-20T09:17:31.831-0800][57202276ms] GC(4527)   Evacuate Collection Set: 30.4ms
[2023-12-20T09:17:31.831-0800][57202276ms] GC(4527)   Post Evacuate Collection Set: 3.0ms
[2023-12-20T09:17:31.831-0800][57202276ms] GC(4527)   Other: 0.4ms
[2023-12-20T09:17:31.831-0800][57202276ms] GC(4527) Eden regions: 753->0(753)
[2023-12-20T09:17:31.831-0800][57202276ms] GC(4527) Survivor regions: 30->30(98)
[2023-12-20T09:17:31.831-0800][57202276ms] GC(4527) Old regions: 199->199
[2023-12-20T09:17:31.831-0800][57202276ms] GC(4527) Humongous regions: 5->5
[2023-12-20T09:17:31.831-0800][57202276ms] GC(4527) Metaspace: 256623K->256623K(1294336K)
[2023-12-20T09:17:31.831-0800][57202276ms] GC(4527) Pause Young (Normal) (G1 Evacuation Pause) 1973M->467M(2612M) 33.977ms
[2023-12-20T09:17:31.831-0800][57202276ms] GC(4527) User=0.05s Sys=0.00s Real=0.03s
[2023-12-20T09:17:32.451-0800][57202896ms] GC(4528) Pause Young (Normal) (G1 Evacuation Pause)
[2023-12-20T09:17:32.451-0800][57202896ms] GC(4528) Using 10 workers of 10 for evacuation
[2023-12-20T09:17:32.481-0800][57202926ms] GC(4528)   Pre Evacuate Collection Set: 0.1ms
[2023-12-20T09:17:32.481-0800][57202926ms] GC(4528)   Evacuate Collection Set: 27.1ms
[2023-12-20T09:17:32.481-0800][57202926ms] GC(4528)   Post Evacuate Collection Set: 2.5ms
[2023-12-20T09:17:32.481-0800][57202926ms] GC(4528)   Other: 0.5ms
[2023-12-20T09:17:32.481-0800][57202926ms] GC(4528) Eden regions: 753->0(753)
[2023-12-20T09:17:32.481-0800][57202926ms] GC(4528) Survivor regions: 30->30(98)
[2023-12-20T09:17:32.481-0800][57202926ms] GC(4528) Old regions: 199->199
[2023-12-20T09:17:32.481-0800][57202926ms] GC(4528) Humongous regions: 5->5
[2023-12-20T09:17:32.481-0800][57202926ms] GC(4528) Metaspace: 256623K->256623K(1294336K)
[2023-12-20T09:17:32.481-0800][57202926ms] GC(4528) Pause Young (Normal) (G1 Evacuation Pause) 1973M->466M(2612M) 30.259ms
[2023-12-20T09:17:32.481-0800][57202926ms] GC(4528) User=0.09s Sys=0.00s Real=0.03s
[2023-12-20T09:17:33.128-0800][57203573ms] GC(4529) Pause Young (Normal) (G1 Evacuation Pause)
[2023-12-20T09:17:33.128-0800][57203573ms] GC(4529) Using 10 workers of 10 for evacuation
[2023-12-20T09:17:33.157-0800][57203602ms] GC(4529)   Pre Evacuate Collection Set: 0.0ms
[2023-12-20T09:17:33.157-0800][57203602ms] GC(4529)   Evacuate Collection Set: 26.5ms
[2023-12-20T09:17:33.157-0800][57203602ms] GC(4529)   Post Evacuate Collection Set: 2.6ms
[2023-12-20T09:17:33.157-0800][57203602ms] GC(4529)   Other: 0.3ms
[2023-12-20T09:17:33.157-0800][57203602ms] GC(4529) Eden regions: 753->0(753)
[2023-12-20T09:17:33.157-0800][57203602ms] GC(4529) Survivor regions: 30->30(98)
[2023-12-20T09:17:33.157-0800][57203602ms] GC(4529) Old regions: 199->199
[2023-12-20T09:17:33.157-0800][57203602ms] GC(4529) Humongous regions: 5->5
[2023-12-20T09:17:33.157-0800][57203602ms] GC(4529) Metaspace: 256623K->256623K(1294336K)
[2023-12-20T09:17:33.157-0800][57203602ms] GC(4529) Pause Young (Normal) (G1 Evacuation Pause) 1972M->467M(2612M) 29.552ms
[2023-12-20T09:17:33.157-0800][57203602ms] GC(4529) User=0.13s Sys=0.00s Real=0.03s
[2023-12-20T09:17:33.861-0800][57204306ms] GC(4530) Pause Young (Normal) (G1 Evacuation Pause)
[2023-12-20T09:17:33.861-0800][57204306ms] GC(4530) Using 10 workers of 10 for evacuation
[2023-12-20T09:17:33.894-0800][57204339ms] GC(4530)   Pre Evacuate Collection Set: 0.0ms
[2023-12-20T09:17:33.894-0800][57204339ms] GC(4530)   Evacuate Collection Set: 31.1ms
[2023-12-20T09:17:33.894-0800][57204339ms] GC(4530)   Post Evacuate Collection Set: 2.3ms
[2023-12-20T09:17:33.894-0800][57204339ms] GC(4530)   Other: 0.4ms
[2023-12-20T09:17:33.894-0800][57204339ms] GC(4530) Eden regions: 753->0(753)
[2023-12-20T09:17:33.894-0800][57204339ms] GC(4530) Survivor regions: 30->30(98)
[2023-12-20T09:17:33.894-0800][57204339ms] GC(4530) Old regions: 199->199
[2023-12-20T09:17:33.894-0800][57204339ms] GC(4530) Humongous regions: 5->5
[2023-12-20T09:17:33.894-0800][57204339ms] GC(4530) Metaspace: 256623K->256623K(1294336K)
[2023-12-20T09:17:33.894-0800][57204339ms] GC(4530) Pause Young (Normal) (G1 Evacuation Pause) 1973M->466M(2612M) 33.971ms
[2023-12-20T09:17:33.894-0800][57204339ms] GC(4530) User=0.06s Sys=0.00s Real=0.03s
[2023-12-20T09:17:34.731-0800][57205176ms] GC(4531) Pause Young (Normal) (G1 Evacuation Pause)
[2023-12-20T09:17:34.731-0800][57205176ms] GC(4531) Using 10 workers of 10 for evacuation
[2023-12-20T09:17:34.762-0800][57205207ms] GC(4531)   Pre Evacuate Collection Set: 0.1ms
[2023-12-20T09:17:34.762-0800][57205207ms] GC(4531)   Evacuate Collection Set: 28.3ms
[2023-12-20T09:17:34.762-0800][57205207ms] GC(4531)   Post Evacuate Collection Set: 2.4ms
[2023-12-20T09:17:34.762-0800][57205207ms] GC(4531)   Other: 0.4ms
[2023-12-20T09:17:34.762-0800][57205207ms] GC(4531) Eden regions: 753->0(753)
[2023-12-20T09:17:34.762-0800][57205207ms] GC(4531) Survivor regions: 30->30(98)
[2023-12-20T09:17:34.762-0800][57205207ms] GC(4531) Old regions: 199->199
[2023-12-20T09:17:34.762-0800][57205207ms] GC(4531) Humongous regions: 5->5
[2023-12-20T09:17:34.762-0800][57205207ms] GC(4531) Metaspace: 256623K->256623K(1294336K)
[2023-12-20T09:17:34.762-0800][57205207ms] GC(4531) Pause Young (Normal) (G1 Evacuation Pause) 1972M->466M(2612M) 31.334ms
[2023-12-20T09:17:34.762-0800][57205207ms] GC(4531) User=0.09s Sys=0.00s Real=0.03s
[2023-12-20T09:17:35.548-0800][57205993ms] GC(4532) Pause Young (Normal) (G1 Evacuation Pause)
[2023-12-20T09:17:35.548-0800][57205993ms] GC(4532) Using 10 workers of 10 for evacuation
[2023-12-20T09:17:35.577-0800][57206022ms] GC(4532)   Pre Evacuate Collection Set: 0.0ms
[2023-12-20T09:17:35.577-0800][57206022ms] GC(4532)   Evacuate Collection Set: 27.1ms
[2023-12-20T09:17:35.577-0800][57206022ms] GC(4532)   Post Evacuate Collection Set: 2.4ms
[2023-12-20T09:17:35.577-0800][57206022ms] GC(4532)   Other: 0.4ms
[2023-12-20T09:17:35.577-0800][57206022ms] GC(4532) Eden regions: 753->0(753)
[2023-12-20T09:17:35.577-0800][57206022ms] GC(4532) Survivor regions: 30->30(98)
[2023-12-20T09:17:35.577-0800][57206022ms] GC(4532) Old regions: 199->199
[2023-12-20T09:17:35.577-0800][57206022ms] GC(4532) Humongous regions: 5->5
[2023-12-20T09:17:35.577-0800][57206022ms] GC(4532) Metaspace: 256623K->256623K(1294336K)
[2023-12-20T09:17:35.577-0800][57206022ms] GC(4532) Pause Young (Normal) (G1 Evacuation Pause) 1972M->467M(2612M) 30.054ms
[2023-12-20T09:17:35.577-0800][57206022ms] GC(4532) User=0.08s Sys=0.00s Real=0.03s
[2023-12-20T09:17:36.150-0800][57206595ms] GC(4533) Pause Young (Normal) (G1 Evacuation Pause)
[2023-12-20T09:17:36.150-0800][57206595ms] GC(4533) Using 10 workers of 10 for evacuation
[2023-12-20T09:17:36.180-0800][57206625ms] GC(4533)   Pre Evacuate Collection Set: 0.1ms
[2023-12-20T09:17:36.180-0800][57206625ms] GC(4533)   Evacuate Collection Set: 27.1ms
[2023-12-20T09:17:36.180-0800][57206625ms] GC(4533)   Post Evacuate Collection Set: 2.5ms
[2023-12-20T09:17:36.180-0800][57206625ms] GC(4533)   Other: 0.5ms
[2023-12-20T09:17:36.180-0800][57206625ms] GC(4533) Eden regions: 753->0(753)
[2023-12-20T09:17:36.180-0800][57206625ms] GC(4533) Survivor regions: 30->30(98)
[2023-12-20T09:17:36.180-0800][57206625ms] GC(4533) Old regions: 199->199
[2023-12-20T09:17:36.180-0800][57206625ms] GC(4533) Humongous regions: 5->5
[2023-12-20T09:17:36.180-0800][57206625ms] GC(4533) Metaspace: 256623K->256623K(1294336K)
[2023-12-20T09:17:36.180-0800][57206625ms] GC(4533) Pause Young (Normal) (G1 Evacuation Pause) 1973M->466M(2612M) 30.336ms
[2023-12-20T09:17:36.180-0800][57206625ms] GC(4533) User=0.11s Sys=0.00s Real=0.03s
[2023-12-20T09:17:37.054-0800][57207500ms] GC(4534) Pause Young (Normal) (G1 Evacuation Pause)
[2023-12-20T09:17:37.055-0800][57207500ms] GC(4534) Using 10 workers of 10 for evacuation
[2023-12-20T09:17:37.084-0800][57207529ms] GC(4534)   Pre Evacuate Collection Set: 0.0ms
[2023-12-20T09:17:37.084-0800][57207529ms] GC(4534)   Evacuate Collection Set: 26.2ms
[2023-12-20T09:17:37.084-0800][57207529ms] GC(4534)   Post Evacuate Collection Set: 2.7ms
[2023-12-20T09:17:37.084-0800][57207529ms] GC(4534)   Other: 0.4ms
[2023-12-20T09:17:37.084-0800][57207529ms] GC(4534) Eden regions: 753->0(753)
[2023-12-20T09:17:37.084-0800][57207529ms] GC(4534) Survivor regions: 30->30(98)
[2023-12-20T09:17:37.084-0800][57207529ms] GC(4534) Old regions: 199->199
[2023-12-20T09:17:37.084-0800][57207529ms] GC(4534) Humongous regions: 5->5
[2023-12-20T09:17:37.084-0800][57207529ms] GC(4534) Metaspace: 256623K->256623K(1294336K)
[2023-12-20T09:17:37.084-0800][57207529ms] GC(4534) Pause Young (Normal) (G1 Evacuation Pause) 1972M->467M(2612M) 29.367ms
[2023-12-20T09:17:37.084-0800][57207529ms] GC(4534) User=0.03s Sys=0.00s Real=0.03s
[2023-12-20T09:17:38.051-0800][57208496ms] GC(4535) Pause Young (Normal) (G1 Evacuation Pause)
[2023-12-20T09:17:38.051-0800][57208496ms] GC(4535) Using 10 workers of 10 for evacuation
[2023-12-20T09:17:38.081-0800][57208526ms] GC(4535)   Pre Evacuate Collection Set: 0.0ms
[2023-12-20T09:17:38.081-0800][57208526ms] GC(4535)   Evacuate Collection Set: 27.1ms
[2023-12-20T09:17:38.081-0800][57208526ms] GC(4535)   Post Evacuate Collection Set: 2.5ms
[2023-12-20T09:17:38.081-0800][57208526ms] GC(4535)   Other: 0.4ms
[2023-12-20T09:17:38.081-0800][57208526ms] GC(4535) Eden regions: 753->0(753)
[2023-12-20T09:17:38.081-0800][57208526ms] GC(4535) Survivor regions: 30->30(98)
[2023-12-20T09:17:38.081-0800][57208526ms] GC(4535) Old regions: 199->199
[2023-12-20T09:17:38.081-0800][57208526ms] GC(4535) Humongous regions: 5->5
[2023-12-20T09:17:38.081-0800][57208526ms] GC(4535) Metaspace: 256623K->256623K(1294336K)
[2023-12-20T09:17:38.081-0800][57208526ms] GC(4535) Pause Young (Normal) (G1 Evacuation Pause) 1973M->467M(2612M) 30.126ms
[2023-12-20T09:17:38.081-0800][57208526ms] GC(4535) User=0.05s Sys=0.00s Real=0.03s
[2023-12-20T09:17:38.922-0800][57209367ms] GC(4536) Pause Young (Normal) (G1 Evacuation Pause)
[2023-12-20T09:17:38.922-0800][57209367ms] GC(4536) Using 10 workers of 10 for evacuation
[2023-12-20T09:17:38.955-0800][57209400ms] GC(4536)   Pre Evacuate Collection Set: 0.0ms
[2023-12-20T09:17:38.955-0800][57209400ms] GC(4536)   Evacuate Collection Set: 29.4ms
[2023-12-20T09:17:38.955-0800][57209400ms] GC(4536)   Post Evacuate Collection Set: 3.1ms
[2023-12-20T09:17:38.955-0800][57209400ms] GC(4536)   Other: 0.4ms
[2023-12-20T09:17:38.955-0800][57209400ms] GC(4536) Eden regions: 753->0(753)
[2023-12-20T09:17:38.955-0800][57209400ms] GC(4536) Survivor regions: 30->30(98)
[2023-12-20T09:17:38.955-0800][57209400ms] GC(4536) Old regions: 199->199
[2023-12-20T09:17:38.955-0800][57209400ms] GC(4536) Humongous regions: 5->5
[2023-12-20T09:17:38.955-0800][57209400ms] GC(4536) Metaspace: 256623K->256623K(1294336K)
[2023-12-20T09:17:38.955-0800][57209400ms] GC(4536) Pause Young (Normal) (G1 Evacuation Pause) 1973M->466M(2612M) 33.043ms
[2023-12-20T09:17:38.955-0800][57209400ms] GC(4536) User=0.14s Sys=0.00s Real=0.03s
[2023-12-20T09:17:39.774-0800][57210219ms] GC(4537) Pause Young (Normal) (G1 Evacuation Pause)
[2023-12-20T09:17:39.774-0800][57210219ms] GC(4537) Using 10 workers of 10 for evacuation
[2023-12-20T09:17:39.807-0800][57210252ms] GC(4537)   Pre Evacuate Collection Set: 0.0ms
[2023-12-20T09:17:39.807-0800][57210252ms] GC(4537)   Evacuate Collection Set: 29.9ms
[2023-12-20T09:17:39.807-0800][57210252ms] GC(4537)   Post Evacuate Collection Set: 3.1ms
[2023-12-20T09:17:39.807-0800][57210252ms] GC(4537)   Other: 0.4ms
[2023-12-20T09:17:39.807-0800][57210252ms] GC(4537) Eden regions: 753->0(753)
[2023-12-20T09:17:39.807-0800][57210252ms] GC(4537) Survivor regions: 30->30(98)
[2023-12-20T09:17:39.807-0800][57210252ms] GC(4537) Old regions: 199->199
[2023-12-20T09:17:39.807-0800][57210252ms] GC(4537) Humongous regions: 5->5
[2023-12-20T09:17:39.807-0800][57210252ms] GC(4537) Metaspace: 256623K->256623K(1294336K)
[2023-12-20T09:17:39.807-0800][57210252ms] GC(4537) Pause Young (Normal) (G1 Evacuation Pause) 1972M->466M(2612M) 33.454ms
[2023-12-20T09:17:39.807-0800][57210252ms] GC(4537) User=0.16s Sys=0.00s Real=0.03s
[2023-12-20T09:17:40.692-0800][57211137ms] GC(4538) Pause Young (Normal) (G1 Evacuation Pause)
[2023-12-20T09:17:40.692-0800][57211137ms] GC(4538) Using 10 workers of 10 for evacuation
[2023-12-20T09:17:40.722-0800][57211167ms] GC(4538)   Pre Evacuate Collection Set: 0.0ms
[2023-12-20T09:17:40.722-0800][57211167ms] GC(4538)   Evacuate Collection Set: 27.6ms
[2023-12-20T09:17:40.722-0800][57211167ms] GC(4538)   Post Evacuate Collection Set: 2.7ms
[2023-12-20T09:17:40.722-0800][57211167ms] GC(4538)   Other: 0.4ms
[2023-12-20T09:17:40.722-0800][57211167ms] GC(4538) Eden regions: 753->0(753)
[2023-12-20T09:17:40.722-0800][57211167ms] GC(4538) Survivor regions: 30->30(98)
[2023-12-20T09:17:40.722-0800][57211167ms] GC(4538) Old regions: 199->199
[2023-12-20T09:17:40.722-0800][57211167ms] GC(4538) Humongous regions: 5->5
[2023-12-20T09:17:40.722-0800][57211167ms] GC(4538) Metaspace: 256623K->256623K(1294336K)
[2023-12-20T09:17:40.722-0800][57211167ms] GC(4538) Pause Young (Normal) (G1 Evacuation Pause) 1972M->466M(2612M) 30.814ms
[2023-12-20T09:17:40.722-0800][57211167ms] GC(4538) User=0.13s Sys=0.00s Real=0.03s
[2023-12-20T09:17:41.547-0800][57211992ms] GC(4539) Pause Young (Normal) (G1 Evacuation Pause)
[2023-12-20T09:17:41.547-0800][57211992ms] GC(4539) Using 10 workers of 10 for evacuation
[2023-12-20T09:17:41.578-0800][57212023ms] GC(4539)   Pre Evacuate Collection Set: 0.0ms
[2023-12-20T09:17:41.578-0800][57212023ms] GC(4539)   Evacuate Collection Set: 27.4ms
[2023-12-20T09:17:41.578-0800][57212023ms] GC(4539)   Post Evacuate Collection Set: 3.9ms
[2023-12-20T09:17:41.578-0800][57212023ms] GC(4539)   Other: 0.4ms
[2023-12-20T09:17:41.578-0800][57212023ms] GC(4539) Eden regions: 753->0(753)
[2023-12-20T09:17:41.578-0800][57212023ms] GC(4539) Survivor regions: 30->30(98)
[2023-12-20T09:17:41.578-0800][57212023ms] GC(4539) Old regions: 199->199
[2023-12-20T09:17:41.578-0800][57212023ms] GC(4539) Humongous regions: 5->5
[2023-12-20T09:17:41.578-0800][57212023ms] GC(4539) Metaspace: 256623K->256623K(1294336K)
[2023-12-20T09:17:41.578-0800][57212023ms] GC(4539) Pause Young (Normal) (G1 Evacuation Pause) 1972M->467M(2612M) 31.894ms
[2023-12-20T09:17:41.578-0800][57212023ms] GC(4539) User=0.13s Sys=0.00s Real=0.03s
[2023-12-20T09:17:42.548-0800][57212993ms] GC(4540) Pause Young (Normal) (G1 Evacuation Pause)
[2023-12-20T09:17:42.548-0800][57212993ms] GC(4540) Using 10 workers of 10 for evacuation
[2023-12-20T09:17:42.580-0800][57213025ms] GC(4540)   Pre Evacuate Collection Set: 0.0ms
[2023-12-20T09:17:42.580-0800][57213025ms] GC(4540)   Evacuate Collection Set: 28.8ms
[2023-12-20T09:17:42.580-0800][57213025ms] GC(4540)   Post Evacuate Collection Set: 2.8ms
[2023-12-20T09:17:42.580-0800][57213025ms] GC(4540)   Other: 0.4ms
[2023-12-20T09:17:42.580-0800][57213025ms] GC(4540) Eden regions: 753->0(753)
[2023-12-20T09:17:42.580-0800][57213025ms] GC(4540) Survivor regions: 30->30(98)
[2023-12-20T09:17:42.580-0800][57213025ms] GC(4540) Old regions: 199->199
[2023-12-20T09:17:42.580-0800][57213025ms] GC(4540) Humongous regions: 5->5
[2023-12-20T09:17:42.580-0800][57213025ms] GC(4540) Metaspace: 256623K->256623K(1294336K)
[2023-12-20T09:17:42.580-0800][57213025ms] GC(4540) Pause Young (Normal) (G1 Evacuation Pause) 1973M->466M(2612M) 32.122ms
[2023-12-20T09:17:42.580-0800][57213025ms] GC(4540) User=0.09s Sys=0.00s Real=0.03s
[2023-12-20T09:17:43.570-0800][57214015ms] GC(4541) Pause Young (Normal) (G1 Evacuation Pause)
[2023-12-20T09:17:43.570-0800][57214015ms] GC(4541) Using 10 workers of 10 for evacuation
[2023-12-20T09:17:43.604-0800][57214049ms] GC(4541)   Pre Evacuate Collection Set: 0.1ms
[2023-12-20T09:17:43.604-0800][57214049ms] GC(4541)   Evacuate Collection Set: 29.1ms
[2023-12-20T09:17:43.604-0800][57214049ms] GC(4541)   Post Evacuate Collection Set: 3.7ms
[2023-12-20T09:17:43.604-0800][57214049ms] GC(4541)   Other: 0.5ms
[2023-12-20T09:17:43.604-0800][57214049ms] GC(4541) Eden regions: 753->0(753)
[2023-12-20T09:17:43.604-0800][57214049ms] GC(4541) Survivor regions: 30->30(98)
[2023-12-20T09:17:43.604-0800][57214049ms] GC(4541) Old regions: 199->199
[2023-12-20T09:17:43.604-0800][57214049ms] GC(4541) Humongous regions: 5->5
[2023-12-20T09:17:43.604-0800][57214049ms] GC(4541) Metaspace: 256623K->256623K(1294336K)
[2023-12-20T09:17:43.604-0800][57214049ms] GC(4541) Pause Young (Normal) (G1 Evacuation Pause) 1972M->467M(2612M) 33.663ms
[2023-12-20T09:17:43.604-0800][57214049ms] GC(4541) User=0.09s Sys=0.00s Real=0.03s
[2023-12-20T09:17:44.430-0800][57214875ms] GC(4542) Pause Young (Normal) (G1 Evacuation Pause)
[2023-12-20T09:17:44.430-0800][57214875ms] GC(4542) Using 10 workers of 10 for evacuation
[2023-12-20T09:17:44.462-0800][57214907ms] GC(4542)   Pre Evacuate Collection Set: 0.0ms
[2023-12-20T09:17:44.462-0800][57214907ms] GC(4542)   Evacuate Collection Set: 28.2ms
[2023-12-20T09:17:44.462-0800][57214907ms] GC(4542)   Post Evacuate Collection Set: 3.5ms
[2023-12-20T09:17:44.462-0800][57214907ms] GC(4542)   Other: 0.4ms
[2023-12-20T09:17:44.462-0800][57214907ms] GC(4542) Eden regions: 753->0(752)
[2023-12-20T09:17:44.462-0800][57214907ms] GC(4542) Survivor regions: 30->31(98)
[2023-12-20T09:17:44.462-0800][57214907ms] GC(4542) Old regions: 199->199
[2023-12-20T09:17:44.462-0800][57214907ms] GC(4542) Humongous regions: 5->5
[2023-12-20T09:17:44.462-0800][57214907ms] GC(4542) Metaspace: 256623K->256623K(1294336K)
[2023-12-20T09:17:44.462-0800][57214907ms] GC(4542) Pause Young (Normal) (G1 Evacuation Pause) 1973M->469M(2612M) 32.296ms
[2023-12-20T09:17:44.462-0800][57214907ms] GC(4542) User=0.08s Sys=0.00s Real=0.03s
[2023-12-20T09:17:45.419-0800][57215864ms] GC(4543) Pause Young (Normal) (GCLocker Initiated GC)
[2023-12-20T09:17:45.419-0800][57215864ms] GC(4543) Using 10 workers of 10 for evacuation
[2023-12-20T09:17:45.451-0800][57215896ms] GC(4543)   Pre Evacuate Collection Set: 0.0ms
[2023-12-20T09:17:45.451-0800][57215896ms] GC(4543)   Evacuate Collection Set: 29.3ms
[2023-12-20T09:17:45.451-0800][57215896ms] GC(4543)   Post Evacuate Collection Set: 2.6ms
[2023-12-20T09:17:45.451-0800][57215896ms] GC(4543)   Other: 0.4ms
[2023-12-20T09:17:45.451-0800][57215896ms] GC(4543) Eden regions: 753->0(752)
[2023-12-20T09:17:45.451-0800][57215896ms] GC(4543) Survivor regions: 31->31(98)
[2023-12-20T09:17:45.451-0800][57215896ms] GC(4543) Old regions: 199->199
[2023-12-20T09:17:45.451-0800][57215896ms] GC(4543) Humongous regions: 5->5
[2023-12-20T09:17:45.451-0800][57215896ms] GC(4543) Metaspace: 256623K->256623K(1294336K)
[2023-12-20T09:17:45.451-0800][57215896ms] GC(4543) Pause Young (Normal) (GCLocker Initiated GC) 1974M->468M(2612M) 32.483ms
[2023-12-20T09:17:45.451-0800][57215896ms] GC(4543) User=0.13s Sys=0.00s Real=0.03s
[2023-12-20T09:17:46.528-0800][57216973ms] GC(4544) Pause Young (Normal) (GCLocker Initiated GC)
[2023-12-20T09:17:46.528-0800][57216973ms] GC(4544) Using 10 workers of 10 for evacuation
[2023-12-20T09:17:46.558-0800][57217003ms] GC(4544)   Pre Evacuate Collection Set: 0.0ms
[2023-12-20T09:17:46.558-0800][57217003ms] GC(4544)   Evacuate Collection Set: 26.9ms
[2023-12-20T09:17:46.558-0800][57217003ms] GC(4544)   Post Evacuate Collection Set: 2.7ms
[2023-12-20T09:17:46.558-0800][57217003ms] GC(4544)   Other: 0.4ms
[2023-12-20T09:17:46.558-0800][57217003ms] GC(4544) Eden regions: 753->0(754)
[2023-12-20T09:17:46.558-0800][57217003ms] GC(4544) Survivor regions: 31->29(98)
[2023-12-20T09:17:46.558-0800][57217003ms] GC(4544) Old regions: 199->199
[2023-12-20T09:17:46.558-0800][57217003ms] GC(4544) Humongous regions: 5->5
[2023-12-20T09:17:46.558-0800][57217003ms] GC(4544) Metaspace: 256623K->256623K(1294336K)
[2023-12-20T09:17:46.558-0800][57217003ms] GC(4544) Pause Young (Normal) (GCLocker Initiated GC) 1973M->465M(2612M) 30.257ms
[2023-12-20T09:17:46.558-0800][57217003ms] GC(4544) User=0.16s Sys=0.00s Real=0.03s
[2023-12-20T09:17:47.526-0800][57217971ms] GC(4545) Pause Young (Normal) (G1 Evacuation Pause)
[2023-12-20T09:17:47.526-0800][57217971ms] GC(4545) Using 10 workers of 10 for evacuation
[2023-12-20T09:17:47.559-0800][57218004ms] GC(4545)   Pre Evacuate Collection Set: 0.1ms
[2023-12-20T09:17:47.559-0800][57218004ms] GC(4545)   Evacuate Collection Set: 28.5ms
[2023-12-20T09:17:47.559-0800][57218004ms] GC(4545)   Post Evacuate Collection Set: 3.7ms
[2023-12-20T09:17:47.559-0800][57218004ms] GC(4545)   Other: 0.6ms
[2023-12-20T09:17:47.559-0800][57218004ms] GC(4545) Eden regions: 754->0(753)
[2023-12-20T09:17:47.559-0800][57218004ms] GC(4545) Survivor regions: 29->30(98)
[2023-12-20T09:17:47.559-0800][57218004ms] GC(4545) Old regions: 199->199
[2023-12-20T09:17:47.559-0800][57218004ms] GC(4545) Humongous regions: 5->5
[2023-12-20T09:17:47.559-0800][57218004ms] GC(4545) Metaspace: 256623K->256623K(1294336K)
[2023-12-20T09:17:47.559-0800][57218004ms] GC(4545) Pause Young (Normal) (G1 Evacuation Pause) 1973M->467M(2612M) 32.978ms
[2023-12-20T09:17:47.559-0800][57218004ms] GC(4545) User=0.23s Sys=0.00s Real=0.03s
[2023-12-20T09:17:48.447-0800][57218892ms] GC(4546) Pause Young (Normal) (G1 Evacuation Pause)
[2023-12-20T09:17:48.447-0800][57218892ms] GC(4546) Using 10 workers of 10 for evacuation
[2023-12-20T09:17:48.477-0800][57218922ms] GC(4546)   Pre Evacuate Collection Set: 0.0ms
[2023-12-20T09:17:48.477-0800][57218922ms] GC(4546)   Evacuate Collection Set: 28.3ms
[2023-12-20T09:17:48.477-0800][57218922ms] GC(4546)   Post Evacuate Collection Set: 3.3ms
[2023-12-20T09:17:48.477-0800][57218922ms] GC(4546)   Other: 0.4ms
[2023-12-20T09:17:48.477-0800][57218922ms] GC(4546) Eden regions: 753->0(755)
[2023-12-20T09:17:48.479-0800][57218924ms] GC(4546) Survivor regions: 30->28(98)
[2023-12-20T09:17:48.479-0800][57218924ms] GC(4546) Old regions: 199->199
[2023-12-20T09:17:48.479-0800][57218924ms] GC(4546) Humongous regions: 5->5
[2023-12-20T09:17:48.479-0800][57218924ms] GC(4546) Metaspace: 256623K->256623K(1294336K)
[2023-12-20T09:17:48.479-0800][57218924ms] GC(4546) Pause Young (Normal) (G1 Evacuation Pause) 1973M->463M(2612M) 32.202ms
[2023-12-20T09:17:48.479-0800][57218924ms] GC(4546) User=0.11s Sys=0.00s Real=0.03s
[2023-12-20T09:17:49.487-0800][57219932ms] GC(4547) Pause Young (Normal) (G1 Evacuation Pause)
[2023-12-20T09:17:49.487-0800][57219932ms] GC(4547) Using 10 workers of 10 for evacuation
[2023-12-20T09:17:49.517-0800][57219962ms] GC(4547)   Pre Evacuate Collection Set: 0.0ms
[2023-12-20T09:17:49.517-0800][57219962ms] GC(4547)   Evacuate Collection Set: 27.7ms
[2023-12-20T09:17:49.517-0800][57219962ms] GC(4547)   Post Evacuate Collection Set: 2.5ms
[2023-12-20T09:17:49.517-0800][57219962ms] GC(4547)   Other: 0.4ms
[2023-12-20T09:17:49.517-0800][57219962ms] GC(4547) Eden regions: 755->0(753)
[2023-12-20T09:17:49.517-0800][57219962ms] GC(4547) Survivor regions: 28->30(98)
[2023-12-20T09:17:49.517-0800][57219962ms] GC(4547) Old regions: 199->199
[2023-12-20T09:17:49.517-0800][57219962ms] GC(4547) Humongous regions: 5->5
[2023-12-20T09:17:49.517-0800][57219962ms] GC(4547) Metaspace: 256623K->256623K(1294336K)
[2023-12-20T09:17:49.517-0800][57219962ms] GC(4547) Pause Young (Normal) (G1 Evacuation Pause) 1973M->467M(2612M) 30.689ms
[2023-12-20T09:17:49.517-0800][57219962ms] GC(4547) User=0.06s Sys=0.00s Real=0.03s
[2023-12-20T09:17:50.426-0800][57220871ms] GC(4548) Pause Young (Normal) (G1 Evacuation Pause)
[2023-12-20T09:17:50.426-0800][57220871ms] GC(4548) Using 10 workers of 10 for evacuation
[2023-12-20T09:17:50.456-0800][57220901ms] GC(4548)   Pre Evacuate Collection Set: 0.0ms
[2023-12-20T09:17:50.456-0800][57220901ms] GC(4548)   Evacuate Collection Set: 27.4ms
[2023-12-20T09:17:50.456-0800][57220901ms] GC(4548)   Post Evacuate Collection Set: 2.6ms
[2023-12-20T09:17:50.456-0800][57220901ms] GC(4548)   Other: 0.4ms
[2023-12-20T09:17:50.456-0800][57220901ms] GC(4548) Eden regions: 753->0(753)
[2023-12-20T09:17:50.456-0800][57220901ms] GC(4548) Survivor regions: 30->30(98)
[2023-12-20T09:17:50.456-0800][57220901ms] GC(4548) Old regions: 199->199
[2023-12-20T09:17:50.456-0800][57220901ms] GC(4548) Humongous regions: 5->5
[2023-12-20T09:17:50.456-0800][57220901ms] GC(4548) Metaspace: 256623K->256623K(1294336K)
[2023-12-20T09:17:50.456-0800][57220901ms] GC(4548) Pause Young (Normal) (G1 Evacuation Pause) 1973M->466M(2612M) 30.508ms
[2023-12-20T09:17:50.456-0800][57220901ms] GC(4548) User=0.08s Sys=0.00s Real=0.03s
[2023-12-20T09:17:51.328-0800][57221773ms] GC(4549) Pause Young (Normal) (G1 Evacuation Pause)
[2023-12-20T09:17:51.328-0800][57221773ms] GC(4549) Using 10 workers of 10 for evacuation
[2023-12-20T09:17:51.363-0800][57221808ms] GC(4549)   Pre Evacuate Collection Set: 0.0ms
[2023-12-20T09:17:51.363-0800][57221808ms] GC(4549)   Evacuate Collection Set: 26.7ms
[2023-12-20T09:17:51.363-0800][57221808ms] GC(4549)   Post Evacuate Collection Set: 7.1ms
[2023-12-20T09:17:51.363-0800][57221808ms] GC(4549)   Other: 0.4ms
[2023-12-20T09:17:51.363-0800][57221808ms] GC(4549) Eden regions: 753->0(753)
[2023-12-20T09:17:51.363-0800][57221808ms] GC(4549) Survivor regions: 30->30(98)
[2023-12-20T09:17:51.363-0800][57221808ms] GC(4549) Old regions: 199->199
[2023-12-20T09:17:51.363-0800][57221808ms] GC(4549) Humongous regions: 5->5
[2023-12-20T09:17:51.363-0800][57221808ms] GC(4549) Metaspace: 256623K->256623K(1294336K)
[2023-12-20T09:17:51.363-0800][57221808ms] GC(4549) Pause Young (Normal) (G1 Evacuation Pause) 1972M->466M(2612M) 34.389ms
[2023-12-20T09:17:51.363-0800][57221808ms] GC(4549) User=0.09s Sys=0.00s Real=0.03s
[2023-12-20T09:17:52.211-0800][57222656ms] GC(4550) Pause Young (Normal) (G1 Evacuation Pause)
[2023-12-20T09:17:52.211-0800][57222656ms] GC(4550) Using 10 workers of 10 for evacuation
[2023-12-20T09:17:52.242-0800][57222687ms] GC(4550)   Pre Evacuate Collection Set: 0.0ms
[2023-12-20T09:17:52.242-0800][57222687ms] GC(4550)   Evacuate Collection Set: 28.0ms
[2023-12-20T09:17:52.242-0800][57222687ms] GC(4550)   Post Evacuate Collection Set: 3.0ms
[2023-12-20T09:17:52.242-0800][57222687ms] GC(4550)   Other: 0.4ms
[2023-12-20T09:17:52.242-0800][57222687ms] GC(4550) Eden regions: 753->0(753)
[2023-12-20T09:17:52.242-0800][57222687ms] GC(4550) Survivor regions: 30->30(98)
[2023-12-20T09:17:52.242-0800][57222687ms] GC(4550) Old regions: 199->199
[2023-12-20T09:17:52.242-0800][57222687ms] GC(4550) Humongous regions: 5->5
[2023-12-20T09:17:52.242-0800][57222687ms] GC(4550) Metaspace: 256623K->256623K(1294336K)
[2023-12-20T09:17:52.242-0800][57222687ms] GC(4550) Pause Young (Normal) (G1 Evacuation Pause) 1972M->467M(2612M) 31.534ms
[2023-12-20T09:17:52.242-0800][57222687ms] GC(4550) User=0.08s Sys=0.00s Real=0.03s
[2023-12-20T09:17:53.078-0800][57223523ms] GC(4551) Pause Young (Normal) (G1 Evacuation Pause)
[2023-12-20T09:17:53.078-0800][57223523ms] GC(4551) Using 10 workers of 10 for evacuation
[2023-12-20T09:17:53.107-0800][57223553ms] GC(4551)   Pre Evacuate Collection Set: 0.0ms
[2023-12-20T09:17:53.108-0800][57223553ms] GC(4551)   Evacuate Collection Set: 26.7ms
[2023-12-20T09:17:53.108-0800][57223553ms] GC(4551)   Post Evacuate Collection Set: 2.8ms
[2023-12-20T09:17:53.108-0800][57223553ms] GC(4551)   Other: 0.5ms
[2023-12-20T09:17:53.108-0800][57223553ms] GC(4551) Eden regions: 753->0(753)
[2023-12-20T09:17:53.108-0800][57223553ms] GC(4551) Survivor regions: 30->30(98)
[2023-12-20T09:17:53.108-0800][57223553ms] GC(4551) Old regions: 199->199
[2023-12-20T09:17:53.108-0800][57223553ms] GC(4551) Humongous regions: 5->5
[2023-12-20T09:17:53.108-0800][57223553ms] GC(4551) Metaspace: 256623K->256623K(1294336K)
[2023-12-20T09:17:53.108-0800][57223553ms] GC(4551) Pause Young (Normal) (G1 Evacuation Pause) 1973M->466M(2612M) 30.291ms
[2023-12-20T09:17:53.108-0800][57223553ms] GC(4551) User=0.06s Sys=0.00s Real=0.03s
[2023-12-20T09:17:54.053-0800][57224498ms] GC(4552) Pause Young (Normal) (G1 Evacuation Pause)
[2023-12-20T09:17:54.053-0800][57224498ms] GC(4552) Using 10 workers of 10 for evacuation
[2023-12-20T09:17:54.085-0800][57224530ms] GC(4552)   Pre Evacuate Collection Set: 0.0ms
[2023-12-20T09:17:54.085-0800][57224530ms] GC(4552)   Evacuate Collection Set: 28.8ms
[2023-12-20T09:17:54.085-0800][57224530ms] GC(4552)   Post Evacuate Collection Set: 2.9ms
[2023-12-20T09:17:54.085-0800][57224530ms] GC(4552)   Other: 0.4ms
[2023-12-20T09:17:54.085-0800][57224530ms] GC(4552) Eden regions: 753->0(754)
[2023-12-20T09:17:54.085-0800][57224530ms] GC(4552) Survivor regions: 30->29(98)
[2023-12-20T09:17:54.085-0800][57224530ms] GC(4552) Old regions: 199->199
[2023-12-20T09:17:54.085-0800][57224530ms] GC(4552) Humongous regions: 5->5
[2023-12-20T09:17:54.085-0800][57224530ms] GC(4552) Metaspace: 256623K->256623K(1294336K)
[2023-12-20T09:17:54.085-0800][57224530ms] GC(4552) Pause Young (Normal) (G1 Evacuation Pause) 1972M->465M(2612M) 32.148ms
[2023-12-20T09:17:54.085-0800][57224530ms] GC(4552) User=0.27s Sys=0.00s Real=0.03s
[2023-12-20T09:17:54.996-0800][57225441ms] GC(4553) Pause Young (Normal) (G1 Evacuation Pause)
[2023-12-20T09:17:54.996-0800][57225441ms] GC(4553) Using 10 workers of 10 for evacuation
[2023-12-20T09:17:55.027-0800][57225472ms] GC(4553)   Pre Evacuate Collection Set: 0.0ms
[2023-12-20T09:17:55.027-0800][57225472ms] GC(4553)   Evacuate Collection Set: 27.6ms
[2023-12-20T09:17:55.027-0800][57225472ms] GC(4553)   Post Evacuate Collection Set: 3.3ms
[2023-12-20T09:17:55.027-0800][57225472ms] GC(4553)   Other: 0.4ms
[2023-12-20T09:17:55.027-0800][57225472ms] GC(4553) Eden regions: 754->0(754)
[2023-12-20T09:17:55.027-0800][57225472ms] GC(4553) Survivor regions: 29->29(98)
[2023-12-20T09:17:55.027-0800][57225472ms] GC(4553) Old regions: 199->199
[2023-12-20T09:17:55.027-0800][57225472ms] GC(4553) Humongous regions: 5->5
[2023-12-20T09:17:55.027-0800][57225472ms] GC(4553) Metaspace: 256623K->256623K(1294336K)
[2023-12-20T09:17:55.027-0800][57225472ms] GC(4553) Pause Young (Normal) (G1 Evacuation Pause) 1973M->465M(2612M) 31.514ms
[2023-12-20T09:17:55.027-0800][57225472ms] GC(4553) User=0.13s Sys=0.00s Real=0.03s
[2023-12-20T09:17:55.986-0800][57226431ms] GC(4554) Pause Young (Normal) (G1 Evacuation Pause)
[2023-12-20T09:17:55.986-0800][57226431ms] GC(4554) Using 10 workers of 10 for evacuation
[2023-12-20T09:17:56.017-0800][57226462ms] GC(4554)   Pre Evacuate Collection Set: 0.0ms
[2023-12-20T09:17:56.017-0800][57226462ms] GC(4554)   Evacuate Collection Set: 28.4ms
[2023-12-20T09:17:56.017-0800][57226462ms] GC(4554)   Post Evacuate Collection Set: 2.4ms
[2023-12-20T09:17:56.017-0800][57226462ms] GC(4554)   Other: 0.4ms
[2023-12-20T09:17:56.017-0800][57226462ms] GC(4554) Eden regions: 754->0(753)
[2023-12-20T09:17:56.017-0800][57226462ms] GC(4554) Survivor regions: 29->30(98)
[2023-12-20T09:17:56.017-0800][57226462ms] GC(4554) Old regions: 199->199
[2023-12-20T09:17:56.017-0800][57226462ms] GC(4554) Humongous regions: 5->5
[2023-12-20T09:17:56.017-0800][57226462ms] GC(4554) Metaspace: 256623K->256623K(1294336K)
[2023-12-20T09:17:56.017-0800][57226462ms] GC(4554) Pause Young (Normal) (G1 Evacuation Pause) 1973M->466M(2612M) 31.296ms
[2023-12-20T09:17:56.017-0800][57226462ms] GC(4554) User=0.14s Sys=0.00s Real=0.03s
[2023-12-20T09:17:56.932-0800][57227377ms] GC(4555) Pause Young (Normal) (G1 Evacuation Pause)
[2023-12-20T09:17:56.932-0800][57227377ms] GC(4555) Using 10 workers of 10 for evacuation
[2023-12-20T09:17:56.962-0800][57227407ms] GC(4555)   Pre Evacuate Collection Set: 0.0ms
[2023-12-20T09:17:56.962-0800][57227407ms] GC(4555)   Evacuate Collection Set: 26.3ms
[2023-12-20T09:17:56.962-0800][57227407ms] GC(4555)   Post Evacuate Collection Set: 2.9ms
[2023-12-20T09:17:56.962-0800][57227407ms] GC(4555)   Other: 0.4ms
[2023-12-20T09:17:56.962-0800][57227407ms] GC(4555) Eden regions: 753->0(753)
[2023-12-20T09:17:56.962-0800][57227407ms] GC(4555) Survivor regions: 30->30(98)
[2023-12-20T09:17:56.962-0800][57227407ms] GC(4555) Old regions: 199->199
[2023-12-20T09:17:56.962-0800][57227407ms] GC(4555) Humongous regions: 5->5
[2023-12-20T09:17:56.962-0800][57227407ms] GC(4555) Metaspace: 256623K->256623K(1294336K)
[2023-12-20T09:17:56.962-0800][57227407ms] GC(4555) Pause Young (Normal) (G1 Evacuation Pause) 1972M->467M(2612M) 29.722ms
[2023-12-20T09:17:56.962-0800][57227407ms] GC(4555) User=0.09s Sys=0.00s Real=0.03s
[2023-12-20T09:17:57.834-0800][57228279ms] GC(4556) Pause Young (Normal) (G1 Evacuation Pause)
[2023-12-20T09:17:57.834-0800][57228279ms] GC(4556) Using 10 workers of 10 for evacuation
[2023-12-20T09:17:57.865-0800][57228310ms] GC(4556)   Pre Evacuate Collection Set: 0.0ms
[2023-12-20T09:17:57.865-0800][57228310ms] GC(4556)   Evacuate Collection Set: 27.5ms
[2023-12-20T09:17:57.865-0800][57228310ms] GC(4556)   Post Evacuate Collection Set: 2.5ms
[2023-12-20T09:17:57.865-0800][57228310ms] GC(4556)   Other: 0.4ms
[2023-12-20T09:17:57.865-0800][57228310ms] GC(4556) Eden regions: 753->0(753)
[2023-12-20T09:17:57.865-0800][57228310ms] GC(4556) Survivor regions: 30->30(98)
[2023-12-20T09:17:57.865-0800][57228310ms] GC(4556) Old regions: 199->199
[2023-12-20T09:17:57.865-0800][57228310ms] GC(4556) Humongous regions: 5->5
[2023-12-20T09:17:57.865-0800][57228310ms] GC(4556) Metaspace: 256623K->256623K(1294336K)
[2023-12-20T09:17:57.865-0800][57228310ms] GC(4556) Pause Young (Normal) (G1 Evacuation Pause) 1973M->466M(2612M) 30.661ms
[2023-12-20T09:17:57.865-0800][57228310ms] GC(4556) User=0.14s Sys=0.00s Real=0.03s
[2023-12-20T09:17:58.739-0800][57229184ms] GC(4557) Pause Young (Normal) (G1 Evacuation Pause)
[2023-12-20T09:17:58.739-0800][57229184ms] GC(4557) Using 10 workers of 10 for evacuation
[2023-12-20T09:17:58.769-0800][57229214ms] GC(4557)   Pre Evacuate Collection Set: 0.0ms
[2023-12-20T09:17:58.769-0800][57229214ms] GC(4557)   Evacuate Collection Set: 27.6ms
[2023-12-20T09:17:58.769-0800][57229214ms] GC(4557)   Post Evacuate Collection Set: 2.4ms
[2023-12-20T09:17:58.769-0800][57229214ms] GC(4557)   Other: 0.4ms
[2023-12-20T09:17:58.769-0800][57229214ms] GC(4557) Eden regions: 753->0(753)
[2023-12-20T09:17:58.769-0800][57229214ms] GC(4557) Survivor regions: 30->30(98)
[2023-12-20T09:17:58.769-0800][57229214ms] GC(4557) Old regions: 199->199
[2023-12-20T09:17:58.769-0800][57229214ms] GC(4557) Humongous regions: 5->5
[2023-12-20T09:17:58.769-0800][57229214ms] GC(4557) Metaspace: 256623K->256623K(1294336K)
[2023-12-20T09:17:58.769-0800][57229214ms] GC(4557) Pause Young (Normal) (G1 Evacuation Pause) 1972M->466M(2612M) 30.537ms
[2023-12-20T09:17:58.769-0800][57229214ms] GC(4557) User=0.14s Sys=0.00s Real=0.03s
[2023-12-20T09:17:59.719-0800][57230164ms] GC(4558) Pause Young (Normal) (G1 Evacuation Pause)
[2023-12-20T09:17:59.719-0800][57230164ms] GC(4558) Using 10 workers of 10 for evacuation
[2023-12-20T09:17:59.749-0800][57230194ms] GC(4558)   Pre Evacuate Collection Set: 0.0ms
[2023-12-20T09:17:59.749-0800][57230194ms] GC(4558)   Evacuate Collection Set: 26.8ms
[2023-12-20T09:17:59.749-0800][57230194ms] GC(4558)   Post Evacuate Collection Set: 2.5ms
[2023-12-20T09:17:59.749-0800][57230194ms] GC(4558)   Other: 0.4ms
[2023-12-20T09:17:59.749-0800][57230194ms] GC(4558) Eden regions: 753->0(753)
[2023-12-20T09:17:59.749-0800][57230194ms] GC(4558) Survivor regions: 30->30(98)
[2023-12-20T09:17:59.749-0800][57230194ms] GC(4558) Old regions: 199->199
[2023-12-20T09:17:59.749-0800][57230194ms] GC(4558) Humongous regions: 5->5
[2023-12-20T09:17:59.749-0800][57230194ms] GC(4558) Metaspace: 256623K->256623K(1294336K)
[2023-12-20T09:17:59.749-0800][57230194ms] GC(4558) Pause Young (Normal) (G1 Evacuation Pause) 1972M->466M(2612M) 29.852ms
[2023-12-20T09:17:59.749-0800][57230194ms] GC(4558) User=0.09s Sys=0.00s Real=0.03s
[2023-12-20T09:18:00.719-0800][57231164ms] GC(4559) Pause Young (Normal) (G1 Evacuation Pause)
[2023-12-20T09:18:00.719-0800][57231164ms] GC(4559) Using 10 workers of 10 for evacuation
[2023-12-20T09:18:00.751-0800][57231196ms] GC(4559)   Pre Evacuate Collection Set: 0.0ms
[2023-12-20T09:18:00.751-0800][57231196ms] GC(4559)   Evacuate Collection Set: 28.3ms
[2023-12-20T09:18:00.751-0800][57231196ms] GC(4559)   Post Evacuate Collection Set: 2.8ms
[2023-12-20T09:18:00.751-0800][57231196ms] GC(4559)   Other: 0.4ms
[2023-12-20T09:18:00.751-0800][57231196ms] GC(4559) Eden regions: 753->0(753)
[2023-12-20T09:18:00.751-0800][57231196ms] GC(4559) Survivor regions: 30->30(98)
[2023-12-20T09:18:00.751-0800][57231196ms] GC(4559) Old regions: 199->199
[2023-12-20T09:18:00.751-0800][57231196ms] GC(4559) Humongous regions: 5->5
[2023-12-20T09:18:00.751-0800][57231196ms] GC(4559) Metaspace: 256623K->256623K(1294336K)
[2023-12-20T09:18:00.751-0800][57231196ms] GC(4559) Pause Young (Normal) (G1 Evacuation Pause) 1972M->466M(2612M) 31.662ms
[2023-12-20T09:18:00.751-0800][57231196ms] GC(4559) User=0.14s Sys=0.00s Real=0.03s
[2023-12-20T09:18:01.644-0800][57232089ms] GC(4560) Pause Young (Normal) (G1 Evacuation Pause)
[2023-12-20T09:18:01.644-0800][57232089ms] GC(4560) Using 10 workers of 10 for evacuation
[2023-12-20T09:18:01.675-0800][57232120ms] GC(4560)   Pre Evacuate Collection Set: 0.1ms
[2023-12-20T09:18:01.675-0800][57232120ms] GC(4560)   Evacuate Collection Set: 27.7ms
[2023-12-20T09:18:01.675-0800][57232120ms] GC(4560)   Post Evacuate Collection Set: 2.5ms
[2023-12-20T09:18:01.675-0800][57232120ms] GC(4560)   Other: 0.5ms
[2023-12-20T09:18:01.675-0800][57232120ms] GC(4560) Eden regions: 753->0(753)
[2023-12-20T09:18:01.675-0800][57232120ms] GC(4560) Survivor regions: 30->30(98)
[2023-12-20T09:18:01.675-0800][57232120ms] GC(4560) Old regions: 199->199
[2023-12-20T09:18:01.675-0800][57232120ms] GC(4560) Humongous regions: 5->5
[2023-12-20T09:18:01.675-0800][57232120ms] GC(4560) Metaspace: 256623K->256623K(1294336K)
[2023-12-20T09:18:01.675-0800][57232120ms] GC(4560) Pause Young (Normal) (G1 Evacuation Pause) 1972M->466M(2612M) 30.822ms
[2023-12-20T09:18:01.675-0800][57232120ms] GC(4560) User=0.09s Sys=0.00s Real=0.03s
[2023-12-20T09:18:02.563-0800][57233008ms] GC(4561) Pause Young (Normal) (G1 Evacuation Pause)
[2023-12-20T09:18:02.563-0800][57233008ms] GC(4561) Using 10 workers of 10 for evacuation
[2023-12-20T09:18:02.593-0800][57233038ms] GC(4561)   Pre Evacuate Collection Set: 0.1ms
[2023-12-20T09:18:02.593-0800][57233038ms] GC(4561)   Evacuate Collection Set: 28.1ms
[2023-12-20T09:18:02.593-0800][57233038ms] GC(4561)   Post Evacuate Collection Set: 2.4ms
[2023-12-20T09:18:02.593-0800][57233038ms] GC(4561)   Other: 0.4ms
[2023-12-20T09:18:02.593-0800][57233038ms] GC(4561) Eden regions: 753->0(754)
[2023-12-20T09:18:02.593-0800][57233038ms] GC(4561) Survivor regions: 30->29(98)
[2023-12-20T09:18:02.593-0800][57233038ms] GC(4561) Old regions: 199->199
[2023-12-20T09:18:02.593-0800][57233038ms] GC(4561) Humongous regions: 5->5
[2023-12-20T09:18:02.593-0800][57233038ms] GC(4561) Metaspace: 256623K->256623K(1294336K)
[2023-12-20T09:18:02.593-0800][57233038ms] GC(4561) Pause Young (Normal) (G1 Evacuation Pause) 1972M->465M(2612M) 31.134ms
[2023-12-20T09:18:02.593-0800][57233038ms] GC(4561) User=0.13s Sys=0.00s Real=0.03s
[2023-12-20T09:18:03.448-0800][57233893ms] GC(4562) Pause Young (Normal) (G1 Evacuation Pause)
[2023-12-20T09:18:03.448-0800][57233893ms] GC(4562) Using 10 workers of 10 for evacuation
[2023-12-20T09:18:03.480-0800][57233925ms] GC(4562)   Pre Evacuate Collection Set: 0.1ms
[2023-12-20T09:18:03.480-0800][57233925ms] GC(4562)   Evacuate Collection Set: 27.1ms
[2023-12-20T09:18:03.480-0800][57233925ms] GC(4562)   Post Evacuate Collection Set: 3.4ms
[2023-12-20T09:18:03.480-0800][57233925ms] GC(4562)   Other: 0.4ms
[2023-12-20T09:18:03.480-0800][57233925ms] GC(4562) Eden regions: 754->0(753)
[2023-12-20T09:18:03.480-0800][57233925ms] GC(4562) Survivor regions: 29->30(98)
[2023-12-20T09:18:03.480-0800][57233925ms] GC(4562) Old regions: 199->199
[2023-12-20T09:18:03.480-0800][57233925ms] GC(4562) Humongous regions: 5->5
[2023-12-20T09:18:03.480-0800][57233925ms] GC(4562) Metaspace: 256623K->256623K(1294336K)
[2023-12-20T09:18:03.480-0800][57233925ms] GC(4562) Pause Young (Normal) (G1 Evacuation Pause) 1973M->466M(2612M) 31.105ms
[2023-12-20T09:18:03.480-0800][57233925ms] GC(4562) User=0.09s Sys=0.00s Real=0.03s
[2023-12-20T09:18:04.461-0800][57234906ms] GC(4563) Pause Young (Normal) (G1 Evacuation Pause)
[2023-12-20T09:18:04.461-0800][57234906ms] GC(4563) Using 10 workers of 10 for evacuation
[2023-12-20T09:18:04.498-0800][57234943ms] GC(4563)   Pre Evacuate Collection Set: 0.0ms
[2023-12-20T09:18:04.498-0800][57234943ms] GC(4563)   Evacuate Collection Set: 32.6ms
[2023-12-20T09:18:04.498-0800][57234943ms] GC(4563)   Post Evacuate Collection Set: 3.8ms
[2023-12-20T09:18:04.498-0800][57234943ms] GC(4563)   Other: 0.4ms
[2023-12-20T09:18:04.498-0800][57234943ms] GC(4563) Eden regions: 753->0(753)
[2023-12-20T09:18:04.498-0800][57234943ms] GC(4563) Survivor regions: 30->30(98)
[2023-12-20T09:18:04.498-0800][57234943ms] GC(4563) Old regions: 199->199
[2023-12-20T09:18:04.498-0800][57234943ms] GC(4563) Humongous regions: 5->5
[2023-12-20T09:18:04.498-0800][57234943ms] GC(4563) Metaspace: 256623K->256623K(1294336K)
[2023-12-20T09:18:04.498-0800][57234943ms] GC(4563) Pause Young (Normal) (G1 Evacuation Pause) 1972M->466M(2612M) 37.115ms
[2023-12-20T09:18:04.498-0800][57234943ms] GC(4563) User=0.16s Sys=0.00s Real=0.04s
[2023-12-20T09:18:05.360-0800][57235805ms] GC(4564) Pause Young (Normal) (G1 Evacuation Pause)
[2023-12-20T09:18:05.360-0800][57235805ms] GC(4564) Using 10 workers of 10 for evacuation
[2023-12-20T09:18:05.393-0800][57235838ms] GC(4564)   Pre Evacuate Collection Set: 0.1ms
[2023-12-20T09:18:05.393-0800][57235838ms] GC(4564)   Evacuate Collection Set: 29.8ms
[2023-12-20T09:18:05.393-0800][57235838ms] GC(4564)   Post Evacuate Collection Set: 2.7ms
[2023-12-20T09:18:05.393-0800][57235838ms] GC(4564)   Other: 0.4ms
[2023-12-20T09:18:05.393-0800][57235838ms] GC(4564) Eden regions: 753->0(754)
[2023-12-20T09:18:05.393-0800][57235838ms] GC(4564) Survivor regions: 30->29(98)
[2023-12-20T09:18:05.393-0800][57235838ms] GC(4564) Old regions: 199->199
[2023-12-20T09:18:05.393-0800][57235838ms] GC(4564) Humongous regions: 5->5
[2023-12-20T09:18:05.393-0800][57235838ms] GC(4564) Metaspace: 256623K->256623K(1294336K)
[2023-12-20T09:18:05.393-0800][57235838ms] GC(4564) Pause Young (Normal) (G1 Evacuation Pause) 1972M->465M(2612M) 33.079ms
[2023-12-20T09:18:05.393-0800][57235838ms] GC(4564) User=0.14s Sys=0.00s Real=0.03s
[2023-12-20T09:18:06.309-0800][57236754ms] GC(4565) Pause Young (Normal) (G1 Evacuation Pause)
[2023-12-20T09:18:06.309-0800][57236754ms] GC(4565) Using 10 workers of 10 for evacuation
[2023-12-20T09:18:06.338-0800][57236783ms] GC(4565)   Pre Evacuate Collection Set: 0.0ms
[2023-12-20T09:18:06.338-0800][57236783ms] GC(4565)   Evacuate Collection Set: 27.1ms
[2023-12-20T09:18:06.338-0800][57236783ms] GC(4565)   Post Evacuate Collection Set: 2.3ms
[2023-12-20T09:18:06.338-0800][57236783ms] GC(4565)   Other: 0.4ms
[2023-12-20T09:18:06.338-0800][57236783ms] GC(4565) Eden regions: 754->0(754)
[2023-12-20T09:18:06.338-0800][57236783ms] GC(4565) Survivor regions: 29->29(98)
[2023-12-20T09:18:06.338-0800][57236783ms] GC(4565) Old regions: 199->200
[2023-12-20T09:18:06.338-0800][57236783ms] GC(4565) Humongous regions: 5->5
[2023-12-20T09:18:06.338-0800][57236783ms] GC(4565) Metaspace: 256623K->256623K(1294336K)
[2023-12-20T09:18:06.338-0800][57236783ms] GC(4565) Pause Young (Normal) (G1 Evacuation Pause) 1973M->466M(2612M) 29.892ms
[2023-12-20T09:18:06.338-0800][57236783ms] GC(4565) User=0.08s Sys=0.00s Real=0.03s
[2023-12-20T09:18:07.242-0800][57237687ms] GC(4566) Pause Young (Normal) (G1 Evacuation Pause)
[2023-12-20T09:18:07.242-0800][57237687ms] GC(4566) Using 10 workers of 10 for evacuation
[2023-12-20T09:18:07.273-0800][57237718ms] GC(4566)   Pre Evacuate Collection Set: 0.0ms
[2023-12-20T09:18:07.273-0800][57237718ms] GC(4566)   Evacuate Collection Set: 27.6ms
[2023-12-20T09:18:07.273-0800][57237718ms] GC(4566)   Post Evacuate Collection Set: 3.0ms
[2023-12-20T09:18:07.273-0800][57237718ms] GC(4566)   Other: 0.4ms
[2023-12-20T09:18:07.273-0800][57237718ms] GC(4566) Eden regions: 754->0(753)
[2023-12-20T09:18:07.273-0800][57237718ms] GC(4566) Survivor regions: 29->30(98)
[2023-12-20T09:18:07.273-0800][57237718ms] GC(4566) Old regions: 200->200
[2023-12-20T09:18:07.273-0800][57237718ms] GC(4566) Humongous regions: 5->5
[2023-12-20T09:18:07.273-0800][57237718ms] GC(4566) Metaspace: 256623K->256623K(1294336K)
[2023-12-20T09:18:07.273-0800][57237718ms] GC(4566) Pause Young (Normal) (G1 Evacuation Pause) 1974M->467M(2612M) 31.164ms
[2023-12-20T09:18:07.273-0800][57237718ms] GC(4566) User=0.14s Sys=0.00s Real=0.03s
[2023-12-20T09:18:08.163-0800][57238608ms] GC(4567) Pause Young (Normal) (G1 Evacuation Pause)
[2023-12-20T09:18:08.163-0800][57238608ms] GC(4567) Using 10 workers of 10 for evacuation
[2023-12-20T09:18:08.193-0800][57238638ms] GC(4567)   Pre Evacuate Collection Set: 0.0ms
[2023-12-20T09:18:08.193-0800][57238638ms] GC(4567)   Evacuate Collection Set: 27.2ms
[2023-12-20T09:18:08.193-0800][57238638ms] GC(4567)   Post Evacuate Collection Set: 2.6ms
[2023-12-20T09:18:08.193-0800][57238638ms] GC(4567)   Other: 0.4ms
[2023-12-20T09:18:08.193-0800][57238638ms] GC(4567) Eden regions: 753->0(753)
[2023-12-20T09:18:08.193-0800][57238638ms] GC(4567) Survivor regions: 30->30(98)
[2023-12-20T09:18:08.193-0800][57238638ms] GC(4567) Old regions: 200->200
[2023-12-20T09:18:08.193-0800][57238638ms] GC(4567) Humongous regions: 5->5
[2023-12-20T09:18:08.193-0800][57238638ms] GC(4567) Metaspace: 256623K->256623K(1294336K)
[2023-12-20T09:18:08.193-0800][57238638ms] GC(4567) Pause Young (Normal) (G1 Evacuation Pause) 1973M->468M(2612M) 30.250ms
[2023-12-20T09:18:08.193-0800][57238638ms] GC(4567) User=0.08s Sys=0.00s Real=0.03s
[2023-12-20T09:18:09.126-0800][57239572ms] GC(4568) Pause Young (Normal) (G1 Evacuation Pause)
[2023-12-20T09:18:09.127-0800][57239572ms] GC(4568) Using 10 workers of 10 for evacuation
[2023-12-20T09:18:09.156-0800][57239601ms] GC(4568)   Pre Evacuate Collection Set: 0.1ms
[2023-12-20T09:18:09.156-0800][57239601ms] GC(4568)   Evacuate Collection Set: 27.1ms
[2023-12-20T09:18:09.156-0800][57239601ms] GC(4568)   Post Evacuate Collection Set: 2.5ms
[2023-12-20T09:18:09.156-0800][57239601ms] GC(4568)   Other: 0.4ms
[2023-12-20T09:18:09.156-0800][57239601ms] GC(4568) Eden regions: 753->0(753)
[2023-12-20T09:18:09.156-0800][57239601ms] GC(4568) Survivor regions: 30->30(98)
[2023-12-20T09:18:09.156-0800][57239601ms] GC(4568) Old regions: 200->200
[2023-12-20T09:18:09.156-0800][57239601ms] GC(4568) Humongous regions: 5->5
[2023-12-20T09:18:09.156-0800][57239601ms] GC(4568) Metaspace: 256623K->256623K(1294336K)
[2023-12-20T09:18:09.157-0800][57239602ms] GC(4568) Pause Young (Normal) (G1 Evacuation Pause) 1974M->467M(2612M) 30.152ms
[2023-12-20T09:18:09.157-0800][57239602ms] GC(4568) User=0.09s Sys=0.00s Real=0.03s
[2023-12-20T09:18:10.010-0800][57240455ms] GC(4569) Pause Young (Normal) (G1 Evacuation Pause)
[2023-12-20T09:18:10.010-0800][57240455ms] GC(4569) Using 10 workers of 10 for evacuation
[2023-12-20T09:18:10.040-0800][57240485ms] GC(4569)   Pre Evacuate Collection Set: 0.0ms
[2023-12-20T09:18:10.040-0800][57240485ms] GC(4569)   Evacuate Collection Set: 27.9ms
[2023-12-20T09:18:10.040-0800][57240485ms] GC(4569)   Post Evacuate Collection Set: 2.9ms
[2023-12-20T09:18:10.040-0800][57240485ms] GC(4569)   Other: 0.4ms
[2023-12-20T09:18:10.040-0800][57240485ms] GC(4569) Eden regions: 753->0(754)
[2023-12-20T09:18:10.040-0800][57240485ms] GC(4569) Survivor regions: 30->29(98)
[2023-12-20T09:18:10.040-0800][57240485ms] GC(4569) Old regions: 200->200
[2023-12-20T09:18:10.040-0800][57240485ms] GC(4569) Humongous regions: 5->5
[2023-12-20T09:18:10.040-0800][57240485ms] GC(4569) Metaspace: 256623K->256623K(1294336K)
[2023-12-20T09:18:10.040-0800][57240485ms] GC(4569) Pause Young (Normal) (G1 Evacuation Pause) 1973M->466M(2612M) 31.443ms
[2023-12-20T09:18:10.040-0800][57240485ms] GC(4569) User=0.06s Sys=0.00s Real=0.03s
[2023-12-20T09:18:10.896-0800][57241341ms] GC(4570) Pause Young (Normal) (G1 Evacuation Pause)
[2023-12-20T09:18:10.896-0800][57241341ms] GC(4570) Using 10 workers of 10 for evacuation
[2023-12-20T09:18:10.926-0800][57241372ms] GC(4570)   Pre Evacuate Collection Set: 0.0ms
[2023-12-20T09:18:10.927-0800][57241372ms] GC(4570)   Evacuate Collection Set: 27.3ms
[2023-12-20T09:18:10.927-0800][57241372ms] GC(4570)   Post Evacuate Collection Set: 2.5ms
[2023-12-20T09:18:10.927-0800][57241372ms] GC(4570)   Other: 0.4ms
[2023-12-20T09:18:10.927-0800][57241372ms] GC(4570) Eden regions: 754->0(753)
[2023-12-20T09:18:10.927-0800][57241372ms] GC(4570) Survivor regions: 29->30(98)
[2023-12-20T09:18:10.927-0800][57241372ms] GC(4570) Old regions: 200->200
[2023-12-20T09:18:10.927-0800][57241372ms] GC(4570) Humongous regions: 5->5
[2023-12-20T09:18:10.927-0800][57241372ms] GC(4570) Metaspace: 256623K->256623K(1294336K)
[2023-12-20T09:18:10.927-0800][57241372ms] GC(4570) Pause Young (Normal) (G1 Evacuation Pause) 1974M->467M(2612M) 30.415ms
[2023-12-20T09:18:10.927-0800][57241372ms] GC(4570) User=0.17s Sys=0.00s Real=0.03s
[2023-12-20T09:18:11.790-0800][57242235ms] GC(4571) Pause Young (Normal) (G1 Evacuation Pause)
[2023-12-20T09:18:11.790-0800][57242235ms] GC(4571) Using 10 workers of 10 for evacuation
[2023-12-20T09:18:11.819-0800][57242264ms] GC(4571)   Pre Evacuate Collection Set: 0.0ms
[2023-12-20T09:18:11.819-0800][57242264ms] GC(4571)   Evacuate Collection Set: 26.5ms
[2023-12-20T09:18:11.819-0800][57242264ms] GC(4571)   Post Evacuate Collection Set: 2.6ms
[2023-12-20T09:18:11.819-0800][57242264ms] GC(4571)   Other: 0.4ms
[2023-12-20T09:18:11.819-0800][57242264ms] GC(4571) Eden regions: 753->0(753)
[2023-12-20T09:18:11.819-0800][57242264ms] GC(4571) Survivor regions: 30->30(98)
[2023-12-20T09:18:11.819-0800][57242264ms] GC(4571) Old regions: 200->200
[2023-12-20T09:18:11.819-0800][57242264ms] GC(4571) Humongous regions: 5->5
[2023-12-20T09:18:11.819-0800][57242264ms] GC(4571) Metaspace: 256623K->256623K(1294336K)
[2023-12-20T09:18:11.819-0800][57242264ms] GC(4571) Pause Young (Normal) (G1 Evacuation Pause) 1973M->467M(2612M) 29.677ms
[2023-12-20T09:18:11.819-0800][57242264ms] GC(4571) User=0.11s Sys=0.00s Real=0.03s
[2023-12-20T09:18:12.687-0800][57243132ms] GC(4572) Pause Young (Normal) (G1 Evacuation Pause)
[2023-12-20T09:18:12.687-0800][57243132ms] GC(4572) Using 10 workers of 10 for evacuation
[2023-12-20T09:18:12.719-0800][57243164ms] GC(4572)   Pre Evacuate Collection Set: 0.0ms
[2023-12-20T09:18:12.719-0800][57243164ms] GC(4572)   Evacuate Collection Set: 28.1ms
[2023-12-20T09:18:12.719-0800][57243164ms] GC(4572)   Post Evacuate Collection Set: 2.7ms
[2023-12-20T09:18:12.719-0800][57243164ms] GC(4572)   Other: 0.4ms
[2023-12-20T09:18:12.719-0800][57243164ms] GC(4572) Eden regions: 753->0(753)
[2023-12-20T09:18:12.719-0800][57243164ms] GC(4572) Survivor regions: 30->30(98)
[2023-12-20T09:18:12.719-0800][57243164ms] GC(4572) Old regions: 200->200
[2023-12-20T09:18:12.719-0800][57243164ms] GC(4572) Humongous regions: 5->5
[2023-12-20T09:18:12.719-0800][57243164ms] GC(4572) Metaspace: 256623K->256623K(1294336K)
[2023-12-20T09:18:12.719-0800][57243164ms] GC(4572) Pause Young (Normal) (G1 Evacuation Pause) 1973M->467M(2612M) 31.444ms
[2023-12-20T09:18:12.719-0800][57243164ms] GC(4572) User=0.11s Sys=0.00s Real=0.03s
[2023-12-20T09:18:13.588-0800][57244033ms] GC(4573) Pause Young (Normal) (G1 Evacuation Pause)
[2023-12-20T09:18:13.588-0800][57244033ms] GC(4573) Using 10 workers of 10 for evacuation
[2023-12-20T09:18:13.617-0800][57244062ms] GC(4573)   Pre Evacuate Collection Set: 0.0ms
[2023-12-20T09:18:13.617-0800][57244062ms] GC(4573)   Evacuate Collection Set: 26.1ms
[2023-12-20T09:18:13.617-0800][57244062ms] GC(4573)   Post Evacuate Collection Set: 2.5ms
[2023-12-20T09:18:13.617-0800][57244062ms] GC(4573)   Other: 0.4ms
[2023-12-20T09:18:13.617-0800][57244062ms] GC(4573) Eden regions: 753->0(753)
[2023-12-20T09:18:13.617-0800][57244062ms] GC(4573) Survivor regions: 30->30(98)
[2023-12-20T09:18:13.617-0800][57244062ms] GC(4573) Old regions: 200->200
[2023-12-20T09:18:13.617-0800][57244062ms] GC(4573) Humongous regions: 5->5
[2023-12-20T09:18:13.617-0800][57244062ms] GC(4573) Metaspace: 256623K->256623K(1294336K)
[2023-12-20T09:18:13.617-0800][57244062ms] GC(4573) Pause Young (Normal) (G1 Evacuation Pause) 1973M->467M(2612M) 29.234ms
[2023-12-20T09:18:13.617-0800][57244062ms] GC(4573) User=0.05s Sys=0.00s Real=0.03s
[2023-12-20T09:18:14.480-0800][57244925ms] GC(4574) Pause Young (Normal) (G1 Evacuation Pause)
[2023-12-20T09:18:14.480-0800][57244925ms] GC(4574) Using 10 workers of 10 for evacuation
[2023-12-20T09:18:14.509-0800][57244954ms] GC(4574)   Pre Evacuate Collection Set: 0.0ms
[2023-12-20T09:18:14.509-0800][57244954ms] GC(4574)   Evacuate Collection Set: 26.6ms
[2023-12-20T09:18:14.509-0800][57244954ms] GC(4574)   Post Evacuate Collection Set: 2.5ms
[2023-12-20T09:18:14.510-0800][57244955ms] GC(4574)   Other: 0.4ms
[2023-12-20T09:18:14.510-0800][57244955ms] GC(4574) Eden regions: 753->0(753)
[2023-12-20T09:18:14.510-0800][57244955ms] GC(4574) Survivor regions: 30->30(98)
[2023-12-20T09:18:14.510-0800][57244955ms] GC(4574) Old regions: 200->200
[2023-12-20T09:18:14.510-0800][57244955ms] GC(4574) Humongous regions: 5->5
[2023-12-20T09:18:14.510-0800][57244955ms] GC(4574) Metaspace: 256623K->256623K(1294336K)
[2023-12-20T09:18:14.510-0800][57244955ms] GC(4574) Pause Young (Normal) (G1 Evacuation Pause) 1973M->468M(2612M) 29.621ms
[2023-12-20T09:18:14.510-0800][57244955ms] GC(4574) User=0.13s Sys=0.00s Real=0.03s
[2023-12-20T09:18:15.398-0800][57245843ms] GC(4575) Pause Young (Normal) (G1 Evacuation Pause)
[2023-12-20T09:18:15.398-0800][57245843ms] GC(4575) Using 10 workers of 10 for evacuation
[2023-12-20T09:18:15.429-0800][57245874ms] GC(4575)   Pre Evacuate Collection Set: 0.0ms
[2023-12-20T09:18:15.429-0800][57245874ms] GC(4575)   Evacuate Collection Set: 27.0ms
[2023-12-20T09:18:15.429-0800][57245874ms] GC(4575)   Post Evacuate Collection Set: 2.4ms
[2023-12-20T09:18:15.429-0800][57245874ms] GC(4575)   Other: 0.4ms
[2023-12-20T09:18:15.429-0800][57245874ms] GC(4575) Eden regions: 753->0(753)
[2023-12-20T09:18:15.429-0800][57245874ms] GC(4575) Survivor regions: 30->30(98)
[2023-12-20T09:18:15.429-0800][57245874ms] GC(4575) Old regions: 200->200
[2023-12-20T09:18:15.429-0800][57245874ms] GC(4575) Humongous regions: 5->5
[2023-12-20T09:18:15.429-0800][57245874ms] GC(4575) Metaspace: 256623K->256623K(1294336K)
[2023-12-20T09:18:15.429-0800][57245874ms] GC(4575) Pause Young (Normal) (G1 Evacuation Pause) 1974M->468M(2612M) 29.956ms
[2023-12-20T09:18:15.429-0800][57245874ms] GC(4575) User=0.08s Sys=0.00s Real=0.03s
[2023-12-20T09:18:16.279-0800][57246724ms] GC(4576) Pause Young (Normal) (G1 Evacuation Pause)
[2023-12-20T09:18:16.279-0800][57246724ms] GC(4576) Using 10 workers of 10 for evacuation
[2023-12-20T09:18:16.310-0800][57246755ms] GC(4576)   Pre Evacuate Collection Set: 0.0ms
[2023-12-20T09:18:16.310-0800][57246755ms] GC(4576)   Evacuate Collection Set: 28.1ms
[2023-12-20T09:18:16.310-0800][57246755ms] GC(4576)   Post Evacuate Collection Set: 2.4ms
[2023-12-20T09:18:16.310-0800][57246755ms] GC(4576)   Other: 0.4ms
[2023-12-20T09:18:16.310-0800][57246755ms] GC(4576) Eden regions: 753->0(753)
[2023-12-20T09:18:16.310-0800][57246755ms] GC(4576) Survivor regions: 30->30(98)
[2023-12-20T09:18:16.310-0800][57246755ms] GC(4576) Old regions: 200->200
[2023-12-20T09:18:16.310-0800][57246755ms] GC(4576) Humongous regions: 5->5
[2023-12-20T09:18:16.310-0800][57246755ms] GC(4576) Metaspace: 256623K->256623K(1294336K)
[2023-12-20T09:18:16.310-0800][57246755ms] GC(4576) Pause Young (Normal) (G1 Evacuation Pause) 1974M->468M(2612M) 31.019ms
[2023-12-20T09:18:16.310-0800][57246755ms] GC(4576) User=0.08s Sys=0.00s Real=0.03s
[2023-12-20T09:18:17.252-0800][57247697ms] GC(4577) Pause Young (Normal) (GCLocker Initiated GC)
[2023-12-20T09:18:17.252-0800][57247697ms] GC(4577) Using 10 workers of 10 for evacuation
[2023-12-20T09:18:17.282-0800][57247727ms] GC(4577)   Pre Evacuate Collection Set: 0.0ms
[2023-12-20T09:18:17.282-0800][57247727ms] GC(4577)   Evacuate Collection Set: 27.0ms
[2023-12-20T09:18:17.282-0800][57247727ms] GC(4577)   Post Evacuate Collection Set: 2.8ms
[2023-12-20T09:18:17.282-0800][57247727ms] GC(4577)   Other: 0.4ms
[2023-12-20T09:18:17.282-0800][57247727ms] GC(4577) Eden regions: 754->0(752)
[2023-12-20T09:18:17.282-0800][57247727ms] GC(4577) Survivor regions: 30->31(98)
[2023-12-20T09:18:17.282-0800][57247727ms] GC(4577) Old regions: 200->200
[2023-12-20T09:18:17.282-0800][57247727ms] GC(4577) Humongous regions: 5->5
[2023-12-20T09:18:17.282-0800][57247727ms] GC(4577) Metaspace: 256624K->256624K(1294336K)
[2023-12-20T09:18:17.282-0800][57247727ms] GC(4577) Pause Young (Normal) (GCLocker Initiated GC) 1975M->469M(2612M) 30.363ms
[2023-12-20T09:18:17.282-0800][57247727ms] GC(4577) User=0.09s Sys=0.00s Real=0.03s
[2023-12-20T09:18:18.245-0800][57248690ms] GC(4578) Pause Young (Normal) (GCLocker Initiated GC)
[2023-12-20T09:18:18.245-0800][57248690ms] GC(4578) Using 10 workers of 10 for evacuation
[2023-12-20T09:18:18.276-0800][57248721ms] GC(4578)   Pre Evacuate Collection Set: 0.0ms
[2023-12-20T09:18:18.276-0800][57248721ms] GC(4578)   Evacuate Collection Set: 27.8ms
[2023-12-20T09:18:18.276-0800][57248721ms] GC(4578)   Post Evacuate Collection Set: 2.4ms
[2023-12-20T09:18:18.276-0800][57248721ms] GC(4578)   Other: 0.4ms
[2023-12-20T09:18:18.276-0800][57248721ms] GC(4578) Eden regions: 753->0(752)
[2023-12-20T09:18:18.276-0800][57248721ms] GC(4578) Survivor regions: 31->31(98)
[2023-12-20T09:18:18.276-0800][57248721ms] GC(4578) Old regions: 200->200
[2023-12-20T09:18:18.276-0800][57248721ms] GC(4578) Humongous regions: 5->5
[2023-12-20T09:18:18.276-0800][57248721ms] GC(4578) Metaspace: 256624K->256624K(1294336K)
[2023-12-20T09:18:18.276-0800][57248721ms] GC(4578) Pause Young (Normal) (GCLocker Initiated GC) 1974M->469M(2612M) 30.699ms
[2023-12-20T09:18:18.276-0800][57248721ms] GC(4578) User=0.08s Sys=0.00s Real=0.03s
[2023-12-20T09:18:19.289-0800][57249734ms] GC(4579) Pause Young (Normal) (GCLocker Initiated GC)
[2023-12-20T09:18:19.289-0800][57249734ms] GC(4579) Using 10 workers of 10 for evacuation
[2023-12-20T09:18:19.321-0800][57249766ms] GC(4579)   Pre Evacuate Collection Set: 0.1ms
[2023-12-20T09:18:19.321-0800][57249766ms] GC(4579)   Evacuate Collection Set: 29.1ms
[2023-12-20T09:18:19.321-0800][57249766ms] GC(4579)   Post Evacuate Collection Set: 3.2ms
[2023-12-20T09:18:19.321-0800][57249766ms] GC(4579)   Other: 0.5ms
[2023-12-20T09:18:19.321-0800][57249766ms] GC(4579) Eden regions: 752->0(752)
[2023-12-20T09:18:19.321-0800][57249766ms] GC(4579) Survivor regions: 31->31(98)
[2023-12-20T09:18:19.321-0800][57249766ms] GC(4579) Old regions: 200->200
[2023-12-20T09:18:19.321-0800][57249766ms] GC(4579) Humongous regions: 5->5
[2023-12-20T09:18:19.321-0800][57249766ms] GC(4579) Metaspace: 256624K->256624K(1294336K)
[2023-12-20T09:18:19.321-0800][57249766ms] GC(4579) Pause Young (Normal) (GCLocker Initiated GC) 1973M->469M(2612M) 33.029ms
[2023-12-20T09:18:19.321-0800][57249766ms] GC(4579) User=0.09s Sys=0.00s Real=0.03s
[2023-12-20T09:18:20.350-0800][57250795ms] GC(4580) Pause Young (Normal) (G1 Evacuation Pause)
[2023-12-20T09:18:20.350-0800][57250795ms] GC(4580) Using 10 workers of 10 for evacuation
[2023-12-20T09:18:20.383-0800][57250828ms] GC(4580)   Pre Evacuate Collection Set: 0.0ms
[2023-12-20T09:18:20.383-0800][57250828ms] GC(4580)   Evacuate Collection Set: 29.3ms
[2023-12-20T09:18:20.383-0800][57250828ms] GC(4580)   Post Evacuate Collection Set: 3.2ms
[2023-12-20T09:18:20.383-0800][57250828ms] GC(4580)   Other: 0.4ms
[2023-12-20T09:18:20.383-0800][57250828ms] GC(4580) Eden regions: 752->0(752)
[2023-12-20T09:18:20.383-0800][57250828ms] GC(4580) Survivor regions: 31->31(98)
[2023-12-20T09:18:20.383-0800][57250828ms] GC(4580) Old regions: 200->200
[2023-12-20T09:18:20.383-0800][57250828ms] GC(4580) Humongous regions: 5->5
[2023-12-20T09:18:20.383-0800][57250828ms] GC(4580) Metaspace: 256624K->256624K(1294336K)
[2023-12-20T09:18:20.383-0800][57250828ms] GC(4580) Pause Young (Normal) (G1 Evacuation Pause) 1973M->469M(2612M) 33.106ms
[2023-12-20T09:18:20.383-0800][57250828ms] GC(4580) User=0.14s Sys=0.00s Real=0.03s
[2023-12-20T09:18:21.175-0800][57251620ms] GC(4581) Pause Young (Normal) (G1 Evacuation Pause)
[2023-12-20T09:18:21.175-0800][57251620ms] GC(4581) Using 10 workers of 10 for evacuation
[2023-12-20T09:18:21.205-0800][57251650ms] GC(4581)   Pre Evacuate Collection Set: 0.0ms
[2023-12-20T09:18:21.205-0800][57251650ms] GC(4581)   Evacuate Collection Set: 25.9ms
[2023-12-20T09:18:21.205-0800][57251650ms] GC(4581)   Post Evacuate Collection Set: 2.5ms
[2023-12-20T09:18:21.205-0800][57251650ms] GC(4581)   Other: 0.4ms
[2023-12-20T09:18:21.205-0800][57251650ms] GC(4581) Eden regions: 752->0(752)
[2023-12-20T09:18:21.205-0800][57251650ms] GC(4581) Survivor regions: 31->31(98)
[2023-12-20T09:18:21.205-0800][57251650ms] GC(4581) Old regions: 200->200
[2023-12-20T09:18:21.205-0800][57251650ms] GC(4581) Humongous regions: 5->5
[2023-12-20T09:18:21.205-0800][57251650ms] GC(4581) Metaspace: 256624K->256624K(1294336K)
[2023-12-20T09:18:21.205-0800][57251650ms] GC(4581) Pause Young (Normal) (G1 Evacuation Pause) 1973M->469M(2612M) 29.059ms
[2023-12-20T09:18:21.205-0800][57251650ms] GC(4581) User=0.08s Sys=0.00s Real=0.03s
[2023-12-20T09:18:21.855-0800][57252300ms] GC(4582) Pause Young (Normal) (G1 Evacuation Pause)
[2023-12-20T09:18:21.855-0800][57252300ms] GC(4582) Using 10 workers of 10 for evacuation
[2023-12-20T09:18:21.884-0800][57252329ms] GC(4582)   Pre Evacuate Collection Set: 0.1ms
[2023-12-20T09:18:21.884-0800][57252329ms] GC(4582)   Evacuate Collection Set: 26.2ms
[2023-12-20T09:18:21.884-0800][57252329ms] GC(4582)   Post Evacuate Collection Set: 3.0ms
[2023-12-20T09:18:21.884-0800][57252329ms] GC(4582)   Other: 0.5ms
[2023-12-20T09:18:21.884-0800][57252329ms] GC(4582) Eden regions: 752->0(753)
[2023-12-20T09:18:21.884-0800][57252329ms] GC(4582) Survivor regions: 31->30(98)
[2023-12-20T09:18:21.884-0800][57252329ms] GC(4582) Old regions: 200->200
[2023-12-20T09:18:21.884-0800][57252329ms] GC(4582) Humongous regions: 5->5
[2023-12-20T09:18:21.884-0800][57252329ms] GC(4582) Metaspace: 256624K->256624K(1294336K)
[2023-12-20T09:18:21.884-0800][57252329ms] GC(4582) Pause Young (Normal) (G1 Evacuation Pause) 1973M->468M(2612M) 29.846ms
[2023-12-20T09:18:21.884-0800][57252329ms] GC(4582) User=0.08s Sys=0.00s Real=0.03s
[2023-12-20T09:18:22.574-0800][57253019ms] GC(4583) Pause Young (Normal) (G1 Evacuation Pause)
[2023-12-20T09:18:22.574-0800][57253019ms] GC(4583) Using 10 workers of 10 for evacuation
[2023-12-20T09:18:22.609-0800][57253054ms] GC(4583)   Pre Evacuate Collection Set: 0.0ms
[2023-12-20T09:18:22.609-0800][57253054ms] GC(4583)   Evacuate Collection Set: 26.6ms
[2023-12-20T09:18:22.609-0800][57253054ms] GC(4583)   Post Evacuate Collection Set: 8.0ms
[2023-12-20T09:18:22.609-0800][57253054ms] GC(4583)   Other: 0.4ms
[2023-12-20T09:18:22.609-0800][57253054ms] GC(4583) Eden regions: 753->0(753)
[2023-12-20T09:18:22.609-0800][57253054ms] GC(4583) Survivor regions: 30->30(98)
[2023-12-20T09:18:22.609-0800][57253054ms] GC(4583) Old regions: 200->200
[2023-12-20T09:18:22.609-0800][57253054ms] GC(4583) Humongous regions: 5->5
[2023-12-20T09:18:22.609-0800][57253054ms] GC(4583) Metaspace: 256624K->256624K(1294336K)
[2023-12-20T09:18:22.609-0800][57253054ms] GC(4583) Pause Young (Normal) (G1 Evacuation Pause) 1974M->468M(2612M) 35.171ms
[2023-12-20T09:18:22.609-0800][57253054ms] GC(4583) User=0.09s Sys=0.00s Real=0.04s
[2023-12-20T09:18:23.261-0800][57253706ms] GC(4584) Pause Young (Normal) (G1 Evacuation Pause)
[2023-12-20T09:18:23.261-0800][57253706ms] GC(4584) Using 10 workers of 10 for evacuation
[2023-12-20T09:18:23.292-0800][57253737ms] GC(4584)   Pre Evacuate Collection Set: 0.0ms
[2023-12-20T09:18:23.292-0800][57253737ms] GC(4584)   Evacuate Collection Set: 27.4ms
[2023-12-20T09:18:23.292-0800][57253737ms] GC(4584)   Post Evacuate Collection Set: 3.3ms
[2023-12-20T09:18:23.292-0800][57253737ms] GC(4584)   Other: 0.4ms
[2023-12-20T09:18:23.292-0800][57253737ms] GC(4584) Eden regions: 753->0(753)
[2023-12-20T09:18:23.292-0800][57253737ms] GC(4584) Survivor regions: 30->30(98)
[2023-12-20T09:18:23.292-0800][57253737ms] GC(4584) Old regions: 200->200
[2023-12-20T09:18:23.292-0800][57253737ms] GC(4584) Humongous regions: 5->5
[2023-12-20T09:18:23.292-0800][57253737ms] GC(4584) Metaspace: 256624K->256624K(1294336K)
[2023-12-20T09:18:23.292-0800][57253737ms] GC(4584) Pause Young (Normal) (G1 Evacuation Pause) 1974M->468M(2612M) 31.243ms
[2023-12-20T09:18:23.292-0800][57253737ms] GC(4584) User=0.13s Sys=0.00s Real=0.03s
[2023-12-20T09:18:24.066-0800][57254511ms] GC(4585) Pause Young (Normal) (G1 Evacuation Pause)
[2023-12-20T09:18:24.066-0800][57254511ms] GC(4585) Using 10 workers of 10 for evacuation
[2023-12-20T09:18:24.095-0800][57254540ms] GC(4585)   Pre Evacuate Collection Set: 0.0ms
[2023-12-20T09:18:24.095-0800][57254540ms] GC(4585)   Evacuate Collection Set: 26.8ms
[2023-12-20T09:18:24.095-0800][57254540ms] GC(4585)   Post Evacuate Collection Set: 2.5ms
[2023-12-20T09:18:24.095-0800][57254540ms] GC(4585)   Other: 0.4ms
[2023-12-20T09:18:24.095-0800][57254540ms] GC(4585) Eden regions: 753->0(752)
[2023-12-20T09:18:24.095-0800][57254540ms] GC(4585) Survivor regions: 30->31(98)
[2023-12-20T09:18:24.095-0800][57254540ms] GC(4585) Old regions: 200->200
[2023-12-20T09:18:24.095-0800][57254540ms] GC(4585) Humongous regions: 5->5
[2023-12-20T09:18:24.095-0800][57254540ms] GC(4585) Metaspace: 256624K->256624K(1294336K)
[2023-12-20T09:18:24.095-0800][57254540ms] GC(4585) Pause Young (Normal) (G1 Evacuation Pause) 1974M->469M(2612M) 29.742ms
[2023-12-20T09:18:24.095-0800][57254540ms] GC(4585) User=0.09s Sys=0.00s Real=0.03s
[2023-12-20T09:18:24.857-0800][57255302ms] GC(4586) Pause Young (Normal) (G1 Evacuation Pause)
[2023-12-20T09:18:24.857-0800][57255302ms] GC(4586) Using 10 workers of 10 for evacuation
[2023-12-20T09:18:24.887-0800][57255332ms] GC(4586)   Pre Evacuate Collection Set: 0.0ms
[2023-12-20T09:18:24.887-0800][57255332ms] GC(4586)   Evacuate Collection Set: 26.3ms
[2023-12-20T09:18:24.887-0800][57255332ms] GC(4586)   Post Evacuate Collection Set: 2.7ms
[2023-12-20T09:18:24.887-0800][57255332ms] GC(4586)   Other: 0.4ms
[2023-12-20T09:18:24.887-0800][57255332ms] GC(4586) Eden regions: 752->0(753)
[2023-12-20T09:18:24.887-0800][57255332ms] GC(4586) Survivor regions: 31->30(98)
[2023-12-20T09:18:24.887-0800][57255332ms] GC(4586) Old regions: 200->200
[2023-12-20T09:18:24.887-0800][57255332ms] GC(4586) Humongous regions: 5->5
[2023-12-20T09:18:24.887-0800][57255332ms] GC(4586) Metaspace: 256624K->256624K(1294336K)
[2023-12-20T09:18:24.887-0800][57255332ms] GC(4586) Pause Young (Normal) (G1 Evacuation Pause) 1973M->468M(2612M) 29.565ms
[2023-12-20T09:18:24.887-0800][57255332ms] GC(4586) User=0.11s Sys=0.00s Real=0.03s
[2023-12-20T09:18:25.773-0800][57256218ms] GC(4587) Pause Young (Normal) (G1 Evacuation Pause)
[2023-12-20T09:18:25.773-0800][57256218ms] GC(4587) Using 10 workers of 10 for evacuation
[2023-12-20T09:18:25.805-0800][57256250ms] GC(4587)   Pre Evacuate Collection Set: 0.1ms
[2023-12-20T09:18:25.805-0800][57256250ms] GC(4587)   Evacuate Collection Set: 28.7ms
[2023-12-20T09:18:25.805-0800][57256250ms] GC(4587)   Post Evacuate Collection Set: 3.0ms
[2023-12-20T09:18:25.805-0800][57256250ms] GC(4587)   Other: 0.4ms
[2023-12-20T09:18:25.805-0800][57256250ms] GC(4587) Eden regions: 753->0(753)
[2023-12-20T09:18:25.805-0800][57256250ms] GC(4587) Survivor regions: 30->30(98)
[2023-12-20T09:18:25.805-0800][57256250ms] GC(4587) Old regions: 200->200
[2023-12-20T09:18:25.805-0800][57256250ms] GC(4587) Humongous regions: 5->5
[2023-12-20T09:18:25.805-0800][57256250ms] GC(4587) Metaspace: 256624K->256624K(1294336K)
[2023-12-20T09:18:25.805-0800][57256250ms] GC(4587) Pause Young (Normal) (G1 Evacuation Pause) 1974M->468M(2612M) 32.357ms
[2023-12-20T09:18:25.805-0800][57256250ms] GC(4587) User=0.17s Sys=0.00s Real=0.03s
[2023-12-20T09:18:26.631-0800][57257076ms] GC(4588) Pause Young (Normal) (G1 Evacuation Pause)
[2023-12-20T09:18:26.631-0800][57257076ms] GC(4588) Using 10 workers of 10 for evacuation
[2023-12-20T09:18:26.661-0800][57257106ms] GC(4588)   Pre Evacuate Collection Set: 0.0ms
[2023-12-20T09:18:26.661-0800][57257106ms] GC(4588)   Evacuate Collection Set: 27.0ms
[2023-12-20T09:18:26.661-0800][57257106ms] GC(4588)   Post Evacuate Collection Set: 2.5ms
[2023-12-20T09:18:26.661-0800][57257106ms] GC(4588)   Other: 0.4ms
[2023-12-20T09:18:26.661-0800][57257106ms] GC(4588) Eden regions: 753->0(752)
[2023-12-20T09:18:26.661-0800][57257106ms] GC(4588) Survivor regions: 30->31(98)
[2023-12-20T09:18:26.661-0800][57257106ms] GC(4588) Old regions: 200->200
[2023-12-20T09:18:26.661-0800][57257106ms] GC(4588) Humongous regions: 5->5
[2023-12-20T09:18:26.661-0800][57257106ms] GC(4588) Metaspace: 256624K->256624K(1294336K)
[2023-12-20T09:18:26.661-0800][57257106ms] GC(4588) Pause Young (Normal) (G1 Evacuation Pause) 1974M->469M(2612M) 30.061ms
[2023-12-20T09:18:26.661-0800][57257106ms] GC(4588) User=0.11s Sys=0.00s Real=0.03s
[2023-12-20T09:18:27.492-0800][57257937ms] GC(4589) Pause Young (Normal) (G1 Evacuation Pause)
[2023-12-20T09:18:27.492-0800][57257937ms] GC(4589) Using 10 workers of 10 for evacuation
[2023-12-20T09:18:27.522-0800][57257967ms] GC(4589)   Pre Evacuate Collection Set: 0.1ms
[2023-12-20T09:18:27.522-0800][57257967ms] GC(4589)   Evacuate Collection Set: 26.9ms
[2023-12-20T09:18:27.522-0800][57257967ms] GC(4589)   Post Evacuate Collection Set: 2.6ms
[2023-12-20T09:18:27.522-0800][57257967ms] GC(4589)   Other: 0.5ms
[2023-12-20T09:18:27.522-0800][57257967ms] GC(4589) Eden regions: 752->0(752)
[2023-12-20T09:18:27.522-0800][57257967ms] GC(4589) Survivor regions: 31->31(98)
[2023-12-20T09:18:27.522-0800][57257967ms] GC(4589) Old regions: 200->200
[2023-12-20T09:18:27.522-0800][57257967ms] GC(4589) Humongous regions: 5->5
[2023-12-20T09:18:27.522-0800][57257967ms] GC(4589) Metaspace: 256624K->256624K(1294336K)
[2023-12-20T09:18:27.522-0800][57257967ms] GC(4589) Pause Young (Normal) (G1 Evacuation Pause) 1973M->469M(2612M) 30.180ms
[2023-12-20T09:18:27.522-0800][57257967ms] GC(4589) User=0.06s Sys=0.00s Real=0.03s
