[2024-09-25T14:33:14.713-0700][26ms] Heap region size: 2M
[2024-09-25T14:33:14.721-0700][34ms] Using G1
[2024-09-25T14:33:14.721-0700][34ms] Heap address: 0x000000060ae00000, size: 8018 MB, Compressed Oops mode: Zero based, Oop shift amount: 3
[2024-09-25T14:33:15.166-0700][479ms] GC(0) Pause Young (Normal) (G1 Evacuation Pause)
[2024-09-25T14:33:15.167-0700][480ms] GC(0) Using 10 workers of 10 for evacuation
[2024-09-25T14:33:15.169-0700][482ms] GC(0)   Pre Evacuate Collection Set: 0.0ms
[2024-09-25T14:33:15.169-0700][482ms] GC(0)   Evacuate Collection Set: 2.2ms
[2024-09-25T14:33:15.169-0700][482ms] GC(0)   Post Evacuate Collection Set: 0.4ms
[2024-09-25T14:33:15.169-0700][482ms] GC(0)   Other: 0.5ms
[2024-09-25T14:33:15.176-0700][489ms] GC(0) Eden regions: 12->0(148)
[2024-09-25T14:33:15.176-0700][489ms] GC(0) Survivor regions: 0->2(2)
[2024-09-25T14:33:15.176-0700][489ms] GC(0) Old regions: 0->0
[2024-09-25T14:33:15.176-0700][489ms] GC(0) Humongous regions: 0->0
[2024-09-25T14:33:15.176-0700][489ms] GC(0) Metaspace: 11904K->11904K(1060864K)
[2024-09-25T14:33:15.176-0700][489ms] GC(0) Pause Young (Normal) (G1 Evacuation Pause) 23M->3M(502M) 9.052ms
[2024-09-25T14:33:15.176-0700][489ms] GC(0) User=0.02s Sys=0.00s Real=0.01s
[2024-09-25T14:33:15.592-0700][905ms] GC(1) Pause Young (Concurrent Start) (Metadata GC Threshold)
[2024-09-25T14:33:15.592-0700][905ms] GC(1) Using 10 workers of 10 for evacuation
[2024-09-25T14:33:15.600-0700][913ms] GC(1)   Pre Evacuate Collection Set: 0.0ms
[2024-09-25T14:33:15.600-0700][913ms] GC(1)   Evacuate Collection Set: 6.8ms
[2024-09-25T14:33:15.600-0700][913ms] GC(1)   Post Evacuate Collection Set: 0.7ms
[2024-09-25T14:33:15.600-0700][913ms] GC(1)   Other: 0.2ms
[2024-09-25T14:33:15.600-0700][913ms] GC(1) Eden regions: 17->0(23)
[2024-09-25T14:33:15.600-0700][913ms] GC(1) Survivor regions: 2->5(19)
[2024-09-25T14:33:15.600-0700][913ms] GC(1) Old regions: 0->0
[2024-09-25T14:33:15.600-0700][913ms] GC(1) Humongous regions: 0->0
[2024-09-25T14:33:15.600-0700][913ms] GC(1) Metaspace: 19992K->19992K(1069056K)
[2024-09-25T14:33:15.600-0700][913ms] GC(1) Pause Young (Concurrent Start) (Metadata GC Threshold) 37M->8M(502M) 7.805ms
[2024-09-25T14:33:15.600-0700][913ms] GC(1) User=0.00s Sys=0.00s Real=0.01s
[2024-09-25T14:33:15.600-0700][913ms] GC(2) Concurrent Cycle
[2024-09-25T14:33:15.600-0700][913ms] GC(2) Concurrent Clear Claimed Marks
[2024-09-25T14:33:15.600-0700][913ms] GC(2) Concurrent Clear Claimed Marks 0.020ms
[2024-09-25T14:33:15.600-0700][913ms] GC(2) Concurrent Scan Root Regions
[2024-09-25T14:33:15.602-0700][915ms] GC(2) Concurrent Scan Root Regions 2.204ms
[2024-09-25T14:33:15.602-0700][915ms] GC(2) Concurrent Mark (0.915s)
[2024-09-25T14:33:15.602-0700][915ms] GC(2) Concurrent Mark From Roots
[2024-09-25T14:33:15.602-0700][915ms] GC(2) Using 3 workers of 3 for marking
[2024-09-25T14:33:15.603-0700][916ms] GC(2) Concurrent Mark From Roots 0.288ms
[2024-09-25T14:33:15.603-0700][916ms] GC(2) Concurrent Preclean
[2024-09-25T14:33:15.603-0700][916ms] GC(2) Concurrent Preclean 0.075ms
[2024-09-25T14:33:15.603-0700][916ms] GC(2) Concurrent Mark (0.915s, 0.916s) 0.407ms
[2024-09-25T14:33:15.603-0700][916ms] GC(2) Pause Remark
[2024-09-25T14:33:15.605-0700][918ms] GC(2) Cleaned string and symbol table, strings: 10538 processed, 0 removed, symbols: 65845 processed, 33 removed
[2024-09-25T14:33:15.605-0700][918ms] GC(2) Pause Remark 8M->8M(502M) 1.210ms
[2024-09-25T14:33:15.605-0700][918ms] GC(2) User=0.00s Sys=0.00s Real=0.00s
[2024-09-25T14:33:15.605-0700][918ms] GC(2) Concurrent Rebuild Remembered Sets
[2024-09-25T14:33:15.605-0700][918ms] GC(2) Concurrent Rebuild Remembered Sets 0.044ms
[2024-09-25T14:33:15.605-0700][918ms] GC(2) Pause Cleanup
[2024-09-25T14:33:15.605-0700][918ms] GC(2) Pause Cleanup 8M->8M(502M) 0.054ms
[2024-09-25T14:33:15.605-0700][918ms] GC(2) User=0.00s Sys=0.00s Real=0.00s
[2024-09-25T14:33:15.605-0700][918ms] GC(2) Concurrent Cleanup for Next Mark
[2024-09-25T14:33:15.605-0700][918ms] GC(2) Concurrent Cleanup for Next Mark 0.488ms
[2024-09-25T14:33:15.605-0700][918ms] GC(2) Concurrent Cycle 4.802ms
[2024-09-25T14:33:16.081-0700][1394ms] GC(3) Pause Young (Normal) (GCLocker Initiated GC)
[2024-09-25T14:33:16.081-0700][1394ms] GC(3) Using 10 workers of 10 for evacuation
[2024-09-25T14:33:16.090-0700][1403ms] GC(3)   Pre Evacuate Collection Set: 0.0ms
[2024-09-25T14:33:16.090-0700][1403ms] GC(3)   Evacuate Collection Set: 6.6ms
[2024-09-25T14:33:16.090-0700][1403ms] GC(3)   Post Evacuate Collection Set: 1.2ms
[2024-09-25T14:33:16.090-0700][1403ms] GC(3)   Other: 0.2ms
[2024-09-25T14:33:16.090-0700][1403ms] GC(3) Eden regions: 24->0(146)
[2024-09-25T14:33:16.090-0700][1403ms] GC(3) Survivor regions: 5->4(4)
[2024-09-25T14:33:16.090-0700][1403ms] GC(3) Old regions: 0->4
[2024-09-25T14:33:16.090-0700][1403ms] GC(3) Humongous regions: 0->0
[2024-09-25T14:33:16.090-0700][1403ms] GC(3) Metaspace: 27120K->27120K(1075200K)
[2024-09-25T14:33:16.090-0700][1403ms] GC(3) Pause Young (Normal) (GCLocker Initiated GC) 55M->13M(502M) 8.235ms
[2024-09-25T14:33:16.090-0700][1403ms] GC(3) User=0.03s Sys=0.00s Real=0.01s
[2024-09-25T14:33:16.265-0700][1578ms] GC(4) Pause Young (Concurrent Start) (Metadata GC Threshold)
[2024-09-25T14:33:16.265-0700][1578ms] GC(4) Using 10 workers of 10 for evacuation
[2024-09-25T14:33:16.272-0700][1585ms] GC(4)   Pre Evacuate Collection Set: 0.0ms
[2024-09-25T14:33:16.272-0700][1585ms] GC(4)   Evacuate Collection Set: 6.2ms
[2024-09-25T14:33:16.272-0700][1585ms] GC(4)   Post Evacuate Collection Set: 0.9ms
[2024-09-25T14:33:16.272-0700][1585ms] GC(4)   Other: 0.2ms
[2024-09-25T14:33:16.272-0700][1585ms] GC(4) Eden regions: 70->0(143)
[2024-09-25T14:33:16.272-0700][1585ms] GC(4) Survivor regions: 4->7(19)
[2024-09-25T14:33:16.272-0700][1585ms] GC(4) Old regions: 4->4
[2024-09-25T14:33:16.272-0700][1585ms] GC(4) Humongous regions: 0->0
[2024-09-25T14:33:16.272-0700][1585ms] GC(4) Metaspace: 32069K->32069K(1081344K)
[2024-09-25T14:33:16.272-0700][1585ms] GC(4) Pause Young (Concurrent Start) (Metadata GC Threshold) 152M->20M(502M) 7.544ms
[2024-09-25T14:33:16.272-0700][1585ms] GC(4) User=0.00s Sys=0.00s Real=0.01s
[2024-09-25T14:33:16.272-0700][1585ms] GC(5) Concurrent Cycle
[2024-09-25T14:33:16.272-0700][1585ms] GC(5) Concurrent Clear Claimed Marks
[2024-09-25T14:33:16.272-0700][1585ms] GC(5) Concurrent Clear Claimed Marks 0.034ms
[2024-09-25T14:33:16.272-0700][1585ms] GC(5) Concurrent Scan Root Regions
[2024-09-25T14:33:16.276-0700][1589ms] GC(5) Concurrent Scan Root Regions 3.121ms
[2024-09-25T14:33:16.276-0700][1589ms] GC(5) Concurrent Mark (1.589s)
[2024-09-25T14:33:16.277-0700][1590ms] GC(5) Concurrent Mark From Roots
[2024-09-25T14:33:16.277-0700][1590ms] GC(5) Using 3 workers of 3 for marking
[2024-09-25T14:33:16.281-0700][1594ms] GC(5) Concurrent Mark From Roots 5.003ms
[2024-09-25T14:33:16.281-0700][1594ms] GC(5) Concurrent Preclean
[2024-09-25T14:33:16.281-0700][1594ms] GC(5) Concurrent Preclean 0.184ms
[2024-09-25T14:33:16.281-0700][1594ms] GC(5) Concurrent Mark (1.589s, 1.594s) 5.276ms
[2024-09-25T14:33:16.281-0700][1594ms] GC(5) Pause Remark
[2024-09-25T14:33:16.283-0700][1596ms] GC(5) Cleaned string and symbol table, strings: 16019 processed, 16 removed, symbols: 97973 processed, 26 removed
[2024-09-25T14:33:16.283-0700][1596ms] GC(5) Pause Remark 22M->22M(502M) 1.775ms
[2024-09-25T14:33:16.283-0700][1596ms] GC(5) User=0.00s Sys=0.00s Real=0.00s
[2024-09-25T14:33:16.283-0700][1596ms] GC(5) Concurrent Rebuild Remembered Sets
[2024-09-25T14:33:16.286-0700][1599ms] GC(5) Concurrent Rebuild Remembered Sets 2.448ms
[2024-09-25T14:33:16.287-0700][1600ms] GC(5) Pause Cleanup
[2024-09-25T14:33:16.287-0700][1600ms] GC(5) Pause Cleanup 22M->22M(502M) 0.075ms
[2024-09-25T14:33:16.287-0700][1600ms] GC(5) User=0.00s Sys=0.00s Real=0.00s
[2024-09-25T14:33:16.287-0700][1600ms] GC(5) Concurrent Cleanup for Next Mark
[2024-09-25T14:33:16.287-0700][1600ms] GC(5) Concurrent Cleanup for Next Mark 0.444ms
[2024-09-25T14:33:16.287-0700][1600ms] GC(5) Concurrent Cycle 14.299ms
[2024-09-25T14:33:17.553-0700][2866ms] GC(6) Pause Young (Concurrent Start) (Metadata GC Threshold)
[2024-09-25T14:33:17.553-0700][2866ms] GC(6) Using 10 workers of 10 for evacuation
[2024-09-25T14:33:17.586-0700][2899ms] GC(6)   Pre Evacuate Collection Set: 0.1ms
[2024-09-25T14:33:17.586-0700][2899ms] GC(6)   Evacuate Collection Set: 25.5ms
[2024-09-25T14:33:17.586-0700][2899ms] GC(6)   Post Evacuate Collection Set: 5.9ms
[2024-09-25T14:33:17.586-0700][2899ms] GC(6)   Other: 0.6ms
[2024-09-25T14:33:17.586-0700][2899ms] GC(6) Eden regions: 109->0(125)
[2024-09-25T14:33:17.586-0700][2899ms] GC(6) Survivor regions: 7->14(19)
[2024-09-25T14:33:17.586-0700][2899ms] GC(6) Old regions: 4->4
[2024-09-25T14:33:17.586-0700][2899ms] GC(6) Humongous regions: 0->0
[2024-09-25T14:33:17.586-0700][2899ms] GC(6) Metaspace: 53146K->53146K(1101824K)
[2024-09-25T14:33:17.586-0700][2899ms] GC(6) Pause Young (Concurrent Start) (Metadata GC Threshold) 238M->35M(604M) 32.335ms
[2024-09-25T14:33:17.586-0700][2899ms] GC(6) User=0.13s Sys=0.02s Real=0.03s
[2024-09-25T14:33:17.586-0700][2899ms] GC(7) Concurrent Cycle
[2024-09-25T14:33:17.586-0700][2899ms] GC(7) Concurrent Clear Claimed Marks
[2024-09-25T14:33:17.586-0700][2899ms] GC(7) Concurrent Clear Claimed Marks 0.149ms
[2024-09-25T14:33:17.586-0700][2899ms] GC(7) Concurrent Scan Root Regions
[2024-09-25T14:33:17.594-0700][2907ms] GC(7) Concurrent Scan Root Regions 7.375ms
[2024-09-25T14:33:17.594-0700][2907ms] GC(7) Concurrent Mark (2.906s)
[2024-09-25T14:33:17.594-0700][2907ms] GC(7) Concurrent Mark From Roots
[2024-09-25T14:33:17.594-0700][2907ms] GC(7) Using 3 workers of 3 for marking
[2024-09-25T14:33:17.601-0700][2914ms] GC(7) Concurrent Mark From Roots 7.493ms
[2024-09-25T14:33:17.602-0700][2915ms] GC(7) Concurrent Preclean
[2024-09-25T14:33:17.602-0700][2915ms] GC(7) Concurrent Preclean 0.186ms
[2024-09-25T14:33:17.602-0700][2915ms] GC(7) Concurrent Mark (2.906s, 2.914s) 7.801ms
[2024-09-25T14:33:17.602-0700][2915ms] GC(7) Pause Remark
[2024-09-25T14:33:17.605-0700][2918ms] GC(7) Cleaned string and symbol table, strings: 25851 processed, 1 removed, symbols: 153811 processed, 128 removed
[2024-09-25T14:33:17.606-0700][2919ms] GC(7) Pause Remark 35M->35M(604M) 3.681ms
[2024-09-25T14:33:17.606-0700][2919ms] GC(7) User=0.02s Sys=0.00s Real=0.00s
[2024-09-25T14:33:17.606-0700][2919ms] GC(7) Concurrent Rebuild Remembered Sets
[2024-09-25T14:33:17.609-0700][2922ms] GC(7) Concurrent Rebuild Remembered Sets 3.600ms
[2024-09-25T14:33:17.610-0700][2923ms] GC(7) Pause Cleanup
[2024-09-25T14:33:17.610-0700][2923ms] GC(7) Pause Cleanup 35M->35M(604M) 0.128ms
[2024-09-25T14:33:17.610-0700][2923ms] GC(7) User=0.00s Sys=0.00s Real=0.00s
[2024-09-25T14:33:17.610-0700][2923ms] GC(7) Concurrent Cleanup for Next Mark
[2024-09-25T14:33:17.611-0700][2924ms] GC(7) Concurrent Cleanup for Next Mark 0.989ms
[2024-09-25T14:33:17.611-0700][2924ms] GC(7) Concurrent Cycle 24.608ms
[2024-09-25T14:33:18.797-0700][4110ms] GC(8) Pause Young (Normal) (G1 Evacuation Pause)
[2024-09-25T14:33:18.797-0700][4110ms] GC(8) Using 10 workers of 10 for evacuation
[2024-09-25T14:33:18.822-0700][4135ms] GC(8)   Pre Evacuate Collection Set: 0.0ms
[2024-09-25T14:33:18.822-0700][4135ms] GC(8)   Evacuate Collection Set: 21.7ms
[2024-09-25T14:33:18.822-0700][4135ms] GC(8)   Post Evacuate Collection Set: 2.7ms
[2024-09-25T14:33:18.822-0700][4135ms] GC(8)   Other: 0.3ms
[2024-09-25T14:33:18.822-0700][4135ms] GC(8) Eden regions: 124->0(156)
[2024-09-25T14:33:18.822-0700][4135ms] GC(8) Survivor regions: 14->18(18)
[2024-09-25T14:33:18.822-0700][4135ms] GC(8) Old regions: 4->19
[2024-09-25T14:33:18.822-0700][4135ms] GC(8) Humongous regions: 3->3
[2024-09-25T14:33:18.822-0700][4135ms] GC(8) Metaspace: 71238K->71238K(1118208K)
[2024-09-25T14:33:18.822-0700][4135ms] GC(8) Pause Young (Normal) (G1 Evacuation Pause) 289M->78M(604M) 24.871ms
[2024-09-25T14:33:18.822-0700][4135ms] GC(8) User=0.11s Sys=0.00s Real=0.03s
[2024-09-25T14:33:18.831-0700][4144ms] GC(9) Pause Young (Normal) (G1 Evacuation Pause)
[2024-09-25T14:33:18.831-0700][4144ms] GC(9) Using 10 workers of 10 for evacuation
[2024-09-25T14:33:18.847-0700][4160ms] GC(9)   Pre Evacuate Collection Set: 0.0ms
[2024-09-25T14:33:18.847-0700][4160ms] GC(9)   Evacuate Collection Set: 13.1ms
[2024-09-25T14:33:18.847-0700][4160ms] GC(9)   Post Evacuate Collection Set: 2.4ms
[2024-09-25T14:33:18.847-0700][4160ms] GC(9)   Other: 0.2ms
[2024-09-25T14:33:18.847-0700][4160ms] GC(9) Eden regions: 1->0(62)
[2024-09-25T14:33:18.847-0700][4160ms] GC(9) Survivor regions: 18->3(3)
[2024-09-25T14:33:18.847-0700][4160ms] GC(9) Old regions: 19->37
[2024-09-25T14:33:18.847-0700][4160ms] GC(9) Humongous regions: 3->3
[2024-09-25T14:33:18.847-0700][4160ms] GC(9) Metaspace: 71238K->71238K(1118208K)
[2024-09-25T14:33:18.847-0700][4160ms] GC(9) Pause Young (Normal) (G1 Evacuation Pause) 80M->84M(604M) 15.784ms
[2024-09-25T14:33:18.847-0700][4160ms] GC(9) User=0.02s Sys=0.00s Real=0.02s
[2024-09-25T14:33:19.236-0700][4549ms] GC(10) Pause Young (Normal) (G1 Evacuation Pause)
[2024-09-25T14:33:19.236-0700][4549ms] GC(10) Using 10 workers of 10 for evacuation
[2024-09-25T14:33:19.243-0700][4556ms] GC(10)   Pre Evacuate Collection Set: 0.0ms
[2024-09-25T14:33:19.243-0700][4556ms] GC(10)   Evacuate Collection Set: 4.9ms
[2024-09-25T14:33:19.243-0700][4556ms] GC(10)   Post Evacuate Collection Set: 1.3ms
[2024-09-25T14:33:19.243-0700][4556ms] GC(10)   Other: 0.2ms
[2024-09-25T14:33:19.243-0700][4556ms] GC(10) Eden regions: 62->0(96)
[2024-09-25T14:33:19.243-0700][4556ms] GC(10) Survivor regions: 3->4(9)
[2024-09-25T14:33:19.243-0700][4556ms] GC(10) Old regions: 37->37
[2024-09-25T14:33:19.243-0700][4556ms] GC(10) Humongous regions: 3->3
[2024-09-25T14:33:19.243-0700][4556ms] GC(10) Metaspace: 71309K->71309K(1118208K)
[2024-09-25T14:33:19.243-0700][4556ms] GC(10) Pause Young (Normal) (G1 Evacuation Pause) 208M->86M(604M) 6.608ms
[2024-09-25T14:33:19.243-0700][4556ms] GC(10) User=0.02s Sys=0.00s Real=0.01s
[2024-09-25T14:33:19.790-0700][5103ms] GC(11) Pause Young (Normal) (G1 Evacuation Pause)
[2024-09-25T14:33:19.790-0700][5103ms] GC(11) Using 10 workers of 10 for evacuation
[2024-09-25T14:33:19.804-0700][5117ms] GC(11)   Pre Evacuate Collection Set: 0.0ms
[2024-09-25T14:33:19.804-0700][5117ms] GC(11)   Evacuate Collection Set: 9.7ms
[2024-09-25T14:33:19.804-0700][5117ms] GC(11)   Post Evacuate Collection Set: 4.1ms
[2024-09-25T14:33:19.804-0700][5117ms] GC(11)   Other: 0.2ms
[2024-09-25T14:33:19.804-0700][5117ms] GC(11) Eden regions: 96->0(153)
[2024-09-25T14:33:19.804-0700][5117ms] GC(11) Survivor regions: 4->9(13)
[2024-09-25T14:33:19.804-0700][5117ms] GC(11) Old regions: 37->37
[2024-09-25T14:33:19.804-0700][5117ms] GC(11) Humongous regions: 3->3
[2024-09-25T14:33:19.804-0700][5117ms] GC(11) Metaspace: 72536K->72536K(1118208K)
[2024-09-25T14:33:19.804-0700][5117ms] GC(11) Pause Young (Normal) (G1 Evacuation Pause) 278M->96M(810M) 14.180ms
[2024-09-25T14:33:19.804-0700][5117ms] GC(11) User=0.00s Sys=0.00s Real=0.01s
[2024-09-25T14:33:20.734-0700][6047ms] GC(12) Pause Young (Normal) (G1 Evacuation Pause)
[2024-09-25T14:33:20.734-0700][6047ms] GC(12) Using 10 workers of 10 for evacuation
[2024-09-25T14:33:20.754-0700][6067ms] GC(12)   Pre Evacuate Collection Set: 0.0ms
[2024-09-25T14:33:20.755-0700][6068ms] GC(12)   Evacuate Collection Set: 19.4ms
[2024-09-25T14:33:20.755-0700][6068ms] GC(12)   Post Evacuate Collection Set: 1.0ms
[2024-09-25T14:33:20.755-0700][6068ms] GC(12)   Other: 0.2ms
[2024-09-25T14:33:20.755-0700][6068ms] GC(12) Eden regions: 153->0(197)
[2024-09-25T14:33:20.755-0700][6068ms] GC(12) Survivor regions: 9->20(21)
[2024-09-25T14:33:20.755-0700][6068ms] GC(12) Old regions: 37->37
[2024-09-25T14:33:20.755-0700][6068ms] GC(12) Humongous regions: 5->5
[2024-09-25T14:33:20.755-0700][6068ms] GC(12) Metaspace: 73397K->73397K(1120256K)
[2024-09-25T14:33:20.755-0700][6068ms] GC(12) Pause Young (Normal) (G1 Evacuation Pause) 406M->123M(810M) 20.844ms
[2024-09-25T14:33:20.755-0700][6068ms] GC(12) User=0.11s Sys=0.00s Real=0.02s
[2024-09-25T14:33:21.325-0700][6638ms] GC(13) Pause Young (Normal) (G1 Evacuation Pause)
[2024-09-25T14:33:21.325-0700][6638ms] GC(13) Using 10 workers of 10 for evacuation
[2024-09-25T14:33:21.352-0700][6665ms] GC(13)   Pre Evacuate Collection Set: 0.0ms
[2024-09-25T14:33:21.352-0700][6665ms] GC(13)   Evacuate Collection Set: 25.9ms
[2024-09-25T14:33:21.352-0700][6665ms] GC(13)   Post Evacuate Collection Set: 1.0ms
[2024-09-25T14:33:21.352-0700][6665ms] GC(13)   Other: 0.3ms
[2024-09-25T14:33:21.352-0700][6665ms] GC(13) Eden regions: 36->0(190)
[2024-09-25T14:33:21.352-0700][6665ms] GC(13) Survivor regions: 20->7(7)
[2024-09-25T14:33:21.352-0700][6665ms] GC(13) Old regions: 37->56
[2024-09-25T14:33:21.352-0700][6665ms] GC(13) Humongous regions: 6->6
[2024-09-25T14:33:21.352-0700][6665ms] GC(13) Metaspace: 73402K->73402K(1120256K)
[2024-09-25T14:33:21.352-0700][6665ms] GC(13) Pause Young (Normal) (G1 Evacuation Pause) 197M->137M(810M) 27.263ms
[2024-09-25T14:33:21.352-0700][6665ms] GC(13) User=0.11s Sys=0.02s Real=0.03s
[2024-09-25T14:33:22.042-0700][7355ms] GC(14) Pause Young (Normal) (G1 Evacuation Pause)
[2024-09-25T14:33:22.042-0700][7355ms] GC(14) Using 10 workers of 10 for evacuation
[2024-09-25T14:33:22.058-0700][7371ms] GC(14)   Pre Evacuate Collection Set: 0.0ms
[2024-09-25T14:33:22.058-0700][7371ms] GC(14)   Evacuate Collection Set: 15.8ms
[2024-09-25T14:33:22.058-0700][7371ms] GC(14)   Post Evacuate Collection Set: 1.1ms
[2024-09-25T14:33:22.058-0700][7371ms] GC(14)   Other: 0.2ms
[2024-09-25T14:33:22.058-0700][7371ms] GC(14) Eden regions: 70->0(186)
[2024-09-25T14:33:22.058-0700][7371ms] GC(14) Survivor regions: 7->6(10)
[2024-09-25T14:33:22.058-0700][7371ms] GC(14) Old regions: 56->63
[2024-09-25T14:33:22.058-0700][7371ms] GC(14) Humongous regions: 8->8
[2024-09-25T14:33:22.058-0700][7371ms] GC(14) Metaspace: 73409K->73409K(1120256K)
[2024-09-25T14:33:22.059-0700][7372ms] GC(14) Pause Young (Normal) (G1 Evacuation Pause) 281M->153M(810M) 17.253ms
[2024-09-25T14:33:22.059-0700][7372ms] GC(14) User=0.03s Sys=0.00s Real=0.02s
[2024-09-25T14:33:22.884-0700][8197ms] GC(15) Pause Young (Normal) (G1 Evacuation Pause)
[2024-09-25T14:33:22.884-0700][8197ms] GC(15) Using 10 workers of 10 for evacuation
[2024-09-25T14:33:22.911-0700][8224ms] GC(15)   Pre Evacuate Collection Set: 0.0ms
[2024-09-25T14:33:22.911-0700][8224ms] GC(15)   Evacuate Collection Set: 19.4ms
[2024-09-25T14:33:22.911-0700][8224ms] GC(15)   Post Evacuate Collection Set: 4.4ms
[2024-09-25T14:33:22.911-0700][8224ms] GC(15)   Other: 0.3ms
[2024-09-25T14:33:22.911-0700][8224ms] GC(15) Eden regions: 156->0(191)
[2024-09-25T14:33:22.911-0700][8224ms] GC(15) Survivor regions: 6->14(21)
[2024-09-25T14:33:22.911-0700][8224ms] GC(15) Old regions: 63->63
[2024-09-25T14:33:22.911-0700][8224ms] GC(15) Humongous regions: 10->10
[2024-09-25T14:33:22.911-0700][8224ms] GC(15) Metaspace: 73420K->73420K(1120256K)
[2024-09-25T14:33:22.911-0700][8224ms] GC(15) Pause Young (Normal) (G1 Evacuation Pause) 469M->172M(992M) 24.151ms
[2024-09-25T14:33:22.911-0700][8224ms] GC(15) User=0.13s Sys=0.00s Real=0.03s
[2024-09-25T14:33:23.856-0700][9169ms] GC(16) Pause Young (Normal) (G1 Evacuation Pause)
[2024-09-25T14:33:23.856-0700][9169ms] GC(16) Using 10 workers of 10 for evacuation
[2024-09-25T14:33:23.880-0700][9193ms] GC(16)   Pre Evacuate Collection Set: 0.0ms
[2024-09-25T14:33:23.880-0700][9193ms] GC(16)   Evacuate Collection Set: 23.8ms
[2024-09-25T14:33:23.880-0700][9193ms] GC(16)   Post Evacuate Collection Set: 1.0ms
[2024-09-25T14:33:23.880-0700][9193ms] GC(16)   Other: 0.2ms
[2024-09-25T14:33:23.880-0700][9193ms] GC(16) Eden regions: 140->0(208)
[2024-09-25T14:33:23.880-0700][9193ms] GC(16) Survivor regions: 14->17(20)
[2024-09-25T14:33:23.880-0700][9193ms] GC(16) Old regions: 63->69
[2024-09-25T14:33:23.880-0700][9193ms] GC(16) Humongous regions: 10->10
[2024-09-25T14:33:23.880-0700][9193ms] GC(16) Metaspace: 73422K->73422K(1120256K)
[2024-09-25T14:33:23.880-0700][9193ms] GC(16) Pause Young (Normal) (G1 Evacuation Pause) 452M->188M(992M) 25.139ms
[2024-09-25T14:33:23.880-0700][9193ms] GC(16) User=0.13s Sys=0.00s Real=0.02s
[2024-09-25T14:33:26.133-0700][11446ms] GC(17) Pause Young (Concurrent Start) (Metadata GC Threshold)
[2024-09-25T14:33:26.133-0700][11446ms] GC(17) Using 10 workers of 10 for evacuation
[2024-09-25T14:33:26.187-0700][11500ms] GC(17)   Pre Evacuate Collection Set: 0.2ms
[2024-09-25T14:33:26.187-0700][11500ms] GC(17)   Evacuate Collection Set: 50.7ms
[2024-09-25T14:33:26.187-0700][11500ms] GC(17)   Post Evacuate Collection Set: 2.0ms
[2024-09-25T14:33:26.187-0700][11500ms] GC(17)   Other: 0.4ms
[2024-09-25T14:33:26.187-0700][11500ms] GC(17) Eden regions: 193->0(230)
[2024-09-25T14:33:26.187-0700][11500ms] GC(17) Survivor regions: 17->27(27)
[2024-09-25T14:33:26.187-0700][11500ms] GC(17) Old regions: 69->92
[2024-09-25T14:33:26.187-0700][11500ms] GC(17) Humongous regions: 14->14
[2024-09-25T14:33:26.187-0700][11500ms] GC(17) Metaspace: 90774K->90774K(1134592K)
[2024-09-25T14:33:26.187-0700][11500ms] GC(17) Pause Young (Concurrent Start) (Metadata GC Threshold) 582M->264M(992M) 53.455ms
[2024-09-25T14:33:26.188-0700][11501ms] GC(17) User=0.30s Sys=0.02s Real=0.06s
[2024-09-25T14:33:26.188-0700][11501ms] GC(18) Concurrent Cycle
[2024-09-25T14:33:26.188-0700][11501ms] GC(18) Concurrent Clear Claimed Marks
[2024-09-25T14:33:26.188-0700][11501ms] GC(18) Concurrent Clear Claimed Marks 0.203ms
[2024-09-25T14:33:26.188-0700][11501ms] GC(18) Concurrent Scan Root Regions
[2024-09-25T14:33:26.206-0700][11519ms] GC(18) Concurrent Scan Root Regions 18.267ms
[2024-09-25T14:33:26.206-0700][11519ms] GC(18) Concurrent Mark (11.519s)
[2024-09-25T14:33:26.206-0700][11519ms] GC(18) Concurrent Mark From Roots
[2024-09-25T14:33:26.206-0700][11519ms] GC(18) Using 3 workers of 3 for marking
[2024-09-25T14:33:26.342-0700][11655ms] GC(18) Concurrent Mark From Roots 135.613ms
[2024-09-25T14:33:26.342-0700][11655ms] GC(18) Concurrent Preclean
[2024-09-25T14:33:26.343-0700][11656ms] GC(18) Concurrent Preclean 0.486ms
[2024-09-25T14:33:26.343-0700][11656ms] GC(18) Concurrent Mark (11.519s, 11.655s) 136.204ms
[2024-09-25T14:33:26.343-0700][11656ms] GC(18) Pause Remark
[2024-09-25T14:33:26.349-0700][11662ms] GC(18) Cleaned string and symbol table, strings: 41146 processed, 155 removed, symbols: 257635 processed, 147 removed
[2024-09-25T14:33:26.349-0700][11662ms] GC(18) Pause Remark 278M->258M(992M) 6.707ms
[2024-09-25T14:33:26.349-0700][11662ms] GC(18) User=0.00s Sys=0.00s Real=0.01s
[2024-09-25T14:33:26.349-0700][11662ms] GC(18) Concurrent Rebuild Remembered Sets
[2024-09-25T14:33:26.441-0700][11754ms] GC(18) Concurrent Rebuild Remembered Sets 91.893ms
[2024-09-25T14:33:26.442-0700][11755ms] GC(18) Pause Cleanup
[2024-09-25T14:33:26.442-0700][11755ms] GC(18) Pause Cleanup 265M->265M(992M) 0.188ms
[2024-09-25T14:33:26.442-0700][11755ms] GC(18) User=0.00s Sys=0.00s Real=0.00s
[2024-09-25T14:33:26.442-0700][11755ms] GC(18) Concurrent Cleanup for Next Mark
[2024-09-25T14:33:26.443-0700][11756ms] GC(18) Concurrent Cleanup for Next Mark 1.241ms
[2024-09-25T14:33:26.443-0700][11756ms] GC(18) Concurrent Cycle 255.568ms
[2024-09-25T14:33:30.273-0700][15586ms] GC(19) Pause Young (Concurrent Start) (G1 Evacuation Pause)
[2024-09-25T14:33:30.273-0700][15586ms] GC(19) Using 10 workers of 10 for evacuation
[2024-09-25T14:33:30.342-0700][15655ms] GC(19)   Pre Evacuate Collection Set: 0.2ms
[2024-09-25T14:33:30.342-0700][15655ms] GC(19)   Evacuate Collection Set: 65.9ms
[2024-09-25T14:33:30.342-0700][15655ms] GC(19)   Post Evacuate Collection Set: 2.7ms
[2024-09-25T14:33:30.342-0700][15655ms] GC(19)   Other: 0.3ms
[2024-09-25T14:33:30.342-0700][15655ms] GC(19) Eden regions: 230->0(217)
[2024-09-25T14:33:30.342-0700][15655ms] GC(19) Survivor regions: 27->21(33)
[2024-09-25T14:33:30.342-0700][15655ms] GC(19) Old regions: 91->119
[2024-09-25T14:33:30.342-0700][15655ms] GC(19) Humongous regions: 5->5
[2024-09-25T14:33:30.342-0700][15655ms] GC(19) Metaspace: 152208K->152208K(1191936K)
[2024-09-25T14:33:30.342-0700][15655ms] GC(19) Pause Young (Concurrent Start) (G1 Evacuation Pause) 704M->287M(992M) 69.153ms
[2024-09-25T14:33:30.342-0700][15655ms] GC(19) User=0.17s Sys=0.00s Real=0.07s
[2024-09-25T14:33:30.343-0700][15656ms] GC(20) Concurrent Cycle
[2024-09-25T14:33:30.343-0700][15656ms] GC(20) Concurrent Clear Claimed Marks
[2024-09-25T14:33:30.343-0700][15656ms] GC(20) Concurrent Clear Claimed Marks 0.202ms
[2024-09-25T14:33:30.343-0700][15656ms] GC(20) Concurrent Scan Root Regions
[2024-09-25T14:33:30.350-0700][15663ms] GC(20) Concurrent Scan Root Regions 7.589ms
[2024-09-25T14:33:30.350-0700][15663ms] GC(20) Concurrent Mark (15.663s)
[2024-09-25T14:33:30.350-0700][15663ms] GC(20) Concurrent Mark From Roots
[2024-09-25T14:33:30.350-0700][15663ms] GC(20) Using 3 workers of 3 for marking
[2024-09-25T14:33:30.469-0700][15782ms] GC(20) Concurrent Mark From Roots 118.718ms
[2024-09-25T14:33:30.469-0700][15782ms] GC(20) Concurrent Preclean
[2024-09-25T14:33:30.470-0700][15783ms] GC(20) Concurrent Preclean 0.328ms
[2024-09-25T14:33:30.470-0700][15783ms] GC(20) Concurrent Mark (15.663s, 15.782s) 119.161ms
[2024-09-25T14:33:30.470-0700][15783ms] GC(20) Pause Remark
[2024-09-25T14:33:30.485-0700][15798ms] GC(20) Cleaned string and symbol table, strings: 52518 processed, 0 removed, symbols: 431145 processed, 79 removed
[2024-09-25T14:33:30.486-0700][15799ms] GC(20) Pause Remark 299M->299M(992M) 15.998ms
[2024-09-25T14:33:30.486-0700][15799ms] GC(20) User=0.11s Sys=0.00s Real=0.02s
[2024-09-25T14:33:30.486-0700][15799ms] GC(20) Concurrent Rebuild Remembered Sets
[2024-09-25T14:33:30.554-0700][15867ms] GC(20) Concurrent Rebuild Remembered Sets 68.473ms
[2024-09-25T14:33:30.555-0700][15868ms] GC(20) Pause Cleanup
[2024-09-25T14:33:30.555-0700][15868ms] GC(20) Pause Cleanup 306M->306M(992M) 0.148ms
[2024-09-25T14:33:30.555-0700][15868ms] GC(20) User=0.00s Sys=0.00s Real=0.00s
[2024-09-25T14:33:30.555-0700][15868ms] GC(20) Concurrent Cleanup for Next Mark
[2024-09-25T14:33:30.555-0700][15868ms] GC(20) Concurrent Cleanup for Next Mark 0.827ms
[2024-09-25T14:33:30.555-0700][15868ms] GC(20) Concurrent Cycle 213.881ms
[2024-09-25T14:34:09.674-0700][54987ms] GC(21) Pause Young (Normal) (G1 Evacuation Pause)
[2024-09-25T14:34:09.674-0700][54987ms] GC(21) Using 10 workers of 10 for evacuation
[2024-09-25T14:34:09.697-0700][55010ms] GC(21)   Pre Evacuate Collection Set: 0.0ms
[2024-09-25T14:34:09.697-0700][55010ms] GC(21)   Evacuate Collection Set: 14.4ms
[2024-09-25T14:34:09.697-0700][55010ms] GC(21)   Post Evacuate Collection Set: 8.6ms
[2024-09-25T14:34:09.697-0700][55010ms] GC(21)   Other: 0.3ms
[2024-09-25T14:34:09.697-0700][55010ms] GC(21) Eden regions: 217->0(277)
[2024-09-25T14:34:09.697-0700][55010ms] GC(21) Survivor regions: 21->13(30)
[2024-09-25T14:34:09.697-0700][55010ms] GC(21) Old regions: 119->133
[2024-09-25T14:34:09.697-0700][55010ms] GC(21) Humongous regions: 5->5
[2024-09-25T14:34:09.697-0700][55010ms] GC(21) Metaspace: 223900K->223900K(1259520K)
[2024-09-25T14:34:09.697-0700][55010ms] GC(21) Pause Young (Normal) (G1 Evacuation Pause) 721M->301M(1358M) 23.412ms
[2024-09-25T14:34:09.697-0700][55010ms] GC(21) User=0.02s Sys=0.00s Real=0.02s
[2024-09-25T14:34:50.544-0700][95857ms] GC(22) Pause Young (Normal) (G1 Evacuation Pause)
[2024-09-25T14:34:50.544-0700][95857ms] GC(22) Using 10 workers of 10 for evacuation
[2024-09-25T14:34:50.572-0700][95885ms] GC(22)   Pre Evacuate Collection Set: 0.0ms
[2024-09-25T14:34:50.573-0700][95886ms] GC(22)   Evacuate Collection Set: 23.7ms
[2024-09-25T14:34:50.573-0700][95886ms] GC(22)   Post Evacuate Collection Set: 4.8ms
[2024-09-25T14:34:50.573-0700][95886ms] GC(22)   Other: 0.4ms
[2024-09-25T14:34:50.573-0700][95886ms] GC(22) Eden regions: 277->0(344)
[2024-09-25T14:34:50.573-0700][95886ms] GC(22) Survivor regions: 13->32(37)
[2024-09-25T14:34:50.573-0700][95886ms] GC(22) Old regions: 133->133
[2024-09-25T14:34:50.573-0700][95886ms] GC(22) Humongous regions: 5->5
[2024-09-25T14:34:50.573-0700][95886ms] GC(22) Metaspace: 237008K->237008K(1271808K)
[2024-09-25T14:34:50.573-0700][95886ms] GC(22) Pause Young (Normal) (G1 Evacuation Pause) 855M->338M(1358M) 28.989ms
[2024-09-25T14:34:50.573-0700][95886ms] GC(22) User=0.16s Sys=0.00s Real=0.03s
[2024-09-25T14:44:37.352-0700][682665ms] GC(23) Pause Young (Normal) (G1 Evacuation Pause)
[2024-09-25T14:44:37.352-0700][682665ms] GC(23) Using 10 workers of 10 for evacuation
[2024-09-25T14:44:37.375-0700][682688ms] GC(23)   Pre Evacuate Collection Set: 0.0ms
[2024-09-25T14:44:37.375-0700][682688ms] GC(23)   Evacuate Collection Set: 19.9ms
[2024-09-25T14:44:37.375-0700][682688ms] GC(23)   Post Evacuate Collection Set: 3.6ms
[2024-09-25T14:44:37.375-0700][682688ms] GC(23)   Other: 0.3ms
[2024-09-25T14:44:37.375-0700][682688ms] GC(23) Eden regions: 344->0(368)
[2024-09-25T14:44:37.375-0700][682688ms] GC(23) Survivor regions: 32->24(47)
[2024-09-25T14:44:37.375-0700][682688ms] GC(23) Old regions: 133->144
[2024-09-25T14:44:37.375-0700][682688ms] GC(23) Humongous regions: 5->5
[2024-09-25T14:44:37.375-0700][682688ms] GC(23) Metaspace: 239738K->239738K(1275904K)
[2024-09-25T14:44:37.375-0700][682688ms] GC(23) Pause Young (Normal) (G1 Evacuation Pause) 1026M->344M(1358M) 23.951ms
[2024-09-25T14:44:37.375-0700][682688ms] GC(23) User=0.08s Sys=0.00s Real=0.02s
[2024-09-25T14:45:56.925-0700][762238ms] GC(24) Pause Young (Normal) (G1 Evacuation Pause)
[2024-09-25T14:45:56.925-0700][762238ms] GC(24) Using 10 workers of 10 for evacuation
[2024-09-25T14:45:56.943-0700][762256ms] GC(24)   Pre Evacuate Collection Set: 0.0ms
[2024-09-25T14:45:56.943-0700][762256ms] GC(24)   Evacuate Collection Set: 15.0ms
[2024-09-25T14:45:56.943-0700][762256ms] GC(24)   Post Evacuate Collection Set: 3.0ms
[2024-09-25T14:45:56.943-0700][762256ms] GC(24)   Other: 0.3ms
[2024-09-25T14:45:56.943-0700][762256ms] GC(24) Eden regions: 368->0(373)
[2024-09-25T14:45:56.943-0700][762256ms] GC(24) Survivor regions: 24->25(49)
[2024-09-25T14:45:56.943-0700][762256ms] GC(24) Old regions: 144->144
[2024-09-25T14:45:56.943-0700][762256ms] GC(24) Humongous regions: 5->5
[2024-09-25T14:45:56.943-0700][762256ms] GC(24) Metaspace: 241221K->241221K(1277952K)
[2024-09-25T14:45:56.943-0700][762256ms] GC(24) Pause Young (Normal) (G1 Evacuation Pause) 1080M->346M(1358M) 18.483ms
[2024-09-25T14:45:56.943-0700][762256ms] GC(24) User=0.03s Sys=0.00s Real=0.02s
[2024-09-25T14:47:26.821-0700][852134ms] GC(25) Pause Young (Normal) (G1 Evacuation Pause)
[2024-09-25T14:47:26.821-0700][852134ms] GC(25) Using 10 workers of 10 for evacuation
[2024-09-25T14:47:26.839-0700][852154ms] GC(25)   Pre Evacuate Collection Set: 0.1ms
[2024-09-25T14:47:26.841-0700][852154ms] GC(25)   Evacuate Collection Set: 14.9ms
[2024-09-25T14:47:26.841-0700][852154ms] GC(25)   Post Evacuate Collection Set: 3.6ms
[2024-09-25T14:47:26.841-0700][852154ms] GC(25)   Other: 0.3ms
[2024-09-25T14:47:26.841-0700][852154ms] GC(25) Eden regions: 373->0(380)
[2024-09-25T14:47:26.841-0700][852154ms] GC(25) Survivor regions: 25->27(50)
[2024-09-25T14:47:26.841-0700][852154ms] GC(25) Old regions: 144->144
[2024-09-25T14:47:26.841-0700][852154ms] GC(25) Humongous regions: 5->5
[2024-09-25T14:47:26.841-0700][852154ms] GC(25) Metaspace: 243294K->243294K(1280000K)
[2024-09-25T14:47:26.841-0700][852154ms] GC(25) Pause Young (Normal) (G1 Evacuation Pause) 1092M->349M(1358M) 19.008ms
[2024-09-25T14:47:26.841-0700][852154ms] GC(25) User=0.02s Sys=0.00s Real=0.02s
[2024-09-25T15:06:04.953-0700][1970266ms] Heap
[2024-09-25T15:06:04.953-0700][1970266ms]  garbage-first heap   total 1390592K, used 882061K [0x000000060ae00000, 0x0000000800000000)
[2024-09-25T15:06:04.953-0700][1970266ms]   region size 2048K, 284 young (581632K), 27 survivors (55296K)
[2024-09-25T15:06:04.953-0700][1970266ms]  Metaspace       used 245308K, capacity 262662K, committed 262904K, reserved 1282048K
[2024-09-25T15:06:04.953-0700][1970266ms]   class space    used 24939K, capacity 30366K, committed 30464K, reserved 1048576K
